[0.003s][info][gc] Using Serial
[0.006s][info][gc,init] Version: 17.0.11-internal+0-adhoc.ycchang.TencentKona-17 (release)
[0.006s][info][gc,init] CPUs: 192 total, 12 available
[0.006s][info][gc,init] Memory: 503G
[0.006s][info][gc,init] Large Page Support: Disabled
[0.007s][info][gc,init] NUMA Support: Disabled
[0.007s][info][gc,init] Compressed Oops: Enabled (Zero based)
[0.007s][info][gc,init] Heap Min Capacity: 4G
[0.007s][info][gc,init] Heap Initial Capacity: 4G
[0.007s][info][gc,init] Heap Max Capacity: 4G
[0.007s][info][gc,init] Pre-touch: Disabled
[0.007s][info][gc,metaspace] CDS archive(s) not mapped
[0.007s][info][gc,metaspace] Compressed class space mapped at: 0x0000000800000000-0x0000000840000000, reserved size: 1073741824
[0.007s][info][gc,metaspace] Narrow klass base: 0x0000000800000000, Narrow klass shift: 0, Narrow klass range: 0x40000000
[0.760s][info][gc,start    ] GC(0) Pause Young (Allocation Failure)
[1.475s][info][gc,heap     ] GC(0) DefNew: 1118528K(1258304K)->139776K(1258304K) Eden: 1118528K(1118528K)->0K(1118528K) From: 0K(139776K)->139776K(139776K)
[1.475s][info][gc,heap     ] GC(0) Tenured: 0K(2796224K)->908740K(2796224K)
[1.475s][info][gc,metaspace] GC(0) Metaspace: 10443K(10688K)->10443K(10688K) NonClass: 9424K(9536K)->9424K(9536K) Class: 1019K(1152K)->1019K(1152K)
[1.475s][info][gc          ] GC(0) Pause Young (Allocation Failure) 1092M->1023M(3959M) 714.884ms
[1.475s][info][gc,cpu      ] GC(0) User=0.24s Sys=0.48s Real=0.72s
[1.631s][info][gc,start    ] GC(1) Pause Young (Allocation Failure)
[2.469s][info][gc,heap     ] GC(1) DefNew: 1258304K(1258304K)->139775K(1258304K) Eden: 1118528K(1118528K)->0K(1118528K) From: 139776K(139776K)->139775K(139776K)
[2.469s][info][gc,heap     ] GC(1) Tenured: 908740K(2796224K)->2019409K(2796224K)
[2.469s][info][gc,metaspace] GC(1) Metaspace: 10443K(10688K)->10443K(10688K) NonClass: 9424K(9536K)->9424K(9536K) Class: 1019K(1152K)->1019K(1152K)
[2.469s][info][gc          ] GC(1) Pause Young (Allocation Failure) 2116M->2108M(3959M) 838.371ms
[2.469s][info][gc,cpu      ] GC(1) User=0.26s Sys=0.58s Real=0.84s
[2.702s][info][gc,start    ] GC(2) Pause Young (Allocation Failure)
[2.702s][info][gc          ] GC(2) Pause Young (Allocation Failure) 3200M->3200M(3959M) 0.089ms
[2.702s][info][gc,cpu      ] GC(2) User=0.00s Sys=0.00s Real=0.00s
[2.702s][info][gc,start    ] GC(3) Pause Full (Allocation Failure)
[2.702s][info][gc,phases,start] GC(3) Phase 1: Mark live objects
[2.858s][info][gc,phases      ] GC(3) Phase 1: Mark live objects 155.932ms
[2.858s][info][gc,phases,start] GC(3) Phase 2: Compute new object addresses
[2.973s][info][gc,phases      ] GC(3) Phase 2: Compute new object addresses 115.578ms
[2.973s][info][gc,phases,start] GC(3) Phase 3: Adjust pointers
[3.136s][info][gc,phases      ] GC(3) Phase 3: Adjust pointers 162.494ms
[3.136s][info][gc,phases,start] GC(3) Phase 4: Move objects
[3.598s][info][gc,phases      ] GC(3) Phase 4: Move objects 462.479ms
[3.599s][info][gc,heap        ] GC(3) DefNew: 1258303K(1258304K)->463137K(1258304K) Eden: 1118528K(1118528K)->463137K(1118528K) From: 139775K(139776K)->0K(139776K)
[3.599s][info][gc,heap        ] GC(3) Tenured: 2019409K(2796224K)->2796220K(2796224K)
[3.599s][info][gc,metaspace   ] GC(3) Metaspace: 10443K(10688K)->10443K(10688K) NonClass: 9424K(9536K)->9424K(9536K) Class: 1019K(1152K)->1019K(1152K)
[3.599s][info][gc             ] GC(3) Pause Full (Allocation Failure) 3200M->3182M(3959M) 897.273ms
[3.599s][info][gc,cpu         ] GC(3) User=0.53s Sys=0.37s Real=0.90s
[4.041s][info][gc,start       ] GC(4) Pause Full (Allocation Failure)
[4.041s][info][gc,phases,start] GC(4) Phase 1: Mark live objects
[4.211s][info][gc,phases      ] GC(4) Phase 1: Mark live objects 169.877ms
[4.211s][info][gc,phases,start] GC(4) Phase 2: Compute new object addresses
[4.355s][info][gc,phases      ] GC(4) Phase 2: Compute new object addresses 143.862ms
[4.355s][info][gc,phases,start] GC(4) Phase 3: Adjust pointers
[4.517s][info][gc,phases      ] GC(4) Phase 3: Adjust pointers 161.920ms
[4.517s][info][gc,phases,start] GC(4) Phase 4: Move objects
[4.796s][info][gc,phases      ] GC(4) Phase 4: Move objects 278.811ms
[4.796s][info][gc,heap        ] GC(4) DefNew: 1258303K(1258304K)->654477K(1258304K) Eden: 1118528K(1118528K)->654477K(1118528K) From: 139775K(139776K)->0K(139776K)
[4.796s][info][gc,heap        ] GC(4) Tenured: 2796220K(2796224K)->2796222K(2796224K)
[4.796s][info][gc,metaspace   ] GC(4) Metaspace: 10443K(10688K)->10443K(10688K) NonClass: 9424K(9536K)->9424K(9536K) Class: 1019K(1152K)->1019K(1152K)
[4.796s][info][gc             ] GC(4) Pause Full (Allocation Failure) 3959M->3369M(3959M) 755.186ms
[4.796s][info][gc,cpu         ] GC(4) User=0.76s Sys=0.00s Real=0.76s
[5.161s][info][gc,start       ] GC(5) Pause Full (Allocation Failure)
[5.161s][info][gc,phases,start] GC(5) Phase 1: Mark live objects
[5.333s][info][gc,phases      ] GC(5) Phase 1: Mark live objects 171.480ms
[5.333s][info][gc,phases,start] GC(5) Phase 2: Compute new object addresses
[5.467s][info][gc,phases      ] GC(5) Phase 2: Compute new object addresses 134.083ms
[5.467s][info][gc,phases,start] GC(5) Phase 3: Adjust pointers
[5.608s][info][gc,phases      ] GC(5) Phase 3: Adjust pointers 141.377ms
[5.608s][info][gc,phases,start] GC(5) Phase 4: Move objects
[5.901s][info][gc,phases      ] GC(5) Phase 4: Move objects 292.667ms
[5.901s][info][gc,heap        ] GC(5) DefNew: 1258301K(1258304K)->654481K(1258304K) Eden: 1118528K(1118528K)->654481K(1118528K) From: 139773K(139776K)->0K(139776K)
[5.901s][info][gc,heap        ] GC(5) Tenured: 2796222K(2796224K)->2796222K(2796224K)
[5.901s][info][gc,metaspace   ] GC(5) Metaspace: 10443K(10688K)->10443K(10688K) NonClass: 9424K(9536K)->9424K(9536K) Class: 1019K(1152K)->1019K(1152K)
[5.902s][info][gc             ] GC(5) Pause Full (Allocation Failure) 3959M->3369M(3959M) 740.307ms
[5.902s][info][gc,cpu         ] GC(5) User=0.74s Sys=0.00s Real=0.74s
[6.264s][info][gc,start       ] GC(6) Pause Full (Allocation Failure)
[6.264s][info][gc,phases,start] GC(6) Phase 1: Mark live objects
[6.439s][info][gc,phases      ] GC(6) Phase 1: Mark live objects 175.404ms
[6.439s][info][gc,phases,start] GC(6) Phase 2: Compute new object addresses
[6.577s][info][gc,phases      ] GC(6) Phase 2: Compute new object addresses 137.997ms
[6.577s][info][gc,phases,start] GC(6) Phase 3: Adjust pointers
[6.740s][info][gc,phases      ] GC(6) Phase 3: Adjust pointers 163.085ms
[6.740s][info][gc,phases,start] GC(6) Phase 4: Move objects
[7.054s][info][gc,phases      ] GC(6) Phase 4: Move objects 313.302ms
[7.054s][info][gc,heap        ] GC(6) DefNew: 1258301K(1258304K)->514670K(1258304K) Eden: 1118528K(1118528K)->514670K(1118528K) From: 139773K(139776K)->0K(139776K)
[7.054s][info][gc,heap        ] GC(6) Tenured: 2796222K(2796224K)->2796222K(2796224K)
[7.054s][info][gc,metaspace   ] GC(6) Metaspace: 10443K(10688K)->10443K(10688K) NonClass: 9424K(9536K)->9424K(9536K) Class: 1019K(1152K)->1019K(1152K)
[7.054s][info][gc             ] GC(6) Pause Full (Allocation Failure) 3959M->3233M(3959M) 790.509ms
[7.054s][info][gc,cpu         ] GC(6) User=0.79s Sys=0.00s Real=0.80s
[7.474s][info][gc,start       ] GC(7) Pause Full (Allocation Failure)
[7.474s][info][gc,phases,start] GC(7) Phase 1: Mark live objects
[7.653s][info][gc,phases      ] GC(7) Phase 1: Mark live objects 178.383ms
[7.653s][info][gc,phases,start] GC(7) Phase 2: Compute new object addresses
[7.795s][info][gc,phases      ] GC(7) Phase 2: Compute new object addresses 142.458ms
[7.795s][info][gc,phases,start] GC(7) Phase 3: Adjust pointers
[7.940s][info][gc,phases      ] GC(7) Phase 3: Adjust pointers 145.130ms
[7.940s][info][gc,phases,start] GC(7) Phase 4: Move objects
[8.208s][info][gc,phases      ] GC(7) Phase 4: Move objects 267.948ms
[8.209s][info][gc,heap        ] GC(7) DefNew: 1258303K(1258304K)->654477K(1258304K) Eden: 1118528K(1118528K)->654477K(1118528K) From: 139775K(139776K)->0K(139776K)
[8.209s][info][gc,heap        ] GC(7) Tenured: 2796222K(2796224K)->2796223K(2796224K)
[8.209s][info][gc,metaspace   ] GC(7) Metaspace: 10443K(10688K)->10443K(10688K) NonClass: 9424K(9536K)->9424K(9536K) Class: 1019K(1152K)->1019K(1152K)
[8.209s][info][gc             ] GC(7) Pause Full (Allocation Failure) 3959M->3369M(3959M) 734.666ms
[8.209s][info][gc,cpu         ] GC(7) User=0.74s Sys=0.00s Real=0.73s
[8.572s][info][gc,start       ] GC(8) Pause Full (Allocation Failure)
[8.572s][info][gc,phases,start] GC(8) Phase 1: Mark live objects
[8.751s][info][gc,phases      ] GC(8) Phase 1: Mark live objects 178.872ms
[8.751s][info][gc,phases,start] GC(8) Phase 2: Compute new object addresses
[8.890s][info][gc,phases      ] GC(8) Phase 2: Compute new object addresses 139.170ms
[8.890s][info][gc,phases,start] GC(8) Phase 3: Adjust pointers
[9.052s][info][gc,phases      ] GC(8) Phase 3: Adjust pointers 162.195ms
[9.052s][info][gc,phases,start] GC(8) Phase 4: Move objects
[9.344s][info][gc,phases      ] GC(8) Phase 4: Move objects 291.818ms
[9.345s][info][gc,heap        ] GC(8) DefNew: 1258303K(1258304K)->654477K(1258304K) Eden: 1118528K(1118528K)->654477K(1118528K) From: 139775K(139776K)->0K(139776K)
[9.345s][info][gc,heap        ] GC(8) Tenured: 2796223K(2796224K)->2796222K(2796224K)
[9.345s][info][gc,metaspace   ] GC(8) Metaspace: 10443K(10688K)->10443K(10688K) NonClass: 9424K(9536K)->9424K(9536K) Class: 1019K(1152K)->1019K(1152K)
[9.345s][info][gc             ] GC(8) Pause Full (Allocation Failure) 3959M->3369M(3959M) 772.790ms
[9.345s][info][gc,cpu         ] GC(8) User=0.77s Sys=0.00s Real=0.78s
[9.710s][info][gc,start       ] GC(9) Pause Full (Allocation Failure)
[9.710s][info][gc,phases,start] GC(9) Phase 1: Mark live objects
[9.889s][info][gc,phases      ] GC(9) Phase 1: Mark live objects 179.195ms
[9.889s][info][gc,phases,start] GC(9) Phase 2: Compute new object addresses
[10.028s][info][gc,phases      ] GC(9) Phase 2: Compute new object addresses 138.472ms
[10.028s][info][gc,phases,start] GC(9) Phase 3: Adjust pointers
[10.169s][info][gc,phases      ] GC(9) Phase 3: Adjust pointers 141.431ms
[10.169s][info][gc,phases,start] GC(9) Phase 4: Move objects
[10.467s][info][gc,phases      ] GC(9) Phase 4: Move objects 297.809ms
[10.468s][info][gc,heap        ] GC(9) DefNew: 1258300K(1258304K)->654465K(1258304K) Eden: 1118528K(1118528K)->654465K(1118528K) From: 139772K(139776K)->0K(139776K)
[10.468s][info][gc,heap        ] GC(9) Tenured: 2796222K(2796224K)->2796222K(2796224K)
[10.468s][info][gc,metaspace   ] GC(9) Metaspace: 10443K(10688K)->10443K(10688K) NonClass: 9424K(9536K)->9424K(9536K) Class: 1019K(1152K)->1019K(1152K)
[10.468s][info][gc             ] GC(9) Pause Full (Allocation Failure) 3959M->3369M(3959M) 757.617ms
[10.468s][info][gc,cpu         ] GC(9) User=0.76s Sys=0.00s Real=0.76s
[10.834s][info][gc,start       ] GC(10) Pause Full (Allocation Failure)
[10.834s][info][gc,phases,start] GC(10) Phase 1: Mark live objects
[11.015s][info][gc,phases      ] GC(10) Phase 1: Mark live objects 180.225ms
[11.015s][info][gc,phases,start] GC(10) Phase 2: Compute new object addresses
[11.153s][info][gc,phases      ] GC(10) Phase 2: Compute new object addresses 138.071ms
[11.153s][info][gc,phases,start] GC(10) Phase 3: Adjust pointers
[11.306s][info][gc,phases      ] GC(10) Phase 3: Adjust pointers 153.259ms
[11.306s][info][gc,phases,start] GC(10) Phase 4: Move objects
[11.618s][info][gc,phases      ] GC(10) Phase 4: Move objects 311.406ms
[11.618s][info][gc,heap        ] GC(10) DefNew: 1258302K(1258304K)->514670K(1258304K) Eden: 1118528K(1118528K)->514670K(1118528K) From: 139774K(139776K)->0K(139776K)
[11.618s][info][gc,heap        ] GC(10) Tenured: 2796222K(2796224K)->2796222K(2796224K)
[11.618s][info][gc,metaspace   ] GC(10) Metaspace: 10443K(10688K)->10443K(10688K) NonClass: 9424K(9536K)->9424K(9536K) Class: 1019K(1152K)->1019K(1152K)
[11.618s][info][gc             ] GC(10) Pause Full (Allocation Failure) 3959M->3233M(3959M) 783.675ms
[11.618s][info][gc,cpu         ] GC(10) User=0.78s Sys=0.00s Real=0.78s
[12.035s][info][gc,start       ] GC(11) Pause Full (Allocation Failure)
[12.035s][info][gc,phases,start] GC(11) Phase 1: Mark live objects
[12.217s][info][gc,phases      ] GC(11) Phase 1: Mark live objects 181.553ms
[12.217s][info][gc,phases,start] GC(11) Phase 2: Compute new object addresses
[12.347s][info][gc,phases      ] GC(11) Phase 2: Compute new object addresses 129.806ms
[12.347s][info][gc,phases,start] GC(11) Phase 3: Adjust pointers
[12.501s][info][gc,phases      ] GC(11) Phase 3: Adjust pointers 154.751ms
[12.501s][info][gc,phases,start] GC(11) Phase 4: Move objects
[12.769s][info][gc,phases      ] GC(11) Phase 4: Move objects 267.266ms
[12.769s][info][gc,heap        ] GC(11) DefNew: 1258302K(1258304K)->654477K(1258304K) Eden: 1118528K(1118528K)->654477K(1118528K) From: 139774K(139776K)->0K(139776K)
[12.769s][info][gc,heap        ] GC(11) Tenured: 2796222K(2796224K)->2796222K(2796224K)
[12.769s][info][gc,metaspace   ] GC(11) Metaspace: 10443K(10688K)->10443K(10688K) NonClass: 9424K(9536K)->9424K(9536K) Class: 1019K(1152K)->1019K(1152K)
[12.769s][info][gc             ] GC(11) Pause Full (Allocation Failure) 3959M->3369M(3959M) 734.089ms
[12.769s][info][gc,cpu         ] GC(11) User=0.73s Sys=0.00s Real=0.73s
[13.131s][info][gc,start       ] GC(12) Pause Full (Allocation Failure)
[13.131s][info][gc,phases,start] GC(12) Phase 1: Mark live objects
[13.312s][info][gc,phases      ] GC(12) Phase 1: Mark live objects 181.209ms
[13.312s][info][gc,phases,start] GC(12) Phase 2: Compute new object addresses
[13.455s][info][gc,phases      ] GC(12) Phase 2: Compute new object addresses 142.446ms
[13.455s][info][gc,phases,start] GC(12) Phase 3: Adjust pointers
[13.593s][info][gc,phases      ] GC(12) Phase 3: Adjust pointers 138.205ms
[13.593s][info][gc,phases,start] GC(12) Phase 4: Move objects
[13.882s][info][gc,phases      ] GC(12) Phase 4: Move objects 288.978ms
[13.883s][info][gc,heap        ] GC(12) DefNew: 1258303K(1258304K)->654477K(1258304K) Eden: 1118528K(1118528K)->654477K(1118528K) From: 139775K(139776K)->0K(139776K)
[13.883s][info][gc,heap        ] GC(12) Tenured: 2796222K(2796224K)->2796223K(2796224K)
[13.883s][info][gc,metaspace   ] GC(12) Metaspace: 10443K(10688K)->10443K(10688K) NonClass: 9424K(9536K)->9424K(9536K) Class: 1019K(1152K)->1019K(1152K)
[13.883s][info][gc             ] GC(12) Pause Full (Allocation Failure) 3959M->3369M(3959M) 751.556ms
[13.883s][info][gc,cpu         ] GC(12) User=0.75s Sys=0.00s Real=0.75s
[14.244s][info][gc,start       ] GC(13) Pause Full (Allocation Failure)
[14.244s][info][gc,phases,start] GC(13) Phase 1: Mark live objects
[14.425s][info][gc,phases      ] GC(13) Phase 1: Mark live objects 181.240ms
[14.425s][info][gc,phases,start] GC(13) Phase 2: Compute new object addresses
[14.569s][info][gc,phases      ] GC(13) Phase 2: Compute new object addresses 143.694ms
[14.569s][info][gc,phases,start] GC(13) Phase 3: Adjust pointers
[14.726s][info][gc,phases      ] GC(13) Phase 3: Adjust pointers 156.762ms
[14.726s][info][gc,phases,start] GC(13) Phase 4: Move objects
[15.023s][info][gc,phases      ] GC(13) Phase 4: Move objects 296.774ms
[15.023s][info][gc,heap        ] GC(13) DefNew: 1258300K(1258304K)->654469K(1258304K) Eden: 1118528K(1118528K)->654469K(1118528K) From: 139772K(139776K)->0K(139776K)
[15.023s][info][gc,heap        ] GC(13) Tenured: 2796223K(2796224K)->2796221K(2796224K)
[15.023s][info][gc,metaspace   ] GC(13) Metaspace: 10443K(10688K)->10443K(10688K) NonClass: 9424K(9536K)->9424K(9536K) Class: 1019K(1152K)->1019K(1152K)
[15.023s][info][gc             ] GC(13) Pause Full (Allocation Failure) 3959M->3369M(3959M) 779.189ms
[15.023s][info][gc,cpu         ] GC(13) User=0.78s Sys=0.00s Real=0.78s
[15.385s][info][gc,start       ] GC(14) Pause Full (Allocation Failure)
[15.385s][info][gc,phases,start] GC(14) Phase 1: Mark live objects
[15.567s][info][gc,phases      ] GC(14) Phase 1: Mark live objects 182.260ms
[15.567s][info][gc,phases,start] GC(14) Phase 2: Compute new object addresses
[15.710s][info][gc,phases      ] GC(14) Phase 2: Compute new object addresses 143.371ms
[15.710s][info][gc,phases,start] GC(14) Phase 3: Adjust pointers
[15.870s][info][gc,phases      ] GC(14) Phase 3: Adjust pointers 159.734ms
[15.870s][info][gc,phases,start] GC(14) Phase 4: Move objects
[16.183s][info][gc,phases      ] GC(14) Phase 4: Move objects 313.095ms
[16.184s][info][gc,heap        ] GC(14) DefNew: 1258302K(1258304K)->514670K(1258304K) Eden: 1118528K(1118528K)->514670K(1118528K) From: 139774K(139776K)->0K(139776K)
[16.184s][info][gc,heap        ] GC(14) Tenured: 2796221K(2796224K)->2796222K(2796224K)
[16.184s][info][gc,metaspace   ] GC(14) Metaspace: 10443K(10688K)->10443K(10688K) NonClass: 9424K(9536K)->9424K(9536K) Class: 1019K(1152K)->1019K(1152K)
[16.184s][info][gc             ] GC(14) Pause Full (Allocation Failure) 3959M->3233M(3959M) 799.237ms
[16.184s][info][gc,cpu         ] GC(14) User=0.80s Sys=0.00s Real=0.80s
[16.610s][info][gc,start       ] GC(15) Pause Full (Allocation Failure)
[16.610s][info][gc,phases,start] GC(15) Phase 1: Mark live objects
[16.793s][info][gc,phases      ] GC(15) Phase 1: Mark live objects 182.506ms
[16.793s][info][gc,phases,start] GC(15) Phase 2: Compute new object addresses
[16.940s][info][gc,phases      ] GC(15) Phase 2: Compute new object addresses 147.238ms
[16.940s][info][gc,phases,start] GC(15) Phase 3: Adjust pointers
[17.095s][info][gc,phases      ] GC(15) Phase 3: Adjust pointers 155.313ms
[17.095s][info][gc,phases,start] GC(15) Phase 4: Move objects
[17.363s][info][gc,phases      ] GC(15) Phase 4: Move objects 267.589ms
[17.363s][info][gc,heap        ] GC(15) DefNew: 1258302K(1258304K)->654469K(1258304K) Eden: 1118528K(1118528K)->654469K(1118528K) From: 139774K(139776K)->0K(139776K)
[17.364s][info][gc,heap        ] GC(15) Tenured: 2796222K(2796224K)->2796222K(2796224K)
[17.364s][info][gc,metaspace   ] GC(15) Metaspace: 10443K(10688K)->10443K(10688K) NonClass: 9424K(9536K)->9424K(9536K) Class: 1019K(1152K)->1019K(1152K)
[17.364s][info][gc             ] GC(15) Pause Full (Allocation Failure) 3959M->3369M(3959M) 753.346ms
[17.364s][info][gc,cpu         ] GC(15) User=0.75s Sys=0.00s Real=0.75s
[17.730s][info][gc,start       ] GC(16) Pause Full (Allocation Failure)
[17.730s][info][gc,phases,start] GC(16) Phase 1: Mark live objects
[17.913s][info][gc,phases      ] GC(16) Phase 1: Mark live objects 183.004ms
[17.913s][info][gc,phases,start] GC(16) Phase 2: Compute new object addresses
[18.059s][info][gc,phases      ] GC(16) Phase 2: Compute new object addresses 146.085ms
[18.059s][info][gc,phases,start] GC(16) Phase 3: Adjust pointers
[18.219s][info][gc,phases      ] GC(16) Phase 3: Adjust pointers 159.662ms
[18.219s][info][gc,phases,start] GC(16) Phase 4: Move objects
[18.508s][info][gc,phases      ] GC(16) Phase 4: Move objects 289.495ms
[18.508s][info][gc,heap        ] GC(16) DefNew: 1258303K(1258304K)->654477K(1258304K) Eden: 1118528K(1118528K)->654477K(1118528K) From: 139775K(139776K)->0K(139776K)
[18.509s][info][gc,heap        ] GC(16) Tenured: 2796222K(2796224K)->2796222K(2796224K)
[18.509s][info][gc,metaspace   ] GC(16) Metaspace: 10443K(10688K)->10443K(10688K) NonClass: 9424K(9536K)->9424K(9536K) Class: 1019K(1152K)->1019K(1152K)
[18.509s][info][gc             ] GC(16) Pause Full (Allocation Failure) 3959M->3369M(3959M) 778.975ms
[18.509s][info][gc,cpu         ] GC(16) User=0.78s Sys=0.00s Real=0.78s
[18.873s][info][gc,start       ] GC(17) Pause Full (Allocation Failure)
[18.873s][info][gc,phases,start] GC(17) Phase 1: Mark live objects
[19.057s][info][gc,phases      ] GC(17) Phase 1: Mark live objects 184.015ms
[19.057s][info][gc,phases,start] GC(17) Phase 2: Compute new object addresses
[19.196s][info][gc,phases      ] GC(17) Phase 2: Compute new object addresses 139.061ms
[19.196s][info][gc,phases,start] GC(17) Phase 3: Adjust pointers
[19.347s][info][gc,phases      ] GC(17) Phase 3: Adjust pointers 150.935ms
[19.347s][info][gc,phases,start] GC(17) Phase 4: Move objects
[19.645s][info][gc,phases      ] GC(17) Phase 4: Move objects 297.642ms
[19.645s][info][gc,heap        ] GC(17) DefNew: 1258302K(1258304K)->654444K(1258304K) Eden: 1118528K(1118528K)->654444K(1118528K) From: 139774K(139776K)->0K(139776K)
[19.645s][info][gc,heap        ] GC(17) Tenured: 2796222K(2796224K)->2796222K(2796224K)
[19.645s][info][gc,metaspace   ] GC(17) Metaspace: 10443K(10688K)->10443K(10688K) NonClass: 9424K(9536K)->9424K(9536K) Class: 1019K(1152K)->1019K(1152K)
[19.646s][info][gc             ] GC(17) Pause Full (Allocation Failure) 3959M->3369M(3959M) 772.392ms
[19.646s][info][gc,cpu         ] GC(17) User=0.77s Sys=0.00s Real=0.77s
[20.007s][info][gc,start       ] GC(18) Pause Full (Allocation Failure)
[20.007s][info][gc,phases,start] GC(18) Phase 1: Mark live objects
[20.190s][info][gc,phases      ] GC(18) Phase 1: Mark live objects 183.449ms
[20.190s][info][gc,phases,start] GC(18) Phase 2: Compute new object addresses
[20.333s][info][gc,phases      ] GC(18) Phase 2: Compute new object addresses 142.176ms
[20.333s][info][gc,phases,start] GC(18) Phase 3: Adjust pointers
[20.486s][info][gc,phases      ] GC(18) Phase 3: Adjust pointers 153.571ms
[20.486s][info][gc,phases,start] GC(18) Phase 4: Move objects
[20.798s][info][gc,phases      ] GC(18) Phase 4: Move objects 311.941ms
[20.799s][info][gc,heap        ] GC(18) DefNew: 1258303K(1258304K)->514670K(1258304K) Eden: 1118528K(1118528K)->514670K(1118528K) From: 139775K(139776K)->0K(139776K)
[20.799s][info][gc,heap        ] GC(18) Tenured: 2796222K(2796224K)->2796222K(2796224K)
[20.799s][info][gc,metaspace   ] GC(18) Metaspace: 10443K(10688K)->10443K(10688K) NonClass: 9424K(9536K)->9424K(9536K) Class: 1019K(1152K)->1019K(1152K)
[20.799s][info][gc             ] GC(18) Pause Full (Allocation Failure) 3959M->3233M(3959M) 791.844ms
[20.799s][info][gc,cpu         ] GC(18) User=0.80s Sys=0.00s Real=0.79s
[21.227s][info][gc,start       ] GC(19) Pause Full (Allocation Failure)
[21.227s][info][gc,phases,start] GC(19) Phase 1: Mark live objects
[21.410s][info][gc,phases      ] GC(19) Phase 1: Mark live objects 182.886ms
[21.410s][info][gc,phases,start] GC(19) Phase 2: Compute new object addresses
[21.560s][info][gc,phases      ] GC(19) Phase 2: Compute new object addresses 150.788ms
[21.560s][info][gc,phases,start] GC(19) Phase 3: Adjust pointers
[21.714s][info][gc,phases      ] GC(19) Phase 3: Adjust pointers 153.452ms
[21.714s][info][gc,phases,start] GC(19) Phase 4: Move objects
[21.982s][info][gc,phases      ] GC(19) Phase 4: Move objects 268.220ms
[21.983s][info][gc,heap        ] GC(19) DefNew: 1258301K(1258304K)->654481K(1258304K) Eden: 1118528K(1118528K)->654481K(1118528K) From: 139773K(139776K)->0K(139776K)
[21.983s][info][gc,heap        ] GC(19) Tenured: 2796222K(2796224K)->2796222K(2796224K)
[21.983s][info][gc,metaspace   ] GC(19) Metaspace: 10443K(10688K)->10443K(10688K) NonClass: 9424K(9536K)->9424K(9536K) Class: 1019K(1152K)->1019K(1152K)
[21.983s][info][gc             ] GC(19) Pause Full (Allocation Failure) 3959M->3369M(3959M) 756.071ms
[21.983s][info][gc,cpu         ] GC(19) User=0.76s Sys=0.00s Real=0.75s
[22.348s][info][gc,start       ] GC(20) Pause Full (Allocation Failure)
[22.348s][info][gc,phases,start] GC(20) Phase 1: Mark live objects
[22.531s][info][gc,phases      ] GC(20) Phase 1: Mark live objects 183.078ms
[22.531s][info][gc,phases,start] GC(20) Phase 2: Compute new object addresses
[22.672s][info][gc,phases      ] GC(20) Phase 2: Compute new object addresses 140.571ms
[22.672s][info][gc,phases,start] GC(20) Phase 3: Adjust pointers
[22.830s][info][gc,phases      ] GC(20) Phase 3: Adjust pointers 157.633ms
[22.830s][info][gc,phases,start] GC(20) Phase 4: Move objects
[23.117s][info][gc,phases      ] GC(20) Phase 4: Move objects 287.451ms
[23.117s][info][gc,heap        ] GC(20) DefNew: 1258300K(1258304K)->654481K(1258304K) Eden: 1118528K(1118528K)->654481K(1118528K) From: 139772K(139776K)->0K(139776K)
[23.117s][info][gc,heap        ] GC(20) Tenured: 2796222K(2796224K)->2796222K(2796224K)
[23.117s][info][gc,metaspace   ] GC(20) Metaspace: 10443K(10688K)->10443K(10688K) NonClass: 9424K(9536K)->9424K(9536K) Class: 1019K(1152K)->1019K(1152K)
[23.117s][info][gc             ] GC(20) Pause Full (Allocation Failure) 3959M->3369M(3959M) 769.444ms
[23.117s][info][gc,cpu         ] GC(20) User=0.77s Sys=0.00s Real=0.77s
[23.481s][info][gc,start       ] GC(21) Pause Full (Allocation Failure)
[23.481s][info][gc,phases,start] GC(21) Phase 1: Mark live objects
[23.664s][info][gc,phases      ] GC(21) Phase 1: Mark live objects 183.329ms
[23.664s][info][gc,phases,start] GC(21) Phase 2: Compute new object addresses
[23.791s][info][gc,phases      ] GC(21) Phase 2: Compute new object addresses 127.363ms
[23.791s][info][gc,phases,start] GC(21) Phase 3: Adjust pointers
[23.941s][info][gc,phases      ] GC(21) Phase 3: Adjust pointers 149.734ms
[23.941s][info][gc,phases,start] GC(21) Phase 4: Move objects
[24.237s][info][gc,phases      ] GC(21) Phase 4: Move objects 296.030ms
[24.238s][info][gc,heap        ] GC(21) DefNew: 1258302K(1258304K)->654481K(1258304K) Eden: 1118528K(1118528K)->654481K(1118528K) From: 139774K(139776K)->0K(139776K)
[24.238s][info][gc,heap        ] GC(21) Tenured: 2796222K(2796224K)->2796222K(2796224K)
[24.238s][info][gc,metaspace   ] GC(21) Metaspace: 10443K(10688K)->10443K(10688K) NonClass: 9424K(9536K)->9424K(9536K) Class: 1019K(1152K)->1019K(1152K)
[24.238s][info][gc             ] GC(21) Pause Full (Allocation Failure) 3959M->3369M(3959M) 757.188ms
[24.238s][info][gc,cpu         ] GC(21) User=0.76s Sys=0.00s Real=0.76s
[24.599s][info][gc,start       ] GC(22) Pause Full (Allocation Failure)
[24.599s][info][gc,phases,start] GC(22) Phase 1: Mark live objects
[24.782s][info][gc,phases      ] GC(22) Phase 1: Mark live objects 182.924ms
[24.782s][info][gc,phases,start] GC(22) Phase 2: Compute new object addresses
[24.926s][info][gc,phases      ] GC(22) Phase 2: Compute new object addresses 143.642ms
[24.926s][info][gc,phases,start] GC(22) Phase 3: Adjust pointers
[25.073s][info][gc,phases      ] GC(22) Phase 3: Adjust pointers 147.044ms
[25.073s][info][gc,phases,start] GC(22) Phase 4: Move objects
[25.385s][info][gc,phases      ] GC(22) Phase 4: Move objects 312.041ms
[25.385s][info][gc,heap        ] GC(22) DefNew: 1258301K(1258304K)->514670K(1258304K) Eden: 1118528K(1118528K)->514670K(1118528K) From: 139773K(139776K)->0K(139776K)
[25.385s][info][gc,heap        ] GC(22) Tenured: 2796222K(2796224K)->2796222K(2796224K)
[25.385s][info][gc,metaspace   ] GC(22) Metaspace: 10443K(10688K)->10443K(10688K) NonClass: 9424K(9536K)->9424K(9536K) Class: 1019K(1152K)->1019K(1152K)
[25.385s][info][gc             ] GC(22) Pause Full (Allocation Failure) 3959M->3233M(3959M) 786.357ms
[25.385s][info][gc,cpu         ] GC(22) User=0.79s Sys=0.00s Real=0.79s
[25.804s][info][gc,start       ] GC(23) Pause Full (Allocation Failure)
[25.804s][info][gc,phases,start] GC(23) Phase 1: Mark live objects
[25.989s][info][gc,phases      ] GC(23) Phase 1: Mark live objects 184.381ms
[25.989s][info][gc,phases,start] GC(23) Phase 2: Compute new object addresses
[26.135s][info][gc,phases      ] GC(23) Phase 2: Compute new object addresses 145.997ms
[26.135s][info][gc,phases,start] GC(23) Phase 3: Adjust pointers
[26.291s][info][gc,phases      ] GC(23) Phase 3: Adjust pointers 156.330ms
[26.291s][info][gc,phases,start] GC(23) Phase 4: Move objects
[26.558s][info][gc,phases      ] GC(23) Phase 4: Move objects 266.514ms
[26.558s][info][gc,heap        ] GC(23) DefNew: 1258303K(1258304K)->654481K(1258304K) Eden: 1118528K(1118528K)->654481K(1118528K) From: 139775K(139776K)->0K(139776K)
[26.558s][info][gc,heap        ] GC(23) Tenured: 2796222K(2796224K)->2796222K(2796224K)
[26.558s][info][gc,metaspace   ] GC(23) Metaspace: 10443K(10688K)->10443K(10688K) NonClass: 9424K(9536K)->9424K(9536K) Class: 1019K(1152K)->1019K(1152K)
[26.558s][info][gc             ] GC(23) Pause Full (Allocation Failure) 3959M->3369M(3959M) 753.931ms
[26.558s][info][gc,cpu         ] GC(23) User=0.76s Sys=0.00s Real=0.76s
[26.919s][info][gc,start       ] GC(24) Pause Full (Allocation Failure)
[26.919s][info][gc,phases,start] GC(24) Phase 1: Mark live objects
[27.103s][info][gc,phases      ] GC(24) Phase 1: Mark live objects 183.324ms
[27.103s][info][gc,phases,start] GC(24) Phase 2: Compute new object addresses
[27.228s][info][gc,phases      ] GC(24) Phase 2: Compute new object addresses 125.193ms
[27.228s][info][gc,phases,start] GC(24) Phase 3: Adjust pointers
[27.374s][info][gc,phases      ] GC(24) Phase 3: Adjust pointers 146.506ms
[27.374s][info][gc,phases,start] GC(24) Phase 4: Move objects
[27.662s][info][gc,phases      ] GC(24) Phase 4: Move objects 287.557ms
[27.662s][info][gc,heap        ] GC(24) DefNew: 1258303K(1258304K)->654477K(1258304K) Eden: 1118528K(1118528K)->654477K(1118528K) From: 139775K(139776K)->0K(139776K)
[27.662s][info][gc,heap        ] GC(24) Tenured: 2796222K(2796224K)->2796222K(2796224K)
[27.662s][info][gc,metaspace   ] GC(24) Metaspace: 10443K(10688K)->10443K(10688K) NonClass: 9424K(9536K)->9424K(9536K) Class: 1019K(1152K)->1019K(1152K)
[27.662s][info][gc             ] GC(24) Pause Full (Allocation Failure) 3959M->3369M(3959M) 743.289ms
[27.663s][info][gc,cpu         ] GC(24) User=0.74s Sys=0.00s Real=0.74s
[28.031s][info][gc,start       ] GC(25) Pause Full (Allocation Failure)
[28.031s][info][gc,phases,start] GC(25) Phase 1: Mark live objects
[28.216s][info][gc,phases      ] GC(25) Phase 1: Mark live objects 185.108ms
[28.216s][info][gc,phases,start] GC(25) Phase 2: Compute new object addresses
[28.356s][info][gc,phases      ] GC(25) Phase 2: Compute new object addresses 140.264ms
[28.356s][info][gc,phases,start] GC(25) Phase 3: Adjust pointers
[28.506s][info][gc,phases      ] GC(25) Phase 3: Adjust pointers 150.022ms
[28.506s][info][gc,phases,start] GC(25) Phase 4: Move objects
[28.802s][info][gc,phases      ] GC(25) Phase 4: Move objects 296.157ms
[28.803s][info][gc,heap        ] GC(25) DefNew: 1258301K(1258304K)->654481K(1258304K) Eden: 1118528K(1118528K)->654481K(1118528K) From: 139773K(139776K)->0K(139776K)
[28.803s][info][gc,heap        ] GC(25) Tenured: 2796222K(2796224K)->2796222K(2796224K)
[28.803s][info][gc,metaspace   ] GC(25) Metaspace: 10443K(10688K)->10443K(10688K) NonClass: 9424K(9536K)->9424K(9536K) Class: 1019K(1152K)->1019K(1152K)
[28.803s][info][gc             ] GC(25) Pause Full (Allocation Failure) 3959M->3369M(3959M) 772.289ms
[28.803s][info][gc,cpu         ] GC(25) User=0.77s Sys=0.00s Real=0.77s
[29.180s][info][gc,start       ] GC(26) Pause Full (Allocation Failure)
[29.181s][info][gc,phases,start] GC(26) Phase 1: Mark live objects
[29.364s][info][gc,phases      ] GC(26) Phase 1: Mark live objects 183.364ms
[29.364s][info][gc,phases,start] GC(26) Phase 2: Compute new object addresses
[29.508s][info][gc,phases      ] GC(26) Phase 2: Compute new object addresses 144.253ms
[29.508s][info][gc,phases,start] GC(26) Phase 3: Adjust pointers
[29.653s][info][gc,phases      ] GC(26) Phase 3: Adjust pointers 144.528ms
[29.653s][info][gc,phases,start] GC(26) Phase 4: Move objects
[29.965s][info][gc,phases      ] GC(26) Phase 4: Move objects 312.220ms
[29.966s][info][gc,heap        ] GC(26) DefNew: 1258301K(1258304K)->514670K(1258304K) Eden: 1118528K(1118528K)->514670K(1118528K) From: 139773K(139776K)->0K(139776K)
[29.966s][info][gc,heap        ] GC(26) Tenured: 2796222K(2796224K)->2796222K(2796224K)
[29.966s][info][gc,metaspace   ] GC(26) Metaspace: 10443K(10688K)->10443K(10688K) NonClass: 9424K(9536K)->9424K(9536K) Class: 1019K(1152K)->1019K(1152K)
[29.966s][info][gc             ] GC(26) Pause Full (Allocation Failure) 3959M->3233M(3959M) 785.089ms
[29.966s][info][gc,cpu         ] GC(26) User=0.78s Sys=0.00s Real=0.79s
[30.396s][info][gc,start       ] GC(27) Pause Full (Allocation Failure)
[30.396s][info][gc,phases,start] GC(27) Phase 1: Mark live objects
[30.580s][info][gc,phases      ] GC(27) Phase 1: Mark live objects 184.302ms
[30.580s][info][gc,phases,start] GC(27) Phase 2: Compute new object addresses
[30.724s][info][gc,phases      ] GC(27) Phase 2: Compute new object addresses 144.218ms
[30.724s][info][gc,phases,start] GC(27) Phase 3: Adjust pointers
[30.877s][info][gc,phases      ] GC(27) Phase 3: Adjust pointers 153.033ms
[30.883s][info][gc,phases,start] GC(27) Phase 4: Move objects
[31.151s][info][gc,phases      ] GC(27) Phase 4: Move objects 267.871ms
[31.151s][info][gc,heap        ] GC(27) DefNew: 1258303K(1258304K)->654481K(1258304K) Eden: 1118528K(1118528K)->654481K(1118528K) From: 139775K(139776K)->0K(139776K)
[31.151s][info][gc,heap        ] GC(27) Tenured: 2796222K(2796224K)->2796222K(2796224K)
[31.151s][info][gc,metaspace   ] GC(27) Metaspace: 10443K(10688K)->10443K(10688K) NonClass: 9424K(9536K)->9424K(9536K) Class: 1019K(1152K)->1019K(1152K)
[31.151s][info][gc             ] GC(27) Pause Full (Allocation Failure) 3959M->3369M(3959M) 755.880ms
[31.151s][info][gc,cpu         ] GC(27) User=0.75s Sys=0.00s Real=0.75s
[31.514s][info][gc,start       ] GC(28) Pause Full (Allocation Failure)
[31.514s][info][gc,phases,start] GC(28) Phase 1: Mark live objects
[31.698s][info][gc,phases      ] GC(28) Phase 1: Mark live objects 183.661ms
[31.698s][info][gc,phases,start] GC(28) Phase 2: Compute new object addresses
[31.843s][info][gc,phases      ] GC(28) Phase 2: Compute new object addresses 145.050ms
[31.843s][info][gc,phases,start] GC(28) Phase 3: Adjust pointers
[32.005s][info][gc,phases      ] GC(28) Phase 3: Adjust pointers 162.045ms
[32.005s][info][gc,phases,start] GC(28) Phase 4: Move objects
[32.295s][info][gc,phases      ] GC(28) Phase 4: Move objects 289.786ms
[32.295s][info][gc,heap        ] GC(28) DefNew: 1258301K(1258304K)->654481K(1258304K) Eden: 1118528K(1118528K)->654481K(1118528K) From: 139773K(139776K)->0K(139776K)
[32.295s][info][gc,heap        ] GC(28) Tenured: 2796222K(2796224K)->2796222K(2796224K)
[32.295s][info][gc,metaspace   ] GC(28) Metaspace: 10443K(10688K)->10443K(10688K) NonClass: 9424K(9536K)->9424K(9536K) Class: 1019K(1152K)->1019K(1152K)
[32.295s][info][gc             ] GC(28) Pause Full (Allocation Failure) 3959M->3369M(3959M) 781.260ms
[32.295s][info][gc,cpu         ] GC(28) User=0.78s Sys=0.00s Real=0.78s
[32.659s][info][gc,start       ] GC(29) Pause Full (Allocation Failure)
[32.659s][info][gc,phases,start] GC(29) Phase 1: Mark live objects
[32.843s][info][gc,phases      ] GC(29) Phase 1: Mark live objects 183.808ms
[32.843s][info][gc,phases,start] GC(29) Phase 2: Compute new object addresses
[32.988s][info][gc,phases      ] GC(29) Phase 2: Compute new object addresses 145.208ms
[32.988s][info][gc,phases,start] GC(29) Phase 3: Adjust pointers
[33.143s][info][gc,phases      ] GC(29) Phase 3: Adjust pointers 155.129ms
[33.144s][info][gc,phases,start] GC(29) Phase 4: Move objects
[33.440s][info][gc,phases      ] GC(29) Phase 4: Move objects 296.184ms
[33.440s][info][gc,heap        ] GC(29) DefNew: 1258303K(1258304K)->654457K(1258304K) Eden: 1118528K(1118528K)->654457K(1118528K) From: 139775K(139776K)->0K(139776K)
[33.440s][info][gc,heap        ] GC(29) Tenured: 2796222K(2796224K)->2796222K(2796224K)
[33.440s][info][gc,metaspace   ] GC(29) Metaspace: 10443K(10688K)->10443K(10688K) NonClass: 9424K(9536K)->9424K(9536K) Class: 1019K(1152K)->1019K(1152K)
[33.440s][info][gc             ] GC(29) Pause Full (Allocation Failure) 3959M->3369M(3959M) 781.037ms
[33.440s][info][gc,cpu         ] GC(29) User=0.78s Sys=0.00s Real=0.78s
[33.802s][info][gc,start       ] GC(30) Pause Full (Allocation Failure)
[33.802s][info][gc,phases,start] GC(30) Phase 1: Mark live objects
[33.985s][info][gc,phases      ] GC(30) Phase 1: Mark live objects 183.402ms
[33.985s][info][gc,phases,start] GC(30) Phase 2: Compute new object addresses
[34.130s][info][gc,phases      ] GC(30) Phase 2: Compute new object addresses 144.693ms
[34.130s][info][gc,phases,start] GC(30) Phase 3: Adjust pointers
[34.288s][info][gc,phases      ] GC(30) Phase 3: Adjust pointers 157.968ms
[34.288s][info][gc,phases,start] GC(30) Phase 4: Move objects
[34.599s][info][gc,phases      ] GC(30) Phase 4: Move objects 311.145ms
[34.600s][info][gc,heap        ] GC(30) DefNew: 1258301K(1258304K)->514670K(1258304K) Eden: 1118528K(1118528K)->514670K(1118528K) From: 139773K(139776K)->0K(139776K)
[34.600s][info][gc,heap        ] GC(30) Tenured: 2796222K(2796224K)->2796222K(2796224K)
[34.600s][info][gc,metaspace   ] GC(30) Metaspace: 10443K(10688K)->10443K(10688K) NonClass: 9424K(9536K)->9424K(9536K) Class: 1019K(1152K)->1019K(1152K)
[34.600s][info][gc             ] GC(30) Pause Full (Allocation Failure) 3959M->3233M(3959M) 797.946ms
[34.600s][info][gc,cpu         ] GC(30) User=0.80s Sys=0.00s Real=0.80s
[35.022s][info][gc,start       ] GC(31) Pause Full (Allocation Failure)
[35.022s][info][gc,phases,start] GC(31) Phase 1: Mark live objects
[35.206s][info][gc,phases      ] GC(31) Phase 1: Mark live objects 183.297ms
[35.206s][info][gc,phases,start] GC(31) Phase 2: Compute new object addresses
[35.351s][info][gc,phases      ] GC(31) Phase 2: Compute new object addresses 145.052ms
[35.351s][info][gc,phases,start] GC(31) Phase 3: Adjust pointers
[35.499s][info][gc,phases      ] GC(31) Phase 3: Adjust pointers 148.281ms
[35.499s][info][gc,phases,start] GC(31) Phase 4: Move objects
[35.767s][info][gc,phases      ] GC(31) Phase 4: Move objects 268.033ms
[35.767s][info][gc,heap        ] GC(31) DefNew: 1258303K(1258304K)->654481K(1258304K) Eden: 1118528K(1118528K)->654481K(1118528K) From: 139775K(139776K)->0K(139776K)
[35.767s][info][gc,heap        ] GC(31) Tenured: 2796222K(2796224K)->2796222K(2796224K)
[35.767s][info][gc,metaspace   ] GC(31) Metaspace: 10443K(10688K)->10443K(10688K) NonClass: 9424K(9536K)->9424K(9536K) Class: 1019K(1152K)->1019K(1152K)
[35.768s][info][gc             ] GC(31) Pause Full (Allocation Failure) 3959M->3369M(3959M) 745.370ms
[35.768s][info][gc,cpu         ] GC(31) User=0.75s Sys=0.00s Real=0.75s
[36.130s][info][gc,start       ] GC(32) Pause Full (Allocation Failure)
[36.130s][info][gc,phases,start] GC(32) Phase 1: Mark live objects
[36.314s][info][gc,phases      ] GC(32) Phase 1: Mark live objects 184.352ms
[36.314s][info][gc,phases,start] GC(32) Phase 2: Compute new object addresses
[36.458s][info][gc,phases      ] GC(32) Phase 2: Compute new object addresses 144.088ms
[36.458s][info][gc,phases,start] GC(32) Phase 3: Adjust pointers
[36.618s][info][gc,phases      ] GC(32) Phase 3: Adjust pointers 159.687ms
[36.618s][info][gc,phases,start] GC(32) Phase 4: Move objects
[36.907s][info][gc,phases      ] GC(32) Phase 4: Move objects 288.952ms
[36.908s][info][gc,heap        ] GC(32) DefNew: 1258302K(1258304K)->654477K(1258304K) Eden: 1118528K(1118528K)->654477K(1118528K) From: 139774K(139776K)->0K(139776K)
[36.908s][info][gc,heap        ] GC(32) Tenured: 2796222K(2796224K)->2796222K(2796224K)
[36.908s][info][gc,metaspace   ] GC(32) Metaspace: 10443K(10688K)->10443K(10688K) NonClass: 9424K(9536K)->9424K(9536K) Class: 1019K(1152K)->1019K(1152K)
[36.908s][info][gc             ] GC(32) Pause Full (Allocation Failure) 3959M->3369M(3959M) 777.801ms
[36.908s][info][gc,cpu         ] GC(32) User=0.78s Sys=0.00s Real=0.78s
[37.270s][info][gc,start       ] GC(33) Pause Full (Allocation Failure)
[37.270s][info][gc,phases,start] GC(33) Phase 1: Mark live objects
[37.455s][info][gc,phases      ] GC(33) Phase 1: Mark live objects 184.885ms
[37.455s][info][gc,phases,start] GC(33) Phase 2: Compute new object addresses
[37.583s][info][gc,phases      ] GC(33) Phase 2: Compute new object addresses 127.973ms
[37.583s][info][gc,phases,start] GC(33) Phase 3: Adjust pointers
[37.734s][info][gc,phases      ] GC(33) Phase 3: Adjust pointers 151.341ms
[37.734s][info][gc,phases,start] GC(33) Phase 4: Move objects
[38.029s][info][gc,phases      ] GC(33) Phase 4: Move objects 294.622ms
[38.029s][info][gc,heap        ] GC(33) DefNew: 1258303K(1258304K)->654481K(1258304K) Eden: 1118528K(1118528K)->654481K(1118528K) From: 139775K(139776K)->0K(139776K)
[38.029s][info][gc,heap        ] GC(33) Tenured: 2796222K(2796224K)->2796222K(2796224K)
[38.029s][info][gc,metaspace   ] GC(33) Metaspace: 10443K(10688K)->10443K(10688K) NonClass: 9424K(9536K)->9424K(9536K) Class: 1019K(1152K)->1019K(1152K)
[38.029s][info][gc             ] GC(33) Pause Full (Allocation Failure) 3959M->3369M(3959M) 759.511ms
[38.029s][info][gc,cpu         ] GC(33) User=0.76s Sys=0.00s Real=0.76s
[38.388s][info][gc,start       ] GC(34) Pause Full (Allocation Failure)
[38.388s][info][gc,phases,start] GC(34) Phase 1: Mark live objects
[38.572s][info][gc,phases      ] GC(34) Phase 1: Mark live objects 183.816ms
[38.572s][info][gc,phases,start] GC(34) Phase 2: Compute new object addresses
[38.710s][info][gc,phases      ] GC(34) Phase 2: Compute new object addresses 138.090ms
[38.710s][info][gc,phases,start] GC(34) Phase 3: Adjust pointers
[38.857s][info][gc,phases      ] GC(34) Phase 3: Adjust pointers 147.171ms
[38.857s][info][gc,phases,start] GC(34) Phase 4: Move objects
[39.168s][info][gc,phases      ] GC(34) Phase 4: Move objects 311.292ms
[39.169s][info][gc,heap        ] GC(34) DefNew: 1258300K(1258304K)->514670K(1258304K) Eden: 1118528K(1118528K)->514670K(1118528K) From: 139772K(139776K)->0K(139776K)
[39.169s][info][gc,heap        ] GC(34) Tenured: 2796222K(2796224K)->2796222K(2796224K)
[39.169s][info][gc,metaspace   ] GC(34) Metaspace: 10443K(10688K)->10443K(10688K) NonClass: 9424K(9536K)->9424K(9536K) Class: 1019K(1152K)->1019K(1152K)
[39.169s][info][gc             ] GC(34) Pause Full (Allocation Failure) 3959M->3233M(3959M) 781.136ms
[39.169s][info][gc,cpu         ] GC(34) User=0.78s Sys=0.00s Real=0.78s
[39.602s][info][gc,start       ] GC(35) Pause Full (Allocation Failure)
[39.602s][info][gc,phases,start] GC(35) Phase 1: Mark live objects
[39.786s][info][gc,phases      ] GC(35) Phase 1: Mark live objects 184.452ms
[39.787s][info][gc,phases,start] GC(35) Phase 2: Compute new object addresses
[39.933s][info][gc,phases      ] GC(35) Phase 2: Compute new object addresses 146.596ms
[39.933s][info][gc,phases,start] GC(35) Phase 3: Adjust pointers
[40.090s][info][gc,phases      ] GC(35) Phase 3: Adjust pointers 157.141ms
[40.090s][info][gc,phases,start] GC(35) Phase 4: Move objects
[40.358s][info][gc,phases      ] GC(35) Phase 4: Move objects 267.763ms
[40.359s][info][gc,heap        ] GC(35) DefNew: 1258303K(1258304K)->654481K(1258304K) Eden: 1118528K(1118528K)->654481K(1118528K) From: 139775K(139776K)->0K(139776K)
[40.359s][info][gc,heap        ] GC(35) Tenured: 2796222K(2796224K)->2796222K(2796224K)
[40.359s][info][gc,metaspace   ] GC(35) Metaspace: 10443K(10688K)->10443K(10688K) NonClass: 9424K(9536K)->9424K(9536K) Class: 1019K(1152K)->1019K(1152K)
[40.359s][info][gc             ] GC(35) Pause Full (Allocation Failure) 3959M->3369M(3959M) 756.651ms
[40.359s][info][gc,cpu         ] GC(35) User=0.76s Sys=0.00s Real=0.76s
[40.722s][info][gc,start       ] GC(36) Pause Full (Allocation Failure)
[40.722s][info][gc,phases,start] GC(36) Phase 1: Mark live objects
[40.907s][info][gc,phases      ] GC(36) Phase 1: Mark live objects 184.785ms
[40.907s][info][gc,phases,start] GC(36) Phase 2: Compute new object addresses
[41.053s][info][gc,phases      ] GC(36) Phase 2: Compute new object addresses 145.175ms
[41.053s][info][gc,phases,start] GC(36) Phase 3: Adjust pointers
[41.193s][info][gc,phases      ] GC(36) Phase 3: Adjust pointers 140.022ms
[41.193s][info][gc,phases,start] GC(36) Phase 4: Move objects
[41.479s][info][gc,phases      ] GC(36) Phase 4: Move objects 286.653ms
[41.480s][info][gc,heap        ] GC(36) DefNew: 1258302K(1258304K)->654481K(1258304K) Eden: 1118528K(1118528K)->654481K(1118528K) From: 139774K(139776K)->0K(139776K)
[41.480s][info][gc,heap        ] GC(36) Tenured: 2796222K(2796224K)->2796222K(2796224K)
[41.480s][info][gc,metaspace   ] GC(36) Metaspace: 10443K(10688K)->10443K(10688K) NonClass: 9424K(9536K)->9424K(9536K) Class: 1019K(1152K)->1019K(1152K)
[41.480s][info][gc             ] GC(36) Pause Full (Allocation Failure) 3959M->3369M(3959M) 757.352ms
[41.480s][info][gc,cpu         ] GC(36) User=0.76s Sys=0.00s Real=0.76s
[41.842s][info][gc,start       ] GC(37) Pause Full (Allocation Failure)
[41.842s][info][gc,phases,start] GC(37) Phase 1: Mark live objects
[42.026s][info][gc,phases      ] GC(37) Phase 1: Mark live objects 183.876ms
[42.026s][info][gc,phases,start] GC(37) Phase 2: Compute new object addresses
[42.170s][info][gc,phases      ] GC(37) Phase 2: Compute new object addresses 144.799ms
[42.170s][info][gc,phases,start] GC(37) Phase 3: Adjust pointers
[42.329s][info][gc,phases      ] GC(37) Phase 3: Adjust pointers 158.886ms
[42.329s][info][gc,phases,start] GC(37) Phase 4: Move objects
[42.625s][info][gc,phases      ] GC(37) Phase 4: Move objects 295.906ms
[42.626s][info][gc,heap        ] GC(37) DefNew: 1258302K(1258304K)->654481K(1258304K) Eden: 1118528K(1118528K)->654481K(1118528K) From: 139774K(139776K)->0K(139776K)
[42.626s][info][gc,heap        ] GC(37) Tenured: 2796222K(2796224K)->2796222K(2796224K)
[42.626s][info][gc,metaspace   ] GC(37) Metaspace: 10443K(10688K)->10443K(10688K) NonClass: 9424K(9536K)->9424K(9536K) Class: 1019K(1152K)->1019K(1152K)
[42.626s][info][gc             ] GC(37) Pause Full (Allocation Failure) 3959M->3369M(3959M) 784.210ms
[42.626s][info][gc,cpu         ] GC(37) User=0.79s Sys=0.00s Real=0.79s
[42.987s][info][gc,start       ] GC(38) Pause Full (Allocation Failure)
[42.987s][info][gc,phases,start] GC(38) Phase 1: Mark live objects
[43.172s][info][gc,phases      ] GC(38) Phase 1: Mark live objects 184.766ms
[43.172s][info][gc,phases,start] GC(38) Phase 2: Compute new object addresses
[43.317s][info][gc,phases      ] GC(38) Phase 2: Compute new object addresses 144.855ms
[43.317s][info][gc,phases,start] GC(38) Phase 3: Adjust pointers
[43.476s][info][gc,phases      ] GC(38) Phase 3: Adjust pointers 159.058ms
[43.476s][info][gc,phases,start] GC(38) Phase 4: Move objects
[43.790s][info][gc,phases      ] GC(38) Phase 4: Move objects 313.648ms
[43.790s][info][gc,heap        ] GC(38) DefNew: 1258300K(1258304K)->514670K(1258304K) Eden: 1118528K(1118528K)->514670K(1118528K) From: 139772K(139776K)->0K(139776K)
[43.790s][info][gc,heap        ] GC(38) Tenured: 2796222K(2796224K)->2796222K(2796224K)
[43.790s][info][gc,metaspace   ] GC(38) Metaspace: 10443K(10688K)->10443K(10688K) NonClass: 9424K(9536K)->9424K(9536K) Class: 1019K(1152K)->1019K(1152K)
[43.790s][info][gc             ] GC(38) Pause Full (Allocation Failure) 3959M->3233M(3959M) 803.068ms
[43.790s][info][gc,cpu         ] GC(38) User=0.80s Sys=0.00s Real=0.80s
[44.211s][info][gc,start       ] GC(39) Pause Full (Allocation Failure)
[44.211s][info][gc,phases,start] GC(39) Phase 1: Mark live objects
[44.395s][info][gc,phases      ] GC(39) Phase 1: Mark live objects 184.086ms
[44.395s][info][gc,phases,start] GC(39) Phase 2: Compute new object addresses
[44.542s][info][gc,phases      ] GC(39) Phase 2: Compute new object addresses 147.029ms
[44.542s][info][gc,phases,start] GC(39) Phase 3: Adjust pointers
[44.704s][info][gc,phases      ] GC(39) Phase 3: Adjust pointers 162.044ms
[44.705s][info][gc,phases,start] GC(39) Phase 4: Move objects
[44.973s][info][gc,phases      ] GC(39) Phase 4: Move objects 268.052ms
[44.973s][info][gc,heap        ] GC(39) DefNew: 1258300K(1258304K)->654481K(1258304K) Eden: 1118528K(1118528K)->654481K(1118528K) From: 139772K(139776K)->0K(139776K)
[44.973s][info][gc,heap        ] GC(39) Tenured: 2796222K(2796224K)->2796222K(2796224K)
[44.973s][info][gc,metaspace   ] GC(39) Metaspace: 10443K(10688K)->10443K(10688K) NonClass: 9424K(9536K)->9424K(9536K) Class: 1019K(1152K)->1019K(1152K)
[44.973s][info][gc             ] GC(39) Pause Full (Allocation Failure) 3959M->3369M(3959M) 761.944ms
[44.973s][info][gc,cpu         ] GC(39) User=0.76s Sys=0.00s Real=0.77s
[45.337s][info][gc,start       ] GC(40) Pause Full (Allocation Failure)
[45.337s][info][gc,phases,start] GC(40) Phase 1: Mark live objects
[45.521s][info][gc,phases      ] GC(40) Phase 1: Mark live objects 183.925ms
[45.521s][info][gc,phases,start] GC(40) Phase 2: Compute new object addresses
[45.665s][info][gc,phases      ] GC(40) Phase 2: Compute new object addresses 144.033ms
[45.665s][info][gc,phases,start] GC(40) Phase 3: Adjust pointers
[45.824s][info][gc,phases      ] GC(40) Phase 3: Adjust pointers 158.842ms
[45.824s][info][gc,phases,start] GC(40) Phase 4: Move objects
[46.115s][info][gc,phases      ] GC(40) Phase 4: Move objects 290.540ms
[46.115s][info][gc,heap        ] GC(40) DefNew: 1258302K(1258304K)->654477K(1258304K) Eden: 1118528K(1118528K)->654477K(1118528K) From: 139774K(139776K)->0K(139776K)
[46.115s][info][gc,heap        ] GC(40) Tenured: 2796222K(2796224K)->2796222K(2796224K)
[46.115s][info][gc,metaspace   ] GC(40) Metaspace: 10443K(10688K)->10443K(10688K) NonClass: 9424K(9536K)->9424K(9536K) Class: 1019K(1152K)->1019K(1152K)
[46.115s][info][gc             ] GC(40) Pause Full (Allocation Failure) 3959M->3369M(3959M) 778.052ms
[46.115s][info][gc,cpu         ] GC(40) User=0.78s Sys=0.00s Real=0.78s
[46.481s][info][gc,start       ] GC(41) Pause Full (Allocation Failure)
[46.481s][info][gc,phases,start] GC(41) Phase 1: Mark live objects
[46.665s][info][gc,phases      ] GC(41) Phase 1: Mark live objects 184.465ms
[46.665s][info][gc,phases,start] GC(41) Phase 2: Compute new object addresses
[46.811s][info][gc,phases      ] GC(41) Phase 2: Compute new object addresses 145.612ms
[46.811s][info][gc,phases,start] GC(41) Phase 3: Adjust pointers
[46.956s][info][gc,phases      ] GC(41) Phase 3: Adjust pointers 144.578ms
[46.956s][info][gc,phases,start] GC(41) Phase 4: Move objects
[47.255s][info][gc,phases      ] GC(41) Phase 4: Move objects 298.892ms
[47.255s][info][gc,heap        ] GC(41) DefNew: 1258303K(1258304K)->654465K(1258304K) Eden: 1118528K(1118528K)->654465K(1118528K) From: 139775K(139776K)->0K(139776K)
[47.255s][info][gc,heap        ] GC(41) Tenured: 2796222K(2796224K)->2796222K(2796224K)
[47.255s][info][gc,metaspace   ] GC(41) Metaspace: 10443K(10688K)->10443K(10688K) NonClass: 9424K(9536K)->9424K(9536K) Class: 1019K(1152K)->1019K(1152K)
[47.255s][info][gc             ] GC(41) Pause Full (Allocation Failure) 3959M->3369M(3959M) 774.272ms
[47.255s][info][gc,cpu         ] GC(41) User=0.78s Sys=0.00s Real=0.78s
[47.618s][info][gc,start       ] GC(42) Pause Full (Allocation Failure)
[47.618s][info][gc,phases,start] GC(42) Phase 1: Mark live objects
[47.803s][info][gc,phases      ] GC(42) Phase 1: Mark live objects 184.380ms
[47.803s][info][gc,phases,start] GC(42) Phase 2: Compute new object addresses
[47.946s][info][gc,phases      ] GC(42) Phase 2: Compute new object addresses 143.771ms
[47.946s][info][gc,phases,start] GC(42) Phase 3: Adjust pointers
[48.106s][info][gc,phases      ] GC(42) Phase 3: Adjust pointers 160.038ms
[48.106s][info][gc,phases,start] GC(42) Phase 4: Move objects
[48.419s][info][gc,phases      ] GC(42) Phase 4: Move objects 312.895ms
[48.420s][info][gc,heap        ] GC(42) DefNew: 1258302K(1258304K)->514670K(1258304K) Eden: 1118528K(1118528K)->514670K(1118528K) From: 139774K(139776K)->0K(139776K)
[48.420s][info][gc,heap        ] GC(42) Tenured: 2796222K(2796224K)->2796222K(2796224K)
[48.420s][info][gc,metaspace   ] GC(42) Metaspace: 10443K(10688K)->10443K(10688K) NonClass: 9424K(9536K)->9424K(9536K) Class: 1019K(1152K)->1019K(1152K)
[48.420s][info][gc             ] GC(42) Pause Full (Allocation Failure) 3959M->3233M(3959M) 801.801ms
[48.420s][info][gc,cpu         ] GC(42) User=0.80s Sys=0.00s Real=0.80s
[48.849s][info][gc,start       ] GC(43) Pause Full (Allocation Failure)
[48.849s][info][gc,phases,start] GC(43) Phase 1: Mark live objects
[49.033s][info][gc,phases      ] GC(43) Phase 1: Mark live objects 183.831ms
[49.033s][info][gc,phases,start] GC(43) Phase 2: Compute new object addresses
[49.186s][info][gc,phases      ] GC(43) Phase 2: Compute new object addresses 152.459ms
[49.186s][info][gc,phases,start] GC(43) Phase 3: Adjust pointers
[49.349s][info][gc,phases      ] GC(43) Phase 3: Adjust pointers 162.817ms
[49.349s][info][gc,phases,start] GC(43) Phase 4: Move objects
[49.617s][info][gc,phases      ] GC(43) Phase 4: Move objects 268.593ms
[49.618s][info][gc,heap        ] GC(43) DefNew: 1258300K(1258304K)->654477K(1258304K) Eden: 1118528K(1118528K)->654477K(1118528K) From: 139772K(139776K)->0K(139776K)
[49.618s][info][gc,heap        ] GC(43) Tenured: 2796222K(2796224K)->2796222K(2796224K)
[49.618s][info][gc,metaspace   ] GC(43) Metaspace: 10443K(10688K)->10443K(10688K) NonClass: 9424K(9536K)->9424K(9536K) Class: 1019K(1152K)->1019K(1152K)
[49.618s][info][gc             ] GC(43) Pause Full (Allocation Failure) 3959M->3369M(3959M) 768.674ms
[49.618s][info][gc,cpu         ] GC(43) User=0.77s Sys=0.00s Real=0.77s
[49.985s][info][gc,start       ] GC(44) Pause Full (Allocation Failure)
[49.985s][info][gc,phases,start] GC(44) Phase 1: Mark live objects
[50.171s][info][gc,phases      ] GC(44) Phase 1: Mark live objects 185.699ms
[50.171s][info][gc,phases,start] GC(44) Phase 2: Compute new object addresses
[50.315s][info][gc,phases      ] GC(44) Phase 2: Compute new object addresses 144.518ms
[50.315s][info][gc,phases,start] GC(44) Phase 3: Adjust pointers
[50.463s][info][gc,phases      ] GC(44) Phase 3: Adjust pointers 148.347ms
[50.464s][info][gc,phases,start] GC(44) Phase 4: Move objects
[50.753s][info][gc,phases      ] GC(44) Phase 4: Move objects 289.194ms
[50.753s][info][gc,heap        ] GC(44) DefNew: 1258301K(1258304K)->654481K(1258304K) Eden: 1118528K(1118528K)->654481K(1118528K) From: 139773K(139776K)->0K(139776K)
[50.753s][info][gc,heap        ] GC(44) Tenured: 2796222K(2796224K)->2796222K(2796224K)
[50.753s][info][gc,metaspace   ] GC(44) Metaspace: 10443K(10688K)->10443K(10688K) NonClass: 9424K(9536K)->9424K(9536K) Class: 1019K(1152K)->1019K(1152K)
[50.753s][info][gc             ] GC(44) Pause Full (Allocation Failure) 3959M->3369M(3959M) 768.462ms
[50.753s][info][gc,cpu         ] GC(44) User=0.77s Sys=0.00s Real=0.77s
[51.113s][info][gc,start       ] GC(45) Pause Full (Allocation Failure)
[51.113s][info][gc,phases,start] GC(45) Phase 1: Mark live objects
[51.296s][info][gc,phases      ] GC(45) Phase 1: Mark live objects 183.126ms
[51.296s][info][gc,phases,start] GC(45) Phase 2: Compute new object addresses
[51.440s][info][gc,phases      ] GC(45) Phase 2: Compute new object addresses 144.008ms
[51.440s][info][gc,phases,start] GC(45) Phase 3: Adjust pointers
[51.597s][info][gc,phases      ] GC(45) Phase 3: Adjust pointers 156.303ms
[51.597s][info][gc,phases,start] GC(45) Phase 4: Move objects
[51.893s][info][gc,phases      ] GC(45) Phase 4: Move objects 296.489ms
[51.894s][info][gc,heap        ] GC(45) DefNew: 1258302K(1258304K)->654465K(1258304K) Eden: 1118528K(1118528K)->654465K(1118528K) From: 139774K(139776K)->0K(139776K)
[51.894s][info][gc,heap        ] GC(45) Tenured: 2796222K(2796224K)->2796222K(2796224K)
[51.894s][info][gc,metaspace   ] GC(45) Metaspace: 10443K(10688K)->10443K(10688K) NonClass: 9424K(9536K)->9424K(9536K) Class: 1019K(1152K)->1019K(1152K)
[51.894s][info][gc             ] GC(45) Pause Full (Allocation Failure) 3959M->3369M(3959M) 780.635ms
[51.894s][info][gc,cpu         ] GC(45) User=0.78s Sys=0.00s Real=0.78s
[52.255s][info][gc,start       ] GC(46) Pause Full (Allocation Failure)
[52.255s][info][gc,phases,start] GC(46) Phase 1: Mark live objects
[52.439s][info][gc,phases      ] GC(46) Phase 1: Mark live objects 183.906ms
[52.439s][info][gc,phases,start] GC(46) Phase 2: Compute new object addresses
[52.583s][info][gc,phases      ] GC(46) Phase 2: Compute new object addresses 143.575ms
[52.583s][info][gc,phases,start] GC(46) Phase 3: Adjust pointers
[52.734s][info][gc,phases      ] GC(46) Phase 3: Adjust pointers 150.763ms
[52.734s][info][gc,phases,start] GC(46) Phase 4: Move objects
[53.046s][info][gc,phases      ] GC(46) Phase 4: Move objects 311.954ms
[53.046s][info][gc,heap        ] GC(46) DefNew: 1258303K(1258304K)->514670K(1258304K) Eden: 1118528K(1118528K)->514670K(1118528K) From: 139775K(139776K)->0K(139776K)
[53.046s][info][gc,heap        ] GC(46) Tenured: 2796222K(2796224K)->2796222K(2796224K)
[53.046s][info][gc,metaspace   ] GC(46) Metaspace: 10443K(10688K)->10443K(10688K) NonClass: 9424K(9536K)->9424K(9536K) Class: 1019K(1152K)->1019K(1152K)
[53.046s][info][gc             ] GC(46) Pause Full (Allocation Failure) 3959M->3233M(3959M) 790.903ms
[53.046s][info][gc,cpu         ] GC(46) User=0.79s Sys=0.00s Real=0.79s
[53.469s][info][gc,start       ] GC(47) Pause Full (Allocation Failure)
[53.469s][info][gc,phases,start] GC(47) Phase 1: Mark live objects
[53.654s][info][gc,phases      ] GC(47) Phase 1: Mark live objects 184.512ms
[53.654s][info][gc,phases,start] GC(47) Phase 2: Compute new object addresses
[53.801s][info][gc,phases      ] GC(47) Phase 2: Compute new object addresses 147.209ms
[53.801s][info][gc,phases,start] GC(47) Phase 3: Adjust pointers
[53.950s][info][gc,phases      ] GC(47) Phase 3: Adjust pointers 148.647ms
[53.950s][info][gc,phases,start] GC(47) Phase 4: Move objects
[54.218s][info][gc,phases      ] GC(47) Phase 4: Move objects 268.035ms
[54.218s][info][gc,heap        ] GC(47) DefNew: 1258300K(1258304K)->654481K(1258304K) Eden: 1118528K(1118528K)->654481K(1118528K) From: 139772K(139776K)->0K(139776K)
[54.218s][info][gc,heap        ] GC(47) Tenured: 2796222K(2796224K)->2796222K(2796224K)
[54.218s][info][gc,metaspace   ] GC(47) Metaspace: 10443K(10688K)->10443K(10688K) NonClass: 9424K(9536K)->9424K(9536K) Class: 1019K(1152K)->1019K(1152K)
[54.218s][info][gc             ] GC(47) Pause Full (Allocation Failure) 3959M->3369M(3959M) 749.147ms
[54.218s][info][gc,cpu         ] GC(47) User=0.75s Sys=0.00s Real=0.75s
[54.582s][info][gc,start       ] GC(48) Pause Full (Allocation Failure)
[54.582s][info][gc,phases,start] GC(48) Phase 1: Mark live objects
[54.769s][info][gc,phases      ] GC(48) Phase 1: Mark live objects 186.417ms
[54.769s][info][gc,phases,start] GC(48) Phase 2: Compute new object addresses
[54.909s][info][gc,phases      ] GC(48) Phase 2: Compute new object addresses 140.165ms
[54.909s][info][gc,phases,start] GC(48) Phase 3: Adjust pointers
[55.067s][info][gc,phases      ] GC(48) Phase 3: Adjust pointers 158.509ms
[55.067s][info][gc,phases,start] GC(48) Phase 4: Move objects
[55.357s][info][gc,phases      ] GC(48) Phase 4: Move objects 289.330ms
[55.357s][info][gc,heap        ] GC(48) DefNew: 1258302K(1258304K)->654481K(1258304K) Eden: 1118528K(1118528K)->654481K(1118528K) From: 139774K(139776K)->0K(139776K)
[55.357s][info][gc,heap        ] GC(48) Tenured: 2796222K(2796224K)->2796222K(2796224K)
[55.357s][info][gc,metaspace   ] GC(48) Metaspace: 10443K(10688K)->10443K(10688K) NonClass: 9424K(9536K)->9424K(9536K) Class: 1019K(1152K)->1019K(1152K)
[55.357s][info][gc             ] GC(48) Pause Full (Allocation Failure) 3959M->3369M(3959M) 775.142ms
[55.357s][info][gc,cpu         ] GC(48) User=0.77s Sys=0.00s Real=0.78s
[55.722s][info][gc,start       ] GC(49) Pause Full (Allocation Failure)
[55.722s][info][gc,phases,start] GC(49) Phase 1: Mark live objects
[55.906s][info][gc,phases      ] GC(49) Phase 1: Mark live objects 183.906ms
[55.906s][info][gc,phases,start] GC(49) Phase 2: Compute new object addresses
[56.051s][info][gc,phases      ] GC(49) Phase 2: Compute new object addresses 144.988ms
[56.051s][info][gc,phases,start] GC(49) Phase 3: Adjust pointers
[56.209s][info][gc,phases      ] GC(49) Phase 3: Adjust pointers 158.461ms
[56.209s][info][gc,phases,start] GC(49) Phase 4: Move objects
[56.507s][info][gc,phases      ] GC(49) Phase 4: Move objects 297.609ms
[56.507s][info][gc,heap        ] GC(49) DefNew: 1258301K(1258304K)->654481K(1258304K) Eden: 1118528K(1118528K)->654481K(1118528K) From: 139773K(139776K)->0K(139776K)
[56.507s][info][gc,heap        ] GC(49) Tenured: 2796222K(2796224K)->2796222K(2796224K)
[56.507s][info][gc,metaspace   ] GC(49) Metaspace: 10443K(10688K)->10443K(10688K) NonClass: 9424K(9536K)->9424K(9536K) Class: 1019K(1152K)->1019K(1152K)
[56.507s][info][gc             ] GC(49) Pause Full (Allocation Failure) 3959M->3369M(3959M) 785.687ms
[56.507s][info][gc,cpu         ] GC(49) User=0.79s Sys=0.00s Real=0.79s
[56.869s][info][gc,start       ] GC(50) Pause Full (Allocation Failure)
[56.869s][info][gc,phases,start] GC(50) Phase 1: Mark live objects
[57.054s][info][gc,phases      ] GC(50) Phase 1: Mark live objects 184.713ms
[57.054s][info][gc,phases,start] GC(50) Phase 2: Compute new object addresses
[57.181s][info][gc,phases      ] GC(50) Phase 2: Compute new object addresses 127.256ms
[57.181s][info][gc,phases,start] GC(50) Phase 3: Adjust pointers
[57.332s][info][gc,phases      ] GC(50) Phase 3: Adjust pointers 150.901ms
[57.332s][info][gc,phases,start] GC(50) Phase 4: Move objects
[57.643s][info][gc,phases      ] GC(50) Phase 4: Move objects 310.603ms
[57.643s][info][gc,heap        ] GC(50) DefNew: 1258300K(1258304K)->514670K(1258304K) Eden: 1118528K(1118528K)->514670K(1118528K) From: 139772K(139776K)->0K(139776K)
[57.643s][info][gc,heap        ] GC(50) Tenured: 2796222K(2796224K)->2796222K(2796224K)
[57.643s][info][gc,metaspace   ] GC(50) Metaspace: 10443K(10688K)->10443K(10688K) NonClass: 9424K(9536K)->9424K(9536K) Class: 1019K(1152K)->1019K(1152K)
[57.643s][info][gc             ] GC(50) Pause Full (Allocation Failure) 3959M->3233M(3959M) 774.173ms
[57.643s][info][gc,cpu         ] GC(50) User=0.77s Sys=0.00s Real=0.77s
[58.057s][info][gc,start       ] GC(51) Pause Full (Allocation Failure)
[58.057s][info][gc,phases,start] GC(51) Phase 1: Mark live objects
[58.241s][info][gc,phases      ] GC(51) Phase 1: Mark live objects 183.647ms
[58.241s][info][gc,phases,start] GC(51) Phase 2: Compute new object addresses
[58.386s][info][gc,phases      ] GC(51) Phase 2: Compute new object addresses 144.450ms
[58.386s][info][gc,phases,start] GC(51) Phase 3: Adjust pointers
[58.540s][info][gc,phases      ] GC(51) Phase 3: Adjust pointers 154.358ms
[58.540s][info][gc,phases,start] GC(51) Phase 4: Move objects
[58.807s][info][gc,phases      ] GC(51) Phase 4: Move objects 266.923ms
[58.807s][info][gc,heap        ] GC(51) DefNew: 1258302K(1258304K)->654477K(1258304K) Eden: 1118528K(1118528K)->654477K(1118528K) From: 139774K(139776K)->0K(139776K)
[58.816s][info][gc,heap        ] GC(51) Tenured: 2796222K(2796224K)->2796222K(2796224K)
[58.816s][info][gc,metaspace   ] GC(51) Metaspace: 10443K(10688K)->10443K(10688K) NonClass: 9424K(9536K)->9424K(9536K) Class: 1019K(1152K)->1019K(1152K)
[58.816s][info][gc             ] GC(51) Pause Full (Allocation Failure) 3959M->3369M(3959M) 758.274ms
[58.816s][info][gc,cpu         ] GC(51) User=0.75s Sys=0.00s Real=0.76s
[59.180s][info][gc,start       ] GC(52) Pause Full (Allocation Failure)
[59.180s][info][gc,phases,start] GC(52) Phase 1: Mark live objects
[59.364s][info][gc,phases      ] GC(52) Phase 1: Mark live objects 183.738ms
[59.364s][info][gc,phases,start] GC(52) Phase 2: Compute new object addresses
[59.509s][info][gc,phases      ] GC(52) Phase 2: Compute new object addresses 144.794ms
[59.509s][info][gc,phases,start] GC(52) Phase 3: Adjust pointers
[59.656s][info][gc,phases      ] GC(52) Phase 3: Adjust pointers 147.336ms
[59.656s][info][gc,phases,start] GC(52) Phase 4: Move objects
[59.946s][info][gc,phases      ] GC(52) Phase 4: Move objects 289.979ms
[59.946s][info][gc,heap        ] GC(52) DefNew: 1258303K(1258304K)->654477K(1258304K) Eden: 1118528K(1118528K)->654477K(1118528K) From: 139775K(139776K)->0K(139776K)
[59.946s][info][gc,heap        ] GC(52) Tenured: 2796222K(2796224K)->2796222K(2796224K)
[59.946s][info][gc,metaspace   ] GC(52) Metaspace: 10443K(10688K)->10443K(10688K) NonClass: 9424K(9536K)->9424K(9536K) Class: 1019K(1152K)->1019K(1152K)
[59.947s][info][gc             ] GC(52) Pause Full (Allocation Failure) 3959M->3369M(3959M) 766.588ms
[59.947s][info][gc,cpu         ] GC(52) User=0.77s Sys=0.00s Real=0.77s
[60.320s][info][gc,start       ] GC(53) Pause Full (Allocation Failure)
[60.320s][info][gc,phases,start] GC(53) Phase 1: Mark live objects
[60.505s][info][gc,phases      ] GC(53) Phase 1: Mark live objects 184.844ms
[60.505s][info][gc,phases,start] GC(53) Phase 2: Compute new object addresses
[60.648s][info][gc,phases      ] GC(53) Phase 2: Compute new object addresses 143.577ms
[60.649s][info][gc,phases,start] GC(53) Phase 3: Adjust pointers
[60.800s][info][gc,phases      ] GC(53) Phase 3: Adjust pointers 151.188ms
[60.800s][info][gc,phases,start] GC(53) Phase 4: Move objects
[61.096s][info][gc,phases      ] GC(53) Phase 4: Move objects 295.865ms
[61.096s][info][gc,heap        ] GC(53) DefNew: 1258300K(1258304K)->654513K(1258304K) Eden: 1118528K(1118528K)->654513K(1118528K) From: 139772K(139776K)->0K(139776K)
[61.096s][info][gc,heap        ] GC(53) Tenured: 2796222K(2796224K)->2796222K(2796224K)
[61.096s][info][gc,metaspace   ] GC(53) Metaspace: 10562K(10816K)->10562K(10816K) NonClass: 9527K(9664K)->9527K(9664K) Class: 1034K(1152K)->1034K(1152K)
[61.096s][info][gc             ] GC(53) Pause Full (Allocation Failure) 3959M->3369M(3959M) 776.156ms
[61.096s][info][gc,cpu         ] GC(53) User=0.78s Sys=0.00s Real=0.78s
[61.458s][info][gc,start       ] GC(54) Pause Full (Allocation Failure)
[61.458s][info][gc,phases,start] GC(54) Phase 1: Mark live objects
[61.642s][info][gc,phases      ] GC(54) Phase 1: Mark live objects 183.973ms
[61.642s][info][gc,phases,start] GC(54) Phase 2: Compute new object addresses
[61.786s][info][gc,phases      ] GC(54) Phase 2: Compute new object addresses 143.330ms
[61.786s][info][gc,phases,start] GC(54) Phase 3: Adjust pointers
[61.924s][info][gc,phases      ] GC(54) Phase 3: Adjust pointers 138.717ms
[61.924s][info][gc,phases,start] GC(54) Phase 4: Move objects
[62.236s][info][gc,phases      ] GC(54) Phase 4: Move objects 311.160ms
[62.236s][info][gc,heap        ] GC(54) DefNew: 1258303K(1258304K)->514715K(1258304K) Eden: 1118528K(1118528K)->514715K(1118528K) From: 139775K(139776K)->0K(139776K)
[62.236s][info][gc,heap        ] GC(54) Tenured: 2796222K(2796224K)->2796220K(2796224K)
[62.236s][info][gc,metaspace   ] GC(54) Metaspace: 10562K(10816K)->10562K(10816K) NonClass: 9527K(9664K)->9527K(9664K) Class: 1034K(1152K)->1034K(1152K)
[62.236s][info][gc             ] GC(54) Pause Full (Allocation Failure) 3959M->3233M(3959M) 777.892ms
[62.236s][info][gc,cpu         ] GC(54) User=0.78s Sys=0.00s Real=0.78s
[62.654s][info][gc,start       ] GC(55) Pause Full (Allocation Failure)
[62.654s][info][gc,phases,start] GC(55) Phase 1: Mark live objects
[62.837s][info][gc,phases      ] GC(55) Phase 1: Mark live objects 183.199ms
[62.837s][info][gc,phases,start] GC(55) Phase 2: Compute new object addresses
[62.970s][info][gc,phases      ] GC(55) Phase 2: Compute new object addresses 133.088ms
[62.970s][info][gc,phases,start] GC(55) Phase 3: Adjust pointers
[63.133s][info][gc,phases      ] GC(55) Phase 3: Adjust pointers 162.473ms
[63.133s][info][gc,phases,start] GC(55) Phase 4: Move objects
[63.401s][info][gc,phases      ] GC(55) Phase 4: Move objects 267.824ms
[63.401s][info][gc,heap        ] GC(55) DefNew: 1258300K(1258304K)->654526K(1258304K) Eden: 1118528K(1118528K)->654526K(1118528K) From: 139772K(139776K)->0K(139776K)
[63.401s][info][gc,heap        ] GC(55) Tenured: 2796220K(2796224K)->2796220K(2796224K)
[63.401s][info][gc,metaspace   ] GC(55) Metaspace: 10562K(10816K)->10562K(10816K) NonClass: 9527K(9664K)->9527K(9664K) Class: 1034K(1152K)->1034K(1152K)
[63.401s][info][gc             ] GC(55) Pause Full (Allocation Failure) 3959M->3369M(3959M) 747.287ms
[63.401s][info][gc,cpu         ] GC(55) User=0.74s Sys=0.00s Real=0.74s
[63.761s][info][gc,start       ] GC(56) Pause Full (Allocation Failure)
[63.762s][info][gc,phases,start] GC(56) Phase 1: Mark live objects
[63.946s][info][gc,phases      ] GC(56) Phase 1: Mark live objects 184.591ms
[63.946s][info][gc,phases,start] GC(56) Phase 2: Compute new object addresses
[64.091s][info][gc,phases      ] GC(56) Phase 2: Compute new object addresses 144.864ms
[64.091s][info][gc,phases,start] GC(56) Phase 3: Adjust pointers
[64.239s][info][gc,phases      ] GC(56) Phase 3: Adjust pointers 147.921ms
[64.239s][info][gc,phases,start] GC(56) Phase 4: Move objects
[64.526s][info][gc,phases      ] GC(56) Phase 4: Move objects 286.998ms
[64.526s][info][gc,heap        ] GC(56) DefNew: 1258300K(1258304K)->654518K(1258304K) Eden: 1118528K(1118528K)->654518K(1118528K) From: 139772K(139776K)->0K(139776K)
[64.526s][info][gc,heap        ] GC(56) Tenured: 2796220K(2796224K)->2796220K(2796224K)
[64.527s][info][gc,metaspace   ] GC(56) Metaspace: 10562K(10816K)->10562K(10816K) NonClass: 9527K(9664K)->9527K(9664K) Class: 1034K(1152K)->1034K(1152K)
[64.527s][info][gc             ] GC(56) Pause Full (Allocation Failure) 3959M->3369M(3959M) 765.095ms
[64.527s][info][gc,cpu         ] GC(56) User=0.77s Sys=0.00s Real=0.77s
[64.890s][info][gc,start       ] GC(57) Pause Full (Allocation Failure)
[64.890s][info][gc,phases,start] GC(57) Phase 1: Mark live objects
[65.074s][info][gc,phases      ] GC(57) Phase 1: Mark live objects 183.905ms
[65.074s][info][gc,phases,start] GC(57) Phase 2: Compute new object addresses
[65.214s][info][gc,phases      ] GC(57) Phase 2: Compute new object addresses 140.684ms
[65.215s][info][gc,phases,start] GC(57) Phase 3: Adjust pointers
[65.366s][info][gc,phases      ] GC(57) Phase 3: Adjust pointers 151.107ms
[65.366s][info][gc,phases,start] GC(57) Phase 4: Move objects
[65.663s][info][gc,phases      ] GC(57) Phase 4: Move objects 297.280ms
[65.663s][info][gc,heap        ] GC(57) DefNew: 1258302K(1258304K)->654526K(1258304K) Eden: 1118528K(1118528K)->654526K(1118528K) From: 139774K(139776K)->0K(139776K)
[65.663s][info][gc,heap        ] GC(57) Tenured: 2796220K(2796224K)->2796220K(2796224K)
[65.663s][info][gc,metaspace   ] GC(57) Metaspace: 10562K(10816K)->10562K(10816K) NonClass: 9527K(9664K)->9527K(9664K) Class: 1034K(1152K)->1034K(1152K)
[65.663s][info][gc             ] GC(57) Pause Full (Allocation Failure) 3959M->3369M(3959M) 773.733ms
[65.664s][info][gc,cpu         ] GC(57) User=0.78s Sys=0.00s Real=0.77s
[66.039s][info][gc,start       ] GC(58) Pause Full (Allocation Failure)
[66.039s][info][gc,phases,start] GC(58) Phase 1: Mark live objects
[66.223s][info][gc,phases      ] GC(58) Phase 1: Mark live objects 184.126ms
[66.223s][info][gc,phases,start] GC(58) Phase 2: Compute new object addresses
[66.353s][info][gc,phases      ] GC(58) Phase 2: Compute new object addresses 130.091ms
[66.353s][info][gc,phases,start] GC(58) Phase 3: Adjust pointers
[66.514s][info][gc,phases      ] GC(58) Phase 3: Adjust pointers 160.535ms
[66.514s][info][gc,phases,start] GC(58) Phase 4: Move objects
[66.827s][info][gc,phases      ] GC(58) Phase 4: Move objects 313.108ms
[66.827s][info][gc,heap        ] GC(58) DefNew: 1258300K(1258304K)->514715K(1258304K) Eden: 1118528K(1118528K)->514715K(1118528K) From: 139772K(139776K)->0K(139776K)
[66.827s][info][gc,heap        ] GC(58) Tenured: 2796220K(2796224K)->2796220K(2796224K)
[66.827s][info][gc,metaspace   ] GC(58) Metaspace: 10562K(10816K)->10562K(10816K) NonClass: 9527K(9664K)->9527K(9664K) Class: 1034K(1152K)->1034K(1152K)
[66.828s][info][gc             ] GC(58) Pause Full (Allocation Failure) 3959M->3233M(3959M) 788.567ms
[66.828s][info][gc,cpu         ] GC(58) User=0.79s Sys=0.00s Real=0.79s
[67.252s][info][gc,start       ] GC(59) Pause Full (Allocation Failure)
[67.252s][info][gc,phases,start] GC(59) Phase 1: Mark live objects
[67.436s][info][gc,phases      ] GC(59) Phase 1: Mark live objects 183.607ms
[67.436s][info][gc,phases,start] GC(59) Phase 2: Compute new object addresses
[67.584s][info][gc,phases      ] GC(59) Phase 2: Compute new object addresses 147.941ms
[67.584s][info][gc,phases,start] GC(59) Phase 3: Adjust pointers
[67.746s][info][gc,phases      ] GC(59) Phase 3: Adjust pointers 162.329ms
[67.746s][info][gc,phases,start] GC(59) Phase 4: Move objects
[68.014s][info][gc,phases      ] GC(59) Phase 4: Move objects 268.058ms
[68.015s][info][gc,heap        ] GC(59) DefNew: 1258303K(1258304K)->654526K(1258304K) Eden: 1118528K(1118528K)->654526K(1118528K) From: 139775K(139776K)->0K(139776K)
[68.015s][info][gc,heap        ] GC(59) Tenured: 2796220K(2796224K)->2796220K(2796224K)
[68.015s][info][gc,metaspace   ] GC(59) Metaspace: 10562K(10816K)->10562K(10816K) NonClass: 9527K(9664K)->9527K(9664K) Class: 1034K(1152K)->1034K(1152K)
[68.015s][info][gc             ] GC(59) Pause Full (Allocation Failure) 3959M->3369M(3959M) 762.637ms
[68.015s][info][gc,cpu         ] GC(59) User=0.76s Sys=0.00s Real=0.77s
[68.376s][info][gc,start       ] GC(60) Pause Full (Allocation Failure)
[68.376s][info][gc,phases,start] GC(60) Phase 1: Mark live objects
[68.560s][info][gc,phases      ] GC(60) Phase 1: Mark live objects 184.010ms
[68.560s][info][gc,phases,start] GC(60) Phase 2: Compute new object addresses
[68.700s][info][gc,phases      ] GC(60) Phase 2: Compute new object addresses 140.124ms
[68.700s][info][gc,phases,start] GC(60) Phase 3: Adjust pointers
[68.852s][info][gc,phases      ] GC(60) Phase 3: Adjust pointers 151.995ms
[68.852s][info][gc,phases,start] GC(60) Phase 4: Move objects
[69.142s][info][gc,phases      ] GC(60) Phase 4: Move objects 290.346ms
[69.143s][info][gc,heap        ] GC(60) DefNew: 1258303K(1258304K)->654526K(1258304K) Eden: 1118528K(1118528K)->654526K(1118528K) From: 139775K(139776K)->0K(139776K)
[69.143s][info][gc,heap        ] GC(60) Tenured: 2796220K(2796224K)->2796220K(2796224K)
[69.143s][info][gc,metaspace   ] GC(60) Metaspace: 10562K(10816K)->10562K(10816K) NonClass: 9527K(9664K)->9527K(9664K) Class: 1034K(1152K)->1034K(1152K)
[69.143s][info][gc             ] GC(60) Pause Full (Allocation Failure) 3959M->3369M(3959M) 767.185ms
[69.143s][info][gc,cpu         ] GC(60) User=0.77s Sys=0.00s Real=0.76s
[69.505s][info][gc,start       ] GC(61) Pause Full (Allocation Failure)
[69.505s][info][gc,phases,start] GC(61) Phase 1: Mark live objects
[69.691s][info][gc,phases      ] GC(61) Phase 1: Mark live objects 185.794ms
[69.691s][info][gc,phases,start] GC(61) Phase 2: Compute new object addresses
[69.823s][info][gc,phases      ] GC(61) Phase 2: Compute new object addresses 132.609ms
[69.823s][info][gc,phases,start] GC(61) Phase 3: Adjust pointers
[69.981s][info][gc,phases      ] GC(61) Phase 3: Adjust pointers 158.159ms
[69.982s][info][gc,phases,start] GC(61) Phase 4: Move objects
[70.277s][info][gc,phases      ] GC(61) Phase 4: Move objects 294.959ms
[70.277s][info][gc,heap        ] GC(61) DefNew: 1258300K(1258304K)->654526K(1258304K) Eden: 1118528K(1118528K)->654526K(1118528K) From: 139772K(139776K)->0K(139776K)
[70.277s][info][gc,heap        ] GC(61) Tenured: 2796220K(2796224K)->2796220K(2796224K)
[70.277s][info][gc,metaspace   ] GC(61) Metaspace: 10562K(10816K)->10562K(10816K) NonClass: 9527K(9664K)->9527K(9664K) Class: 1034K(1152K)->1034K(1152K)
[70.277s][info][gc             ] GC(61) Pause Full (Allocation Failure) 3959M->3369M(3959M) 772.267ms
[70.277s][info][gc,cpu         ] GC(61) User=0.77s Sys=0.00s Real=0.77s
[70.641s][info][gc,start       ] GC(62) Pause Full (Allocation Failure)
[70.641s][info][gc,phases,start] GC(62) Phase 1: Mark live objects
[70.828s][info][gc,phases      ] GC(62) Phase 1: Mark live objects 186.128ms
[70.828s][info][gc,phases,start] GC(62) Phase 2: Compute new object addresses
[70.972s][info][gc,phases      ] GC(62) Phase 2: Compute new object addresses 144.570ms
[70.972s][info][gc,phases,start] GC(62) Phase 3: Adjust pointers
[71.132s][info][gc,phases      ] GC(62) Phase 3: Adjust pointers 159.938ms
[71.132s][info][gc,phases,start] GC(62) Phase 4: Move objects
[71.445s][info][gc,phases      ] GC(62) Phase 4: Move objects 312.579ms
[71.445s][info][gc,heap        ] GC(62) DefNew: 1258302K(1258304K)->514715K(1258304K) Eden: 1118528K(1118528K)->514715K(1118528K) From: 139774K(139776K)->0K(139776K)
[71.445s][info][gc,heap        ] GC(62) Tenured: 2796220K(2796224K)->2796220K(2796224K)
[71.445s][info][gc,metaspace   ] GC(62) Metaspace: 10562K(10816K)->10562K(10816K) NonClass: 9527K(9664K)->9527K(9664K) Class: 1034K(1152K)->1034K(1152K)
[71.445s][info][gc             ] GC(62) Pause Full (Allocation Failure) 3959M->3233M(3959M) 803.913ms
[71.445s][info][gc,cpu         ] GC(62) User=0.81s Sys=0.00s Real=0.81s
[71.862s][info][gc,start       ] GC(63) Pause Full (Allocation Failure)
[71.862s][info][gc,phases,start] GC(63) Phase 1: Mark live objects
[72.048s][info][gc,phases      ] GC(63) Phase 1: Mark live objects 185.933ms
[72.048s][info][gc,phases,start] GC(63) Phase 2: Compute new object addresses
[72.199s][info][gc,phases      ] GC(63) Phase 2: Compute new object addresses 150.823ms
[72.199s][info][gc,phases,start] GC(63) Phase 3: Adjust pointers
[72.362s][info][gc,phases      ] GC(63) Phase 3: Adjust pointers 163.234ms
[72.362s][info][gc,phases,start] GC(63) Phase 4: Move objects
[72.632s][info][gc,phases      ] GC(63) Phase 4: Move objects 269.482ms
[72.632s][info][gc,heap        ] GC(63) DefNew: 1258301K(1258304K)->654526K(1258304K) Eden: 1118528K(1118528K)->654526K(1118528K) From: 139773K(139776K)->0K(139776K)
[72.632s][info][gc,heap        ] GC(63) Tenured: 2796220K(2796224K)->2796220K(2796224K)
[72.632s][info][gc,metaspace   ] GC(63) Metaspace: 10562K(10816K)->10562K(10816K) NonClass: 9527K(9664K)->9527K(9664K) Class: 1034K(1152K)->1034K(1152K)
[72.632s][info][gc             ] GC(63) Pause Full (Allocation Failure) 3959M->3369M(3959M) 770.189ms
[72.632s][info][gc,cpu         ] GC(63) User=0.77s Sys=0.00s Real=0.77s
[72.994s][info][gc,start       ] GC(64) Pause Full (Allocation Failure)
[72.995s][info][gc,phases,start] GC(64) Phase 1: Mark live objects
[73.178s][info][gc,phases      ] GC(64) Phase 1: Mark live objects 183.028ms
[73.178s][info][gc,phases,start] GC(64) Phase 2: Compute new object addresses
[73.307s][info][gc,phases      ] GC(64) Phase 2: Compute new object addresses 128.902ms
[73.307s][info][gc,phases,start] GC(64) Phase 3: Adjust pointers
[73.453s][info][gc,phases      ] GC(64) Phase 3: Adjust pointers 146.220ms
[73.453s][info][gc,phases,start] GC(64) Phase 4: Move objects
[73.744s][info][gc,phases      ] GC(64) Phase 4: Move objects 290.840ms
[73.744s][info][gc,heap        ] GC(64) DefNew: 1258302K(1258304K)->654518K(1258304K) Eden: 1118528K(1118528K)->654518K(1118528K) From: 139774K(139776K)->0K(139776K)
[73.744s][info][gc,heap        ] GC(64) Tenured: 2796220K(2796224K)->2796220K(2796224K)
[73.744s][info][gc,metaspace   ] GC(64) Metaspace: 10562K(10816K)->10562K(10816K) NonClass: 9527K(9664K)->9527K(9664K) Class: 1034K(1152K)->1034K(1152K)
[73.744s][info][gc             ] GC(64) Pause Full (Allocation Failure) 3959M->3369M(3959M) 749.704ms
[73.744s][info][gc,cpu         ] GC(64) User=0.74s Sys=0.01s Real=0.74s
[74.104s][info][gc,start       ] GC(65) Pause Full (Allocation Failure)
[74.104s][info][gc,phases,start] GC(65) Phase 1: Mark live objects
[74.289s][info][gc,phases      ] GC(65) Phase 1: Mark live objects 184.534ms
[74.289s][info][gc,phases,start] GC(65) Phase 2: Compute new object addresses
[74.433s][info][gc,phases      ] GC(65) Phase 2: Compute new object addresses 143.809ms
[74.433s][info][gc,phases,start] GC(65) Phase 3: Adjust pointers
[74.578s][info][gc,phases      ] GC(65) Phase 3: Adjust pointers 145.360ms
[74.578s][info][gc,phases,start] GC(65) Phase 4: Move objects
[74.874s][info][gc,phases      ] GC(65) Phase 4: Move objects 295.905ms
[74.874s][info][gc,heap        ] GC(65) DefNew: 1258300K(1258304K)->654526K(1258304K) Eden: 1118528K(1118528K)->654526K(1118528K) From: 139772K(139776K)->0K(139776K)
[74.874s][info][gc,heap        ] GC(65) Tenured: 2796220K(2796224K)->2796220K(2796224K)
[74.874s][info][gc,metaspace   ] GC(65) Metaspace: 10562K(10816K)->10562K(10816K) NonClass: 9527K(9664K)->9527K(9664K) Class: 1034K(1152K)->1034K(1152K)
[74.874s][info][gc             ] GC(65) Pause Full (Allocation Failure) 3959M->3369M(3959M) 770.313ms
[74.874s][info][gc,cpu         ] GC(65) User=0.77s Sys=0.00s Real=0.78s
[75.235s][info][gc,start       ] GC(66) Pause Full (Allocation Failure)
[75.235s][info][gc,phases,start] GC(66) Phase 1: Mark live objects
[75.420s][info][gc,phases      ] GC(66) Phase 1: Mark live objects 185.099ms
[75.420s][info][gc,phases,start] GC(66) Phase 2: Compute new object addresses
[75.562s][info][gc,phases      ] GC(66) Phase 2: Compute new object addresses 141.896ms
[75.562s][info][gc,phases,start] GC(66) Phase 3: Adjust pointers
[75.712s][info][gc,phases      ] GC(66) Phase 3: Adjust pointers 149.975ms
[75.712s][info][gc,phases,start] GC(66) Phase 4: Move objects
[76.024s][info][gc,phases      ] GC(66) Phase 4: Move objects 312.056ms
[76.024s][info][gc,heap        ] GC(66) DefNew: 1258301K(1258304K)->514715K(1258304K) Eden: 1118528K(1118528K)->514715K(1118528K) From: 139773K(139776K)->0K(139776K)
[76.024s][info][gc,heap        ] GC(66) Tenured: 2796220K(2796224K)->2796220K(2796224K)
[76.024s][info][gc,metaspace   ] GC(66) Metaspace: 10562K(10816K)->10562K(10816K) NonClass: 9527K(9664K)->9527K(9664K) Class: 1034K(1152K)->1034K(1152K)
[76.025s][info][gc             ] GC(66) Pause Full (Allocation Failure) 3959M->3233M(3959M) 789.754ms
[76.025s][info][gc,cpu         ] GC(66) User=0.79s Sys=0.00s Real=0.79s
[76.440s][info][gc,start       ] GC(67) Pause Full (Allocation Failure)
[76.440s][info][gc,phases,start] GC(67) Phase 1: Mark live objects
[76.624s][info][gc,phases      ] GC(67) Phase 1: Mark live objects 183.931ms
[76.624s][info][gc,phases,start] GC(67) Phase 2: Compute new object addresses
[76.770s][info][gc,phases      ] GC(67) Phase 2: Compute new object addresses 145.715ms
[76.770s][info][gc,phases,start] GC(67) Phase 3: Adjust pointers
[76.930s][info][gc,phases      ] GC(67) Phase 3: Adjust pointers 160.071ms
[76.930s][info][gc,phases,start] GC(67) Phase 4: Move objects
[77.199s][info][gc,phases      ] GC(67) Phase 4: Move objects 268.803ms
[77.199s][info][gc,heap        ] GC(67) DefNew: 1258300K(1258304K)->654526K(1258304K) Eden: 1118528K(1118528K)->654526K(1118528K) From: 139772K(139776K)->0K(139776K)
[77.199s][info][gc,heap        ] GC(67) Tenured: 2796220K(2796224K)->2796220K(2796224K)
[77.199s][info][gc,metaspace   ] GC(67) Metaspace: 10562K(10816K)->10562K(10816K) NonClass: 9527K(9664K)->9527K(9664K) Class: 1034K(1152K)->1034K(1152K)
[77.199s][info][gc             ] GC(67) Pause Full (Allocation Failure) 3959M->3369M(3959M) 759.263ms
[77.199s][info][gc,cpu         ] GC(67) User=0.75s Sys=0.00s Real=0.76s
[77.567s][info][gc,start       ] GC(68) Pause Full (Allocation Failure)
[77.567s][info][gc,phases,start] GC(68) Phase 1: Mark live objects
[77.756s][info][gc,phases      ] GC(68) Phase 1: Mark live objects 188.475ms
[77.756s][info][gc,phases,start] GC(68) Phase 2: Compute new object addresses
[77.880s][info][gc,phases      ] GC(68) Phase 2: Compute new object addresses 124.431ms
[77.880s][info][gc,phases,start] GC(68) Phase 3: Adjust pointers
[78.021s][info][gc,phases      ] GC(68) Phase 3: Adjust pointers 141.103ms
[78.021s][info][gc,phases,start] GC(68) Phase 4: Move objects
[78.310s][info][gc,phases      ] GC(68) Phase 4: Move objects 288.891ms
[78.311s][info][gc,heap        ] GC(68) DefNew: 1258303K(1258304K)->654526K(1258304K) Eden: 1118528K(1118528K)->654526K(1118528K) From: 139775K(139776K)->0K(139776K)
[78.311s][info][gc,heap        ] GC(68) Tenured: 2796220K(2796224K)->2796220K(2796224K)
[78.311s][info][gc,metaspace   ] GC(68) Metaspace: 10562K(10816K)->10562K(10816K) NonClass: 9527K(9664K)->9527K(9664K) Class: 1034K(1152K)->1034K(1152K)
[78.311s][info][gc             ] GC(68) Pause Full (Allocation Failure) 3959M->3369M(3959M) 743.584ms
[78.311s][info][gc,cpu         ] GC(68) User=0.75s Sys=0.00s Real=0.74s
[78.672s][info][gc,start       ] GC(69) Pause Full (Allocation Failure)
[78.672s][info][gc,phases,start] GC(69) Phase 1: Mark live objects
[78.844s][info][gc,phases      ] GC(69) Phase 1: Mark live objects 172.286ms
[78.844s][info][gc,phases,start] GC(69) Phase 2: Compute new object addresses
[78.976s][info][gc,phases      ] GC(69) Phase 2: Compute new object addresses 132.526ms
[78.977s][info][gc,phases,start] GC(69) Phase 3: Adjust pointers
[79.117s][info][gc,phases      ] GC(69) Phase 3: Adjust pointers 140.761ms
[79.117s][info][gc,phases,start] GC(69) Phase 4: Move objects
[79.418s][info][gc,phases      ] GC(69) Phase 4: Move objects 300.184ms
[79.418s][info][gc,heap        ] GC(69) DefNew: 1258302K(1258304K)->654522K(1258304K) Eden: 1118528K(1118528K)->654522K(1118528K) From: 139774K(139776K)->0K(139776K)
[79.418s][info][gc,heap        ] GC(69) Tenured: 2796220K(2796224K)->2796220K(2796224K)
[79.418s][info][gc,metaspace   ] GC(69) Metaspace: 10562K(10816K)->10562K(10816K) NonClass: 9527K(9664K)->9527K(9664K) Class: 1034K(1152K)->1034K(1152K)
[79.418s][info][gc             ] GC(69) Pause Full (Allocation Failure) 3959M->3369M(3959M) 746.445ms
[79.418s][info][gc,cpu         ] GC(69) User=0.74s Sys=0.00s Real=0.75s
[79.777s][info][gc,start       ] GC(70) Pause Full (Allocation Failure)
[79.777s][info][gc,phases,start] GC(70) Phase 1: Mark live objects
[79.943s][info][gc,phases      ] GC(70) Phase 1: Mark live objects 165.953ms
[79.943s][info][gc,phases,start] GC(70) Phase 2: Compute new object addresses
[80.088s][info][gc,phases      ] GC(70) Phase 2: Compute new object addresses 145.110ms
[80.088s][info][gc,phases,start] GC(70) Phase 3: Adjust pointers
[80.246s][info][gc,phases      ] GC(70) Phase 3: Adjust pointers 157.923ms
[80.246s][info][gc,phases,start] GC(70) Phase 4: Move objects
[80.558s][info][gc,phases      ] GC(70) Phase 4: Move objects 312.125ms
[80.558s][info][gc,heap        ] GC(70) DefNew: 1258300K(1258304K)->514715K(1258304K) Eden: 1118528K(1118528K)->514715K(1118528K) From: 139772K(139776K)->0K(139776K)
[80.558s][info][gc,heap        ] GC(70) Tenured: 2796220K(2796224K)->2796220K(2796224K)
[80.558s][info][gc,metaspace   ] GC(70) Metaspace: 10562K(10816K)->10562K(10816K) NonClass: 9527K(9664K)->9527K(9664K) Class: 1034K(1152K)->1034K(1152K)
[80.558s][info][gc             ] GC(70) Pause Full (Allocation Failure) 3959M->3233M(3959M) 781.879ms
[80.558s][info][gc,cpu         ] GC(70) User=0.78s Sys=0.00s Real=0.78s
[80.972s][info][gc,start       ] GC(71) Pause Full (Allocation Failure)
[80.972s][info][gc,phases,start] GC(71) Phase 1: Mark live objects
[81.145s][info][gc,phases      ] GC(71) Phase 1: Mark live objects 172.605ms
[81.145s][info][gc,phases,start] GC(71) Phase 2: Compute new object addresses
[81.277s][info][gc,phases      ] GC(71) Phase 2: Compute new object addresses 131.927ms
[81.277s][info][gc,phases,start] GC(71) Phase 3: Adjust pointers
[81.423s][info][gc,phases      ] GC(71) Phase 3: Adjust pointers 146.697ms
[81.423s][info][gc,phases,start] GC(71) Phase 4: Move objects
[81.693s][info][gc,phases      ] GC(71) Phase 4: Move objects 270.038ms
[81.694s][info][gc,heap        ] GC(71) DefNew: 1258303K(1258304K)->654526K(1258304K) Eden: 1118528K(1118528K)->654526K(1118528K) From: 139775K(139776K)->0K(139776K)
[81.694s][info][gc,heap        ] GC(71) Tenured: 2796220K(2796224K)->2796220K(2796224K)
[81.694s][info][gc,metaspace   ] GC(71) Metaspace: 10562K(10816K)->10562K(10816K) NonClass: 9527K(9664K)->9527K(9664K) Class: 1034K(1152K)->1034K(1152K)
[81.694s][info][gc             ] GC(71) Pause Full (Allocation Failure) 3959M->3369M(3959M) 721.977ms
[81.694s][info][gc,cpu         ] GC(71) User=0.72s Sys=0.01s Real=0.73s
[82.054s][info][gc,start       ] GC(72) Pause Full (Allocation Failure)
[82.054s][info][gc,phases,start] GC(72) Phase 1: Mark live objects
[82.225s][info][gc,phases      ] GC(72) Phase 1: Mark live objects 171.431ms
[82.225s][info][gc,phases,start] GC(72) Phase 2: Compute new object addresses
[82.369s][info][gc,phases      ] GC(72) Phase 2: Compute new object addresses 143.866ms
[82.369s][info][gc,phases,start] GC(72) Phase 3: Adjust pointers
[82.517s][info][gc,phases      ] GC(72) Phase 3: Adjust pointers 147.439ms
[82.517s][info][gc,phases,start] GC(72) Phase 4: Move objects
[82.807s][info][gc,phases      ] GC(72) Phase 4: Move objects 290.275ms
[82.808s][info][gc,heap        ] GC(72) DefNew: 1258303K(1258304K)->654526K(1258304K) Eden: 1118528K(1118528K)->654526K(1118528K) From: 139775K(139776K)->0K(139776K)
[82.808s][info][gc,heap        ] GC(72) Tenured: 2796220K(2796224K)->2796220K(2796224K)
[82.808s][info][gc,metaspace   ] GC(72) Metaspace: 10562K(10816K)->10562K(10816K) NonClass: 9527K(9664K)->9527K(9664K) Class: 1034K(1152K)->1034K(1152K)
[82.808s][info][gc             ] GC(72) Pause Full (Allocation Failure) 3959M->3369M(3959M) 753.715ms
[82.808s][info][gc,cpu         ] GC(72) User=0.75s Sys=0.00s Real=0.75s
[83.168s][info][gc,start       ] GC(73) Pause Full (Allocation Failure)
[83.168s][info][gc,phases,start] GC(73) Phase 1: Mark live objects
[83.336s][info][gc,phases      ] GC(73) Phase 1: Mark live objects 167.648ms
[83.336s][info][gc,phases,start] GC(73) Phase 2: Compute new object addresses
[83.467s][info][gc,phases      ] GC(73) Phase 2: Compute new object addresses 131.610ms
[83.467s][info][gc,phases,start] GC(73) Phase 3: Adjust pointers
[83.613s][info][gc,phases      ] GC(73) Phase 3: Adjust pointers 145.735ms
[83.613s][info][gc,phases,start] GC(73) Phase 4: Move objects
[83.911s][info][gc,phases      ] GC(73) Phase 4: Move objects 297.537ms
[83.911s][info][gc,heap        ] GC(73) DefNew: 1258300K(1258304K)->654526K(1258304K) Eden: 1118528K(1118528K)->654526K(1118528K) From: 139772K(139776K)->0K(139776K)
[83.911s][info][gc,heap        ] GC(73) Tenured: 2796220K(2796224K)->2796220K(2796224K)
[83.911s][info][gc,metaspace   ] GC(73) Metaspace: 10562K(10816K)->10562K(10816K) NonClass: 9527K(9664K)->9527K(9664K) Class: 1034K(1152K)->1034K(1152K)
[83.911s][info][gc             ] GC(73) Pause Full (Allocation Failure) 3959M->3369M(3959M) 743.227ms
[83.911s][info][gc,cpu         ] GC(73) User=0.74s Sys=0.00s Real=0.74s
[84.273s][info][gc,start       ] GC(74) Pause Full (Allocation Failure)
[84.273s][info][gc,phases,start] GC(74) Phase 1: Mark live objects
[84.457s][info][gc,phases      ] GC(74) Phase 1: Mark live objects 183.977ms
[84.457s][info][gc,phases,start] GC(74) Phase 2: Compute new object addresses
[84.602s][info][gc,phases      ] GC(74) Phase 2: Compute new object addresses 144.833ms
[84.602s][info][gc,phases,start] GC(74) Phase 3: Adjust pointers
[84.764s][info][gc,phases      ] GC(74) Phase 3: Adjust pointers 162.307ms
[84.764s][info][gc,phases,start] GC(74) Phase 4: Move objects
[85.077s][info][gc,phases      ] GC(74) Phase 4: Move objects 313.185ms
[85.078s][info][gc,heap        ] GC(74) DefNew: 1258300K(1258304K)->514715K(1258304K) Eden: 1118528K(1118528K)->514715K(1118528K) From: 139772K(139776K)->0K(139776K)
[85.078s][info][gc,heap        ] GC(74) Tenured: 2796220K(2796224K)->2796220K(2796224K)
[85.078s][info][gc,metaspace   ] GC(74) Metaspace: 10562K(10816K)->10562K(10816K) NonClass: 9527K(9664K)->9527K(9664K) Class: 1034K(1152K)->1034K(1152K)
[85.078s][info][gc             ] GC(74) Pause Full (Allocation Failure) 3959M->3233M(3959M) 805.045ms
[85.078s][info][gc,cpu         ] GC(74) User=0.80s Sys=0.00s Real=0.80s
[85.498s][info][gc,start       ] GC(75) Pause Full (Allocation Failure)
[85.498s][info][gc,phases,start] GC(75) Phase 1: Mark live objects
[85.682s][info][gc,phases      ] GC(75) Phase 1: Mark live objects 183.891ms
[85.682s][info][gc,phases,start] GC(75) Phase 2: Compute new object addresses
[85.835s][info][gc,phases      ] GC(75) Phase 2: Compute new object addresses 152.766ms
[85.835s][info][gc,phases,start] GC(75) Phase 3: Adjust pointers
[85.985s][info][gc,phases      ] GC(75) Phase 3: Adjust pointers 150.196ms
[85.985s][info][gc,phases,start] GC(75) Phase 4: Move objects
[86.253s][info][gc,phases      ] GC(75) Phase 4: Move objects 267.717ms
[86.253s][info][gc,heap        ] GC(75) DefNew: 1258301K(1258304K)->654526K(1258304K) Eden: 1118528K(1118528K)->654526K(1118528K) From: 139773K(139776K)->0K(139776K)
[86.253s][info][gc,heap        ] GC(75) Tenured: 2796220K(2796224K)->2796220K(2796224K)
[86.253s][info][gc,metaspace   ] GC(75) Metaspace: 10562K(10816K)->10562K(10816K) NonClass: 9527K(9664K)->9527K(9664K) Class: 1034K(1152K)->1034K(1152K)
[86.253s][info][gc             ] GC(75) Pause Full (Allocation Failure) 3959M->3369M(3959M) 755.304ms
[86.253s][info][gc,cpu         ] GC(75) User=0.75s Sys=0.00s Real=0.76s
[86.612s][info][gc,start       ] GC(76) Pause Full (Allocation Failure)
[86.613s][info][gc,phases,start] GC(76) Phase 1: Mark live objects
[86.793s][info][gc,phases      ] GC(76) Phase 1: Mark live objects 180.514ms
[86.793s][info][gc,phases,start] GC(76) Phase 2: Compute new object addresses
[86.933s][info][gc,phases      ] GC(76) Phase 2: Compute new object addresses 139.932ms
[86.933s][info][gc,phases,start] GC(76) Phase 3: Adjust pointers
[87.084s][info][gc,phases      ] GC(76) Phase 3: Adjust pointers 151.055ms
[87.084s][info][gc,phases,start] GC(76) Phase 4: Move objects
[87.375s][info][gc,phases      ] GC(76) Phase 4: Move objects 291.254ms
[87.376s][info][gc,heap        ] GC(76) DefNew: 1258303K(1258304K)->654522K(1258304K) Eden: 1118528K(1118528K)->654522K(1118528K) From: 139775K(139776K)->0K(139776K)
[87.376s][info][gc,heap        ] GC(76) Tenured: 2796220K(2796224K)->2796220K(2796224K)
[87.376s][info][gc,metaspace   ] GC(76) Metaspace: 10562K(10816K)->10562K(10816K) NonClass: 9527K(9664K)->9527K(9664K) Class: 1034K(1152K)->1034K(1152K)
[87.376s][info][gc             ] GC(76) Pause Full (Allocation Failure) 3959M->3369M(3959M) 763.477ms
[87.376s][info][gc,cpu         ] GC(76) User=0.76s Sys=0.00s Real=0.77s
[87.731s][info][gc,start       ] GC(77) Pause Full (Allocation Failure)
[87.731s][info][gc,phases,start] GC(77) Phase 1: Mark live objects
[87.903s][info][gc,phases      ] GC(77) Phase 1: Mark live objects 172.094ms
[87.903s][info][gc,phases,start] GC(77) Phase 2: Compute new object addresses
[88.042s][info][gc,phases      ] GC(77) Phase 2: Compute new object addresses 138.810ms
[88.042s][info][gc,phases,start] GC(77) Phase 3: Adjust pointers
[88.191s][info][gc,phases      ] GC(77) Phase 3: Adjust pointers 148.331ms
[88.191s][info][gc,phases,start] GC(77) Phase 4: Move objects
[88.487s][info][gc,phases      ] GC(77) Phase 4: Move objects 296.167ms
[88.487s][info][gc,heap        ] GC(77) DefNew: 1258301K(1258304K)->654526K(1258304K) Eden: 1118528K(1118528K)->654526K(1118528K) From: 139773K(139776K)->0K(139776K)
[88.487s][info][gc,heap        ] GC(77) Tenured: 2796220K(2796224K)->2796220K(2796224K)
[88.487s][info][gc,metaspace   ] GC(77) Metaspace: 10562K(10816K)->10562K(10816K) NonClass: 9527K(9664K)->9527K(9664K) Class: 1034K(1152K)->1034K(1152K)
[88.487s][info][gc             ] GC(77) Pause Full (Allocation Failure) 3959M->3369M(3959M) 756.134ms
[88.487s][info][gc,cpu         ] GC(77) User=0.75s Sys=0.00s Real=0.76s
[88.841s][info][gc,start       ] GC(78) Pause Full (Allocation Failure)
[88.841s][info][gc,phases,start] GC(78) Phase 1: Mark live objects
[89.007s][info][gc,phases      ] GC(78) Phase 1: Mark live objects 166.151ms
[89.007s][info][gc,phases,start] GC(78) Phase 2: Compute new object addresses
[89.153s][info][gc,phases      ] GC(78) Phase 2: Compute new object addresses 145.860ms
[89.153s][info][gc,phases,start] GC(78) Phase 3: Adjust pointers
[89.298s][info][gc,phases      ] GC(78) Phase 3: Adjust pointers 145.012ms
[89.298s][info][gc,phases,start] GC(78) Phase 4: Move objects
[89.608s][info][gc,phases      ] GC(78) Phase 4: Move objects 310.153ms
[89.608s][info][gc,heap        ] GC(78) DefNew: 1258300K(1258304K)->514715K(1258304K) Eden: 1118528K(1118528K)->514715K(1118528K) From: 139772K(139776K)->0K(139776K)
[89.608s][info][gc,heap        ] GC(78) Tenured: 2796220K(2796224K)->2796220K(2796224K)
[89.608s][info][gc,metaspace   ] GC(78) Metaspace: 10562K(10816K)->10562K(10816K) NonClass: 9527K(9664K)->9527K(9664K) Class: 1034K(1152K)->1034K(1152K)
[89.609s][info][gc             ] GC(78) Pause Full (Allocation Failure) 3959M->3233M(3959M) 767.967ms
[89.609s][info][gc,cpu         ] GC(78) User=0.76s Sys=0.01s Real=0.77s
[90.026s][info][gc,start       ] GC(79) Pause Full (Allocation Failure)
[90.026s][info][gc,phases,start] GC(79) Phase 1: Mark live objects
[90.210s][info][gc,phases      ] GC(79) Phase 1: Mark live objects 184.088ms
[90.211s][info][gc,phases,start] GC(79) Phase 2: Compute new object addresses
[90.362s][info][gc,phases      ] GC(79) Phase 2: Compute new object addresses 151.431ms
[90.362s][info][gc,phases,start] GC(79) Phase 3: Adjust pointers
[90.527s][info][gc,phases      ] GC(79) Phase 3: Adjust pointers 165.291ms
[90.527s][info][gc,phases,start] GC(79) Phase 4: Move objects
[90.796s][info][gc,phases      ] GC(79) Phase 4: Move objects 268.381ms
[90.796s][info][gc,heap        ] GC(79) DefNew: 1258304K(1258304K)->654526K(1258304K) Eden: 1118528K(1118528K)->654526K(1118528K) From: 139776K(139776K)->0K(139776K)
[90.796s][info][gc,heap        ] GC(79) Tenured: 2796220K(2796224K)->2796221K(2796224K)
[90.796s][info][gc,metaspace   ] GC(79) Metaspace: 10562K(10816K)->10562K(10816K) NonClass: 9527K(9664K)->9527K(9664K) Class: 1034K(1152K)->1034K(1152K)
[90.796s][info][gc             ] GC(79) Pause Full (Allocation Failure) 3959M->3369M(3959M) 770.032ms
[90.796s][info][gc,cpu         ] GC(79) User=0.77s Sys=0.00s Real=0.77s
[91.158s][info][gc,start       ] GC(80) Pause Full (Allocation Failure)
[91.158s][info][gc,phases,start] GC(80) Phase 1: Mark live objects
[91.342s][info][gc,phases      ] GC(80) Phase 1: Mark live objects 184.027ms
[91.342s][info][gc,phases,start] GC(80) Phase 2: Compute new object addresses
[91.488s][info][gc,phases      ] GC(80) Phase 2: Compute new object addresses 145.244ms
[91.488s][info][gc,phases,start] GC(80) Phase 3: Adjust pointers
[91.649s][info][gc,phases      ] GC(80) Phase 3: Adjust pointers 161.682ms
[91.649s][info][gc,phases,start] GC(80) Phase 4: Move objects
[91.941s][info][gc,phases      ] GC(80) Phase 4: Move objects 291.372ms
[91.941s][info][gc,heap        ] GC(80) DefNew: 1258300K(1258304K)->654522K(1258304K) Eden: 1118528K(1118528K)->654522K(1118528K) From: 139772K(139776K)->0K(139776K)
[91.941s][info][gc,heap        ] GC(80) Tenured: 2796221K(2796224K)->2796220K(2796224K)
[91.941s][info][gc,metaspace   ] GC(80) Metaspace: 10562K(10816K)->10562K(10816K) NonClass: 9527K(9664K)->9527K(9664K) Class: 1034K(1152K)->1034K(1152K)
[91.941s][info][gc             ] GC(80) Pause Full (Allocation Failure) 3959M->3369M(3959M) 783.151ms
[91.941s][info][gc,cpu         ] GC(80) User=0.78s Sys=0.00s Real=0.78s
[92.309s][info][gc,start       ] GC(81) Pause Full (Allocation Failure)
[92.309s][info][gc,phases,start] GC(81) Phase 1: Mark live objects
[92.482s][info][gc,phases      ] GC(81) Phase 1: Mark live objects 172.954ms
[92.482s][info][gc,phases,start] GC(81) Phase 2: Compute new object addresses
[92.626s][info][gc,phases      ] GC(81) Phase 2: Compute new object addresses 144.023ms
[92.626s][info][gc,phases,start] GC(81) Phase 3: Adjust pointers
[92.781s][info][gc,phases      ] GC(81) Phase 3: Adjust pointers 155.118ms
[92.781s][info][gc,phases,start] GC(81) Phase 4: Move objects
[93.076s][info][gc,phases      ] GC(81) Phase 4: Move objects 295.244ms
[93.077s][info][gc,heap        ] GC(81) DefNew: 1258303K(1258304K)->654522K(1258304K) Eden: 1118528K(1118528K)->654522K(1118528K) From: 139775K(139776K)->0K(139776K)
[93.077s][info][gc,heap        ] GC(81) Tenured: 2796221K(2796224K)->2796221K(2796224K)
[93.077s][info][gc,metaspace   ] GC(81) Metaspace: 10562K(10816K)->10562K(10816K) NonClass: 9527K(9664K)->9527K(9664K) Class: 1034K(1152K)->1034K(1152K)
[93.077s][info][gc             ] GC(81) Pause Full (Allocation Failure) 3959M->3369M(3959M) 768.131ms
[93.077s][info][gc,cpu         ] GC(81) User=0.77s Sys=0.00s Real=0.77s
[93.439s][info][gc,start       ] GC(82) Pause Full (Allocation Failure)
[93.439s][info][gc,phases,start] GC(82) Phase 1: Mark live objects
[93.623s][info][gc,phases      ] GC(82) Phase 1: Mark live objects 184.570ms
[93.623s][info][gc,phases,start] GC(82) Phase 2: Compute new object addresses
[93.768s][info][gc,phases      ] GC(82) Phase 2: Compute new object addresses 144.970ms
[93.768s][info][gc,phases,start] GC(82) Phase 3: Adjust pointers
[93.913s][info][gc,phases      ] GC(82) Phase 3: Adjust pointers 144.682ms
[93.913s][info][gc,phases,start] GC(82) Phase 4: Move objects
[94.225s][info][gc,phases      ] GC(82) Phase 4: Move objects 311.659ms
[94.225s][info][gc,heap        ] GC(82) DefNew: 1258301K(1258304K)->514715K(1258304K) Eden: 1118528K(1118528K)->514715K(1118528K) From: 139773K(139776K)->0K(139776K)
[94.225s][info][gc,heap        ] GC(82) Tenured: 2796221K(2796224K)->2796220K(2796224K)
[94.225s][info][gc,metaspace   ] GC(82) Metaspace: 10562K(10816K)->10562K(10816K) NonClass: 9527K(9664K)->9527K(9664K) Class: 1034K(1152K)->1034K(1152K)
[94.225s][info][gc             ] GC(82) Pause Full (Allocation Failure) 3959M->3233M(3959M) 786.667ms
[94.225s][info][gc,cpu         ] GC(82) User=0.79s Sys=0.00s Real=0.79s
[94.643s][info][gc,start       ] GC(83) Pause Full (Allocation Failure)
[94.643s][info][gc,phases,start] GC(83) Phase 1: Mark live objects
[94.827s][info][gc,phases      ] GC(83) Phase 1: Mark live objects 184.268ms
[94.827s][info][gc,phases,start] GC(83) Phase 2: Compute new object addresses
[94.971s][info][gc,phases      ] GC(83) Phase 2: Compute new object addresses 144.341ms
[94.971s][info][gc,phases,start] GC(83) Phase 3: Adjust pointers
[95.126s][info][gc,phases      ] GC(83) Phase 3: Adjust pointers 154.862ms
[95.126s][info][gc,phases,start] GC(83) Phase 4: Move objects
[95.394s][info][gc,phases      ] GC(83) Phase 4: Move objects 267.818ms
[95.395s][info][gc,heap        ] GC(83) DefNew: 1258302K(1258304K)->654522K(1258304K) Eden: 1118528K(1118528K)->654522K(1118528K) From: 139774K(139776K)->0K(139776K)
[95.395s][info][gc,heap        ] GC(83) Tenured: 2796220K(2796224K)->2796220K(2796224K)
[95.395s][info][gc,metaspace   ] GC(83) Metaspace: 10562K(10816K)->10562K(10816K) NonClass: 9527K(9664K)->9527K(9664K) Class: 1034K(1152K)->1034K(1152K)
[95.395s][info][gc             ] GC(83) Pause Full (Allocation Failure) 3959M->3369M(3959M) 752.109ms
[95.395s][info][gc,cpu         ] GC(83) User=0.75s Sys=0.00s Real=0.76s
[95.760s][info][gc,start       ] GC(84) Pause Full (Allocation Failure)
[95.761s][info][gc,phases,start] GC(84) Phase 1: Mark live objects
[95.944s][info][gc,phases      ] GC(84) Phase 1: Mark live objects 183.536ms
[95.944s][info][gc,phases,start] GC(84) Phase 2: Compute new object addresses
[96.077s][info][gc,phases      ] GC(84) Phase 2: Compute new object addresses 132.521ms
[96.077s][info][gc,phases,start] GC(84) Phase 3: Adjust pointers
[96.239s][info][gc,phases      ] GC(84) Phase 3: Adjust pointers 162.270ms
[96.239s][info][gc,phases,start] GC(84) Phase 4: Move objects
[96.529s][info][gc,phases      ] GC(84) Phase 4: Move objects 289.486ms
[96.529s][info][gc,heap        ] GC(84) DefNew: 1258304K(1258304K)->654526K(1258304K) Eden: 1118528K(1118528K)->654526K(1118528K) From: 139776K(139776K)->0K(139776K)
[96.529s][info][gc,heap        ] GC(84) Tenured: 2796221K(2796224K)->2796220K(2796224K)
[96.529s][info][gc,metaspace   ] GC(84) Metaspace: 10562K(10816K)->10562K(10816K) NonClass: 9527K(9664K)->9527K(9664K) Class: 1034K(1152K)->1034K(1152K)
[96.529s][info][gc             ] GC(84) Pause Full (Allocation Failure) 3959M->3369M(3959M) 768.644ms
[96.529s][info][gc,cpu         ] GC(84) User=0.77s Sys=0.00s Real=0.77s
[96.890s][info][gc,start       ] GC(85) Pause Full (Allocation Failure)
[96.891s][info][gc,phases,start] GC(85) Phase 1: Mark live objects
[97.074s][info][gc,phases      ] GC(85) Phase 1: Mark live objects 183.812ms
[97.074s][info][gc,phases,start] GC(85) Phase 2: Compute new object addresses
[97.200s][info][gc,phases      ] GC(85) Phase 2: Compute new object addresses 126.034ms
[97.201s][info][gc,phases,start] GC(85) Phase 3: Adjust pointers
[97.351s][info][gc,phases      ] GC(85) Phase 3: Adjust pointers 150.240ms
[97.351s][info][gc,phases,start] GC(85) Phase 4: Move objects
[97.651s][info][gc,phases      ] GC(85) Phase 4: Move objects 300.350ms
[97.652s][info][gc,heap        ] GC(85) DefNew: 1258303K(1258304K)->654526K(1258304K) Eden: 1118528K(1118528K)->654526K(1118528K) From: 139775K(139776K)->0K(139776K)
[97.652s][info][gc,heap        ] GC(85) Tenured: 2796220K(2796224K)->2796220K(2796224K)
[97.652s][info][gc,metaspace   ] GC(85) Metaspace: 10562K(10816K)->10562K(10816K) NonClass: 9527K(9664K)->9527K(9664K) Class: 1034K(1152K)->1034K(1152K)
[97.652s][info][gc             ] GC(85) Pause Full (Allocation Failure) 3959M->3369M(3959M) 761.222ms
[97.652s][info][gc,cpu         ] GC(85) User=0.76s Sys=0.01s Real=0.76s
[98.016s][info][gc,start       ] GC(86) Pause Full (Allocation Failure)
[98.016s][info][gc,phases,start] GC(86) Phase 1: Mark live objects
[98.201s][info][gc,phases      ] GC(86) Phase 1: Mark live objects 184.372ms
[98.201s][info][gc,phases,start] GC(86) Phase 2: Compute new object addresses
[98.346s][info][gc,phases      ] GC(86) Phase 2: Compute new object addresses 145.242ms
[98.346s][info][gc,phases,start] GC(86) Phase 3: Adjust pointers
[98.492s][info][gc,phases      ] GC(86) Phase 3: Adjust pointers 146.380ms
[98.492s][info][gc,phases,start] GC(86) Phase 4: Move objects
[98.803s][info][gc,phases      ] GC(86) Phase 4: Move objects 310.211ms
[98.803s][info][gc,heap        ] GC(86) DefNew: 1258303K(1258304K)->514715K(1258304K) Eden: 1118528K(1118528K)->514715K(1118528K) From: 139775K(139776K)->0K(139776K)
[98.803s][info][gc,heap        ] GC(86) Tenured: 2796220K(2796224K)->2796220K(2796224K)
[98.803s][info][gc,metaspace   ] GC(86) Metaspace: 10562K(10816K)->10562K(10816K) NonClass: 9527K(9664K)->9527K(9664K) Class: 1034K(1152K)->1034K(1152K)
[98.803s][info][gc             ] GC(86) Pause Full (Allocation Failure) 3959M->3233M(3959M) 786.986ms
[98.803s][info][gc,cpu         ] GC(86) User=0.79s Sys=0.00s Real=0.78s
[99.221s][info][gc,start       ] GC(87) Pause Full (Allocation Failure)
[99.221s][info][gc,phases,start] GC(87) Phase 1: Mark live objects
[99.406s][info][gc,phases      ] GC(87) Phase 1: Mark live objects 185.152ms
[99.406s][info][gc,phases,start] GC(87) Phase 2: Compute new object addresses
[99.555s][info][gc,phases      ] GC(87) Phase 2: Compute new object addresses 148.702ms
[99.555s][info][gc,phases,start] GC(87) Phase 3: Adjust pointers
[99.699s][info][gc,phases      ] GC(87) Phase 3: Adjust pointers 143.975ms
[99.699s][info][gc,phases,start] GC(87) Phase 4: Move objects
[99.968s][info][gc,phases      ] GC(87) Phase 4: Move objects 268.812ms
[99.968s][info][gc,heap        ] GC(87) DefNew: 1258301K(1258304K)->654526K(1258304K) Eden: 1118528K(1118528K)->654526K(1118528K) From: 139773K(139776K)->0K(139776K)
[99.968s][info][gc,heap        ] GC(87) Tenured: 2796220K(2796224K)->2796220K(2796224K)
[99.968s][info][gc,metaspace   ] GC(87) Metaspace: 10562K(10816K)->10562K(10816K) NonClass: 9527K(9664K)->9527K(9664K) Class: 1034K(1152K)->1034K(1152K)
[99.968s][info][gc             ] GC(87) Pause Full (Allocation Failure) 3959M->3369M(3959M) 747.419ms
[99.968s][info][gc,cpu         ] GC(87) User=0.75s Sys=0.00s Real=0.75s
[100.329s][info][gc,start       ] GC(88) Pause Full (Allocation Failure)
[100.329s][info][gc,phases,start] GC(88) Phase 1: Mark live objects
[100.514s][info][gc,phases      ] GC(88) Phase 1: Mark live objects 184.876ms
[100.514s][info][gc,phases,start] GC(88) Phase 2: Compute new object addresses
[100.660s][info][gc,phases      ] GC(88) Phase 2: Compute new object addresses 145.479ms
[100.660s][info][gc,phases,start] GC(88) Phase 3: Adjust pointers
[100.822s][info][gc,phases      ] GC(88) Phase 3: Adjust pointers 161.745ms
[100.822s][info][gc,phases,start] GC(88) Phase 4: Move objects
[101.111s][info][gc,phases      ] GC(88) Phase 4: Move objects 289.098ms
[101.111s][info][gc,heap        ] GC(88) DefNew: 1258303K(1258304K)->654526K(1258304K) Eden: 1118528K(1118528K)->654526K(1118528K) From: 139775K(139776K)->0K(139776K)
[101.111s][info][gc,heap        ] GC(88) Tenured: 2796220K(2796224K)->2796220K(2796224K)
[101.111s][info][gc,metaspace   ] GC(88) Metaspace: 10562K(10816K)->10562K(10816K) NonClass: 9527K(9664K)->9527K(9664K) Class: 1034K(1152K)->1034K(1152K)
[101.111s][info][gc             ] GC(88) Pause Full (Allocation Failure) 3959M->3369M(3959M) 782.002ms
[101.111s][info][gc,cpu         ] GC(88) User=0.78s Sys=0.00s Real=0.78s
[101.477s][info][gc,start       ] GC(89) Pause Full (Allocation Failure)
[101.477s][info][gc,phases,start] GC(89) Phase 1: Mark live objects
[101.661s][info][gc,phases      ] GC(89) Phase 1: Mark live objects 184.505ms
[101.661s][info][gc,phases,start] GC(89) Phase 2: Compute new object addresses
[101.807s][info][gc,phases      ] GC(89) Phase 2: Compute new object addresses 145.304ms
[101.807s][info][gc,phases,start] GC(89) Phase 3: Adjust pointers
[101.967s][info][gc,phases      ] GC(89) Phase 3: Adjust pointers 160.373ms
[101.967s][info][gc,phases,start] GC(89) Phase 4: Move objects
[102.264s][info][gc,phases      ] GC(89) Phase 4: Move objects 297.187ms
[102.265s][info][gc,heap        ] GC(89) DefNew: 1258303K(1258304K)->654518K(1258304K) Eden: 1118528K(1118528K)->654518K(1118528K) From: 139775K(139776K)->0K(139776K)
[102.265s][info][gc,heap        ] GC(89) Tenured: 2796220K(2796224K)->2796220K(2796224K)
[102.265s][info][gc,metaspace   ] GC(89) Metaspace: 10562K(10816K)->10562K(10816K) NonClass: 9527K(9664K)->9527K(9664K) Class: 1034K(1152K)->1034K(1152K)
[102.265s][info][gc             ] GC(89) Pause Full (Allocation Failure) 3959M->3369M(3959M) 788.147ms
[102.265s][info][gc,cpu         ] GC(89) User=0.79s Sys=0.00s Real=0.79s
[102.624s][info][gc,start       ] GC(90) Pause Full (Allocation Failure)
[102.624s][info][gc,phases,start] GC(90) Phase 1: Mark live objects
[102.809s][info][gc,phases      ] GC(90) Phase 1: Mark live objects 184.948ms
[102.809s][info][gc,phases,start] GC(90) Phase 2: Compute new object addresses
[102.949s][info][gc,phases      ] GC(90) Phase 2: Compute new object addresses 140.497ms
[102.949s][info][gc,phases,start] GC(90) Phase 3: Adjust pointers
[103.100s][info][gc,phases      ] GC(90) Phase 3: Adjust pointers 150.321ms
[103.100s][info][gc,phases,start] GC(90) Phase 4: Move objects
[103.410s][info][gc,phases      ] GC(90) Phase 4: Move objects 309.981ms
[103.410s][info][gc,heap        ] GC(90) DefNew: 1258300K(1258304K)->514715K(1258304K) Eden: 1118528K(1118528K)->514715K(1118528K) From: 139772K(139776K)->0K(139776K)
[103.410s][info][gc,heap        ] GC(90) Tenured: 2796220K(2796224K)->2796220K(2796224K)
[103.410s][info][gc,metaspace   ] GC(90) Metaspace: 10562K(10816K)->10562K(10816K) NonClass: 9527K(9664K)->9527K(9664K) Class: 1034K(1152K)->1034K(1152K)
[103.410s][info][gc             ] GC(90) Pause Full (Allocation Failure) 3959M->3233M(3959M) 786.530ms
[103.410s][info][gc,cpu         ] GC(90) User=0.79s Sys=0.00s Real=0.79s
[103.824s][info][gc,start       ] GC(91) Pause Full (Allocation Failure)
[103.824s][info][gc,phases,start] GC(91) Phase 1: Mark live objects
[104.008s][info][gc,phases      ] GC(91) Phase 1: Mark live objects 183.842ms
[104.008s][info][gc,phases,start] GC(91) Phase 2: Compute new object addresses
[104.160s][info][gc,phases      ] GC(91) Phase 2: Compute new object addresses 151.366ms
[104.160s][info][gc,phases,start] GC(91) Phase 3: Adjust pointers
[104.327s][info][gc,phases      ] GC(91) Phase 3: Adjust pointers 167.507ms
[104.327s][info][gc,phases,start] GC(91) Phase 4: Move objects
[104.593s][info][gc,phases      ] GC(91) Phase 4: Move objects 265.977ms
[104.594s][info][gc,heap        ] GC(91) DefNew: 1258301K(1258304K)->654526K(1258304K) Eden: 1118528K(1118528K)->654526K(1118528K) From: 139773K(139776K)->0K(139776K)
[104.594s][info][gc,heap        ] GC(91) Tenured: 2796220K(2796224K)->2796220K(2796224K)
[104.594s][info][gc,metaspace   ] GC(91) Metaspace: 10562K(10816K)->10562K(10816K) NonClass: 9527K(9664K)->9527K(9664K) Class: 1034K(1152K)->1034K(1152K)
[104.594s][info][gc             ] GC(91) Pause Full (Allocation Failure) 3959M->3369M(3959M) 769.469ms
[104.594s][info][gc,cpu         ] GC(91) User=0.77s Sys=0.00s Real=0.78s
[104.957s][info][gc,start       ] GC(92) Pause Full (Allocation Failure)
[104.957s][info][gc,phases,start] GC(92) Phase 1: Mark live objects
[105.141s][info][gc,phases      ] GC(92) Phase 1: Mark live objects 184.159ms
[105.141s][info][gc,phases,start] GC(92) Phase 2: Compute new object addresses
[105.283s][info][gc,phases      ] GC(92) Phase 2: Compute new object addresses 141.303ms
[105.283s][info][gc,phases,start] GC(92) Phase 3: Adjust pointers
[105.437s][info][gc,phases      ] GC(92) Phase 3: Adjust pointers 154.628ms
[105.437s][info][gc,phases,start] GC(92) Phase 4: Move objects
[105.728s][info][gc,phases      ] GC(92) Phase 4: Move objects 290.176ms
[105.728s][info][gc,heap        ] GC(92) DefNew: 1258302K(1258304K)->654518K(1258304K) Eden: 1118528K(1118528K)->654518K(1118528K) From: 139774K(139776K)->0K(139776K)
[105.728s][info][gc,heap        ] GC(92) Tenured: 2796220K(2796224K)->2796220K(2796224K)
[105.728s][info][gc,metaspace   ] GC(92) Metaspace: 10562K(10816K)->10562K(10816K) NonClass: 9527K(9664K)->9527K(9664K) Class: 1034K(1152K)->1034K(1152K)
[105.728s][info][gc             ] GC(92) Pause Full (Allocation Failure) 3959M->3369M(3959M) 771.067ms
[105.728s][info][gc,cpu         ] GC(92) User=0.77s Sys=0.00s Real=0.77s
[106.081s][info][gc,start       ] GC(93) Pause Full (Allocation Failure)
[106.081s][info][gc,phases,start] GC(93) Phase 1: Mark live objects
[106.266s][info][gc,phases      ] GC(93) Phase 1: Mark live objects 184.702ms
[106.266s][info][gc,phases,start] GC(93) Phase 2: Compute new object addresses
[106.406s][info][gc,phases      ] GC(93) Phase 2: Compute new object addresses 140.137ms
[106.406s][info][gc,phases,start] GC(93) Phase 3: Adjust pointers
[106.563s][info][gc,phases      ] GC(93) Phase 3: Adjust pointers 157.038ms
[106.563s][info][gc,phases,start] GC(93) Phase 4: Move objects
[106.860s][info][gc,phases      ] GC(93) Phase 4: Move objects 296.642ms
[106.860s][info][gc,heap        ] GC(93) DefNew: 1258301K(1258304K)->654526K(1258304K) Eden: 1118528K(1118528K)->654526K(1118528K) From: 139773K(139776K)->0K(139776K)
[106.860s][info][gc,heap        ] GC(93) Tenured: 2796220K(2796224K)->2796220K(2796224K)
[106.860s][info][gc,metaspace   ] GC(93) Metaspace: 10562K(10816K)->10562K(10816K) NonClass: 9527K(9664K)->9527K(9664K) Class: 1034K(1152K)->1034K(1152K)
[106.860s][info][gc             ] GC(93) Pause Full (Allocation Failure) 3959M->3369M(3959M) 779.285ms
[106.860s][info][gc,cpu         ] GC(93) User=0.78s Sys=0.00s Real=0.78s
[107.221s][info][gc,start       ] GC(94) Pause Full (Allocation Failure)
[107.221s][info][gc,phases,start] GC(94) Phase 1: Mark live objects
[107.405s][info][gc,phases      ] GC(94) Phase 1: Mark live objects 184.148ms
[107.405s][info][gc,phases,start] GC(94) Phase 2: Compute new object addresses
[107.549s][info][gc,phases      ] GC(94) Phase 2: Compute new object addresses 144.451ms
[107.549s][info][gc,phases,start] GC(94) Phase 3: Adjust pointers
[107.709s][info][gc,phases      ] GC(94) Phase 3: Adjust pointers 159.442ms
[107.709s][info][gc,phases,start] GC(94) Phase 4: Move objects
[108.022s][info][gc,phases      ] GC(94) Phase 4: Move objects 313.178ms
[108.023s][info][gc,heap        ] GC(94) DefNew: 1258300K(1258304K)->514715K(1258304K) Eden: 1118528K(1118528K)->514715K(1118528K) From: 139772K(139776K)->0K(139776K)
[108.023s][info][gc,heap        ] GC(94) Tenured: 2796220K(2796224K)->2796220K(2796224K)
[108.023s][info][gc,metaspace   ] GC(94) Metaspace: 10562K(10816K)->10562K(10816K) NonClass: 9527K(9664K)->9527K(9664K) Class: 1034K(1152K)->1034K(1152K)
[108.023s][info][gc             ] GC(94) Pause Full (Allocation Failure) 3959M->3233M(3959M) 801.986ms
[108.023s][info][gc,cpu         ] GC(94) User=0.80s Sys=0.00s Real=0.80s
[108.436s][info][gc,start       ] GC(95) Pause Full (Allocation Failure)
[108.436s][info][gc,phases,start] GC(95) Phase 1: Mark live objects
[108.620s][info][gc,phases      ] GC(95) Phase 1: Mark live objects 184.339ms
[108.620s][info][gc,phases,start] GC(95) Phase 2: Compute new object addresses
[108.766s][info][gc,phases      ] GC(95) Phase 2: Compute new object addresses 145.429ms
[108.766s][info][gc,phases,start] GC(95) Phase 3: Adjust pointers
[108.919s][info][gc,phases      ] GC(95) Phase 3: Adjust pointers 153.108ms
[108.919s][info][gc,phases,start] GC(95) Phase 4: Move objects
[109.186s][info][gc,phases      ] GC(95) Phase 4: Move objects 266.679ms
[109.186s][info][gc,heap        ] GC(95) DefNew: 1258300K(1258304K)->654514K(1258304K) Eden: 1118528K(1118528K)->654514K(1118528K) From: 139772K(139776K)->0K(139776K)
[109.186s][info][gc,heap        ] GC(95) Tenured: 2796220K(2796224K)->2796220K(2796224K)
[109.186s][info][gc,metaspace   ] GC(95) Metaspace: 10562K(10816K)->10562K(10816K) NonClass: 9527K(9664K)->9527K(9664K) Class: 1034K(1152K)->1034K(1152K)
[109.186s][info][gc             ] GC(95) Pause Full (Allocation Failure) 3959M->3369M(3959M) 750.312ms
[109.186s][info][gc,cpu         ] GC(95) User=0.75s Sys=0.00s Real=0.75s
[109.548s][info][gc,start       ] GC(96) Pause Full (Allocation Failure)
[109.548s][info][gc,phases,start] GC(96) Phase 1: Mark live objects
[109.732s][info][gc,phases      ] GC(96) Phase 1: Mark live objects 184.285ms
[109.732s][info][gc,phases,start] GC(96) Phase 2: Compute new object addresses
[109.877s][info][gc,phases      ] GC(96) Phase 2: Compute new object addresses 144.807ms
[109.877s][info][gc,phases,start] GC(96) Phase 3: Adjust pointers
[110.037s][info][gc,phases      ] GC(96) Phase 3: Adjust pointers 160.004ms
[110.037s][info][gc,phases,start] GC(96) Phase 4: Move objects
[110.326s][info][gc,phases      ] GC(96) Phase 4: Move objects 288.506ms
[110.326s][info][gc,heap        ] GC(96) DefNew: 1258301K(1258304K)->654518K(1258304K) Eden: 1118528K(1118528K)->654518K(1118528K) From: 139773K(139776K)->0K(139776K)
[110.326s][info][gc,heap        ] GC(96) Tenured: 2796220K(2796224K)->2796220K(2796224K)
[110.326s][info][gc,metaspace   ] GC(96) Metaspace: 10562K(10816K)->10562K(10816K) NonClass: 9527K(9664K)->9527K(9664K) Class: 1034K(1152K)->1034K(1152K)
[110.326s][info][gc             ] GC(96) Pause Full (Allocation Failure) 3959M->3369M(3959M) 778.366ms
[110.326s][info][gc,cpu         ] GC(96) User=0.78s Sys=0.00s Real=0.78s
[110.687s][info][gc,start       ] GC(97) Pause Full (Allocation Failure)
[110.687s][info][gc,phases,start] GC(97) Phase 1: Mark live objects
[110.872s][info][gc,phases      ] GC(97) Phase 1: Mark live objects 184.556ms
[110.872s][info][gc,phases,start] GC(97) Phase 2: Compute new object addresses
[111.013s][info][gc,phases      ] GC(97) Phase 2: Compute new object addresses 141.447ms
[111.013s][info][gc,phases,start] GC(97) Phase 3: Adjust pointers
[111.164s][info][gc,phases      ] GC(97) Phase 3: Adjust pointers 150.880ms
[111.164s][info][gc,phases,start] GC(97) Phase 4: Move objects
[111.460s][info][gc,phases      ] GC(97) Phase 4: Move objects 295.687ms
[111.460s][info][gc,heap        ] GC(97) DefNew: 1258303K(1258304K)->654526K(1258304K) Eden: 1118528K(1118528K)->654526K(1118528K) From: 139775K(139776K)->0K(139776K)
[111.460s][info][gc,heap        ] GC(97) Tenured: 2796220K(2796224K)->2796220K(2796224K)
[111.460s][info][gc,metaspace   ] GC(97) Metaspace: 10562K(10816K)->10562K(10816K) NonClass: 9527K(9664K)->9527K(9664K) Class: 1034K(1152K)->1034K(1152K)
[111.460s][info][gc             ] GC(97) Pause Full (Allocation Failure) 3959M->3369M(3959M) 773.355ms
[111.460s][info][gc,cpu         ] GC(97) User=0.77s Sys=0.00s Real=0.77s
[111.822s][info][gc,start       ] GC(98) Pause Full (Allocation Failure)
[111.822s][info][gc,phases,start] GC(98) Phase 1: Mark live objects
[112.006s][info][gc,phases      ] GC(98) Phase 1: Mark live objects 184.015ms
[112.006s][info][gc,phases,start] GC(98) Phase 2: Compute new object addresses
[112.149s][info][gc,phases      ] GC(98) Phase 2: Compute new object addresses 142.962ms
[112.149s][info][gc,phases,start] GC(98) Phase 3: Adjust pointers
[112.294s][info][gc,phases      ] GC(98) Phase 3: Adjust pointers 144.798ms
[112.294s][info][gc,phases,start] GC(98) Phase 4: Move objects
[112.605s][info][gc,phases      ] GC(98) Phase 4: Move objects 311.182ms
[112.605s][info][gc,heap        ] GC(98) DefNew: 1258300K(1258304K)->514715K(1258304K) Eden: 1118528K(1118528K)->514715K(1118528K) From: 139772K(139776K)->0K(139776K)
[112.605s][info][gc,heap        ] GC(98) Tenured: 2796220K(2796224K)->2796220K(2796224K)
[112.605s][info][gc,metaspace   ] GC(98) Metaspace: 10562K(10816K)->10562K(10816K) NonClass: 9527K(9664K)->9527K(9664K) Class: 1034K(1152K)->1034K(1152K)
[112.605s][info][gc             ] GC(98) Pause Full (Allocation Failure) 3959M->3233M(3959M) 783.719ms
[112.605s][info][gc,cpu         ] GC(98) User=0.78s Sys=0.00s Real=0.79s
[113.021s][info][gc,start       ] GC(99) Pause Full (Allocation Failure)
[113.022s][info][gc,phases,start] GC(99) Phase 1: Mark live objects
[113.206s][info][gc,phases      ] GC(99) Phase 1: Mark live objects 184.120ms
[113.206s][info][gc,phases,start] GC(99) Phase 2: Compute new object addresses
[113.340s][info][gc,phases      ] GC(99) Phase 2: Compute new object addresses 134.081ms
[113.340s][info][gc,phases,start] GC(99) Phase 3: Adjust pointers
[113.503s][info][gc,phases      ] GC(99) Phase 3: Adjust pointers 162.811ms
[113.503s][info][gc,phases,start] GC(99) Phase 4: Move objects
[113.771s][info][gc,phases      ] GC(99) Phase 4: Move objects 268.754ms
[113.772s][info][gc,heap        ] GC(99) DefNew: 1258302K(1258304K)->654526K(1258304K) Eden: 1118528K(1118528K)->654526K(1118528K) From: 139774K(139776K)->0K(139776K)
[113.772s][info][gc,heap        ] GC(99) Tenured: 2796220K(2796224K)->2796220K(2796224K)
[113.772s][info][gc,metaspace   ] GC(99) Metaspace: 10562K(10816K)->10562K(10816K) NonClass: 9527K(9664K)->9527K(9664K) Class: 1034K(1152K)->1034K(1152K)
[113.772s][info][gc             ] GC(99) Pause Full (Allocation Failure) 3959M->3369M(3959M) 750.547ms
[113.772s][info][gc,cpu         ] GC(99) User=0.75s Sys=0.00s Real=0.75s
[114.134s][info][gc,start       ] GC(100) Pause Full (Allocation Failure)
[114.135s][info][gc,phases,start] GC(100) Phase 1: Mark live objects
[114.319s][info][gc,phases      ] GC(100) Phase 1: Mark live objects 183.991ms
[114.319s][info][gc,phases,start] GC(100) Phase 2: Compute new object addresses
[114.460s][info][gc,phases      ] GC(100) Phase 2: Compute new object addresses 141.867ms
[114.461s][info][gc,phases,start] GC(100) Phase 3: Adjust pointers
[114.619s][info][gc,phases      ] GC(100) Phase 3: Adjust pointers 158.537ms
[114.619s][info][gc,phases,start] GC(100) Phase 4: Move objects
[114.908s][info][gc,phases      ] GC(100) Phase 4: Move objects 289.064ms
[114.909s][info][gc,heap        ] GC(100) DefNew: 1258304K(1258304K)->654514K(1258304K) Eden: 1118528K(1118528K)->654514K(1118528K) From: 139776K(139776K)->0K(139776K)
[114.909s][info][gc,heap        ] GC(100) Tenured: 2796221K(2796224K)->2796220K(2796224K)
[114.909s][info][gc,metaspace   ] GC(100) Metaspace: 10562K(10816K)->10562K(10816K) NonClass: 9527K(9664K)->9527K(9664K) Class: 1034K(1152K)->1034K(1152K)
[114.909s][info][gc             ] GC(100) Pause Full (Allocation Failure) 3959M->3369M(3959M) 774.284ms
[114.909s][info][gc,cpu         ] GC(100) User=0.77s Sys=0.01s Real=0.77s
[115.274s][info][gc,start       ] GC(101) Pause Full (Allocation Failure)
[115.275s][info][gc,phases,start] GC(101) Phase 1: Mark live objects
[115.459s][info][gc,phases      ] GC(101) Phase 1: Mark live objects 184.476ms
[115.459s][info][gc,phases,start] GC(101) Phase 2: Compute new object addresses
[115.597s][info][gc,phases      ] GC(101) Phase 2: Compute new object addresses 137.489ms
[115.597s][info][gc,phases,start] GC(101) Phase 3: Adjust pointers
[115.756s][info][gc,phases      ] GC(101) Phase 3: Adjust pointers 159.470ms
[115.756s][info][gc,phases,start] GC(101) Phase 4: Move objects
[116.053s][info][gc,phases      ] GC(101) Phase 4: Move objects 296.665ms
[116.053s][info][gc,heap        ] GC(101) DefNew: 1258301K(1258304K)->654526K(1258304K) Eden: 1118528K(1118528K)->654526K(1118528K) From: 139773K(139776K)->0K(139776K)
[116.053s][info][gc,heap        ] GC(101) Tenured: 2796220K(2796224K)->2796221K(2796224K)
[116.053s][info][gc,metaspace   ] GC(101) Metaspace: 10562K(10816K)->10562K(10816K) NonClass: 9527K(9664K)->9527K(9664K) Class: 1034K(1152K)->1034K(1152K)
[116.053s][info][gc             ] GC(101) Pause Full (Allocation Failure) 3959M->3369M(3959M) 778.894ms
[116.053s][info][gc,cpu         ] GC(101) User=0.78s Sys=0.00s Real=0.78s
[116.414s][info][gc,start       ] GC(102) Pause Full (Allocation Failure)
[116.414s][info][gc,phases,start] GC(102) Phase 1: Mark live objects
[116.599s][info][gc,phases      ] GC(102) Phase 1: Mark live objects 184.177ms
[116.599s][info][gc,phases,start] GC(102) Phase 2: Compute new object addresses
[116.742s][info][gc,phases      ] GC(102) Phase 2: Compute new object addresses 143.703ms
[116.742s][info][gc,phases,start] GC(102) Phase 3: Adjust pointers
[116.887s][info][gc,phases      ] GC(102) Phase 3: Adjust pointers 144.857ms
[116.887s][info][gc,phases,start] GC(102) Phase 4: Move objects
[117.196s][info][gc,phases      ] GC(102) Phase 4: Move objects 308.621ms
[117.196s][info][gc,heap        ] GC(102) DefNew: 1258301K(1258304K)->514715K(1258304K) Eden: 1118528K(1118528K)->514715K(1118528K) From: 139773K(139776K)->0K(139776K)
[117.196s][info][gc,heap        ] GC(102) Tenured: 2796221K(2796224K)->2796220K(2796224K)
[117.196s][info][gc,metaspace   ] GC(102) Metaspace: 10562K(10816K)->10562K(10816K) NonClass: 9527K(9664K)->9527K(9664K) Class: 1034K(1152K)->1034K(1152K)
[117.196s][info][gc             ] GC(102) Pause Full (Allocation Failure) 3959M->3233M(3959M) 782.134ms
[117.196s][info][gc,cpu         ] GC(102) User=0.78s Sys=0.00s Real=0.78s
[117.625s][info][gc,start       ] GC(103) Pause Full (Allocation Failure)
[117.625s][info][gc,phases,start] GC(103) Phase 1: Mark live objects
[117.810s][info][gc,phases      ] GC(103) Phase 1: Mark live objects 185.561ms
[117.810s][info][gc,phases,start] GC(103) Phase 2: Compute new object addresses
[117.955s][info][gc,phases      ] GC(103) Phase 2: Compute new object addresses 144.500ms
[117.955s][info][gc,phases,start] GC(103) Phase 3: Adjust pointers
[118.110s][info][gc,phases      ] GC(103) Phase 3: Adjust pointers 154.798ms
[118.110s][info][gc,phases,start] GC(103) Phase 4: Move objects
[118.378s][info][gc,phases      ] GC(103) Phase 4: Move objects 268.738ms
[118.379s][info][gc,heap        ] GC(103) DefNew: 1258303K(1258304K)->654518K(1258304K) Eden: 1118528K(1118528K)->654518K(1118528K) From: 139775K(139776K)->0K(139776K)
[118.379s][info][gc,heap        ] GC(103) Tenured: 2796220K(2796224K)->2796220K(2796224K)
[118.379s][info][gc,metaspace   ] GC(103) Metaspace: 10562K(10816K)->10562K(10816K) NonClass: 9527K(9664K)->9527K(9664K) Class: 1034K(1152K)->1034K(1152K)
[118.379s][info][gc             ] GC(103) Pause Full (Allocation Failure) 3959M->3369M(3959M) 754.390ms
[118.379s][info][gc,cpu         ] GC(103) User=0.75s Sys=0.00s Real=0.75s
[118.743s][info][gc,start       ] GC(104) Pause Full (Allocation Failure)
[118.744s][info][gc,phases,start] GC(104) Phase 1: Mark live objects
[118.927s][info][gc,phases      ] GC(104) Phase 1: Mark live objects 183.658ms
[118.927s][info][gc,phases,start] GC(104) Phase 2: Compute new object addresses
[119.072s][info][gc,phases      ] GC(104) Phase 2: Compute new object addresses 144.395ms
[119.072s][info][gc,phases,start] GC(104) Phase 3: Adjust pointers
[119.233s][info][gc,phases      ] GC(104) Phase 3: Adjust pointers 161.046ms
[119.233s][info][gc,phases,start] GC(104) Phase 4: Move objects
[119.523s][info][gc,phases      ] GC(104) Phase 4: Move objects 290.483ms
[119.524s][info][gc,heap        ] GC(104) DefNew: 1258300K(1258304K)->654526K(1258304K) Eden: 1118528K(1118528K)->654526K(1118528K) From: 139772K(139776K)->0K(139776K)
[119.524s][info][gc,heap        ] GC(104) Tenured: 2796220K(2796224K)->2796220K(2796224K)
[119.524s][info][gc,metaspace   ] GC(104) Metaspace: 10562K(10816K)->10562K(10816K) NonClass: 9527K(9664K)->9527K(9664K) Class: 1034K(1152K)->1034K(1152K)
[119.524s][info][gc             ] GC(104) Pause Full (Allocation Failure) 3959M->3369M(3959M) 780.352ms
[119.524s][info][gc,cpu         ] GC(104) User=0.78s Sys=0.00s Real=0.78s
[119.883s][info][gc,start       ] GC(105) Pause Full (Allocation Failure)
[119.883s][info][gc,phases,start] GC(105) Phase 1: Mark live objects
[120.056s][info][gc,phases      ] GC(105) Phase 1: Mark live objects 173.061ms
[120.056s][info][gc,phases,start] GC(105) Phase 2: Compute new object addresses
[120.181s][info][gc,phases      ] GC(105) Phase 2: Compute new object addresses 125.044ms
[120.181s][info][gc,phases,start] GC(105) Phase 3: Adjust pointers
[120.330s][info][gc,phases      ] GC(105) Phase 3: Adjust pointers 148.391ms
[120.330s][info][gc,phases,start] GC(105) Phase 4: Move objects
[120.627s][info][gc,phases      ] GC(105) Phase 4: Move objects 297.114ms
[120.627s][info][gc,heap        ] GC(105) DefNew: 1258303K(1258304K)->654526K(1258304K) Eden: 1118528K(1118528K)->654526K(1118528K) From: 139775K(139776K)->0K(139776K)
[120.627s][info][gc,heap        ] GC(105) Tenured: 2796220K(2796224K)->2796220K(2796224K)
[120.627s][info][gc,metaspace   ] GC(105) Metaspace: 10562K(10816K)->10562K(10816K) NonClass: 9527K(9664K)->9527K(9664K) Class: 1034K(1152K)->1034K(1152K)
[120.627s][info][gc             ] GC(105) Pause Full (Allocation Failure) 3959M->3369M(3959M) 744.370ms
[120.627s][info][gc,cpu         ] GC(105) User=0.74s Sys=0.00s Real=0.75s
[120.983s][info][gc,start       ] GC(106) Pause Full (Allocation Failure)
[120.983s][info][gc,phases,start] GC(106) Phase 1: Mark live objects
[121.168s][info][gc,phases      ] GC(106) Phase 1: Mark live objects 184.923ms
[121.168s][info][gc,phases,start] GC(106) Phase 2: Compute new object addresses
[121.306s][info][gc,phases      ] GC(106) Phase 2: Compute new object addresses 137.973ms
[121.306s][info][gc,phases,start] GC(106) Phase 3: Adjust pointers
[121.444s][info][gc,phases      ] GC(106) Phase 3: Adjust pointers 137.247ms
[121.444s][info][gc,phases,start] GC(106) Phase 4: Move objects
[121.755s][info][gc,phases      ] GC(106) Phase 4: Move objects 311.243ms
[121.755s][info][gc,heap        ] GC(106) DefNew: 1258300K(1258304K)->514715K(1258304K) Eden: 1118528K(1118528K)->514715K(1118528K) From: 139772K(139776K)->0K(139776K)
[121.755s][info][gc,heap        ] GC(106) Tenured: 2796220K(2796224K)->2796221K(2796224K)
[121.755s][info][gc,metaspace   ] GC(106) Metaspace: 10563K(10816K)->10563K(10816K) NonClass: 9529K(9664K)->9529K(9664K) Class: 1034K(1152K)->1034K(1152K)
[121.755s][info][gc             ] GC(106) Pause Full (Allocation Failure) 3959M->3233M(3959M) 772.159ms
[121.755s][info][gc,cpu         ] GC(106) User=0.77s Sys=0.00s Real=0.78s
[122.167s][info][gc,start       ] GC(107) Pause Full (Allocation Failure)
[122.167s][info][gc,phases,start] GC(107) Phase 1: Mark live objects
[122.346s][info][gc,phases      ] GC(107) Phase 1: Mark live objects 179.045ms
[122.346s][info][gc,phases,start] GC(107) Phase 2: Compute new object addresses
[122.489s][info][gc,phases      ] GC(107) Phase 2: Compute new object addresses 143.680ms
[122.489s][info][gc,phases,start] GC(107) Phase 3: Adjust pointers
[122.641s][info][gc,phases      ] GC(107) Phase 3: Adjust pointers 151.135ms
[122.641s][info][gc,phases,start] GC(107) Phase 4: Move objects
[122.908s][info][gc,phases      ] GC(107) Phase 4: Move objects 266.942ms
[122.908s][info][gc,heap        ] GC(107) DefNew: 1258300K(1258304K)->654518K(1258304K) Eden: 1118528K(1118528K)->654518K(1118528K) From: 139772K(139776K)->0K(139776K)
[122.908s][info][gc,heap        ] GC(107) Tenured: 2796221K(2796224K)->2796221K(2796224K)
[122.908s][info][gc,metaspace   ] GC(107) Metaspace: 10563K(10816K)->10563K(10816K) NonClass: 9529K(9664K)->9529K(9664K) Class: 1034K(1152K)->1034K(1152K)
[122.908s][info][gc             ] GC(107) Pause Full (Allocation Failure) 3959M->3369M(3959M) 741.586ms
[122.908s][info][gc,cpu         ] GC(107) User=0.74s Sys=0.00s Real=0.74s
[123.268s][info][gc,start       ] GC(108) Pause Full (Allocation Failure)
[123.268s][info][gc,phases,start] GC(108) Phase 1: Mark live objects
[123.452s][info][gc,phases      ] GC(108) Phase 1: Mark live objects 184.239ms
[123.452s][info][gc,phases,start] GC(108) Phase 2: Compute new object addresses
[123.594s][info][gc,phases      ] GC(108) Phase 2: Compute new object addresses 141.792ms
[123.594s][info][gc,phases,start] GC(108) Phase 3: Adjust pointers
[123.746s][info][gc,phases      ] GC(108) Phase 3: Adjust pointers 152.413ms
[123.746s][info][gc,phases,start] GC(108) Phase 4: Move objects
[124.035s][info][gc,phases      ] GC(108) Phase 4: Move objects 288.215ms
[124.035s][info][gc,heap        ] GC(108) DefNew: 1258302K(1258304K)->654522K(1258304K) Eden: 1118528K(1118528K)->654522K(1118528K) From: 139774K(139776K)->0K(139776K)
[124.035s][info][gc,heap        ] GC(108) Tenured: 2796221K(2796224K)->2796221K(2796224K)
[124.035s][info][gc,metaspace   ] GC(108) Metaspace: 10563K(10816K)->10563K(10816K) NonClass: 9529K(9664K)->9529K(9664K) Class: 1034K(1152K)->1034K(1152K)
[124.035s][info][gc             ] GC(108) Pause Full (Allocation Failure) 3959M->3369M(3959M) 767.441ms
[124.035s][info][gc,cpu         ] GC(108) User=0.77s Sys=0.00s Real=0.77s
[124.391s][info][gc,start       ] GC(109) Pause Full (Allocation Failure)
[124.391s][info][gc,phases,start] GC(109) Phase 1: Mark live objects
[124.575s][info][gc,phases      ] GC(109) Phase 1: Mark live objects 184.150ms
[124.575s][info][gc,phases,start] GC(109) Phase 2: Compute new object addresses
[124.717s][info][gc,phases      ] GC(109) Phase 2: Compute new object addresses 141.810ms
[124.717s][info][gc,phases,start] GC(109) Phase 3: Adjust pointers
[124.869s][info][gc,phases      ] GC(109) Phase 3: Adjust pointers 151.391ms
[124.869s][info][gc,phases,start] GC(109) Phase 4: Move objects
[125.167s][info][gc,phases      ] GC(109) Phase 4: Move objects 297.826ms
[125.167s][info][gc,heap        ] GC(109) DefNew: 1258301K(1258304K)->654522K(1258304K) Eden: 1118528K(1118528K)->654522K(1118528K) From: 139773K(139776K)->0K(139776K)
[125.167s][info][gc,heap        ] GC(109) Tenured: 2796221K(2796224K)->2796221K(2796224K)
[125.167s][info][gc,metaspace   ] GC(109) Metaspace: 10563K(10816K)->10563K(10816K) NonClass: 9529K(9664K)->9529K(9664K) Class: 1034K(1152K)->1034K(1152K)
[125.167s][info][gc             ] GC(109) Pause Full (Allocation Failure) 3959M->3369M(3959M) 775.941ms
[125.167s][info][gc,cpu         ] GC(109) User=0.77s Sys=0.00s Real=0.78s
[125.524s][info][gc,start       ] GC(110) Pause Full (Allocation Failure)
[125.524s][info][gc,phases,start] GC(110) Phase 1: Mark live objects
[125.708s][info][gc,phases      ] GC(110) Phase 1: Mark live objects 184.042ms
[125.708s][info][gc,phases,start] GC(110) Phase 2: Compute new object addresses
[125.845s][info][gc,phases      ] GC(110) Phase 2: Compute new object addresses 136.314ms
[125.845s][info][gc,phases,start] GC(110) Phase 3: Adjust pointers
[126.001s][info][gc,phases      ] GC(110) Phase 3: Adjust pointers 156.440ms
[126.001s][info][gc,phases,start] GC(110) Phase 4: Move objects
[126.310s][info][gc,phases      ] GC(110) Phase 4: Move objects 309.058ms
[126.311s][info][gc,heap        ] GC(110) DefNew: 1258300K(1258304K)->514715K(1258304K) Eden: 1118528K(1118528K)->514715K(1118528K) From: 139772K(139776K)->0K(139776K)
[126.311s][info][gc,heap        ] GC(110) Tenured: 2796221K(2796224K)->2796221K(2796224K)
[126.311s][info][gc,metaspace   ] GC(110) Metaspace: 10563K(10816K)->10563K(10816K) NonClass: 9529K(9664K)->9529K(9664K) Class: 1034K(1152K)->1034K(1152K)
[126.311s][info][gc             ] GC(110) Pause Full (Allocation Failure) 3959M->3233M(3959M) 786.669ms
[126.311s][info][gc,cpu         ] GC(110) User=0.79s Sys=0.00s Real=0.79s
[126.724s][info][gc,start       ] GC(111) Pause Full (Allocation Failure)
[126.724s][info][gc,phases,start] GC(111) Phase 1: Mark live objects
[126.908s][info][gc,phases      ] GC(111) Phase 1: Mark live objects 184.169ms
[126.908s][info][gc,phases,start] GC(111) Phase 2: Compute new object addresses
[127.055s][info][gc,phases      ] GC(111) Phase 2: Compute new object addresses 146.918ms
[127.055s][info][gc,phases,start] GC(111) Phase 3: Adjust pointers
[127.213s][info][gc,phases      ] GC(111) Phase 3: Adjust pointers 157.633ms
[127.213s][info][gc,phases,start] GC(111) Phase 4: Move objects
[127.479s][info][gc,phases      ] GC(111) Phase 4: Move objects 266.515ms
[127.480s][info][gc,heap        ] GC(111) DefNew: 1258302K(1258304K)->654526K(1258304K) Eden: 1118528K(1118528K)->654526K(1118528K) From: 139774K(139776K)->0K(139776K)
[127.480s][info][gc,heap        ] GC(111) Tenured: 2796221K(2796224K)->2796221K(2796224K)
[127.480s][info][gc,metaspace   ] GC(111) Metaspace: 10563K(10816K)->10563K(10816K) NonClass: 9529K(9664K)->9529K(9664K) Class: 1034K(1152K)->1034K(1152K)
[127.480s][info][gc             ] GC(111) Pause Full (Allocation Failure) 3959M->3369M(3959M) 755.993ms
[127.480s][info][gc,cpu         ] GC(111) User=0.75s Sys=0.00s Real=0.76s
[127.841s][info][gc,start       ] GC(112) Pause Full (Allocation Failure)
[127.841s][info][gc,phases,start] GC(112) Phase 1: Mark live objects
[128.028s][info][gc,phases      ] GC(112) Phase 1: Mark live objects 187.172ms
[128.028s][info][gc,phases,start] GC(112) Phase 2: Compute new object addresses
[128.169s][info][gc,phases      ] GC(112) Phase 2: Compute new object addresses 141.213ms
[128.170s][info][gc,phases,start] GC(112) Phase 3: Adjust pointers
[128.316s][info][gc,phases      ] GC(112) Phase 3: Adjust pointers 146.748ms
[128.316s][info][gc,phases,start] GC(112) Phase 4: Move objects
[128.606s][info][gc,phases      ] GC(112) Phase 4: Move objects 289.525ms
[128.606s][info][gc,heap        ] GC(112) DefNew: 1258303K(1258304K)->654526K(1258304K) Eden: 1118528K(1118528K)->654526K(1118528K) From: 139775K(139776K)->0K(139776K)
[128.606s][info][gc,heap        ] GC(112) Tenured: 2796221K(2796224K)->2796221K(2796224K)
[128.606s][info][gc,metaspace   ] GC(112) Metaspace: 10563K(10816K)->10563K(10816K) NonClass: 9529K(9664K)->9529K(9664K) Class: 1034K(1152K)->1034K(1152K)
[128.606s][info][gc             ] GC(112) Pause Full (Allocation Failure) 3959M->3369M(3959M) 765.432ms
[128.606s][info][gc,cpu         ] GC(112) User=0.76s Sys=0.00s Real=0.77s
[128.967s][info][gc,start       ] GC(113) Pause Full (Allocation Failure)
[128.967s][info][gc,phases,start] GC(113) Phase 1: Mark live objects
[129.152s][info][gc,phases      ] GC(113) Phase 1: Mark live objects 184.837ms
[129.152s][info][gc,phases,start] GC(113) Phase 2: Compute new object addresses
[129.294s][info][gc,phases      ] GC(113) Phase 2: Compute new object addresses 142.050ms
[129.294s][info][gc,phases,start] GC(113) Phase 3: Adjust pointers
[129.445s][info][gc,phases      ] GC(113) Phase 3: Adjust pointers 150.369ms
[129.445s][info][gc,phases,start] GC(113) Phase 4: Move objects
[129.741s][info][gc,phases      ] GC(113) Phase 4: Move objects 296.481ms
[129.742s][info][gc,heap        ] GC(113) DefNew: 1258302K(1258304K)->654518K(1258304K) Eden: 1118528K(1118528K)->654518K(1118528K) From: 139774K(139776K)->0K(139776K)
[129.742s][info][gc,heap        ] GC(113) Tenured: 2796221K(2796224K)->2796221K(2796224K)
[129.742s][info][gc,metaspace   ] GC(113) Metaspace: 10563K(10816K)->10563K(10816K) NonClass: 9529K(9664K)->9529K(9664K) Class: 1034K(1152K)->1034K(1152K)
[129.742s][info][gc             ] GC(113) Pause Full (Allocation Failure) 3959M->3369M(3959M) 774.524ms
[129.742s][info][gc,cpu         ] GC(113) User=0.78s Sys=0.00s Real=0.77s
[130.103s][info][gc,start       ] GC(114) Pause Full (Allocation Failure)
[130.103s][info][gc,phases,start] GC(114) Phase 1: Mark live objects
[130.289s][info][gc,phases      ] GC(114) Phase 1: Mark live objects 185.107ms
[130.289s][info][gc,phases,start] GC(114) Phase 2: Compute new object addresses
[130.433s][info][gc,phases      ] GC(114) Phase 2: Compute new object addresses 144.527ms
[130.433s][info][gc,phases,start] GC(114) Phase 3: Adjust pointers
[130.591s][info][gc,phases      ] GC(114) Phase 3: Adjust pointers 157.497ms
[130.591s][info][gc,phases,start] GC(114) Phase 4: Move objects
[130.901s][info][gc,phases      ] GC(114) Phase 4: Move objects 310.296ms
[130.902s][info][gc,heap        ] GC(114) DefNew: 1258301K(1258304K)->514715K(1258304K) Eden: 1118528K(1118528K)->514715K(1118528K) From: 139773K(139776K)->0K(139776K)
[130.902s][info][gc,heap        ] GC(114) Tenured: 2796221K(2796224K)->2796221K(2796224K)
[130.902s][info][gc,metaspace   ] GC(114) Metaspace: 10563K(10816K)->10563K(10816K) NonClass: 9529K(9664K)->9529K(9664K) Class: 1034K(1152K)->1034K(1152K)
[130.902s][info][gc             ] GC(114) Pause Full (Allocation Failure) 3959M->3233M(3959M) 798.202ms
[130.902s][info][gc,cpu         ] GC(114) User=0.80s Sys=0.00s Real=0.80s
[131.323s][info][gc,start       ] GC(115) Pause Full (Allocation Failure)
[131.324s][info][gc,phases,start] GC(115) Phase 1: Mark live objects
[131.508s][info][gc,phases      ] GC(115) Phase 1: Mark live objects 184.787ms
[131.508s][info][gc,phases,start] GC(115) Phase 2: Compute new object addresses
[131.654s][info][gc,phases      ] GC(115) Phase 2: Compute new object addresses 145.752ms
[131.654s][info][gc,phases,start] GC(115) Phase 3: Adjust pointers
[131.808s][info][gc,phases      ] GC(115) Phase 3: Adjust pointers 153.351ms
[131.808s][info][gc,phases,start] GC(115) Phase 4: Move objects
[132.076s][info][gc,phases      ] GC(115) Phase 4: Move objects 268.776ms
[132.077s][info][gc,heap        ] GC(115) DefNew: 1258303K(1258304K)->654526K(1258304K) Eden: 1118528K(1118528K)->654526K(1118528K) From: 139775K(139776K)->0K(139776K)
[132.077s][info][gc,heap        ] GC(115) Tenured: 2796221K(2796224K)->2796221K(2796224K)
[132.077s][info][gc,metaspace   ] GC(115) Metaspace: 10563K(10816K)->10563K(10816K) NonClass: 9529K(9664K)->9529K(9664K) Class: 1034K(1152K)->1034K(1152K)
[132.077s][info][gc             ] GC(115) Pause Full (Allocation Failure) 3959M->3369M(3959M) 753.458ms
[132.077s][info][gc,cpu         ] GC(115) User=0.75s Sys=0.00s Real=0.76s
[132.438s][info][gc,start       ] GC(116) Pause Full (Allocation Failure)
[132.438s][info][gc,phases,start] GC(116) Phase 1: Mark live objects
[132.621s][info][gc,phases      ] GC(116) Phase 1: Mark live objects 183.679ms
[132.621s][info][gc,phases,start] GC(116) Phase 2: Compute new object addresses
[132.748s][info][gc,phases      ] GC(116) Phase 2: Compute new object addresses 127.083ms
[132.749s][info][gc,phases,start] GC(116) Phase 3: Adjust pointers
[132.899s][info][gc,phases      ] GC(116) Phase 3: Adjust pointers 150.068ms
[132.899s][info][gc,phases,start] GC(116) Phase 4: Move objects
[133.187s][info][gc,phases      ] GC(116) Phase 4: Move objects 288.167ms
[133.187s][info][gc,heap        ] GC(116) DefNew: 1258302K(1258304K)->654522K(1258304K) Eden: 1118528K(1118528K)->654522K(1118528K) From: 139774K(139776K)->0K(139776K)
[133.187s][info][gc,heap        ] GC(116) Tenured: 2796221K(2796224K)->2796221K(2796224K)
[133.187s][info][gc,metaspace   ] GC(116) Metaspace: 10563K(10816K)->10563K(10816K) NonClass: 9529K(9664K)->9529K(9664K) Class: 1034K(1152K)->1034K(1152K)
[133.187s][info][gc             ] GC(116) Pause Full (Allocation Failure) 3959M->3369M(3959M) 749.780ms
[133.187s][info][gc,cpu         ] GC(116) User=0.75s Sys=0.01s Real=0.75s
[133.550s][info][gc,start       ] GC(117) Pause Full (Allocation Failure)
[133.550s][info][gc,phases,start] GC(117) Phase 1: Mark live objects
[133.734s][info][gc,phases      ] GC(117) Phase 1: Mark live objects 184.596ms
[133.735s][info][gc,phases,start] GC(117) Phase 2: Compute new object addresses
[133.873s][info][gc,phases      ] GC(117) Phase 2: Compute new object addresses 138.514ms
[133.873s][info][gc,phases,start] GC(117) Phase 3: Adjust pointers
[134.022s][info][gc,phases      ] GC(117) Phase 3: Adjust pointers 148.682ms
[134.022s][info][gc,phases,start] GC(117) Phase 4: Move objects
[134.319s][info][gc,phases      ] GC(117) Phase 4: Move objects 296.919ms
[134.319s][info][gc,heap        ] GC(117) DefNew: 1258303K(1258304K)->654501K(1258304K) Eden: 1118528K(1118528K)->654501K(1118528K) From: 139775K(139776K)->0K(139776K)
[134.319s][info][gc,heap        ] GC(117) Tenured: 2796221K(2796224K)->2796221K(2796224K)
[134.319s][info][gc,metaspace   ] GC(117) Metaspace: 10563K(10816K)->10563K(10816K) NonClass: 9529K(9664K)->9529K(9664K) Class: 1034K(1152K)->1034K(1152K)
[134.319s][info][gc             ] GC(117) Pause Full (Allocation Failure) 3959M->3369M(3959M) 769.478ms
[134.319s][info][gc,cpu         ] GC(117) User=0.77s Sys=0.00s Real=0.77s
[134.677s][info][gc,start       ] GC(118) Pause Full (Allocation Failure)
[134.678s][info][gc,phases,start] GC(118) Phase 1: Mark live objects
[134.862s][info][gc,phases      ] GC(118) Phase 1: Mark live objects 184.230ms
[134.862s][info][gc,phases,start] GC(118) Phase 2: Compute new object addresses
[135.006s][info][gc,phases      ] GC(118) Phase 2: Compute new object addresses 144.274ms
[135.006s][info][gc,phases,start] GC(118) Phase 3: Adjust pointers
[135.150s][info][gc,phases      ] GC(118) Phase 3: Adjust pointers 143.502ms
[135.150s][info][gc,phases,start] GC(118) Phase 4: Move objects
[135.459s][info][gc,phases      ] GC(118) Phase 4: Move objects 309.229ms
[135.459s][info][gc,heap        ] GC(118) DefNew: 1258300K(1258304K)->514715K(1258304K) Eden: 1118528K(1118528K)->514715K(1118528K) From: 139772K(139776K)->0K(139776K)
[135.459s][info][gc,heap        ] GC(118) Tenured: 2796221K(2796224K)->2796221K(2796224K)
[135.459s][info][gc,metaspace   ] GC(118) Metaspace: 10563K(10816K)->10563K(10816K) NonClass: 9529K(9664K)->9529K(9664K) Class: 1034K(1152K)->1034K(1152K)
[135.459s][info][gc             ] GC(118) Pause Full (Allocation Failure) 3959M->3233M(3959M) 781.996ms
[135.459s][info][gc,cpu         ] GC(118) User=0.78s Sys=0.00s Real=0.78s
[135.871s][info][gc,start       ] GC(119) Pause Full (Allocation Failure)
[135.871s][info][gc,phases,start] GC(119) Phase 1: Mark live objects
[136.047s][info][gc,phases      ] GC(119) Phase 1: Mark live objects 175.863ms
[136.047s][info][gc,phases,start] GC(119) Phase 2: Compute new object addresses
[136.195s][info][gc,phases      ] GC(119) Phase 2: Compute new object addresses 147.824ms
[136.195s][info][gc,phases,start] GC(119) Phase 3: Adjust pointers
[136.359s][info][gc,phases      ] GC(119) Phase 3: Adjust pointers 164.073ms
[136.359s][info][gc,phases,start] GC(119) Phase 4: Move objects
[136.628s][info][gc,phases      ] GC(119) Phase 4: Move objects 269.686ms
[136.629s][info][gc,heap        ] GC(119) DefNew: 1258300K(1258304K)->654526K(1258304K) Eden: 1118528K(1118528K)->654526K(1118528K) From: 139772K(139776K)->0K(139776K)
[136.629s][info][gc,heap        ] GC(119) Tenured: 2796221K(2796224K)->2796221K(2796224K)
[136.629s][info][gc,metaspace   ] GC(119) Metaspace: 10563K(10816K)->10563K(10816K) NonClass: 9529K(9664K)->9529K(9664K) Class: 1034K(1152K)->1034K(1152K)
[136.629s][info][gc             ] GC(119) Pause Full (Allocation Failure) 3959M->3369M(3959M) 758.264ms
[136.629s][info][gc,cpu         ] GC(119) User=0.76s Sys=0.00s Real=0.76s
[136.985s][info][gc,start       ] GC(120) Pause Full (Allocation Failure)
[136.985s][info][gc,phases,start] GC(120) Phase 1: Mark live objects
[137.169s][info][gc,phases      ] GC(120) Phase 1: Mark live objects 184.134ms
[137.169s][info][gc,phases,start] GC(120) Phase 2: Compute new object addresses
[137.308s][info][gc,phases      ] GC(120) Phase 2: Compute new object addresses 139.305ms
[137.308s][info][gc,phases,start] GC(120) Phase 3: Adjust pointers
[137.460s][info][gc,phases      ] GC(120) Phase 3: Adjust pointers 151.232ms
[137.460s][info][gc,phases,start] GC(120) Phase 4: Move objects
[137.748s][info][gc,phases      ] GC(120) Phase 4: Move objects 288.056ms
[137.748s][info][gc,heap        ] GC(120) DefNew: 1258303K(1258304K)->654526K(1258304K) Eden: 1118528K(1118528K)->654526K(1118528K) From: 139775K(139776K)->0K(139776K)
[137.748s][info][gc,heap        ] GC(120) Tenured: 2796221K(2796224K)->2796221K(2796224K)
[137.748s][info][gc,metaspace   ] GC(120) Metaspace: 10563K(10816K)->10563K(10816K) NonClass: 9529K(9664K)->9529K(9664K) Class: 1034K(1152K)->1034K(1152K)
[137.748s][info][gc             ] GC(120) Pause Full (Allocation Failure) 3959M->3369M(3959M) 763.489ms
[137.748s][info][gc,cpu         ] GC(120) User=0.77s Sys=0.00s Real=0.76s
[138.111s][info][gc,start       ] GC(121) Pause Full (Allocation Failure)
[138.111s][info][gc,phases,start] GC(121) Phase 1: Mark live objects
[138.296s][info][gc,phases      ] GC(121) Phase 1: Mark live objects 185.473ms
[138.296s][info][gc,phases,start] GC(121) Phase 2: Compute new object addresses
[138.424s][info][gc,phases      ] GC(121) Phase 2: Compute new object addresses 127.848ms
[138.424s][info][gc,phases,start] GC(121) Phase 3: Adjust pointers
[138.576s][info][gc,phases      ] GC(121) Phase 3: Adjust pointers 151.808ms
[138.576s][info][gc,phases,start] GC(121) Phase 4: Move objects
[138.872s][info][gc,phases      ] GC(121) Phase 4: Move objects 295.828ms
[138.872s][info][gc,heap        ] GC(121) DefNew: 1258302K(1258304K)->654522K(1258304K) Eden: 1118528K(1118528K)->654522K(1118528K) From: 139774K(139776K)->0K(139776K)
[138.872s][info][gc,heap        ] GC(121) Tenured: 2796221K(2796224K)->2796221K(2796224K)
[138.872s][info][gc,metaspace   ] GC(121) Metaspace: 10563K(10816K)->10563K(10816K) NonClass: 9529K(9664K)->9529K(9664K) Class: 1034K(1152K)->1034K(1152K)
[138.872s][info][gc             ] GC(121) Pause Full (Allocation Failure) 3959M->3369M(3959M) 761.695ms
[138.872s][info][gc,cpu         ] GC(121) User=0.76s Sys=0.00s Real=0.76s
[139.230s][info][gc,start       ] GC(122) Pause Full (Allocation Failure)
[139.230s][info][gc,phases,start] GC(122) Phase 1: Mark live objects
[139.414s][info][gc,phases      ] GC(122) Phase 1: Mark live objects 184.027ms
[139.414s][info][gc,phases,start] GC(122) Phase 2: Compute new object addresses
[139.552s][info][gc,phases      ] GC(122) Phase 2: Compute new object addresses 138.779ms
[139.553s][info][gc,phases,start] GC(122) Phase 3: Adjust pointers
[139.701s][info][gc,phases      ] GC(122) Phase 3: Adjust pointers 148.302ms
[139.701s][info][gc,phases,start] GC(122) Phase 4: Move objects
[140.012s][info][gc,phases      ] GC(122) Phase 4: Move objects 311.285ms
[140.013s][info][gc,heap        ] GC(122) DefNew: 1258303K(1258304K)->514715K(1258304K) Eden: 1118528K(1118528K)->514715K(1118528K) From: 139775K(139776K)->0K(139776K)
[140.013s][info][gc,heap        ] GC(122) Tenured: 2796221K(2796224K)->2796221K(2796224K)
[140.013s][info][gc,metaspace   ] GC(122) Metaspace: 10563K(10816K)->10563K(10816K) NonClass: 9529K(9664K)->9529K(9664K) Class: 1034K(1152K)->1034K(1152K)
[140.013s][info][gc             ] GC(122) Pause Full (Allocation Failure) 3959M->3233M(3959M) 783.162ms
[140.013s][info][gc,cpu         ] GC(122) User=0.78s Sys=0.00s Real=0.79s
[140.425s][info][gc,start       ] GC(123) Pause Full (Allocation Failure)
[140.425s][info][gc,phases,start] GC(123) Phase 1: Mark live objects
[140.609s][info][gc,phases      ] GC(123) Phase 1: Mark live objects 183.955ms
[140.609s][info][gc,phases,start] GC(123) Phase 2: Compute new object addresses
[140.753s][info][gc,phases      ] GC(123) Phase 2: Compute new object addresses 143.976ms
[140.753s][info][gc,phases,start] GC(123) Phase 3: Adjust pointers
[140.917s][info][gc,phases      ] GC(123) Phase 3: Adjust pointers 164.567ms
[140.917s][info][gc,phases,start] GC(123) Phase 4: Move objects
[141.186s][info][gc,phases      ] GC(123) Phase 4: Move objects 268.355ms
[141.186s][info][gc,heap        ] GC(123) DefNew: 1258303K(1258304K)->654526K(1258304K) Eden: 1118528K(1118528K)->654526K(1118528K) From: 139775K(139776K)->0K(139776K)
[141.186s][info][gc,heap        ] GC(123) Tenured: 2796221K(2796224K)->2796221K(2796224K)
[141.186s][info][gc,metaspace   ] GC(123) Metaspace: 10563K(10816K)->10563K(10816K) NonClass: 9529K(9664K)->9529K(9664K) Class: 1034K(1152K)->1034K(1152K)
[141.186s][info][gc             ] GC(123) Pause Full (Allocation Failure) 3959M->3369M(3959M) 761.642ms
[141.186s][info][gc,cpu         ] GC(123) User=0.76s Sys=0.00s Real=0.76s
[141.541s][info][gc,start       ] GC(124) Pause Full (Allocation Failure)
[141.541s][info][gc,phases,start] GC(124) Phase 1: Mark live objects
[141.725s][info][gc,phases      ] GC(124) Phase 1: Mark live objects 183.589ms
[141.725s][info][gc,phases,start] GC(124) Phase 2: Compute new object addresses
[141.867s][info][gc,phases      ] GC(124) Phase 2: Compute new object addresses 141.629ms
[141.867s][info][gc,phases,start] GC(124) Phase 3: Adjust pointers
[142.013s][info][gc,phases      ] GC(124) Phase 3: Adjust pointers 146.092ms
[142.013s][info][gc,phases,start] GC(124) Phase 4: Move objects
[142.302s][info][gc,phases      ] GC(124) Phase 4: Move objects 288.733ms
[142.302s][info][gc,heap        ] GC(124) DefNew: 1258301K(1258304K)->654522K(1258304K) Eden: 1118528K(1118528K)->654522K(1118528K) From: 139773K(139776K)->0K(139776K)
[142.302s][info][gc,heap        ] GC(124) Tenured: 2796221K(2796224K)->2796221K(2796224K)
[142.302s][info][gc,metaspace   ] GC(124) Metaspace: 10563K(10816K)->10563K(10816K) NonClass: 9529K(9664K)->9529K(9664K) Class: 1034K(1152K)->1034K(1152K)
[142.302s][info][gc             ] GC(124) Pause Full (Allocation Failure) 3959M->3369M(3959M) 760.814ms
[142.302s][info][gc,cpu         ] GC(124) User=0.76s Sys=0.00s Real=0.76s
[142.659s][info][gc,start       ] GC(125) Pause Full (Allocation Failure)
[142.659s][info][gc,phases,start] GC(125) Phase 1: Mark live objects
[142.843s][info][gc,phases      ] GC(125) Phase 1: Mark live objects 184.004ms
[142.843s][info][gc,phases,start] GC(125) Phase 2: Compute new object addresses
[142.983s][info][gc,phases      ] GC(125) Phase 2: Compute new object addresses 140.017ms
[142.983s][info][gc,phases,start] GC(125) Phase 3: Adjust pointers
[143.134s][info][gc,phases      ] GC(125) Phase 3: Adjust pointers 150.565ms
[143.134s][info][gc,phases,start] GC(125) Phase 4: Move objects
[143.428s][info][gc,phases      ] GC(125) Phase 4: Move objects 294.359ms
[143.429s][info][gc,heap        ] GC(125) DefNew: 1258303K(1258304K)->654518K(1258304K) Eden: 1118528K(1118528K)->654518K(1118528K) From: 139775K(139776K)->0K(139776K)
[143.429s][info][gc,heap        ] GC(125) Tenured: 2796221K(2796224K)->2796221K(2796224K)
[143.429s][info][gc,metaspace   ] GC(125) Metaspace: 10563K(10816K)->10563K(10816K) NonClass: 9529K(9664K)->9529K(9664K) Class: 1034K(1152K)->1034K(1152K)
[143.429s][info][gc             ] GC(125) Pause Full (Allocation Failure) 3959M->3369M(3959M) 769.716ms
[143.429s][info][gc,cpu         ] GC(125) User=0.77s Sys=0.00s Real=0.77s
[143.791s][info][gc,start       ] GC(126) Pause Full (Allocation Failure)
[143.791s][info][gc,phases,start] GC(126) Phase 1: Mark live objects
[143.975s][info][gc,phases      ] GC(126) Phase 1: Mark live objects 184.716ms
[143.976s][info][gc,phases,start] GC(126) Phase 2: Compute new object addresses
[144.120s][info][gc,phases      ] GC(126) Phase 2: Compute new object addresses 144.110ms
[144.120s][info][gc,phases,start] GC(126) Phase 3: Adjust pointers
[144.281s][info][gc,phases      ] GC(126) Phase 3: Adjust pointers 161.206ms
[144.281s][info][gc,phases,start] GC(126) Phase 4: Move objects
[144.655s][info][gc,phases      ] GC(126) Phase 4: Move objects 373.807ms
[144.655s][info][gc,heap        ] GC(126) DefNew: 1258303K(1258304K)->514715K(1258304K) Eden: 1118528K(1118528K)->514715K(1118528K) From: 139775K(139776K)->0K(139776K)
[144.655s][info][gc,heap        ] GC(126) Tenured: 2796221K(2796224K)->2796221K(2796224K)
[144.655s][info][gc,metaspace   ] GC(126) Metaspace: 10563K(10816K)->10563K(10816K) NonClass: 9529K(9664K)->9529K(9664K) Class: 1034K(1152K)->1034K(1152K)
[144.655s][info][gc             ] GC(126) Pause Full (Allocation Failure) 3959M->3233M(3959M) 864.634ms
[144.655s][info][gc,cpu         ] GC(126) User=0.87s Sys=0.00s Real=0.87s
[145.069s][info][gc,start       ] GC(127) Pause Full (Allocation Failure)
[145.069s][info][gc,phases,start] GC(127) Phase 1: Mark live objects
[145.253s][info][gc,phases      ] GC(127) Phase 1: Mark live objects 184.257ms
[145.253s][info][gc,phases,start] GC(127) Phase 2: Compute new object addresses
[145.392s][info][gc,phases      ] GC(127) Phase 2: Compute new object addresses 139.017ms
[145.392s][info][gc,phases,start] GC(127) Phase 3: Adjust pointers
[145.541s][info][gc,phases      ] GC(127) Phase 3: Adjust pointers 149.364ms
[145.541s][info][gc,phases,start] GC(127) Phase 4: Move objects
[145.810s][info][gc,phases      ] GC(127) Phase 4: Move objects 268.108ms
[145.810s][info][gc,heap        ] GC(127) DefNew: 1258301K(1258304K)->654526K(1258304K) Eden: 1118528K(1118528K)->654526K(1118528K) From: 139773K(139776K)->0K(139776K)
[145.810s][info][gc,heap        ] GC(127) Tenured: 2796221K(2796224K)->2796221K(2796224K)
[145.810s][info][gc,metaspace   ] GC(127) Metaspace: 10563K(10816K)->10563K(10816K) NonClass: 9529K(9664K)->9529K(9664K) Class: 1034K(1152K)->1034K(1152K)
[145.810s][info][gc             ] GC(127) Pause Full (Allocation Failure) 3959M->3369M(3959M) 741.536ms
[145.810s][info][gc,cpu         ] GC(127) User=0.74s Sys=0.00s Real=0.74s
[146.169s][info][gc,start       ] GC(128) Pause Full (Allocation Failure)
[146.169s][info][gc,phases,start] GC(128) Phase 1: Mark live objects
[146.353s][info][gc,phases      ] GC(128) Phase 1: Mark live objects 183.876ms
[146.353s][info][gc,phases,start] GC(128) Phase 2: Compute new object addresses
[146.479s][info][gc,phases      ] GC(128) Phase 2: Compute new object addresses 126.142ms
[146.479s][info][gc,phases,start] GC(128) Phase 3: Adjust pointers
[146.629s][info][gc,phases      ] GC(128) Phase 3: Adjust pointers 150.346ms
[146.629s][info][gc,phases,start] GC(128) Phase 4: Move objects
[146.919s][info][gc,phases      ] GC(128) Phase 4: Move objects 289.515ms
[146.919s][info][gc,heap        ] GC(128) DefNew: 1258300K(1258304K)->654514K(1258304K) Eden: 1118528K(1118528K)->654514K(1118528K) From: 139772K(139776K)->0K(139776K)
[146.919s][info][gc,heap        ] GC(128) Tenured: 2796221K(2796224K)->2796221K(2796224K)
[146.919s][info][gc,metaspace   ] GC(128) Metaspace: 10563K(10816K)->10563K(10816K) NonClass: 9529K(9664K)->9529K(9664K) Class: 1034K(1152K)->1034K(1152K)
[146.919s][info][gc             ] GC(128) Pause Full (Allocation Failure) 3959M->3369M(3959M) 750.651ms
[146.919s][info][gc,cpu         ] GC(128) User=0.75s Sys=0.00s Real=0.75s
[147.283s][info][gc,start       ] GC(129) Pause Full (Allocation Failure)
[147.283s][info][gc,phases,start] GC(129) Phase 1: Mark live objects
[147.468s][info][gc,phases      ] GC(129) Phase 1: Mark live objects 184.838ms
[147.468s][info][gc,phases,start] GC(129) Phase 2: Compute new object addresses
[147.611s][info][gc,phases      ] GC(129) Phase 2: Compute new object addresses 142.252ms
[147.611s][info][gc,phases,start] GC(129) Phase 3: Adjust pointers
[147.763s][info][gc,phases      ] GC(129) Phase 3: Adjust pointers 152.185ms
[147.763s][info][gc,phases,start] GC(129) Phase 4: Move objects
[148.060s][info][gc,phases      ] GC(129) Phase 4: Move objects 296.631ms
[148.060s][info][gc,heap        ] GC(129) DefNew: 1258302K(1258304K)->654510K(1258304K) Eden: 1118528K(1118528K)->654510K(1118528K) From: 139774K(139776K)->0K(139776K)
[148.060s][info][gc,heap        ] GC(129) Tenured: 2796221K(2796224K)->2796221K(2796224K)
[148.060s][info][gc,metaspace   ] GC(129) Metaspace: 10563K(10816K)->10563K(10816K) NonClass: 9529K(9664K)->9529K(9664K) Class: 1034K(1152K)->1034K(1152K)
[148.060s][info][gc             ] GC(129) Pause Full (Allocation Failure) 3959M->3369M(3959M) 776.694ms
[148.060s][info][gc,cpu         ] GC(129) User=0.77s Sys=0.00s Real=0.78s
[148.421s][info][gc,start       ] GC(130) Pause Full (Allocation Failure)
[148.421s][info][gc,phases,start] GC(130) Phase 1: Mark live objects
[148.606s][info][gc,phases      ] GC(130) Phase 1: Mark live objects 185.300ms
[148.606s][info][gc,phases,start] GC(130) Phase 2: Compute new object addresses
[148.749s][info][gc,phases      ] GC(130) Phase 2: Compute new object addresses 143.260ms
[148.749s][info][gc,phases,start] GC(130) Phase 3: Adjust pointers
[148.901s][info][gc,phases      ] GC(130) Phase 3: Adjust pointers 151.224ms
[148.901s][info][gc,phases,start] GC(130) Phase 4: Move objects
[149.212s][info][gc,phases      ] GC(130) Phase 4: Move objects 311.503ms
[149.213s][info][gc,heap        ] GC(130) DefNew: 1258303K(1258304K)->514715K(1258304K) Eden: 1118528K(1118528K)->514715K(1118528K) From: 139775K(139776K)->0K(139776K)
[149.213s][info][gc,heap        ] GC(130) Tenured: 2796221K(2796224K)->2796221K(2796224K)
[149.213s][info][gc,metaspace   ] GC(130) Metaspace: 10563K(10816K)->10563K(10816K) NonClass: 9529K(9664K)->9529K(9664K) Class: 1034K(1152K)->1034K(1152K)
[149.213s][info][gc             ] GC(130) Pause Full (Allocation Failure) 3959M->3233M(3959M) 792.058ms
[149.213s][info][gc,cpu         ] GC(130) User=0.80s Sys=0.00s Real=0.80s
[149.626s][info][gc,start       ] GC(131) Pause Full (Allocation Failure)
[149.626s][info][gc,phases,start] GC(131) Phase 1: Mark live objects
[149.810s][info][gc,phases      ] GC(131) Phase 1: Mark live objects 184.222ms
[149.810s][info][gc,phases,start] GC(131) Phase 2: Compute new object addresses
[149.957s][info][gc,phases      ] GC(131) Phase 2: Compute new object addresses 146.292ms
[149.957s][info][gc,phases,start] GC(131) Phase 3: Adjust pointers
[150.100s][info][gc,phases      ] GC(131) Phase 3: Adjust pointers 143.770ms
[150.101s][info][gc,phases,start] GC(131) Phase 4: Move objects
[150.369s][info][gc,phases      ] GC(131) Phase 4: Move objects 268.176ms
[150.369s][info][gc,heap        ] GC(131) DefNew: 1258302K(1258304K)->654526K(1258304K) Eden: 1118528K(1118528K)->654526K(1118528K) From: 139774K(139776K)->0K(139776K)
[150.369s][info][gc,heap        ] GC(131) Tenured: 2796221K(2796224K)->2796221K(2796224K)
[150.369s][info][gc,metaspace   ] GC(131) Metaspace: 10563K(10816K)->10563K(10816K) NonClass: 9529K(9664K)->9529K(9664K) Class: 1034K(1152K)->1034K(1152K)
[150.369s][info][gc             ] GC(131) Pause Full (Allocation Failure) 3959M->3369M(3959M) 743.214ms
[150.369s][info][gc,cpu         ] GC(131) User=0.74s Sys=0.01s Real=0.74s
[150.729s][info][gc,start       ] GC(132) Pause Full (Allocation Failure)
[150.729s][info][gc,phases,start] GC(132) Phase 1: Mark live objects
[150.914s][info][gc,phases      ] GC(132) Phase 1: Mark live objects 184.355ms
[150.914s][info][gc,phases,start] GC(132) Phase 2: Compute new object addresses
[151.054s][info][gc,phases      ] GC(132) Phase 2: Compute new object addresses 139.877ms
[151.054s][info][gc,phases,start] GC(132) Phase 3: Adjust pointers
[151.213s][info][gc,phases      ] GC(132) Phase 3: Adjust pointers 159.262ms
[151.213s][info][gc,phases,start] GC(132) Phase 4: Move objects
[151.500s][info][gc,phases      ] GC(132) Phase 4: Move objects 287.230ms
[151.501s][info][gc,heap        ] GC(132) DefNew: 1258300K(1258304K)->654518K(1258304K) Eden: 1118528K(1118528K)->654518K(1118528K) From: 139772K(139776K)->0K(139776K)
[151.501s][info][gc,heap        ] GC(132) Tenured: 2796221K(2796224K)->2796221K(2796224K)
[151.501s][info][gc,metaspace   ] GC(132) Metaspace: 10563K(10816K)->10563K(10816K) NonClass: 9529K(9664K)->9529K(9664K) Class: 1034K(1152K)->1034K(1152K)
[151.501s][info][gc             ] GC(132) Pause Full (Allocation Failure) 3959M->3369M(3959M) 771.517ms
[151.501s][info][gc,cpu         ] GC(132) User=0.77s Sys=0.00s Real=0.77s
[151.864s][info][gc,start       ] GC(133) Pause Full (Allocation Failure)
[151.864s][info][gc,phases,start] GC(133) Phase 1: Mark live objects
[152.048s][info][gc,phases      ] GC(133) Phase 1: Mark live objects 184.739ms
[152.048s][info][gc,phases,start] GC(133) Phase 2: Compute new object addresses
[152.189s][info][gc,phases      ] GC(133) Phase 2: Compute new object addresses 140.588ms
[152.189s][info][gc,phases,start] GC(133) Phase 3: Adjust pointers
[152.343s][info][gc,phases      ] GC(133) Phase 3: Adjust pointers 153.756ms
[152.343s][info][gc,phases,start] GC(133) Phase 4: Move objects
[152.639s][info][gc,phases      ] GC(133) Phase 4: Move objects 296.231ms
[152.640s][info][gc,heap        ] GC(133) DefNew: 1258301K(1258304K)->654526K(1258304K) Eden: 1118528K(1118528K)->654526K(1118528K) From: 139773K(139776K)->0K(139776K)
[152.640s][info][gc,heap        ] GC(133) Tenured: 2796221K(2796224K)->2796221K(2796224K)
[152.640s][info][gc,metaspace   ] GC(133) Metaspace: 10563K(10816K)->10563K(10816K) NonClass: 9529K(9664K)->9529K(9664K) Class: 1034K(1152K)->1034K(1152K)
[152.640s][info][gc             ] GC(133) Pause Full (Allocation Failure) 3959M->3369M(3959M) 776.087ms
[152.640s][info][gc,cpu         ] GC(133) User=0.78s Sys=0.00s Real=0.78s
[153.001s][info][gc,start       ] GC(134) Pause Full (Allocation Failure)
[153.002s][info][gc,phases,start] GC(134) Phase 1: Mark live objects
[153.185s][info][gc,phases      ] GC(134) Phase 1: Mark live objects 183.445ms
[153.185s][info][gc,phases,start] GC(134) Phase 2: Compute new object addresses
[153.317s][info][gc,phases      ] GC(134) Phase 2: Compute new object addresses 131.892ms
[153.317s][info][gc,phases,start] GC(134) Phase 3: Adjust pointers
[153.477s][info][gc,phases      ] GC(134) Phase 3: Adjust pointers 159.969ms
[153.477s][info][gc,phases,start] GC(134) Phase 4: Move objects
[153.788s][info][gc,phases      ] GC(134) Phase 4: Move objects 311.298ms
[153.789s][info][gc,heap        ] GC(134) DefNew: 1258301K(1258304K)->514715K(1258304K) Eden: 1118528K(1118528K)->514715K(1118528K) From: 139773K(139776K)->0K(139776K)
[153.789s][info][gc,heap        ] GC(134) Tenured: 2796221K(2796224K)->2796221K(2796224K)
[153.789s][info][gc,metaspace   ] GC(134) Metaspace: 10563K(10816K)->10563K(10816K) NonClass: 9529K(9664K)->9529K(9664K) Class: 1034K(1152K)->1034K(1152K)
[153.789s][info][gc             ] GC(134) Pause Full (Allocation Failure) 3959M->3233M(3959M) 787.374ms
[153.789s][info][gc,cpu         ] GC(134) User=0.79s Sys=0.00s Real=0.79s
[154.200s][info][gc,start       ] GC(135) Pause Full (Allocation Failure)
[154.200s][info][gc,phases,start] GC(135) Phase 1: Mark live objects
[154.384s][info][gc,phases      ] GC(135) Phase 1: Mark live objects 183.486ms
[154.384s][info][gc,phases,start] GC(135) Phase 2: Compute new object addresses
[154.534s][info][gc,phases      ] GC(135) Phase 2: Compute new object addresses 150.110ms
[154.534s][info][gc,phases,start] GC(135) Phase 3: Adjust pointers
[154.696s][info][gc,phases      ] GC(135) Phase 3: Adjust pointers 162.388ms
[154.696s][info][gc,phases,start] GC(135) Phase 4: Move objects
[154.964s][info][gc,phases      ] GC(135) Phase 4: Move objects 267.733ms
[154.964s][info][gc,heap        ] GC(135) DefNew: 1258301K(1258304K)->654526K(1258304K) Eden: 1118528K(1118528K)->654526K(1118528K) From: 139773K(139776K)->0K(139776K)
[154.964s][info][gc,heap        ] GC(135) Tenured: 2796221K(2796224K)->2796221K(2796224K)
[154.964s][info][gc,metaspace   ] GC(135) Metaspace: 10563K(10816K)->10563K(10816K) NonClass: 9529K(9664K)->9529K(9664K) Class: 1034K(1152K)->1034K(1152K)
[154.965s][info][gc             ] GC(135) Pause Full (Allocation Failure) 3959M->3369M(3959M) 764.489ms
[154.965s][info][gc,cpu         ] GC(135) User=0.76s Sys=0.00s Real=0.77s
[155.327s][info][gc,start       ] GC(136) Pause Full (Allocation Failure)
[155.327s][info][gc,phases,start] GC(136) Phase 1: Mark live objects
[155.511s][info][gc,phases      ] GC(136) Phase 1: Mark live objects 183.938ms
[155.511s][info][gc,phases,start] GC(136) Phase 2: Compute new object addresses
[155.642s][info][gc,phases      ] GC(136) Phase 2: Compute new object addresses 131.725ms
[155.642s][info][gc,phases,start] GC(136) Phase 3: Adjust pointers
[155.790s][info][gc,phases      ] GC(136) Phase 3: Adjust pointers 147.804ms
[155.790s][info][gc,phases,start] GC(136) Phase 4: Move objects
[156.079s][info][gc,phases      ] GC(136) Phase 4: Move objects 288.535ms
[156.079s][info][gc,heap        ] GC(136) DefNew: 1258302K(1258304K)->654522K(1258304K) Eden: 1118528K(1118528K)->654522K(1118528K) From: 139774K(139776K)->0K(139776K)
[156.079s][info][gc,heap        ] GC(136) Tenured: 2796221K(2796224K)->2796221K(2796224K)
[156.079s][info][gc,metaspace   ] GC(136) Metaspace: 10563K(10816K)->10563K(10816K) NonClass: 9529K(9664K)->9529K(9664K) Class: 1034K(1152K)->1034K(1152K)
[156.079s][info][gc             ] GC(136) Pause Full (Allocation Failure) 3959M->3369M(3959M) 752.763ms
[156.079s][info][gc,cpu         ] GC(136) User=0.75s Sys=0.00s Real=0.75s
[156.438s][info][gc,start       ] GC(137) Pause Full (Allocation Failure)
[156.438s][info][gc,phases,start] GC(137) Phase 1: Mark live objects
[156.614s][info][gc,phases      ] GC(137) Phase 1: Mark live objects 175.627ms
[156.614s][info][gc,phases,start] GC(137) Phase 2: Compute new object addresses
[156.740s][info][gc,phases      ] GC(137) Phase 2: Compute new object addresses 125.920ms
[156.740s][info][gc,phases,start] GC(137) Phase 3: Adjust pointers
[156.888s][info][gc,phases      ] GC(137) Phase 3: Adjust pointers 148.659ms
[156.888s][info][gc,phases,start] GC(137) Phase 4: Move objects
[157.185s][info][gc,phases      ] GC(137) Phase 4: Move objects 296.852ms
[157.186s][info][gc,heap        ] GC(137) DefNew: 1258303K(1258304K)->654526K(1258304K) Eden: 1118528K(1118528K)->654526K(1118528K) From: 139775K(139776K)->0K(139776K)
[157.186s][info][gc,heap        ] GC(137) Tenured: 2796221K(2796224K)->2796221K(2796224K)
[157.186s][info][gc,metaspace   ] GC(137) Metaspace: 10563K(10816K)->10563K(10816K) NonClass: 9529K(9664K)->9529K(9664K) Class: 1034K(1152K)->1034K(1152K)
[157.186s][info][gc             ] GC(137) Pause Full (Allocation Failure) 3959M->3369M(3959M) 747.828ms
[157.186s][info][gc,cpu         ] GC(137) User=0.75s Sys=0.00s Real=0.75s
[157.543s][info][gc,start       ] GC(138) Pause Full (Allocation Failure)
[157.543s][info][gc,phases,start] GC(138) Phase 1: Mark live objects
[157.727s][info][gc,phases      ] GC(138) Phase 1: Mark live objects 183.960ms
[157.727s][info][gc,phases,start] GC(138) Phase 2: Compute new object addresses
[157.871s][info][gc,phases      ] GC(138) Phase 2: Compute new object addresses 144.647ms
[157.871s][info][gc,phases,start] GC(138) Phase 3: Adjust pointers
[158.028s][info][gc,phases      ] GC(138) Phase 3: Adjust pointers 156.109ms
[158.028s][info][gc,phases,start] GC(138) Phase 4: Move objects
[158.337s][info][gc,phases      ] GC(138) Phase 4: Move objects 309.243ms
[158.337s][info][gc,heap        ] GC(138) DefNew: 1258304K(1258304K)->514715K(1258304K) Eden: 1118528K(1118528K)->514715K(1118528K) From: 139776K(139776K)->0K(139776K)
[158.337s][info][gc,heap        ] GC(138) Tenured: 2796221K(2796224K)->2796221K(2796224K)
[158.337s][info][gc,metaspace   ] GC(138) Metaspace: 10563K(10816K)->10563K(10816K) NonClass: 9529K(9664K)->9529K(9664K) Class: 1034K(1152K)->1034K(1152K)
[158.337s][info][gc             ] GC(138) Pause Full (Allocation Failure) 3959M->3233M(3959M) 794.715ms
[158.337s][info][gc,cpu         ] GC(138) User=0.79s Sys=0.00s Real=0.80s
[158.750s][info][gc,start       ] GC(139) Pause Full (Allocation Failure)
[158.750s][info][gc,phases,start] GC(139) Phase 1: Mark live objects
[158.935s][info][gc,phases      ] GC(139) Phase 1: Mark live objects 185.051ms
[158.935s][info][gc,phases,start] GC(139) Phase 2: Compute new object addresses
[159.082s][info][gc,phases      ] GC(139) Phase 2: Compute new object addresses 146.580ms
[159.082s][info][gc,phases,start] GC(139) Phase 3: Adjust pointers
[159.224s][info][gc,phases      ] GC(139) Phase 3: Adjust pointers 142.123ms
[159.224s][info][gc,phases,start] GC(139) Phase 4: Move objects
[159.492s][info][gc,phases      ] GC(139) Phase 4: Move objects 268.393ms
[159.493s][info][gc,heap        ] GC(139) DefNew: 1258303K(1258304K)->654526K(1258304K) Eden: 1118528K(1118528K)->654526K(1118528K) From: 139775K(139776K)->0K(139776K)
[159.493s][info][gc,heap        ] GC(139) Tenured: 2796221K(2796224K)->2796221K(2796224K)
[159.493s][info][gc,metaspace   ] GC(139) Metaspace: 10563K(10816K)->10563K(10816K) NonClass: 9529K(9664K)->9529K(9664K) Class: 1034K(1152K)->1034K(1152K)
[159.493s][info][gc             ] GC(139) Pause Full (Allocation Failure) 3959M->3369M(3959M) 742.965ms
[159.493s][info][gc,cpu         ] GC(139) User=0.74s Sys=0.00s Real=0.75s
[159.855s][info][gc,start       ] GC(140) Pause Full (Allocation Failure)
[159.855s][info][gc,phases,start] GC(140) Phase 1: Mark live objects
[160.040s][info][gc,phases      ] GC(140) Phase 1: Mark live objects 185.366ms
[160.040s][info][gc,phases,start] GC(140) Phase 2: Compute new object addresses
[160.184s][info][gc,phases      ] GC(140) Phase 2: Compute new object addresses 144.093ms
[160.184s][info][gc,phases,start] GC(140) Phase 3: Adjust pointers
[160.344s][info][gc,phases      ] GC(140) Phase 3: Adjust pointers 159.935ms
[160.344s][info][gc,phases,start] GC(140) Phase 4: Move objects
[160.634s][info][gc,phases      ] GC(140) Phase 4: Move objects 289.121ms
[160.634s][info][gc,heap        ] GC(140) DefNew: 1258303K(1258304K)->654526K(1258304K) Eden: 1118528K(1118528K)->654526K(1118528K) From: 139775K(139776K)->0K(139776K)
[160.634s][info][gc,heap        ] GC(140) Tenured: 2796221K(2796224K)->2796221K(2796224K)
[160.634s][info][gc,metaspace   ] GC(140) Metaspace: 10563K(10816K)->10563K(10816K) NonClass: 9529K(9664K)->9529K(9664K) Class: 1034K(1152K)->1034K(1152K)
[160.634s][info][gc             ] GC(140) Pause Full (Allocation Failure) 3959M->3369M(3959M) 779.309ms
[160.634s][info][gc,cpu         ] GC(140) User=0.78s Sys=0.00s Real=0.78s
[160.993s][info][gc,start       ] GC(141) Pause Full (Allocation Failure)
[160.993s][info][gc,phases,start] GC(141) Phase 1: Mark live objects
[161.177s][info][gc,phases      ] GC(141) Phase 1: Mark live objects 184.586ms
[161.178s][info][gc,phases,start] GC(141) Phase 2: Compute new object addresses
[161.322s][info][gc,phases      ] GC(141) Phase 2: Compute new object addresses 144.917ms
[161.323s][info][gc,phases,start] GC(141) Phase 3: Adjust pointers
[161.483s][info][gc,phases      ] GC(141) Phase 3: Adjust pointers 160.517ms
[161.483s][info][gc,phases,start] GC(141) Phase 4: Move objects
[161.780s][info][gc,phases      ] GC(141) Phase 4: Move objects 297.000ms
[161.781s][info][gc,heap        ] GC(141) DefNew: 1258302K(1258304K)->654510K(1258304K) Eden: 1118528K(1118528K)->654510K(1118528K) From: 139774K(139776K)->0K(139776K)
[161.781s][info][gc,heap        ] GC(141) Tenured: 2796221K(2796224K)->2796221K(2796224K)
[161.781s][info][gc,metaspace   ] GC(141) Metaspace: 10563K(10816K)->10563K(10816K) NonClass: 9529K(9664K)->9529K(9664K) Class: 1034K(1152K)->1034K(1152K)
[161.781s][info][gc             ] GC(141) Pause Full (Allocation Failure) 3959M->3369M(3959M) 787.816ms
[161.781s][info][gc,cpu         ] GC(141) User=0.79s Sys=0.00s Real=0.78s
[162.143s][info][gc,start       ] GC(142) Pause Full (Allocation Failure)
[162.143s][info][gc,phases,start] GC(142) Phase 1: Mark live objects
[162.328s][info][gc,phases      ] GC(142) Phase 1: Mark live objects 184.440ms
[162.328s][info][gc,phases,start] GC(142) Phase 2: Compute new object addresses
[162.470s][info][gc,phases      ] GC(142) Phase 2: Compute new object addresses 141.927ms
[162.470s][info][gc,phases,start] GC(142) Phase 3: Adjust pointers
[162.620s][info][gc,phases      ] GC(142) Phase 3: Adjust pointers 149.719ms
[162.620s][info][gc,phases,start] GC(142) Phase 4: Move objects
[162.931s][info][gc,phases      ] GC(142) Phase 4: Move objects 311.435ms
[162.932s][info][gc,heap        ] GC(142) DefNew: 1258301K(1258304K)->514715K(1258304K) Eden: 1118528K(1118528K)->514715K(1118528K) From: 139773K(139776K)->0K(139776K)
[162.932s][info][gc,heap        ] GC(142) Tenured: 2796221K(2796224K)->2796221K(2796224K)
[162.932s][info][gc,metaspace   ] GC(142) Metaspace: 10563K(10816K)->10563K(10816K) NonClass: 9529K(9664K)->9529K(9664K) Class: 1034K(1152K)->1034K(1152K)
[162.932s][info][gc             ] GC(142) Pause Full (Allocation Failure) 3959M->3233M(3959M) 788.319ms
[162.932s][info][gc,cpu         ] GC(142) User=0.79s Sys=0.00s Real=0.79s
[163.344s][info][gc,start       ] GC(143) Pause Full (Allocation Failure)
[163.345s][info][gc,phases,start] GC(143) Phase 1: Mark live objects
[163.530s][info][gc,phases      ] GC(143) Phase 1: Mark live objects 185.140ms
[163.530s][info][gc,phases,start] GC(143) Phase 2: Compute new object addresses
[163.661s][info][gc,phases      ] GC(143) Phase 2: Compute new object addresses 131.569ms
[163.661s][info][gc,phases,start] GC(143) Phase 3: Adjust pointers
[163.819s][info][gc,phases      ] GC(143) Phase 3: Adjust pointers 157.475ms
[163.819s][info][gc,phases,start] GC(143) Phase 4: Move objects
[164.088s][info][gc,phases      ] GC(143) Phase 4: Move objects 268.988ms
[164.088s][info][gc,heap        ] GC(143) DefNew: 1258301K(1258304K)->654522K(1258304K) Eden: 1118528K(1118528K)->654522K(1118528K) From: 139773K(139776K)->0K(139776K)
[164.088s][info][gc,heap        ] GC(143) Tenured: 2796221K(2796224K)->2796221K(2796224K)
[164.088s][info][gc,metaspace   ] GC(143) Metaspace: 10563K(10816K)->10563K(10816K) NonClass: 9529K(9664K)->9529K(9664K) Class: 1034K(1152K)->1034K(1152K)
[164.088s][info][gc             ] GC(143) Pause Full (Allocation Failure) 3959M->3369M(3959M) 743.971ms
[164.088s][info][gc,cpu         ] GC(143) User=0.75s Sys=0.00s Real=0.75s
[164.450s][info][gc,start       ] GC(144) Pause Full (Allocation Failure)
[164.450s][info][gc,phases,start] GC(144) Phase 1: Mark live objects
[164.635s][info][gc,phases      ] GC(144) Phase 1: Mark live objects 184.284ms
[164.635s][info][gc,phases,start] GC(144) Phase 2: Compute new object addresses
[164.775s][info][gc,phases      ] GC(144) Phase 2: Compute new object addresses 140.672ms
[164.775s][info][gc,phases,start] GC(144) Phase 3: Adjust pointers
[164.926s][info][gc,phases      ] GC(144) Phase 3: Adjust pointers 150.412ms
[164.926s][info][gc,phases,start] GC(144) Phase 4: Move objects
[165.215s][info][gc,phases      ] GC(144) Phase 4: Move objects 289.471ms
[165.216s][info][gc,heap        ] GC(144) DefNew: 1258300K(1258304K)->654526K(1258304K) Eden: 1118528K(1118528K)->654526K(1118528K) From: 139772K(139776K)->0K(139776K)
[165.216s][info][gc,heap        ] GC(144) Tenured: 2796221K(2796224K)->2796221K(2796224K)
[165.216s][info][gc,metaspace   ] GC(144) Metaspace: 10563K(10816K)->10563K(10816K) NonClass: 9529K(9664K)->9529K(9664K) Class: 1034K(1152K)->1034K(1152K)
[165.216s][info][gc             ] GC(144) Pause Full (Allocation Failure) 3959M->3369M(3959M) 765.594ms
[165.216s][info][gc,cpu         ] GC(144) User=0.77s Sys=0.00s Real=0.77s
[165.575s][info][gc,start       ] GC(145) Pause Full (Allocation Failure)
[165.575s][info][gc,phases,start] GC(145) Phase 1: Mark live objects
[165.762s][info][gc,phases      ] GC(145) Phase 1: Mark live objects 187.040ms
[165.762s][info][gc,phases,start] GC(145) Phase 2: Compute new object addresses
[165.887s][info][gc,phases      ] GC(145) Phase 2: Compute new object addresses 124.656ms
[165.887s][info][gc,phases,start] GC(145) Phase 3: Adjust pointers
[166.043s][info][gc,phases      ] GC(145) Phase 3: Adjust pointers 156.125ms
[166.043s][info][gc,phases,start] GC(145) Phase 4: Move objects
[166.338s][info][gc,phases      ] GC(145) Phase 4: Move objects 295.224ms
[166.339s][info][gc,heap        ] GC(145) DefNew: 1258300K(1258304K)->654522K(1258304K) Eden: 1118528K(1118528K)->654522K(1118528K) From: 139772K(139776K)->0K(139776K)
[166.339s][info][gc,heap        ] GC(145) Tenured: 2796221K(2796224K)->2796221K(2796224K)
[166.339s][info][gc,metaspace   ] GC(145) Metaspace: 10563K(10816K)->10563K(10816K) NonClass: 9529K(9664K)->9529K(9664K) Class: 1034K(1152K)->1034K(1152K)
[166.339s][info][gc             ] GC(145) Pause Full (Allocation Failure) 3959M->3369M(3959M) 763.848ms
[166.339s][info][gc,cpu         ] GC(145) User=0.77s Sys=0.00s Real=0.76s
[166.698s][info][gc,start       ] GC(146) Pause Full (Allocation Failure)
[166.698s][info][gc,phases,start] GC(146) Phase 1: Mark live objects
[166.883s][info][gc,phases      ] GC(146) Phase 1: Mark live objects 184.767ms
[166.883s][info][gc,phases,start] GC(146) Phase 2: Compute new object addresses
[167.024s][info][gc,phases      ] GC(146) Phase 2: Compute new object addresses 140.692ms
[167.024s][info][gc,phases,start] GC(146) Phase 3: Adjust pointers
[167.168s][info][gc,phases      ] GC(146) Phase 3: Adjust pointers 144.402ms
[167.168s][info][gc,phases,start] GC(146) Phase 4: Move objects
[167.480s][info][gc,phases      ] GC(146) Phase 4: Move objects 311.326ms
[167.480s][info][gc,heap        ] GC(146) DefNew: 1258303K(1258304K)->514715K(1258304K) Eden: 1118528K(1118528K)->514715K(1118528K) From: 139775K(139776K)->0K(139776K)
[167.480s][info][gc,heap        ] GC(146) Tenured: 2796221K(2796224K)->2796221K(2796224K)
[167.480s][info][gc,metaspace   ] GC(146) Metaspace: 10563K(10816K)->10563K(10816K) NonClass: 9529K(9664K)->9529K(9664K) Class: 1034K(1152K)->1034K(1152K)
[167.480s][info][gc             ] GC(146) Pause Full (Allocation Failure) 3959M->3233M(3959M) 781.986ms
[167.480s][info][gc,cpu         ] GC(146) User=0.78s Sys=0.00s Real=0.78s
[167.903s][info][gc,start       ] GC(147) Pause Full (Allocation Failure)
[167.903s][info][gc,phases,start] GC(147) Phase 1: Mark live objects
[168.089s][info][gc,phases      ] GC(147) Phase 1: Mark live objects 185.842ms
[168.089s][info][gc,phases,start] GC(147) Phase 2: Compute new object addresses
[168.233s][info][gc,phases      ] GC(147) Phase 2: Compute new object addresses 144.367ms
[168.234s][info][gc,phases,start] GC(147) Phase 3: Adjust pointers
[168.390s][info][gc,phases      ] GC(147) Phase 3: Adjust pointers 156.003ms
[168.390s][info][gc,phases,start] GC(147) Phase 4: Move objects
[168.657s][info][gc,phases      ] GC(147) Phase 4: Move objects 267.670ms
[168.658s][info][gc,heap        ] GC(147) DefNew: 1258303K(1258304K)->654526K(1258304K) Eden: 1118528K(1118528K)->654526K(1118528K) From: 139775K(139776K)->0K(139776K)
[168.658s][info][gc,heap        ] GC(147) Tenured: 2796221K(2796224K)->2796221K(2796224K)
[168.658s][info][gc,metaspace   ] GC(147) Metaspace: 10563K(10816K)->10563K(10816K) NonClass: 9529K(9664K)->9529K(9664K) Class: 1034K(1152K)->1034K(1152K)
[168.658s][info][gc             ] GC(147) Pause Full (Allocation Failure) 3959M->3369M(3959M) 754.644ms
[168.658s][info][gc,cpu         ] GC(147) User=0.76s Sys=0.00s Real=0.76s
[169.012s][info][gc,start       ] GC(148) Pause Full (Allocation Failure)
[169.012s][info][gc,phases,start] GC(148) Phase 1: Mark live objects
[169.197s][info][gc,phases      ] GC(148) Phase 1: Mark live objects 184.317ms
[169.197s][info][gc,phases,start] GC(148) Phase 2: Compute new object addresses
[169.342s][info][gc,phases      ] GC(148) Phase 2: Compute new object addresses 144.890ms
[169.342s][info][gc,phases,start] GC(148) Phase 3: Adjust pointers
[169.503s][info][gc,phases      ] GC(148) Phase 3: Adjust pointers 161.211ms
[169.503s][info][gc,phases,start] GC(148) Phase 4: Move objects
[169.791s][info][gc,phases      ] GC(148) Phase 4: Move objects 288.263ms
[169.792s][info][gc,heap        ] GC(148) DefNew: 1258301K(1258304K)->654526K(1258304K) Eden: 1118528K(1118528K)->654526K(1118528K) From: 139773K(139776K)->0K(139776K)
[169.792s][info][gc,heap        ] GC(148) Tenured: 2796221K(2796224K)->2796221K(2796224K)
[169.792s][info][gc,metaspace   ] GC(148) Metaspace: 10563K(10816K)->10563K(10816K) NonClass: 9529K(9664K)->9529K(9664K) Class: 1034K(1152K)->1034K(1152K)
[169.792s][info][gc             ] GC(148) Pause Full (Allocation Failure) 3959M->3369M(3959M) 779.448ms
[169.792s][info][gc,cpu         ] GC(148) User=0.78s Sys=0.00s Real=0.78s
[170.149s][info][gc,start       ] GC(149) Pause Full (Allocation Failure)
[170.149s][info][gc,phases,start] GC(149) Phase 1: Mark live objects
[170.333s][info][gc,phases      ] GC(149) Phase 1: Mark live objects 184.256ms
[170.333s][info][gc,phases,start] GC(149) Phase 2: Compute new object addresses
[170.474s][info][gc,phases      ] GC(149) Phase 2: Compute new object addresses 141.126ms
[170.474s][info][gc,phases,start] GC(149) Phase 3: Adjust pointers
[170.625s][info][gc,phases      ] GC(149) Phase 3: Adjust pointers 151.107ms
[170.625s][info][gc,phases,start] GC(149) Phase 4: Move objects
[170.924s][info][gc,phases      ] GC(149) Phase 4: Move objects 298.520ms
[170.924s][info][gc,heap        ] GC(149) DefNew: 1258301K(1258304K)->654526K(1258304K) Eden: 1118528K(1118528K)->654526K(1118528K) From: 139773K(139776K)->0K(139776K)
[170.924s][info][gc,heap        ] GC(149) Tenured: 2796221K(2796224K)->2796221K(2796224K)
[170.924s][info][gc,metaspace   ] GC(149) Metaspace: 10563K(10816K)->10563K(10816K) NonClass: 9529K(9664K)->9529K(9664K) Class: 1034K(1152K)->1034K(1152K)
[170.924s][info][gc             ] GC(149) Pause Full (Allocation Failure) 3959M->3369M(3959M) 775.772ms
[170.924s][info][gc,cpu         ] GC(149) User=0.77s Sys=0.00s Real=0.77s
[171.283s][info][gc,start       ] GC(150) Pause Full (Allocation Failure)
[171.283s][info][gc,phases,start] GC(150) Phase 1: Mark live objects
[171.467s][info][gc,phases      ] GC(150) Phase 1: Mark live objects 183.858ms
[171.467s][info][gc,phases,start] GC(150) Phase 2: Compute new object addresses
[171.596s][info][gc,phases      ] GC(150) Phase 2: Compute new object addresses 129.023ms
[171.596s][info][gc,phases,start] GC(150) Phase 3: Adjust pointers
[171.747s][info][gc,phases      ] GC(150) Phase 3: Adjust pointers 151.113ms
[171.747s][info][gc,phases,start] GC(150) Phase 4: Move objects
[172.059s][info][gc,phases      ] GC(150) Phase 4: Move objects 311.415ms
[172.059s][info][gc,heap        ] GC(150) DefNew: 1258301K(1258304K)->514715K(1258304K) Eden: 1118528K(1118528K)->514715K(1118528K) From: 139773K(139776K)->0K(139776K)
[172.059s][info][gc,heap        ] GC(150) Tenured: 2796221K(2796224K)->2796221K(2796224K)
[172.059s][info][gc,metaspace   ] GC(150) Metaspace: 10563K(10816K)->10563K(10816K) NonClass: 9529K(9664K)->9529K(9664K) Class: 1034K(1152K)->1034K(1152K)
[172.059s][info][gc             ] GC(150) Pause Full (Allocation Failure) 3959M->3233M(3959M) 776.156ms
[172.059s][info][gc,cpu         ] GC(150) User=0.78s Sys=0.00s Real=0.78s
[172.482s][info][gc,start       ] GC(151) Pause Full (Allocation Failure)
[172.482s][info][gc,phases,start] GC(151) Phase 1: Mark live objects
[172.667s][info][gc,phases      ] GC(151) Phase 1: Mark live objects 185.431ms
[172.667s][info][gc,phases,start] GC(151) Phase 2: Compute new object addresses
[172.816s][info][gc,phases      ] GC(151) Phase 2: Compute new object addresses 148.492ms
[172.816s][info][gc,phases,start] GC(151) Phase 3: Adjust pointers
[172.978s][info][gc,phases      ] GC(151) Phase 3: Adjust pointers 162.237ms
[172.978s][info][gc,phases,start] GC(151) Phase 4: Move objects
[173.246s][info][gc,phases      ] GC(151) Phase 4: Move objects 268.174ms
[173.247s][info][gc,heap        ] GC(151) DefNew: 1258303K(1258304K)->654521K(1258304K) Eden: 1118528K(1118528K)->654521K(1118528K) From: 139775K(139776K)->0K(139776K)
[173.247s][info][gc,heap        ] GC(151) Tenured: 2796221K(2796224K)->2796221K(2796224K)
[173.247s][info][gc,metaspace   ] GC(151) Metaspace: 10563K(10816K)->10563K(10816K) NonClass: 9529K(9664K)->9529K(9664K) Class: 1034K(1152K)->1034K(1152K)
[173.247s][info][gc             ] GC(151) Pause Full (Allocation Failure) 3959M->3369M(3959M) 765.125ms
[173.247s][info][gc,cpu         ] GC(151) User=0.77s Sys=0.00s Real=0.77s
[173.604s][info][gc,start       ] GC(152) Pause Full (Allocation Failure)
[173.604s][info][gc,phases,start] GC(152) Phase 1: Mark live objects
[173.788s][info][gc,phases      ] GC(152) Phase 1: Mark live objects 183.998ms
[173.788s][info][gc,phases,start] GC(152) Phase 2: Compute new object addresses
[173.928s][info][gc,phases      ] GC(152) Phase 2: Compute new object addresses 139.710ms
[173.928s][info][gc,phases,start] GC(152) Phase 3: Adjust pointers
[174.086s][info][gc,phases      ] GC(152) Phase 3: Adjust pointers 157.739ms
[174.086s][info][gc,phases,start] GC(152) Phase 4: Move objects
[174.375s][info][gc,phases      ] GC(152) Phase 4: Move objects 289.687ms
[174.376s][info][gc,heap        ] GC(152) DefNew: 1258300K(1258304K)->654518K(1258304K) Eden: 1118528K(1118528K)->654518K(1118528K) From: 139772K(139776K)->0K(139776K)
[174.376s][info][gc,heap        ] GC(152) Tenured: 2796221K(2796224K)->2796221K(2796224K)
[174.376s][info][gc,metaspace   ] GC(152) Metaspace: 10563K(10816K)->10563K(10816K) NonClass: 9529K(9664K)->9529K(9664K) Class: 1034K(1152K)->1034K(1152K)
[174.376s][info][gc             ] GC(152) Pause Full (Allocation Failure) 3959M->3369M(3959M) 771.940ms
[174.376s][info][gc,cpu         ] GC(152) User=0.78s Sys=0.00s Real=0.78s
[174.734s][info][gc,start       ] GC(153) Pause Full (Allocation Failure)
[174.734s][info][gc,phases,start] GC(153) Phase 1: Mark live objects
[174.919s][info][gc,phases      ] GC(153) Phase 1: Mark live objects 185.026ms
[174.919s][info][gc,phases,start] GC(153) Phase 2: Compute new object addresses
[175.063s][info][gc,phases      ] GC(153) Phase 2: Compute new object addresses 144.267ms
[175.063s][info][gc,phases,start] GC(153) Phase 3: Adjust pointers
[175.220s][info][gc,phases      ] GC(153) Phase 3: Adjust pointers 156.782ms
[175.220s][info][gc,phases,start] GC(153) Phase 4: Move objects
[175.519s][info][gc,phases      ] GC(153) Phase 4: Move objects 299.056ms
[175.520s][info][gc,heap        ] GC(153) DefNew: 1258301K(1258304K)->654522K(1258304K) Eden: 1118528K(1118528K)->654522K(1118528K) From: 139773K(139776K)->0K(139776K)
[175.520s][info][gc,heap        ] GC(153) Tenured: 2796221K(2796224K)->2796221K(2796224K)
[175.520s][info][gc,metaspace   ] GC(153) Metaspace: 10563K(10816K)->10563K(10816K) NonClass: 9529K(9664K)->9529K(9664K) Class: 1034K(1152K)->1034K(1152K)
[175.520s][info][gc             ] GC(153) Pause Full (Allocation Failure) 3959M->3369M(3959M) 785.899ms
[175.520s][info][gc,cpu         ] GC(153) User=0.79s Sys=0.00s Real=0.78s
[175.880s][info][gc,start       ] GC(154) Pause Full (Allocation Failure)
[175.880s][info][gc,phases,start] GC(154) Phase 1: Mark live objects
[176.066s][info][gc,phases      ] GC(154) Phase 1: Mark live objects 186.278ms
[176.066s][info][gc,phases,start] GC(154) Phase 2: Compute new object addresses
[176.207s][info][gc,phases      ] GC(154) Phase 2: Compute new object addresses 140.461ms
[176.207s][info][gc,phases,start] GC(154) Phase 3: Adjust pointers
[176.357s][info][gc,phases      ] GC(154) Phase 3: Adjust pointers 149.843ms
[176.357s][info][gc,phases,start] GC(154) Phase 4: Move objects
[176.667s][info][gc,phases      ] GC(154) Phase 4: Move objects 310.511ms
[176.668s][info][gc,heap        ] GC(154) DefNew: 1258301K(1258304K)->514715K(1258304K) Eden: 1118528K(1118528K)->514715K(1118528K) From: 139773K(139776K)->0K(139776K)
[176.668s][info][gc,heap        ] GC(154) Tenured: 2796221K(2796224K)->2796221K(2796224K)
[176.668s][info][gc,metaspace   ] GC(154) Metaspace: 10563K(10816K)->10563K(10816K) NonClass: 9529K(9664K)->9529K(9664K) Class: 1034K(1152K)->1034K(1152K)
[176.668s][info][gc             ] GC(154) Pause Full (Allocation Failure) 3959M->3233M(3959M) 787.851ms
[176.668s][info][gc,cpu         ] GC(154) User=0.79s Sys=0.00s Real=0.79s
[177.091s][info][gc,start       ] GC(155) Pause Full (Allocation Failure)
[177.091s][info][gc,phases,start] GC(155) Phase 1: Mark live objects
[177.276s][info][gc,phases      ] GC(155) Phase 1: Mark live objects 185.290ms
[177.276s][info][gc,phases,start] GC(155) Phase 2: Compute new object addresses
[177.424s][info][gc,phases      ] GC(155) Phase 2: Compute new object addresses 147.814ms
[177.424s][info][gc,phases,start] GC(155) Phase 3: Adjust pointers
[177.583s][info][gc,phases      ] GC(155) Phase 3: Adjust pointers 159.304ms
[177.583s][info][gc,phases,start] GC(155) Phase 4: Move objects
[177.853s][info][gc,phases      ] GC(155) Phase 4: Move objects 269.807ms
[177.854s][info][gc,heap        ] GC(155) DefNew: 1258301K(1258304K)->654526K(1258304K) Eden: 1118528K(1118528K)->654526K(1118528K) From: 139773K(139776K)->0K(139776K)
[177.854s][info][gc,heap        ] GC(155) Tenured: 2796221K(2796224K)->2796221K(2796224K)
[177.854s][info][gc,metaspace   ] GC(155) Metaspace: 10563K(10816K)->10563K(10816K) NonClass: 9529K(9664K)->9529K(9664K) Class: 1034K(1152K)->1034K(1152K)
[177.854s][info][gc             ] GC(155) Pause Full (Allocation Failure) 3959M->3369M(3959M) 763.047ms
[177.854s][info][gc,cpu         ] GC(155) User=0.76s Sys=0.00s Real=0.77s
[178.211s][info][gc,start       ] GC(156) Pause Full (Allocation Failure)
[178.211s][info][gc,phases,start] GC(156) Phase 1: Mark live objects
[178.395s][info][gc,phases      ] GC(156) Phase 1: Mark live objects 183.920ms
[178.395s][info][gc,phases,start] GC(156) Phase 2: Compute new object addresses
[178.534s][info][gc,phases      ] GC(156) Phase 2: Compute new object addresses 138.419ms
[178.534s][info][gc,phases,start] GC(156) Phase 3: Adjust pointers
[178.684s][info][gc,phases      ] GC(156) Phase 3: Adjust pointers 150.306ms
[178.684s][info][gc,phases,start] GC(156) Phase 4: Move objects
[178.974s][info][gc,phases      ] GC(156) Phase 4: Move objects 290.478ms
[178.975s][info][gc,heap        ] GC(156) DefNew: 1258301K(1258304K)->654522K(1258304K) Eden: 1118528K(1118528K)->654522K(1118528K) From: 139773K(139776K)->0K(139776K)
[178.975s][info][gc,heap        ] GC(156) Tenured: 2796221K(2796224K)->2796221K(2796224K)
[178.975s][info][gc,metaspace   ] GC(156) Metaspace: 10563K(10816K)->10563K(10816K) NonClass: 9529K(9664K)->9529K(9664K) Class: 1034K(1152K)->1034K(1152K)
[178.975s][info][gc             ] GC(156) Pause Full (Allocation Failure) 3959M->3369M(3959M) 763.873ms
[178.975s][info][gc,cpu         ] GC(156) User=0.77s Sys=0.00s Real=0.77s
[179.336s][info][gc,start       ] GC(157) Pause Full (Allocation Failure)
[179.336s][info][gc,phases,start] GC(157) Phase 1: Mark live objects
[179.522s][info][gc,phases      ] GC(157) Phase 1: Mark live objects 186.097ms
[179.522s][info][gc,phases,start] GC(157) Phase 2: Compute new object addresses
[179.661s][info][gc,phases      ] GC(157) Phase 2: Compute new object addresses 139.121ms
[179.661s][info][gc,phases,start] GC(157) Phase 3: Adjust pointers
[179.805s][info][gc,phases      ] GC(157) Phase 3: Adjust pointers 143.974ms
[179.805s][info][gc,phases,start] GC(157) Phase 4: Move objects
[180.101s][info][gc,phases      ] GC(157) Phase 4: Move objects 295.435ms
[180.101s][info][gc,heap        ] GC(157) DefNew: 1258303K(1258304K)->654526K(1258304K) Eden: 1118528K(1118528K)->654526K(1118528K) From: 139775K(139776K)->0K(139776K)
[180.101s][info][gc,heap        ] GC(157) Tenured: 2796221K(2796224K)->2796221K(2796224K)
[180.101s][info][gc,metaspace   ] GC(157) Metaspace: 10563K(10816K)->10563K(10816K) NonClass: 9529K(9664K)->9529K(9664K) Class: 1034K(1152K)->1034K(1152K)
[180.101s][info][gc             ] GC(157) Pause Full (Allocation Failure) 3959M->3369M(3959M) 765.387ms
[180.101s][info][gc,cpu         ] GC(157) User=0.76s Sys=0.00s Real=0.76s
[180.464s][info][gc,start       ] GC(158) Pause Full (Allocation Failure)
[180.464s][info][gc,phases,start] GC(158) Phase 1: Mark live objects
[180.651s][info][gc,phases      ] GC(158) Phase 1: Mark live objects 186.536ms
[180.651s][info][gc,phases,start] GC(158) Phase 2: Compute new object addresses
[180.794s][info][gc,phases      ] GC(158) Phase 2: Compute new object addresses 143.152ms
[180.794s][info][gc,phases,start] GC(158) Phase 3: Adjust pointers
[180.946s][info][gc,phases      ] GC(158) Phase 3: Adjust pointers 151.944ms
[180.946s][info][gc,phases,start] GC(158) Phase 4: Move objects
[181.256s][info][gc,phases      ] GC(158) Phase 4: Move objects 310.354ms
[181.257s][info][gc,heap        ] GC(158) DefNew: 1258300K(1258304K)->514715K(1258304K) Eden: 1118528K(1118528K)->514715K(1118528K) From: 139772K(139776K)->0K(139776K)
[181.257s][info][gc,heap        ] GC(158) Tenured: 2796221K(2796224K)->2796221K(2796224K)
[181.257s][info][gc,metaspace   ] GC(158) Metaspace: 10563K(10816K)->10563K(10816K) NonClass: 9529K(9664K)->9529K(9664K) Class: 1034K(1152K)->1034K(1152K)
[181.257s][info][gc             ] GC(158) Pause Full (Allocation Failure) 3959M->3233M(3959M) 792.739ms
[181.257s][info][gc,cpu         ] GC(158) User=0.79s Sys=0.00s Real=0.80s
[181.666s][info][gc,start       ] GC(159) Pause Full (Allocation Failure)
[181.666s][info][gc,phases,start] GC(159) Phase 1: Mark live objects
[181.850s][info][gc,phases      ] GC(159) Phase 1: Mark live objects 184.355ms
[181.850s][info][gc,phases,start] GC(159) Phase 2: Compute new object addresses
[181.996s][info][gc,phases      ] GC(159) Phase 2: Compute new object addresses 145.458ms
[181.996s][info][gc,phases,start] GC(159) Phase 3: Adjust pointers
[182.157s][info][gc,phases      ] GC(159) Phase 3: Adjust pointers 160.835ms
[182.157s][info][gc,phases,start] GC(159) Phase 4: Move objects
[182.424s][info][gc,phases      ] GC(159) Phase 4: Move objects 267.640ms
[182.425s][info][gc,heap        ] GC(159) DefNew: 1258302K(1258304K)->654518K(1258304K) Eden: 1118528K(1118528K)->654518K(1118528K) From: 139774K(139776K)->0K(139776K)
[182.425s][info][gc,heap        ] GC(159) Tenured: 2796221K(2796224K)->2796222K(2796224K)
[182.425s][info][gc,metaspace   ] GC(159) Metaspace: 10563K(10816K)->10563K(10816K) NonClass: 9529K(9664K)->9529K(9664K) Class: 1034K(1152K)->1034K(1152K)
[182.425s][info][gc             ] GC(159) Pause Full (Allocation Failure) 3959M->3369M(3959M) 759.064ms
[182.425s][info][gc,cpu         ] GC(159) User=0.76s Sys=0.00s Real=0.76s
[182.789s][info][gc,start       ] GC(160) Pause Full (Allocation Failure)
[182.789s][info][gc,phases,start] GC(160) Phase 1: Mark live objects
[182.973s][info][gc,phases      ] GC(160) Phase 1: Mark live objects 184.477ms
[182.973s][info][gc,phases,start] GC(160) Phase 2: Compute new object addresses
[183.113s][info][gc,phases      ] GC(160) Phase 2: Compute new object addresses 139.557ms
[183.113s][info][gc,phases,start] GC(160) Phase 3: Adjust pointers
[183.271s][info][gc,phases      ] GC(160) Phase 3: Adjust pointers 158.129ms
[183.271s][info][gc,phases,start] GC(160) Phase 4: Move objects
[183.557s][info][gc,phases      ] GC(160) Phase 4: Move objects 286.380ms
[183.558s][info][gc,heap        ] GC(160) DefNew: 1258303K(1258304K)->654522K(1258304K) Eden: 1118528K(1118528K)->654522K(1118528K) From: 139775K(139776K)->0K(139776K)
[183.558s][info][gc,heap        ] GC(160) Tenured: 2796222K(2796224K)->2796223K(2796224K)
[183.558s][info][gc,metaspace   ] GC(160) Metaspace: 10563K(10816K)->10563K(10816K) NonClass: 9529K(9664K)->9529K(9664K) Class: 1034K(1152K)->1034K(1152K)
[183.558s][info][gc             ] GC(160) Pause Full (Allocation Failure) 3959M->3369M(3959M) 769.252ms
[183.558s][info][gc,cpu         ] GC(160) User=0.77s Sys=0.00s Real=0.77s
[183.914s][info][gc,start       ] GC(161) Pause Full (Allocation Failure)
[183.914s][info][gc,phases,start] GC(161) Phase 1: Mark live objects
[184.099s][info][gc,phases      ] GC(161) Phase 1: Mark live objects 184.522ms
[184.099s][info][gc,phases,start] GC(161) Phase 2: Compute new object addresses
[184.237s][info][gc,phases      ] GC(161) Phase 2: Compute new object addresses 138.146ms
[184.237s][info][gc,phases,start] GC(161) Phase 3: Adjust pointers
[184.384s][info][gc,phases      ] GC(161) Phase 3: Adjust pointers 147.659ms
[184.384s][info][gc,phases,start] GC(161) Phase 4: Move objects
[184.680s][info][gc,phases      ] GC(161) Phase 4: Move objects 295.736ms
[184.681s][info][gc,heap        ] GC(161) DefNew: 1258304K(1258304K)->654509K(1258304K) Eden: 1118528K(1118528K)->654509K(1118528K) From: 139776K(139776K)->0K(139776K)
[184.681s][info][gc,heap        ] GC(161) Tenured: 2796223K(2796224K)->2796223K(2796224K)
[184.681s][info][gc,metaspace   ] GC(161) Metaspace: 10563K(10816K)->10563K(10816K) NonClass: 9529K(9664K)->9529K(9664K) Class: 1034K(1152K)->1034K(1152K)
[184.681s][info][gc             ] GC(161) Pause Full (Allocation Failure) 3959M->3369M(3959M) 766.778ms
[184.681s][info][gc,cpu         ] GC(161) User=0.76s Sys=0.00s Real=0.76s
[185.040s][info][gc,start       ] GC(162) Pause Full (Allocation Failure)
[185.040s][info][gc,phases,start] GC(162) Phase 1: Mark live objects
[185.224s][info][gc,phases      ] GC(162) Phase 1: Mark live objects 183.753ms
[185.224s][info][gc,phases,start] GC(162) Phase 2: Compute new object addresses
[185.366s][info][gc,phases      ] GC(162) Phase 2: Compute new object addresses 142.007ms
[185.366s][info][gc,phases,start] GC(162) Phase 3: Adjust pointers
[185.514s][info][gc,phases      ] GC(162) Phase 3: Adjust pointers 148.279ms
[185.514s][info][gc,phases,start] GC(162) Phase 4: Move objects
[185.825s][info][gc,phases      ] GC(162) Phase 4: Move objects 310.663ms
[185.825s][info][gc,heap        ] GC(162) DefNew: 1258303K(1258304K)->514715K(1258304K) Eden: 1118528K(1118528K)->514715K(1118528K) From: 139775K(139776K)->0K(139776K)
[185.825s][info][gc,heap        ] GC(162) Tenured: 2796223K(2796224K)->2796221K(2796224K)
[185.825s][info][gc,metaspace   ] GC(162) Metaspace: 10563K(10816K)->10563K(10816K) NonClass: 9529K(9664K)->9529K(9664K) Class: 1034K(1152K)->1034K(1152K)
[185.825s][info][gc             ] GC(162) Pause Full (Allocation Failure) 3959M->3233M(3959M) 785.400ms
[185.825s][info][gc,cpu         ] GC(162) User=0.79s Sys=0.00s Real=0.79s
[186.235s][info][gc,start       ] GC(163) Pause Full (Allocation Failure)
[186.235s][info][gc,phases,start] GC(163) Phase 1: Mark live objects
[186.419s][info][gc,phases      ] GC(163) Phase 1: Mark live objects 184.104ms
[186.419s][info][gc,phases,start] GC(163) Phase 2: Compute new object addresses
[186.570s][info][gc,phases      ] GC(163) Phase 2: Compute new object addresses 150.561ms
[186.570s][info][gc,phases,start] GC(163) Phase 3: Adjust pointers
[186.722s][info][gc,phases      ] GC(163) Phase 3: Adjust pointers 152.362ms
[186.722s][info][gc,phases,start] GC(163) Phase 4: Move objects
[186.990s][info][gc,phases      ] GC(163) Phase 4: Move objects 267.781ms
[186.991s][info][gc,heap        ] GC(163) DefNew: 1258303K(1258304K)->654526K(1258304K) Eden: 1118528K(1118528K)->654526K(1118528K) From: 139775K(139776K)->0K(139776K)
[186.991s][info][gc,heap        ] GC(163) Tenured: 2796221K(2796224K)->2796221K(2796224K)
[186.991s][info][gc,metaspace   ] GC(163) Metaspace: 10563K(10816K)->10563K(10816K) NonClass: 9529K(9664K)->9529K(9664K) Class: 1034K(1152K)->1034K(1152K)
[186.991s][info][gc             ] GC(163) Pause Full (Allocation Failure) 3959M->3369M(3959M) 755.520ms
[186.991s][info][gc,cpu         ] GC(163) User=0.75s Sys=0.00s Real=0.75s
[187.350s][info][gc,start       ] GC(164) Pause Full (Allocation Failure)
[187.350s][info][gc,phases,start] GC(164) Phase 1: Mark live objects
[187.536s][info][gc,phases      ] GC(164) Phase 1: Mark live objects 185.680ms
[187.536s][info][gc,phases,start] GC(164) Phase 2: Compute new object addresses
[187.674s][info][gc,phases      ] GC(164) Phase 2: Compute new object addresses 138.300ms
[187.674s][info][gc,phases,start] GC(164) Phase 3: Adjust pointers
[187.825s][info][gc,phases      ] GC(164) Phase 3: Adjust pointers 150.553ms
[187.825s][info][gc,phases,start] GC(164) Phase 4: Move objects
[188.113s][info][gc,phases      ] GC(164) Phase 4: Move objects 288.490ms
[188.114s][info][gc,heap        ] GC(164) DefNew: 1258301K(1258304K)->654526K(1258304K) Eden: 1118528K(1118528K)->654526K(1118528K) From: 139773K(139776K)->0K(139776K)
[188.114s][info][gc,heap        ] GC(164) Tenured: 2796221K(2796224K)->2796221K(2796224K)
[188.114s][info][gc,metaspace   ] GC(164) Metaspace: 10563K(10816K)->10563K(10816K) NonClass: 9529K(9664K)->9529K(9664K) Class: 1034K(1152K)->1034K(1152K)
[188.114s][info][gc             ] GC(164) Pause Full (Allocation Failure) 3959M->3369M(3959M) 763.736ms
[188.114s][info][gc,cpu         ] GC(164) User=0.77s Sys=0.00s Real=0.77s
[188.469s][info][gc,start       ] GC(165) Pause Full (Allocation Failure)
[188.469s][info][gc,phases,start] GC(165) Phase 1: Mark live objects
[188.652s][info][gc,phases      ] GC(165) Phase 1: Mark live objects 183.451ms
[188.652s][info][gc,phases,start] GC(165) Phase 2: Compute new object addresses
[188.779s][info][gc,phases      ] GC(165) Phase 2: Compute new object addresses 126.382ms
[188.779s][info][gc,phases,start] GC(165) Phase 3: Adjust pointers
[188.928s][info][gc,phases      ] GC(165) Phase 3: Adjust pointers 149.033ms
[188.928s][info][gc,phases,start] GC(165) Phase 4: Move objects
[189.224s][info][gc,phases      ] GC(165) Phase 4: Move objects 296.411ms
[189.225s][info][gc,heap        ] GC(165) DefNew: 1258303K(1258304K)->654526K(1258304K) Eden: 1118528K(1118528K)->654526K(1118528K) From: 139775K(139776K)->0K(139776K)
[189.225s][info][gc,heap        ] GC(165) Tenured: 2796221K(2796224K)->2796221K(2796224K)
[189.225s][info][gc,metaspace   ] GC(165) Metaspace: 10563K(10816K)->10563K(10816K) NonClass: 9529K(9664K)->9529K(9664K) Class: 1034K(1152K)->1034K(1152K)
[189.225s][info][gc             ] GC(165) Pause Full (Allocation Failure) 3959M->3369M(3959M) 756.001ms
[189.225s][info][gc,cpu         ] GC(165) User=0.76s Sys=0.00s Real=0.76s
[189.581s][info][gc,start       ] GC(166) Pause Full (Allocation Failure)
[189.581s][info][gc,phases,start] GC(166) Phase 1: Mark live objects
[189.765s][info][gc,phases      ] GC(166) Phase 1: Mark live objects 183.569ms
[189.765s][info][gc,phases,start] GC(166) Phase 2: Compute new object addresses
[189.909s][info][gc,phases      ] GC(166) Phase 2: Compute new object addresses 144.134ms
[189.909s][info][gc,phases,start] GC(166) Phase 3: Adjust pointers
[190.052s][info][gc,phases      ] GC(166) Phase 3: Adjust pointers 143.265ms
[190.052s][info][gc,phases,start] GC(166) Phase 4: Move objects
[190.364s][info][gc,phases      ] GC(166) Phase 4: Move objects 311.378ms
[190.364s][info][gc,heap        ] GC(166) DefNew: 1258303K(1258304K)->514715K(1258304K) Eden: 1118528K(1118528K)->514715K(1118528K) From: 139775K(139776K)->0K(139776K)
[190.364s][info][gc,heap        ] GC(166) Tenured: 2796221K(2796224K)->2796221K(2796224K)
[190.364s][info][gc,metaspace   ] GC(166) Metaspace: 10563K(10816K)->10563K(10816K) NonClass: 9529K(9664K)->9529K(9664K) Class: 1034K(1152K)->1034K(1152K)
[190.364s][info][gc             ] GC(166) Pause Full (Allocation Failure) 3959M->3233M(3959M) 783.065ms
[190.364s][info][gc,cpu         ] GC(166) User=0.78s Sys=0.00s Real=0.78s
[190.774s][info][gc,start       ] GC(167) Pause Full (Allocation Failure)
[190.774s][info][gc,phases,start] GC(167) Phase 1: Mark live objects
[190.958s][info][gc,phases      ] GC(167) Phase 1: Mark live objects 183.968ms
[190.958s][info][gc,phases,start] GC(167) Phase 2: Compute new object addresses
[191.108s][info][gc,phases      ] GC(167) Phase 2: Compute new object addresses 150.284ms
[191.108s][info][gc,phases,start] GC(167) Phase 3: Adjust pointers
[191.274s][info][gc,phases      ] GC(167) Phase 3: Adjust pointers 165.872ms
[191.274s][info][gc,phases,start] GC(167) Phase 4: Move objects
[191.542s][info][gc,phases      ] GC(167) Phase 4: Move objects 268.136ms
[191.543s][info][gc,heap        ] GC(167) DefNew: 1258300K(1258304K)->654518K(1258304K) Eden: 1118528K(1118528K)->654518K(1118528K) From: 139772K(139776K)->0K(139776K)
[191.543s][info][gc,heap        ] GC(167) Tenured: 2796221K(2796224K)->2796221K(2796224K)
[191.543s][info][gc,metaspace   ] GC(167) Metaspace: 10563K(10816K)->10563K(10816K) NonClass: 9529K(9664K)->9529K(9664K) Class: 1034K(1152K)->1034K(1152K)
[191.543s][info][gc             ] GC(167) Pause Full (Allocation Failure) 3959M->3369M(3959M) 768.965ms
[191.543s][info][gc,cpu         ] GC(167) User=0.77s Sys=0.00s Real=0.76s
[191.911s][info][gc,start       ] GC(168) Pause Full (Allocation Failure)
[191.911s][info][gc,phases,start] GC(168) Phase 1: Mark live objects
[192.095s][info][gc,phases      ] GC(168) Phase 1: Mark live objects 183.909ms
[192.095s][info][gc,phases,start] GC(168) Phase 2: Compute new object addresses
[192.233s][info][gc,phases      ] GC(168) Phase 2: Compute new object addresses 138.172ms
[192.233s][info][gc,phases,start] GC(168) Phase 3: Adjust pointers
[192.385s][info][gc,phases      ] GC(168) Phase 3: Adjust pointers 151.971ms
[192.385s][info][gc,phases,start] GC(168) Phase 4: Move objects
[192.673s][info][gc,phases      ] GC(168) Phase 4: Move objects 287.750ms
[192.673s][info][gc,heap        ] GC(168) DefNew: 1258300K(1258304K)->654522K(1258304K) Eden: 1118528K(1118528K)->654522K(1118528K) From: 139772K(139776K)->0K(139776K)
[192.673s][info][gc,heap        ] GC(168) Tenured: 2796221K(2796224K)->2796221K(2796224K)
[192.673s][info][gc,metaspace   ] GC(168) Metaspace: 10563K(10816K)->10563K(10816K) NonClass: 9529K(9664K)->9529K(9664K) Class: 1034K(1152K)->1034K(1152K)
[192.673s][info][gc             ] GC(168) Pause Full (Allocation Failure) 3959M->3369M(3959M) 762.516ms
[192.673s][info][gc,cpu         ] GC(168) User=0.76s Sys=0.00s Real=0.77s
[193.033s][info][gc,start       ] GC(169) Pause Full (Allocation Failure)
[193.033s][info][gc,phases,start] GC(169) Phase 1: Mark live objects
[193.217s][info][gc,phases      ] GC(169) Phase 1: Mark live objects 184.023ms
[193.217s][info][gc,phases,start] GC(169) Phase 2: Compute new object addresses
[193.360s][info][gc,phases      ] GC(169) Phase 2: Compute new object addresses 143.426ms
[193.360s][info][gc,phases,start] GC(169) Phase 3: Adjust pointers
[193.511s][info][gc,phases      ] GC(169) Phase 3: Adjust pointers 150.702ms
[193.511s][info][gc,phases,start] GC(169) Phase 4: Move objects
[193.808s][info][gc,phases      ] GC(169) Phase 4: Move objects 296.720ms
[193.808s][info][gc,heap        ] GC(169) DefNew: 1258302K(1258304K)->654513K(1258304K) Eden: 1118528K(1118528K)->654513K(1118528K) From: 139774K(139776K)->0K(139776K)
[193.808s][info][gc,heap        ] GC(169) Tenured: 2796221K(2796224K)->2796221K(2796224K)
[193.808s][info][gc,metaspace   ] GC(169) Metaspace: 10563K(10816K)->10563K(10816K) NonClass: 9529K(9664K)->9529K(9664K) Class: 1034K(1152K)->1034K(1152K)
[193.808s][info][gc             ] GC(169) Pause Full (Allocation Failure) 3959M->3369M(3959M) 775.590ms
[193.808s][info][gc,cpu         ] GC(169) User=0.78s Sys=0.00s Real=0.78s
[194.168s][info][gc,start       ] GC(170) Pause Full (Allocation Failure)
[194.168s][info][gc,phases,start] GC(170) Phase 1: Mark live objects
[194.352s][info][gc,phases      ] GC(170) Phase 1: Mark live objects 184.336ms
[194.352s][info][gc,phases,start] GC(170) Phase 2: Compute new object addresses
[194.495s][info][gc,phases      ] GC(170) Phase 2: Compute new object addresses 142.875ms
[194.495s][info][gc,phases,start] GC(170) Phase 3: Adjust pointers
[194.653s][info][gc,phases      ] GC(170) Phase 3: Adjust pointers 157.668ms
[194.653s][info][gc,phases,start] GC(170) Phase 4: Move objects
[194.965s][info][gc,phases      ] GC(170) Phase 4: Move objects 312.299ms
[194.965s][info][gc,heap        ] GC(170) DefNew: 1258303K(1258304K)->514715K(1258304K) Eden: 1118528K(1118528K)->514715K(1118528K) From: 139775K(139776K)->0K(139776K)
[194.965s][info][gc,heap        ] GC(170) Tenured: 2796221K(2796224K)->2796221K(2796224K)
[194.965s][info][gc,metaspace   ] GC(170) Metaspace: 10563K(10816K)->10563K(10816K) NonClass: 9529K(9664K)->9529K(9664K) Class: 1034K(1152K)->1034K(1152K)
[194.966s][info][gc             ] GC(170) Pause Full (Allocation Failure) 3959M->3233M(3959M) 797.881ms
[194.966s][info][gc,cpu         ] GC(170) User=0.79s Sys=0.00s Real=0.80s
[195.376s][info][gc,start       ] GC(171) Pause Full (Allocation Failure)
[195.376s][info][gc,phases,start] GC(171) Phase 1: Mark live objects
[195.560s][info][gc,phases      ] GC(171) Phase 1: Mark live objects 183.967ms
[195.560s][info][gc,phases,start] GC(171) Phase 2: Compute new object addresses
[195.707s][info][gc,phases      ] GC(171) Phase 2: Compute new object addresses 146.251ms
[195.707s][info][gc,phases,start] GC(171) Phase 3: Adjust pointers
[195.861s][info][gc,phases      ] GC(171) Phase 3: Adjust pointers 154.563ms
[195.861s][info][gc,phases,start] GC(171) Phase 4: Move objects
[196.128s][info][gc,phases      ] GC(171) Phase 4: Move objects 266.722ms
[196.128s][info][gc,heap        ] GC(171) DefNew: 1258300K(1258304K)->654526K(1258304K) Eden: 1118528K(1118528K)->654526K(1118528K) From: 139772K(139776K)->0K(139776K)
[196.128s][info][gc,heap        ] GC(171) Tenured: 2796221K(2796224K)->2796221K(2796224K)
[196.128s][info][gc,metaspace   ] GC(171) Metaspace: 10563K(10816K)->10563K(10816K) NonClass: 9529K(9664K)->9529K(9664K) Class: 1034K(1152K)->1034K(1152K)
[196.128s][info][gc             ] GC(171) Pause Full (Allocation Failure) 3959M->3369M(3959M) 752.242ms
[196.128s][info][gc,cpu         ] GC(171) User=0.75s Sys=0.00s Real=0.75s
[196.489s][info][gc,start       ] GC(172) Pause Full (Allocation Failure)
[196.489s][info][gc,phases,start] GC(172) Phase 1: Mark live objects
[196.673s][info][gc,phases      ] GC(172) Phase 1: Mark live objects 184.037ms
[196.673s][info][gc,phases,start] GC(172) Phase 2: Compute new object addresses
[196.815s][info][gc,phases      ] GC(172) Phase 2: Compute new object addresses 141.732ms
[196.815s][info][gc,phases,start] GC(172) Phase 3: Adjust pointers
[196.966s][info][gc,phases      ] GC(172) Phase 3: Adjust pointers 151.098ms
[196.966s][info][gc,phases,start] GC(172) Phase 4: Move objects
[197.254s][info][gc,phases      ] GC(172) Phase 4: Move objects 287.524ms
[197.254s][info][gc,heap        ] GC(172) DefNew: 1258300K(1258304K)->654526K(1258304K) Eden: 1118528K(1118528K)->654526K(1118528K) From: 139772K(139776K)->0K(139776K)
[197.254s][info][gc,heap        ] GC(172) Tenured: 2796221K(2796224K)->2796221K(2796224K)
[197.254s][info][gc,metaspace   ] GC(172) Metaspace: 10563K(10816K)->10563K(10816K) NonClass: 9529K(9664K)->9529K(9664K) Class: 1034K(1152K)->1034K(1152K)
[197.254s][info][gc             ] GC(172) Pause Full (Allocation Failure) 3959M->3369M(3959M) 765.079ms
[197.254s][info][gc,cpu         ] GC(172) User=0.77s Sys=0.00s Real=0.77s
[197.614s][info][gc,start       ] GC(173) Pause Full (Allocation Failure)
[197.614s][info][gc,phases,start] GC(173) Phase 1: Mark live objects
[197.798s][info][gc,phases      ] GC(173) Phase 1: Mark live objects 183.800ms
[197.798s][info][gc,phases,start] GC(173) Phase 2: Compute new object addresses
[197.943s][info][gc,phases      ] GC(173) Phase 2: Compute new object addresses 144.613ms
[197.943s][info][gc,phases,start] GC(173) Phase 3: Adjust pointers
[198.091s][info][gc,phases      ] GC(173) Phase 3: Adjust pointers 147.995ms
[198.091s][info][gc,phases,start] GC(173) Phase 4: Move objects
[198.386s][info][gc,phases      ] GC(173) Phase 4: Move objects 294.946ms
[198.386s][info][gc,heap        ] GC(173) DefNew: 1258302K(1258304K)->654526K(1258304K) Eden: 1118528K(1118528K)->654526K(1118528K) From: 139774K(139776K)->0K(139776K)
[198.386s][info][gc,heap        ] GC(173) Tenured: 2796221K(2796224K)->2796221K(2796224K)
[198.386s][info][gc,metaspace   ] GC(173) Metaspace: 10563K(10816K)->10563K(10816K) NonClass: 9529K(9664K)->9529K(9664K) Class: 1034K(1152K)->1034K(1152K)
[198.386s][info][gc             ] GC(173) Pause Full (Allocation Failure) 3959M->3369M(3959M) 772.073ms
[198.386s][info][gc,cpu         ] GC(173) User=0.77s Sys=0.00s Real=0.77s
[198.745s][info][gc,start       ] GC(174) Pause Full (Allocation Failure)
[198.745s][info][gc,phases,start] GC(174) Phase 1: Mark live objects
[198.930s][info][gc,phases      ] GC(174) Phase 1: Mark live objects 184.188ms
[198.930s][info][gc,phases,start] GC(174) Phase 2: Compute new object addresses
[199.069s][info][gc,phases      ] GC(174) Phase 2: Compute new object addresses 139.516ms
[199.069s][info][gc,phases,start] GC(174) Phase 3: Adjust pointers
[199.217s][info][gc,phases      ] GC(174) Phase 3: Adjust pointers 148.009ms
[199.217s][info][gc,phases,start] GC(174) Phase 4: Move objects
[199.528s][info][gc,phases      ] GC(174) Phase 4: Move objects 310.243ms
[199.528s][info][gc,heap        ] GC(174) DefNew: 1258301K(1258304K)->514715K(1258304K) Eden: 1118528K(1118528K)->514715K(1118528K) From: 139773K(139776K)->0K(139776K)
[199.528s][info][gc,heap        ] GC(174) Tenured: 2796221K(2796224K)->2796221K(2796224K)
[199.528s][info][gc,metaspace   ] GC(174) Metaspace: 10563K(10816K)->10563K(10816K) NonClass: 9529K(9664K)->9529K(9664K) Class: 1034K(1152K)->1034K(1152K)
[199.528s][info][gc             ] GC(174) Pause Full (Allocation Failure) 3959M->3233M(3959M) 782.664ms
[199.528s][info][gc,cpu         ] GC(174) User=0.78s Sys=0.00s Real=0.78s
[199.942s][info][gc,start       ] GC(175) Pause Full (Allocation Failure)
[199.942s][info][gc,phases,start] GC(175) Phase 1: Mark live objects
[200.126s][info][gc,phases      ] GC(175) Phase 1: Mark live objects 184.433ms
[200.126s][info][gc,phases,start] GC(175) Phase 2: Compute new object addresses
[200.275s][info][gc,phases      ] GC(175) Phase 2: Compute new object addresses 148.831ms
[200.275s][info][gc,phases,start] GC(175) Phase 3: Adjust pointers
[200.427s][info][gc,phases      ] GC(175) Phase 3: Adjust pointers 152.281ms
[200.427s][info][gc,phases,start] GC(175) Phase 4: Move objects
[200.694s][info][gc,phases      ] GC(175) Phase 4: Move objects 266.745ms
[200.695s][info][gc,heap        ] GC(175) DefNew: 1258303K(1258304K)->654526K(1258304K) Eden: 1118528K(1118528K)->654526K(1118528K) From: 139775K(139776K)->0K(139776K)
[200.695s][info][gc,heap        ] GC(175) Tenured: 2796221K(2796224K)->2796221K(2796224K)
[200.695s][info][gc,metaspace   ] GC(175) Metaspace: 10563K(10816K)->10563K(10816K) NonClass: 9529K(9664K)->9529K(9664K) Class: 1034K(1152K)->1034K(1152K)
[200.695s][info][gc             ] GC(175) Pause Full (Allocation Failure) 3959M->3369M(3959M) 753.009ms
[200.695s][info][gc,cpu         ] GC(175) User=0.75s Sys=0.00s Real=0.76s
[201.051s][info][gc,start       ] GC(176) Pause Full (Allocation Failure)
[201.051s][info][gc,phases,start] GC(176) Phase 1: Mark live objects
[201.236s][info][gc,phases      ] GC(176) Phase 1: Mark live objects 184.692ms
[201.236s][info][gc,phases,start] GC(176) Phase 2: Compute new object addresses
[201.378s][info][gc,phases      ] GC(176) Phase 2: Compute new object addresses 141.897ms
[201.378s][info][gc,phases,start] GC(176) Phase 3: Adjust pointers
[201.525s][info][gc,phases      ] GC(176) Phase 3: Adjust pointers 147.566ms
[201.525s][info][gc,phases,start] GC(176) Phase 4: Move objects
[201.813s][info][gc,phases      ] GC(176) Phase 4: Move objects 287.440ms
[201.813s][info][gc,heap        ] GC(176) DefNew: 1258303K(1258304K)->654526K(1258304K) Eden: 1118528K(1118528K)->654526K(1118528K) From: 139775K(139776K)->0K(139776K)
[201.813s][info][gc,heap        ] GC(176) Tenured: 2796221K(2796224K)->2796221K(2796224K)
[201.813s][info][gc,metaspace   ] GC(176) Metaspace: 10563K(10816K)->10563K(10816K) NonClass: 9529K(9664K)->9529K(9664K) Class: 1034K(1152K)->1034K(1152K)
[201.813s][info][gc             ] GC(176) Pause Full (Allocation Failure) 3959M->3369M(3959M) 762.297ms
[201.813s][info][gc,cpu         ] GC(176) User=0.76s Sys=0.00s Real=0.77s
[202.175s][info][gc,start       ] GC(177) Pause Full (Allocation Failure)
[202.175s][info][gc,phases,start] GC(177) Phase 1: Mark live objects
[202.358s][info][gc,phases      ] GC(177) Phase 1: Mark live objects 183.322ms
[202.358s][info][gc,phases,start] GC(177) Phase 2: Compute new object addresses
[202.503s][info][gc,phases      ] GC(177) Phase 2: Compute new object addresses 144.133ms
[202.503s][info][gc,phases,start] GC(177) Phase 3: Adjust pointers
[202.665s][info][gc,phases      ] GC(177) Phase 3: Adjust pointers 162.585ms
[202.665s][info][gc,phases,start] GC(177) Phase 4: Move objects
[202.961s][info][gc,phases      ] GC(177) Phase 4: Move objects 295.790ms
[202.962s][info][gc,heap        ] GC(177) DefNew: 1258301K(1258304K)->654526K(1258304K) Eden: 1118528K(1118528K)->654526K(1118528K) From: 139773K(139776K)->0K(139776K)
[202.962s][info][gc,heap        ] GC(177) Tenured: 2796221K(2796224K)->2796221K(2796224K)
[202.962s][info][gc,metaspace   ] GC(177) Metaspace: 10563K(10816K)->10563K(10816K) NonClass: 9529K(9664K)->9529K(9664K) Class: 1034K(1152K)->1034K(1152K)
[202.962s][info][gc             ] GC(177) Pause Full (Allocation Failure) 3959M->3369M(3959M) 786.561ms
[202.962s][info][gc,cpu         ] GC(177) User=0.79s Sys=0.00s Real=0.78s
[203.321s][info][gc,start       ] GC(178) Pause Full (Allocation Failure)
[203.322s][info][gc,phases,start] GC(178) Phase 1: Mark live objects
[203.506s][info][gc,phases      ] GC(178) Phase 1: Mark live objects 184.650ms
[203.506s][info][gc,phases,start] GC(178) Phase 2: Compute new object addresses
[203.651s][info][gc,phases      ] GC(178) Phase 2: Compute new object addresses 144.376ms
[203.651s][info][gc,phases,start] GC(178) Phase 3: Adjust pointers
[203.811s][info][gc,phases      ] GC(178) Phase 3: Adjust pointers 160.296ms
[203.811s][info][gc,phases,start] GC(178) Phase 4: Move objects
[204.120s][info][gc,phases      ] GC(178) Phase 4: Move objects 309.131ms
[204.121s][info][gc,heap        ] GC(178) DefNew: 1258300K(1258304K)->514714K(1258304K) Eden: 1118528K(1118528K)->514714K(1118528K) From: 139772K(139776K)->0K(139776K)
[204.121s][info][gc,heap        ] GC(178) Tenured: 2796221K(2796224K)->2796221K(2796224K)
[204.121s][info][gc,metaspace   ] GC(178) Metaspace: 10563K(10816K)->10563K(10816K) NonClass: 9529K(9664K)->9529K(9664K) Class: 1034K(1152K)->1034K(1152K)
[204.121s][info][gc             ] GC(178) Pause Full (Allocation Failure) 3959M->3233M(3959M) 799.196ms
[204.121s][info][gc,cpu         ] GC(178) User=0.80s Sys=0.00s Real=0.80s
[204.531s][info][gc,start       ] GC(179) Pause Full (Allocation Failure)
[204.531s][info][gc,phases,start] GC(179) Phase 1: Mark live objects
[204.715s][info][gc,phases      ] GC(179) Phase 1: Mark live objects 184.033ms
[204.715s][info][gc,phases,start] GC(179) Phase 2: Compute new object addresses
[204.866s][info][gc,phases      ] GC(179) Phase 2: Compute new object addresses 150.846ms
[204.866s][info][gc,phases,start] GC(179) Phase 3: Adjust pointers
[205.017s][info][gc,phases      ] GC(179) Phase 3: Adjust pointers 151.000ms
[205.017s][info][gc,phases,start] GC(179) Phase 4: Move objects
[205.285s][info][gc,phases      ] GC(179) Phase 4: Move objects 267.622ms
[205.285s][info][gc,heap        ] GC(179) DefNew: 1258302K(1258304K)->654526K(1258304K) Eden: 1118528K(1118528K)->654526K(1118528K) From: 139774K(139776K)->0K(139776K)
[205.285s][info][gc,heap        ] GC(179) Tenured: 2796221K(2796224K)->2796221K(2796224K)
[205.285s][info][gc,metaspace   ] GC(179) Metaspace: 10563K(10816K)->10563K(10816K) NonClass: 9529K(9664K)->9529K(9664K) Class: 1034K(1152K)->1034K(1152K)
[205.285s][info][gc             ] GC(179) Pause Full (Allocation Failure) 3959M->3369M(3959M) 754.211ms
[205.285s][info][gc,cpu         ] GC(179) User=0.75s Sys=0.00s Real=0.76s
[205.646s][info][gc,start       ] GC(180) Pause Full (Allocation Failure)
[205.646s][info][gc,phases,start] GC(180) Phase 1: Mark live objects
[205.830s][info][gc,phases      ] GC(180) Phase 1: Mark live objects 183.528ms
[205.830s][info][gc,phases,start] GC(180) Phase 2: Compute new object addresses
[205.973s][info][gc,phases      ] GC(180) Phase 2: Compute new object addresses 143.875ms
[205.973s][info][gc,phases,start] GC(180) Phase 3: Adjust pointers
[206.131s][info][gc,phases      ] GC(180) Phase 3: Adjust pointers 157.908ms
[206.131s][info][gc,phases,start] GC(180) Phase 4: Move objects
[206.421s][info][gc,phases      ] GC(180) Phase 4: Move objects 289.510ms
[206.421s][info][gc,heap        ] GC(180) DefNew: 1258303K(1258304K)->654522K(1258304K) Eden: 1118528K(1118528K)->654522K(1118528K) From: 139775K(139776K)->0K(139776K)
[206.421s][info][gc,heap        ] GC(180) Tenured: 2796221K(2796224K)->2796221K(2796224K)
[206.421s][info][gc,metaspace   ] GC(180) Metaspace: 10563K(10816K)->10563K(10816K) NonClass: 9529K(9664K)->9529K(9664K) Class: 1034K(1152K)->1034K(1152K)
[206.421s][info][gc             ] GC(180) Pause Full (Allocation Failure) 3959M->3369M(3959M) 775.526ms
[206.421s][info][gc,cpu         ] GC(180) User=0.78s Sys=0.00s Real=0.77s
[206.783s][info][gc,start       ] GC(181) Pause Full (Allocation Failure)
[206.783s][info][gc,phases,start] GC(181) Phase 1: Mark live objects
[206.968s][info][gc,phases      ] GC(181) Phase 1: Mark live objects 184.915ms
[206.968s][info][gc,phases,start] GC(181) Phase 2: Compute new object addresses
[207.108s][info][gc,phases      ] GC(181) Phase 2: Compute new object addresses 139.850ms
[207.108s][info][gc,phases,start] GC(181) Phase 3: Adjust pointers
[207.266s][info][gc,phases      ] GC(181) Phase 3: Adjust pointers 158.317ms
[207.266s][info][gc,phases,start] GC(181) Phase 4: Move objects
[207.579s][info][gc,phases      ] GC(181) Phase 4: Move objects 313.279ms
[207.580s][info][gc,heap        ] GC(181) DefNew: 1258301K(1258304K)->654526K(1258304K) Eden: 1118528K(1118528K)->654526K(1118528K) From: 139773K(139776K)->0K(139776K)
[207.580s][info][gc,heap        ] GC(181) Tenured: 2796221K(2796224K)->2796221K(2796224K)
[207.580s][info][gc,metaspace   ] GC(181) Metaspace: 10563K(10816K)->10563K(10816K) NonClass: 9529K(9664K)->9529K(9664K) Class: 1034K(1152K)->1034K(1152K)
[207.580s][info][gc             ] GC(181) Pause Full (Allocation Failure) 3959M->3369M(3959M) 797.097ms
[207.580s][info][gc,cpu         ] GC(181) User=0.80s Sys=0.00s Real=0.80s
[207.943s][info][gc,start       ] GC(182) Pause Full (Allocation Failure)
[207.943s][info][gc,phases,start] GC(182) Phase 1: Mark live objects
[208.127s][info][gc,phases      ] GC(182) Phase 1: Mark live objects 184.719ms
[208.127s][info][gc,phases,start] GC(182) Phase 2: Compute new object addresses
[208.267s][info][gc,phases      ] GC(182) Phase 2: Compute new object addresses 140.015ms
[208.267s][info][gc,phases,start] GC(182) Phase 3: Adjust pointers
[208.418s][info][gc,phases      ] GC(182) Phase 3: Adjust pointers 150.231ms
[208.418s][info][gc,phases,start] GC(182) Phase 4: Move objects
[208.727s][info][gc,phases      ] GC(182) Phase 4: Move objects 309.446ms
[208.728s][info][gc,heap        ] GC(182) DefNew: 1258301K(1258304K)->514715K(1258304K) Eden: 1118528K(1118528K)->514715K(1118528K) From: 139773K(139776K)->0K(139776K)
[208.728s][info][gc,heap        ] GC(182) Tenured: 2796221K(2796224K)->2796221K(2796224K)
[208.728s][info][gc,metaspace   ] GC(182) Metaspace: 10563K(10816K)->10563K(10816K) NonClass: 9529K(9664K)->9529K(9664K) Class: 1034K(1152K)->1034K(1152K)
[208.728s][info][gc             ] GC(182) Pause Full (Allocation Failure) 3959M->3233M(3959M) 785.141ms
[208.728s][info][gc,cpu         ] GC(182) User=0.79s Sys=0.00s Real=0.79s
[209.142s][info][gc,start       ] GC(183) Pause Full (Allocation Failure)
[209.142s][info][gc,phases,start] GC(183) Phase 1: Mark live objects
[209.326s][info][gc,phases      ] GC(183) Phase 1: Mark live objects 184.758ms
[209.327s][info][gc,phases,start] GC(183) Phase 2: Compute new object addresses
[209.477s][info][gc,phases      ] GC(183) Phase 2: Compute new object addresses 150.758ms
[209.477s][info][gc,phases,start] GC(183) Phase 3: Adjust pointers
[209.630s][info][gc,phases      ] GC(183) Phase 3: Adjust pointers 153.026ms
[209.630s][info][gc,phases,start] GC(183) Phase 4: Move objects
[209.930s][info][gc,phases      ] GC(183) Phase 4: Move objects 299.591ms
[209.930s][info][gc,heap        ] GC(183) DefNew: 1258302K(1258304K)->654526K(1258304K) Eden: 1118528K(1118528K)->654526K(1118528K) From: 139774K(139776K)->0K(139776K)
[209.930s][info][gc,heap        ] GC(183) Tenured: 2796221K(2796224K)->2796221K(2796224K)
[209.930s][info][gc,metaspace   ] GC(183) Metaspace: 10563K(10816K)->10563K(10816K) NonClass: 9529K(9664K)->9529K(9664K) Class: 1034K(1152K)->1034K(1152K)
[209.930s][info][gc             ] GC(183) Pause Full (Allocation Failure) 3959M->3369M(3959M) 788.846ms
[209.930s][info][gc,cpu         ] GC(183) User=0.79s Sys=0.00s Real=0.79s
[210.291s][info][gc,start       ] GC(184) Pause Full (Allocation Failure)
[210.291s][info][gc,phases,start] GC(184) Phase 1: Mark live objects
[210.475s][info][gc,phases      ] GC(184) Phase 1: Mark live objects 183.745ms
[210.475s][info][gc,phases,start] GC(184) Phase 2: Compute new object addresses
[210.619s][info][gc,phases      ] GC(184) Phase 2: Compute new object addresses 144.409ms
[210.619s][info][gc,phases,start] GC(184) Phase 3: Adjust pointers
[210.779s][info][gc,phases      ] GC(184) Phase 3: Adjust pointers 159.233ms
[210.779s][info][gc,phases,start] GC(184) Phase 4: Move objects
[211.068s][info][gc,phases      ] GC(184) Phase 4: Move objects 289.172ms
[211.068s][info][gc,heap        ] GC(184) DefNew: 1258303K(1258304K)->654526K(1258304K) Eden: 1118528K(1118528K)->654526K(1118528K) From: 139775K(139776K)->0K(139776K)
[211.068s][info][gc,heap        ] GC(184) Tenured: 2796221K(2796224K)->2796221K(2796224K)
[211.068s][info][gc,metaspace   ] GC(184) Metaspace: 10563K(10816K)->10563K(10816K) NonClass: 9529K(9664K)->9529K(9664K) Class: 1034K(1152K)->1034K(1152K)
[211.068s][info][gc             ] GC(184) Pause Full (Allocation Failure) 3959M->3369M(3959M) 777.283ms
[211.068s][info][gc,cpu         ] GC(184) User=0.78s Sys=0.00s Real=0.78s
[211.425s][info][gc,start       ] GC(185) Pause Full (Allocation Failure)
[211.425s][info][gc,phases,start] GC(185) Phase 1: Mark live objects
[211.609s][info][gc,phases      ] GC(185) Phase 1: Mark live objects 183.834ms
[211.609s][info][gc,phases,start] GC(185) Phase 2: Compute new object addresses
[211.741s][info][gc,phases      ] GC(185) Phase 2: Compute new object addresses 131.986ms
[211.741s][info][gc,phases,start] GC(185) Phase 3: Adjust pointers
[211.889s][info][gc,phases      ] GC(185) Phase 3: Adjust pointers 147.703ms
[211.889s][info][gc,phases,start] GC(185) Phase 4: Move objects
[212.186s][info][gc,phases      ] GC(185) Phase 4: Move objects 297.508ms
[212.187s][info][gc,heap        ] GC(185) DefNew: 1258300K(1258304K)->654513K(1258304K) Eden: 1118528K(1118528K)->654513K(1118528K) From: 139772K(139776K)->0K(139776K)
[212.187s][info][gc,heap        ] GC(185) Tenured: 2796221K(2796224K)->2796221K(2796224K)
[212.187s][info][gc,metaspace   ] GC(185) Metaspace: 10563K(10816K)->10563K(10816K) NonClass: 9529K(9664K)->9529K(9664K) Class: 1034K(1152K)->1034K(1152K)
[212.187s][info][gc             ] GC(185) Pause Full (Allocation Failure) 3959M->3369M(3959M) 761.734ms
[212.187s][info][gc,cpu         ] GC(185) User=0.76s Sys=0.00s Real=0.76s
[212.545s][info][gc,start       ] GC(186) Pause Full (Allocation Failure)
[212.545s][info][gc,phases,start] GC(186) Phase 1: Mark live objects
[212.730s][info][gc,phases      ] GC(186) Phase 1: Mark live objects 184.086ms
[212.730s][info][gc,phases,start] GC(186) Phase 2: Compute new object addresses
[212.874s][info][gc,phases      ] GC(186) Phase 2: Compute new object addresses 144.698ms
[212.874s][info][gc,phases,start] GC(186) Phase 3: Adjust pointers
[213.034s][info][gc,phases      ] GC(186) Phase 3: Adjust pointers 159.748ms
[213.034s][info][gc,phases,start] GC(186) Phase 4: Move objects
[213.345s][info][gc,phases      ] GC(186) Phase 4: Move objects 310.887ms
[213.345s][info][gc,heap        ] GC(186) DefNew: 1258302K(1258304K)->514715K(1258304K) Eden: 1118528K(1118528K)->514715K(1118528K) From: 139774K(139776K)->0K(139776K)
[213.345s][info][gc,heap        ] GC(186) Tenured: 2796221K(2796224K)->2796221K(2796224K)
[213.345s][info][gc,metaspace   ] GC(186) Metaspace: 10563K(10816K)->10563K(10816K) NonClass: 9529K(9664K)->9529K(9664K) Class: 1034K(1152K)->1034K(1152K)
[213.346s][info][gc             ] GC(186) Pause Full (Allocation Failure) 3959M->3233M(3959M) 800.157ms
[213.346s][info][gc,cpu         ] GC(186) User=0.80s Sys=0.00s Real=0.80s
[213.768s][info][gc,start       ] GC(187) Pause Full (Allocation Failure)
[213.768s][info][gc,phases,start] GC(187) Phase 1: Mark live objects
[213.951s][info][gc,phases      ] GC(187) Phase 1: Mark live objects 183.794ms
[213.951s][info][gc,phases,start] GC(187) Phase 2: Compute new object addresses
[214.102s][info][gc,phases      ] GC(187) Phase 2: Compute new object addresses 150.250ms
[214.102s][info][gc,phases,start] GC(187) Phase 3: Adjust pointers
[214.265s][info][gc,phases      ] GC(187) Phase 3: Adjust pointers 163.047ms
[214.265s][info][gc,phases,start] GC(187) Phase 4: Move objects
[214.533s][info][gc,phases      ] GC(187) Phase 4: Move objects 268.265ms
[214.534s][info][gc,heap        ] GC(187) DefNew: 1258303K(1258304K)->654526K(1258304K) Eden: 1118528K(1118528K)->654526K(1118528K) From: 139775K(139776K)->0K(139776K)
[214.534s][info][gc,heap        ] GC(187) Tenured: 2796221K(2796224K)->2796221K(2796224K)
[214.534s][info][gc,metaspace   ] GC(187) Metaspace: 10563K(10816K)->10563K(10816K) NonClass: 9529K(9664K)->9529K(9664K) Class: 1034K(1152K)->1034K(1152K)
[214.534s][info][gc             ] GC(187) Pause Full (Allocation Failure) 3959M->3369M(3959M) 766.076ms
[214.534s][info][gc,cpu         ] GC(187) User=0.77s Sys=0.00s Real=0.77s
[214.886s][info][gc,start       ] GC(188) Pause Full (Allocation Failure)
[214.886s][info][gc,phases,start] GC(188) Phase 1: Mark live objects
[215.069s][info][gc,phases      ] GC(188) Phase 1: Mark live objects 182.371ms
[215.069s][info][gc,phases,start] GC(188) Phase 2: Compute new object addresses
[215.211s][info][gc,phases      ] GC(188) Phase 2: Compute new object addresses 142.514ms
[215.211s][info][gc,phases,start] GC(188) Phase 3: Adjust pointers
[215.364s][info][gc,phases      ] GC(188) Phase 3: Adjust pointers 152.759ms
[215.364s][info][gc,phases,start] GC(188) Phase 4: Move objects
[215.653s][info][gc,phases      ] GC(188) Phase 4: Move objects 289.014ms
[215.654s][info][gc,heap        ] GC(188) DefNew: 1258303K(1258304K)->654526K(1258304K) Eden: 1118528K(1118528K)->654526K(1118528K) From: 139775K(139776K)->0K(139776K)
[215.654s][info][gc,heap        ] GC(188) Tenured: 2796221K(2796224K)->2796221K(2796224K)
[215.654s][info][gc,metaspace   ] GC(188) Metaspace: 10563K(10816K)->10563K(10816K) NonClass: 9529K(9664K)->9529K(9664K) Class: 1034K(1152K)->1034K(1152K)
[215.654s][info][gc             ] GC(188) Pause Full (Allocation Failure) 3959M->3369M(3959M) 767.346ms
[215.654s][info][gc,cpu         ] GC(188) User=0.77s Sys=0.00s Real=0.77s
[216.018s][info][gc,start       ] GC(189) Pause Full (Allocation Failure)
[216.018s][info][gc,phases,start] GC(189) Phase 1: Mark live objects
[216.203s][info][gc,phases      ] GC(189) Phase 1: Mark live objects 184.940ms
[216.203s][info][gc,phases,start] GC(189) Phase 2: Compute new object addresses
[216.343s][info][gc,phases      ] GC(189) Phase 2: Compute new object addresses 139.855ms
[216.343s][info][gc,phases,start] GC(189) Phase 3: Adjust pointers
[216.492s][info][gc,phases      ] GC(189) Phase 3: Adjust pointers 148.884ms
[216.492s][info][gc,phases,start] GC(189) Phase 4: Move objects
[216.788s][info][gc,phases      ] GC(189) Phase 4: Move objects 295.861ms
[216.788s][info][gc,heap        ] GC(189) DefNew: 1258300K(1258304K)->654526K(1258304K) Eden: 1118528K(1118528K)->654526K(1118528K) From: 139772K(139776K)->0K(139776K)
[216.788s][info][gc,heap        ] GC(189) Tenured: 2796221K(2796224K)->2796221K(2796224K)
[216.788s][info][gc,metaspace   ] GC(189) Metaspace: 10563K(10816K)->10563K(10816K) NonClass: 9529K(9664K)->9529K(9664K) Class: 1034K(1152K)->1034K(1152K)
[216.788s][info][gc             ] GC(189) Pause Full (Allocation Failure) 3959M->3369M(3959M) 770.229ms
[216.788s][info][gc,cpu         ] GC(189) User=0.77s Sys=0.00s Real=0.77s
[217.149s][info][gc,start       ] GC(190) Pause Full (Allocation Failure)
[217.149s][info][gc,phases,start] GC(190) Phase 1: Mark live objects
[217.326s][info][gc,phases      ] GC(190) Phase 1: Mark live objects 176.520ms
[217.326s][info][gc,phases,start] GC(190) Phase 2: Compute new object addresses
[217.466s][info][gc,phases      ] GC(190) Phase 2: Compute new object addresses 139.621ms
[217.466s][info][gc,phases,start] GC(190) Phase 3: Adjust pointers
[217.625s][info][gc,phases      ] GC(190) Phase 3: Adjust pointers 159.065ms
[217.625s][info][gc,phases,start] GC(190) Phase 4: Move objects
[217.934s][info][gc,phases      ] GC(190) Phase 4: Move objects 308.764ms
[217.934s][info][gc,heap        ] GC(190) DefNew: 1258300K(1258304K)->514715K(1258304K) Eden: 1118528K(1118528K)->514715K(1118528K) From: 139772K(139776K)->0K(139776K)
[217.934s][info][gc,heap        ] GC(190) Tenured: 2796221K(2796224K)->2796221K(2796224K)
[217.934s][info][gc,metaspace   ] GC(190) Metaspace: 10563K(10816K)->10563K(10816K) NonClass: 9529K(9664K)->9529K(9664K) Class: 1034K(1152K)->1034K(1152K)
[217.934s][info][gc             ] GC(190) Pause Full (Allocation Failure) 3959M->3233M(3959M) 784.669ms
[217.934s][info][gc,cpu         ] GC(190) User=0.79s Sys=0.00s Real=0.79s
[218.349s][info][gc,start       ] GC(191) Pause Full (Allocation Failure)
[218.349s][info][gc,phases,start] GC(191) Phase 1: Mark live objects
[218.533s][info][gc,phases      ] GC(191) Phase 1: Mark live objects 184.302ms
[218.534s][info][gc,phases,start] GC(191) Phase 2: Compute new object addresses
[218.677s][info][gc,phases      ] GC(191) Phase 2: Compute new object addresses 143.870ms
[218.677s][info][gc,phases,start] GC(191) Phase 3: Adjust pointers
[218.830s][info][gc,phases      ] GC(191) Phase 3: Adjust pointers 152.480ms
[218.830s][info][gc,phases,start] GC(191) Phase 4: Move objects
[219.097s][info][gc,phases      ] GC(191) Phase 4: Move objects 266.876ms
[219.097s][info][gc,heap        ] GC(191) DefNew: 1258302K(1258304K)->654522K(1258304K) Eden: 1118528K(1118528K)->654522K(1118528K) From: 139774K(139776K)->0K(139776K)
[219.097s][info][gc,heap        ] GC(191) Tenured: 2796221K(2796224K)->2796221K(2796224K)
[219.097s][info][gc,metaspace   ] GC(191) Metaspace: 10563K(10816K)->10563K(10816K) NonClass: 9529K(9664K)->9529K(9664K) Class: 1034K(1152K)->1034K(1152K)
[219.097s][info][gc             ] GC(191) Pause Full (Allocation Failure) 3959M->3369M(3959M) 748.273ms
[219.097s][info][gc,cpu         ] GC(191) User=0.74s Sys=0.00s Real=0.75s
[219.457s][info][gc,start       ] GC(192) Pause Full (Allocation Failure)
[219.457s][info][gc,phases,start] GC(192) Phase 1: Mark live objects
[219.641s][info][gc,phases      ] GC(192) Phase 1: Mark live objects 183.833ms
[219.641s][info][gc,phases,start] GC(192) Phase 2: Compute new object addresses
[219.773s][info][gc,phases      ] GC(192) Phase 2: Compute new object addresses 131.468ms
[219.773s][info][gc,phases,start] GC(192) Phase 3: Adjust pointers
[219.934s][info][gc,phases      ] GC(192) Phase 3: Adjust pointers 161.518ms
[219.934s][info][gc,phases,start] GC(192) Phase 4: Move objects
[220.222s][info][gc,phases      ] GC(192) Phase 4: Move objects 288.113ms
[220.223s][info][gc,heap        ] GC(192) DefNew: 1258302K(1258304K)->654522K(1258304K) Eden: 1118528K(1118528K)->654522K(1118528K) From: 139774K(139776K)->0K(139776K)
[220.223s][info][gc,heap        ] GC(192) Tenured: 2796221K(2796224K)->2796221K(2796224K)
[220.223s][info][gc,metaspace   ] GC(192) Metaspace: 10563K(10816K)->10563K(10816K) NonClass: 9529K(9664K)->9529K(9664K) Class: 1034K(1152K)->1034K(1152K)
[220.223s][info][gc             ] GC(192) Pause Full (Allocation Failure) 3959M->3369M(3959M) 765.630ms
[220.223s][info][gc,cpu         ] GC(192) User=0.77s Sys=0.00s Real=0.76s
[220.584s][info][gc,start       ] GC(193) Pause Full (Allocation Failure)
[220.585s][info][gc,phases,start] GC(193) Phase 1: Mark live objects
[220.768s][info][gc,phases      ] GC(193) Phase 1: Mark live objects 183.767ms
[220.768s][info][gc,phases,start] GC(193) Phase 2: Compute new object addresses
[220.913s][info][gc,phases      ] GC(193) Phase 2: Compute new object addresses 144.558ms
[220.913s][info][gc,phases,start] GC(193) Phase 3: Adjust pointers
[221.074s][info][gc,phases      ] GC(193) Phase 3: Adjust pointers 160.887ms
[221.074s][info][gc,phases,start] GC(193) Phase 4: Move objects
[221.368s][info][gc,phases      ] GC(193) Phase 4: Move objects 294.253ms
[221.369s][info][gc,heap        ] GC(193) DefNew: 1258300K(1258304K)->654526K(1258304K) Eden: 1118528K(1118528K)->654526K(1118528K) From: 139772K(139776K)->0K(139776K)
[221.369s][info][gc,heap        ] GC(193) Tenured: 2796221K(2796224K)->2796221K(2796224K)
[221.369s][info][gc,metaspace   ] GC(193) Metaspace: 10563K(10816K)->10563K(10816K) NonClass: 9529K(9664K)->9529K(9664K) Class: 1034K(1152K)->1034K(1152K)
[221.369s][info][gc             ] GC(193) Pause Full (Allocation Failure) 3959M->3369M(3959M) 784.202ms
[221.369s][info][gc,cpu         ] GC(193) User=0.79s Sys=0.00s Real=0.79s
[221.729s][info][gc,start       ] GC(194) Pause Full (Allocation Failure)
[221.729s][info][gc,phases,start] GC(194) Phase 1: Mark live objects
[221.913s][info][gc,phases      ] GC(194) Phase 1: Mark live objects 183.408ms
[221.913s][info][gc,phases,start] GC(194) Phase 2: Compute new object addresses
[222.057s][info][gc,phases      ] GC(194) Phase 2: Compute new object addresses 144.279ms
[222.057s][info][gc,phases,start] GC(194) Phase 3: Adjust pointers
[222.216s][info][gc,phases      ] GC(194) Phase 3: Adjust pointers 158.861ms
[222.216s][info][gc,phases,start] GC(194) Phase 4: Move objects
[222.526s][info][gc,phases      ] GC(194) Phase 4: Move objects 309.526ms
[222.526s][info][gc,heap        ] GC(194) DefNew: 1258300K(1258304K)->514715K(1258304K) Eden: 1118528K(1118528K)->514715K(1118528K) From: 139772K(139776K)->0K(139776K)
[222.526s][info][gc,heap        ] GC(194) Tenured: 2796221K(2796224K)->2796221K(2796224K)
[222.526s][info][gc,metaspace   ] GC(194) Metaspace: 10563K(10816K)->10563K(10816K) NonClass: 9529K(9664K)->9529K(9664K) Class: 1034K(1152K)->1034K(1152K)
[222.526s][info][gc             ] GC(194) Pause Full (Allocation Failure) 3959M->3233M(3959M) 796.763ms
[222.526s][info][gc,cpu         ] GC(194) User=0.79s Sys=0.00s Real=0.80s
[222.937s][info][gc,start       ] GC(195) Pause Full (Allocation Failure)
[222.938s][info][gc,phases,start] GC(195) Phase 1: Mark live objects
[223.122s][info][gc,phases      ] GC(195) Phase 1: Mark live objects 184.164ms
[223.122s][info][gc,phases,start] GC(195) Phase 2: Compute new object addresses
[223.272s][info][gc,phases      ] GC(195) Phase 2: Compute new object addresses 150.262ms
[223.272s][info][gc,phases,start] GC(195) Phase 3: Adjust pointers
[223.435s][info][gc,phases      ] GC(195) Phase 3: Adjust pointers 162.447ms
[223.435s][info][gc,phases,start] GC(195) Phase 4: Move objects
[223.702s][info][gc,phases      ] GC(195) Phase 4: Move objects 266.985ms
[223.702s][info][gc,heap        ] GC(195) DefNew: 1258302K(1258304K)->654526K(1258304K) Eden: 1118528K(1118528K)->654526K(1118528K) From: 139774K(139776K)->0K(139776K)
[223.702s][info][gc,heap        ] GC(195) Tenured: 2796221K(2796224K)->2796221K(2796224K)
[223.702s][info][gc,metaspace   ] GC(195) Metaspace: 10563K(10816K)->10563K(10816K) NonClass: 9529K(9664K)->9529K(9664K) Class: 1034K(1152K)->1034K(1152K)
[223.702s][info][gc             ] GC(195) Pause Full (Allocation Failure) 3959M->3369M(3959M) 764.582ms
[223.702s][info][gc,cpu         ] GC(195) User=0.76s Sys=0.00s Real=0.76s
[224.059s][info][gc,start       ] GC(196) Pause Full (Allocation Failure)
[224.059s][info][gc,phases,start] GC(196) Phase 1: Mark live objects
[224.243s][info][gc,phases      ] GC(196) Phase 1: Mark live objects 183.962ms
[224.243s][info][gc,phases,start] GC(196) Phase 2: Compute new object addresses
[224.386s][info][gc,phases      ] GC(196) Phase 2: Compute new object addresses 142.663ms
[224.386s][info][gc,phases,start] GC(196) Phase 3: Adjust pointers
[224.547s][info][gc,phases      ] GC(196) Phase 3: Adjust pointers 161.209ms
[224.547s][info][gc,phases,start] GC(196) Phase 4: Move objects
[224.834s][info][gc,phases      ] GC(196) Phase 4: Move objects 287.155ms
[224.835s][info][gc,heap        ] GC(196) DefNew: 1258301K(1258304K)->654518K(1258304K) Eden: 1118528K(1118528K)->654518K(1118528K) From: 139773K(139776K)->0K(139776K)
[224.835s][info][gc,heap        ] GC(196) Tenured: 2796221K(2796224K)->2796221K(2796224K)
[224.835s][info][gc,metaspace   ] GC(196) Metaspace: 10563K(10816K)->10563K(10816K) NonClass: 9529K(9664K)->9529K(9664K) Class: 1034K(1152K)->1034K(1152K)
[224.835s][info][gc             ] GC(196) Pause Full (Allocation Failure) 3959M->3369M(3959M) 775.696ms
[224.835s][info][gc,cpu         ] GC(196) User=0.77s Sys=0.00s Real=0.78s
[225.192s][info][gc,start       ] GC(197) Pause Full (Allocation Failure)
[225.192s][info][gc,phases,start] GC(197) Phase 1: Mark live objects
[225.376s][info][gc,phases      ] GC(197) Phase 1: Mark live objects 183.914ms
[225.376s][info][gc,phases,start] GC(197) Phase 2: Compute new object addresses
[225.507s][info][gc,phases      ] GC(197) Phase 2: Compute new object addresses 130.420ms
[225.507s][info][gc,phases,start] GC(197) Phase 3: Adjust pointers
[225.663s][info][gc,phases      ] GC(197) Phase 3: Adjust pointers 156.778ms
[225.663s][info][gc,phases,start] GC(197) Phase 4: Move objects
[225.960s][info][gc,phases      ] GC(197) Phase 4: Move objects 296.564ms
[225.960s][info][gc,heap        ] GC(197) DefNew: 1258303K(1258304K)->654505K(1258304K) Eden: 1118528K(1118528K)->654505K(1118528K) From: 139775K(139776K)->0K(139776K)
[225.960s][info][gc,heap        ] GC(197) Tenured: 2796221K(2796224K)->2796221K(2796224K)
[225.960s][info][gc,metaspace   ] GC(197) Metaspace: 10563K(10816K)->10563K(10816K) NonClass: 9529K(9664K)->9529K(9664K) Class: 1034K(1152K)->1034K(1152K)
[225.960s][info][gc             ] GC(197) Pause Full (Allocation Failure) 3959M->3369M(3959M) 768.408ms
[225.960s][info][gc,cpu         ] GC(197) User=0.77s Sys=0.00s Real=0.77s
[226.320s][info][gc,start       ] GC(198) Pause Full (Allocation Failure)
[226.320s][info][gc,phases,start] GC(198) Phase 1: Mark live objects
[226.503s][info][gc,phases      ] GC(198) Phase 1: Mark live objects 183.488ms
[226.503s][info][gc,phases,start] GC(198) Phase 2: Compute new object addresses
[226.640s][info][gc,phases      ] GC(198) Phase 2: Compute new object addresses 136.850ms
[226.640s][info][gc,phases,start] GC(198) Phase 3: Adjust pointers
[226.798s][info][gc,phases      ] GC(198) Phase 3: Adjust pointers 157.232ms
[226.798s][info][gc,phases,start] GC(198) Phase 4: Move objects
[227.107s][info][gc,phases      ] GC(198) Phase 4: Move objects 309.570ms
[227.108s][info][gc,heap        ] GC(198) DefNew: 1258300K(1258304K)->514715K(1258304K) Eden: 1118528K(1118528K)->514715K(1118528K) From: 139772K(139776K)->0K(139776K)
[227.108s][info][gc,heap        ] GC(198) Tenured: 2796221K(2796224K)->2796221K(2796224K)
[227.108s][info][gc,metaspace   ] GC(198) Metaspace: 10563K(10816K)->10563K(10816K) NonClass: 9529K(9664K)->9529K(9664K) Class: 1034K(1152K)->1034K(1152K)
[227.108s][info][gc             ] GC(198) Pause Full (Allocation Failure) 3959M->3233M(3959M) 787.844ms
[227.108s][info][gc,cpu         ] GC(198) User=0.79s Sys=0.00s Real=0.79s
[227.518s][info][gc,start       ] GC(199) Pause Full (Allocation Failure)
[227.518s][info][gc,phases,start] GC(199) Phase 1: Mark live objects
[227.703s][info][gc,phases      ] GC(199) Phase 1: Mark live objects 184.863ms
[227.703s][info][gc,phases,start] GC(199) Phase 2: Compute new object addresses
[227.848s][info][gc,phases      ] GC(199) Phase 2: Compute new object addresses 145.300ms
[227.848s][info][gc,phases,start] GC(199) Phase 3: Adjust pointers
[228.008s][info][gc,phases      ] GC(199) Phase 3: Adjust pointers 159.640ms
[228.008s][info][gc,phases,start] GC(199) Phase 4: Move objects
[228.276s][info][gc,phases      ] GC(199) Phase 4: Move objects 268.302ms
[228.277s][info][gc,heap        ] GC(199) DefNew: 1258303K(1258304K)->654518K(1258304K) Eden: 1118528K(1118528K)->654518K(1118528K) From: 139775K(139776K)->0K(139776K)
[228.277s][info][gc,heap        ] GC(199) Tenured: 2796221K(2796224K)->2796221K(2796224K)
[228.277s][info][gc,metaspace   ] GC(199) Metaspace: 10563K(10816K)->10563K(10816K) NonClass: 9529K(9664K)->9529K(9664K) Class: 1034K(1152K)->1034K(1152K)
[228.277s][info][gc             ] GC(199) Pause Full (Allocation Failure) 3959M->3369M(3959M) 758.823ms
[228.277s][info][gc,cpu         ] GC(199) User=0.76s Sys=0.00s Real=0.76s
[228.634s][info][gc,start       ] GC(200) Pause Full (Allocation Failure)
[228.634s][info][gc,phases,start] GC(200) Phase 1: Mark live objects
[228.818s][info][gc,phases      ] GC(200) Phase 1: Mark live objects 183.853ms
[228.818s][info][gc,phases,start] GC(200) Phase 2: Compute new object addresses
[228.962s][info][gc,phases      ] GC(200) Phase 2: Compute new object addresses 144.703ms
[228.962s][info][gc,phases,start] GC(200) Phase 3: Adjust pointers
[229.116s][info][gc,phases      ] GC(200) Phase 3: Adjust pointers 153.413ms
[229.116s][info][gc,phases,start] GC(200) Phase 4: Move objects
[229.403s][info][gc,phases      ] GC(200) Phase 4: Move objects 286.963ms
[229.403s][info][gc,heap        ] GC(200) DefNew: 1258300K(1258304K)->654526K(1258304K) Eden: 1118528K(1118528K)->654526K(1118528K) From: 139772K(139776K)->0K(139776K)
[229.403s][info][gc,heap        ] GC(200) Tenured: 2796221K(2796224K)->2796221K(2796224K)
[229.403s][info][gc,metaspace   ] GC(200) Metaspace: 10563K(10816K)->10563K(10816K) NonClass: 9529K(9664K)->9529K(9664K) Class: 1034K(1152K)->1034K(1152K)
[229.403s][info][gc             ] GC(200) Pause Full (Allocation Failure) 3959M->3369M(3959M) 769.662ms
[229.403s][info][gc,cpu         ] GC(200) User=0.77s Sys=0.00s Real=0.76s
[229.762s][info][gc,start       ] GC(201) Pause Full (Allocation Failure)
[229.762s][info][gc,phases,start] GC(201) Phase 1: Mark live objects
[229.946s][info][gc,phases      ] GC(201) Phase 1: Mark live objects 183.687ms
[229.946s][info][gc,phases,start] GC(201) Phase 2: Compute new object addresses
[230.084s][info][gc,phases      ] GC(201) Phase 2: Compute new object addresses 137.875ms
[230.084s][info][gc,phases,start] GC(201) Phase 3: Adjust pointers
[230.241s][info][gc,phases      ] GC(201) Phase 3: Adjust pointers 156.816ms
[230.241s][info][gc,phases,start] GC(201) Phase 4: Move objects
[230.537s][info][gc,phases      ] GC(201) Phase 4: Move objects 296.358ms
[230.538s][info][gc,heap        ] GC(201) DefNew: 1258301K(1258304K)->654526K(1258304K) Eden: 1118528K(1118528K)->654526K(1118528K) From: 139773K(139776K)->0K(139776K)
[230.538s][info][gc,heap        ] GC(201) Tenured: 2796221K(2796224K)->2796221K(2796224K)
[230.538s][info][gc,metaspace   ] GC(201) Metaspace: 10563K(10816K)->10563K(10816K) NonClass: 9529K(9664K)->9529K(9664K) Class: 1034K(1152K)->1034K(1152K)
[230.538s][info][gc             ] GC(201) Pause Full (Allocation Failure) 3959M->3369M(3959M) 775.438ms
[230.538s][info][gc,cpu         ] GC(201) User=0.78s Sys=0.00s Real=0.78s
[230.895s][info][gc,start       ] GC(202) Pause Full (Allocation Failure)
[230.895s][info][gc,phases,start] GC(202) Phase 1: Mark live objects
[231.079s][info][gc,phases      ] GC(202) Phase 1: Mark live objects 183.730ms
[231.079s][info][gc,phases,start] GC(202) Phase 2: Compute new object addresses
[231.224s][info][gc,phases      ] GC(202) Phase 2: Compute new object addresses 144.765ms
[231.224s][info][gc,phases,start] GC(202) Phase 3: Adjust pointers
[231.382s][info][gc,phases      ] GC(202) Phase 3: Adjust pointers 157.786ms
[231.382s][info][gc,phases,start] GC(202) Phase 4: Move objects
[231.693s][info][gc,phases      ] GC(202) Phase 4: Move objects 311.591ms
[231.694s][info][gc,heap        ] GC(202) DefNew: 1258302K(1258304K)->514715K(1258304K) Eden: 1118528K(1118528K)->514715K(1118528K) From: 139774K(139776K)->0K(139776K)
[231.694s][info][gc,heap        ] GC(202) Tenured: 2796221K(2796224K)->2796221K(2796224K)
[231.694s][info][gc,metaspace   ] GC(202) Metaspace: 10563K(10816K)->10563K(10816K) NonClass: 9529K(9664K)->9529K(9664K) Class: 1034K(1152K)->1034K(1152K)
[231.694s][info][gc             ] GC(202) Pause Full (Allocation Failure) 3959M->3233M(3959M) 798.571ms
[231.694s][info][gc,cpu         ] GC(202) User=0.80s Sys=0.00s Real=0.80s
[232.111s][info][gc,start       ] GC(203) Pause Full (Allocation Failure)
[232.111s][info][gc,phases,start] GC(203) Phase 1: Mark live objects
[232.295s][info][gc,phases      ] GC(203) Phase 1: Mark live objects 183.985ms
[232.295s][info][gc,phases,start] GC(203) Phase 2: Compute new object addresses
[232.445s][info][gc,phases      ] GC(203) Phase 2: Compute new object addresses 150.607ms
[232.445s][info][gc,phases,start] GC(203) Phase 3: Adjust pointers
[232.610s][info][gc,phases      ] GC(203) Phase 3: Adjust pointers 164.617ms
[232.610s][info][gc,phases,start] GC(203) Phase 4: Move objects
[232.878s][info][gc,phases      ] GC(203) Phase 4: Move objects 267.773ms
[232.878s][info][gc,heap        ] GC(203) DefNew: 1258301K(1258304K)->654518K(1258304K) Eden: 1118528K(1118528K)->654518K(1118528K) From: 139773K(139776K)->0K(139776K)
[232.878s][info][gc,heap        ] GC(203) Tenured: 2796221K(2796224K)->2796221K(2796224K)
[232.878s][info][gc,metaspace   ] GC(203) Metaspace: 10563K(10816K)->10563K(10816K) NonClass: 9529K(9664K)->9529K(9664K) Class: 1034K(1152K)->1034K(1152K)
[232.878s][info][gc             ] GC(203) Pause Full (Allocation Failure) 3959M->3369M(3959M) 767.685ms
[232.878s][info][gc,cpu         ] GC(203) User=0.77s Sys=0.00s Real=0.77s
[233.237s][info][gc,start       ] GC(204) Pause Full (Allocation Failure)
[233.237s][info][gc,phases,start] GC(204) Phase 1: Mark live objects
[233.421s][info][gc,phases      ] GC(204) Phase 1: Mark live objects 184.659ms
[233.421s][info][gc,phases,start] GC(204) Phase 2: Compute new object addresses
[233.566s][info][gc,phases      ] GC(204) Phase 2: Compute new object addresses 144.734ms
[233.566s][info][gc,phases,start] GC(204) Phase 3: Adjust pointers
[233.725s][info][gc,phases      ] GC(204) Phase 3: Adjust pointers 158.492ms
[233.725s][info][gc,phases,start] GC(204) Phase 4: Move objects
[234.012s][info][gc,phases      ] GC(204) Phase 4: Move objects 287.099ms
[234.012s][info][gc,heap        ] GC(204) DefNew: 1258301K(1258304K)->654522K(1258304K) Eden: 1118528K(1118528K)->654522K(1118528K) From: 139773K(139776K)->0K(139776K)
[234.012s][info][gc,heap        ] GC(204) Tenured: 2796221K(2796224K)->2796221K(2796224K)
[234.012s][info][gc,metaspace   ] GC(204) Metaspace: 10563K(10816K)->10563K(10816K) NonClass: 9529K(9664K)->9529K(9664K) Class: 1034K(1152K)->1034K(1152K)
[234.012s][info][gc             ] GC(204) Pause Full (Allocation Failure) 3959M->3369M(3959M) 775.729ms
[234.012s][info][gc,cpu         ] GC(204) User=0.78s Sys=0.00s Real=0.77s
[234.372s][info][gc,start       ] GC(205) Pause Full (Allocation Failure)
[234.372s][info][gc,phases,start] GC(205) Phase 1: Mark live objects
[234.556s][info][gc,phases      ] GC(205) Phase 1: Mark live objects 184.000ms
[234.556s][info][gc,phases,start] GC(205) Phase 2: Compute new object addresses
[234.701s][info][gc,phases      ] GC(205) Phase 2: Compute new object addresses 144.522ms
[234.701s][info][gc,phases,start] GC(205) Phase 3: Adjust pointers
[234.861s][info][gc,phases      ] GC(205) Phase 3: Adjust pointers 159.738ms
[234.861s][info][gc,phases,start] GC(205) Phase 4: Move objects
[235.157s][info][gc,phases      ] GC(205) Phase 4: Move objects 296.324ms
[235.158s][info][gc,heap        ] GC(205) DefNew: 1258303K(1258304K)->654526K(1258304K) Eden: 1118528K(1118528K)->654526K(1118528K) From: 139775K(139776K)->0K(139776K)
[235.158s][info][gc,heap        ] GC(205) Tenured: 2796221K(2796224K)->2796221K(2796224K)
[235.158s][info][gc,metaspace   ] GC(205) Metaspace: 10563K(10816K)->10563K(10816K) NonClass: 9529K(9664K)->9529K(9664K) Class: 1034K(1152K)->1034K(1152K)
[235.158s][info][gc             ] GC(205) Pause Full (Allocation Failure) 3959M->3369M(3959M) 785.290ms
[235.158s][info][gc,cpu         ] GC(205) User=0.78s Sys=0.00s Real=0.79s
[235.517s][info][gc,start       ] GC(206) Pause Full (Allocation Failure)
[235.517s][info][gc,phases,start] GC(206) Phase 1: Mark live objects
[235.701s][info][gc,phases      ] GC(206) Phase 1: Mark live objects 183.609ms
[235.701s][info][gc,phases,start] GC(206) Phase 2: Compute new object addresses
[235.845s][info][gc,phases      ] GC(206) Phase 2: Compute new object addresses 144.608ms
[235.845s][info][gc,phases,start] GC(206) Phase 3: Adjust pointers
[236.003s][info][gc,phases      ] GC(206) Phase 3: Adjust pointers 157.653ms
[236.003s][info][gc,phases,start] GC(206) Phase 4: Move objects
[236.312s][info][gc,phases      ] GC(206) Phase 4: Move objects 309.518ms
[236.313s][info][gc,heap        ] GC(206) DefNew: 1258300K(1258304K)->514715K(1258304K) Eden: 1118528K(1118528K)->514715K(1118528K) From: 139772K(139776K)->0K(139776K)
[236.313s][info][gc,heap        ] GC(206) Tenured: 2796221K(2796224K)->2796221K(2796224K)
[236.313s][info][gc,metaspace   ] GC(206) Metaspace: 10563K(10816K)->10563K(10816K) NonClass: 9529K(9664K)->9529K(9664K) Class: 1034K(1152K)->1034K(1152K)
[236.313s][info][gc             ] GC(206) Pause Full (Allocation Failure) 3959M->3233M(3959M) 796.123ms
[236.313s][info][gc,cpu         ] GC(206) User=0.79s Sys=0.01s Real=0.80s
[236.725s][info][gc,start       ] GC(207) Pause Full (Allocation Failure)
[236.725s][info][gc,phases,start] GC(207) Phase 1: Mark live objects
[236.909s][info][gc,phases      ] GC(207) Phase 1: Mark live objects 183.863ms
[236.909s][info][gc,phases,start] GC(207) Phase 2: Compute new object addresses
[237.041s][info][gc,phases      ] GC(207) Phase 2: Compute new object addresses 132.026ms
[237.041s][info][gc,phases,start] GC(207) Phase 3: Adjust pointers
[237.189s][info][gc,phases      ] GC(207) Phase 3: Adjust pointers 147.829ms
[237.189s][info][gc,phases,start] GC(207) Phase 4: Move objects
[237.456s][info][gc,phases      ] GC(207) Phase 4: Move objects 267.524ms
[237.457s][info][gc,heap        ] GC(207) DefNew: 1258301K(1258304K)->654526K(1258304K) Eden: 1118528K(1118528K)->654526K(1118528K) From: 139773K(139776K)->0K(139776K)
[237.457s][info][gc,heap        ] GC(207) Tenured: 2796221K(2796224K)->2796221K(2796224K)
[237.457s][info][gc,metaspace   ] GC(207) Metaspace: 10563K(10816K)->10563K(10816K) NonClass: 9529K(9664K)->9529K(9664K) Class: 1034K(1152K)->1034K(1152K)
[237.457s][info][gc             ] GC(207) Pause Full (Allocation Failure) 3959M->3369M(3959M) 731.993ms
[237.457s][info][gc,cpu         ] GC(207) User=0.73s Sys=0.00s Real=0.73s
[237.815s][info][gc,start       ] GC(208) Pause Full (Allocation Failure)
[237.815s][info][gc,phases,start] GC(208) Phase 1: Mark live objects
[237.998s][info][gc,phases      ] GC(208) Phase 1: Mark live objects 183.338ms
[237.998s][info][gc,phases,start] GC(208) Phase 2: Compute new object addresses
[238.130s][info][gc,phases      ] GC(208) Phase 2: Compute new object addresses 131.606ms
[238.130s][info][gc,phases,start] GC(208) Phase 3: Adjust pointers
[238.291s][info][gc,phases      ] GC(208) Phase 3: Adjust pointers 160.534ms
[238.291s][info][gc,phases,start] GC(208) Phase 4: Move objects
[238.579s][info][gc,phases      ] GC(208) Phase 4: Move objects 288.324ms
[238.579s][info][gc,heap        ] GC(208) DefNew: 1258303K(1258304K)->654526K(1258304K) Eden: 1118528K(1118528K)->654526K(1118528K) From: 139775K(139776K)->0K(139776K)
[238.579s][info][gc,heap        ] GC(208) Tenured: 2796221K(2796224K)->2796221K(2796224K)
[238.579s][info][gc,metaspace   ] GC(208) Metaspace: 10563K(10816K)->10563K(10816K) NonClass: 9529K(9664K)->9529K(9664K) Class: 1034K(1152K)->1034K(1152K)
[238.579s][info][gc             ] GC(208) Pause Full (Allocation Failure) 3959M->3369M(3959M) 764.508ms
[238.579s][info][gc,cpu         ] GC(208) User=0.76s Sys=0.00s Real=0.76s
[238.937s][info][gc,start       ] GC(209) Pause Full (Allocation Failure)
[238.937s][info][gc,phases,start] GC(209) Phase 1: Mark live objects
[239.122s][info][gc,phases      ] GC(209) Phase 1: Mark live objects 184.281ms
[239.122s][info][gc,phases,start] GC(209) Phase 2: Compute new object addresses
[239.266s][info][gc,phases      ] GC(209) Phase 2: Compute new object addresses 144.177ms
[239.266s][info][gc,phases,start] GC(209) Phase 3: Adjust pointers
[239.426s][info][gc,phases      ] GC(209) Phase 3: Adjust pointers 160.480ms
[239.426s][info][gc,phases,start] GC(209) Phase 4: Move objects
[239.722s][info][gc,phases      ] GC(209) Phase 4: Move objects 295.600ms
[239.722s][info][gc,heap        ] GC(209) DefNew: 1258303K(1258304K)->654526K(1258304K) Eden: 1118528K(1118528K)->654526K(1118528K) From: 139775K(139776K)->0K(139776K)
[239.722s][info][gc,heap        ] GC(209) Tenured: 2796221K(2796224K)->2796221K(2796224K)
[239.722s][info][gc,metaspace   ] GC(209) Metaspace: 10563K(10816K)->10563K(10816K) NonClass: 9529K(9664K)->9529K(9664K) Class: 1034K(1152K)->1034K(1152K)
[239.722s][info][gc             ] GC(209) Pause Full (Allocation Failure) 3959M->3369M(3959M) 785.267ms
[239.722s][info][gc,cpu         ] GC(209) User=0.78s Sys=0.01s Real=0.78s
[240.085s][info][gc,start       ] GC(210) Pause Full (Allocation Failure)
[240.085s][info][gc,phases,start] GC(210) Phase 1: Mark live objects
[240.270s][info][gc,phases      ] GC(210) Phase 1: Mark live objects 184.255ms
[240.270s][info][gc,phases,start] GC(210) Phase 2: Compute new object addresses
[240.412s][info][gc,phases      ] GC(210) Phase 2: Compute new object addresses 142.713ms
[240.412s][info][gc,phases,start] GC(210) Phase 3: Adjust pointers
[240.561s][info][gc,phases      ] GC(210) Phase 3: Adjust pointers 148.378ms
[240.561s][info][gc,phases,start] GC(210) Phase 4: Move objects
[240.870s][info][gc,phases      ] GC(210) Phase 4: Move objects 309.268ms
[240.871s][info][gc,heap        ] GC(210) DefNew: 1258302K(1258304K)->514715K(1258304K) Eden: 1118528K(1118528K)->514715K(1118528K) From: 139774K(139776K)->0K(139776K)
[240.871s][info][gc,heap        ] GC(210) Tenured: 2796221K(2796224K)->2796221K(2796224K)
[240.871s][info][gc,metaspace   ] GC(210) Metaspace: 10563K(10816K)->10563K(10816K) NonClass: 9529K(9664K)->9529K(9664K) Class: 1034K(1152K)->1034K(1152K)
[240.871s][info][gc             ] GC(210) Pause Full (Allocation Failure) 3959M->3233M(3959M) 785.340ms
[240.871s][info][gc,cpu         ] GC(210) User=0.78s Sys=0.00s Real=0.78s
[241.283s][info][gc,start       ] GC(211) Pause Full (Allocation Failure)
[241.283s][info][gc,phases,start] GC(211) Phase 1: Mark live objects
[241.467s][info][gc,phases      ] GC(211) Phase 1: Mark live objects 184.160ms
[241.467s][info][gc,phases,start] GC(211) Phase 2: Compute new object addresses
[241.618s][info][gc,phases      ] GC(211) Phase 2: Compute new object addresses 150.696ms
[241.618s][info][gc,phases,start] GC(211) Phase 3: Adjust pointers
[241.781s][info][gc,phases      ] GC(211) Phase 3: Adjust pointers 163.147ms
[241.781s][info][gc,phases,start] GC(211) Phase 4: Move objects
[242.049s][info][gc,phases      ] GC(211) Phase 4: Move objects 267.798ms
[242.049s][info][gc,heap        ] GC(211) DefNew: 1258303K(1258304K)->654523K(1258304K) Eden: 1118528K(1118528K)->654523K(1118528K) From: 139775K(139776K)->0K(139776K)
[242.049s][info][gc,heap        ] GC(211) Tenured: 2796221K(2796224K)->2796221K(2796224K)
[242.049s][info][gc,metaspace   ] GC(211) Metaspace: 10563K(10816K)->10563K(10816K) NonClass: 9529K(9664K)->9529K(9664K) Class: 1034K(1152K)->1034K(1152K)
[242.049s][info][gc             ] GC(211) Pause Full (Allocation Failure) 3959M->3369M(3959M) 766.497ms
[242.049s][info][gc,cpu         ] GC(211) User=0.77s Sys=0.00s Real=0.77s
[242.408s][info][gc,start       ] GC(212) Pause Full (Allocation Failure)
[242.408s][info][gc,phases,start] GC(212) Phase 1: Mark live objects
[242.592s][info][gc,phases      ] GC(212) Phase 1: Mark live objects 184.343ms
[242.592s][info][gc,phases,start] GC(212) Phase 2: Compute new object addresses
[242.737s][info][gc,phases      ] GC(212) Phase 2: Compute new object addresses 144.628ms
[242.737s][info][gc,phases,start] GC(212) Phase 3: Adjust pointers
[242.894s][info][gc,phases      ] GC(212) Phase 3: Adjust pointers 157.334ms
[242.894s][info][gc,phases,start] GC(212) Phase 4: Move objects
[243.182s][info][gc,phases      ] GC(212) Phase 4: Move objects 287.670ms
[243.182s][info][gc,heap        ] GC(212) DefNew: 1258301K(1258304K)->654523K(1258304K) Eden: 1118528K(1118528K)->654523K(1118528K) From: 139773K(139776K)->0K(139776K)
[243.182s][info][gc,heap        ] GC(212) Tenured: 2796221K(2796224K)->2796221K(2796224K)
[243.182s][info][gc,metaspace   ] GC(212) Metaspace: 10563K(10816K)->10563K(10816K) NonClass: 9529K(9664K)->9529K(9664K) Class: 1034K(1152K)->1034K(1152K)
[243.182s][info][gc             ] GC(212) Pause Full (Allocation Failure) 3959M->3369M(3959M) 774.678ms
[243.182s][info][gc,cpu         ] GC(212) User=0.77s Sys=0.00s Real=0.77s
[243.553s][info][gc,start       ] GC(213) Pause Full (Allocation Failure)
[243.553s][info][gc,phases,start] GC(213) Phase 1: Mark live objects
[243.737s][info][gc,phases      ] GC(213) Phase 1: Mark live objects 183.982ms
[243.737s][info][gc,phases,start] GC(213) Phase 2: Compute new object addresses
[243.881s][info][gc,phases      ] GC(213) Phase 2: Compute new object addresses 144.377ms
[243.881s][info][gc,phases,start] GC(213) Phase 3: Adjust pointers
[244.043s][info][gc,phases      ] GC(213) Phase 3: Adjust pointers 161.029ms
[244.043s][info][gc,phases,start] GC(213) Phase 4: Move objects
[244.337s][info][gc,phases      ] GC(213) Phase 4: Move objects 294.458ms
[244.337s][info][gc,heap        ] GC(213) DefNew: 1258301K(1258304K)->654522K(1258304K) Eden: 1118528K(1118528K)->654522K(1118528K) From: 139773K(139776K)->0K(139776K)
[244.337s][info][gc,heap        ] GC(213) Tenured: 2796221K(2796224K)->2796223K(2796224K)
[244.337s][info][gc,metaspace   ] GC(213) Metaspace: 10563K(10816K)->10563K(10816K) NonClass: 9529K(9664K)->9529K(9664K) Class: 1034K(1152K)->1034K(1152K)
[244.338s][info][gc             ] GC(213) Pause Full (Allocation Failure) 3959M->3369M(3959M) 784.600ms
[244.338s][info][gc,cpu         ] GC(213) User=0.79s Sys=0.00s Real=0.78s
[244.699s][info][gc,start       ] GC(214) Pause Full (Allocation Failure)
[244.699s][info][gc,phases,start] GC(214) Phase 1: Mark live objects
[244.883s][info][gc,phases      ] GC(214) Phase 1: Mark live objects 183.595ms
[244.883s][info][gc,phases,start] GC(214) Phase 2: Compute new object addresses
[245.012s][info][gc,phases      ] GC(214) Phase 2: Compute new object addresses 129.066ms
[245.012s][info][gc,phases,start] GC(214) Phase 3: Adjust pointers
[245.170s][info][gc,phases      ] GC(214) Phase 3: Adjust pointers 157.889ms
[245.170s][info][gc,phases,start] GC(214) Phase 4: Move objects
[245.480s][info][gc,phases      ] GC(214) Phase 4: Move objects 310.531ms
[245.481s][info][gc,heap        ] GC(214) DefNew: 1258302K(1258304K)->514715K(1258304K) Eden: 1118528K(1118528K)->514715K(1118528K) From: 139774K(139776K)->0K(139776K)
[245.481s][info][gc,heap        ] GC(214) Tenured: 2796223K(2796224K)->2796221K(2796224K)
[245.481s][info][gc,metaspace   ] GC(214) Metaspace: 10563K(10816K)->10563K(10816K) NonClass: 9529K(9664K)->9529K(9664K) Class: 1034K(1152K)->1034K(1152K)
[245.481s][info][gc             ] GC(214) Pause Full (Allocation Failure) 3959M->3233M(3959M) 781.816ms
[245.481s][info][gc,cpu         ] GC(214) User=0.78s Sys=0.00s Real=0.78s
[245.905s][info][gc,start       ] GC(215) Pause Full (Allocation Failure)
[245.905s][info][gc,phases,start] GC(215) Phase 1: Mark live objects
[246.090s][info][gc,phases      ] GC(215) Phase 1: Mark live objects 184.856ms
[246.090s][info][gc,phases,start] GC(215) Phase 2: Compute new object addresses
[246.234s][info][gc,phases      ] GC(215) Phase 2: Compute new object addresses 144.344ms
[246.234s][info][gc,phases,start] GC(215) Phase 3: Adjust pointers
[246.400s][info][gc,phases      ] GC(215) Phase 3: Adjust pointers 165.396ms
[246.400s][info][gc,phases,start] GC(215) Phase 4: Move objects
[246.667s][info][gc,phases      ] GC(215) Phase 4: Move objects 267.277ms
[246.668s][info][gc,heap        ] GC(215) DefNew: 1258302K(1258304K)->654526K(1258304K) Eden: 1118528K(1118528K)->654526K(1118528K) From: 139774K(139776K)->0K(139776K)
[246.668s][info][gc,heap        ] GC(215) Tenured: 2796221K(2796224K)->2796221K(2796224K)
[246.668s][info][gc,metaspace   ] GC(215) Metaspace: 10563K(10816K)->10563K(10816K) NonClass: 9529K(9664K)->9529K(9664K) Class: 1034K(1152K)->1034K(1152K)
[246.668s][info][gc             ] GC(215) Pause Full (Allocation Failure) 3959M->3369M(3959M) 762.575ms
[246.668s][info][gc,cpu         ] GC(215) User=0.77s Sys=0.00s Real=0.76s
[247.029s][info][gc,start       ] GC(216) Pause Full (Allocation Failure)
[247.029s][info][gc,phases,start] GC(216) Phase 1: Mark live objects
[247.214s][info][gc,phases      ] GC(216) Phase 1: Mark live objects 185.190ms
[247.214s][info][gc,phases,start] GC(216) Phase 2: Compute new object addresses
[247.342s][info][gc,phases      ] GC(216) Phase 2: Compute new object addresses 127.387ms
[247.342s][info][gc,phases,start] GC(216) Phase 3: Adjust pointers
[247.494s][info][gc,phases      ] GC(216) Phase 3: Adjust pointers 151.899ms
[247.494s][info][gc,phases,start] GC(216) Phase 4: Move objects
[247.783s][info][gc,phases      ] GC(216) Phase 4: Move objects 289.257ms
[247.783s][info][gc,heap        ] GC(216) DefNew: 1258303K(1258304K)->654526K(1258304K) Eden: 1118528K(1118528K)->654526K(1118528K) From: 139775K(139776K)->0K(139776K)
[247.783s][info][gc,heap        ] GC(216) Tenured: 2796221K(2796224K)->2796221K(2796224K)
[247.783s][info][gc,metaspace   ] GC(216) Metaspace: 10563K(10816K)->10563K(10816K) NonClass: 9529K(9664K)->9529K(9664K) Class: 1034K(1152K)->1034K(1152K)
[247.783s][info][gc             ] GC(216) Pause Full (Allocation Failure) 3959M->3369M(3959M) 754.433ms
[247.783s][info][gc,cpu         ] GC(216) User=0.75s Sys=0.00s Real=0.75s
[248.143s][info][gc,start       ] GC(217) Pause Full (Allocation Failure)
[248.143s][info][gc,phases,start] GC(217) Phase 1: Mark live objects
[248.327s][info][gc,phases      ] GC(217) Phase 1: Mark live objects 184.467ms
[248.328s][info][gc,phases,start] GC(217) Phase 2: Compute new object addresses
[248.473s][info][gc,phases      ] GC(217) Phase 2: Compute new object addresses 145.105ms
[248.473s][info][gc,phases,start] GC(217) Phase 3: Adjust pointers
[248.632s][info][gc,phases      ] GC(217) Phase 3: Adjust pointers 159.783ms
[248.633s][info][gc,phases,start] GC(217) Phase 4: Move objects
[248.929s][info][gc,phases      ] GC(217) Phase 4: Move objects 296.535ms
[248.929s][info][gc,heap        ] GC(217) DefNew: 1258300K(1258304K)->654526K(1258304K) Eden: 1118528K(1118528K)->654526K(1118528K) From: 139772K(139776K)->0K(139776K)
[248.938s][info][gc,heap        ] GC(217) Tenured: 2796221K(2796224K)->2796221K(2796224K)
[248.938s][info][gc,metaspace   ] GC(217) Metaspace: 10563K(10816K)->10563K(10816K) NonClass: 9529K(9664K)->9529K(9664K) Class: 1034K(1152K)->1034K(1152K)
[248.938s][info][gc             ] GC(217) Pause Full (Allocation Failure) 3959M->3369M(3959M) 794.839ms
[248.938s][info][gc,cpu         ] GC(217) User=0.78s Sys=0.01s Real=0.80s
[249.298s][info][gc,start       ] GC(218) Pause Full (Allocation Failure)
[249.298s][info][gc,phases,start] GC(218) Phase 1: Mark live objects
[249.482s][info][gc,phases      ] GC(218) Phase 1: Mark live objects 184.485ms
[249.482s][info][gc,phases,start] GC(218) Phase 2: Compute new object addresses
[249.622s][info][gc,phases      ] GC(218) Phase 2: Compute new object addresses 139.482ms
[249.622s][info][gc,phases,start] GC(218) Phase 3: Adjust pointers
[249.771s][info][gc,phases      ] GC(218) Phase 3: Adjust pointers 149.075ms
[249.771s][info][gc,phases,start] GC(218) Phase 4: Move objects
[250.082s][info][gc,phases      ] GC(218) Phase 4: Move objects 311.147ms
[250.083s][info][gc,heap        ] GC(218) DefNew: 1258302K(1258304K)->514715K(1258304K) Eden: 1118528K(1118528K)->514715K(1118528K) From: 139774K(139776K)->0K(139776K)
[250.083s][info][gc,heap        ] GC(218) Tenured: 2796221K(2796224K)->2796221K(2796224K)
[250.083s][info][gc,metaspace   ] GC(218) Metaspace: 10563K(10816K)->10563K(10816K) NonClass: 9529K(9664K)->9529K(9664K) Class: 1034K(1152K)->1034K(1152K)
[250.083s][info][gc             ] GC(218) Pause Full (Allocation Failure) 3959M->3233M(3959M) 784.913ms
[250.083s][info][gc,cpu         ] GC(218) User=0.79s Sys=0.00s Real=0.78s
[250.495s][info][gc,start       ] GC(219) Pause Full (Allocation Failure)
[250.495s][info][gc,phases,start] GC(219) Phase 1: Mark live objects
[250.680s][info][gc,phases      ] GC(219) Phase 1: Mark live objects 184.308ms
[250.680s][info][gc,phases,start] GC(219) Phase 2: Compute new object addresses
[250.827s][info][gc,phases      ] GC(219) Phase 2: Compute new object addresses 147.568ms
[250.827s][info][gc,phases,start] GC(219) Phase 3: Adjust pointers
[250.990s][info][gc,phases      ] GC(219) Phase 3: Adjust pointers 162.791ms
[250.990s][info][gc,phases,start] GC(219) Phase 4: Move objects
[251.259s][info][gc,phases      ] GC(219) Phase 4: Move objects 269.017ms
[251.260s][info][gc,heap        ] GC(219) DefNew: 1258301K(1258304K)->654526K(1258304K) Eden: 1118528K(1118528K)->654526K(1118528K) From: 139773K(139776K)->0K(139776K)
[251.260s][info][gc,heap        ] GC(219) Tenured: 2796221K(2796224K)->2796221K(2796224K)
[251.260s][info][gc,metaspace   ] GC(219) Metaspace: 10563K(10816K)->10563K(10816K) NonClass: 9529K(9664K)->9529K(9664K) Class: 1034K(1152K)->1034K(1152K)
[251.260s][info][gc             ] GC(219) Pause Full (Allocation Failure) 3959M->3369M(3959M) 764.401ms
[251.260s][info][gc,cpu         ] GC(219) User=0.76s Sys=0.00s Real=0.76s
[251.616s][info][gc,start       ] GC(220) Pause Full (Allocation Failure)
[251.616s][info][gc,phases,start] GC(220) Phase 1: Mark live objects
[251.800s][info][gc,phases      ] GC(220) Phase 1: Mark live objects 183.690ms
[251.800s][info][gc,phases,start] GC(220) Phase 2: Compute new object addresses
[251.941s][info][gc,phases      ] GC(220) Phase 2: Compute new object addresses 141.030ms
[251.941s][info][gc,phases,start] GC(220) Phase 3: Adjust pointers
[252.099s][info][gc,phases      ] GC(220) Phase 3: Adjust pointers 158.321ms
[252.100s][info][gc,phases,start] GC(220) Phase 4: Move objects
[252.389s][info][gc,phases      ] GC(220) Phase 4: Move objects 289.728ms
[252.390s][info][gc,heap        ] GC(220) DefNew: 1258303K(1258304K)->654518K(1258304K) Eden: 1118528K(1118528K)->654518K(1118528K) From: 139775K(139776K)->0K(139776K)
[252.390s][info][gc,heap        ] GC(220) Tenured: 2796221K(2796224K)->2796221K(2796224K)
[252.390s][info][gc,metaspace   ] GC(220) Metaspace: 10563K(10816K)->10563K(10816K) NonClass: 9529K(9664K)->9529K(9664K) Class: 1034K(1152K)->1034K(1152K)
[252.390s][info][gc             ] GC(220) Pause Full (Allocation Failure) 3959M->3369M(3959M) 773.489ms
[252.390s][info][gc,cpu         ] GC(220) User=0.77s Sys=0.01s Real=0.77s
[252.746s][info][gc,start       ] GC(221) Pause Full (Allocation Failure)
[252.746s][info][gc,phases,start] GC(221) Phase 1: Mark live objects
[252.931s][info][gc,phases      ] GC(221) Phase 1: Mark live objects 185.076ms
[252.931s][info][gc,phases,start] GC(221) Phase 2: Compute new object addresses
[253.059s][info][gc,phases      ] GC(221) Phase 2: Compute new object addresses 127.555ms
[253.059s][info][gc,phases,start] GC(221) Phase 3: Adjust pointers
[253.217s][info][gc,phases      ] GC(221) Phase 3: Adjust pointers 158.370ms
[253.217s][info][gc,phases,start] GC(221) Phase 4: Move objects
[253.513s][info][gc,phases      ] GC(221) Phase 4: Move objects 296.134ms
[253.514s][info][gc,heap        ] GC(221) DefNew: 1258303K(1258304K)->654526K(1258304K) Eden: 1118528K(1118528K)->654526K(1118528K) From: 139775K(139776K)->0K(139776K)
[253.514s][info][gc,heap        ] GC(221) Tenured: 2796221K(2796224K)->2796221K(2796224K)
[253.514s][info][gc,metaspace   ] GC(221) Metaspace: 10563K(10816K)->10563K(10816K) NonClass: 9529K(9664K)->9529K(9664K) Class: 1034K(1152K)->1034K(1152K)
[253.514s][info][gc             ] GC(221) Pause Full (Allocation Failure) 3959M->3369M(3959M) 767.832ms
[253.514s][info][gc,cpu         ] GC(221) User=0.77s Sys=0.00s Real=0.77s
[253.874s][info][gc,start       ] GC(222) Pause Full (Allocation Failure)
[253.874s][info][gc,phases,start] GC(222) Phase 1: Mark live objects
[254.058s][info][gc,phases      ] GC(222) Phase 1: Mark live objects 183.778ms
[254.058s][info][gc,phases,start] GC(222) Phase 2: Compute new object addresses
[254.186s][info][gc,phases      ] GC(222) Phase 2: Compute new object addresses 128.057ms
[254.186s][info][gc,phases,start] GC(222) Phase 3: Adjust pointers
[254.337s][info][gc,phases      ] GC(222) Phase 3: Adjust pointers 150.671ms
[254.337s][info][gc,phases,start] GC(222) Phase 4: Move objects
[254.648s][info][gc,phases      ] GC(222) Phase 4: Move objects 311.849ms
[254.649s][info][gc,heap        ] GC(222) DefNew: 1258302K(1258304K)->514715K(1258304K) Eden: 1118528K(1118528K)->514715K(1118528K) From: 139774K(139776K)->0K(139776K)
[254.649s][info][gc,heap        ] GC(222) Tenured: 2796221K(2796224K)->2796221K(2796224K)
[254.649s][info][gc,metaspace   ] GC(222) Metaspace: 10563K(10816K)->10563K(10816K) NonClass: 9529K(9664K)->9529K(9664K) Class: 1034K(1152K)->1034K(1152K)
[254.649s][info][gc             ] GC(222) Pause Full (Allocation Failure) 3959M->3233M(3959M) 775.100ms
[254.649s][info][gc,cpu         ] GC(222) User=0.78s Sys=0.00s Real=0.77s
[255.073s][info][gc,start       ] GC(223) Pause Full (Allocation Failure)
[255.073s][info][gc,phases,start] GC(223) Phase 1: Mark live objects
[255.257s][info][gc,phases      ] GC(223) Phase 1: Mark live objects 184.583ms
[255.257s][info][gc,phases,start] GC(223) Phase 2: Compute new object addresses
[255.408s][info][gc,phases      ] GC(223) Phase 2: Compute new object addresses 151.012ms
[255.408s][info][gc,phases,start] GC(223) Phase 3: Adjust pointers
[255.557s][info][gc,phases      ] GC(223) Phase 3: Adjust pointers 148.165ms
[255.557s][info][gc,phases,start] GC(223) Phase 4: Move objects
[255.824s][info][gc,phases      ] GC(223) Phase 4: Move objects 267.488ms
[255.825s][info][gc,heap        ] GC(223) DefNew: 1258300K(1258304K)->654526K(1258304K) Eden: 1118528K(1118528K)->654526K(1118528K) From: 139772K(139776K)->0K(139776K)
[255.825s][info][gc,heap        ] GC(223) Tenured: 2796221K(2796224K)->2796221K(2796224K)
[255.825s][info][gc,metaspace   ] GC(223) Metaspace: 10563K(10816K)->10563K(10816K) NonClass: 9529K(9664K)->9529K(9664K) Class: 1034K(1152K)->1034K(1152K)
[255.825s][info][gc             ] GC(223) Pause Full (Allocation Failure) 3959M->3369M(3959M) 752.143ms
[255.825s][info][gc,cpu         ] GC(223) User=0.75s Sys=0.00s Real=0.76s
[256.183s][info][gc,start       ] GC(224) Pause Full (Allocation Failure)
[256.183s][info][gc,phases,start] GC(224) Phase 1: Mark live objects
[256.368s][info][gc,phases      ] GC(224) Phase 1: Mark live objects 184.981ms
[256.368s][info][gc,phases,start] GC(224) Phase 2: Compute new object addresses
[256.506s][info][gc,phases      ] GC(224) Phase 2: Compute new object addresses 138.207ms
[256.506s][info][gc,phases,start] GC(224) Phase 3: Adjust pointers
[256.658s][info][gc,phases      ] GC(224) Phase 3: Adjust pointers 151.222ms
[256.658s][info][gc,phases,start] GC(224) Phase 4: Move objects
[256.947s][info][gc,phases      ] GC(224) Phase 4: Move objects 289.235ms
[256.947s][info][gc,heap        ] GC(224) DefNew: 1258303K(1258304K)->654526K(1258304K) Eden: 1118528K(1118528K)->654526K(1118528K) From: 139775K(139776K)->0K(139776K)
[256.947s][info][gc,heap        ] GC(224) Tenured: 2796221K(2796224K)->2796222K(2796224K)
[256.947s][info][gc,metaspace   ] GC(224) Metaspace: 10563K(10816K)->10563K(10816K) NonClass: 9529K(9664K)->9529K(9664K) Class: 1034K(1152K)->1034K(1152K)
[256.947s][info][gc             ] GC(224) Pause Full (Allocation Failure) 3959M->3369M(3959M) 764.346ms
[256.947s][info][gc,cpu         ] GC(224) User=0.77s Sys=0.00s Real=0.77s
[257.306s][info][gc,start       ] GC(225) Pause Full (Allocation Failure)
[257.306s][info][gc,phases,start] GC(225) Phase 1: Mark live objects
[257.490s][info][gc,phases      ] GC(225) Phase 1: Mark live objects 183.795ms
[257.490s][info][gc,phases,start] GC(225) Phase 2: Compute new object addresses
[257.636s][info][gc,phases      ] GC(225) Phase 2: Compute new object addresses 145.973ms
[257.636s][info][gc,phases,start] GC(225) Phase 3: Adjust pointers
[257.783s][info][gc,phases      ] GC(225) Phase 3: Adjust pointers 146.354ms
[257.783s][info][gc,phases,start] GC(225) Phase 4: Move objects
[258.081s][info][gc,phases      ] GC(225) Phase 4: Move objects 298.250ms
[258.081s][info][gc,heap        ] GC(225) DefNew: 1258302K(1258304K)->654526K(1258304K) Eden: 1118528K(1118528K)->654526K(1118528K) From: 139774K(139776K)->0K(139776K)
[258.081s][info][gc,heap        ] GC(225) Tenured: 2796222K(2796224K)->2796221K(2796224K)
[258.081s][info][gc,metaspace   ] GC(225) Metaspace: 10563K(10816K)->10563K(10816K) NonClass: 9529K(9664K)->9529K(9664K) Class: 1034K(1152K)->1034K(1152K)
[258.081s][info][gc             ] GC(225) Pause Full (Allocation Failure) 3959M->3369M(3959M) 775.074ms
[258.081s][info][gc,cpu         ] GC(225) User=0.77s Sys=0.00s Real=0.77s
[258.441s][info][gc,start       ] GC(226) Pause Full (Allocation Failure)
[258.441s][info][gc,phases,start] GC(226) Phase 1: Mark live objects
[258.626s][info][gc,phases      ] GC(226) Phase 1: Mark live objects 184.413ms
[258.626s][info][gc,phases,start] GC(226) Phase 2: Compute new object addresses
[258.769s][info][gc,phases      ] GC(226) Phase 2: Compute new object addresses 143.255ms
[258.769s][info][gc,phases,start] GC(226) Phase 3: Adjust pointers
[258.926s][info][gc,phases      ] GC(226) Phase 3: Adjust pointers 156.651ms
[258.926s][info][gc,phases,start] GC(226) Phase 4: Move objects
[259.236s][info][gc,phases      ] GC(226) Phase 4: Move objects 310.055ms
[259.236s][info][gc,heap        ] GC(226) DefNew: 1258303K(1258304K)->514715K(1258304K) Eden: 1118528K(1118528K)->514715K(1118528K) From: 139775K(139776K)->0K(139776K)
[259.236s][info][gc,heap        ] GC(226) Tenured: 2796221K(2796224K)->2796221K(2796224K)
[259.236s][info][gc,metaspace   ] GC(226) Metaspace: 10563K(10816K)->10563K(10816K) NonClass: 9529K(9664K)->9529K(9664K) Class: 1034K(1152K)->1034K(1152K)
[259.236s][info][gc             ] GC(226) Pause Full (Allocation Failure) 3959M->3233M(3959M) 795.120ms
[259.236s][info][gc,cpu         ] GC(226) User=0.80s Sys=0.00s Real=0.80s
[259.660s][info][gc,start       ] GC(227) Pause Full (Allocation Failure)
[259.660s][info][gc,phases,start] GC(227) Phase 1: Mark live objects
[259.844s][info][gc,phases      ] GC(227) Phase 1: Mark live objects 184.417ms
[259.844s][info][gc,phases,start] GC(227) Phase 2: Compute new object addresses
[259.990s][info][gc,phases      ] GC(227) Phase 2: Compute new object addresses 145.920ms
[259.990s][info][gc,phases,start] GC(227) Phase 3: Adjust pointers
[260.147s][info][gc,phases      ] GC(227) Phase 3: Adjust pointers 157.147ms
[260.147s][info][gc,phases,start] GC(227) Phase 4: Move objects
[260.414s][info][gc,phases      ] GC(227) Phase 4: Move objects 266.642ms
[260.414s][info][gc,heap        ] GC(227) DefNew: 1258300K(1258304K)->654522K(1258304K) Eden: 1118528K(1118528K)->654522K(1118528K) From: 139772K(139776K)->0K(139776K)
[260.414s][info][gc,heap        ] GC(227) Tenured: 2796221K(2796224K)->2796221K(2796224K)
[260.414s][info][gc,metaspace   ] GC(227) Metaspace: 10563K(10816K)->10563K(10816K) NonClass: 9529K(9664K)->9529K(9664K) Class: 1034K(1152K)->1034K(1152K)
[260.414s][info][gc             ] GC(227) Pause Full (Allocation Failure) 3959M->3369M(3959M) 754.835ms
[260.414s][info][gc,cpu         ] GC(227) User=0.76s Sys=0.00s Real=0.76s
[260.770s][info][gc,start       ] GC(228) Pause Full (Allocation Failure)
[260.770s][info][gc,phases,start] GC(228) Phase 1: Mark live objects
[260.954s][info][gc,phases      ] GC(228) Phase 1: Mark live objects 184.275ms
[260.954s][info][gc,phases,start] GC(228) Phase 2: Compute new object addresses
[261.093s][info][gc,phases      ] GC(228) Phase 2: Compute new object addresses 138.686ms
[261.093s][info][gc,phases,start] GC(228) Phase 3: Adjust pointers
[261.242s][info][gc,phases      ] GC(228) Phase 3: Adjust pointers 149.530ms
[261.242s][info][gc,phases,start] GC(228) Phase 4: Move objects
[261.529s][info][gc,phases      ] GC(228) Phase 4: Move objects 286.999ms
[261.530s][info][gc,heap        ] GC(228) DefNew: 1258300K(1258304K)->654526K(1258304K) Eden: 1118528K(1118528K)->654526K(1118528K) From: 139772K(139776K)->0K(139776K)
[261.530s][info][gc,heap        ] GC(228) Tenured: 2796221K(2796224K)->2796221K(2796224K)
[261.530s][info][gc,metaspace   ] GC(228) Metaspace: 10563K(10816K)->10563K(10816K) NonClass: 9529K(9664K)->9529K(9664K) Class: 1034K(1152K)->1034K(1152K)
[261.530s][info][gc             ] GC(228) Pause Full (Allocation Failure) 3959M->3369M(3959M) 760.190ms
[261.530s][info][gc,cpu         ] GC(228) User=0.76s Sys=0.00s Real=0.76s
[261.886s][info][gc,start       ] GC(229) Pause Full (Allocation Failure)
[261.886s][info][gc,phases,start] GC(229) Phase 1: Mark live objects
[262.070s][info][gc,phases      ] GC(229) Phase 1: Mark live objects 183.797ms
[262.070s][info][gc,phases,start] GC(229) Phase 2: Compute new object addresses
[262.215s][info][gc,phases      ] GC(229) Phase 2: Compute new object addresses 144.995ms
[262.215s][info][gc,phases,start] GC(229) Phase 3: Adjust pointers
[262.375s][info][gc,phases      ] GC(229) Phase 3: Adjust pointers 160.244ms
[262.375s][info][gc,phases,start] GC(229) Phase 4: Move objects
[262.669s][info][gc,phases      ] GC(229) Phase 4: Move objects 293.952ms
[262.670s][info][gc,heap        ] GC(229) DefNew: 1258301K(1258304K)->654522K(1258304K) Eden: 1118528K(1118528K)->654522K(1118528K) From: 139773K(139776K)->0K(139776K)
[262.670s][info][gc,heap        ] GC(229) Tenured: 2796221K(2796224K)->2796221K(2796224K)
[262.670s][info][gc,metaspace   ] GC(229) Metaspace: 10563K(10816K)->10563K(10816K) NonClass: 9529K(9664K)->9529K(9664K) Class: 1034K(1152K)->1034K(1152K)
[262.670s][info][gc             ] GC(229) Pause Full (Allocation Failure) 3959M->3369M(3959M) 783.686ms
[262.670s][info][gc,cpu         ] GC(229) User=0.79s Sys=0.00s Real=0.78s
[263.029s][info][gc,start       ] GC(230) Pause Full (Allocation Failure)
[263.029s][info][gc,phases,start] GC(230) Phase 1: Mark live objects
[263.212s][info][gc,phases      ] GC(230) Phase 1: Mark live objects 183.322ms
[263.212s][info][gc,phases,start] GC(230) Phase 2: Compute new object addresses
[263.351s][info][gc,phases      ] GC(230) Phase 2: Compute new object addresses 138.825ms
[263.351s][info][gc,phases,start] GC(230) Phase 3: Adjust pointers
[263.488s][info][gc,phases      ] GC(230) Phase 3: Adjust pointers 136.857ms
[263.488s][info][gc,phases,start] GC(230) Phase 4: Move objects
[263.797s][info][gc,phases      ] GC(230) Phase 4: Move objects 308.805ms
[263.797s][info][gc,heap        ] GC(230) DefNew: 1258301K(1258304K)->514715K(1258304K) Eden: 1118528K(1118528K)->514715K(1118528K) From: 139773K(139776K)->0K(139776K)
[263.797s][info][gc,heap        ] GC(230) Tenured: 2796221K(2796224K)->2796221K(2796224K)
[263.797s][info][gc,metaspace   ] GC(230) Metaspace: 10563K(10816K)->10563K(10816K) NonClass: 9529K(9664K)->9529K(9664K) Class: 1034K(1152K)->1034K(1152K)
[263.797s][info][gc             ] GC(230) Pause Full (Allocation Failure) 3959M->3233M(3959M) 768.490ms
[263.797s][info][gc,cpu         ] GC(230) User=0.77s Sys=0.00s Real=0.77s
[264.213s][info][gc,start       ] GC(231) Pause Full (Allocation Failure)
[264.213s][info][gc,phases,start] GC(231) Phase 1: Mark live objects
[264.397s][info][gc,phases      ] GC(231) Phase 1: Mark live objects 184.685ms
[264.397s][info][gc,phases,start] GC(231) Phase 2: Compute new object addresses
[264.529s][info][gc,phases      ] GC(231) Phase 2: Compute new object addresses 131.211ms
[264.529s][info][gc,phases,start] GC(231) Phase 3: Adjust pointers
[264.691s][info][gc,phases      ] GC(231) Phase 3: Adjust pointers 162.445ms
[264.691s][info][gc,phases,start] GC(231) Phase 4: Move objects
[264.958s][info][gc,phases      ] GC(231) Phase 4: Move objects 266.494ms
[264.958s][info][gc,heap        ] GC(231) DefNew: 1258302K(1258304K)->654526K(1258304K) Eden: 1118528K(1118528K)->654526K(1118528K) From: 139774K(139776K)->0K(139776K)
[264.958s][info][gc,heap        ] GC(231) Tenured: 2796221K(2796224K)->2796221K(2796224K)
[264.958s][info][gc,metaspace   ] GC(231) Metaspace: 10563K(10816K)->10563K(10816K) NonClass: 9529K(9664K)->9529K(9664K) Class: 1034K(1152K)->1034K(1152K)
[264.958s][info][gc             ] GC(231) Pause Full (Allocation Failure) 3959M->3369M(3959M) 745.563ms
[264.958s][info][gc,cpu         ] GC(231) User=0.75s Sys=0.00s Real=0.74s
[265.317s][info][gc,start       ] GC(232) Pause Full (Allocation Failure)
[265.317s][info][gc,phases,start] GC(232) Phase 1: Mark live objects
[265.501s][info][gc,phases      ] GC(232) Phase 1: Mark live objects 183.634ms
[265.501s][info][gc,phases,start] GC(232) Phase 2: Compute new object addresses
[265.642s][info][gc,phases      ] GC(232) Phase 2: Compute new object addresses 141.298ms
[265.642s][info][gc,phases,start] GC(232) Phase 3: Adjust pointers
[265.798s][info][gc,phases      ] GC(232) Phase 3: Adjust pointers 155.208ms
[265.798s][info][gc,phases,start] GC(232) Phase 4: Move objects
[266.086s][info][gc,phases      ] GC(232) Phase 4: Move objects 288.444ms
[266.087s][info][gc,heap        ] GC(232) DefNew: 1258303K(1258304K)->654526K(1258304K) Eden: 1118528K(1118528K)->654526K(1118528K) From: 139775K(139776K)->0K(139776K)
[266.087s][info][gc,heap        ] GC(232) Tenured: 2796222K(2796224K)->2796221K(2796224K)
[266.087s][info][gc,metaspace   ] GC(232) Metaspace: 10563K(10816K)->10563K(10816K) NonClass: 9529K(9664K)->9529K(9664K) Class: 1034K(1152K)->1034K(1152K)
[266.087s][info][gc             ] GC(232) Pause Full (Allocation Failure) 3959M->3369M(3959M) 769.287ms
[266.087s][info][gc,cpu         ] GC(232) User=0.77s Sys=0.00s Real=0.77s
[266.444s][info][gc,start       ] GC(233) Pause Full (Allocation Failure)
[266.445s][info][gc,phases,start] GC(233) Phase 1: Mark live objects
[266.628s][info][gc,phases      ] GC(233) Phase 1: Mark live objects 183.843ms
[266.628s][info][gc,phases,start] GC(233) Phase 2: Compute new object addresses
[266.769s][info][gc,phases      ] GC(233) Phase 2: Compute new object addresses 140.075ms
[266.769s][info][gc,phases,start] GC(233) Phase 3: Adjust pointers
[266.919s][info][gc,phases      ] GC(233) Phase 3: Adjust pointers 150.657ms
[266.919s][info][gc,phases,start] GC(233) Phase 4: Move objects
[267.216s][info][gc,phases      ] GC(233) Phase 4: Move objects 296.405ms
[267.216s][info][gc,heap        ] GC(233) DefNew: 1258300K(1258304K)->654513K(1258304K) Eden: 1118528K(1118528K)->654513K(1118528K) From: 139772K(139776K)->0K(139776K)
[267.216s][info][gc,heap        ] GC(233) Tenured: 2796221K(2796224K)->2796221K(2796224K)
[267.216s][info][gc,metaspace   ] GC(233) Metaspace: 10563K(10816K)->10563K(10816K) NonClass: 9529K(9664K)->9529K(9664K) Class: 1034K(1152K)->1034K(1152K)
[267.216s][info][gc             ] GC(233) Pause Full (Allocation Failure) 3959M->3369M(3959M) 771.707ms
[267.216s][info][gc,cpu         ] GC(233) User=0.77s Sys=0.00s Real=0.78s
[267.575s][info][gc,start       ] GC(234) Pause Full (Allocation Failure)
[267.575s][info][gc,phases,start] GC(234) Phase 1: Mark live objects
[267.760s][info][gc,phases      ] GC(234) Phase 1: Mark live objects 184.622ms
[267.760s][info][gc,phases,start] GC(234) Phase 2: Compute new object addresses
[267.903s][info][gc,phases      ] GC(234) Phase 2: Compute new object addresses 143.336ms
[267.903s][info][gc,phases,start] GC(234) Phase 3: Adjust pointers
[268.058s][info][gc,phases      ] GC(234) Phase 3: Adjust pointers 154.631ms
[268.058s][info][gc,phases,start] GC(234) Phase 4: Move objects
[268.369s][info][gc,phases      ] GC(234) Phase 4: Move objects 310.674ms
[268.369s][info][gc,heap        ] GC(234) DefNew: 1258302K(1258304K)->514715K(1258304K) Eden: 1118528K(1118528K)->514715K(1118528K) From: 139774K(139776K)->0K(139776K)
[268.369s][info][gc,heap        ] GC(234) Tenured: 2796221K(2796224K)->2796221K(2796224K)
[268.369s][info][gc,metaspace   ] GC(234) Metaspace: 10563K(10816K)->10563K(10816K) NonClass: 9529K(9664K)->9529K(9664K) Class: 1034K(1152K)->1034K(1152K)
[268.369s][info][gc             ] GC(234) Pause Full (Allocation Failure) 3959M->3233M(3959M) 793.963ms
[268.369s][info][gc,cpu         ] GC(234) User=0.79s Sys=0.00s Real=0.79s
[268.780s][info][gc,start       ] GC(235) Pause Full (Allocation Failure)
[268.780s][info][gc,phases,start] GC(235) Phase 1: Mark live objects
[268.965s][info][gc,phases      ] GC(235) Phase 1: Mark live objects 184.386ms
[268.965s][info][gc,phases,start] GC(235) Phase 2: Compute new object addresses
[269.110s][info][gc,phases      ] GC(235) Phase 2: Compute new object addresses 145.682ms
[269.110s][info][gc,phases,start] GC(235) Phase 3: Adjust pointers
[269.267s][info][gc,phases      ] GC(235) Phase 3: Adjust pointers 156.569ms
[269.267s][info][gc,phases,start] GC(235) Phase 4: Move objects
[269.534s][info][gc,phases      ] GC(235) Phase 4: Move objects 267.409ms
[269.535s][info][gc,heap        ] GC(235) DefNew: 1258301K(1258304K)->654526K(1258304K) Eden: 1118528K(1118528K)->654526K(1118528K) From: 139773K(139776K)->0K(139776K)
[269.535s][info][gc,heap        ] GC(235) Tenured: 2796221K(2796224K)->2796221K(2796224K)
[269.535s][info][gc,metaspace   ] GC(235) Metaspace: 10563K(10816K)->10563K(10816K) NonClass: 9529K(9664K)->9529K(9664K) Class: 1034K(1152K)->1034K(1152K)
[269.535s][info][gc             ] GC(235) Pause Full (Allocation Failure) 3959M->3369M(3959M) 754.780ms
[269.535s][info][gc,cpu         ] GC(235) User=0.76s Sys=0.00s Real=0.76s
[269.893s][info][gc,start       ] GC(236) Pause Full (Allocation Failure)
[269.893s][info][gc,phases,start] GC(236) Phase 1: Mark live objects
[270.079s][info][gc,phases      ] GC(236) Phase 1: Mark live objects 185.954ms
[270.079s][info][gc,phases,start] GC(236) Phase 2: Compute new object addresses
[270.221s][info][gc,phases      ] GC(236) Phase 2: Compute new object addresses 141.334ms
[270.221s][info][gc,phases,start] GC(236) Phase 3: Adjust pointers
[270.373s][info][gc,phases      ] GC(236) Phase 3: Adjust pointers 152.606ms
[270.373s][info][gc,phases,start] GC(236) Phase 4: Move objects
[270.662s][info][gc,phases      ] GC(236) Phase 4: Move objects 288.447ms
[270.662s][info][gc,heap        ] GC(236) DefNew: 1258302K(1258304K)->654526K(1258304K) Eden: 1118528K(1118528K)->654526K(1118528K) From: 139774K(139776K)->0K(139776K)
[270.662s][info][gc,heap        ] GC(236) Tenured: 2796221K(2796224K)->2796221K(2796224K)
[270.662s][info][gc,metaspace   ] GC(236) Metaspace: 10563K(10816K)->10563K(10816K) NonClass: 9529K(9664K)->9529K(9664K) Class: 1034K(1152K)->1034K(1152K)
[270.662s][info][gc             ] GC(236) Pause Full (Allocation Failure) 3959M->3369M(3959M) 769.046ms
[270.662s][info][gc,cpu         ] GC(236) User=0.76s Sys=0.00s Real=0.76s
[271.023s][info][gc,start       ] GC(237) Pause Full (Allocation Failure)
[271.024s][info][gc,phases,start] GC(237) Phase 1: Mark live objects
[271.207s][info][gc,phases      ] GC(237) Phase 1: Mark live objects 183.536ms
[271.207s][info][gc,phases,start] GC(237) Phase 2: Compute new object addresses
[271.344s][info][gc,phases      ] GC(237) Phase 2: Compute new object addresses 137.345ms
[271.345s][info][gc,phases,start] GC(237) Phase 3: Adjust pointers
[271.493s][info][gc,phases      ] GC(237) Phase 3: Adjust pointers 148.297ms
[271.493s][info][gc,phases,start] GC(237) Phase 4: Move objects
[271.788s][info][gc,phases      ] GC(237) Phase 4: Move objects 295.331ms
[271.789s][info][gc,heap        ] GC(237) DefNew: 1258302K(1258304K)->654522K(1258304K) Eden: 1118528K(1118528K)->654522K(1118528K) From: 139774K(139776K)->0K(139776K)
[271.789s][info][gc,heap        ] GC(237) Tenured: 2796221K(2796224K)->2796221K(2796224K)
[271.789s][info][gc,metaspace   ] GC(237) Metaspace: 10563K(10816K)->10563K(10816K) NonClass: 9529K(9664K)->9529K(9664K) Class: 1034K(1152K)->1034K(1152K)
[271.789s][info][gc             ] GC(237) Pause Full (Allocation Failure) 3959M->3369M(3959M) 765.229ms
[271.789s][info][gc,cpu         ] GC(237) User=0.76s Sys=0.00s Real=0.77s
[272.147s][info][gc,start       ] GC(238) Pause Full (Allocation Failure)
[272.147s][info][gc,phases,start] GC(238) Phase 1: Mark live objects
[272.332s][info][gc,phases      ] GC(238) Phase 1: Mark live objects 184.670ms
[272.332s][info][gc,phases,start] GC(238) Phase 2: Compute new object addresses
[272.459s][info][gc,phases      ] GC(238) Phase 2: Compute new object addresses 126.737ms
[272.459s][info][gc,phases,start] GC(238) Phase 3: Adjust pointers
[272.609s][info][gc,phases      ] GC(238) Phase 3: Adjust pointers 150.038ms
[272.609s][info][gc,phases,start] GC(238) Phase 4: Move objects
[272.917s][info][gc,phases      ] GC(238) Phase 4: Move objects 308.243ms
[272.918s][info][gc,heap        ] GC(238) DefNew: 1258301K(1258304K)->514715K(1258304K) Eden: 1118528K(1118528K)->514715K(1118528K) From: 139773K(139776K)->0K(139776K)
[272.918s][info][gc,heap        ] GC(238) Tenured: 2796221K(2796224K)->2796221K(2796224K)
[272.918s][info][gc,metaspace   ] GC(238) Metaspace: 10563K(10816K)->10563K(10816K) NonClass: 9529K(9664K)->9529K(9664K) Class: 1034K(1152K)->1034K(1152K)
[272.918s][info][gc             ] GC(238) Pause Full (Allocation Failure) 3959M->3233M(3959M) 770.379ms
[272.918s][info][gc,cpu         ] GC(238) User=0.77s Sys=0.00s Real=0.77s
[273.330s][info][gc,start       ] GC(239) Pause Full (Allocation Failure)
[273.330s][info][gc,phases,start] GC(239) Phase 1: Mark live objects
[273.514s][info][gc,phases      ] GC(239) Phase 1: Mark live objects 183.877ms
[273.514s][info][gc,phases,start] GC(239) Phase 2: Compute new object addresses
[273.663s][info][gc,phases      ] GC(239) Phase 2: Compute new object addresses 149.717ms
[273.663s][info][gc,phases,start] GC(239) Phase 3: Adjust pointers
[273.825s][info][gc,phases      ] GC(239) Phase 3: Adjust pointers 161.668ms
[273.825s][info][gc,phases,start] GC(239) Phase 4: Move objects
[274.093s][info][gc,phases      ] GC(239) Phase 4: Move objects 267.875ms
[274.093s][info][gc,heap        ] GC(239) DefNew: 1258300K(1258304K)->654526K(1258304K) Eden: 1118528K(1118528K)->654526K(1118528K) From: 139772K(139776K)->0K(139776K)
[274.093s][info][gc,heap        ] GC(239) Tenured: 2796221K(2796224K)->2796221K(2796224K)
[274.093s][info][gc,metaspace   ] GC(239) Metaspace: 10563K(10816K)->10563K(10816K) NonClass: 9529K(9664K)->9529K(9664K) Class: 1034K(1152K)->1034K(1152K)
[274.093s][info][gc             ] GC(239) Pause Full (Allocation Failure) 3959M->3369M(3959M) 763.862ms
[274.093s][info][gc,cpu         ] GC(239) User=0.76s Sys=0.00s Real=0.77s
[274.452s][info][gc,start       ] GC(240) Pause Full (Allocation Failure)
[274.452s][info][gc,phases,start] GC(240) Phase 1: Mark live objects
[274.636s][info][gc,phases      ] GC(240) Phase 1: Mark live objects 183.865ms
[274.636s][info][gc,phases,start] GC(240) Phase 2: Compute new object addresses
[274.774s][info][gc,phases      ] GC(240) Phase 2: Compute new object addresses 138.121ms
[274.774s][info][gc,phases,start] GC(240) Phase 3: Adjust pointers
[274.916s][info][gc,phases      ] GC(240) Phase 3: Adjust pointers 141.965ms
[274.916s][info][gc,phases,start] GC(240) Phase 4: Move objects
[275.206s][info][gc,phases      ] GC(240) Phase 4: Move objects 289.402ms
[275.206s][info][gc,heap        ] GC(240) DefNew: 1258301K(1258304K)->654526K(1258304K) Eden: 1118528K(1118528K)->654526K(1118528K) From: 139773K(139776K)->0K(139776K)
[275.206s][info][gc,heap        ] GC(240) Tenured: 2796221K(2796224K)->2796221K(2796224K)
[275.206s][info][gc,metaspace   ] GC(240) Metaspace: 10563K(10816K)->10563K(10816K) NonClass: 9529K(9664K)->9529K(9664K) Class: 1034K(1152K)->1034K(1152K)
[275.206s][info][gc             ] GC(240) Pause Full (Allocation Failure) 3959M->3369M(3959M) 754.079ms
[275.206s][info][gc,cpu         ] GC(240) User=0.76s Sys=0.00s Real=0.76s
[275.561s][info][gc,start       ] GC(241) Pause Full (Allocation Failure)
[275.561s][info][gc,phases,start] GC(241) Phase 1: Mark live objects
[275.744s][info][gc,phases      ] GC(241) Phase 1: Mark live objects 183.318ms
[275.744s][info][gc,phases,start] GC(241) Phase 2: Compute new object addresses
[275.872s][info][gc,phases      ] GC(241) Phase 2: Compute new object addresses 127.323ms
[275.872s][info][gc,phases,start] GC(241) Phase 3: Adjust pointers
[276.029s][info][gc,phases      ] GC(241) Phase 3: Adjust pointers 157.861ms
[276.030s][info][gc,phases,start] GC(241) Phase 4: Move objects
[276.326s][info][gc,phases      ] GC(241) Phase 4: Move objects 296.248ms
[276.326s][info][gc,heap        ] GC(241) DefNew: 1258303K(1258304K)->654526K(1258304K) Eden: 1118528K(1118528K)->654526K(1118528K) From: 139775K(139776K)->0K(139776K)
[276.326s][info][gc,heap        ] GC(241) Tenured: 2796221K(2796224K)->2796221K(2796224K)
[276.326s][info][gc,metaspace   ] GC(241) Metaspace: 10563K(10816K)->10563K(10816K) NonClass: 9529K(9664K)->9529K(9664K) Class: 1034K(1152K)->1034K(1152K)
[276.326s][info][gc             ] GC(241) Pause Full (Allocation Failure) 3959M->3369M(3959M) 765.449ms
[276.326s][info][gc,cpu         ] GC(241) User=0.77s Sys=0.00s Real=0.77s
[276.684s][info][gc,start       ] GC(242) Pause Full (Allocation Failure)
[276.684s][info][gc,phases,start] GC(242) Phase 1: Mark live objects
[276.868s][info][gc,phases      ] GC(242) Phase 1: Mark live objects 184.315ms
[276.868s][info][gc,phases,start] GC(242) Phase 2: Compute new object addresses
[277.012s][info][gc,phases      ] GC(242) Phase 2: Compute new object addresses 144.056ms
[277.012s][info][gc,phases,start] GC(242) Phase 3: Adjust pointers
[277.171s][info][gc,phases      ] GC(242) Phase 3: Adjust pointers 158.192ms
[277.171s][info][gc,phases,start] GC(242) Phase 4: Move objects
[277.480s][info][gc,phases      ] GC(242) Phase 4: Move objects 309.418ms
[277.480s][info][gc,heap        ] GC(242) DefNew: 1258301K(1258304K)->514715K(1258304K) Eden: 1118528K(1118528K)->514715K(1118528K) From: 139773K(139776K)->0K(139776K)
[277.480s][info][gc,heap        ] GC(242) Tenured: 2796221K(2796224K)->2796221K(2796224K)
[277.480s][info][gc,metaspace   ] GC(242) Metaspace: 10563K(10816K)->10563K(10816K) NonClass: 9529K(9664K)->9529K(9664K) Class: 1034K(1152K)->1034K(1152K)
[277.480s][info][gc             ] GC(242) Pause Full (Allocation Failure) 3959M->3233M(3959M) 796.679ms
[277.481s][info][gc,cpu         ] GC(242) User=0.79s Sys=0.00s Real=0.80s
[277.891s][info][gc,start       ] GC(243) Pause Full (Allocation Failure)
[277.891s][info][gc,phases,start] GC(243) Phase 1: Mark live objects
[278.075s][info][gc,phases      ] GC(243) Phase 1: Mark live objects 183.724ms
[278.075s][info][gc,phases,start] GC(243) Phase 2: Compute new object addresses
[278.221s][info][gc,phases      ] GC(243) Phase 2: Compute new object addresses 146.025ms
[278.221s][info][gc,phases,start] GC(243) Phase 3: Adjust pointers
[278.375s][info][gc,phases      ] GC(243) Phase 3: Adjust pointers 153.825ms
[278.375s][info][gc,phases,start] GC(243) Phase 4: Move objects
[278.643s][info][gc,phases      ] GC(243) Phase 4: Move objects 267.887ms
[278.643s][info][gc,heap        ] GC(243) DefNew: 1258300K(1258304K)->654526K(1258304K) Eden: 1118528K(1118528K)->654526K(1118528K) From: 139772K(139776K)->0K(139776K)
[278.643s][info][gc,heap        ] GC(243) Tenured: 2796221K(2796224K)->2796221K(2796224K)
[278.643s][info][gc,metaspace   ] GC(243) Metaspace: 10563K(10816K)->10563K(10816K) NonClass: 9529K(9664K)->9529K(9664K) Class: 1034K(1152K)->1034K(1152K)
[278.643s][info][gc             ] GC(243) Pause Full (Allocation Failure) 3959M->3369M(3959M) 752.160ms
[278.643s][info][gc,cpu         ] GC(243) User=0.75s Sys=0.00s Real=0.75s
[279.002s][info][gc,start       ] GC(244) Pause Full (Allocation Failure)
[279.002s][info][gc,phases,start] GC(244) Phase 1: Mark live objects
[279.187s][info][gc,phases      ] GC(244) Phase 1: Mark live objects 184.732ms
[279.187s][info][gc,phases,start] GC(244) Phase 2: Compute new object addresses
[279.332s][info][gc,phases      ] GC(244) Phase 2: Compute new object addresses 145.046ms
[279.332s][info][gc,phases,start] GC(244) Phase 3: Adjust pointers
[279.492s][info][gc,phases      ] GC(244) Phase 3: Adjust pointers 159.516ms
[279.492s][info][gc,phases,start] GC(244) Phase 4: Move objects
[279.780s][info][gc,phases      ] GC(244) Phase 4: Move objects 288.708ms
[279.781s][info][gc,heap        ] GC(244) DefNew: 1258302K(1258304K)->654522K(1258304K) Eden: 1118528K(1118528K)->654522K(1118528K) From: 139774K(139776K)->0K(139776K)
[279.781s][info][gc,heap        ] GC(244) Tenured: 2796221K(2796224K)->2796221K(2796224K)
[279.781s][info][gc,metaspace   ] GC(244) Metaspace: 10563K(10816K)->10563K(10816K) NonClass: 9529K(9664K)->9529K(9664K) Class: 1034K(1152K)->1034K(1152K)
[279.781s][info][gc             ] GC(244) Pause Full (Allocation Failure) 3959M->3369M(3959M) 778.754ms
[279.781s][info][gc,cpu         ] GC(244) User=0.78s Sys=0.00s Real=0.78s
[280.138s][info][gc,start       ] GC(245) Pause Full (Allocation Failure)
[280.138s][info][gc,phases,start] GC(245) Phase 1: Mark live objects
[280.322s][info][gc,phases      ] GC(245) Phase 1: Mark live objects 184.038ms
[280.322s][info][gc,phases,start] GC(245) Phase 2: Compute new object addresses
[280.467s][info][gc,phases      ] GC(245) Phase 2: Compute new object addresses 144.615ms
[280.467s][info][gc,phases,start] GC(245) Phase 3: Adjust pointers
[280.626s][info][gc,phases      ] GC(245) Phase 3: Adjust pointers 159.638ms
[280.626s][info][gc,phases,start] GC(245) Phase 4: Move objects
[280.923s][info][gc,phases      ] GC(245) Phase 4: Move objects 296.243ms
[280.923s][info][gc,heap        ] GC(245) DefNew: 1258303K(1258304K)->654522K(1258304K) Eden: 1118528K(1118528K)->654522K(1118528K) From: 139775K(139776K)->0K(139776K)
[280.923s][info][gc,heap        ] GC(245) Tenured: 2796221K(2796224K)->2796221K(2796224K)
[280.923s][info][gc,metaspace   ] GC(245) Metaspace: 10563K(10816K)->10563K(10816K) NonClass: 9529K(9664K)->9529K(9664K) Class: 1034K(1152K)->1034K(1152K)
[280.923s][info][gc             ] GC(245) Pause Full (Allocation Failure) 3959M->3369M(3959M) 785.256ms
[280.923s][info][gc,cpu         ] GC(245) User=0.79s Sys=0.00s Real=0.78s
[281.284s][info][gc,start       ] GC(246) Pause Full (Allocation Failure)
[281.284s][info][gc,phases,start] GC(246) Phase 1: Mark live objects
[281.468s][info][gc,phases      ] GC(246) Phase 1: Mark live objects 183.879ms
[281.468s][info][gc,phases,start] GC(246) Phase 2: Compute new object addresses
[281.606s][info][gc,phases      ] GC(246) Phase 2: Compute new object addresses 137.758ms
[281.606s][info][gc,phases,start] GC(246) Phase 3: Adjust pointers
[281.756s][info][gc,phases      ] GC(246) Phase 3: Adjust pointers 149.860ms
[281.756s][info][gc,phases,start] GC(246) Phase 4: Move objects
[282.065s][info][gc,phases      ] GC(246) Phase 4: Move objects 308.854ms
[282.065s][info][gc,heap        ] GC(246) DefNew: 1258303K(1258304K)->514715K(1258304K) Eden: 1118528K(1118528K)->514715K(1118528K) From: 139775K(139776K)->0K(139776K)
[282.065s][info][gc,heap        ] GC(246) Tenured: 2796221K(2796224K)->2796221K(2796224K)
[282.065s][info][gc,metaspace   ] GC(246) Metaspace: 10563K(10816K)->10563K(10816K) NonClass: 9529K(9664K)->9529K(9664K) Class: 1034K(1152K)->1034K(1152K)
[282.065s][info][gc             ] GC(246) Pause Full (Allocation Failure) 3959M->3233M(3959M) 781.078ms
[282.065s][info][gc,cpu         ] GC(246) User=0.78s Sys=0.00s Real=0.79s
[282.492s][info][gc,start       ] GC(247) Pause Full (Allocation Failure)
[282.492s][info][gc,phases,start] GC(247) Phase 1: Mark live objects
[282.676s][info][gc,phases      ] GC(247) Phase 1: Mark live objects 184.483ms
[282.676s][info][gc,phases,start] GC(247) Phase 2: Compute new object addresses
[282.825s][info][gc,phases      ] GC(247) Phase 2: Compute new object addresses 148.723ms
[282.825s][info][gc,phases,start] GC(247) Phase 3: Adjust pointers
[282.975s][info][gc,phases      ] GC(247) Phase 3: Adjust pointers 150.293ms
[282.975s][info][gc,phases,start] GC(247) Phase 4: Move objects
[283.245s][info][gc,phases      ] GC(247) Phase 4: Move objects 269.259ms
[283.245s][info][gc,heap        ] GC(247) DefNew: 1258300K(1258304K)->654526K(1258304K) Eden: 1118528K(1118528K)->654526K(1118528K) From: 139772K(139776K)->0K(139776K)
[283.245s][info][gc,heap        ] GC(247) Tenured: 2796221K(2796224K)->2796221K(2796224K)
[283.245s][info][gc,metaspace   ] GC(247) Metaspace: 10563K(10816K)->10563K(10816K) NonClass: 9529K(9664K)->9529K(9664K) Class: 1034K(1152K)->1034K(1152K)
[283.245s][info][gc             ] GC(247) Pause Full (Allocation Failure) 3959M->3369M(3959M) 753.465ms
[283.245s][info][gc,cpu         ] GC(247) User=0.75s Sys=0.00s Real=0.76s
[283.604s][info][gc,start       ] GC(248) Pause Full (Allocation Failure)
[283.604s][info][gc,phases,start] GC(248) Phase 1: Mark live objects
[283.788s][info][gc,phases      ] GC(248) Phase 1: Mark live objects 183.958ms
[283.788s][info][gc,phases,start] GC(248) Phase 2: Compute new object addresses
[283.930s][info][gc,phases      ] GC(248) Phase 2: Compute new object addresses 142.714ms
[283.930s][info][gc,phases,start] GC(248) Phase 3: Adjust pointers
[284.092s][info][gc,phases      ] GC(248) Phase 3: Adjust pointers 161.432ms
[284.092s][info][gc,phases,start] GC(248) Phase 4: Move objects
[284.381s][info][gc,phases      ] GC(248) Phase 4: Move objects 288.787ms
[284.381s][info][gc,heap        ] GC(248) DefNew: 1258304K(1258304K)->654509K(1258304K) Eden: 1118528K(1118528K)->654509K(1118528K) From: 139776K(139776K)->0K(139776K)
[284.381s][info][gc,heap        ] GC(248) Tenured: 2796221K(2796224K)->2796221K(2796224K)
[284.381s][info][gc,metaspace   ] GC(248) Metaspace: 10563K(10816K)->10563K(10816K) NonClass: 9529K(9664K)->9529K(9664K) Class: 1034K(1152K)->1034K(1152K)
[284.381s][info][gc             ] GC(248) Pause Full (Allocation Failure) 3959M->3369M(3959M) 777.596ms
[284.381s][info][gc,cpu         ] GC(248) User=0.78s Sys=0.00s Real=0.78s
[284.743s][info][gc,start       ] GC(249) Pause Full (Allocation Failure)
[284.743s][info][gc,phases,start] GC(249) Phase 1: Mark live objects
[284.927s][info][gc,phases      ] GC(249) Phase 1: Mark live objects 183.733ms
[284.927s][info][gc,phases,start] GC(249) Phase 2: Compute new object addresses
[285.068s][info][gc,phases      ] GC(249) Phase 2: Compute new object addresses 140.783ms
[285.068s][info][gc,phases,start] GC(249) Phase 3: Adjust pointers
[285.226s][info][gc,phases      ] GC(249) Phase 3: Adjust pointers 158.521ms
[285.226s][info][gc,phases,start] GC(249) Phase 4: Move objects
[285.521s][info][gc,phases      ] GC(249) Phase 4: Move objects 294.950ms
[285.522s][info][gc,heap        ] GC(249) DefNew: 1258300K(1258304K)->654526K(1258304K) Eden: 1118528K(1118528K)->654526K(1118528K) From: 139772K(139776K)->0K(139776K)
[285.522s][info][gc,heap        ] GC(249) Tenured: 2796221K(2796224K)->2796221K(2796224K)
[285.522s][info][gc,metaspace   ] GC(249) Metaspace: 10563K(10816K)->10563K(10816K) NonClass: 9529K(9664K)->9529K(9664K) Class: 1034K(1152K)->1034K(1152K)
[285.522s][info][gc             ] GC(249) Pause Full (Allocation Failure) 3959M->3369M(3959M) 778.743ms
[285.522s][info][gc,cpu         ] GC(249) User=0.78s Sys=0.00s Real=0.78s
[285.879s][info][gc,start       ] GC(250) Pause Full (Allocation Failure)
[285.879s][info][gc,phases,start] GC(250) Phase 1: Mark live objects
[286.054s][info][gc,phases      ] GC(250) Phase 1: Mark live objects 174.551ms
[286.054s][info][gc,phases,start] GC(250) Phase 2: Compute new object addresses
[286.190s][info][gc,phases      ] GC(250) Phase 2: Compute new object addresses 136.183ms
[286.190s][info][gc,phases,start] GC(250) Phase 3: Adjust pointers
[286.346s][info][gc,phases      ] GC(250) Phase 3: Adjust pointers 156.227ms
[286.346s][info][gc,phases,start] GC(250) Phase 4: Move objects
[286.655s][info][gc,phases      ] GC(250) Phase 4: Move objects 308.757ms
[286.655s][info][gc,heap        ] GC(250) DefNew: 1258303K(1258304K)->514715K(1258304K) Eden: 1118528K(1118528K)->514715K(1118528K) From: 139775K(139776K)->0K(139776K)
[286.655s][info][gc,heap        ] GC(250) Tenured: 2796221K(2796224K)->2796221K(2796224K)
[286.655s][info][gc,metaspace   ] GC(250) Metaspace: 10563K(10816K)->10563K(10816K) NonClass: 9529K(9664K)->9529K(9664K) Class: 1034K(1152K)->1034K(1152K)
[286.655s][info][gc             ] GC(250) Pause Full (Allocation Failure) 3959M->3233M(3959M) 776.425ms
[286.655s][info][gc,cpu         ] GC(250) User=0.77s Sys=0.00s Real=0.78s
[287.070s][info][gc,start       ] GC(251) Pause Full (Allocation Failure)
[287.070s][info][gc,phases,start] GC(251) Phase 1: Mark live objects
[287.254s][info][gc,phases      ] GC(251) Phase 1: Mark live objects 184.200ms
[287.254s][info][gc,phases,start] GC(251) Phase 2: Compute new object addresses
[287.400s][info][gc,phases      ] GC(251) Phase 2: Compute new object addresses 146.345ms
[287.400s][info][gc,phases,start] GC(251) Phase 3: Adjust pointers
[287.561s][info][gc,phases      ] GC(251) Phase 3: Adjust pointers 160.785ms
[287.561s][info][gc,phases,start] GC(251) Phase 4: Move objects
[287.829s][info][gc,phases      ] GC(251) Phase 4: Move objects 268.049ms
[287.830s][info][gc,heap        ] GC(251) DefNew: 1258302K(1258304K)->654526K(1258304K) Eden: 1118528K(1118528K)->654526K(1118528K) From: 139774K(139776K)->0K(139776K)
[287.830s][info][gc,heap        ] GC(251) Tenured: 2796221K(2796224K)->2796221K(2796224K)
[287.830s][info][gc,metaspace   ] GC(251) Metaspace: 10563K(10816K)->10563K(10816K) NonClass: 9529K(9664K)->9529K(9664K) Class: 1034K(1152K)->1034K(1152K)
[287.830s][info][gc             ] GC(251) Pause Full (Allocation Failure) 3959M->3369M(3959M) 760.084ms
[287.830s][info][gc,cpu         ] GC(251) User=0.76s Sys=0.00s Real=0.76s
[288.190s][info][gc,start       ] GC(252) Pause Full (Allocation Failure)
[288.190s][info][gc,phases,start] GC(252) Phase 1: Mark live objects
[288.374s][info][gc,phases      ] GC(252) Phase 1: Mark live objects 184.090ms
[288.374s][info][gc,phases,start] GC(252) Phase 2: Compute new object addresses
[288.515s][info][gc,phases      ] GC(252) Phase 2: Compute new object addresses 140.211ms
[288.515s][info][gc,phases,start] GC(252) Phase 3: Adjust pointers
[288.659s][info][gc,phases      ] GC(252) Phase 3: Adjust pointers 144.436ms
[288.659s][info][gc,phases,start] GC(252) Phase 4: Move objects
[288.947s][info][gc,phases      ] GC(252) Phase 4: Move objects 287.446ms
[288.947s][info][gc,heap        ] GC(252) DefNew: 1258301K(1258304K)->654526K(1258304K) Eden: 1118528K(1118528K)->654526K(1118528K) From: 139773K(139776K)->0K(139776K)
[288.947s][info][gc,heap        ] GC(252) Tenured: 2796221K(2796224K)->2796221K(2796224K)
[288.947s][info][gc,metaspace   ] GC(252) Metaspace: 10563K(10816K)->10563K(10816K) NonClass: 9529K(9664K)->9529K(9664K) Class: 1034K(1152K)->1034K(1152K)
[288.947s][info][gc             ] GC(252) Pause Full (Allocation Failure) 3959M->3369M(3959M) 756.920ms
[288.947s][info][gc,cpu         ] GC(252) User=0.76s Sys=0.00s Real=0.76s
[289.305s][info][gc,start       ] GC(253) Pause Full (Allocation Failure)
[289.305s][info][gc,phases,start] GC(253) Phase 1: Mark live objects
[289.489s][info][gc,phases      ] GC(253) Phase 1: Mark live objects 184.095ms
[289.489s][info][gc,phases,start] GC(253) Phase 2: Compute new object addresses
[289.629s][info][gc,phases      ] GC(253) Phase 2: Compute new object addresses 140.283ms
[289.629s][info][gc,phases,start] GC(253) Phase 3: Adjust pointers
[289.787s][info][gc,phases      ] GC(253) Phase 3: Adjust pointers 158.016ms
[289.787s][info][gc,phases,start] GC(253) Phase 4: Move objects
[290.082s][info][gc,phases      ] GC(253) Phase 4: Move objects 294.754ms
[290.083s][info][gc,heap        ] GC(253) DefNew: 1258303K(1258304K)->654526K(1258304K) Eden: 1118528K(1118528K)->654526K(1118528K) From: 139775K(139776K)->0K(139776K)
[290.083s][info][gc,heap        ] GC(253) Tenured: 2796221K(2796224K)->2796221K(2796224K)
[290.083s][info][gc,metaspace   ] GC(253) Metaspace: 10563K(10816K)->10563K(10816K) NonClass: 9529K(9664K)->9529K(9664K) Class: 1034K(1152K)->1034K(1152K)
[290.083s][info][gc             ] GC(253) Pause Full (Allocation Failure) 3959M->3369M(3959M) 777.890ms
[290.083s][info][gc,cpu         ] GC(253) User=0.78s Sys=0.00s Real=0.77s
[290.441s][info][gc,start       ] GC(254) Pause Full (Allocation Failure)
[290.441s][info][gc,phases,start] GC(254) Phase 1: Mark live objects
[290.624s][info][gc,phases      ] GC(254) Phase 1: Mark live objects 183.842ms
[290.625s][info][gc,phases,start] GC(254) Phase 2: Compute new object addresses
[290.763s][info][gc,phases      ] GC(254) Phase 2: Compute new object addresses 138.004ms
[290.763s][info][gc,phases,start] GC(254) Phase 3: Adjust pointers
[290.910s][info][gc,phases      ] GC(254) Phase 3: Adjust pointers 147.574ms
[290.910s][info][gc,phases,start] GC(254) Phase 4: Move objects
[291.222s][info][gc,phases      ] GC(254) Phase 4: Move objects 311.437ms
[291.222s][info][gc,heap        ] GC(254) DefNew: 1258301K(1258304K)->514715K(1258304K) Eden: 1118528K(1118528K)->514715K(1118528K) From: 139773K(139776K)->0K(139776K)
[291.222s][info][gc,heap        ] GC(254) Tenured: 2796221K(2796224K)->2796221K(2796224K)
[291.222s][info][gc,metaspace   ] GC(254) Metaspace: 10563K(10816K)->10563K(10816K) NonClass: 9529K(9664K)->9529K(9664K) Class: 1034K(1152K)->1034K(1152K)
[291.222s][info][gc             ] GC(254) Pause Full (Allocation Failure) 3959M->3233M(3959M) 781.561ms
[291.222s][info][gc,cpu         ] GC(254) User=0.78s Sys=0.00s Real=0.78s
[291.633s][info][gc,start       ] GC(255) Pause Full (Allocation Failure)
[291.634s][info][gc,phases,start] GC(255) Phase 1: Mark live objects
[291.817s][info][gc,phases      ] GC(255) Phase 1: Mark live objects 183.666ms
[291.817s][info][gc,phases,start] GC(255) Phase 2: Compute new object addresses
[291.962s][info][gc,phases      ] GC(255) Phase 2: Compute new object addresses 145.056ms
[291.962s][info][gc,phases,start] GC(255) Phase 3: Adjust pointers
[292.124s][info][gc,phases      ] GC(255) Phase 3: Adjust pointers 161.522ms
[292.124s][info][gc,phases,start] GC(255) Phase 4: Move objects
[292.391s][info][gc,phases      ] GC(255) Phase 4: Move objects 266.770ms
[292.391s][info][gc,heap        ] GC(255) DefNew: 1258300K(1258304K)->654526K(1258304K) Eden: 1118528K(1118528K)->654526K(1118528K) From: 139772K(139776K)->0K(139776K)
[292.391s][info][gc,heap        ] GC(255) Tenured: 2796221K(2796224K)->2796221K(2796224K)
[292.391s][info][gc,metaspace   ] GC(255) Metaspace: 10563K(10816K)->10563K(10816K) NonClass: 9529K(9664K)->9529K(9664K) Class: 1034K(1152K)->1034K(1152K)
[292.391s][info][gc             ] GC(255) Pause Full (Allocation Failure) 3959M->3369M(3959M) 757.730ms
[292.391s][info][gc,cpu         ] GC(255) User=0.76s Sys=0.00s Real=0.75s
[292.752s][info][gc,start       ] GC(256) Pause Full (Allocation Failure)
[292.753s][info][gc,phases,start] GC(256) Phase 1: Mark live objects
[292.937s][info][gc,phases      ] GC(256) Phase 1: Mark live objects 184.123ms
[292.937s][info][gc,phases,start] GC(256) Phase 2: Compute new object addresses
[293.076s][info][gc,phases      ] GC(256) Phase 2: Compute new object addresses 139.155ms
[293.076s][info][gc,phases,start] GC(256) Phase 3: Adjust pointers
[293.226s][info][gc,phases      ] GC(256) Phase 3: Adjust pointers 150.123ms
[293.226s][info][gc,phases,start] GC(256) Phase 4: Move objects
[293.515s][info][gc,phases      ] GC(256) Phase 4: Move objects 289.240ms
[293.516s][info][gc,heap        ] GC(256) DefNew: 1258302K(1258304K)->654513K(1258304K) Eden: 1118528K(1118528K)->654513K(1118528K) From: 139774K(139776K)->0K(139776K)
[293.516s][info][gc,heap        ] GC(256) Tenured: 2796221K(2796224K)->2796221K(2796224K)
[293.516s][info][gc,metaspace   ] GC(256) Metaspace: 10563K(10816K)->10563K(10816K) NonClass: 9529K(9664K)->9529K(9664K) Class: 1034K(1152K)->1034K(1152K)
[293.516s][info][gc             ] GC(256) Pause Full (Allocation Failure) 3959M->3369M(3959M) 763.350ms
[293.516s][info][gc,cpu         ] GC(256) User=0.76s Sys=0.01s Real=0.77s
[293.878s][info][gc,start       ] GC(257) Pause Full (Allocation Failure)
[293.878s][info][gc,phases,start] GC(257) Phase 1: Mark live objects
[294.063s][info][gc,phases      ] GC(257) Phase 1: Mark live objects 184.378ms
[294.063s][info][gc,phases,start] GC(257) Phase 2: Compute new object addresses
[294.206s][info][gc,phases      ] GC(257) Phase 2: Compute new object addresses 142.867ms
[294.206s][info][gc,phases,start] GC(257) Phase 3: Adjust pointers
[294.350s][info][gc,phases      ] GC(257) Phase 3: Adjust pointers 144.301ms
[294.350s][info][gc,phases,start] GC(257) Phase 4: Move objects
[294.645s][info][gc,phases      ] GC(257) Phase 4: Move objects 294.993ms
[294.645s][info][gc,heap        ] GC(257) DefNew: 1258302K(1258304K)->654526K(1258304K) Eden: 1118528K(1118528K)->654526K(1118528K) From: 139774K(139776K)->0K(139776K)
[294.645s][info][gc,heap        ] GC(257) Tenured: 2796221K(2796224K)->2796221K(2796224K)
[294.645s][info][gc,metaspace   ] GC(257) Metaspace: 10563K(10816K)->10563K(10816K) NonClass: 9529K(9664K)->9529K(9664K) Class: 1034K(1152K)->1034K(1152K)
[294.645s][info][gc             ] GC(257) Pause Full (Allocation Failure) 3959M->3369M(3959M) 767.255ms
[294.645s][info][gc,cpu         ] GC(257) User=0.77s Sys=0.00s Real=0.77s
[295.007s][info][gc,start       ] GC(258) Pause Full (Allocation Failure)
[295.007s][info][gc,phases,start] GC(258) Phase 1: Mark live objects
[295.192s][info][gc,phases      ] GC(258) Phase 1: Mark live objects 184.390ms
[295.192s][info][gc,phases,start] GC(258) Phase 2: Compute new object addresses
[295.332s][info][gc,phases      ] GC(258) Phase 2: Compute new object addresses 139.975ms
[295.332s][info][gc,phases,start] GC(258) Phase 3: Adjust pointers
[295.478s][info][gc,phases      ] GC(258) Phase 3: Adjust pointers 146.840ms
[295.478s][info][gc,phases,start] GC(258) Phase 4: Move objects
[295.787s][info][gc,phases      ] GC(258) Phase 4: Move objects 308.787ms
[295.788s][info][gc,heap        ] GC(258) DefNew: 1258301K(1258304K)->514715K(1258304K) Eden: 1118528K(1118528K)->514715K(1118528K) From: 139773K(139776K)->0K(139776K)
[295.788s][info][gc,heap        ] GC(258) Tenured: 2796221K(2796224K)->2796221K(2796224K)
[295.788s][info][gc,metaspace   ] GC(258) Metaspace: 10563K(10816K)->10563K(10816K) NonClass: 9529K(9664K)->9529K(9664K) Class: 1034K(1152K)->1034K(1152K)
[295.788s][info][gc             ] GC(258) Pause Full (Allocation Failure) 3959M->3233M(3959M) 780.725ms
[295.788s][info][gc,cpu         ] GC(258) User=0.78s Sys=0.00s Real=0.78s
[296.213s][info][gc,start       ] GC(259) Pause Full (Allocation Failure)
[296.213s][info][gc,phases,start] GC(259) Phase 1: Mark live objects
[296.397s][info][gc,phases      ] GC(259) Phase 1: Mark live objects 184.129ms
[296.397s][info][gc,phases,start] GC(259) Phase 2: Compute new object addresses
[296.542s][info][gc,phases      ] GC(259) Phase 2: Compute new object addresses 145.416ms
[296.542s][info][gc,phases,start] GC(259) Phase 3: Adjust pointers
[296.696s][info][gc,phases      ] GC(259) Phase 3: Adjust pointers 153.759ms
[296.696s][info][gc,phases,start] GC(259) Phase 4: Move objects
[296.964s][info][gc,phases      ] GC(259) Phase 4: Move objects 267.493ms
[296.964s][info][gc,heap        ] GC(259) DefNew: 1258300K(1258304K)->654526K(1258304K) Eden: 1118528K(1118528K)->654526K(1118528K) From: 139772K(139776K)->0K(139776K)
[296.964s][info][gc,heap        ] GC(259) Tenured: 2796221K(2796224K)->2796221K(2796224K)
[296.964s][info][gc,metaspace   ] GC(259) Metaspace: 10563K(10816K)->10563K(10816K) NonClass: 9529K(9664K)->9529K(9664K) Class: 1034K(1152K)->1034K(1152K)
[296.964s][info][gc             ] GC(259) Pause Full (Allocation Failure) 3959M->3369M(3959M) 751.520ms
[296.964s][info][gc,cpu         ] GC(259) User=0.75s Sys=0.00s Real=0.74s
[297.322s][info][gc,start       ] GC(260) Pause Full (Allocation Failure)
[297.322s][info][gc,phases,start] GC(260) Phase 1: Mark live objects
[297.506s][info][gc,phases      ] GC(260) Phase 1: Mark live objects 183.945ms
[297.506s][info][gc,phases,start] GC(260) Phase 2: Compute new object addresses
[297.630s][info][gc,phases      ] GC(260) Phase 2: Compute new object addresses 124.852ms
[297.631s][info][gc,phases,start] GC(260) Phase 3: Adjust pointers
[297.785s][info][gc,phases      ] GC(260) Phase 3: Adjust pointers 154.152ms
[297.785s][info][gc,phases,start] GC(260) Phase 4: Move objects
[298.074s][info][gc,phases      ] GC(260) Phase 4: Move objects 288.886ms
[298.074s][info][gc,heap        ] GC(260) DefNew: 1258301K(1258304K)->654510K(1258304K) Eden: 1118528K(1118528K)->654510K(1118528K) From: 139773K(139776K)->0K(139776K)
[298.074s][info][gc,heap        ] GC(260) Tenured: 2796221K(2796224K)->2796221K(2796224K)
[298.074s][info][gc,metaspace   ] GC(260) Metaspace: 10563K(10816K)->10563K(10816K) NonClass: 9529K(9664K)->9529K(9664K) Class: 1034K(1152K)->1034K(1152K)
[298.074s][info][gc             ] GC(260) Pause Full (Allocation Failure) 3959M->3369M(3959M) 752.531ms
[298.074s][info][gc,cpu         ] GC(260) User=0.75s Sys=0.00s Real=0.76s
[298.434s][info][gc,start       ] GC(261) Pause Full (Allocation Failure)
[298.434s][info][gc,phases,start] GC(261) Phase 1: Mark live objects
[298.619s][info][gc,phases      ] GC(261) Phase 1: Mark live objects 184.709ms
[298.619s][info][gc,phases,start] GC(261) Phase 2: Compute new object addresses
[298.757s][info][gc,phases      ] GC(261) Phase 2: Compute new object addresses 138.148ms
[298.757s][info][gc,phases,start] GC(261) Phase 3: Adjust pointers
[298.907s][info][gc,phases      ] GC(261) Phase 3: Adjust pointers 150.237ms
[298.907s][info][gc,phases,start] GC(261) Phase 4: Move objects
[299.204s][info][gc,phases      ] GC(261) Phase 4: Move objects 296.891ms
[299.205s][info][gc,heap        ] GC(261) DefNew: 1258301K(1258304K)->654522K(1258304K) Eden: 1118528K(1118528K)->654522K(1118528K) From: 139773K(139776K)->0K(139776K)
[299.205s][info][gc,heap        ] GC(261) Tenured: 2796221K(2796224K)->2796221K(2796224K)
[299.205s][info][gc,metaspace   ] GC(261) Metaspace: 10563K(10816K)->10563K(10816K) NonClass: 9529K(9664K)->9529K(9664K) Class: 1034K(1152K)->1034K(1152K)
[299.205s][info][gc             ] GC(261) Pause Full (Allocation Failure) 3959M->3369M(3959M) 770.702ms
[299.205s][info][gc,cpu         ] GC(261) User=0.77s Sys=0.00s Real=0.77s
[299.562s][info][gc,start       ] GC(262) Pause Full (Allocation Failure)
[299.562s][info][gc,phases,start] GC(262) Phase 1: Mark live objects
[299.747s][info][gc,phases      ] GC(262) Phase 1: Mark live objects 185.175ms
[299.747s][info][gc,phases,start] GC(262) Phase 2: Compute new object addresses
[299.872s][info][gc,phases      ] GC(262) Phase 2: Compute new object addresses 124.596ms
[299.872s][info][gc,phases,start] GC(262) Phase 3: Adjust pointers
[300.022s][info][gc,phases      ] GC(262) Phase 3: Adjust pointers 150.706ms
[300.022s][info][gc,phases,start] GC(262) Phase 4: Move objects
[300.333s][info][gc,phases      ] GC(262) Phase 4: Move objects 310.957ms
[300.334s][info][gc,heap        ] GC(262) DefNew: 1258301K(1258304K)->514715K(1258304K) Eden: 1118528K(1118528K)->514715K(1118528K) From: 139773K(139776K)->0K(139776K)
[300.334s][info][gc,heap        ] GC(262) Tenured: 2796221K(2796224K)->2796221K(2796224K)
[300.334s][info][gc,metaspace   ] GC(262) Metaspace: 10563K(10816K)->10563K(10816K) NonClass: 9529K(9664K)->9529K(9664K) Class: 1034K(1152K)->1034K(1152K)
[300.334s][info][gc             ] GC(262) Pause Full (Allocation Failure) 3959M->3233M(3959M) 772.167ms
[300.334s][info][gc,cpu         ] GC(262) User=0.77s Sys=0.00s Real=0.78s
[300.756s][info][gc,start       ] GC(263) Pause Full (Allocation Failure)
[300.756s][info][gc,phases,start] GC(263) Phase 1: Mark live objects
[300.940s][info][gc,phases      ] GC(263) Phase 1: Mark live objects 183.956ms
[300.940s][info][gc,phases,start] GC(263) Phase 2: Compute new object addresses
[301.086s][info][gc,phases      ] GC(263) Phase 2: Compute new object addresses 145.689ms
[301.086s][info][gc,phases,start] GC(263) Phase 3: Adjust pointers
[301.246s][info][gc,phases      ] GC(263) Phase 3: Adjust pointers 160.013ms
[301.246s][info][gc,phases,start] GC(263) Phase 4: Move objects
[301.513s][info][gc,phases      ] GC(263) Phase 4: Move objects 267.224ms
[301.513s][info][gc,heap        ] GC(263) DefNew: 1258301K(1258304K)->654526K(1258304K) Eden: 1118528K(1118528K)->654526K(1118528K) From: 139773K(139776K)->0K(139776K)
[301.513s][info][gc,heap        ] GC(263) Tenured: 2796221K(2796224K)->2796221K(2796224K)
[301.513s][info][gc,metaspace   ] GC(263) Metaspace: 10563K(10816K)->10563K(10816K) NonClass: 9529K(9664K)->9529K(9664K) Class: 1034K(1152K)->1034K(1152K)
[301.513s][info][gc             ] GC(263) Pause Full (Allocation Failure) 3959M->3369M(3959M) 757.592ms
[301.513s][info][gc,cpu         ] GC(263) User=0.76s Sys=0.00s Real=0.76s
[301.868s][info][gc,start       ] GC(264) Pause Full (Allocation Failure)
[301.868s][info][gc,phases,start] GC(264) Phase 1: Mark live objects
[302.051s][info][gc,phases      ] GC(264) Phase 1: Mark live objects 183.127ms
[302.051s][info][gc,phases,start] GC(264) Phase 2: Compute new object addresses
[302.192s][info][gc,phases      ] GC(264) Phase 2: Compute new object addresses 141.020ms
[302.192s][info][gc,phases,start] GC(264) Phase 3: Adjust pointers
[302.351s][info][gc,phases      ] GC(264) Phase 3: Adjust pointers 158.715ms
[302.351s][info][gc,phases,start] GC(264) Phase 4: Move objects
[302.640s][info][gc,phases      ] GC(264) Phase 4: Move objects 289.306ms
[302.641s][info][gc,heap        ] GC(264) DefNew: 1258301K(1258304K)->654519K(1258304K) Eden: 1118528K(1118528K)->654519K(1118528K) From: 139773K(139776K)->0K(139776K)
[302.641s][info][gc,heap        ] GC(264) Tenured: 2796221K(2796224K)->2796221K(2796224K)
[302.641s][info][gc,metaspace   ] GC(264) Metaspace: 10563K(10816K)->10563K(10816K) NonClass: 9529K(9664K)->9529K(9664K) Class: 1034K(1152K)->1034K(1152K)
[302.641s][info][gc             ] GC(264) Pause Full (Allocation Failure) 3959M->3369M(3959M) 772.899ms
[302.641s][info][gc,cpu         ] GC(264) User=0.78s Sys=0.00s Real=0.77s
[302.998s][info][gc,start       ] GC(265) Pause Full (Allocation Failure)
[302.998s][info][gc,phases,start] GC(265) Phase 1: Mark live objects
[303.184s][info][gc,phases      ] GC(265) Phase 1: Mark live objects 185.152ms
[303.184s][info][gc,phases,start] GC(265) Phase 2: Compute new object addresses
[303.325s][info][gc,phases      ] GC(265) Phase 2: Compute new object addresses 141.325ms
[303.325s][info][gc,phases,start] GC(265) Phase 3: Adjust pointers
[303.480s][info][gc,phases      ] GC(265) Phase 3: Adjust pointers 155.407ms
[303.480s][info][gc,phases,start] GC(265) Phase 4: Move objects
[303.776s][info][gc,phases      ] GC(265) Phase 4: Move objects 295.686ms
[303.776s][info][gc,heap        ] GC(265) DefNew: 1258301K(1258304K)->654518K(1258304K) Eden: 1118528K(1118528K)->654518K(1118528K) From: 139773K(139776K)->0K(139776K)
[303.777s][info][gc,heap        ] GC(265) Tenured: 2796221K(2796224K)->2796223K(2796224K)
[303.777s][info][gc,metaspace   ] GC(265) Metaspace: 10563K(10816K)->10563K(10816K) NonClass: 9529K(9664K)->9529K(9664K) Class: 1034K(1152K)->1034K(1152K)
[303.777s][info][gc             ] GC(265) Pause Full (Allocation Failure) 3959M->3369M(3959M) 778.315ms
[303.777s][info][gc,cpu         ] GC(265) User=0.77s Sys=0.00s Real=0.78s
[304.135s][info][gc,start       ] GC(266) Pause Full (Allocation Failure)
[304.135s][info][gc,phases,start] GC(266) Phase 1: Mark live objects
[304.319s][info][gc,phases      ] GC(266) Phase 1: Mark live objects 183.998ms
[304.319s][info][gc,phases,start] GC(266) Phase 2: Compute new object addresses
[304.450s][info][gc,phases      ] GC(266) Phase 2: Compute new object addresses 130.601ms
[304.450s][info][gc,phases,start] GC(266) Phase 3: Adjust pointers
[304.595s][info][gc,phases      ] GC(266) Phase 3: Adjust pointers 144.421ms
[304.595s][info][gc,phases,start] GC(266) Phase 4: Move objects
[304.905s][info][gc,phases      ] GC(266) Phase 4: Move objects 310.552ms
[304.906s][info][gc,heap        ] GC(266) DefNew: 1258301K(1258304K)->514715K(1258304K) Eden: 1118528K(1118528K)->514715K(1118528K) From: 139773K(139776K)->0K(139776K)
[304.906s][info][gc,heap        ] GC(266) Tenured: 2796223K(2796224K)->2796221K(2796224K)
[304.906s][info][gc,metaspace   ] GC(266) Metaspace: 10563K(10816K)->10563K(10816K) NonClass: 9529K(9664K)->9529K(9664K) Class: 1034K(1152K)->1034K(1152K)
[304.906s][info][gc             ] GC(266) Pause Full (Allocation Failure) 3959M->3233M(3959M) 770.278ms
[304.906s][info][gc,cpu         ] GC(266) User=0.77s Sys=0.00s Real=0.77s
[305.325s][info][gc,start       ] GC(267) Pause Full (Allocation Failure)
[305.325s][info][gc,phases,start] GC(267) Phase 1: Mark live objects
[305.510s][info][gc,phases      ] GC(267) Phase 1: Mark live objects 185.506ms
[305.510s][info][gc,phases,start] GC(267) Phase 2: Compute new object addresses
[305.647s][info][gc,phases      ] GC(267) Phase 2: Compute new object addresses 136.799ms
[305.647s][info][gc,phases,start] GC(267) Phase 3: Adjust pointers
[305.795s][info][gc,phases      ] GC(267) Phase 3: Adjust pointers 147.742ms
[305.795s][info][gc,phases,start] GC(267) Phase 4: Move objects
[306.063s][info][gc,phases      ] GC(267) Phase 4: Move objects 267.748ms
[306.063s][info][gc,heap        ] GC(267) DefNew: 1258303K(1258304K)->654526K(1258304K) Eden: 1118528K(1118528K)->654526K(1118528K) From: 139775K(139776K)->0K(139776K)
[306.063s][info][gc,heap        ] GC(267) Tenured: 2796221K(2796224K)->2796222K(2796224K)
[306.063s][info][gc,metaspace   ] GC(267) Metaspace: 10563K(10816K)->10563K(10816K) NonClass: 9529K(9664K)->9529K(9664K) Class: 1034K(1152K)->1034K(1152K)
[306.063s][info][gc             ] GC(267) Pause Full (Allocation Failure) 3959M->3369M(3959M) 738.533ms
[306.063s][info][gc,cpu         ] GC(267) User=0.74s Sys=0.00s Real=0.74s
[306.425s][info][gc,start       ] GC(268) Pause Full (Allocation Failure)
[306.425s][info][gc,phases,start] GC(268) Phase 1: Mark live objects
[306.609s][info][gc,phases      ] GC(268) Phase 1: Mark live objects 183.844ms
[306.609s][info][gc,phases,start] GC(268) Phase 2: Compute new object addresses
[306.755s][info][gc,phases      ] GC(268) Phase 2: Compute new object addresses 145.903ms
[306.755s][info][gc,phases,start] GC(268) Phase 3: Adjust pointers
[306.914s][info][gc,phases      ] GC(268) Phase 3: Adjust pointers 158.907ms
[306.914s][info][gc,phases,start] GC(268) Phase 4: Move objects
[307.202s][info][gc,phases      ] GC(268) Phase 4: Move objects 288.293ms
[307.203s][info][gc,heap        ] GC(268) DefNew: 1258302K(1258304K)->654526K(1258304K) Eden: 1118528K(1118528K)->654526K(1118528K) From: 139774K(139776K)->0K(139776K)
[307.203s][info][gc,heap        ] GC(268) Tenured: 2796222K(2796224K)->2796222K(2796224K)
[307.203s][info][gc,metaspace   ] GC(268) Metaspace: 10563K(10816K)->10563K(10816K) NonClass: 9529K(9664K)->9529K(9664K) Class: 1034K(1152K)->1034K(1152K)
[307.203s][info][gc             ] GC(268) Pause Full (Allocation Failure) 3959M->3369M(3959M) 777.670ms
[307.203s][info][gc,cpu         ] GC(268) User=0.78s Sys=0.00s Real=0.77s
[307.560s][info][gc,start       ] GC(269) Pause Full (Allocation Failure)
[307.560s][info][gc,phases,start] GC(269) Phase 1: Mark live objects
[307.744s][info][gc,phases      ] GC(269) Phase 1: Mark live objects 184.271ms
[307.744s][info][gc,phases,start] GC(269) Phase 2: Compute new object addresses
[307.876s][info][gc,phases      ] GC(269) Phase 2: Compute new object addresses 131.604ms
[307.876s][info][gc,phases,start] GC(269) Phase 3: Adjust pointers
[308.036s][info][gc,phases      ] GC(269) Phase 3: Adjust pointers 160.312ms
[308.036s][info][gc,phases,start] GC(269) Phase 4: Move objects
[308.332s][info][gc,phases      ] GC(269) Phase 4: Move objects 296.316ms
[308.333s][info][gc,heap        ] GC(269) DefNew: 1258301K(1258304K)->654526K(1258304K) Eden: 1118528K(1118528K)->654526K(1118528K) From: 139773K(139776K)->0K(139776K)
[308.333s][info][gc,heap        ] GC(269) Tenured: 2796222K(2796224K)->2796222K(2796224K)
[308.333s][info][gc,metaspace   ] GC(269) Metaspace: 10563K(10816K)->10563K(10816K) NonClass: 9529K(9664K)->9529K(9664K) Class: 1034K(1152K)->1034K(1152K)
[308.333s][info][gc             ] GC(269) Pause Full (Allocation Failure) 3959M->3369M(3959M) 773.215ms
[308.333s][info][gc,cpu         ] GC(269) User=0.78s Sys=0.00s Real=0.78s
[308.692s][info][gc,start       ] GC(270) Pause Full (Allocation Failure)
[308.692s][info][gc,phases,start] GC(270) Phase 1: Mark live objects
[308.875s][info][gc,phases      ] GC(270) Phase 1: Mark live objects 183.414ms
[308.875s][info][gc,phases,start] GC(270) Phase 2: Compute new object addresses
[309.016s][info][gc,phases      ] GC(270) Phase 2: Compute new object addresses 141.280ms
[309.016s][info][gc,phases,start] GC(270) Phase 3: Adjust pointers
[309.173s][info][gc,phases      ] GC(270) Phase 3: Adjust pointers 156.960ms
[309.173s][info][gc,phases,start] GC(270) Phase 4: Move objects
[309.483s][info][gc,phases      ] GC(270) Phase 4: Move objects 309.997ms
[309.484s][info][gc,heap        ] GC(270) DefNew: 1258302K(1258304K)->514715K(1258304K) Eden: 1118528K(1118528K)->514715K(1118528K) From: 139774K(139776K)->0K(139776K)
[309.484s][info][gc,heap        ] GC(270) Tenured: 2796222K(2796224K)->2796221K(2796224K)
[309.484s][info][gc,metaspace   ] GC(270) Metaspace: 10563K(10816K)->10563K(10816K) NonClass: 9529K(9664K)->9529K(9664K) Class: 1034K(1152K)->1034K(1152K)
[309.484s][info][gc             ] GC(270) Pause Full (Allocation Failure) 3959M->3233M(3959M) 792.342ms
[309.484s][info][gc,cpu         ] GC(270) User=0.79s Sys=0.00s Real=0.79s
[309.904s][info][gc,start       ] GC(271) Pause Full (Allocation Failure)
[309.904s][info][gc,phases,start] GC(271) Phase 1: Mark live objects
[310.089s][info][gc,phases      ] GC(271) Phase 1: Mark live objects 184.207ms
[310.089s][info][gc,phases,start] GC(271) Phase 2: Compute new object addresses
[310.240s][info][gc,phases      ] GC(271) Phase 2: Compute new object addresses 150.806ms
[310.240s][info][gc,phases,start] GC(271) Phase 3: Adjust pointers
[310.407s][info][gc,phases      ] GC(271) Phase 3: Adjust pointers 167.283ms
[310.407s][info][gc,phases,start] GC(271) Phase 4: Move objects
[310.675s][info][gc,phases      ] GC(271) Phase 4: Move objects 268.377ms
[310.676s][info][gc,heap        ] GC(271) DefNew: 1258301K(1258304K)->654518K(1258304K) Eden: 1118528K(1118528K)->654518K(1118528K) From: 139773K(139776K)->0K(139776K)
[310.676s][info][gc,heap        ] GC(271) Tenured: 2796221K(2796224K)->2796222K(2796224K)
[310.676s][info][gc,metaspace   ] GC(271) Metaspace: 10563K(10816K)->10563K(10816K) NonClass: 9529K(9664K)->9529K(9664K) Class: 1034K(1152K)->1034K(1152K)
[310.676s][info][gc             ] GC(271) Pause Full (Allocation Failure) 3959M->3369M(3959M) 771.425ms
[310.676s][info][gc,cpu         ] GC(271) User=0.77s Sys=0.00s Real=0.78s
[311.036s][info][gc,start       ] GC(272) Pause Full (Allocation Failure)
[311.036s][info][gc,phases,start] GC(272) Phase 1: Mark live objects
[311.220s][info][gc,phases      ] GC(272) Phase 1: Mark live objects 184.078ms
[311.220s][info][gc,phases,start] GC(272) Phase 2: Compute new object addresses
[311.365s][info][gc,phases      ] GC(272) Phase 2: Compute new object addresses 145.074ms
[311.365s][info][gc,phases,start] GC(272) Phase 3: Adjust pointers
[311.512s][info][gc,phases      ] GC(272) Phase 3: Adjust pointers 147.252ms
[311.512s][info][gc,phases,start] GC(272) Phase 4: Move objects
[311.803s][info][gc,phases      ] GC(272) Phase 4: Move objects 290.397ms
[311.803s][info][gc,heap        ] GC(272) DefNew: 1258302K(1258304K)->654526K(1258304K) Eden: 1118528K(1118528K)->654526K(1118528K) From: 139774K(139776K)->0K(139776K)
[311.803s][info][gc,heap        ] GC(272) Tenured: 2796222K(2796224K)->2796222K(2796224K)
[311.803s][info][gc,metaspace   ] GC(272) Metaspace: 10563K(10816K)->10563K(10816K) NonClass: 9529K(9664K)->9529K(9664K) Class: 1034K(1152K)->1034K(1152K)
[311.803s][info][gc             ] GC(272) Pause Full (Allocation Failure) 3959M->3369M(3959M) 767.517ms
[311.803s][info][gc,cpu         ] GC(272) User=0.77s Sys=0.00s Real=0.76s
[312.163s][info][gc,start       ] GC(273) Pause Full (Allocation Failure)
[312.163s][info][gc,phases,start] GC(273) Phase 1: Mark live objects
[312.348s][info][gc,phases      ] GC(273) Phase 1: Mark live objects 184.733ms
[312.348s][info][gc,phases,start] GC(273) Phase 2: Compute new object addresses
[312.486s][info][gc,phases      ] GC(273) Phase 2: Compute new object addresses 138.228ms
[312.486s][info][gc,phases,start] GC(273) Phase 3: Adjust pointers
[312.637s][info][gc,phases      ] GC(273) Phase 3: Adjust pointers 150.226ms
[312.637s][info][gc,phases,start] GC(273) Phase 4: Move objects
[312.932s][info][gc,phases      ] GC(273) Phase 4: Move objects 294.951ms
[312.932s][info][gc,heap        ] GC(273) DefNew: 1258302K(1258304K)->654526K(1258304K) Eden: 1118528K(1118528K)->654526K(1118528K) From: 139774K(139776K)->0K(139776K)
[312.932s][info][gc,heap        ] GC(273) Tenured: 2796222K(2796224K)->2796222K(2796224K)
[312.932s][info][gc,metaspace   ] GC(273) Metaspace: 10563K(10816K)->10563K(10816K) NonClass: 9529K(9664K)->9529K(9664K) Class: 1034K(1152K)->1034K(1152K)
[312.932s][info][gc             ] GC(273) Pause Full (Allocation Failure) 3959M->3369M(3959M) 768.833ms
[312.932s][info][gc,cpu         ] GC(273) User=0.77s Sys=0.00s Real=0.77s
[313.294s][info][gc,start       ] GC(274) Pause Full (Allocation Failure)
[313.294s][info][gc,phases,start] GC(274) Phase 1: Mark live objects
[313.478s][info][gc,phases      ] GC(274) Phase 1: Mark live objects 183.675ms
[313.478s][info][gc,phases,start] GC(274) Phase 2: Compute new object addresses
[313.616s][info][gc,phases      ] GC(274) Phase 2: Compute new object addresses 137.679ms
[313.616s][info][gc,phases,start] GC(274) Phase 3: Adjust pointers
[313.767s][info][gc,phases      ] GC(274) Phase 3: Adjust pointers 151.412ms
[313.767s][info][gc,phases,start] GC(274) Phase 4: Move objects
[314.078s][info][gc,phases      ] GC(274) Phase 4: Move objects 311.018ms
[314.079s][info][gc,heap        ] GC(274) DefNew: 1258300K(1258304K)->514715K(1258304K) Eden: 1118528K(1118528K)->514715K(1118528K) From: 139772K(139776K)->0K(139776K)
[314.079s][info][gc,heap        ] GC(274) Tenured: 2796222K(2796224K)->2796222K(2796224K)
[314.079s][info][gc,metaspace   ] GC(274) Metaspace: 10563K(10816K)->10563K(10816K) NonClass: 9529K(9664K)->9529K(9664K) Class: 1034K(1152K)->1034K(1152K)
[314.079s][info][gc             ] GC(274) Pause Full (Allocation Failure) 3959M->3233M(3959M) 784.485ms
[314.079s][info][gc,cpu         ] GC(274) User=0.79s Sys=0.00s Real=0.78s
[314.494s][info][gc,start       ] GC(275) Pause Full (Allocation Failure)
[314.494s][info][gc,phases,start] GC(275) Phase 1: Mark live objects
[314.678s][info][gc,phases      ] GC(275) Phase 1: Mark live objects 184.143ms
[314.678s][info][gc,phases,start] GC(275) Phase 2: Compute new object addresses
[314.816s][info][gc,phases      ] GC(275) Phase 2: Compute new object addresses 138.351ms
[314.816s][info][gc,phases,start] GC(275) Phase 3: Adjust pointers
[314.980s][info][gc,phases      ] GC(275) Phase 3: Adjust pointers 163.270ms
[314.980s][info][gc,phases,start] GC(275) Phase 4: Move objects
[315.247s][info][gc,phases      ] GC(275) Phase 4: Move objects 267.453ms
[315.248s][info][gc,heap        ] GC(275) DefNew: 1258303K(1258304K)->654526K(1258304K) Eden: 1118528K(1118528K)->654526K(1118528K) From: 139775K(139776K)->0K(139776K)
[315.248s][info][gc,heap        ] GC(275) Tenured: 2796222K(2796224K)->2796221K(2796224K)
[315.248s][info][gc,metaspace   ] GC(275) Metaspace: 10563K(10816K)->10563K(10816K) NonClass: 9529K(9664K)->9529K(9664K) Class: 1034K(1152K)->1034K(1152K)
[315.248s][info][gc             ] GC(275) Pause Full (Allocation Failure) 3959M->3369M(3959M) 753.963ms
[315.248s][info][gc,cpu         ] GC(275) User=0.76s Sys=0.00s Real=0.75s
[315.607s][info][gc,start       ] GC(276) Pause Full (Allocation Failure)
[315.607s][info][gc,phases,start] GC(276) Phase 1: Mark live objects
[315.791s][info][gc,phases      ] GC(276) Phase 1: Mark live objects 183.442ms
[315.791s][info][gc,phases,start] GC(276) Phase 2: Compute new object addresses
[315.931s][info][gc,phases      ] GC(276) Phase 2: Compute new object addresses 140.495ms
[315.931s][info][gc,phases,start] GC(276) Phase 3: Adjust pointers
[316.076s][info][gc,phases      ] GC(276) Phase 3: Adjust pointers 145.069ms
[316.076s][info][gc,phases,start] GC(276) Phase 4: Move objects
[316.367s][info][gc,phases      ] GC(276) Phase 4: Move objects 290.566ms
[316.367s][info][gc,heap        ] GC(276) DefNew: 1258303K(1258304K)->654526K(1258304K) Eden: 1118528K(1118528K)->654526K(1118528K) From: 139775K(139776K)->0K(139776K)
[316.367s][info][gc,heap        ] GC(276) Tenured: 2796221K(2796224K)->2796222K(2796224K)
[316.367s][info][gc,metaspace   ] GC(276) Metaspace: 10563K(10816K)->10563K(10816K) NonClass: 9529K(9664K)->9529K(9664K) Class: 1034K(1152K)->1034K(1152K)
[316.367s][info][gc             ] GC(276) Pause Full (Allocation Failure) 3959M->3369M(3959M) 760.305ms
[316.367s][info][gc,cpu         ] GC(276) User=0.76s Sys=0.00s Real=0.76s
[316.728s][info][gc,start       ] GC(277) Pause Full (Allocation Failure)
[316.728s][info][gc,phases,start] GC(277) Phase 1: Mark live objects
[316.912s][info][gc,phases      ] GC(277) Phase 1: Mark live objects 183.919ms
[316.912s][info][gc,phases,start] GC(277) Phase 2: Compute new object addresses
[317.057s][info][gc,phases      ] GC(277) Phase 2: Compute new object addresses 144.979ms
[317.057s][info][gc,phases,start] GC(277) Phase 3: Adjust pointers
[317.216s][info][gc,phases      ] GC(277) Phase 3: Adjust pointers 158.385ms
[317.216s][info][gc,phases,start] GC(277) Phase 4: Move objects
[317.514s][info][gc,phases      ] GC(277) Phase 4: Move objects 298.212ms
[317.514s][info][gc,heap        ] GC(277) DefNew: 1258303K(1258304K)->654526K(1258304K) Eden: 1118528K(1118528K)->654526K(1118528K) From: 139775K(139776K)->0K(139776K)
[317.514s][info][gc,heap        ] GC(277) Tenured: 2796222K(2796224K)->2796221K(2796224K)
[317.514s][info][gc,metaspace   ] GC(277) Metaspace: 10563K(10816K)->10563K(10816K) NonClass: 9529K(9664K)->9529K(9664K) Class: 1034K(1152K)->1034K(1152K)
[317.514s][info][gc             ] GC(277) Pause Full (Allocation Failure) 3959M->3369M(3959M) 786.209ms
[317.514s][info][gc,cpu         ] GC(277) User=0.78s Sys=0.00s Real=0.79s
[317.871s][info][gc,start       ] GC(278) Pause Full (Allocation Failure)
[317.871s][info][gc,phases,start] GC(278) Phase 1: Mark live objects
[318.055s][info][gc,phases      ] GC(278) Phase 1: Mark live objects 183.630ms
[318.055s][info][gc,phases,start] GC(278) Phase 2: Compute new object addresses
[318.199s][info][gc,phases      ] GC(278) Phase 2: Compute new object addresses 144.342ms
[318.199s][info][gc,phases,start] GC(278) Phase 3: Adjust pointers
[318.358s][info][gc,phases      ] GC(278) Phase 3: Adjust pointers 159.235ms
[318.359s][info][gc,phases,start] GC(278) Phase 4: Move objects
[318.667s][info][gc,phases      ] GC(278) Phase 4: Move objects 308.958ms
[318.668s][info][gc,heap        ] GC(278) DefNew: 1258303K(1258304K)->514715K(1258304K) Eden: 1118528K(1118528K)->514715K(1118528K) From: 139775K(139776K)->0K(139776K)
[318.668s][info][gc,heap        ] GC(278) Tenured: 2796221K(2796224K)->2796222K(2796224K)
[318.668s][info][gc,metaspace   ] GC(278) Metaspace: 10563K(10816K)->10563K(10816K) NonClass: 9529K(9664K)->9529K(9664K) Class: 1034K(1152K)->1034K(1152K)
[318.668s][info][gc             ] GC(278) Pause Full (Allocation Failure) 3959M->3233M(3959M) 796.888ms
[318.668s][info][gc,cpu         ] GC(278) User=0.80s Sys=0.00s Real=0.80s
[319.080s][info][gc,start       ] GC(279) Pause Full (Allocation Failure)
[319.080s][info][gc,phases,start] GC(279) Phase 1: Mark live objects
[319.264s][info][gc,phases      ] GC(279) Phase 1: Mark live objects 183.805ms
[319.264s][info][gc,phases,start] GC(279) Phase 2: Compute new object addresses
[319.412s][info][gc,phases      ] GC(279) Phase 2: Compute new object addresses 148.717ms
[319.413s][info][gc,phases,start] GC(279) Phase 3: Adjust pointers
[319.575s][info][gc,phases      ] GC(279) Phase 3: Adjust pointers 162.096ms
[319.575s][info][gc,phases,start] GC(279) Phase 4: Move objects
[319.842s][info][gc,phases      ] GC(279) Phase 4: Move objects 267.784ms
[319.843s][info][gc,heap        ] GC(279) DefNew: 1258303K(1258304K)->654526K(1258304K) Eden: 1118528K(1118528K)->654526K(1118528K) From: 139775K(139776K)->0K(139776K)
[319.843s][info][gc,heap        ] GC(279) Tenured: 2796222K(2796224K)->2796222K(2796224K)
[319.843s][info][gc,metaspace   ] GC(279) Metaspace: 10563K(10816K)->10563K(10816K) NonClass: 9529K(9664K)->9529K(9664K) Class: 1034K(1152K)->1034K(1152K)
[319.843s][info][gc             ] GC(279) Pause Full (Allocation Failure) 3959M->3369M(3959M) 763.119ms
[319.843s][info][gc,cpu         ] GC(279) User=0.76s Sys=0.01s Real=0.76s
[320.203s][info][gc,start       ] GC(280) Pause Full (Allocation Failure)
[320.203s][info][gc,phases,start] GC(280) Phase 1: Mark live objects
[320.388s][info][gc,phases      ] GC(280) Phase 1: Mark live objects 184.868ms
[320.388s][info][gc,phases,start] GC(280) Phase 2: Compute new object addresses
[320.525s][info][gc,phases      ] GC(280) Phase 2: Compute new object addresses 137.111ms
[320.525s][info][gc,phases,start] GC(280) Phase 3: Adjust pointers
[320.676s][info][gc,phases      ] GC(280) Phase 3: Adjust pointers 151.005ms
[320.676s][info][gc,phases,start] GC(280) Phase 4: Move objects
[320.965s][info][gc,phases      ] GC(280) Phase 4: Move objects 288.265ms
[320.965s][info][gc,heap        ] GC(280) DefNew: 1258300K(1258304K)->654526K(1258304K) Eden: 1118528K(1118528K)->654526K(1118528K) From: 139772K(139776K)->0K(139776K)
[320.965s][info][gc,heap        ] GC(280) Tenured: 2796222K(2796224K)->2796222K(2796224K)
[320.965s][info][gc,metaspace   ] GC(280) Metaspace: 10563K(10816K)->10563K(10816K) NonClass: 9529K(9664K)->9529K(9664K) Class: 1034K(1152K)->1034K(1152K)
[320.965s][info][gc             ] GC(280) Pause Full (Allocation Failure) 3959M->3369M(3959M) 761.975ms
[320.965s][info][gc,cpu         ] GC(280) User=0.76s Sys=0.00s Real=0.77s
[321.324s][info][gc,start       ] GC(281) Pause Full (Allocation Failure)
[321.324s][info][gc,phases,start] GC(281) Phase 1: Mark live objects
[321.507s][info][gc,phases      ] GC(281) Phase 1: Mark live objects 183.573ms
[321.507s][info][gc,phases,start] GC(281) Phase 2: Compute new object addresses
[321.650s][info][gc,phases      ] GC(281) Phase 2: Compute new object addresses 143.104ms
[321.650s][info][gc,phases,start] GC(281) Phase 3: Adjust pointers
[321.810s][info][gc,phases      ] GC(281) Phase 3: Adjust pointers 159.441ms
[321.810s][info][gc,phases,start] GC(281) Phase 4: Move objects
[322.106s][info][gc,phases      ] GC(281) Phase 4: Move objects 296.491ms
[322.107s][info][gc,heap        ] GC(281) DefNew: 1258303K(1258304K)->654522K(1258304K) Eden: 1118528K(1118528K)->654522K(1118528K) From: 139775K(139776K)->0K(139776K)
[322.107s][info][gc,heap        ] GC(281) Tenured: 2796222K(2796224K)->2796222K(2796224K)
[322.107s][info][gc,metaspace   ] GC(281) Metaspace: 10563K(10816K)->10563K(10816K) NonClass: 9529K(9664K)->9529K(9664K) Class: 1034K(1152K)->1034K(1152K)
[322.107s][info][gc             ] GC(281) Pause Full (Allocation Failure) 3959M->3369M(3959M) 783.326ms
[322.107s][info][gc,cpu         ] GC(281) User=0.78s Sys=0.00s Real=0.79s
[322.466s][info][gc,start       ] GC(282) Pause Full (Allocation Failure)
[322.466s][info][gc,phases,start] GC(282) Phase 1: Mark live objects
[322.650s][info][gc,phases      ] GC(282) Phase 1: Mark live objects 183.660ms
[322.650s][info][gc,phases,start] GC(282) Phase 2: Compute new object addresses
[322.796s][info][gc,phases      ] GC(282) Phase 2: Compute new object addresses 146.105ms
[322.796s][info][gc,phases,start] GC(282) Phase 3: Adjust pointers
[322.954s][info][gc,phases      ] GC(282) Phase 3: Adjust pointers 157.854ms
[322.954s][info][gc,phases,start] GC(282) Phase 4: Move objects
[323.265s][info][gc,phases      ] GC(282) Phase 4: Move objects 311.002ms
[323.265s][info][gc,heap        ] GC(282) DefNew: 1258301K(1258304K)->514715K(1258304K) Eden: 1118528K(1118528K)->514715K(1118528K) From: 139773K(139776K)->0K(139776K)
[323.265s][info][gc,heap        ] GC(282) Tenured: 2796222K(2796224K)->2796222K(2796224K)
[323.265s][info][gc,metaspace   ] GC(282) Metaspace: 10563K(10816K)->10563K(10816K) NonClass: 9529K(9664K)->9529K(9664K) Class: 1034K(1152K)->1034K(1152K)
[323.265s][info][gc             ] GC(282) Pause Full (Allocation Failure) 3959M->3233M(3959M) 799.311ms
[323.265s][info][gc,cpu         ] GC(282) User=0.80s Sys=0.00s Real=0.80s
[323.682s][info][gc,start       ] GC(283) Pause Full (Allocation Failure)
[323.682s][info][gc,phases,start] GC(283) Phase 1: Mark live objects
[323.866s][info][gc,phases      ] GC(283) Phase 1: Mark live objects 183.665ms
[323.866s][info][gc,phases,start] GC(283) Phase 2: Compute new object addresses
[324.017s][info][gc,phases      ] GC(283) Phase 2: Compute new object addresses 150.669ms
[324.017s][info][gc,phases,start] GC(283) Phase 3: Adjust pointers
[324.181s][info][gc,phases      ] GC(283) Phase 3: Adjust pointers 164.670ms
[324.181s][info][gc,phases,start] GC(283) Phase 4: Move objects
[324.448s][info][gc,phases      ] GC(283) Phase 4: Move objects 266.736ms
[324.448s][info][gc,heap        ] GC(283) DefNew: 1258300K(1258304K)->654522K(1258304K) Eden: 1118528K(1118528K)->654522K(1118528K) From: 139772K(139776K)->0K(139776K)
[324.448s][info][gc,heap        ] GC(283) Tenured: 2796222K(2796224K)->2796222K(2796224K)
[324.448s][info][gc,metaspace   ] GC(283) Metaspace: 10563K(10816K)->10563K(10816K) NonClass: 9529K(9664K)->9529K(9664K) Class: 1034K(1152K)->1034K(1152K)
[324.448s][info][gc             ] GC(283) Pause Full (Allocation Failure) 3959M->3369M(3959M) 766.447ms
[324.448s][info][gc,cpu         ] GC(283) User=0.76s Sys=0.00s Real=0.77s
[324.805s][info][gc,start       ] GC(284) Pause Full (Allocation Failure)
[324.805s][info][gc,phases,start] GC(284) Phase 1: Mark live objects
[324.989s][info][gc,phases      ] GC(284) Phase 1: Mark live objects 183.674ms
[324.989s][info][gc,phases,start] GC(284) Phase 2: Compute new object addresses
[325.131s][info][gc,phases      ] GC(284) Phase 2: Compute new object addresses 141.611ms
[325.131s][info][gc,phases,start] GC(284) Phase 3: Adjust pointers
[325.283s][info][gc,phases      ] GC(284) Phase 3: Adjust pointers 152.415ms
[325.283s][info][gc,phases,start] GC(284) Phase 4: Move objects
[325.573s][info][gc,phases      ] GC(284) Phase 4: Move objects 289.549ms
[325.573s][info][gc,heap        ] GC(284) DefNew: 1258303K(1258304K)->654514K(1258304K) Eden: 1118528K(1118528K)->654514K(1118528K) From: 139775K(139776K)->0K(139776K)
[325.573s][info][gc,heap        ] GC(284) Tenured: 2796222K(2796224K)->2796222K(2796224K)
[325.573s][info][gc,metaspace   ] GC(284) Metaspace: 10563K(10816K)->10563K(10816K) NonClass: 9529K(9664K)->9529K(9664K) Class: 1034K(1152K)->1034K(1152K)
[325.573s][info][gc             ] GC(284) Pause Full (Allocation Failure) 3959M->3369M(3959M) 767.950ms
[325.573s][info][gc,cpu         ] GC(284) User=0.77s Sys=0.00s Real=0.77s
[325.932s][info][gc,start       ] GC(285) Pause Full (Allocation Failure)
[325.933s][info][gc,phases,start] GC(285) Phase 1: Mark live objects
[326.116s][info][gc,phases      ] GC(285) Phase 1: Mark live objects 183.625ms
[326.116s][info][gc,phases,start] GC(285) Phase 2: Compute new object addresses
[326.248s][info][gc,phases      ] GC(285) Phase 2: Compute new object addresses 131.708ms
[326.248s][info][gc,phases,start] GC(285) Phase 3: Adjust pointers
[326.396s][info][gc,phases      ] GC(285) Phase 3: Adjust pointers 147.837ms
[326.396s][info][gc,phases,start] GC(285) Phase 4: Move objects
[326.694s][info][gc,phases      ] GC(285) Phase 4: Move objects 297.713ms
[326.694s][info][gc,heap        ] GC(285) DefNew: 1258302K(1258304K)->654522K(1258304K) Eden: 1118528K(1118528K)->654522K(1118528K) From: 139774K(139776K)->0K(139776K)
[326.694s][info][gc,heap        ] GC(285) Tenured: 2796222K(2796224K)->2796222K(2796224K)
[326.694s][info][gc,metaspace   ] GC(285) Metaspace: 10563K(10816K)->10563K(10816K) NonClass: 9529K(9664K)->9529K(9664K) Class: 1034K(1152K)->1034K(1152K)
[326.694s][info][gc             ] GC(285) Pause Full (Allocation Failure) 3959M->3369M(3959M) 761.632ms
[326.694s][info][gc,cpu         ] GC(285) User=0.76s Sys=0.00s Real=0.77s
[327.053s][info][gc,start       ] GC(286) Pause Full (Allocation Failure)
[327.053s][info][gc,phases,start] GC(286) Phase 1: Mark live objects
[327.237s][info][gc,phases      ] GC(286) Phase 1: Mark live objects 184.285ms
[327.237s][info][gc,phases,start] GC(286) Phase 2: Compute new object addresses
[327.365s][info][gc,phases      ] GC(286) Phase 2: Compute new object addresses 127.914ms
[327.365s][info][gc,phases,start] GC(286) Phase 3: Adjust pointers
[327.513s][info][gc,phases      ] GC(286) Phase 3: Adjust pointers 148.416ms
[327.513s][info][gc,phases,start] GC(286) Phase 4: Move objects
[327.824s][info][gc,phases      ] GC(286) Phase 4: Move objects 310.939ms
[327.825s][info][gc,heap        ] GC(286) DefNew: 1258300K(1258304K)->514715K(1258304K) Eden: 1118528K(1118528K)->514715K(1118528K) From: 139772K(139776K)->0K(139776K)
[327.825s][info][gc,heap        ] GC(286) Tenured: 2796222K(2796224K)->2796222K(2796224K)
[327.825s][info][gc,metaspace   ] GC(286) Metaspace: 10563K(10816K)->10563K(10816K) NonClass: 9529K(9664K)->9529K(9664K) Class: 1034K(1152K)->1034K(1152K)
[327.825s][info][gc             ] GC(286) Pause Full (Allocation Failure) 3959M->3233M(3959M) 772.266ms
[327.825s][info][gc,cpu         ] GC(286) User=0.77s Sys=0.00s Real=0.77s
[328.237s][info][gc,start       ] GC(287) Pause Full (Allocation Failure)
[328.237s][info][gc,phases,start] GC(287) Phase 1: Mark live objects
[328.421s][info][gc,phases      ] GC(287) Phase 1: Mark live objects 183.814ms
[328.421s][info][gc,phases,start] GC(287) Phase 2: Compute new object addresses
[328.568s][info][gc,phases      ] GC(287) Phase 2: Compute new object addresses 146.951ms
[328.568s][info][gc,phases,start] GC(287) Phase 3: Adjust pointers
[328.722s][info][gc,phases      ] GC(287) Phase 3: Adjust pointers 153.928ms
[328.722s][info][gc,phases,start] GC(287) Phase 4: Move objects
[328.989s][info][gc,phases      ] GC(287) Phase 4: Move objects 267.386ms
[328.990s][info][gc,heap        ] GC(287) DefNew: 1258302K(1258304K)->654526K(1258304K) Eden: 1118528K(1118528K)->654526K(1118528K) From: 139774K(139776K)->0K(139776K)
[328.990s][info][gc,heap        ] GC(287) Tenured: 2796222K(2796224K)->2796221K(2796224K)
[328.990s][info][gc,metaspace   ] GC(287) Metaspace: 10563K(10816K)->10563K(10816K) NonClass: 9529K(9664K)->9529K(9664K) Class: 1034K(1152K)->1034K(1152K)
[328.990s][info][gc             ] GC(287) Pause Full (Allocation Failure) 3959M->3369M(3959M) 752.776ms
[328.990s][info][gc,cpu         ] GC(287) User=0.76s Sys=0.00s Real=0.75s
[329.349s][info][gc,start       ] GC(288) Pause Full (Allocation Failure)
[329.349s][info][gc,phases,start] GC(288) Phase 1: Mark live objects
[329.535s][info][gc,phases      ] GC(288) Phase 1: Mark live objects 185.894ms
[329.535s][info][gc,phases,start] GC(288) Phase 2: Compute new object addresses
[329.676s][info][gc,phases      ] GC(288) Phase 2: Compute new object addresses 140.848ms
[329.676s][info][gc,phases,start] GC(288) Phase 3: Adjust pointers
[329.816s][info][gc,phases      ] GC(288) Phase 3: Adjust pointers 139.604ms
[329.816s][info][gc,phases,start] GC(288) Phase 4: Move objects
[330.105s][info][gc,phases      ] GC(288) Phase 4: Move objects 288.978ms
[330.105s][info][gc,heap        ] GC(288) DefNew: 1258301K(1258304K)->654526K(1258304K) Eden: 1118528K(1118528K)->654526K(1118528K) From: 139773K(139776K)->0K(139776K)
[330.105s][info][gc,heap        ] GC(288) Tenured: 2796221K(2796224K)->2796221K(2796224K)
[330.105s][info][gc,metaspace   ] GC(288) Metaspace: 10563K(10816K)->10563K(10816K) NonClass: 9529K(9664K)->9529K(9664K) Class: 1034K(1152K)->1034K(1152K)
[330.105s][info][gc             ] GC(288) Pause Full (Allocation Failure) 3959M->3369M(3959M) 756.055ms
[330.105s][info][gc,cpu         ] GC(288) User=0.75s Sys=0.00s Real=0.76s
[330.465s][info][gc,start       ] GC(289) Pause Full (Allocation Failure)
[330.465s][info][gc,phases,start] GC(289) Phase 1: Mark live objects
[330.649s][info][gc,phases      ] GC(289) Phase 1: Mark live objects 184.294ms
[330.649s][info][gc,phases,start] GC(289) Phase 2: Compute new object addresses
[330.787s][info][gc,phases      ] GC(289) Phase 2: Compute new object addresses 138.155ms
[330.787s][info][gc,phases,start] GC(289) Phase 3: Adjust pointers
[330.936s][info][gc,phases      ] GC(289) Phase 3: Adjust pointers 148.825ms
[330.936s][info][gc,phases,start] GC(289) Phase 4: Move objects
[331.232s][info][gc,phases      ] GC(289) Phase 4: Move objects 295.144ms
[331.232s][info][gc,heap        ] GC(289) DefNew: 1258301K(1258304K)->654522K(1258304K) Eden: 1118528K(1118528K)->654522K(1118528K) From: 139773K(139776K)->0K(139776K)
[331.232s][info][gc,heap        ] GC(289) Tenured: 2796221K(2796224K)->2796222K(2796224K)
[331.232s][info][gc,metaspace   ] GC(289) Metaspace: 10563K(10816K)->10563K(10816K) NonClass: 9529K(9664K)->9529K(9664K) Class: 1034K(1152K)->1034K(1152K)
[331.232s][info][gc             ] GC(289) Pause Full (Allocation Failure) 3959M->3369M(3959M) 767.152ms
[331.232s][info][gc,cpu         ] GC(289) User=0.77s Sys=0.00s Real=0.76s
[331.588s][info][gc,start       ] GC(290) Pause Full (Allocation Failure)
[331.588s][info][gc,phases,start] GC(290) Phase 1: Mark live objects
[331.772s][info][gc,phases      ] GC(290) Phase 1: Mark live objects 183.800ms
[331.772s][info][gc,phases,start] GC(290) Phase 2: Compute new object addresses
[331.912s][info][gc,phases      ] GC(290) Phase 2: Compute new object addresses 140.159ms
[331.912s][info][gc,phases,start] GC(290) Phase 3: Adjust pointers
[332.065s][info][gc,phases      ] GC(290) Phase 3: Adjust pointers 152.781ms
[332.065s][info][gc,phases,start] GC(290) Phase 4: Move objects
[332.375s][info][gc,phases      ] GC(290) Phase 4: Move objects 310.144ms
[332.375s][info][gc,heap        ] GC(290) DefNew: 1258301K(1258304K)->514715K(1258304K) Eden: 1118528K(1118528K)->514715K(1118528K) From: 139773K(139776K)->0K(139776K)
[332.375s][info][gc,heap        ] GC(290) Tenured: 2796222K(2796224K)->2796221K(2796224K)
[332.375s][info][gc,metaspace   ] GC(290) Metaspace: 10563K(10816K)->10563K(10816K) NonClass: 9529K(9664K)->9529K(9664K) Class: 1034K(1152K)->1034K(1152K)
[332.375s][info][gc             ] GC(290) Pause Full (Allocation Failure) 3959M->3233M(3959M) 787.596ms
[332.375s][info][gc,cpu         ] GC(290) User=0.78s Sys=0.00s Real=0.79s
[332.791s][info][gc,start       ] GC(291) Pause Full (Allocation Failure)
[332.791s][info][gc,phases,start] GC(291) Phase 1: Mark live objects
[332.975s][info][gc,phases      ] GC(291) Phase 1: Mark live objects 184.084ms
[332.975s][info][gc,phases,start] GC(291) Phase 2: Compute new object addresses
[333.122s][info][gc,phases      ] GC(291) Phase 2: Compute new object addresses 147.454ms
[333.122s][info][gc,phases,start] GC(291) Phase 3: Adjust pointers
[333.289s][info][gc,phases      ] GC(291) Phase 3: Adjust pointers 166.999ms
[333.289s][info][gc,phases,start] GC(291) Phase 4: Move objects
[333.557s][info][gc,phases      ] GC(291) Phase 4: Move objects 267.462ms
[333.557s][info][gc,heap        ] GC(291) DefNew: 1258302K(1258304K)->654526K(1258304K) Eden: 1118528K(1118528K)->654526K(1118528K) From: 139774K(139776K)->0K(139776K)
[333.557s][info][gc,heap        ] GC(291) Tenured: 2796221K(2796224K)->2796222K(2796224K)
[333.557s][info][gc,metaspace   ] GC(291) Metaspace: 10563K(10816K)->10563K(10816K) NonClass: 9529K(9664K)->9529K(9664K) Class: 1034K(1152K)->1034K(1152K)
[333.557s][info][gc             ] GC(291) Pause Full (Allocation Failure) 3959M->3369M(3959M) 766.732ms
[333.557s][info][gc,cpu         ] GC(291) User=0.76s Sys=0.01s Real=0.77s
[333.917s][info][gc,start       ] GC(292) Pause Full (Allocation Failure)
[333.917s][info][gc,phases,start] GC(292) Phase 1: Mark live objects
[334.101s][info][gc,phases      ] GC(292) Phase 1: Mark live objects 184.178ms
[334.101s][info][gc,phases,start] GC(292) Phase 2: Compute new object addresses
[334.239s][info][gc,phases      ] GC(292) Phase 2: Compute new object addresses 138.459ms
[334.239s][info][gc,phases,start] GC(292) Phase 3: Adjust pointers
[334.392s][info][gc,phases      ] GC(292) Phase 3: Adjust pointers 153.064ms
[334.393s][info][gc,phases,start] GC(292) Phase 4: Move objects
[334.681s][info][gc,phases      ] GC(292) Phase 4: Move objects 288.499ms
[334.681s][info][gc,heap        ] GC(292) DefNew: 1258301K(1258304K)->654522K(1258304K) Eden: 1118528K(1118528K)->654522K(1118528K) From: 139773K(139776K)->0K(139776K)
[334.681s][info][gc,heap        ] GC(292) Tenured: 2796222K(2796224K)->2796221K(2796224K)
[334.681s][info][gc,metaspace   ] GC(292) Metaspace: 10563K(10816K)->10563K(10816K) NonClass: 9529K(9664K)->9529K(9664K) Class: 1034K(1152K)->1034K(1152K)
[334.681s][info][gc             ] GC(292) Pause Full (Allocation Failure) 3959M->3369M(3959M) 764.887ms
[334.681s][info][gc,cpu         ] GC(292) User=0.77s Sys=0.00s Real=0.76s
[335.041s][info][gc,start       ] GC(293) Pause Full (Allocation Failure)
[335.041s][info][gc,phases,start] GC(293) Phase 1: Mark live objects
[335.225s][info][gc,phases      ] GC(293) Phase 1: Mark live objects 183.870ms
[335.225s][info][gc,phases,start] GC(293) Phase 2: Compute new object addresses
[335.367s][info][gc,phases      ] GC(293) Phase 2: Compute new object addresses 141.675ms
[335.367s][info][gc,phases,start] GC(293) Phase 3: Adjust pointers
[335.511s][info][gc,phases      ] GC(293) Phase 3: Adjust pointers 144.513ms
[335.511s][info][gc,phases,start] GC(293) Phase 4: Move objects
[335.807s][info][gc,phases      ] GC(293) Phase 4: Move objects 296.222ms
[335.808s][info][gc,heap        ] GC(293) DefNew: 1258300K(1258304K)->654526K(1258304K) Eden: 1118528K(1118528K)->654526K(1118528K) From: 139772K(139776K)->0K(139776K)
[335.808s][info][gc,heap        ] GC(293) Tenured: 2796221K(2796224K)->2796221K(2796224K)
[335.808s][info][gc,metaspace   ] GC(293) Metaspace: 10563K(10816K)->10563K(10816K) NonClass: 9529K(9664K)->9529K(9664K) Class: 1034K(1152K)->1034K(1152K)
[335.808s][info][gc             ] GC(293) Pause Full (Allocation Failure) 3959M->3369M(3959M) 766.999ms
[335.808s][info][gc,cpu         ] GC(293) User=0.76s Sys=0.00s Real=0.77s
[336.179s][info][gc,start       ] GC(294) Pause Full (Allocation Failure)
[336.179s][info][gc,phases,start] GC(294) Phase 1: Mark live objects
[336.363s][info][gc,phases      ] GC(294) Phase 1: Mark live objects 183.833ms
[336.363s][info][gc,phases,start] GC(294) Phase 2: Compute new object addresses
[336.507s][info][gc,phases      ] GC(294) Phase 2: Compute new object addresses 144.282ms
[336.507s][info][gc,phases,start] GC(294) Phase 3: Adjust pointers
[336.664s][info][gc,phases      ] GC(294) Phase 3: Adjust pointers 157.284ms
[336.664s][info][gc,phases,start] GC(294) Phase 4: Move objects
[336.976s][info][gc,phases      ] GC(294) Phase 4: Move objects 311.376ms
[336.976s][info][gc,heap        ] GC(294) DefNew: 1258303K(1258304K)->514715K(1258304K) Eden: 1118528K(1118528K)->514715K(1118528K) From: 139775K(139776K)->0K(139776K)
[336.976s][info][gc,heap        ] GC(294) Tenured: 2796221K(2796224K)->2796221K(2796224K)
[336.976s][info][gc,metaspace   ] GC(294) Metaspace: 10563K(10816K)->10563K(10816K) NonClass: 9529K(9664K)->9529K(9664K) Class: 1034K(1152K)->1034K(1152K)
[336.976s][info][gc             ] GC(294) Pause Full (Allocation Failure) 3959M->3233M(3959M) 797.513ms
[336.976s][info][gc,cpu         ] GC(294) User=0.80s Sys=0.00s Real=0.80s
[337.391s][info][gc,start       ] GC(295) Pause Full (Allocation Failure)
[337.391s][info][gc,phases,start] GC(295) Phase 1: Mark live objects
[337.574s][info][gc,phases      ] GC(295) Phase 1: Mark live objects 183.333ms
[337.574s][info][gc,phases,start] GC(295) Phase 2: Compute new object addresses
[337.721s][info][gc,phases      ] GC(295) Phase 2: Compute new object addresses 146.871ms
[337.721s][info][gc,phases,start] GC(295) Phase 3: Adjust pointers
[337.883s][info][gc,phases      ] GC(295) Phase 3: Adjust pointers 161.838ms
[337.883s][info][gc,phases,start] GC(295) Phase 4: Move objects
[338.152s][info][gc,phases      ] GC(295) Phase 4: Move objects 268.471ms
[338.152s][info][gc,heap        ] GC(295) DefNew: 1258303K(1258304K)->654526K(1258304K) Eden: 1118528K(1118528K)->654526K(1118528K) From: 139775K(139776K)->0K(139776K)
[338.152s][info][gc,heap        ] GC(295) Tenured: 2796221K(2796224K)->2796222K(2796224K)
[338.152s][info][gc,metaspace   ] GC(295) Metaspace: 10563K(10816K)->10563K(10816K) NonClass: 9529K(9664K)->9529K(9664K) Class: 1034K(1152K)->1034K(1152K)
[338.152s][info][gc             ] GC(295) Pause Full (Allocation Failure) 3959M->3369M(3959M) 761.221ms
[338.152s][info][gc,cpu         ] GC(295) User=0.76s Sys=0.00s Real=0.76s
[338.510s][info][gc,start       ] GC(296) Pause Full (Allocation Failure)
[338.510s][info][gc,phases,start] GC(296) Phase 1: Mark live objects
[338.694s][info][gc,phases      ] GC(296) Phase 1: Mark live objects 183.712ms
[338.694s][info][gc,phases,start] GC(296) Phase 2: Compute new object addresses
[338.838s][info][gc,phases      ] GC(296) Phase 2: Compute new object addresses 143.598ms
[338.838s][info][gc,phases,start] GC(296) Phase 3: Adjust pointers
[338.999s][info][gc,phases      ] GC(296) Phase 3: Adjust pointers 161.003ms
[338.999s][info][gc,phases,start] GC(296) Phase 4: Move objects
[339.287s][info][gc,phases      ] GC(296) Phase 4: Move objects 288.528ms
[339.288s][info][gc,heap        ] GC(296) DefNew: 1258301K(1258304K)->654526K(1258304K) Eden: 1118528K(1118528K)->654526K(1118528K) From: 139773K(139776K)->0K(139776K)
[339.288s][info][gc,heap        ] GC(296) Tenured: 2796222K(2796224K)->2796222K(2796224K)
[339.288s][info][gc,metaspace   ] GC(296) Metaspace: 10563K(10816K)->10563K(10816K) NonClass: 9529K(9664K)->9529K(9664K) Class: 1034K(1152K)->1034K(1152K)
[339.288s][info][gc             ] GC(296) Pause Full (Allocation Failure) 3959M->3369M(3959M) 777.541ms
[339.288s][info][gc,cpu         ] GC(296) User=0.77s Sys=0.00s Real=0.78s
[339.648s][info][gc,start       ] GC(297) Pause Full (Allocation Failure)
[339.648s][info][gc,phases,start] GC(297) Phase 1: Mark live objects
[339.831s][info][gc,phases      ] GC(297) Phase 1: Mark live objects 183.604ms
[339.831s][info][gc,phases,start] GC(297) Phase 2: Compute new object addresses
[339.975s][info][gc,phases      ] GC(297) Phase 2: Compute new object addresses 144.006ms
[339.975s][info][gc,phases,start] GC(297) Phase 3: Adjust pointers
[340.122s][info][gc,phases      ] GC(297) Phase 3: Adjust pointers 146.457ms
[340.122s][info][gc,phases,start] GC(297) Phase 4: Move objects
[340.417s][info][gc,phases      ] GC(297) Phase 4: Move objects 295.287ms
[340.418s][info][gc,heap        ] GC(297) DefNew: 1258301K(1258304K)->654526K(1258304K) Eden: 1118528K(1118528K)->654526K(1118528K) From: 139773K(139776K)->0K(139776K)
[340.418s][info][gc,heap        ] GC(297) Tenured: 2796222K(2796224K)->2796221K(2796224K)
[340.418s][info][gc,metaspace   ] GC(297) Metaspace: 10563K(10816K)->10563K(10816K) NonClass: 9529K(9664K)->9529K(9664K) Class: 1034K(1152K)->1034K(1152K)
[340.418s][info][gc             ] GC(297) Pause Full (Allocation Failure) 3959M->3369M(3959M) 770.083ms
[340.418s][info][gc,cpu         ] GC(297) User=0.78s Sys=0.00s Real=0.77s
[340.775s][info][gc,start       ] GC(298) Pause Full (Allocation Failure)
[340.775s][info][gc,phases,start] GC(298) Phase 1: Mark live objects
[340.959s][info][gc,phases      ] GC(298) Phase 1: Mark live objects 183.592ms
[340.959s][info][gc,phases,start] GC(298) Phase 2: Compute new object addresses
[341.089s][info][gc,phases      ] GC(298) Phase 2: Compute new object addresses 130.485ms
[341.089s][info][gc,phases,start] GC(298) Phase 3: Adjust pointers
[341.250s][info][gc,phases      ] GC(298) Phase 3: Adjust pointers 160.209ms
[341.250s][info][gc,phases,start] GC(298) Phase 4: Move objects
[341.559s][info][gc,phases      ] GC(298) Phase 4: Move objects 309.027ms
[341.559s][info][gc,heap        ] GC(298) DefNew: 1258300K(1258304K)->514715K(1258304K) Eden: 1118528K(1118528K)->514715K(1118528K) From: 139772K(139776K)->0K(139776K)
[341.559s][info][gc,heap        ] GC(298) Tenured: 2796221K(2796224K)->2796222K(2796224K)
[341.559s][info][gc,metaspace   ] GC(298) Metaspace: 10563K(10816K)->10563K(10816K) NonClass: 9529K(9664K)->9529K(9664K) Class: 1034K(1152K)->1034K(1152K)
[341.559s][info][gc             ] GC(298) Pause Full (Allocation Failure) 3959M->3233M(3959M) 784.042ms
[341.559s][info][gc,cpu         ] GC(298) User=0.79s Sys=0.00s Real=0.78s
[341.972s][info][gc,start       ] GC(299) Pause Full (Allocation Failure)
[341.972s][info][gc,phases,start] GC(299) Phase 1: Mark live objects
[342.156s][info][gc,phases      ] GC(299) Phase 1: Mark live objects 184.754ms
[342.156s][info][gc,phases,start] GC(299) Phase 2: Compute new object addresses
[342.299s][info][gc,phases      ] GC(299) Phase 2: Compute new object addresses 142.202ms
[342.299s][info][gc,phases,start] GC(299) Phase 3: Adjust pointers
[342.456s][info][gc,phases      ] GC(299) Phase 3: Adjust pointers 157.144ms
[342.456s][info][gc,phases,start] GC(299) Phase 4: Move objects
[342.723s][info][gc,phases      ] GC(299) Phase 4: Move objects 267.500ms
[342.724s][info][gc,heap        ] GC(299) DefNew: 1258303K(1258304K)->654526K(1258304K) Eden: 1118528K(1118528K)->654526K(1118528K) From: 139775K(139776K)->0K(139776K)
[342.724s][info][gc,heap        ] GC(299) Tenured: 2796222K(2796224K)->2796221K(2796224K)
[342.724s][info][gc,metaspace   ] GC(299) Metaspace: 10563K(10816K)->10563K(10816K) NonClass: 9529K(9664K)->9529K(9664K) Class: 1034K(1152K)->1034K(1152K)
[342.724s][info][gc             ] GC(299) Pause Full (Allocation Failure) 3959M->3369M(3959M) 752.307ms
[342.724s][info][gc,cpu         ] GC(299) User=0.75s Sys=0.00s Real=0.75s
[343.083s][info][gc,start       ] GC(300) Pause Full (Allocation Failure)
[343.083s][info][gc,phases,start] GC(300) Phase 1: Mark live objects
[343.269s][info][gc,phases      ] GC(300) Phase 1: Mark live objects 185.605ms
[343.269s][info][gc,phases,start] GC(300) Phase 2: Compute new object addresses
[343.412s][info][gc,phases      ] GC(300) Phase 2: Compute new object addresses 142.521ms
[343.412s][info][gc,phases,start] GC(300) Phase 3: Adjust pointers
[343.570s][info][gc,phases      ] GC(300) Phase 3: Adjust pointers 157.883ms
[343.570s][info][gc,phases,start] GC(300) Phase 4: Move objects
[343.858s][info][gc,phases      ] GC(300) Phase 4: Move objects 288.765ms
[343.859s][info][gc,heap        ] GC(300) DefNew: 1258300K(1258304K)->654522K(1258304K) Eden: 1118528K(1118528K)->654522K(1118528K) From: 139772K(139776K)->0K(139776K)
[343.859s][info][gc,heap        ] GC(300) Tenured: 2796221K(2796224K)->2796221K(2796224K)
[343.859s][info][gc,metaspace   ] GC(300) Metaspace: 10563K(10816K)->10563K(10816K) NonClass: 9529K(9664K)->9529K(9664K) Class: 1034K(1152K)->1034K(1152K)
[343.859s][info][gc             ] GC(300) Pause Full (Allocation Failure) 3959M->3369M(3959M) 775.491ms
[343.859s][info][gc,cpu         ] GC(300) User=0.78s Sys=0.00s Real=0.78s
[344.220s][info][gc,start       ] GC(301) Pause Full (Allocation Failure)
[344.220s][info][gc,phases,start] GC(301) Phase 1: Mark live objects
[344.405s][info][gc,phases      ] GC(301) Phase 1: Mark live objects 185.021ms
[344.406s][info][gc,phases,start] GC(301) Phase 2: Compute new object addresses
[344.551s][info][gc,phases      ] GC(301) Phase 2: Compute new object addresses 145.300ms
[344.551s][info][gc,phases,start] GC(301) Phase 3: Adjust pointers
[344.698s][info][gc,phases      ] GC(301) Phase 3: Adjust pointers 146.725ms
[344.698s][info][gc,phases,start] GC(301) Phase 4: Move objects
[344.994s][info][gc,phases      ] GC(301) Phase 4: Move objects 296.315ms
[344.994s][info][gc,heap        ] GC(301) DefNew: 1258301K(1258304K)->654526K(1258304K) Eden: 1118528K(1118528K)->654526K(1118528K) From: 139773K(139776K)->0K(139776K)
[344.994s][info][gc,heap        ] GC(301) Tenured: 2796221K(2796224K)->2796222K(2796224K)
[344.994s][info][gc,metaspace   ] GC(301) Metaspace: 10563K(10816K)->10563K(10816K) NonClass: 9529K(9664K)->9529K(9664K) Class: 1034K(1152K)->1034K(1152K)
[344.994s][info][gc             ] GC(301) Pause Full (Allocation Failure) 3959M->3369M(3959M) 774.080ms
[344.994s][info][gc,cpu         ] GC(301) User=0.77s Sys=0.00s Real=0.78s
[345.352s][info][gc,start       ] GC(302) Pause Full (Allocation Failure)
[345.352s][info][gc,phases,start] GC(302) Phase 1: Mark live objects
[345.535s][info][gc,phases      ] GC(302) Phase 1: Mark live objects 183.497ms
[345.535s][info][gc,phases,start] GC(302) Phase 2: Compute new object addresses
[345.667s][info][gc,phases      ] GC(302) Phase 2: Compute new object addresses 131.911ms
[345.667s][info][gc,phases,start] GC(302) Phase 3: Adjust pointers
[345.825s][info][gc,phases      ] GC(302) Phase 3: Adjust pointers 157.793ms
[345.825s][info][gc,phases,start] GC(302) Phase 4: Move objects
[346.135s][info][gc,phases      ] GC(302) Phase 4: Move objects 310.101ms
[346.136s][info][gc,heap        ] GC(302) DefNew: 1258303K(1258304K)->514715K(1258304K) Eden: 1118528K(1118528K)->514715K(1118528K) From: 139775K(139776K)->0K(139776K)
[346.136s][info][gc,heap        ] GC(302) Tenured: 2796222K(2796224K)->2796221K(2796224K)
[346.136s][info][gc,metaspace   ] GC(302) Metaspace: 10563K(10816K)->10563K(10816K) NonClass: 9529K(9664K)->9529K(9664K) Class: 1034K(1152K)->1034K(1152K)
[346.136s][info][gc             ] GC(302) Pause Full (Allocation Failure) 3959M->3233M(3959M) 784.040ms
[346.136s][info][gc,cpu         ] GC(302) User=0.79s Sys=0.00s Real=0.79s
[346.558s][info][gc,start       ] GC(303) Pause Full (Allocation Failure)
[346.558s][info][gc,phases,start] GC(303) Phase 1: Mark live objects
[346.742s][info][gc,phases      ] GC(303) Phase 1: Mark live objects 183.805ms
[346.742s][info][gc,phases,start] GC(303) Phase 2: Compute new object addresses
[346.893s][info][gc,phases      ] GC(303) Phase 2: Compute new object addresses 150.397ms
[346.893s][info][gc,phases,start] GC(303) Phase 3: Adjust pointers
[347.057s][info][gc,phases      ] GC(303) Phase 3: Adjust pointers 163.902ms
[347.057s][info][gc,phases,start] GC(303) Phase 4: Move objects
[347.325s][info][gc,phases      ] GC(303) Phase 4: Move objects 268.114ms
[347.325s][info][gc,heap        ] GC(303) DefNew: 1258300K(1258304K)->654526K(1258304K) Eden: 1118528K(1118528K)->654526K(1118528K) From: 139772K(139776K)->0K(139776K)
[347.325s][info][gc,heap        ] GC(303) Tenured: 2796221K(2796224K)->2796222K(2796224K)
[347.325s][info][gc,metaspace   ] GC(303) Metaspace: 10563K(10816K)->10563K(10816K) NonClass: 9529K(9664K)->9529K(9664K) Class: 1034K(1152K)->1034K(1152K)
[347.325s][info][gc             ] GC(303) Pause Full (Allocation Failure) 3959M->3369M(3959M) 766.947ms
[347.325s][info][gc,cpu         ] GC(303) User=0.77s Sys=0.00s Real=0.77s
[347.682s][info][gc,start       ] GC(304) Pause Full (Allocation Failure)
[347.682s][info][gc,phases,start] GC(304) Phase 1: Mark live objects
[347.865s][info][gc,phases      ] GC(304) Phase 1: Mark live objects 183.020ms
[347.866s][info][gc,phases,start] GC(304) Phase 2: Compute new object addresses
[347.989s][info][gc,phases      ] GC(304) Phase 2: Compute new object addresses 123.563ms
[347.989s][info][gc,phases,start] GC(304) Phase 3: Adjust pointers
[348.138s][info][gc,phases      ] GC(304) Phase 3: Adjust pointers 148.843ms
[348.138s][info][gc,phases,start] GC(304) Phase 4: Move objects
[348.425s][info][gc,phases      ] GC(304) Phase 4: Move objects 287.451ms
[348.426s][info][gc,heap        ] GC(304) DefNew: 1258304K(1258304K)->654517K(1258304K) Eden: 1118528K(1118528K)->654517K(1118528K) From: 139776K(139776K)->0K(139776K)
[348.426s][info][gc,heap        ] GC(304) Tenured: 2796222K(2796224K)->2796222K(2796224K)
[348.426s][info][gc,metaspace   ] GC(304) Metaspace: 10563K(10816K)->10563K(10816K) NonClass: 9529K(9664K)->9529K(9664K) Class: 1034K(1152K)->1034K(1152K)
[348.426s][info][gc             ] GC(304) Pause Full (Allocation Failure) 3959M->3369M(3959M) 743.575ms
[348.426s][info][gc,cpu         ] GC(304) User=0.75s Sys=0.00s Real=0.75s
[348.781s][info][gc,start       ] GC(305) Pause Full (Allocation Failure)
[348.781s][info][gc,phases,start] GC(305) Phase 1: Mark live objects
[348.965s][info][gc,phases      ] GC(305) Phase 1: Mark live objects 184.106ms
[348.965s][info][gc,phases,start] GC(305) Phase 2: Compute new object addresses
[349.101s][info][gc,phases      ] GC(305) Phase 2: Compute new object addresses 136.625ms
[349.102s][info][gc,phases,start] GC(305) Phase 3: Adjust pointers
[349.259s][info][gc,phases      ] GC(305) Phase 3: Adjust pointers 157.493ms
[349.259s][info][gc,phases,start] GC(305) Phase 4: Move objects
[349.556s][info][gc,phases      ] GC(305) Phase 4: Move objects 296.682ms
[349.556s][info][gc,heap        ] GC(305) DefNew: 1258301K(1258304K)->654526K(1258304K) Eden: 1118528K(1118528K)->654526K(1118528K) From: 139773K(139776K)->0K(139776K)
[349.556s][info][gc,heap        ] GC(305) Tenured: 2796222K(2796224K)->2796222K(2796224K)
[349.556s][info][gc,metaspace   ] GC(305) Metaspace: 10563K(10816K)->10563K(10816K) NonClass: 9529K(9664K)->9529K(9664K) Class: 1034K(1152K)->1034K(1152K)
[349.556s][info][gc             ] GC(305) Pause Full (Allocation Failure) 3959M->3369M(3959M) 775.619ms
[349.556s][info][gc,cpu         ] GC(305) User=0.78s Sys=0.00s Real=0.78s
[349.912s][info][gc,start       ] GC(306) Pause Full (Allocation Failure)
[349.912s][info][gc,phases,start] GC(306) Phase 1: Mark live objects
[350.096s][info][gc,phases      ] GC(306) Phase 1: Mark live objects 183.898ms
[350.096s][info][gc,phases,start] GC(306) Phase 2: Compute new object addresses
[350.232s][info][gc,phases      ] GC(306) Phase 2: Compute new object addresses 136.073ms
[350.232s][info][gc,phases,start] GC(306) Phase 3: Adjust pointers
[350.380s][info][gc,phases      ] GC(306) Phase 3: Adjust pointers 147.998ms
[350.380s][info][gc,phases,start] GC(306) Phase 4: Move objects
[350.689s][info][gc,phases      ] GC(306) Phase 4: Move objects 308.659ms
[350.690s][info][gc,heap        ] GC(306) DefNew: 1258304K(1258304K)->514715K(1258304K) Eden: 1118528K(1118528K)->514715K(1118528K) From: 139776K(139776K)->0K(139776K)
[350.690s][info][gc,heap        ] GC(306) Tenured: 2796222K(2796224K)->2796222K(2796224K)
[350.690s][info][gc,metaspace   ] GC(306) Metaspace: 10563K(10816K)->10563K(10816K) NonClass: 9529K(9664K)->9529K(9664K) Class: 1034K(1152K)->1034K(1152K)
[350.690s][info][gc             ] GC(306) Pause Full (Allocation Failure) 3959M->3233M(3959M) 777.321ms
[350.690s][info][gc,cpu         ] GC(306) User=0.78s Sys=0.00s Real=0.78s
[351.112s][info][gc,start       ] GC(307) Pause Full (Allocation Failure)
[351.112s][info][gc,phases,start] GC(307) Phase 1: Mark live objects
[351.296s][info][gc,phases      ] GC(307) Phase 1: Mark live objects 184.123ms
[351.296s][info][gc,phases,start] GC(307) Phase 2: Compute new object addresses
[351.441s][info][gc,phases      ] GC(307) Phase 2: Compute new object addresses 144.985ms
[351.441s][info][gc,phases,start] GC(307) Phase 3: Adjust pointers
[351.603s][info][gc,phases      ] GC(307) Phase 3: Adjust pointers 161.313ms
[351.603s][info][gc,phases,start] GC(307) Phase 4: Move objects
[351.869s][info][gc,phases      ] GC(307) Phase 4: Move objects 266.844ms
[351.870s][info][gc,heap        ] GC(307) DefNew: 1258300K(1258304K)->654518K(1258304K) Eden: 1118528K(1118528K)->654518K(1118528K) From: 139772K(139776K)->0K(139776K)
[351.870s][info][gc,heap        ] GC(307) Tenured: 2796222K(2796224K)->2796221K(2796224K)
[351.870s][info][gc,metaspace   ] GC(307) Metaspace: 10563K(10816K)->10563K(10816K) NonClass: 9529K(9664K)->9529K(9664K) Class: 1034K(1152K)->1034K(1152K)
[351.870s][info][gc             ] GC(307) Pause Full (Allocation Failure) 3959M->3369M(3959M) 758.005ms
[351.870s][info][gc,cpu         ] GC(307) User=0.76s Sys=0.00s Real=0.76s
[352.229s][info][gc,start       ] GC(308) Pause Full (Allocation Failure)
[352.229s][info][gc,phases,start] GC(308) Phase 1: Mark live objects
[352.413s][info][gc,phases      ] GC(308) Phase 1: Mark live objects 183.826ms
[352.413s][info][gc,phases,start] GC(308) Phase 2: Compute new object addresses
[352.543s][info][gc,phases      ] GC(308) Phase 2: Compute new object addresses 130.578ms
[352.543s][info][gc,phases,start] GC(308) Phase 3: Adjust pointers
[352.690s][info][gc,phases      ] GC(308) Phase 3: Adjust pointers 146.323ms
[352.690s][info][gc,phases,start] GC(308) Phase 4: Move objects
[352.976s][info][gc,phases      ] GC(308) Phase 4: Move objects 286.716ms
[352.977s][info][gc,heap        ] GC(308) DefNew: 1258300K(1258304K)->654522K(1258304K) Eden: 1118528K(1118528K)->654522K(1118528K) From: 139772K(139776K)->0K(139776K)
[352.977s][info][gc,heap        ] GC(308) Tenured: 2796221K(2796224K)->2796222K(2796224K)
[352.977s][info][gc,metaspace   ] GC(308) Metaspace: 10563K(10816K)->10563K(10816K) NonClass: 9529K(9664K)->9529K(9664K) Class: 1034K(1152K)->1034K(1152K)
[352.977s][info][gc             ] GC(308) Pause Full (Allocation Failure) 3959M->3369M(3959M) 748.144ms
[352.977s][info][gc,cpu         ] GC(308) User=0.75s Sys=0.00s Real=0.75s
[353.334s][info][gc,start       ] GC(309) Pause Full (Allocation Failure)
[353.334s][info][gc,phases,start] GC(309) Phase 1: Mark live objects
[353.517s][info][gc,phases      ] GC(309) Phase 1: Mark live objects 183.433ms
[353.517s][info][gc,phases,start] GC(309) Phase 2: Compute new object addresses
[353.659s][info][gc,phases      ] GC(309) Phase 2: Compute new object addresses 141.129ms
[353.659s][info][gc,phases,start] GC(309) Phase 3: Adjust pointers
[353.809s][info][gc,phases      ] GC(309) Phase 3: Adjust pointers 150.006ms
[353.809s][info][gc,phases,start] GC(309) Phase 4: Move objects
[354.103s][info][gc,phases      ] GC(309) Phase 4: Move objects 294.399ms
[354.103s][info][gc,heap        ] GC(309) DefNew: 1258300K(1258304K)->654526K(1258304K) Eden: 1118528K(1118528K)->654526K(1118528K) From: 139772K(139776K)->0K(139776K)
[354.103s][info][gc,heap        ] GC(309) Tenured: 2796222K(2796224K)->2796222K(2796224K)
[354.103s][info][gc,metaspace   ] GC(309) Metaspace: 10563K(10816K)->10563K(10816K) NonClass: 9529K(9664K)->9529K(9664K) Class: 1034K(1152K)->1034K(1152K)
[354.104s][info][gc             ] GC(309) Pause Full (Allocation Failure) 3959M->3369M(3959M) 769.656ms
[354.104s][info][gc,cpu         ] GC(309) User=0.77s Sys=0.00s Real=0.76s
[354.462s][info][gc,start       ] GC(310) Pause Full (Allocation Failure)
[354.462s][info][gc,phases,start] GC(310) Phase 1: Mark live objects
[354.647s][info][gc,phases      ] GC(310) Phase 1: Mark live objects 184.772ms
[354.647s][info][gc,phases,start] GC(310) Phase 2: Compute new object addresses
[354.775s][info][gc,phases      ] GC(310) Phase 2: Compute new object addresses 128.514ms
[354.775s][info][gc,phases,start] GC(310) Phase 3: Adjust pointers
[354.926s][info][gc,phases      ] GC(310) Phase 3: Adjust pointers 150.660ms
[354.926s][info][gc,phases,start] GC(310) Phase 4: Move objects
[355.235s][info][gc,phases      ] GC(310) Phase 4: Move objects 308.702ms
[355.235s][info][gc,heap        ] GC(310) DefNew: 1258303K(1258304K)->514715K(1258304K) Eden: 1118528K(1118528K)->514715K(1118528K) From: 139775K(139776K)->0K(139776K)
[355.235s][info][gc,heap        ] GC(310) Tenured: 2796222K(2796224K)->2796221K(2796224K)
[355.235s][info][gc,metaspace   ] GC(310) Metaspace: 10563K(10816K)->10563K(10816K) NonClass: 9529K(9664K)->9529K(9664K) Class: 1034K(1152K)->1034K(1152K)
[355.235s][info][gc             ] GC(310) Pause Full (Allocation Failure) 3959M->3233M(3959M) 773.353ms
[355.235s][info][gc,cpu         ] GC(310) User=0.77s Sys=0.00s Real=0.78s
[355.656s][info][gc,start       ] GC(311) Pause Full (Allocation Failure)
[355.656s][info][gc,phases,start] GC(311) Phase 1: Mark live objects
[355.840s][info][gc,phases      ] GC(311) Phase 1: Mark live objects 183.984ms
[355.840s][info][gc,phases,start] GC(311) Phase 2: Compute new object addresses
[355.991s][info][gc,phases      ] GC(311) Phase 2: Compute new object addresses 150.749ms
[355.991s][info][gc,phases,start] GC(311) Phase 3: Adjust pointers
[356.142s][info][gc,phases      ] GC(311) Phase 3: Adjust pointers 151.139ms
[356.142s][info][gc,phases,start] GC(311) Phase 4: Move objects
[356.410s][info][gc,phases      ] GC(311) Phase 4: Move objects 268.511ms
[356.411s][info][gc,heap        ] GC(311) DefNew: 1258303K(1258304K)->654526K(1258304K) Eden: 1118528K(1118528K)->654526K(1118528K) From: 139775K(139776K)->0K(139776K)
[356.411s][info][gc,heap        ] GC(311) Tenured: 2796221K(2796224K)->2796222K(2796224K)
[356.411s][info][gc,metaspace   ] GC(311) Metaspace: 10563K(10816K)->10563K(10816K) NonClass: 9529K(9664K)->9529K(9664K) Class: 1034K(1152K)->1034K(1152K)
[356.411s][info][gc             ] GC(311) Pause Full (Allocation Failure) 3959M->3369M(3959M) 755.096ms
[356.411s][info][gc,cpu         ] GC(311) User=0.76s Sys=0.00s Real=0.75s
[356.770s][info][gc,start       ] GC(312) Pause Full (Allocation Failure)
[356.770s][info][gc,phases,start] GC(312) Phase 1: Mark live objects
[356.954s][info][gc,phases      ] GC(312) Phase 1: Mark live objects 183.513ms
[356.954s][info][gc,phases,start] GC(312) Phase 2: Compute new object addresses
[357.099s][info][gc,phases      ] GC(312) Phase 2: Compute new object addresses 144.728ms
[357.099s][info][gc,phases,start] GC(312) Phase 3: Adjust pointers
[357.257s][info][gc,phases      ] GC(312) Phase 3: Adjust pointers 158.481ms
[357.257s][info][gc,phases,start] GC(312) Phase 4: Move objects
[357.546s][info][gc,phases      ] GC(312) Phase 4: Move objects 288.729ms
[357.546s][info][gc,heap        ] GC(312) DefNew: 1258304K(1258304K)->654526K(1258304K) Eden: 1118528K(1118528K)->654526K(1118528K) From: 139776K(139776K)->0K(139776K)
[357.546s][info][gc,heap        ] GC(312) Tenured: 2796222K(2796224K)->2796221K(2796224K)
[357.546s][info][gc,metaspace   ] GC(312) Metaspace: 10563K(10816K)->10563K(10816K) NonClass: 9529K(9664K)->9529K(9664K) Class: 1034K(1152K)->1034K(1152K)
[357.546s][info][gc             ] GC(312) Pause Full (Allocation Failure) 3959M->3369M(3959M) 776.163ms
[357.546s][info][gc,cpu         ] GC(312) User=0.77s Sys=0.00s Real=0.78s
[357.906s][info][gc,start       ] GC(313) Pause Full (Allocation Failure)
[357.906s][info][gc,phases,start] GC(313) Phase 1: Mark live objects
[358.091s][info][gc,phases      ] GC(313) Phase 1: Mark live objects 184.868ms
[358.091s][info][gc,phases,start] GC(313) Phase 2: Compute new object addresses
[358.215s][info][gc,phases      ] GC(313) Phase 2: Compute new object addresses 124.242ms
[358.215s][info][gc,phases,start] GC(313) Phase 3: Adjust pointers
[358.373s][info][gc,phases      ] GC(313) Phase 3: Adjust pointers 158.206ms
[358.373s][info][gc,phases,start] GC(313) Phase 4: Move objects
[358.671s][info][gc,phases      ] GC(313) Phase 4: Move objects 297.348ms
[358.671s][info][gc,heap        ] GC(313) DefNew: 1258300K(1258304K)->654522K(1258304K) Eden: 1118528K(1118528K)->654522K(1118528K) From: 139772K(139776K)->0K(139776K)
[358.671s][info][gc,heap        ] GC(313) Tenured: 2796221K(2796224K)->2796221K(2796224K)
[358.671s][info][gc,metaspace   ] GC(313) Metaspace: 10563K(10816K)->10563K(10816K) NonClass: 9529K(9664K)->9529K(9664K) Class: 1034K(1152K)->1034K(1152K)
[358.671s][info][gc             ] GC(313) Pause Full (Allocation Failure) 3959M->3369M(3959M) 765.361ms
[358.671s][info][gc,cpu         ] GC(313) User=0.77s Sys=0.00s Real=0.76s
[359.034s][info][gc,start       ] GC(314) Pause Full (Allocation Failure)
[359.034s][info][gc,phases,start] GC(314) Phase 1: Mark live objects
[359.217s][info][gc,phases      ] GC(314) Phase 1: Mark live objects 183.600ms
[359.217s][info][gc,phases,start] GC(314) Phase 2: Compute new object addresses
[359.356s][info][gc,phases      ] GC(314) Phase 2: Compute new object addresses 138.666ms
[359.356s][info][gc,phases,start] GC(314) Phase 3: Adjust pointers
[359.496s][info][gc,phases      ] GC(314) Phase 3: Adjust pointers 139.877ms
[359.496s][info][gc,phases,start] GC(314) Phase 4: Move objects
[359.807s][info][gc,phases      ] GC(314) Phase 4: Move objects 310.584ms
[359.807s][info][gc,heap        ] GC(314) DefNew: 1258302K(1258304K)->514715K(1258304K) Eden: 1118528K(1118528K)->514715K(1118528K) From: 139774K(139776K)->0K(139776K)
[359.807s][info][gc,heap        ] GC(314) Tenured: 2796221K(2796224K)->2796222K(2796224K)
[359.807s][info][gc,metaspace   ] GC(314) Metaspace: 10563K(10816K)->10563K(10816K) NonClass: 9529K(9664K)->9529K(9664K) Class: 1034K(1152K)->1034K(1152K)
[359.807s][info][gc             ] GC(314) Pause Full (Allocation Failure) 3959M->3233M(3959M) 773.443ms
[359.807s][info][gc,cpu         ] GC(314) User=0.77s Sys=0.00s Real=0.77s
[360.231s][info][gc,start       ] GC(315) Pause Full (Allocation Failure)
[360.231s][info][gc,phases,start] GC(315) Phase 1: Mark live objects
[360.414s][info][gc,phases      ] GC(315) Phase 1: Mark live objects 182.760ms
[360.414s][info][gc,phases,start] GC(315) Phase 2: Compute new object addresses
[360.545s][info][gc,phases      ] GC(315) Phase 2: Compute new object addresses 131.188ms
[360.545s][info][gc,phases,start] GC(315) Phase 3: Adjust pointers
[360.689s][info][gc,phases      ] GC(315) Phase 3: Adjust pointers 143.765ms
[360.689s][info][gc,phases,start] GC(315) Phase 4: Move objects
[360.956s][info][gc,phases      ] GC(315) Phase 4: Move objects 267.217ms
[360.956s][info][gc,heap        ] GC(315) DefNew: 1258303K(1258304K)->654518K(1258304K) Eden: 1118528K(1118528K)->654518K(1118528K) From: 139775K(139776K)->0K(139776K)
[360.956s][info][gc,heap        ] GC(315) Tenured: 2796222K(2796224K)->2796221K(2796224K)
[360.956s][info][gc,metaspace   ] GC(315) Metaspace: 10563K(10816K)->10563K(10816K) NonClass: 9529K(9664K)->9529K(9664K) Class: 1034K(1152K)->1034K(1152K)
[360.956s][info][gc             ] GC(315) Pause Full (Allocation Failure) 3959M->3369M(3959M) 725.641ms
[360.956s][info][gc,cpu         ] GC(315) User=0.72s Sys=0.00s Real=0.73s
[361.313s][info][gc,start       ] GC(316) Pause Full (Allocation Failure)
[361.314s][info][gc,phases,start] GC(316) Phase 1: Mark live objects
[361.496s][info][gc,phases      ] GC(316) Phase 1: Mark live objects 182.887ms
[361.496s][info][gc,phases,start] GC(316) Phase 2: Compute new object addresses
[361.638s][info][gc,phases      ] GC(316) Phase 2: Compute new object addresses 141.504ms
[361.638s][info][gc,phases,start] GC(316) Phase 3: Adjust pointers
[361.790s][info][gc,phases      ] GC(316) Phase 3: Adjust pointers 151.628ms
[361.790s][info][gc,phases,start] GC(316) Phase 4: Move objects
[362.078s][info][gc,phases      ] GC(316) Phase 4: Move objects 288.453ms
[362.079s][info][gc,heap        ] GC(316) DefNew: 1258303K(1258304K)->654526K(1258304K) Eden: 1118528K(1118528K)->654526K(1118528K) From: 139775K(139776K)->0K(139776K)
[362.079s][info][gc,heap        ] GC(316) Tenured: 2796221K(2796224K)->2796222K(2796224K)
[362.079s][info][gc,metaspace   ] GC(316) Metaspace: 10563K(10816K)->10563K(10816K) NonClass: 9529K(9664K)->9529K(9664K) Class: 1034K(1152K)->1034K(1152K)
[362.079s][info][gc             ] GC(316) Pause Full (Allocation Failure) 3959M->3369M(3959M) 765.189ms
[362.079s][info][gc,cpu         ] GC(316) User=0.76s Sys=0.00s Real=0.76s
[362.441s][info][gc,start       ] GC(317) Pause Full (Allocation Failure)
[362.441s][info][gc,phases,start] GC(317) Phase 1: Mark live objects
[362.626s][info][gc,phases      ] GC(317) Phase 1: Mark live objects 185.165ms
[362.626s][info][gc,phases,start] GC(317) Phase 2: Compute new object addresses
[362.763s][info][gc,phases      ] GC(317) Phase 2: Compute new object addresses 137.353ms
[362.763s][info][gc,phases,start] GC(317) Phase 3: Adjust pointers
[362.913s][info][gc,phases      ] GC(317) Phase 3: Adjust pointers 149.883ms
[362.913s][info][gc,phases,start] GC(317) Phase 4: Move objects
[363.210s][info][gc,phases      ] GC(317) Phase 4: Move objects 296.211ms
[363.210s][info][gc,heap        ] GC(317) DefNew: 1258302K(1258304K)->654530K(1258304K) Eden: 1118528K(1118528K)->654530K(1118528K) From: 139774K(139776K)->0K(139776K)
[363.210s][info][gc,heap        ] GC(317) Tenured: 2796222K(2796224K)->2796221K(2796224K)
[363.210s][info][gc,metaspace   ] GC(317) Metaspace: 10568K(10816K)->10568K(10816K) NonClass: 9532K(9664K)->9532K(9664K) Class: 1035K(1152K)->1035K(1152K)
[363.210s][info][gc             ] GC(317) Pause Full (Allocation Failure) 3959M->3369M(3959M) 769.329ms
[363.210s][info][gc,cpu         ] GC(317) User=0.77s Sys=0.00s Real=0.77s
[363.568s][info][gc,start       ] GC(318) Pause Full (Allocation Failure)
[363.569s][info][gc,phases,start] GC(318) Phase 1: Mark live objects
[363.754s][info][gc,phases      ] GC(318) Phase 1: Mark live objects 185.539ms
[363.754s][info][gc,phases,start] GC(318) Phase 2: Compute new object addresses
[363.893s][info][gc,phases      ] GC(318) Phase 2: Compute new object addresses 138.624ms
[363.893s][info][gc,phases,start] GC(318) Phase 3: Adjust pointers
[364.041s][info][gc,phases      ] GC(318) Phase 3: Adjust pointers 148.512ms
[364.041s][info][gc,phases,start] GC(318) Phase 4: Move objects
[364.353s][info][gc,phases      ] GC(318) Phase 4: Move objects 311.926ms
[364.354s][info][gc,heap        ] GC(318) DefNew: 1258301K(1258304K)->514719K(1258304K) Eden: 1118528K(1118528K)->514719K(1118528K) From: 139773K(139776K)->0K(139776K)
[364.354s][info][gc,heap        ] GC(318) Tenured: 2796221K(2796224K)->2796223K(2796224K)
[364.354s][info][gc,metaspace   ] GC(318) Metaspace: 10568K(10816K)->10568K(10816K) NonClass: 9532K(9664K)->9532K(9664K) Class: 1035K(1152K)->1035K(1152K)
[364.354s][info][gc             ] GC(318) Pause Full (Allocation Failure) 3959M->3233M(3959M) 785.328ms
[364.354s][info][gc,cpu         ] GC(318) User=0.78s Sys=0.01s Real=0.79s
[364.761s][info][gc,start       ] GC(319) Pause Full (Allocation Failure)
[364.761s][info][gc,phases,start] GC(319) Phase 1: Mark live objects
[364.945s][info][gc,phases      ] GC(319) Phase 1: Mark live objects 184.019ms
[364.945s][info][gc,phases,start] GC(319) Phase 2: Compute new object addresses
[365.095s][info][gc,phases      ] GC(319) Phase 2: Compute new object addresses 149.837ms
[365.095s][info][gc,phases,start] GC(319) Phase 3: Adjust pointers
[365.239s][info][gc,phases      ] GC(319) Phase 3: Adjust pointers 144.136ms
[365.239s][info][gc,phases,start] GC(319) Phase 4: Move objects
[365.507s][info][gc,phases      ] GC(319) Phase 4: Move objects 267.822ms
[365.507s][info][gc,heap        ] GC(319) DefNew: 1258300K(1258304K)->654530K(1258304K) Eden: 1118528K(1118528K)->654530K(1118528K) From: 139772K(139776K)->0K(139776K)
[365.507s][info][gc,heap        ] GC(319) Tenured: 2796223K(2796224K)->2796223K(2796224K)
[365.507s][info][gc,metaspace   ] GC(319) Metaspace: 10568K(10816K)->10568K(10816K) NonClass: 9532K(9664K)->9532K(9664K) Class: 1035K(1152K)->1035K(1152K)
[365.507s][info][gc             ] GC(319) Pause Full (Allocation Failure) 3959M->3369M(3959M) 746.522ms
[365.507s][info][gc,cpu         ] GC(319) User=0.75s Sys=0.00s Real=0.75s
[365.866s][info][gc,start       ] GC(320) Pause Full (Allocation Failure)
[365.866s][info][gc,phases,start] GC(320) Phase 1: Mark live objects
[366.050s][info][gc,phases      ] GC(320) Phase 1: Mark live objects 183.792ms
[366.050s][info][gc,phases,start] GC(320) Phase 2: Compute new object addresses
[366.191s][info][gc,phases      ] GC(320) Phase 2: Compute new object addresses 141.071ms
[366.191s][info][gc,phases,start] GC(320) Phase 3: Adjust pointers
[366.333s][info][gc,phases      ] GC(320) Phase 3: Adjust pointers 141.639ms
[366.333s][info][gc,phases,start] GC(320) Phase 4: Move objects
[366.622s][info][gc,phases      ] GC(320) Phase 4: Move objects 288.624ms
[366.622s][info][gc,heap        ] GC(320) DefNew: 1258303K(1258304K)->654522K(1258304K) Eden: 1118528K(1118528K)->654522K(1118528K) From: 139775K(139776K)->0K(139776K)
[366.622s][info][gc,heap        ] GC(320) Tenured: 2796223K(2796224K)->2796223K(2796224K)
[366.622s][info][gc,metaspace   ] GC(320) Metaspace: 10568K(10816K)->10568K(10816K) NonClass: 9532K(9664K)->9532K(9664K) Class: 1035K(1152K)->1035K(1152K)
[366.622s][info][gc             ] GC(320) Pause Full (Allocation Failure) 3959M->3369M(3959M) 755.849ms
[366.622s][info][gc,cpu         ] GC(320) User=0.76s Sys=0.00s Real=0.75s
[366.980s][info][gc,start       ] GC(321) Pause Full (Allocation Failure)
[366.980s][info][gc,phases,start] GC(321) Phase 1: Mark live objects
[367.164s][info][gc,phases      ] GC(321) Phase 1: Mark live objects 184.008ms
[367.164s][info][gc,phases,start] GC(321) Phase 2: Compute new object addresses
[367.305s][info][gc,phases      ] GC(321) Phase 2: Compute new object addresses 140.976ms
[367.305s][info][gc,phases,start] GC(321) Phase 3: Adjust pointers
[367.459s][info][gc,phases      ] GC(321) Phase 3: Adjust pointers 153.972ms
[367.459s][info][gc,phases,start] GC(321) Phase 4: Move objects
[367.755s][info][gc,phases      ] GC(321) Phase 4: Move objects 296.022ms
[367.756s][info][gc,heap        ] GC(321) DefNew: 1258303K(1258304K)->654530K(1258304K) Eden: 1118528K(1118528K)->654530K(1118528K) From: 139775K(139776K)->0K(139776K)
[367.756s][info][gc,heap        ] GC(321) Tenured: 2796223K(2796224K)->2796223K(2796224K)
[367.756s][info][gc,metaspace   ] GC(321) Metaspace: 10568K(10816K)->10568K(10816K) NonClass: 9532K(9664K)->9532K(9664K) Class: 1035K(1152K)->1035K(1152K)
[367.756s][info][gc             ] GC(321) Pause Full (Allocation Failure) 3959M->3369M(3959M) 775.692ms
[367.756s][info][gc,cpu         ] GC(321) User=0.78s Sys=0.00s Real=0.78s
[368.114s][info][gc,start       ] GC(322) Pause Full (Allocation Failure)
[368.114s][info][gc,phases,start] GC(322) Phase 1: Mark live objects
[368.299s][info][gc,phases      ] GC(322) Phase 1: Mark live objects 184.605ms
[368.299s][info][gc,phases,start] GC(322) Phase 2: Compute new object addresses
[368.441s][info][gc,phases      ] GC(322) Phase 2: Compute new object addresses 141.694ms
[368.441s][info][gc,phases,start] GC(322) Phase 3: Adjust pointers
[368.591s][info][gc,phases      ] GC(322) Phase 3: Adjust pointers 150.694ms
[368.591s][info][gc,phases,start] GC(322) Phase 4: Move objects
[368.901s][info][gc,phases      ] GC(322) Phase 4: Move objects 310.095ms
[368.902s][info][gc,heap        ] GC(322) DefNew: 1258300K(1258304K)->514719K(1258304K) Eden: 1118528K(1118528K)->514719K(1118528K) From: 139772K(139776K)->0K(139776K)
[368.902s][info][gc,heap        ] GC(322) Tenured: 2796223K(2796224K)->2796223K(2796224K)
[368.902s][info][gc,metaspace   ] GC(322) Metaspace: 10568K(10816K)->10568K(10816K) NonClass: 9532K(9664K)->9532K(9664K) Class: 1035K(1152K)->1035K(1152K)
[368.902s][info][gc             ] GC(322) Pause Full (Allocation Failure) 3959M->3233M(3959M) 787.781ms
[368.902s][info][gc,cpu         ] GC(322) User=0.79s Sys=0.00s Real=0.78s
[369.317s][info][gc,start       ] GC(323) Pause Full (Allocation Failure)
[369.317s][info][gc,phases,start] GC(323) Phase 1: Mark live objects
[369.502s][info][gc,phases      ] GC(323) Phase 1: Mark live objects 184.694ms
[369.502s][info][gc,phases,start] GC(323) Phase 2: Compute new object addresses
[369.653s][info][gc,phases      ] GC(323) Phase 2: Compute new object addresses 150.899ms
[369.653s][info][gc,phases,start] GC(323) Phase 3: Adjust pointers
[369.819s][info][gc,phases      ] GC(323) Phase 3: Adjust pointers 166.278ms
[369.819s][info][gc,phases,start] GC(323) Phase 4: Move objects
[370.086s][info][gc,phases      ] GC(323) Phase 4: Move objects 266.589ms
[370.086s][info][gc,heap        ] GC(323) DefNew: 1258302K(1258304K)->654530K(1258304K) Eden: 1118528K(1118528K)->654530K(1118528K) From: 139774K(139776K)->0K(139776K)
[370.086s][info][gc,heap        ] GC(323) Tenured: 2796223K(2796224K)->2796223K(2796224K)
[370.086s][info][gc,metaspace   ] GC(323) Metaspace: 10568K(10816K)->10568K(10816K) NonClass: 9532K(9664K)->9532K(9664K) Class: 1035K(1152K)->1035K(1152K)
[370.086s][info][gc             ] GC(323) Pause Full (Allocation Failure) 3959M->3369M(3959M) 769.179ms
[370.086s][info][gc,cpu         ] GC(323) User=0.77s Sys=0.00s Real=0.77s
[370.444s][info][gc,start       ] GC(324) Pause Full (Allocation Failure)
[370.444s][info][gc,phases,start] GC(324) Phase 1: Mark live objects
[370.628s][info][gc,phases      ] GC(324) Phase 1: Mark live objects 184.540ms
[370.628s][info][gc,phases,start] GC(324) Phase 2: Compute new object addresses
[370.773s][info][gc,phases      ] GC(324) Phase 2: Compute new object addresses 144.379ms
[370.773s][info][gc,phases,start] GC(324) Phase 3: Adjust pointers
[370.920s][info][gc,phases      ] GC(324) Phase 3: Adjust pointers 146.977ms
[370.920s][info][gc,phases,start] GC(324) Phase 4: Move objects
[371.209s][info][gc,phases      ] GC(324) Phase 4: Move objects 289.527ms
[371.210s][info][gc,heap        ] GC(324) DefNew: 1258303K(1258304K)->654526K(1258304K) Eden: 1118528K(1118528K)->654526K(1118528K) From: 139775K(139776K)->0K(139776K)
[371.210s][info][gc,heap        ] GC(324) Tenured: 2796223K(2796224K)->2796223K(2796224K)
[371.210s][info][gc,metaspace   ] GC(324) Metaspace: 10568K(10816K)->10568K(10816K) NonClass: 9532K(9664K)->9532K(9664K) Class: 1035K(1152K)->1035K(1152K)
[371.210s][info][gc             ] GC(324) Pause Full (Allocation Failure) 3959M->3369M(3959M) 766.134ms
[371.210s][info][gc,cpu         ] GC(324) User=0.77s Sys=0.00s Real=0.77s
[371.566s][info][gc,start       ] GC(325) Pause Full (Allocation Failure)
[371.567s][info][gc,phases,start] GC(325) Phase 1: Mark live objects
[371.751s][info][gc,phases      ] GC(325) Phase 1: Mark live objects 184.593ms
[371.751s][info][gc,phases,start] GC(325) Phase 2: Compute new object addresses
[371.896s][info][gc,phases      ] GC(325) Phase 2: Compute new object addresses 144.742ms
[371.896s][info][gc,phases,start] GC(325) Phase 3: Adjust pointers
[372.055s][info][gc,phases      ] GC(325) Phase 3: Adjust pointers 159.262ms
[372.055s][info][gc,phases,start] GC(325) Phase 4: Move objects
[372.351s][info][gc,phases      ] GC(325) Phase 4: Move objects 296.151ms
[372.352s][info][gc,heap        ] GC(325) DefNew: 1258303K(1258304K)->654526K(1258304K) Eden: 1118528K(1118528K)->654526K(1118528K) From: 139775K(139776K)->0K(139776K)
[372.352s][info][gc,heap        ] GC(325) Tenured: 2796223K(2796224K)->2796223K(2796224K)
[372.352s][info][gc,metaspace   ] GC(325) Metaspace: 10568K(10816K)->10568K(10816K) NonClass: 9532K(9664K)->9532K(9664K) Class: 1035K(1152K)->1035K(1152K)
[372.352s][info][gc             ] GC(325) Pause Full (Allocation Failure) 3959M->3369M(3959M) 785.478ms
[372.352s][info][gc,cpu         ] GC(325) User=0.79s Sys=0.00s Real=0.78s
[372.711s][info][gc,start       ] GC(326) Pause Full (Allocation Failure)
[372.712s][info][gc,phases,start] GC(326) Phase 1: Mark live objects
[372.896s][info][gc,phases      ] GC(326) Phase 1: Mark live objects 184.243ms
[372.896s][info][gc,phases,start] GC(326) Phase 2: Compute new object addresses
[373.041s][info][gc,phases      ] GC(326) Phase 2: Compute new object addresses 144.931ms
[373.041s][info][gc,phases,start] GC(326) Phase 3: Adjust pointers
[373.201s][info][gc,phases      ] GC(326) Phase 3: Adjust pointers 159.896ms
[373.201s][info][gc,phases,start] GC(326) Phase 4: Move objects
[373.512s][info][gc,phases      ] GC(326) Phase 4: Move objects 311.665ms
[373.513s][info][gc,heap        ] GC(326) DefNew: 1258303K(1258304K)->514719K(1258304K) Eden: 1118528K(1118528K)->514719K(1118528K) From: 139775K(139776K)->0K(139776K)
[373.513s][info][gc,heap        ] GC(326) Tenured: 2796223K(2796224K)->2796223K(2796224K)
[373.513s][info][gc,metaspace   ] GC(326) Metaspace: 10568K(10816K)->10568K(10816K) NonClass: 9532K(9664K)->9532K(9664K) Class: 1035K(1152K)->1035K(1152K)
[373.513s][info][gc             ] GC(326) Pause Full (Allocation Failure) 3959M->3233M(3959M) 801.463ms
[373.513s][info][gc,cpu         ] GC(326) User=0.80s Sys=0.01s Real=0.81s
[373.924s][info][gc,start       ] GC(327) Pause Full (Allocation Failure)
[373.924s][info][gc,phases,start] GC(327) Phase 1: Mark live objects
[374.107s][info][gc,phases      ] GC(327) Phase 1: Mark live objects 183.027ms
[374.107s][info][gc,phases,start] GC(327) Phase 2: Compute new object addresses
[374.244s][info][gc,phases      ] GC(327) Phase 2: Compute new object addresses 136.747ms
[374.244s][info][gc,phases,start] GC(327) Phase 3: Adjust pointers
[374.404s][info][gc,phases      ] GC(327) Phase 3: Adjust pointers 159.616ms
[374.404s][info][gc,phases,start] GC(327) Phase 4: Move objects
[374.672s][info][gc,phases      ] GC(327) Phase 4: Move objects 268.063ms
[374.672s][info][gc,heap        ] GC(327) DefNew: 1258300K(1258304K)->654530K(1258304K) Eden: 1118528K(1118528K)->654530K(1118528K) From: 139772K(139776K)->0K(139776K)
[374.672s][info][gc,heap        ] GC(327) Tenured: 2796223K(2796224K)->2796223K(2796224K)
[374.672s][info][gc,metaspace   ] GC(327) Metaspace: 10568K(10816K)->10568K(10816K) NonClass: 9532K(9664K)->9532K(9664K) Class: 1035K(1152K)->1035K(1152K)
[374.672s][info][gc             ] GC(327) Pause Full (Allocation Failure) 3959M->3369M(3959M) 748.160ms
[374.672s][info][gc,cpu         ] GC(327) User=0.75s Sys=0.00s Real=0.75s
[375.028s][info][gc,start       ] GC(328) Pause Full (Allocation Failure)
[375.028s][info][gc,phases,start] GC(328) Phase 1: Mark live objects
[375.212s][info][gc,phases      ] GC(328) Phase 1: Mark live objects 184.013ms
[375.212s][info][gc,phases,start] GC(328) Phase 2: Compute new object addresses
[375.358s][info][gc,phases      ] GC(328) Phase 2: Compute new object addresses 145.151ms
[375.358s][info][gc,phases,start] GC(328) Phase 3: Adjust pointers
[375.519s][info][gc,phases      ] GC(328) Phase 3: Adjust pointers 161.441ms
[375.519s][info][gc,phases,start] GC(328) Phase 4: Move objects
[375.806s][info][gc,phases      ] GC(328) Phase 4: Move objects 286.740ms
[375.806s][info][gc,heap        ] GC(328) DefNew: 1258300K(1258304K)->654530K(1258304K) Eden: 1118528K(1118528K)->654530K(1118528K) From: 139772K(139776K)->0K(139776K)
[375.806s][info][gc,heap        ] GC(328) Tenured: 2796223K(2796224K)->2796223K(2796224K)
[375.806s][info][gc,metaspace   ] GC(328) Metaspace: 10568K(10816K)->10568K(10816K) NonClass: 9532K(9664K)->9532K(9664K) Class: 1035K(1152K)->1035K(1152K)
[375.806s][info][gc             ] GC(328) Pause Full (Allocation Failure) 3959M->3369M(3959M) 778.057ms
[375.806s][info][gc,cpu         ] GC(328) User=0.78s Sys=0.00s Real=0.78s
[376.166s][info][gc,start       ] GC(329) Pause Full (Allocation Failure)
[376.166s][info][gc,phases,start] GC(329) Phase 1: Mark live objects
[376.350s][info][gc,phases      ] GC(329) Phase 1: Mark live objects 183.995ms
[376.350s][info][gc,phases,start] GC(329) Phase 2: Compute new object addresses
[376.494s][info][gc,phases      ] GC(329) Phase 2: Compute new object addresses 144.182ms
[376.494s][info][gc,phases,start] GC(329) Phase 3: Adjust pointers
[376.650s][info][gc,phases      ] GC(329) Phase 3: Adjust pointers 156.011ms
[376.650s][info][gc,phases,start] GC(329) Phase 4: Move objects
[376.945s][info][gc,phases      ] GC(329) Phase 4: Move objects 295.358ms
[376.946s][info][gc,heap        ] GC(329) DefNew: 1258301K(1258304K)->654526K(1258304K) Eden: 1118528K(1118528K)->654526K(1118528K) From: 139773K(139776K)->0K(139776K)
[376.946s][info][gc,heap        ] GC(329) Tenured: 2796223K(2796224K)->2796223K(2796224K)
[376.946s][info][gc,metaspace   ] GC(329) Metaspace: 10568K(10816K)->10568K(10816K) NonClass: 9532K(9664K)->9532K(9664K) Class: 1035K(1152K)->1035K(1152K)
[376.946s][info][gc             ] GC(329) Pause Full (Allocation Failure) 3959M->3369M(3959M) 780.254ms
[376.946s][info][gc,cpu         ] GC(329) User=0.78s Sys=0.00s Real=0.78s
[377.308s][info][gc,start       ] GC(330) Pause Full (Allocation Failure)
[377.308s][info][gc,phases,start] GC(330) Phase 1: Mark live objects
[377.492s][info][gc,phases      ] GC(330) Phase 1: Mark live objects 184.425ms
[377.492s][info][gc,phases,start] GC(330) Phase 2: Compute new object addresses
[377.633s][info][gc,phases      ] GC(330) Phase 2: Compute new object addresses 140.231ms
[377.633s][info][gc,phases,start] GC(330) Phase 3: Adjust pointers
[377.778s][info][gc,phases      ] GC(330) Phase 3: Adjust pointers 144.919ms
[377.778s][info][gc,phases,start] GC(330) Phase 4: Move objects
[378.087s][info][gc,phases      ] GC(330) Phase 4: Move objects 309.220ms
[378.087s][info][gc,heap        ] GC(330) DefNew: 1258303K(1258304K)->514719K(1258304K) Eden: 1118528K(1118528K)->514719K(1118528K) From: 139775K(139776K)->0K(139776K)
[378.087s][info][gc,heap        ] GC(330) Tenured: 2796223K(2796224K)->2796223K(2796224K)
[378.087s][info][gc,metaspace   ] GC(330) Metaspace: 10568K(10816K)->10568K(10816K) NonClass: 9532K(9664K)->9532K(9664K) Class: 1035K(1152K)->1035K(1152K)
[378.087s][info][gc             ] GC(330) Pause Full (Allocation Failure) 3959M->3233M(3959M) 779.521ms
[378.087s][info][gc,cpu         ] GC(330) User=0.78s Sys=0.00s Real=0.78s
[378.499s][info][gc,start       ] GC(331) Pause Full (Allocation Failure)
[378.499s][info][gc,phases,start] GC(331) Phase 1: Mark live objects
[378.682s][info][gc,phases      ] GC(331) Phase 1: Mark live objects 183.198ms
[378.682s][info][gc,phases,start] GC(331) Phase 2: Compute new object addresses
[378.832s][info][gc,phases      ] GC(331) Phase 2: Compute new object addresses 149.992ms
[378.832s][info][gc,phases,start] GC(331) Phase 3: Adjust pointers
[378.998s][info][gc,phases      ] GC(331) Phase 3: Adjust pointers 165.923ms
[378.998s][info][gc,phases,start] GC(331) Phase 4: Move objects
[379.264s][info][gc,phases      ] GC(331) Phase 4: Move objects 266.400ms
[379.265s][info][gc,heap        ] GC(331) DefNew: 1258302K(1258304K)->654526K(1258304K) Eden: 1118528K(1118528K)->654526K(1118528K) From: 139774K(139776K)->0K(139776K)
[379.265s][info][gc,heap        ] GC(331) Tenured: 2796223K(2796224K)->2796223K(2796224K)
[379.265s][info][gc,metaspace   ] GC(331) Metaspace: 10568K(10816K)->10568K(10816K) NonClass: 9532K(9664K)->9532K(9664K) Class: 1035K(1152K)->1035K(1152K)
[379.265s][info][gc             ] GC(331) Pause Full (Allocation Failure) 3959M->3369M(3959M) 766.256ms
[379.265s][info][gc,cpu         ] GC(331) User=0.77s Sys=0.00s Real=0.77s
[379.623s][info][gc,start       ] GC(332) Pause Full (Allocation Failure)
[379.623s][info][gc,phases,start] GC(332) Phase 1: Mark live objects
[379.807s][info][gc,phases      ] GC(332) Phase 1: Mark live objects 183.908ms
[379.807s][info][gc,phases,start] GC(332) Phase 2: Compute new object addresses
[379.947s][info][gc,phases      ] GC(332) Phase 2: Compute new object addresses 139.762ms
[379.947s][info][gc,phases,start] GC(332) Phase 3: Adjust pointers
[380.099s][info][gc,phases      ] GC(332) Phase 3: Adjust pointers 151.949ms
[380.099s][info][gc,phases,start] GC(332) Phase 4: Move objects
[380.386s][info][gc,phases      ] GC(332) Phase 4: Move objects 287.091ms
[380.387s][info][gc,heap        ] GC(332) DefNew: 1258301K(1258304K)->654530K(1258304K) Eden: 1118528K(1118528K)->654530K(1118528K) From: 139773K(139776K)->0K(139776K)
[380.387s][info][gc,heap        ] GC(332) Tenured: 2796223K(2796224K)->2796223K(2796224K)
[380.387s][info][gc,metaspace   ] GC(332) Metaspace: 10568K(10816K)->10568K(10816K) NonClass: 9532K(9664K)->9532K(9664K) Class: 1035K(1152K)->1035K(1152K)
[380.387s][info][gc             ] GC(332) Pause Full (Allocation Failure) 3959M->3369M(3959M) 763.422ms
[380.387s][info][gc,cpu         ] GC(332) User=0.76s Sys=0.00s Real=0.77s
[380.743s][info][gc,start       ] GC(333) Pause Full (Allocation Failure)
[380.743s][info][gc,phases,start] GC(333) Phase 1: Mark live objects
[380.926s][info][gc,phases      ] GC(333) Phase 1: Mark live objects 183.501ms
[380.926s][info][gc,phases,start] GC(333) Phase 2: Compute new object addresses
[381.059s][info][gc,phases      ] GC(333) Phase 2: Compute new object addresses 132.373ms
[381.059s][info][gc,phases,start] GC(333) Phase 3: Adjust pointers
[381.220s][info][gc,phases      ] GC(333) Phase 3: Adjust pointers 161.550ms
[381.221s][info][gc,phases,start] GC(333) Phase 4: Move objects
[381.518s][info][gc,phases      ] GC(333) Phase 4: Move objects 297.370ms
[381.518s][info][gc,heap        ] GC(333) DefNew: 1258303K(1258304K)->654530K(1258304K) Eden: 1118528K(1118528K)->654530K(1118528K) From: 139775K(139776K)->0K(139776K)
[381.518s][info][gc,heap        ] GC(333) Tenured: 2796223K(2796224K)->2796223K(2796224K)
[381.518s][info][gc,metaspace   ] GC(333) Metaspace: 10568K(10816K)->10568K(10816K) NonClass: 9532K(9664K)->9532K(9664K) Class: 1035K(1152K)->1035K(1152K)
[381.518s][info][gc             ] GC(333) Pause Full (Allocation Failure) 3959M->3369M(3959M) 775.518ms
[381.518s][info][gc,cpu         ] GC(333) User=0.77s Sys=0.00s Real=0.78s
[381.876s][info][gc,start       ] GC(334) Pause Full (Allocation Failure)
[381.876s][info][gc,phases,start] GC(334) Phase 1: Mark live objects
[382.060s][info][gc,phases      ] GC(334) Phase 1: Mark live objects 183.963ms
[382.060s][info][gc,phases,start] GC(334) Phase 2: Compute new object addresses
[382.205s][info][gc,phases      ] GC(334) Phase 2: Compute new object addresses 144.951ms
[382.205s][info][gc,phases,start] GC(334) Phase 3: Adjust pointers
[382.365s][info][gc,phases      ] GC(334) Phase 3: Adjust pointers 159.678ms
[382.365s][info][gc,phases,start] GC(334) Phase 4: Move objects
[382.676s][info][gc,phases      ] GC(334) Phase 4: Move objects 311.167ms
[382.676s][info][gc,heap        ] GC(334) DefNew: 1258303K(1258304K)->514719K(1258304K) Eden: 1118528K(1118528K)->514719K(1118528K) From: 139775K(139776K)->0K(139776K)
[382.676s][info][gc,heap        ] GC(334) Tenured: 2796223K(2796224K)->2796223K(2796224K)
[382.676s][info][gc,metaspace   ] GC(334) Metaspace: 10568K(10816K)->10568K(10816K) NonClass: 9532K(9664K)->9532K(9664K) Class: 1035K(1152K)->1035K(1152K)
[382.676s][info][gc             ] GC(334) Pause Full (Allocation Failure) 3959M->3233M(3959M) 800.467ms
[382.676s][info][gc,cpu         ] GC(334) User=0.80s Sys=0.00s Real=0.80s
[383.087s][info][gc,start       ] GC(335) Pause Full (Allocation Failure)
[383.087s][info][gc,phases,start] GC(335) Phase 1: Mark live objects
[383.271s][info][gc,phases      ] GC(335) Phase 1: Mark live objects 183.561ms
[383.271s][info][gc,phases,start] GC(335) Phase 2: Compute new object addresses
[383.415s][info][gc,phases      ] GC(335) Phase 2: Compute new object addresses 144.300ms
[383.415s][info][gc,phases,start] GC(335) Phase 3: Adjust pointers
[383.568s][info][gc,phases      ] GC(335) Phase 3: Adjust pointers 152.937ms
[383.568s][info][gc,phases,start] GC(335) Phase 4: Move objects
[383.837s][info][gc,phases      ] GC(335) Phase 4: Move objects 268.456ms
[383.837s][info][gc,heap        ] GC(335) DefNew: 1258304K(1258304K)->654530K(1258304K) Eden: 1118528K(1118528K)->654530K(1118528K) From: 139776K(139776K)->0K(139776K)
[383.837s][info][gc,heap        ] GC(335) Tenured: 2796223K(2796224K)->2796223K(2796224K)
[383.837s][info][gc,metaspace   ] GC(335) Metaspace: 10568K(10816K)->10568K(10816K) NonClass: 9532K(9664K)->9532K(9664K) Class: 1035K(1152K)->1035K(1152K)
[383.837s][info][gc             ] GC(335) Pause Full (Allocation Failure) 3959M->3369M(3959M) 749.938ms
[383.837s][info][gc,cpu         ] GC(335) User=0.75s Sys=0.00s Real=0.75s
[384.196s][info][gc,start       ] GC(336) Pause Full (Allocation Failure)
[384.196s][info][gc,phases,start] GC(336) Phase 1: Mark live objects
[384.380s][info][gc,phases      ] GC(336) Phase 1: Mark live objects 184.052ms
[384.380s][info][gc,phases,start] GC(336) Phase 2: Compute new object addresses
[384.523s][info][gc,phases      ] GC(336) Phase 2: Compute new object addresses 143.284ms
[384.523s][info][gc,phases,start] GC(336) Phase 3: Adjust pointers
[384.660s][info][gc,phases      ] GC(336) Phase 3: Adjust pointers 136.894ms
[384.660s][info][gc,phases,start] GC(336) Phase 4: Move objects
[384.948s][info][gc,phases      ] GC(336) Phase 4: Move objects 287.361ms
[384.948s][info][gc,heap        ] GC(336) DefNew: 1258301K(1258304K)->654518K(1258304K) Eden: 1118528K(1118528K)->654518K(1118528K) From: 139773K(139776K)->0K(139776K)
[384.956s][info][gc,heap        ] GC(336) Tenured: 2796223K(2796224K)->2796223K(2796224K)
[384.956s][info][gc,metaspace   ] GC(336) Metaspace: 10568K(10816K)->10568K(10816K) NonClass: 9532K(9664K)->9532K(9664K) Class: 1035K(1152K)->1035K(1152K)
[384.956s][info][gc             ] GC(336) Pause Full (Allocation Failure) 3959M->3369M(3959M) 760.483ms
[384.956s][info][gc,cpu         ] GC(336) User=0.75s Sys=0.00s Real=0.76s
[385.317s][info][gc,start       ] GC(337) Pause Full (Allocation Failure)
[385.317s][info][gc,phases,start] GC(337) Phase 1: Mark live objects
[385.502s][info][gc,phases      ] GC(337) Phase 1: Mark live objects 185.085ms
[385.502s][info][gc,phases,start] GC(337) Phase 2: Compute new object addresses
[385.642s][info][gc,phases      ] GC(337) Phase 2: Compute new object addresses 139.170ms
[385.642s][info][gc,phases,start] GC(337) Phase 3: Adjust pointers
[385.797s][info][gc,phases      ] GC(337) Phase 3: Adjust pointers 155.767ms
[385.798s][info][gc,phases,start] GC(337) Phase 4: Move objects
[386.094s][info][gc,phases      ] GC(337) Phase 4: Move objects 296.722ms
[386.095s][info][gc,heap        ] GC(337) DefNew: 1258301K(1258304K)->654530K(1258304K) Eden: 1118528K(1118528K)->654530K(1118528K) From: 139773K(139776K)->0K(139776K)
[386.095s][info][gc,heap        ] GC(337) Tenured: 2796223K(2796224K)->2796223K(2796224K)
[386.095s][info][gc,metaspace   ] GC(337) Metaspace: 10568K(10816K)->10568K(10816K) NonClass: 9532K(9664K)->9532K(9664K) Class: 1035K(1152K)->1035K(1152K)
[386.095s][info][gc             ] GC(337) Pause Full (Allocation Failure) 3959M->3369M(3959M) 777.457ms
[386.095s][info][gc,cpu         ] GC(337) User=0.78s Sys=0.00s Real=0.78s
[386.458s][info][gc,start       ] GC(338) Pause Full (Allocation Failure)
[386.458s][info][gc,phases,start] GC(338) Phase 1: Mark live objects
[386.642s][info][gc,phases      ] GC(338) Phase 1: Mark live objects 184.131ms
[386.643s][info][gc,phases,start] GC(338) Phase 2: Compute new object addresses
[386.781s][info][gc,phases      ] GC(338) Phase 2: Compute new object addresses 138.182ms
[386.781s][info][gc,phases,start] GC(338) Phase 3: Adjust pointers
[386.929s][info][gc,phases      ] GC(338) Phase 3: Adjust pointers 147.755ms
[386.929s][info][gc,phases,start] GC(338) Phase 4: Move objects
[387.239s][info][gc,phases      ] GC(338) Phase 4: Move objects 310.884ms
[387.240s][info][gc,heap        ] GC(338) DefNew: 1258303K(1258304K)->514719K(1258304K) Eden: 1118528K(1118528K)->514719K(1118528K) From: 139775K(139776K)->0K(139776K)
[387.240s][info][gc,heap        ] GC(338) Tenured: 2796223K(2796224K)->2796223K(2796224K)
[387.240s][info][gc,metaspace   ] GC(338) Metaspace: 10568K(10816K)->10568K(10816K) NonClass: 9532K(9664K)->9532K(9664K) Class: 1035K(1152K)->1035K(1152K)
[387.240s][info][gc             ] GC(338) Pause Full (Allocation Failure) 3959M->3233M(3959M) 781.696ms
[387.240s][info][gc,cpu         ] GC(338) User=0.79s Sys=0.00s Real=0.78s
[387.651s][info][gc,start       ] GC(339) Pause Full (Allocation Failure)
[387.651s][info][gc,phases,start] GC(339) Phase 1: Mark live objects
[387.835s][info][gc,phases      ] GC(339) Phase 1: Mark live objects 183.711ms
[387.835s][info][gc,phases,start] GC(339) Phase 2: Compute new object addresses
[387.981s][info][gc,phases      ] GC(339) Phase 2: Compute new object addresses 146.412ms
[387.981s][info][gc,phases,start] GC(339) Phase 3: Adjust pointers
[388.135s][info][gc,phases      ] GC(339) Phase 3: Adjust pointers 153.463ms
[388.135s][info][gc,phases,start] GC(339) Phase 4: Move objects
[388.401s][info][gc,phases      ] GC(339) Phase 4: Move objects 266.631ms
[388.402s][info][gc,heap        ] GC(339) DefNew: 1258300K(1258304K)->654530K(1258304K) Eden: 1118528K(1118528K)->654530K(1118528K) From: 139772K(139776K)->0K(139776K)
[388.402s][info][gc,heap        ] GC(339) Tenured: 2796223K(2796224K)->2796223K(2796224K)
[388.402s][info][gc,metaspace   ] GC(339) Metaspace: 10568K(10816K)->10568K(10816K) NonClass: 9532K(9664K)->9532K(9664K) Class: 1035K(1152K)->1035K(1152K)
[388.402s][info][gc             ] GC(339) Pause Full (Allocation Failure) 3959M->3369M(3959M) 750.911ms
[388.402s][info][gc,cpu         ] GC(339) User=0.75s Sys=0.00s Real=0.75s
[388.758s][info][gc,start       ] GC(340) Pause Full (Allocation Failure)
[388.758s][info][gc,phases,start] GC(340) Phase 1: Mark live objects
[388.942s][info][gc,phases      ] GC(340) Phase 1: Mark live objects 184.476ms
[388.942s][info][gc,phases,start] GC(340) Phase 2: Compute new object addresses
[389.087s][info][gc,phases      ] GC(340) Phase 2: Compute new object addresses 144.231ms
[389.087s][info][gc,phases,start] GC(340) Phase 3: Adjust pointers
[389.245s][info][gc,phases      ] GC(340) Phase 3: Adjust pointers 158.304ms
[389.245s][info][gc,phases,start] GC(340) Phase 4: Move objects
[389.534s][info][gc,phases      ] GC(340) Phase 4: Move objects 289.389ms
[389.535s][info][gc,heap        ] GC(340) DefNew: 1258303K(1258304K)->654530K(1258304K) Eden: 1118528K(1118528K)->654530K(1118528K) From: 139775K(139776K)->0K(139776K)
[389.535s][info][gc,heap        ] GC(340) Tenured: 2796223K(2796224K)->2796223K(2796224K)
[389.535s][info][gc,metaspace   ] GC(340) Metaspace: 10568K(10816K)->10568K(10816K) NonClass: 9532K(9664K)->9532K(9664K) Class: 1035K(1152K)->1035K(1152K)
[389.535s][info][gc             ] GC(340) Pause Full (Allocation Failure) 3959M->3369M(3959M) 777.105ms
[389.535s][info][gc,cpu         ] GC(340) User=0.77s Sys=0.00s Real=0.78s
[389.895s][info][gc,start       ] GC(341) Pause Full (Allocation Failure)
[389.895s][info][gc,phases,start] GC(341) Phase 1: Mark live objects
[390.079s][info][gc,phases      ] GC(341) Phase 1: Mark live objects 183.636ms
[390.079s][info][gc,phases,start] GC(341) Phase 2: Compute new object addresses
[390.223s][info][gc,phases      ] GC(341) Phase 2: Compute new object addresses 144.017ms
[390.223s][info][gc,phases,start] GC(341) Phase 3: Adjust pointers
[390.376s][info][gc,phases      ] GC(341) Phase 3: Adjust pointers 152.788ms
[390.376s][info][gc,phases,start] GC(341) Phase 4: Move objects
[390.672s][info][gc,phases      ] GC(341) Phase 4: Move objects 296.379ms
[390.673s][info][gc,heap        ] GC(341) DefNew: 1258303K(1258304K)->654530K(1258304K) Eden: 1118528K(1118528K)->654530K(1118528K) From: 139775K(139776K)->0K(139776K)
[390.673s][info][gc,heap        ] GC(341) Tenured: 2796223K(2796224K)->2796223K(2796224K)
[390.673s][info][gc,metaspace   ] GC(341) Metaspace: 10568K(10816K)->10568K(10816K) NonClass: 9532K(9664K)->9532K(9664K) Class: 1035K(1152K)->1035K(1152K)
[390.673s][info][gc             ] GC(341) Pause Full (Allocation Failure) 3959M->3369M(3959M) 777.550ms
[390.673s][info][gc,cpu         ] GC(341) User=0.78s Sys=0.00s Real=0.78s
[391.034s][info][gc,start       ] GC(342) Pause Full (Allocation Failure)
[391.034s][info][gc,phases,start] GC(342) Phase 1: Mark live objects
[391.217s][info][gc,phases      ] GC(342) Phase 1: Mark live objects 183.403ms
[391.217s][info][gc,phases,start] GC(342) Phase 2: Compute new object addresses
[391.349s][info][gc,phases      ] GC(342) Phase 2: Compute new object addresses 132.125ms
[391.349s][info][gc,phases,start] GC(342) Phase 3: Adjust pointers
[391.508s][info][gc,phases      ] GC(342) Phase 3: Adjust pointers 158.903ms
[391.508s][info][gc,phases,start] GC(342) Phase 4: Move objects
[391.817s][info][gc,phases      ] GC(342) Phase 4: Move objects 309.176ms
[391.818s][info][gc,heap        ] GC(342) DefNew: 1258301K(1258304K)->514719K(1258304K) Eden: 1118528K(1118528K)->514719K(1118528K) From: 139773K(139776K)->0K(139776K)
[391.818s][info][gc,heap        ] GC(342) Tenured: 2796223K(2796224K)->2796223K(2796224K)
[391.818s][info][gc,metaspace   ] GC(342) Metaspace: 10568K(10816K)->10568K(10816K) NonClass: 9532K(9664K)->9532K(9664K) Class: 1035K(1152K)->1035K(1152K)
[391.818s][info][gc             ] GC(342) Pause Full (Allocation Failure) 3959M->3233M(3959M) 784.313ms
[391.818s][info][gc,cpu         ] GC(342) User=0.78s Sys=0.00s Real=0.78s
[392.241s][info][gc,start       ] GC(343) Pause Full (Allocation Failure)
[392.242s][info][gc,phases,start] GC(343) Phase 1: Mark live objects
[392.422s][info][gc,phases      ] GC(343) Phase 1: Mark live objects 180.237ms
[392.422s][info][gc,phases,start] GC(343) Phase 2: Compute new object addresses
[392.555s][info][gc,phases      ] GC(343) Phase 2: Compute new object addresses 133.005ms
[392.555s][info][gc,phases,start] GC(343) Phase 3: Adjust pointers
[392.707s][info][gc,phases      ] GC(343) Phase 3: Adjust pointers 152.457ms
[392.707s][info][gc,phases,start] GC(343) Phase 4: Move objects
[392.975s][info][gc,phases      ] GC(343) Phase 4: Move objects 267.943ms
[392.976s][info][gc,heap        ] GC(343) DefNew: 1258303K(1258304K)->654530K(1258304K) Eden: 1118528K(1118528K)->654530K(1118528K) From: 139775K(139776K)->0K(139776K)
[392.976s][info][gc,heap        ] GC(343) Tenured: 2796223K(2796224K)->2796223K(2796224K)
[392.976s][info][gc,metaspace   ] GC(343) Metaspace: 10568K(10816K)->10568K(10816K) NonClass: 9532K(9664K)->9532K(9664K) Class: 1035K(1152K)->1035K(1152K)
[392.976s][info][gc             ] GC(343) Pause Full (Allocation Failure) 3959M->3369M(3959M) 734.387ms
[392.976s][info][gc,cpu         ] GC(343) User=0.73s Sys=0.00s Real=0.74s
[393.333s][info][gc,start       ] GC(344) Pause Full (Allocation Failure)
[393.333s][info][gc,phases,start] GC(344) Phase 1: Mark live objects
[393.517s][info][gc,phases      ] GC(344) Phase 1: Mark live objects 183.652ms
[393.517s][info][gc,phases,start] GC(344) Phase 2: Compute new object addresses
[393.655s][info][gc,phases      ] GC(344) Phase 2: Compute new object addresses 137.819ms
[393.655s][info][gc,phases,start] GC(344) Phase 3: Adjust pointers
[393.804s][info][gc,phases      ] GC(344) Phase 3: Adjust pointers 148.803ms
[393.804s][info][gc,phases,start] GC(344) Phase 4: Move objects
[394.092s][info][gc,phases      ] GC(344) Phase 4: Move objects 288.253ms
[394.092s][info][gc,heap        ] GC(344) DefNew: 1258303K(1258304K)->654526K(1258304K) Eden: 1118528K(1118528K)->654526K(1118528K) From: 139775K(139776K)->0K(139776K)
[394.092s][info][gc,heap        ] GC(344) Tenured: 2796223K(2796224K)->2796223K(2796224K)
[394.092s][info][gc,metaspace   ] GC(344) Metaspace: 10568K(10816K)->10568K(10816K) NonClass: 9532K(9664K)->9532K(9664K) Class: 1035K(1152K)->1035K(1152K)
[394.093s][info][gc             ] GC(344) Pause Full (Allocation Failure) 3959M->3369M(3959M) 759.218ms
[394.093s][info][gc,cpu         ] GC(344) User=0.76s Sys=0.00s Real=0.75s
[394.453s][info][gc,start       ] GC(345) Pause Full (Allocation Failure)
[394.453s][info][gc,phases,start] GC(345) Phase 1: Mark live objects
[394.637s][info][gc,phases      ] GC(345) Phase 1: Mark live objects 184.105ms
[394.637s][info][gc,phases,start] GC(345) Phase 2: Compute new object addresses
[394.762s][info][gc,phases      ] GC(345) Phase 2: Compute new object addresses 124.166ms
[394.762s][info][gc,phases,start] GC(345) Phase 3: Adjust pointers
[394.911s][info][gc,phases      ] GC(345) Phase 3: Adjust pointers 149.394ms
[394.911s][info][gc,phases,start] GC(345) Phase 4: Move objects
[395.207s][info][gc,phases      ] GC(345) Phase 4: Move objects 295.385ms
[395.207s][info][gc,heap        ] GC(345) DefNew: 1258300K(1258304K)->654518K(1258304K) Eden: 1118528K(1118528K)->654518K(1118528K) From: 139772K(139776K)->0K(139776K)
[395.207s][info][gc,heap        ] GC(345) Tenured: 2796223K(2796224K)->2796223K(2796224K)
[395.207s][info][gc,metaspace   ] GC(345) Metaspace: 10568K(10816K)->10568K(10816K) NonClass: 9532K(9664K)->9532K(9664K) Class: 1035K(1152K)->1035K(1152K)
[395.207s][info][gc             ] GC(345) Pause Full (Allocation Failure) 3959M->3369M(3959M) 753.735ms
[395.207s][info][gc,cpu         ] GC(345) User=0.75s Sys=0.00s Real=0.75s
[395.567s][info][gc,start       ] GC(346) Pause Full (Allocation Failure)
[395.568s][info][gc,phases,start] GC(346) Phase 1: Mark live objects
[395.752s][info][gc,phases      ] GC(346) Phase 1: Mark live objects 184.251ms
[395.752s][info][gc,phases,start] GC(346) Phase 2: Compute new object addresses
[395.891s][info][gc,phases      ] GC(346) Phase 2: Compute new object addresses 139.013ms
[395.891s][info][gc,phases,start] GC(346) Phase 3: Adjust pointers
[396.048s][info][gc,phases      ] GC(346) Phase 3: Adjust pointers 157.045ms
[396.048s][info][gc,phases,start] GC(346) Phase 4: Move objects
[396.357s][info][gc,phases      ] GC(346) Phase 4: Move objects 308.852ms
[396.357s][info][gc,heap        ] GC(346) DefNew: 1258301K(1258304K)->514719K(1258304K) Eden: 1118528K(1118528K)->514719K(1118528K) From: 139773K(139776K)->0K(139776K)
[396.357s][info][gc,heap        ] GC(346) Tenured: 2796223K(2796224K)->2796223K(2796224K)
[396.357s][info][gc,metaspace   ] GC(346) Metaspace: 10568K(10816K)->10568K(10816K) NonClass: 9532K(9664K)->9532K(9664K) Class: 1035K(1152K)->1035K(1152K)
[396.357s][info][gc             ] GC(346) Pause Full (Allocation Failure) 3959M->3233M(3959M) 789.896ms
[396.357s][info][gc,cpu         ] GC(346) User=0.79s Sys=0.01s Real=0.79s
[396.779s][info][gc,start       ] GC(347) Pause Full (Allocation Failure)
[396.779s][info][gc,phases,start] GC(347) Phase 1: Mark live objects
[396.963s][info][gc,phases      ] GC(347) Phase 1: Mark live objects 183.718ms
[396.963s][info][gc,phases,start] GC(347) Phase 2: Compute new object addresses
[397.113s][info][gc,phases      ] GC(347) Phase 2: Compute new object addresses 150.413ms
[397.113s][info][gc,phases,start] GC(347) Phase 3: Adjust pointers
[397.280s][info][gc,phases      ] GC(347) Phase 3: Adjust pointers 167.230ms
[397.280s][info][gc,phases,start] GC(347) Phase 4: Move objects
[397.549s][info][gc,phases      ] GC(347) Phase 4: Move objects 268.193ms
[397.549s][info][gc,heap        ] GC(347) DefNew: 1258303K(1258304K)->654530K(1258304K) Eden: 1118528K(1118528K)->654530K(1118528K) From: 139775K(139776K)->0K(139776K)
[397.549s][info][gc,heap        ] GC(347) Tenured: 2796223K(2796224K)->2796223K(2796224K)
[397.549s][info][gc,metaspace   ] GC(347) Metaspace: 10568K(10816K)->10568K(10816K) NonClass: 9532K(9664K)->9532K(9664K) Class: 1035K(1152K)->1035K(1152K)
[397.549s][info][gc             ] GC(347) Pause Full (Allocation Failure) 3959M->3369M(3959M) 770.298ms
[397.549s][info][gc,cpu         ] GC(347) User=0.77s Sys=0.00s Real=0.77s
[397.906s][info][gc,start       ] GC(348) Pause Full (Allocation Failure)
[397.906s][info][gc,phases,start] GC(348) Phase 1: Mark live objects
[398.090s][info][gc,phases      ] GC(348) Phase 1: Mark live objects 183.853ms
[398.090s][info][gc,phases,start] GC(348) Phase 2: Compute new object addresses
[398.235s][info][gc,phases      ] GC(348) Phase 2: Compute new object addresses 144.375ms
[398.235s][info][gc,phases,start] GC(348) Phase 3: Adjust pointers
[398.398s][info][gc,phases      ] GC(348) Phase 3: Adjust pointers 163.427ms
[398.398s][info][gc,phases,start] GC(348) Phase 4: Move objects
[398.685s][info][gc,phases      ] GC(348) Phase 4: Move objects 287.122ms
[398.686s][info][gc,heap        ] GC(348) DefNew: 1258302K(1258304K)->654530K(1258304K) Eden: 1118528K(1118528K)->654530K(1118528K) From: 139774K(139776K)->0K(139776K)
[398.686s][info][gc,heap        ] GC(348) Tenured: 2796223K(2796224K)->2796223K(2796224K)
[398.686s][info][gc,metaspace   ] GC(348) Metaspace: 10568K(10816K)->10568K(10816K) NonClass: 9532K(9664K)->9532K(9664K) Class: 1035K(1152K)->1035K(1152K)
[398.686s][info][gc             ] GC(348) Pause Full (Allocation Failure) 3959M->3369M(3959M) 779.478ms
[398.686s][info][gc,cpu         ] GC(348) User=0.78s Sys=0.00s Real=0.78s
[399.043s][info][gc,start       ] GC(349) Pause Full (Allocation Failure)
[399.043s][info][gc,phases,start] GC(349) Phase 1: Mark live objects
[399.227s][info][gc,phases      ] GC(349) Phase 1: Mark live objects 184.029ms
[399.227s][info][gc,phases,start] GC(349) Phase 2: Compute new object addresses
[399.372s][info][gc,phases      ] GC(349) Phase 2: Compute new object addresses 144.959ms
[399.372s][info][gc,phases,start] GC(349) Phase 3: Adjust pointers
[399.533s][info][gc,phases      ] GC(349) Phase 3: Adjust pointers 161.570ms
[399.534s][info][gc,phases,start] GC(349) Phase 4: Move objects
[399.830s][info][gc,phases      ] GC(349) Phase 4: Move objects 296.354ms
[399.830s][info][gc,heap        ] GC(349) DefNew: 1258303K(1258304K)->654530K(1258304K) Eden: 1118528K(1118528K)->654530K(1118528K) From: 139775K(139776K)->0K(139776K)
[399.830s][info][gc,heap        ] GC(349) Tenured: 2796223K(2796224K)->2796223K(2796224K)
[399.830s][info][gc,metaspace   ] GC(349) Metaspace: 10568K(10816K)->10568K(10816K) NonClass: 9532K(9664K)->9532K(9664K) Class: 1035K(1152K)->1035K(1152K)
[399.830s][info][gc             ] GC(349) Pause Full (Allocation Failure) 3959M->3369M(3959M) 787.634ms
[399.830s][info][gc,cpu         ] GC(349) User=0.78s Sys=0.00s Real=0.79s
[400.192s][info][gc,start       ] GC(350) Pause Full (Allocation Failure)
[400.192s][info][gc,phases,start] GC(350) Phase 1: Mark live objects
[400.375s][info][gc,phases      ] GC(350) Phase 1: Mark live objects 183.226ms
[400.375s][info][gc,phases,start] GC(350) Phase 2: Compute new object addresses
[400.512s][info][gc,phases      ] GC(350) Phase 2: Compute new object addresses 137.112ms
[400.512s][info][gc,phases,start] GC(350) Phase 3: Adjust pointers
[400.661s][info][gc,phases      ] GC(350) Phase 3: Adjust pointers 148.016ms
[400.661s][info][gc,phases,start] GC(350) Phase 4: Move objects
[400.971s][info][gc,phases      ] GC(350) Phase 4: Move objects 310.705ms
[400.972s][info][gc,heap        ] GC(350) DefNew: 1258304K(1258304K)->514719K(1258304K) Eden: 1118528K(1118528K)->514719K(1118528K) From: 139776K(139776K)->0K(139776K)
[400.972s][info][gc,heap        ] GC(350) Tenured: 2796223K(2796224K)->2796223K(2796224K)
[400.972s][info][gc,metaspace   ] GC(350) Metaspace: 10568K(10816K)->10568K(10816K) NonClass: 9532K(9664K)->9532K(9664K) Class: 1035K(1152K)->1035K(1152K)
[400.972s][info][gc             ] GC(350) Pause Full (Allocation Failure) 3959M->3233M(3959M) 779.760ms
[400.972s][info][gc,cpu         ] GC(350) User=0.78s Sys=0.01s Real=0.78s
[401.392s][info][gc,start       ] GC(351) Pause Full (Allocation Failure)
[401.392s][info][gc,phases,start] GC(351) Phase 1: Mark live objects
[401.576s][info][gc,phases      ] GC(351) Phase 1: Mark live objects 183.705ms
[401.576s][info][gc,phases,start] GC(351) Phase 2: Compute new object addresses
[401.707s][info][gc,phases      ] GC(351) Phase 2: Compute new object addresses 131.595ms
[401.707s][info][gc,phases,start] GC(351) Phase 3: Adjust pointers
[401.861s][info][gc,phases      ] GC(351) Phase 3: Adjust pointers 153.272ms
[401.861s][info][gc,phases,start] GC(351) Phase 4: Move objects
[402.128s][info][gc,phases      ] GC(351) Phase 4: Move objects 267.724ms
[402.129s][info][gc,heap        ] GC(351) DefNew: 1258301K(1258304K)->654530K(1258304K) Eden: 1118528K(1118528K)->654530K(1118528K) From: 139773K(139776K)->0K(139776K)
[402.129s][info][gc,heap        ] GC(351) Tenured: 2796223K(2796224K)->2796223K(2796224K)
[402.129s][info][gc,metaspace   ] GC(351) Metaspace: 10568K(10816K)->10568K(10816K) NonClass: 9532K(9664K)->9532K(9664K) Class: 1035K(1152K)->1035K(1152K)
[402.129s][info][gc             ] GC(351) Pause Full (Allocation Failure) 3959M->3369M(3959M) 737.009ms
[402.129s][info][gc,cpu         ] GC(351) User=0.74s Sys=0.00s Real=0.74s
[402.489s][info][gc,start       ] GC(352) Pause Full (Allocation Failure)
[402.489s][info][gc,phases,start] GC(352) Phase 1: Mark live objects
[402.674s][info][gc,phases      ] GC(352) Phase 1: Mark live objects 185.566ms
[402.674s][info][gc,phases,start] GC(352) Phase 2: Compute new object addresses
[402.820s][info][gc,phases      ] GC(352) Phase 2: Compute new object addresses 145.551ms
[402.820s][info][gc,phases,start] GC(352) Phase 3: Adjust pointers
[402.977s][info][gc,phases      ] GC(352) Phase 3: Adjust pointers 156.871ms
[402.977s][info][gc,phases,start] GC(352) Phase 4: Move objects
[403.265s][info][gc,phases      ] GC(352) Phase 4: Move objects 287.906ms
[403.265s][info][gc,heap        ] GC(352) DefNew: 1258303K(1258304K)->654530K(1258304K) Eden: 1118528K(1118528K)->654530K(1118528K) From: 139775K(139776K)->0K(139776K)
[403.265s][info][gc,heap        ] GC(352) Tenured: 2796223K(2796224K)->2796223K(2796224K)
[403.265s][info][gc,metaspace   ] GC(352) Metaspace: 10568K(10816K)->10568K(10816K) NonClass: 9532K(9664K)->9532K(9664K) Class: 1035K(1152K)->1035K(1152K)
[403.265s][info][gc             ] GC(352) Pause Full (Allocation Failure) 3959M->3369M(3959M) 776.628ms
[403.265s][info][gc,cpu         ] GC(352) User=0.77s Sys=0.00s Real=0.78s
[403.621s][info][gc,start       ] GC(353) Pause Full (Allocation Failure)
[403.621s][info][gc,phases,start] GC(353) Phase 1: Mark live objects
[403.805s][info][gc,phases      ] GC(353) Phase 1: Mark live objects 183.646ms
[403.805s][info][gc,phases,start] GC(353) Phase 2: Compute new object addresses
[403.949s][info][gc,phases      ] GC(353) Phase 2: Compute new object addresses 144.320ms
[403.949s][info][gc,phases,start] GC(353) Phase 3: Adjust pointers
[404.106s][info][gc,phases      ] GC(353) Phase 3: Adjust pointers 156.564ms
[404.106s][info][gc,phases,start] GC(353) Phase 4: Move objects
[404.401s][info][gc,phases      ] GC(353) Phase 4: Move objects 295.187ms
[404.402s][info][gc,heap        ] GC(353) DefNew: 1258302K(1258304K)->654530K(1258304K) Eden: 1118528K(1118528K)->654530K(1118528K) From: 139774K(139776K)->0K(139776K)
[404.402s][info][gc,heap        ] GC(353) Tenured: 2796223K(2796224K)->2796223K(2796224K)
[404.402s][info][gc,metaspace   ] GC(353) Metaspace: 10568K(10816K)->10568K(10816K) NonClass: 9532K(9664K)->9532K(9664K) Class: 1035K(1152K)->1035K(1152K)
[404.402s][info][gc             ] GC(353) Pause Full (Allocation Failure) 3959M->3369M(3959M) 780.445ms
[404.402s][info][gc,cpu         ] GC(353) User=0.78s Sys=0.00s Real=0.78s
[404.773s][info][gc,start       ] GC(354) Pause Full (Allocation Failure)
[404.773s][info][gc,phases,start] GC(354) Phase 1: Mark live objects
[404.958s][info][gc,phases      ] GC(354) Phase 1: Mark live objects 184.453ms
[404.958s][info][gc,phases,start] GC(354) Phase 2: Compute new object addresses
[405.101s][info][gc,phases      ] GC(354) Phase 2: Compute new object addresses 143.512ms
[405.102s][info][gc,phases,start] GC(354) Phase 3: Adjust pointers
[405.260s][info][gc,phases      ] GC(354) Phase 3: Adjust pointers 158.847ms
[405.260s][info][gc,phases,start] GC(354) Phase 4: Move objects
[405.572s][info][gc,phases      ] GC(354) Phase 4: Move objects 311.991ms
[405.573s][info][gc,heap        ] GC(354) DefNew: 1258301K(1258304K)->514719K(1258304K) Eden: 1118528K(1118528K)->514719K(1118528K) From: 139773K(139776K)->0K(139776K)
[405.573s][info][gc,heap        ] GC(354) Tenured: 2796223K(2796224K)->2796223K(2796224K)
[405.573s][info][gc,metaspace   ] GC(354) Metaspace: 10568K(10816K)->10568K(10816K) NonClass: 9532K(9664K)->9532K(9664K) Class: 1035K(1152K)->1035K(1152K)
[405.573s][info][gc             ] GC(354) Pause Full (Allocation Failure) 3959M->3233M(3959M) 799.539ms
[405.573s][info][gc,cpu         ] GC(354) User=0.80s Sys=0.00s Real=0.80s
[405.982s][info][gc,start       ] GC(355) Pause Full (Allocation Failure)
[405.982s][info][gc,phases,start] GC(355) Phase 1: Mark live objects
[406.155s][info][gc,phases      ] GC(355) Phase 1: Mark live objects 172.906ms
[406.155s][info][gc,phases,start] GC(355) Phase 2: Compute new object addresses
[406.306s][info][gc,phases      ] GC(355) Phase 2: Compute new object addresses 150.953ms
[406.306s][info][gc,phases,start] GC(355) Phase 3: Adjust pointers
[406.451s][info][gc,phases      ] GC(355) Phase 3: Adjust pointers 144.776ms
[406.451s][info][gc,phases,start] GC(355) Phase 4: Move objects
[406.718s][info][gc,phases      ] GC(355) Phase 4: Move objects 267.170ms
[406.718s][info][gc,heap        ] GC(355) DefNew: 1258303K(1258304K)->654530K(1258304K) Eden: 1118528K(1118528K)->654530K(1118528K) From: 139775K(139776K)->0K(139776K)
[406.718s][info][gc,heap        ] GC(355) Tenured: 2796223K(2796224K)->2796223K(2796224K)
[406.718s][info][gc,metaspace   ] GC(355) Metaspace: 10568K(10816K)->10568K(10816K) NonClass: 9532K(9664K)->9532K(9664K) Class: 1035K(1152K)->1035K(1152K)
[406.718s][info][gc             ] GC(355) Pause Full (Allocation Failure) 3959M->3369M(3959M) 736.510ms
[406.718s][info][gc,cpu         ] GC(355) User=0.73s Sys=0.00s Real=0.74s
[407.075s][info][gc,start       ] GC(356) Pause Full (Allocation Failure)
[407.075s][info][gc,phases,start] GC(356) Phase 1: Mark live objects
[407.260s][info][gc,phases      ] GC(356) Phase 1: Mark live objects 184.292ms
[407.260s][info][gc,phases,start] GC(356) Phase 2: Compute new object addresses
[407.405s][info][gc,phases      ] GC(356) Phase 2: Compute new object addresses 144.858ms
[407.405s][info][gc,phases,start] GC(356) Phase 3: Adjust pointers
[407.565s][info][gc,phases      ] GC(356) Phase 3: Adjust pointers 159.781ms
[407.565s][info][gc,phases,start] GC(356) Phase 4: Move objects
[407.853s][info][gc,phases      ] GC(356) Phase 4: Move objects 288.899ms
[407.854s][info][gc,heap        ] GC(356) DefNew: 1258303K(1258304K)->654530K(1258304K) Eden: 1118528K(1118528K)->654530K(1118528K) From: 139775K(139776K)->0K(139776K)
[407.854s][info][gc,heap        ] GC(356) Tenured: 2796223K(2796224K)->2796223K(2796224K)
[407.854s][info][gc,metaspace   ] GC(356) Metaspace: 10568K(10816K)->10568K(10816K) NonClass: 9532K(9664K)->9532K(9664K) Class: 1035K(1152K)->1035K(1152K)
[407.854s][info][gc             ] GC(356) Pause Full (Allocation Failure) 3959M->3369M(3959M) 778.587ms
[407.854s][info][gc,cpu         ] GC(356) User=0.78s Sys=0.00s Real=0.78s
[408.217s][info][gc,start       ] GC(357) Pause Full (Allocation Failure)
[408.217s][info][gc,phases,start] GC(357) Phase 1: Mark live objects
[408.402s][info][gc,phases      ] GC(357) Phase 1: Mark live objects 184.910ms
[408.402s][info][gc,phases,start] GC(357) Phase 2: Compute new object addresses
[408.531s][info][gc,phases      ] GC(357) Phase 2: Compute new object addresses 129.021ms
[408.531s][info][gc,phases,start] GC(357) Phase 3: Adjust pointers
[408.683s][info][gc,phases      ] GC(357) Phase 3: Adjust pointers 151.864ms
[408.683s][info][gc,phases,start] GC(357) Phase 4: Move objects
[408.979s][info][gc,phases      ] GC(357) Phase 4: Move objects 296.815ms
[408.980s][info][gc,heap        ] GC(357) DefNew: 1258301K(1258304K)->654526K(1258304K) Eden: 1118528K(1118528K)->654526K(1118528K) From: 139773K(139776K)->0K(139776K)
[408.980s][info][gc,heap        ] GC(357) Tenured: 2796223K(2796224K)->2796223K(2796224K)
[408.980s][info][gc,metaspace   ] GC(357) Metaspace: 10568K(10816K)->10568K(10816K) NonClass: 9532K(9664K)->9532K(9664K) Class: 1035K(1152K)->1035K(1152K)
[408.980s][info][gc             ] GC(357) Pause Full (Allocation Failure) 3959M->3369M(3959M) 763.317ms
[408.980s][info][gc,cpu         ] GC(357) User=0.76s Sys=0.00s Real=0.76s
[409.341s][info][gc,start       ] GC(358) Pause Full (Allocation Failure)
[409.341s][info][gc,phases,start] GC(358) Phase 1: Mark live objects
[409.525s][info][gc,phases      ] GC(358) Phase 1: Mark live objects 184.205ms
[409.525s][info][gc,phases,start] GC(358) Phase 2: Compute new object addresses
[409.666s][info][gc,phases      ] GC(358) Phase 2: Compute new object addresses 140.654ms
[409.666s][info][gc,phases,start] GC(358) Phase 3: Adjust pointers
[409.816s][info][gc,phases      ] GC(358) Phase 3: Adjust pointers 150.590ms
[409.816s][info][gc,phases,start] GC(358) Phase 4: Move objects
[410.128s][info][gc,phases      ] GC(358) Phase 4: Move objects 312.045ms
[410.129s][info][gc,heap        ] GC(358) DefNew: 1258302K(1258304K)->514719K(1258304K) Eden: 1118528K(1118528K)->514719K(1118528K) From: 139774K(139776K)->0K(139776K)
[410.129s][info][gc,heap        ] GC(358) Tenured: 2796223K(2796224K)->2796223K(2796224K)
[410.129s][info][gc,metaspace   ] GC(358) Metaspace: 10568K(10816K)->10568K(10816K) NonClass: 9532K(9664K)->9532K(9664K) Class: 1035K(1152K)->1035K(1152K)
[410.129s][info][gc             ] GC(358) Pause Full (Allocation Failure) 3959M->3233M(3959M) 788.212ms
[410.129s][info][gc,cpu         ] GC(358) User=0.79s Sys=0.01s Real=0.79s
[410.538s][info][gc,start       ] GC(359) Pause Full (Allocation Failure)
[410.538s][info][gc,phases,start] GC(359) Phase 1: Mark live objects
[410.722s][info][gc,phases      ] GC(359) Phase 1: Mark live objects 183.937ms
[410.722s][info][gc,phases,start] GC(359) Phase 2: Compute new object addresses
[410.851s][info][gc,phases      ] GC(359) Phase 2: Compute new object addresses 129.603ms
[410.851s][info][gc,phases,start] GC(359) Phase 3: Adjust pointers
[411.004s][info][gc,phases      ] GC(359) Phase 3: Adjust pointers 152.798ms
[411.004s][info][gc,phases,start] GC(359) Phase 4: Move objects
[411.272s][info][gc,phases      ] GC(359) Phase 4: Move objects 267.572ms
[411.272s][info][gc,heap        ] GC(359) DefNew: 1258301K(1258304K)->654530K(1258304K) Eden: 1118528K(1118528K)->654530K(1118528K) From: 139773K(139776K)->0K(139776K)
[411.272s][info][gc,heap        ] GC(359) Tenured: 2796223K(2796224K)->2796223K(2796224K)
[411.272s][info][gc,metaspace   ] GC(359) Metaspace: 10568K(10816K)->10568K(10816K) NonClass: 9532K(9664K)->9532K(9664K) Class: 1035K(1152K)->1035K(1152K)
[411.272s][info][gc             ] GC(359) Pause Full (Allocation Failure) 3959M->3369M(3959M) 734.646ms
[411.272s][info][gc,cpu         ] GC(359) User=0.73s Sys=0.00s Real=0.73s
[411.627s][info][gc,start       ] GC(360) Pause Full (Allocation Failure)
[411.627s][info][gc,phases,start] GC(360) Phase 1: Mark live objects
[411.811s][info][gc,phases      ] GC(360) Phase 1: Mark live objects 183.658ms
[411.811s][info][gc,phases,start] GC(360) Phase 2: Compute new object addresses
[411.948s][info][gc,phases      ] GC(360) Phase 2: Compute new object addresses 136.958ms
[411.948s][info][gc,phases,start] GC(360) Phase 3: Adjust pointers
[412.096s][info][gc,phases      ] GC(360) Phase 3: Adjust pointers 148.755ms
[412.096s][info][gc,phases,start] GC(360) Phase 4: Move objects
[412.387s][info][gc,phases      ] GC(360) Phase 4: Move objects 290.148ms
[412.387s][info][gc,heap        ] GC(360) DefNew: 1258303K(1258304K)->654530K(1258304K) Eden: 1118528K(1118528K)->654530K(1118528K) From: 139775K(139776K)->0K(139776K)
[412.387s][info][gc,heap        ] GC(360) Tenured: 2796223K(2796224K)->2796223K(2796224K)
[412.387s][info][gc,metaspace   ] GC(360) Metaspace: 10568K(10816K)->10568K(10816K) NonClass: 9532K(9664K)->9532K(9664K) Class: 1035K(1152K)->1035K(1152K)
[412.387s][info][gc             ] GC(360) Pause Full (Allocation Failure) 3959M->3369M(3959M) 760.230ms
[412.387s][info][gc,cpu         ] GC(360) User=0.76s Sys=0.00s Real=0.76s
[412.757s][info][gc,start       ] GC(361) Pause Full (Allocation Failure)
[412.757s][info][gc,phases,start] GC(361) Phase 1: Mark live objects
[412.941s][info][gc,phases      ] GC(361) Phase 1: Mark live objects 183.693ms
[412.941s][info][gc,phases,start] GC(361) Phase 2: Compute new object addresses
[413.086s][info][gc,phases      ] GC(361) Phase 2: Compute new object addresses 144.583ms
[413.086s][info][gc,phases,start] GC(361) Phase 3: Adjust pointers
[413.231s][info][gc,phases      ] GC(361) Phase 3: Adjust pointers 145.490ms
[413.231s][info][gc,phases,start] GC(361) Phase 4: Move objects
[413.530s][info][gc,phases      ] GC(361) Phase 4: Move objects 298.377ms
[413.530s][info][gc,heap        ] GC(361) DefNew: 1258303K(1258304K)->654505K(1258304K) Eden: 1118528K(1118528K)->654505K(1118528K) From: 139775K(139776K)->0K(139776K)
[413.530s][info][gc,heap        ] GC(361) Tenured: 2796223K(2796224K)->2796223K(2796224K)
[413.530s][info][gc,metaspace   ] GC(361) Metaspace: 10568K(10816K)->10568K(10816K) NonClass: 9532K(9664K)->9532K(9664K) Class: 1035K(1152K)->1035K(1152K)
[413.530s][info][gc             ] GC(361) Pause Full (Allocation Failure) 3959M->3369M(3959M) 772.863ms
[413.530s][info][gc,cpu         ] GC(361) User=0.77s Sys=0.00s Real=0.77s
[413.886s][info][gc,start       ] GC(362) Pause Full (Allocation Failure)
[413.887s][info][gc,phases,start] GC(362) Phase 1: Mark live objects
[414.070s][info][gc,phases      ] GC(362) Phase 1: Mark live objects 183.366ms
[414.070s][info][gc,phases,start] GC(362) Phase 2: Compute new object addresses
[414.214s][info][gc,phases      ] GC(362) Phase 2: Compute new object addresses 143.842ms
[414.214s][info][gc,phases,start] GC(362) Phase 3: Adjust pointers
[414.371s][info][gc,phases      ] GC(362) Phase 3: Adjust pointers 157.202ms
[414.371s][info][gc,phases,start] GC(362) Phase 4: Move objects
[414.682s][info][gc,phases      ] GC(362) Phase 4: Move objects 310.538ms
[414.682s][info][gc,heap        ] GC(362) DefNew: 1258303K(1258304K)->514719K(1258304K) Eden: 1118528K(1118528K)->514719K(1118528K) From: 139775K(139776K)->0K(139776K)
[414.682s][info][gc,heap        ] GC(362) Tenured: 2796223K(2796224K)->2796223K(2796224K)
[414.682s][info][gc,metaspace   ] GC(362) Metaspace: 10568K(10816K)->10568K(10816K) NonClass: 9532K(9664K)->9532K(9664K) Class: 1035K(1152K)->1035K(1152K)
[414.682s][info][gc             ] GC(362) Pause Full (Allocation Failure) 3959M->3233M(3959M) 795.663ms
[414.682s][info][gc,cpu         ] GC(362) User=0.80s Sys=0.00s Real=0.79s
[415.102s][info][gc,start       ] GC(363) Pause Full (Allocation Failure)
[415.102s][info][gc,phases,start] GC(363) Phase 1: Mark live objects
[415.286s][info][gc,phases      ] GC(363) Phase 1: Mark live objects 184.190ms
[415.286s][info][gc,phases,start] GC(363) Phase 2: Compute new object addresses
[415.432s][info][gc,phases      ] GC(363) Phase 2: Compute new object addresses 145.585ms
[415.432s][info][gc,phases,start] GC(363) Phase 3: Adjust pointers
[415.588s][info][gc,phases      ] GC(363) Phase 3: Adjust pointers 155.898ms
[415.588s][info][gc,phases,start] GC(363) Phase 4: Move objects
[415.854s][info][gc,phases      ] GC(363) Phase 4: Move objects 266.212ms
[415.854s][info][gc,heap        ] GC(363) DefNew: 1258303K(1258304K)->654530K(1258304K) Eden: 1118528K(1118528K)->654530K(1118528K) From: 139775K(139776K)->0K(139776K)
[415.854s][info][gc,heap        ] GC(363) Tenured: 2796223K(2796224K)->2796223K(2796224K)
[415.854s][info][gc,metaspace   ] GC(363) Metaspace: 10568K(10816K)->10568K(10816K) NonClass: 9532K(9664K)->9532K(9664K) Class: 1035K(1152K)->1035K(1152K)
[415.854s][info][gc             ] GC(363) Pause Full (Allocation Failure) 3959M->3369M(3959M) 752.587ms
[415.854s][info][gc,cpu         ] GC(363) User=0.75s Sys=0.00s Real=0.76s
[416.215s][info][gc,start       ] GC(364) Pause Full (Allocation Failure)
[416.215s][info][gc,phases,start] GC(364) Phase 1: Mark live objects
[416.399s][info][gc,phases      ] GC(364) Phase 1: Mark live objects 184.252ms
[416.399s][info][gc,phases,start] GC(364) Phase 2: Compute new object addresses
[416.540s][info][gc,phases      ] GC(364) Phase 2: Compute new object addresses 141.212ms
[416.540s][info][gc,phases,start] GC(364) Phase 3: Adjust pointers
[416.680s][info][gc,phases      ] GC(364) Phase 3: Adjust pointers 139.338ms
[416.680s][info][gc,phases,start] GC(364) Phase 4: Move objects
[416.967s][info][gc,phases      ] GC(364) Phase 4: Move objects 287.543ms
[416.968s][info][gc,heap        ] GC(364) DefNew: 1258301K(1258304K)->654526K(1258304K) Eden: 1118528K(1118528K)->654526K(1118528K) From: 139773K(139776K)->0K(139776K)
[416.968s][info][gc,heap        ] GC(364) Tenured: 2796223K(2796224K)->2796223K(2796224K)
[416.968s][info][gc,metaspace   ] GC(364) Metaspace: 10568K(10816K)->10568K(10816K) NonClass: 9532K(9664K)->9532K(9664K) Class: 1035K(1152K)->1035K(1152K)
[416.968s][info][gc             ] GC(364) Pause Full (Allocation Failure) 3959M->3369M(3959M) 753.045ms
[416.968s][info][gc,cpu         ] GC(364) User=0.75s Sys=0.00s Real=0.75s
[417.326s][info][gc,start       ] GC(365) Pause Full (Allocation Failure)
[417.326s][info][gc,phases,start] GC(365) Phase 1: Mark live objects
[417.511s][info][gc,phases      ] GC(365) Phase 1: Mark live objects 185.004ms
[417.511s][info][gc,phases,start] GC(365) Phase 2: Compute new object addresses
[417.650s][info][gc,phases      ] GC(365) Phase 2: Compute new object addresses 138.611ms
[417.650s][info][gc,phases,start] GC(365) Phase 3: Adjust pointers
[417.800s][info][gc,phases      ] GC(365) Phase 3: Adjust pointers 150.859ms
[417.800s][info][gc,phases,start] GC(365) Phase 4: Move objects
[418.097s][info][gc,phases      ] GC(365) Phase 4: Move objects 296.525ms
[418.097s][info][gc,heap        ] GC(365) DefNew: 1258302K(1258304K)->654526K(1258304K) Eden: 1118528K(1118528K)->654526K(1118528K) From: 139774K(139776K)->0K(139776K)
[418.097s][info][gc,heap        ] GC(365) Tenured: 2796223K(2796224K)->2796223K(2796224K)
[418.097s][info][gc,metaspace   ] GC(365) Metaspace: 10568K(10816K)->10568K(10816K) NonClass: 9532K(9664K)->9532K(9664K) Class: 1035K(1152K)->1035K(1152K)
[418.097s][info][gc             ] GC(365) Pause Full (Allocation Failure) 3959M->3369M(3959M) 771.714ms
[418.098s][info][gc,cpu         ] GC(365) User=0.78s Sys=0.00s Real=0.77s
[418.453s][info][gc,start       ] GC(366) Pause Full (Allocation Failure)
[418.453s][info][gc,phases,start] GC(366) Phase 1: Mark live objects
[418.637s][info][gc,phases      ] GC(366) Phase 1: Mark live objects 183.791ms
[418.637s][info][gc,phases,start] GC(366) Phase 2: Compute new object addresses
[418.774s][info][gc,phases      ] GC(366) Phase 2: Compute new object addresses 137.573ms
[418.775s][info][gc,phases,start] GC(366) Phase 3: Adjust pointers
[418.923s][info][gc,phases      ] GC(366) Phase 3: Adjust pointers 148.890ms
[418.923s][info][gc,phases,start] GC(366) Phase 4: Move objects
[419.232s][info][gc,phases      ] GC(366) Phase 4: Move objects 308.435ms
[419.232s][info][gc,heap        ] GC(366) DefNew: 1258301K(1258304K)->514719K(1258304K) Eden: 1118528K(1118528K)->514719K(1118528K) From: 139773K(139776K)->0K(139776K)
[419.232s][info][gc,heap        ] GC(366) Tenured: 2796223K(2796224K)->2796223K(2796224K)
[419.232s][info][gc,metaspace   ] GC(366) Metaspace: 10568K(10816K)->10568K(10816K) NonClass: 9532K(9664K)->9532K(9664K) Class: 1035K(1152K)->1035K(1152K)
[419.232s][info][gc             ] GC(366) Pause Full (Allocation Failure) 3959M->3233M(3959M) 779.381ms
[419.232s][info][gc,cpu         ] GC(366) User=0.78s Sys=0.00s Real=0.77s
[419.645s][info][gc,start       ] GC(367) Pause Full (Allocation Failure)
[419.645s][info][gc,phases,start] GC(367) Phase 1: Mark live objects
[419.817s][info][gc,phases      ] GC(367) Phase 1: Mark live objects 172.374ms
[419.817s][info][gc,phases,start] GC(367) Phase 2: Compute new object addresses
[419.968s][info][gc,phases      ] GC(367) Phase 2: Compute new object addresses 150.702ms
[419.968s][info][gc,phases,start] GC(367) Phase 3: Adjust pointers
[420.122s][info][gc,phases      ] GC(367) Phase 3: Adjust pointers 153.892ms
[420.122s][info][gc,phases,start] GC(367) Phase 4: Move objects
[420.388s][info][gc,phases      ] GC(367) Phase 4: Move objects 266.394ms
[420.389s][info][gc,heap        ] GC(367) DefNew: 1258302K(1258304K)->654526K(1258304K) Eden: 1118528K(1118528K)->654526K(1118528K) From: 139774K(139776K)->0K(139776K)
[420.389s][info][gc,heap        ] GC(367) Tenured: 2796223K(2796224K)->2796223K(2796224K)
[420.389s][info][gc,metaspace   ] GC(367) Metaspace: 10568K(10816K)->10568K(10816K) NonClass: 9532K(9664K)->9532K(9664K) Class: 1035K(1152K)->1035K(1152K)
[420.389s][info][gc             ] GC(367) Pause Full (Allocation Failure) 3959M->3369M(3959M) 744.087ms
[420.389s][info][gc,cpu         ] GC(367) User=0.75s Sys=0.00s Real=0.74s
[420.746s][info][gc,start       ] GC(368) Pause Full (Allocation Failure)
[420.746s][info][gc,phases,start] GC(368) Phase 1: Mark live objects
[420.930s][info][gc,phases      ] GC(368) Phase 1: Mark live objects 183.834ms
[420.930s][info][gc,phases,start] GC(368) Phase 2: Compute new object addresses
[421.074s][info][gc,phases      ] GC(368) Phase 2: Compute new object addresses 143.977ms
[421.074s][info][gc,phases,start] GC(368) Phase 3: Adjust pointers
[421.228s][info][gc,phases      ] GC(368) Phase 3: Adjust pointers 153.537ms
[421.228s][info][gc,phases,start] GC(368) Phase 4: Move objects
[421.517s][info][gc,phases      ] GC(368) Phase 4: Move objects 289.397ms
[421.518s][info][gc,heap        ] GC(368) DefNew: 1258303K(1258304K)->654530K(1258304K) Eden: 1118528K(1118528K)->654530K(1118528K) From: 139775K(139776K)->0K(139776K)
[421.518s][info][gc,heap        ] GC(368) Tenured: 2796223K(2796224K)->2796223K(2796224K)
[421.518s][info][gc,metaspace   ] GC(368) Metaspace: 10568K(10816K)->10568K(10816K) NonClass: 9532K(9664K)->9532K(9664K) Class: 1035K(1152K)->1035K(1152K)
[421.518s][info][gc             ] GC(368) Pause Full (Allocation Failure) 3959M->3369M(3959M) 771.453ms
[421.518s][info][gc,cpu         ] GC(368) User=0.77s Sys=0.00s Real=0.77s
[421.875s][info][gc,start       ] GC(369) Pause Full (Allocation Failure)
[421.875s][info][gc,phases,start] GC(369) Phase 1: Mark live objects
[422.060s][info][gc,phases      ] GC(369) Phase 1: Mark live objects 184.608ms
[422.060s][info][gc,phases,start] GC(369) Phase 2: Compute new object addresses
[422.197s][info][gc,phases      ] GC(369) Phase 2: Compute new object addresses 137.297ms
[422.197s][info][gc,phases,start] GC(369) Phase 3: Adjust pointers
[422.345s][info][gc,phases      ] GC(369) Phase 3: Adjust pointers 148.157ms
[422.345s][info][gc,phases,start] GC(369) Phase 4: Move objects
[422.641s][info][gc,phases      ] GC(369) Phase 4: Move objects 295.790ms
[422.642s][info][gc,heap        ] GC(369) DefNew: 1258302K(1258304K)->654530K(1258304K) Eden: 1118528K(1118528K)->654530K(1118528K) From: 139774K(139776K)->0K(139776K)
[422.642s][info][gc,heap        ] GC(369) Tenured: 2796223K(2796224K)->2796223K(2796224K)
[422.642s][info][gc,metaspace   ] GC(369) Metaspace: 10568K(10816K)->10568K(10816K) NonClass: 9532K(9664K)->9532K(9664K) Class: 1035K(1152K)->1035K(1152K)
[422.642s][info][gc             ] GC(369) Pause Full (Allocation Failure) 3959M->3369M(3959M) 766.546ms
[422.642s][info][gc,cpu         ] GC(369) User=0.77s Sys=0.00s Real=0.76s
[423.003s][info][gc,start       ] GC(370) Pause Full (Allocation Failure)
[423.003s][info][gc,phases,start] GC(370) Phase 1: Mark live objects
[423.187s][info][gc,phases      ] GC(370) Phase 1: Mark live objects 184.587ms
[423.187s][info][gc,phases,start] GC(370) Phase 2: Compute new object addresses
[423.325s][info][gc,phases      ] GC(370) Phase 2: Compute new object addresses 137.583ms
[423.325s][info][gc,phases,start] GC(370) Phase 3: Adjust pointers
[423.473s][info][gc,phases      ] GC(370) Phase 3: Adjust pointers 148.276ms
[423.473s][info][gc,phases,start] GC(370) Phase 4: Move objects
[423.782s][info][gc,phases      ] GC(370) Phase 4: Move objects 309.139ms
[423.783s][info][gc,heap        ] GC(370) DefNew: 1258302K(1258304K)->514719K(1258304K) Eden: 1118528K(1118528K)->514719K(1118528K) From: 139774K(139776K)->0K(139776K)
[423.783s][info][gc,heap        ] GC(370) Tenured: 2796223K(2796224K)->2796223K(2796224K)
[423.783s][info][gc,metaspace   ] GC(370) Metaspace: 10571K(10816K)->10571K(10816K) NonClass: 9535K(9664K)->9535K(9664K) Class: 1035K(1152K)->1035K(1152K)
[423.783s][info][gc             ] GC(370) Pause Full (Allocation Failure) 3959M->3233M(3959M) 780.298ms
[423.783s][info][gc,cpu         ] GC(370) User=0.78s Sys=0.00s Real=0.78s
[424.199s][info][gc,start       ] GC(371) Pause Full (Allocation Failure)
[424.199s][info][gc,phases,start] GC(371) Phase 1: Mark live objects
[424.385s][info][gc,phases      ] GC(371) Phase 1: Mark live objects 185.807ms
[424.385s][info][gc,phases,start] GC(371) Phase 2: Compute new object addresses
[424.536s][info][gc,phases      ] GC(371) Phase 2: Compute new object addresses 150.482ms
[424.536s][info][gc,phases,start] GC(371) Phase 3: Adjust pointers
[424.701s][info][gc,phases      ] GC(371) Phase 3: Adjust pointers 165.125ms
[424.701s][info][gc,phases,start] GC(371) Phase 4: Move objects
[424.969s][info][gc,phases      ] GC(371) Phase 4: Move objects 268.389ms
[424.970s][info][gc,heap        ] GC(371) DefNew: 1258301K(1258304K)->654526K(1258304K) Eden: 1118528K(1118528K)->654526K(1118528K) From: 139773K(139776K)->0K(139776K)
[424.970s][info][gc,heap        ] GC(371) Tenured: 2796223K(2796224K)->2796223K(2796224K)
[424.970s][info][gc,metaspace   ] GC(371) Metaspace: 10571K(10816K)->10571K(10816K) NonClass: 9535K(9664K)->9535K(9664K) Class: 1035K(1152K)->1035K(1152K)
[424.970s][info][gc             ] GC(371) Pause Full (Allocation Failure) 3959M->3369M(3959M) 770.503ms
[424.970s][info][gc,cpu         ] GC(371) User=0.77s Sys=0.00s Real=0.77s
[425.329s][info][gc,start       ] GC(372) Pause Full (Allocation Failure)
[425.329s][info][gc,phases,start] GC(372) Phase 1: Mark live objects
[425.514s][info][gc,phases      ] GC(372) Phase 1: Mark live objects 184.260ms
[425.514s][info][gc,phases,start] GC(372) Phase 2: Compute new object addresses
[425.657s][info][gc,phases      ] GC(372) Phase 2: Compute new object addresses 143.652ms
[425.657s][info][gc,phases,start] GC(372) Phase 3: Adjust pointers
[425.807s][info][gc,phases      ] GC(372) Phase 3: Adjust pointers 149.335ms
[425.807s][info][gc,phases,start] GC(372) Phase 4: Move objects
[426.096s][info][gc,phases      ] GC(372) Phase 4: Move objects 289.781ms
[426.097s][info][gc,heap        ] GC(372) DefNew: 1258303K(1258304K)->654530K(1258304K) Eden: 1118528K(1118528K)->654530K(1118528K) From: 139775K(139776K)->0K(139776K)
[426.097s][info][gc,heap        ] GC(372) Tenured: 2796223K(2796224K)->2796223K(2796224K)
[426.097s][info][gc,metaspace   ] GC(372) Metaspace: 10571K(10816K)->10571K(10816K) NonClass: 9535K(9664K)->9535K(9664K) Class: 1035K(1152K)->1035K(1152K)
[426.097s][info][gc             ] GC(372) Pause Full (Allocation Failure) 3959M->3369M(3959M) 767.765ms
[426.097s][info][gc,cpu         ] GC(372) User=0.77s Sys=0.00s Real=0.77s
[426.454s][info][gc,start       ] GC(373) Pause Full (Allocation Failure)
[426.454s][info][gc,phases,start] GC(373) Phase 1: Mark live objects
[426.639s][info][gc,phases      ] GC(373) Phase 1: Mark live objects 184.301ms
[426.639s][info][gc,phases,start] GC(373) Phase 2: Compute new object addresses
[426.783s][info][gc,phases      ] GC(373) Phase 2: Compute new object addresses 144.519ms
[426.783s][info][gc,phases,start] GC(373) Phase 3: Adjust pointers
[426.925s][info][gc,phases      ] GC(373) Phase 3: Adjust pointers 141.658ms
[426.925s][info][gc,phases,start] GC(373) Phase 4: Move objects
[427.221s][info][gc,phases      ] GC(373) Phase 4: Move objects 296.195ms
[427.222s][info][gc,heap        ] GC(373) DefNew: 1258303K(1258304K)->654522K(1258304K) Eden: 1118528K(1118528K)->654522K(1118528K) From: 139775K(139776K)->0K(139776K)
[427.222s][info][gc,heap        ] GC(373) Tenured: 2796223K(2796224K)->2796223K(2796224K)
[427.222s][info][gc,metaspace   ] GC(373) Metaspace: 10571K(10816K)->10571K(10816K) NonClass: 9535K(9664K)->9535K(9664K) Class: 1035K(1152K)->1035K(1152K)
[427.222s][info][gc             ] GC(373) Pause Full (Allocation Failure) 3959M->3369M(3959M) 767.383ms
[427.222s][info][gc,cpu         ] GC(373) User=0.77s Sys=0.00s Real=0.76s
[427.580s][info][gc,start       ] GC(374) Pause Full (Allocation Failure)
[427.580s][info][gc,phases,start] GC(374) Phase 1: Mark live objects
[427.765s][info][gc,phases      ] GC(374) Phase 1: Mark live objects 184.143ms
[427.765s][info][gc,phases,start] GC(374) Phase 2: Compute new object addresses
[427.906s][info][gc,phases      ] GC(374) Phase 2: Compute new object addresses 141.300ms
[427.906s][info][gc,phases,start] GC(374) Phase 3: Adjust pointers
[428.064s][info][gc,phases      ] GC(374) Phase 3: Adjust pointers 158.044ms
[428.064s][info][gc,phases,start] GC(374) Phase 4: Move objects
[428.375s][info][gc,phases      ] GC(374) Phase 4: Move objects 310.951ms
[428.375s][info][gc,heap        ] GC(374) DefNew: 1258302K(1258304K)->514719K(1258304K) Eden: 1118528K(1118528K)->514719K(1118528K) From: 139774K(139776K)->0K(139776K)
[428.375s][info][gc,heap        ] GC(374) Tenured: 2796223K(2796224K)->2796223K(2796224K)
[428.375s][info][gc,metaspace   ] GC(374) Metaspace: 10571K(10816K)->10571K(10816K) NonClass: 9535K(9664K)->9535K(9664K) Class: 1035K(1152K)->1035K(1152K)
[428.376s][info][gc             ] GC(374) Pause Full (Allocation Failure) 3959M->3233M(3959M) 795.170ms
[428.376s][info][gc,cpu         ] GC(374) User=0.80s Sys=0.00s Real=0.80s
[428.785s][info][gc,start       ] GC(375) Pause Full (Allocation Failure)
[428.785s][info][gc,phases,start] GC(375) Phase 1: Mark live objects
[428.969s][info][gc,phases      ] GC(375) Phase 1: Mark live objects 184.215ms
[428.969s][info][gc,phases,start] GC(375) Phase 2: Compute new object addresses
[429.113s][info][gc,phases      ] GC(375) Phase 2: Compute new object addresses 144.204ms
[429.113s][info][gc,phases,start] GC(375) Phase 3: Adjust pointers
[429.274s][info][gc,phases      ] GC(375) Phase 3: Adjust pointers 161.113ms
[429.274s][info][gc,phases,start] GC(375) Phase 4: Move objects
[429.543s][info][gc,phases      ] GC(375) Phase 4: Move objects 268.571ms
[429.543s][info][gc,heap        ] GC(375) DefNew: 1258303K(1258304K)->654530K(1258304K) Eden: 1118528K(1118528K)->654530K(1118528K) From: 139775K(139776K)->0K(139776K)
[429.543s][info][gc,heap        ] GC(375) Tenured: 2796223K(2796224K)->2796223K(2796224K)
[429.543s][info][gc,metaspace   ] GC(375) Metaspace: 10571K(10816K)->10571K(10816K) NonClass: 9535K(9664K)->9535K(9664K) Class: 1035K(1152K)->1035K(1152K)
[429.543s][info][gc             ] GC(375) Pause Full (Allocation Failure) 3959M->3369M(3959M) 758.818ms
[429.544s][info][gc,cpu         ] GC(375) User=0.76s Sys=0.00s Real=0.75s
[429.903s][info][gc,start       ] GC(376) Pause Full (Allocation Failure)
[429.903s][info][gc,phases,start] GC(376) Phase 1: Mark live objects
[430.087s][info][gc,phases      ] GC(376) Phase 1: Mark live objects 184.112ms
[430.088s][info][gc,phases,start] GC(376) Phase 2: Compute new object addresses
[430.226s][info][gc,phases      ] GC(376) Phase 2: Compute new object addresses 138.897ms
[430.226s][info][gc,phases,start] GC(376) Phase 3: Adjust pointers
[430.384s][info][gc,phases      ] GC(376) Phase 3: Adjust pointers 157.979ms
[430.384s][info][gc,phases,start] GC(376) Phase 4: Move objects
[430.672s][info][gc,phases      ] GC(376) Phase 4: Move objects 287.842ms
[430.673s][info][gc,heap        ] GC(376) DefNew: 1258301K(1258304K)->654530K(1258304K) Eden: 1118528K(1118528K)->654530K(1118528K) From: 139773K(139776K)->0K(139776K)
[430.673s][info][gc,heap        ] GC(376) Tenured: 2796223K(2796224K)->2796223K(2796224K)
[430.673s][info][gc,metaspace   ] GC(376) Metaspace: 10571K(10816K)->10571K(10816K) NonClass: 9535K(9664K)->9535K(9664K) Class: 1035K(1152K)->1035K(1152K)
[430.673s][info][gc             ] GC(376) Pause Full (Allocation Failure) 3959M->3369M(3959M) 769.545ms
[430.673s][info][gc,cpu         ] GC(376) User=0.77s Sys=0.00s Real=0.78s
[431.033s][info][gc,start       ] GC(377) Pause Full (Allocation Failure)
[431.033s][info][gc,phases,start] GC(377) Phase 1: Mark live objects
[431.218s][info][gc,phases      ] GC(377) Phase 1: Mark live objects 184.309ms
[431.218s][info][gc,phases,start] GC(377) Phase 2: Compute new object addresses
[431.359s][info][gc,phases      ] GC(377) Phase 2: Compute new object addresses 141.068ms
[431.359s][info][gc,phases,start] GC(377) Phase 3: Adjust pointers
[431.510s][info][gc,phases      ] GC(377) Phase 3: Adjust pointers 150.908ms
[431.510s][info][gc,phases,start] GC(377) Phase 4: Move objects
[431.805s][info][gc,phases      ] GC(377) Phase 4: Move objects 295.107ms
[431.805s][info][gc,heap        ] GC(377) DefNew: 1258303K(1258304K)->654530K(1258304K) Eden: 1118528K(1118528K)->654530K(1118528K) From: 139775K(139776K)->0K(139776K)
[431.805s][info][gc,heap        ] GC(377) Tenured: 2796223K(2796224K)->2796223K(2796224K)
[431.805s][info][gc,metaspace   ] GC(377) Metaspace: 10571K(10816K)->10571K(10816K) NonClass: 9535K(9664K)->9535K(9664K) Class: 1035K(1152K)->1035K(1152K)
[431.805s][info][gc             ] GC(377) Pause Full (Allocation Failure) 3959M->3369M(3959M) 772.106ms
[431.805s][info][gc,cpu         ] GC(377) User=0.77s Sys=0.00s Real=0.77s
[432.171s][info][gc,start       ] GC(378) Pause Full (Allocation Failure)
[432.171s][info][gc,phases,start] GC(378) Phase 1: Mark live objects
[432.355s][info][gc,phases      ] GC(378) Phase 1: Mark live objects 184.253ms
[432.356s][info][gc,phases,start] GC(378) Phase 2: Compute new object addresses
[432.496s][info][gc,phases      ] GC(378) Phase 2: Compute new object addresses 140.719ms
[432.496s][info][gc,phases,start] GC(378) Phase 3: Adjust pointers
[432.653s][info][gc,phases      ] GC(378) Phase 3: Adjust pointers 157.094ms
[432.653s][info][gc,phases,start] GC(378) Phase 4: Move objects
[432.963s][info][gc,phases      ] GC(378) Phase 4: Move objects 309.948ms
[432.964s][info][gc,heap        ] GC(378) DefNew: 1258302K(1258304K)->514719K(1258304K) Eden: 1118528K(1118528K)->514719K(1118528K) From: 139774K(139776K)->0K(139776K)
[432.964s][info][gc,heap        ] GC(378) Tenured: 2796223K(2796224K)->2796223K(2796224K)
[432.964s][info][gc,metaspace   ] GC(378) Metaspace: 10571K(10816K)->10571K(10816K) NonClass: 9535K(9664K)->9535K(9664K) Class: 1035K(1152K)->1035K(1152K)
[432.964s][info][gc             ] GC(378) Pause Full (Allocation Failure) 3959M->3233M(3959M) 792.720ms
[432.964s][info][gc,cpu         ] GC(378) User=0.79s Sys=0.00s Real=0.79s
[433.386s][info][gc,start       ] GC(379) Pause Full (Allocation Failure)
[433.386s][info][gc,phases,start] GC(379) Phase 1: Mark live objects
[433.570s][info][gc,phases      ] GC(379) Phase 1: Mark live objects 184.316ms
[433.570s][info][gc,phases,start] GC(379) Phase 2: Compute new object addresses
[433.719s][info][gc,phases      ] GC(379) Phase 2: Compute new object addresses 148.092ms
[433.719s][info][gc,phases,start] GC(379) Phase 3: Adjust pointers
[433.873s][info][gc,phases      ] GC(379) Phase 3: Adjust pointers 154.591ms
[433.873s][info][gc,phases,start] GC(379) Phase 4: Move objects
[434.142s][info][gc,phases      ] GC(379) Phase 4: Move objects 268.575ms
[434.142s][info][gc,heap        ] GC(379) DefNew: 1258301K(1258304K)->654530K(1258304K) Eden: 1118528K(1118528K)->654530K(1118528K) From: 139773K(139776K)->0K(139776K)
[434.142s][info][gc,heap        ] GC(379) Tenured: 2796223K(2796224K)->2796223K(2796224K)
[434.142s][info][gc,metaspace   ] GC(379) Metaspace: 10571K(10816K)->10571K(10816K) NonClass: 9535K(9664K)->9535K(9664K) Class: 1035K(1152K)->1035K(1152K)
[434.142s][info][gc             ] GC(379) Pause Full (Allocation Failure) 3959M->3369M(3959M) 756.301ms
[434.142s][info][gc,cpu         ] GC(379) User=0.76s Sys=0.00s Real=0.75s
[434.500s][info][gc,start       ] GC(380) Pause Full (Allocation Failure)
[434.500s][info][gc,phases,start] GC(380) Phase 1: Mark live objects
[434.684s][info][gc,phases      ] GC(380) Phase 1: Mark live objects 184.029ms
[434.684s][info][gc,phases,start] GC(380) Phase 2: Compute new object addresses
[434.829s][info][gc,phases      ] GC(380) Phase 2: Compute new object addresses 144.581ms
[434.829s][info][gc,phases,start] GC(380) Phase 3: Adjust pointers
[434.988s][info][gc,phases      ] GC(380) Phase 3: Adjust pointers 158.717ms
[434.988s][info][gc,phases,start] GC(380) Phase 4: Move objects
[435.277s][info][gc,phases      ] GC(380) Phase 4: Move objects 289.154ms
[435.277s][info][gc,heap        ] GC(380) DefNew: 1258300K(1258304K)->654522K(1258304K) Eden: 1118528K(1118528K)->654522K(1118528K) From: 139772K(139776K)->0K(139776K)
[435.277s][info][gc,heap        ] GC(380) Tenured: 2796223K(2796224K)->2796223K(2796224K)
[435.277s][info][gc,metaspace   ] GC(380) Metaspace: 10571K(10816K)->10571K(10816K) NonClass: 9535K(9664K)->9535K(9664K) Class: 1035K(1152K)->1035K(1152K)
[435.277s][info][gc             ] GC(380) Pause Full (Allocation Failure) 3959M->3369M(3959M) 777.192ms
[435.277s][info][gc,cpu         ] GC(380) User=0.77s Sys=0.00s Real=0.78s
[435.638s][info][gc,start       ] GC(381) Pause Full (Allocation Failure)
[435.638s][info][gc,phases,start] GC(381) Phase 1: Mark live objects
[435.821s][info][gc,phases      ] GC(381) Phase 1: Mark live objects 183.421ms
[435.821s][info][gc,phases,start] GC(381) Phase 2: Compute new object addresses
[435.961s][info][gc,phases      ] GC(381) Phase 2: Compute new object addresses 139.395ms
[435.961s][info][gc,phases,start] GC(381) Phase 3: Adjust pointers
[436.108s][info][gc,phases      ] GC(381) Phase 3: Adjust pointers 146.939ms
[436.108s][info][gc,phases,start] GC(381) Phase 4: Move objects
[436.405s][info][gc,phases      ] GC(381) Phase 4: Move objects 297.078ms
[436.405s][info][gc,heap        ] GC(381) DefNew: 1258300K(1258304K)->654518K(1258304K) Eden: 1118528K(1118528K)->654518K(1118528K) From: 139772K(139776K)->0K(139776K)
[436.405s][info][gc,heap        ] GC(381) Tenured: 2796223K(2796224K)->2796223K(2796224K)
[436.405s][info][gc,metaspace   ] GC(381) Metaspace: 10571K(10816K)->10571K(10816K) NonClass: 9535K(9664K)->9535K(9664K) Class: 1035K(1152K)->1035K(1152K)
[436.405s][info][gc             ] GC(381) Pause Full (Allocation Failure) 3959M->3369M(3959M) 767.552ms
[436.405s][info][gc,cpu         ] GC(381) User=0.77s Sys=0.00s Real=0.77s
[436.766s][info][gc,start       ] GC(382) Pause Full (Allocation Failure)
[436.766s][info][gc,phases,start] GC(382) Phase 1: Mark live objects
[436.949s][info][gc,phases      ] GC(382) Phase 1: Mark live objects 183.867ms
[436.950s][info][gc,phases,start] GC(382) Phase 2: Compute new object addresses
[437.094s][info][gc,phases      ] GC(382) Phase 2: Compute new object addresses 144.647ms
[437.094s][info][gc,phases,start] GC(382) Phase 3: Adjust pointers
[437.256s][info][gc,phases      ] GC(382) Phase 3: Adjust pointers 161.772ms
[437.256s][info][gc,phases,start] GC(382) Phase 4: Move objects
[437.568s][info][gc,phases      ] GC(382) Phase 4: Move objects 311.462ms
[437.568s][info][gc,heap        ] GC(382) DefNew: 1258301K(1258304K)->514719K(1258304K) Eden: 1118528K(1118528K)->514719K(1118528K) From: 139773K(139776K)->0K(139776K)
[437.568s][info][gc,heap        ] GC(382) Tenured: 2796223K(2796224K)->2796223K(2796224K)
[437.568s][info][gc,metaspace   ] GC(382) Metaspace: 10571K(10816K)->10571K(10816K) NonClass: 9535K(9664K)->9535K(9664K) Class: 1035K(1152K)->1035K(1152K)
[437.568s][info][gc             ] GC(382) Pause Full (Allocation Failure) 3959M->3233M(3959M) 802.463ms
[437.568s][info][gc,cpu         ] GC(382) User=0.81s Sys=0.00s Real=0.80s
[437.977s][info][gc,start       ] GC(383) Pause Full (Allocation Failure)
[437.977s][info][gc,phases,start] GC(383) Phase 1: Mark live objects
[438.162s][info][gc,phases      ] GC(383) Phase 1: Mark live objects 184.492ms
[438.162s][info][gc,phases,start] GC(383) Phase 2: Compute new object addresses
[438.312s][info][gc,phases      ] GC(383) Phase 2: Compute new object addresses 149.627ms
[438.312s][info][gc,phases,start] GC(383) Phase 3: Adjust pointers
[438.462s][info][gc,phases      ] GC(383) Phase 3: Adjust pointers 150.677ms
[438.462s][info][gc,phases,start] GC(383) Phase 4: Move objects
[438.730s][info][gc,phases      ] GC(383) Phase 4: Move objects 267.302ms
[438.730s][info][gc,heap        ] GC(383) DefNew: 1258301K(1258304K)->654526K(1258304K) Eden: 1118528K(1118528K)->654526K(1118528K) From: 139773K(139776K)->0K(139776K)
[438.730s][info][gc,heap        ] GC(383) Tenured: 2796223K(2796224K)->2796223K(2796224K)
[438.730s][info][gc,metaspace   ] GC(383) Metaspace: 10571K(10816K)->10571K(10816K) NonClass: 9535K(9664K)->9535K(9664K) Class: 1035K(1152K)->1035K(1152K)
[438.730s][info][gc             ] GC(383) Pause Full (Allocation Failure) 3959M->3369M(3959M) 752.829ms
[438.730s][info][gc,cpu         ] GC(383) User=0.75s Sys=0.00s Real=0.75s
[439.087s][info][gc,start       ] GC(384) Pause Full (Allocation Failure)
[439.087s][info][gc,phases,start] GC(384) Phase 1: Mark live objects
[439.271s][info][gc,phases      ] GC(384) Phase 1: Mark live objects 183.903ms
[439.271s][info][gc,phases,start] GC(384) Phase 2: Compute new object addresses
[439.412s][info][gc,phases      ] GC(384) Phase 2: Compute new object addresses 140.990ms
[439.412s][info][gc,phases,start] GC(384) Phase 3: Adjust pointers
[439.566s][info][gc,phases      ] GC(384) Phase 3: Adjust pointers 153.244ms
[439.566s][info][gc,phases,start] GC(384) Phase 4: Move objects
[439.854s][info][gc,phases      ] GC(384) Phase 4: Move objects 288.710ms
[439.855s][info][gc,heap        ] GC(384) DefNew: 1258302K(1258304K)->654530K(1258304K) Eden: 1118528K(1118528K)->654530K(1118528K) From: 139774K(139776K)->0K(139776K)
[439.855s][info][gc,heap        ] GC(384) Tenured: 2796223K(2796224K)->2796223K(2796224K)
[439.855s][info][gc,metaspace   ] GC(384) Metaspace: 10571K(10816K)->10571K(10816K) NonClass: 9535K(9664K)->9535K(9664K) Class: 1035K(1152K)->1035K(1152K)
[439.855s][info][gc             ] GC(384) Pause Full (Allocation Failure) 3959M->3369M(3959M) 767.552ms
[439.855s][info][gc,cpu         ] GC(384) User=0.76s Sys=0.00s Real=0.77s
[440.214s][info][gc,start       ] GC(385) Pause Full (Allocation Failure)
[440.214s][info][gc,phases,start] GC(385) Phase 1: Mark live objects
[440.401s][info][gc,phases      ] GC(385) Phase 1: Mark live objects 186.293ms
[440.401s][info][gc,phases,start] GC(385) Phase 2: Compute new object addresses
[440.546s][info][gc,phases      ] GC(385) Phase 2: Compute new object addresses 145.103ms
[440.546s][info][gc,phases,start] GC(385) Phase 3: Adjust pointers
[440.691s][info][gc,phases      ] GC(385) Phase 3: Adjust pointers 144.714ms
[440.691s][info][gc,phases,start] GC(385) Phase 4: Move objects
[440.987s][info][gc,phases      ] GC(385) Phase 4: Move objects 296.263ms
[440.987s][info][gc,heap        ] GC(385) DefNew: 1258301K(1258304K)->654530K(1258304K) Eden: 1118528K(1118528K)->654530K(1118528K) From: 139773K(139776K)->0K(139776K)
[440.987s][info][gc,heap        ] GC(385) Tenured: 2796223K(2796224K)->2796223K(2796224K)
[440.987s][info][gc,metaspace   ] GC(385) Metaspace: 10571K(10816K)->10571K(10816K) NonClass: 9535K(9664K)->9535K(9664K) Class: 1035K(1152K)->1035K(1152K)
[440.987s][info][gc             ] GC(385) Pause Full (Allocation Failure) 3959M->3369M(3959M) 773.110ms
[440.987s][info][gc,cpu         ] GC(385) User=0.78s Sys=0.00s Real=0.77s
[441.344s][info][gc,start       ] GC(386) Pause Full (Allocation Failure)
[441.345s][info][gc,phases,start] GC(386) Phase 1: Mark live objects
[441.528s][info][gc,phases      ] GC(386) Phase 1: Mark live objects 183.620ms
[441.528s][info][gc,phases,start] GC(386) Phase 2: Compute new object addresses
[441.666s][info][gc,phases      ] GC(386) Phase 2: Compute new object addresses 137.269ms
[441.666s][info][gc,phases,start] GC(386) Phase 3: Adjust pointers
[441.815s][info][gc,phases      ] GC(386) Phase 3: Adjust pointers 149.326ms
[441.815s][info][gc,phases,start] GC(386) Phase 4: Move objects
[442.126s][info][gc,phases      ] GC(386) Phase 4: Move objects 310.843ms
[442.126s][info][gc,heap        ] GC(386) DefNew: 1258302K(1258304K)->514719K(1258304K) Eden: 1118528K(1118528K)->514719K(1118528K) From: 139774K(139776K)->0K(139776K)
[442.126s][info][gc,heap        ] GC(386) Tenured: 2796223K(2796224K)->2796223K(2796224K)
[442.126s][info][gc,metaspace   ] GC(386) Metaspace: 10571K(10816K)->10571K(10816K) NonClass: 9535K(9664K)->9535K(9664K) Class: 1035K(1152K)->1035K(1152K)
[442.126s][info][gc             ] GC(386) Pause Full (Allocation Failure) 3959M->3233M(3959M) 781.826ms
[442.126s][info][gc,cpu         ] GC(386) User=0.79s Sys=0.00s Real=0.79s
[442.549s][info][gc,start       ] GC(387) Pause Full (Allocation Failure)
[442.550s][info][gc,phases,start] GC(387) Phase 1: Mark live objects
[442.734s][info][gc,phases      ] GC(387) Phase 1: Mark live objects 184.535ms
[442.734s][info][gc,phases,start] GC(387) Phase 2: Compute new object addresses
[442.882s][info][gc,phases      ] GC(387) Phase 2: Compute new object addresses 147.646ms
[442.882s][info][gc,phases,start] GC(387) Phase 3: Adjust pointers
[443.045s][info][gc,phases      ] GC(387) Phase 3: Adjust pointers 162.783ms
[443.045s][info][gc,phases,start] GC(387) Phase 4: Move objects
[443.312s][info][gc,phases      ] GC(387) Phase 4: Move objects 267.881ms
[443.313s][info][gc,heap        ] GC(387) DefNew: 1258301K(1258304K)->654530K(1258304K) Eden: 1118528K(1118528K)->654530K(1118528K) From: 139773K(139776K)->0K(139776K)
[443.313s][info][gc,heap        ] GC(387) Tenured: 2796223K(2796224K)->2796223K(2796224K)
[443.313s][info][gc,metaspace   ] GC(387) Metaspace: 10571K(10816K)->10571K(10816K) NonClass: 9535K(9664K)->9535K(9664K) Class: 1035K(1152K)->1035K(1152K)
[443.313s][info][gc             ] GC(387) Pause Full (Allocation Failure) 3959M->3369M(3959M) 763.577ms
[443.313s][info][gc,cpu         ] GC(387) User=0.76s Sys=0.01s Real=0.77s
[443.673s][info][gc,start       ] GC(388) Pause Full (Allocation Failure)
[443.673s][info][gc,phases,start] GC(388) Phase 1: Mark live objects
[443.857s][info][gc,phases      ] GC(388) Phase 1: Mark live objects 184.129ms
[443.857s][info][gc,phases,start] GC(388) Phase 2: Compute new object addresses
[443.987s][info][gc,phases      ] GC(388) Phase 2: Compute new object addresses 130.127ms
[443.987s][info][gc,phases,start] GC(388) Phase 3: Adjust pointers
[444.134s][info][gc,phases      ] GC(388) Phase 3: Adjust pointers 146.381ms
[444.134s][info][gc,phases,start] GC(388) Phase 4: Move objects
[444.471s][info][gc,phases      ] GC(388) Phase 4: Move objects 337.161ms
[444.471s][info][gc,heap        ] GC(388) DefNew: 1258300K(1258304K)->654522K(1258304K) Eden: 1118528K(1118528K)->654522K(1118528K) From: 139772K(139776K)->0K(139776K)
[444.480s][info][gc,heap        ] GC(388) Tenured: 2796223K(2796224K)->2796223K(2796224K)
[444.480s][info][gc,metaspace   ] GC(388) Metaspace: 10571K(10816K)->10571K(10816K) NonClass: 9535K(9664K)->9535K(9664K) Class: 1035K(1152K)->1035K(1152K)
[444.480s][info][gc             ] GC(388) Pause Full (Allocation Failure) 3959M->3369M(3959M) 806.742ms
[444.480s][info][gc,cpu         ] GC(388) User=0.79s Sys=0.00s Real=0.80s
[444.837s][info][gc,start       ] GC(389) Pause Full (Allocation Failure)
[444.837s][info][gc,phases,start] GC(389) Phase 1: Mark live objects
[445.021s][info][gc,phases      ] GC(389) Phase 1: Mark live objects 183.988ms
[445.021s][info][gc,phases,start] GC(389) Phase 2: Compute new object addresses
[445.165s][info][gc,phases      ] GC(389) Phase 2: Compute new object addresses 143.217ms
[445.165s][info][gc,phases,start] GC(389) Phase 3: Adjust pointers
[445.324s][info][gc,phases      ] GC(389) Phase 3: Adjust pointers 159.511ms
[445.324s][info][gc,phases,start] GC(389) Phase 4: Move objects
[445.622s][info][gc,phases      ] GC(389) Phase 4: Move objects 297.921ms
[445.623s][info][gc,heap        ] GC(389) DefNew: 1258303K(1258304K)->654530K(1258304K) Eden: 1118528K(1118528K)->654530K(1118528K) From: 139775K(139776K)->0K(139776K)
[445.623s][info][gc,heap        ] GC(389) Tenured: 2796223K(2796224K)->2796223K(2796224K)
[445.623s][info][gc,metaspace   ] GC(389) Metaspace: 10571K(10816K)->10571K(10816K) NonClass: 9535K(9664K)->9535K(9664K) Class: 1035K(1152K)->1035K(1152K)
[445.623s][info][gc             ] GC(389) Pause Full (Allocation Failure) 3959M->3369M(3959M) 785.358ms
[445.623s][info][gc,cpu         ] GC(389) User=0.79s Sys=0.00s Real=0.78s
[445.981s][info][gc,start       ] GC(390) Pause Full (Allocation Failure)
[445.981s][info][gc,phases,start] GC(390) Phase 1: Mark live objects
[446.166s][info][gc,phases      ] GC(390) Phase 1: Mark live objects 184.829ms
[446.166s][info][gc,phases,start] GC(390) Phase 2: Compute new object addresses
[446.309s][info][gc,phases      ] GC(390) Phase 2: Compute new object addresses 142.562ms
[446.309s][info][gc,phases,start] GC(390) Phase 3: Adjust pointers
[446.466s][info][gc,phases      ] GC(390) Phase 3: Adjust pointers 157.078ms
[446.466s][info][gc,phases,start] GC(390) Phase 4: Move objects
[446.778s][info][gc,phases      ] GC(390) Phase 4: Move objects 311.933ms
[446.778s][info][gc,heap        ] GC(390) DefNew: 1258302K(1258304K)->514719K(1258304K) Eden: 1118528K(1118528K)->514719K(1118528K) From: 139774K(139776K)->0K(139776K)
[446.778s][info][gc,heap        ] GC(390) Tenured: 2796223K(2796224K)->2796223K(2796224K)
[446.778s][info][gc,metaspace   ] GC(390) Metaspace: 10571K(10816K)->10571K(10816K) NonClass: 9535K(9664K)->9535K(9664K) Class: 1035K(1152K)->1035K(1152K)
[446.778s][info][gc             ] GC(390) Pause Full (Allocation Failure) 3959M->3233M(3959M) 797.122ms
[446.778s][info][gc,cpu         ] GC(390) User=0.79s Sys=0.00s Real=0.80s
[447.202s][info][gc,start       ] GC(391) Pause Full (Allocation Failure)
[447.202s][info][gc,phases,start] GC(391) Phase 1: Mark live objects
[447.386s][info][gc,phases      ] GC(391) Phase 1: Mark live objects 184.098ms
[447.386s][info][gc,phases,start] GC(391) Phase 2: Compute new object addresses
[447.531s][info][gc,phases      ] GC(391) Phase 2: Compute new object addresses 144.702ms
[447.531s][info][gc,phases,start] GC(391) Phase 3: Adjust pointers
[447.686s][info][gc,phases      ] GC(391) Phase 3: Adjust pointers 154.969ms
[447.686s][info][gc,phases,start] GC(391) Phase 4: Move objects
[447.953s][info][gc,phases      ] GC(391) Phase 4: Move objects 266.561ms
[447.953s][info][gc,heap        ] GC(391) DefNew: 1258303K(1258304K)->654530K(1258304K) Eden: 1118528K(1118528K)->654530K(1118528K) From: 139775K(139776K)->0K(139776K)
[447.953s][info][gc,heap        ] GC(391) Tenured: 2796223K(2796224K)->2796223K(2796224K)
[447.953s][info][gc,metaspace   ] GC(391) Metaspace: 10571K(10816K)->10571K(10816K) NonClass: 9535K(9664K)->9535K(9664K) Class: 1035K(1152K)->1035K(1152K)
[447.953s][info][gc             ] GC(391) Pause Full (Allocation Failure) 3959M->3369M(3959M) 751.033ms
[447.953s][info][gc,cpu         ] GC(391) User=0.75s Sys=0.00s Real=0.76s
[448.315s][info][gc,start       ] GC(392) Pause Full (Allocation Failure)
[448.315s][info][gc,phases,start] GC(392) Phase 1: Mark live objects
[448.499s][info][gc,phases      ] GC(392) Phase 1: Mark live objects 183.835ms
[448.499s][info][gc,phases,start] GC(392) Phase 2: Compute new object addresses
[448.643s][info][gc,phases      ] GC(392) Phase 2: Compute new object addresses 144.667ms
[448.643s][info][gc,phases,start] GC(392) Phase 3: Adjust pointers
[448.805s][info][gc,phases      ] GC(392) Phase 3: Adjust pointers 161.418ms
[448.805s][info][gc,phases,start] GC(392) Phase 4: Move objects
[449.093s][info][gc,phases      ] GC(392) Phase 4: Move objects 288.302ms
[449.094s][info][gc,heap        ] GC(392) DefNew: 1258300K(1258304K)->654526K(1258304K) Eden: 1118528K(1118528K)->654526K(1118528K) From: 139772K(139776K)->0K(139776K)
[449.094s][info][gc,heap        ] GC(392) Tenured: 2796223K(2796224K)->2796223K(2796224K)
[449.094s][info][gc,metaspace   ] GC(392) Metaspace: 10571K(10816K)->10571K(10816K) NonClass: 9535K(9664K)->9535K(9664K) Class: 1035K(1152K)->1035K(1152K)
[449.094s][info][gc             ] GC(392) Pause Full (Allocation Failure) 3959M->3369M(3959M) 778.956ms
[449.094s][info][gc,cpu         ] GC(392) User=0.78s Sys=0.00s Real=0.78s
[449.452s][info][gc,start       ] GC(393) Pause Full (Allocation Failure)
[449.452s][info][gc,phases,start] GC(393) Phase 1: Mark live objects
[449.625s][info][gc,phases      ] GC(393) Phase 1: Mark live objects 173.009ms
[449.625s][info][gc,phases,start] GC(393) Phase 2: Compute new object addresses
[449.766s][info][gc,phases      ] GC(393) Phase 2: Compute new object addresses 140.117ms
[449.766s][info][gc,phases,start] GC(393) Phase 3: Adjust pointers
[449.915s][info][gc,phases      ] GC(393) Phase 3: Adjust pointers 149.938ms
[449.916s][info][gc,phases,start] GC(393) Phase 4: Move objects
[450.212s][info][gc,phases      ] GC(393) Phase 4: Move objects 296.381ms
[450.212s][info][gc,heap        ] GC(393) DefNew: 1258300K(1258304K)->654509K(1258304K) Eden: 1118528K(1118528K)->654509K(1118528K) From: 139772K(139776K)->0K(139776K)
[450.212s][info][gc,heap        ] GC(393) Tenured: 2796223K(2796224K)->2796223K(2796224K)
[450.212s][info][gc,metaspace   ] GC(393) Metaspace: 10571K(10816K)->10571K(10816K) NonClass: 9535K(9664K)->9535K(9664K) Class: 1035K(1152K)->1035K(1152K)
[450.212s][info][gc             ] GC(393) Pause Full (Allocation Failure) 3959M->3369M(3959M) 760.153ms
[450.212s][info][gc,cpu         ] GC(393) User=0.76s Sys=0.00s Real=0.76s
[450.568s][info][gc,start       ] GC(394) Pause Full (Allocation Failure)
[450.568s][info][gc,phases,start] GC(394) Phase 1: Mark live objects
[450.753s][info][gc,phases      ] GC(394) Phase 1: Mark live objects 184.661ms
[450.753s][info][gc,phases,start] GC(394) Phase 2: Compute new object addresses
[450.892s][info][gc,phases      ] GC(394) Phase 2: Compute new object addresses 139.449ms
[450.893s][info][gc,phases,start] GC(394) Phase 3: Adjust pointers
[451.041s][info][gc,phases      ] GC(394) Phase 3: Adjust pointers 148.932ms
[451.041s][info][gc,phases,start] GC(394) Phase 4: Move objects
[451.352s][info][gc,phases      ] GC(394) Phase 4: Move objects 310.917ms
[451.353s][info][gc,heap        ] GC(394) DefNew: 1258303K(1258304K)->514719K(1258304K) Eden: 1118528K(1118528K)->514719K(1118528K) From: 139775K(139776K)->0K(139776K)
[451.353s][info][gc,heap        ] GC(394) Tenured: 2796223K(2796224K)->2796223K(2796224K)
[451.353s][info][gc,metaspace   ] GC(394) Metaspace: 10571K(10816K)->10571K(10816K) NonClass: 9535K(9664K)->9535K(9664K) Class: 1035K(1152K)->1035K(1152K)
[451.353s][info][gc             ] GC(394) Pause Full (Allocation Failure) 3959M->3233M(3959M) 784.677ms
[451.353s][info][gc,cpu         ] GC(394) User=0.78s Sys=0.00s Real=0.79s
[451.767s][info][gc,start       ] GC(395) Pause Full (Allocation Failure)
[451.767s][info][gc,phases,start] GC(395) Phase 1: Mark live objects
[451.952s][info][gc,phases      ] GC(395) Phase 1: Mark live objects 184.541ms
[451.952s][info][gc,phases,start] GC(395) Phase 2: Compute new object addresses
[452.084s][info][gc,phases      ] GC(395) Phase 2: Compute new object addresses 131.868ms
[452.084s][info][gc,phases,start] GC(395) Phase 3: Adjust pointers
[452.245s][info][gc,phases      ] GC(395) Phase 3: Adjust pointers 160.964ms
[452.245s][info][gc,phases,start] GC(395) Phase 4: Move objects
[452.513s][info][gc,phases      ] GC(395) Phase 4: Move objects 268.206ms
[452.514s][info][gc,heap        ] GC(395) DefNew: 1258303K(1258304K)->654530K(1258304K) Eden: 1118528K(1118528K)->654530K(1118528K) From: 139775K(139776K)->0K(139776K)
[452.514s][info][gc,heap        ] GC(395) Tenured: 2796223K(2796224K)->2796223K(2796224K)
[452.514s][info][gc,metaspace   ] GC(395) Metaspace: 10571K(10816K)->10571K(10816K) NonClass: 9535K(9664K)->9535K(9664K) Class: 1035K(1152K)->1035K(1152K)
[452.514s][info][gc             ] GC(395) Pause Full (Allocation Failure) 3959M->3369M(3959M) 746.289ms
[452.514s][info][gc,cpu         ] GC(395) User=0.74s Sys=0.00s Real=0.75s
[452.873s][info][gc,start       ] GC(396) Pause Full (Allocation Failure)
[452.873s][info][gc,phases,start] GC(396) Phase 1: Mark live objects
[453.058s][info][gc,phases      ] GC(396) Phase 1: Mark live objects 185.087ms
[453.058s][info][gc,phases,start] GC(396) Phase 2: Compute new object addresses
[453.196s][info][gc,phases      ] GC(396) Phase 2: Compute new object addresses 137.578ms
[453.196s][info][gc,phases,start] GC(396) Phase 3: Adjust pointers
[453.344s][info][gc,phases      ] GC(396) Phase 3: Adjust pointers 148.523ms
[453.344s][info][gc,phases,start] GC(396) Phase 4: Move objects
[453.633s][info][gc,phases      ] GC(396) Phase 4: Move objects 288.955ms
[453.634s][info][gc,heap        ] GC(396) DefNew: 1258303K(1258304K)->654526K(1258304K) Eden: 1118528K(1118528K)->654526K(1118528K) From: 139775K(139776K)->0K(139776K)
[453.634s][info][gc,heap        ] GC(396) Tenured: 2796223K(2796224K)->2796223K(2796224K)
[453.634s][info][gc,metaspace   ] GC(396) Metaspace: 10571K(10816K)->10571K(10816K) NonClass: 9535K(9664K)->9535K(9664K) Class: 1035K(1152K)->1035K(1152K)
[453.634s][info][gc             ] GC(396) Pause Full (Allocation Failure) 3959M->3369M(3959M) 760.833ms
[453.634s][info][gc,cpu         ] GC(396) User=0.76s Sys=0.00s Real=0.76s
[453.993s][info][gc,start       ] GC(397) Pause Full (Allocation Failure)
[453.994s][info][gc,phases,start] GC(397) Phase 1: Mark live objects
[454.177s][info][gc,phases      ] GC(397) Phase 1: Mark live objects 183.629ms
[454.177s][info][gc,phases,start] GC(397) Phase 2: Compute new object addresses
[454.318s][info][gc,phases      ] GC(397) Phase 2: Compute new object addresses 140.571ms
[454.318s][info][gc,phases,start] GC(397) Phase 3: Adjust pointers
[454.475s][info][gc,phases      ] GC(397) Phase 3: Adjust pointers 157.641ms
[454.476s][info][gc,phases,start] GC(397) Phase 4: Move objects
[454.772s][info][gc,phases      ] GC(397) Phase 4: Move objects 296.095ms
[454.772s][info][gc,heap        ] GC(397) DefNew: 1258300K(1258304K)->654518K(1258304K) Eden: 1118528K(1118528K)->654518K(1118528K) From: 139772K(139776K)->0K(139776K)
[454.772s][info][gc,heap        ] GC(397) Tenured: 2796223K(2796224K)->2796223K(2796224K)
[454.772s][info][gc,metaspace   ] GC(397) Metaspace: 10571K(10816K)->10571K(10816K) NonClass: 9535K(9664K)->9535K(9664K) Class: 1035K(1152K)->1035K(1152K)
[454.772s][info][gc             ] GC(397) Pause Full (Allocation Failure) 3959M->3369M(3959M) 778.654ms
[454.772s][info][gc,cpu         ] GC(397) User=0.78s Sys=0.00s Real=0.77s
[455.132s][info][gc,start       ] GC(398) Pause Full (Allocation Failure)
[455.132s][info][gc,phases,start] GC(398) Phase 1: Mark live objects
[455.317s][info][gc,phases      ] GC(398) Phase 1: Mark live objects 184.535ms
[455.317s][info][gc,phases,start] GC(398) Phase 2: Compute new object addresses
[455.458s][info][gc,phases      ] GC(398) Phase 2: Compute new object addresses 141.611ms
[455.458s][info][gc,phases,start] GC(398) Phase 3: Adjust pointers
[455.613s][info][gc,phases      ] GC(398) Phase 3: Adjust pointers 155.178ms
[455.613s][info][gc,phases,start] GC(398) Phase 4: Move objects
[455.924s][info][gc,phases      ] GC(398) Phase 4: Move objects 310.914ms
[455.925s][info][gc,heap        ] GC(398) DefNew: 1258303K(1258304K)->514719K(1258304K) Eden: 1118528K(1118528K)->514719K(1118528K) From: 139775K(139776K)->0K(139776K)
[455.925s][info][gc,heap        ] GC(398) Tenured: 2796223K(2796224K)->2796223K(2796224K)
[455.925s][info][gc,metaspace   ] GC(398) Metaspace: 10571K(10816K)->10571K(10816K) NonClass: 9535K(9664K)->9535K(9664K) Class: 1035K(1152K)->1035K(1152K)
[455.925s][info][gc             ] GC(398) Pause Full (Allocation Failure) 3959M->3233M(3959M) 792.981ms
[455.925s][info][gc,cpu         ] GC(398) User=0.79s Sys=0.00s Real=0.80s
[456.344s][info][gc,start       ] GC(399) Pause Full (Allocation Failure)
[456.344s][info][gc,phases,start] GC(399) Phase 1: Mark live objects
[456.528s][info][gc,phases      ] GC(399) Phase 1: Mark live objects 184.136ms
[456.528s][info][gc,phases,start] GC(399) Phase 2: Compute new object addresses
[456.660s][info][gc,phases      ] GC(399) Phase 2: Compute new object addresses 131.971ms
[456.660s][info][gc,phases,start] GC(399) Phase 3: Adjust pointers
[456.821s][info][gc,phases      ] GC(399) Phase 3: Adjust pointers 161.251ms
[456.821s][info][gc,phases,start] GC(399) Phase 4: Move objects
[457.090s][info][gc,phases      ] GC(399) Phase 4: Move objects 268.682ms
[457.090s][info][gc,heap        ] GC(399) DefNew: 1258304K(1258304K)->654522K(1258304K) Eden: 1118528K(1118528K)->654522K(1118528K) From: 139776K(139776K)->0K(139776K)
[457.090s][info][gc,heap        ] GC(399) Tenured: 2796223K(2796224K)->2796223K(2796224K)
[457.090s][info][gc,metaspace   ] GC(399) Metaspace: 10571K(10816K)->10571K(10816K) NonClass: 9535K(9664K)->9535K(9664K) Class: 1035K(1152K)->1035K(1152K)
[457.090s][info][gc             ] GC(399) Pause Full (Allocation Failure) 3959M->3369M(3959M) 746.750ms
[457.090s][info][gc,cpu         ] GC(399) User=0.75s Sys=0.00s Real=0.75s
[457.451s][info][gc,start       ] GC(400) Pause Full (Allocation Failure)
[457.451s][info][gc,phases,start] GC(400) Phase 1: Mark live objects
[457.636s][info][gc,phases      ] GC(400) Phase 1: Mark live objects 184.245ms
[457.636s][info][gc,phases,start] GC(400) Phase 2: Compute new object addresses
[457.774s][info][gc,phases      ] GC(400) Phase 2: Compute new object addresses 138.672ms
[457.774s][info][gc,phases,start] GC(400) Phase 3: Adjust pointers
[457.923s][info][gc,phases      ] GC(400) Phase 3: Adjust pointers 148.240ms
[457.923s][info][gc,phases,start] GC(400) Phase 4: Move objects
[458.211s][info][gc,phases      ] GC(400) Phase 4: Move objects 288.221ms
[458.211s][info][gc,heap        ] GC(400) DefNew: 1258302K(1258304K)->654530K(1258304K) Eden: 1118528K(1118528K)->654530K(1118528K) From: 139774K(139776K)->0K(139776K)
[458.211s][info][gc,heap        ] GC(400) Tenured: 2796223K(2796224K)->2796223K(2796224K)
[458.211s][info][gc,metaspace   ] GC(400) Metaspace: 10571K(10816K)->10571K(10816K) NonClass: 9535K(9664K)->9535K(9664K) Class: 1035K(1152K)->1035K(1152K)
[458.211s][info][gc             ] GC(400) Pause Full (Allocation Failure) 3959M->3369M(3959M) 760.069ms
[458.211s][info][gc,cpu         ] GC(400) User=0.76s Sys=0.00s Real=0.76s
[458.576s][info][gc,start       ] GC(401) Pause Full (Allocation Failure)
[458.576s][info][gc,phases,start] GC(401) Phase 1: Mark live objects
[458.760s][info][gc,phases      ] GC(401) Phase 1: Mark live objects 183.940ms
[458.760s][info][gc,phases,start] GC(401) Phase 2: Compute new object addresses
[458.892s][info][gc,phases      ] GC(401) Phase 2: Compute new object addresses 132.285ms
[458.892s][info][gc,phases,start] GC(401) Phase 3: Adjust pointers
[459.050s][info][gc,phases      ] GC(401) Phase 3: Adjust pointers 158.129ms
[459.050s][info][gc,phases,start] GC(401) Phase 4: Move objects
[459.346s][info][gc,phases      ] GC(401) Phase 4: Move objects 295.720ms
[459.346s][info][gc,heap        ] GC(401) DefNew: 1258303K(1258304K)->654530K(1258304K) Eden: 1118528K(1118528K)->654530K(1118528K) From: 139775K(139776K)->0K(139776K)
[459.346s][info][gc,heap        ] GC(401) Tenured: 2796223K(2796224K)->2796223K(2796224K)
[459.346s][info][gc,metaspace   ] GC(401) Metaspace: 10571K(10816K)->10571K(10816K) NonClass: 9535K(9664K)->9535K(9664K) Class: 1035K(1152K)->1035K(1152K)
[459.346s][info][gc             ] GC(401) Pause Full (Allocation Failure) 3959M->3369M(3959M) 770.810ms
[459.346s][info][gc,cpu         ] GC(401) User=0.77s Sys=0.00s Real=0.77s
[459.703s][info][gc,start       ] GC(402) Pause Full (Allocation Failure)
[459.703s][info][gc,phases,start] GC(402) Phase 1: Mark live objects
[459.887s][info][gc,phases      ] GC(402) Phase 1: Mark live objects 183.572ms
[459.887s][info][gc,phases,start] GC(402) Phase 2: Compute new object addresses
[460.031s][info][gc,phases      ] GC(402) Phase 2: Compute new object addresses 144.434ms
[460.031s][info][gc,phases,start] GC(402) Phase 3: Adjust pointers
[460.188s][info][gc,phases      ] GC(402) Phase 3: Adjust pointers 156.961ms
[460.188s][info][gc,phases,start] GC(402) Phase 4: Move objects
[460.499s][info][gc,phases      ] GC(402) Phase 4: Move objects 310.698ms
[460.499s][info][gc,heap        ] GC(402) DefNew: 1258304K(1258304K)->514719K(1258304K) Eden: 1118528K(1118528K)->514719K(1118528K) From: 139776K(139776K)->0K(139776K)
[460.499s][info][gc,heap        ] GC(402) Tenured: 2796224K(2796224K)->2796223K(2796224K)
[460.499s][info][gc,metaspace   ] GC(402) Metaspace: 10571K(10816K)->10571K(10816K) NonClass: 9535K(9664K)->9535K(9664K) Class: 1035K(1152K)->1035K(1152K)
[460.499s][info][gc             ] GC(402) Pause Full (Allocation Failure) 3959M->3233M(3959M) 796.386ms
[460.499s][info][gc,cpu         ] GC(402) User=0.80s Sys=0.00s Real=0.80s
[460.926s][info][gc,start       ] GC(403) Pause Full (Allocation Failure)
[460.926s][info][gc,phases,start] GC(403) Phase 1: Mark live objects
[461.111s][info][gc,phases      ] GC(403) Phase 1: Mark live objects 184.206ms
[461.111s][info][gc,phases,start] GC(403) Phase 2: Compute new object addresses
[461.257s][info][gc,phases      ] GC(403) Phase 2: Compute new object addresses 146.222ms
[461.257s][info][gc,phases,start] GC(403) Phase 3: Adjust pointers
[461.419s][info][gc,phases      ] GC(403) Phase 3: Adjust pointers 161.804ms
[461.419s][info][gc,phases,start] GC(403) Phase 4: Move objects
[461.687s][info][gc,phases      ] GC(403) Phase 4: Move objects 268.352ms
[461.688s][info][gc,heap        ] GC(403) DefNew: 1258301K(1258304K)->654530K(1258304K) Eden: 1118528K(1118528K)->654530K(1118528K) From: 139773K(139776K)->0K(139776K)
[461.688s][info][gc,heap        ] GC(403) Tenured: 2796223K(2796224K)->2796223K(2796224K)
[461.688s][info][gc,metaspace   ] GC(403) Metaspace: 10571K(10816K)->10571K(10816K) NonClass: 9535K(9664K)->9535K(9664K) Class: 1035K(1152K)->1035K(1152K)
[461.688s][info][gc             ] GC(403) Pause Full (Allocation Failure) 3959M->3369M(3959M) 761.308ms
[461.688s][info][gc,cpu         ] GC(403) User=0.77s Sys=0.00s Real=0.76s
[462.044s][info][gc,start       ] GC(404) Pause Full (Allocation Failure)
[462.044s][info][gc,phases,start] GC(404) Phase 1: Mark live objects
[462.229s][info][gc,phases      ] GC(404) Phase 1: Mark live objects 184.053ms
[462.229s][info][gc,phases,start] GC(404) Phase 2: Compute new object addresses
[462.373s][info][gc,phases      ] GC(404) Phase 2: Compute new object addresses 144.104ms
[462.373s][info][gc,phases,start] GC(404) Phase 3: Adjust pointers
[462.534s][info][gc,phases      ] GC(404) Phase 3: Adjust pointers 160.906ms
[462.534s][info][gc,phases,start] GC(404) Phase 4: Move objects
[462.820s][info][gc,phases      ] GC(404) Phase 4: Move objects 285.973ms
[462.820s][info][gc,heap        ] GC(404) DefNew: 1258302K(1258304K)->654522K(1258304K) Eden: 1118528K(1118528K)->654522K(1118528K) From: 139774K(139776K)->0K(139776K)
[462.820s][info][gc,heap        ] GC(404) Tenured: 2796223K(2796224K)->2796223K(2796224K)
[462.820s][info][gc,metaspace   ] GC(404) Metaspace: 10571K(10816K)->10571K(10816K) NonClass: 9535K(9664K)->9535K(9664K) Class: 1035K(1152K)->1035K(1152K)
[462.820s][info][gc             ] GC(404) Pause Full (Allocation Failure) 3959M->3369M(3959M) 775.776ms
[462.820s][info][gc,cpu         ] GC(404) User=0.77s Sys=0.01s Real=0.78s
[463.179s][info][gc,start       ] GC(405) Pause Full (Allocation Failure)
[463.179s][info][gc,phases,start] GC(405) Phase 1: Mark live objects
[463.363s][info][gc,phases      ] GC(405) Phase 1: Mark live objects 184.457ms
[463.363s][info][gc,phases,start] GC(405) Phase 2: Compute new object addresses
[463.504s][info][gc,phases      ] GC(405) Phase 2: Compute new object addresses 140.911ms
[463.504s][info][gc,phases,start] GC(405) Phase 3: Adjust pointers
[463.663s][info][gc,phases      ] GC(405) Phase 3: Adjust pointers 158.825ms
[463.663s][info][gc,phases,start] GC(405) Phase 4: Move objects
[463.959s][info][gc,phases      ] GC(405) Phase 4: Move objects 295.797ms
[463.959s][info][gc,heap        ] GC(405) DefNew: 1258301K(1258304K)->654530K(1258304K) Eden: 1118528K(1118528K)->654530K(1118528K) From: 139773K(139776K)->0K(139776K)
[463.959s][info][gc,heap        ] GC(405) Tenured: 2796223K(2796224K)->2796223K(2796224K)
[463.959s][info][gc,metaspace   ] GC(405) Metaspace: 10571K(10816K)->10571K(10816K) NonClass: 9535K(9664K)->9535K(9664K) Class: 1035K(1152K)->1035K(1152K)
[463.959s][info][gc             ] GC(405) Pause Full (Allocation Failure) 3959M->3369M(3959M) 780.697ms
[463.959s][info][gc,cpu         ] GC(405) User=0.78s Sys=0.00s Real=0.78s
[464.316s][info][gc,start       ] GC(406) Pause Full (Allocation Failure)
[464.316s][info][gc,phases,start] GC(406) Phase 1: Mark live objects
[464.492s][info][gc,phases      ] GC(406) Phase 1: Mark live objects 175.139ms
[464.492s][info][gc,phases,start] GC(406) Phase 2: Compute new object addresses
[464.635s][info][gc,phases      ] GC(406) Phase 2: Compute new object addresses 142.984ms
[464.635s][info][gc,phases,start] GC(406) Phase 3: Adjust pointers
[464.791s][info][gc,phases      ] GC(406) Phase 3: Adjust pointers 156.121ms
[464.791s][info][gc,phases,start] GC(406) Phase 4: Move objects
[465.101s][info][gc,phases      ] GC(406) Phase 4: Move objects 310.241ms
[465.102s][info][gc,heap        ] GC(406) DefNew: 1258300K(1258304K)->514719K(1258304K) Eden: 1118528K(1118528K)->514719K(1118528K) From: 139772K(139776K)->0K(139776K)
[465.102s][info][gc,heap        ] GC(406) Tenured: 2796223K(2796224K)->2796223K(2796224K)
[465.102s][info][gc,metaspace   ] GC(406) Metaspace: 10571K(10816K)->10571K(10816K) NonClass: 9535K(9664K)->9535K(9664K) Class: 1035K(1152K)->1035K(1152K)
[465.102s][info][gc             ] GC(406) Pause Full (Allocation Failure) 3959M->3233M(3959M) 785.196ms
[465.102s][info][gc,cpu         ] GC(406) User=0.79s Sys=0.00s Real=0.78s
[465.513s][info][gc,start       ] GC(407) Pause Full (Allocation Failure)
[465.513s][info][gc,phases,start] GC(407) Phase 1: Mark live objects
[465.697s][info][gc,phases      ] GC(407) Phase 1: Mark live objects 183.880ms
[465.697s][info][gc,phases,start] GC(407) Phase 2: Compute new object addresses
[465.831s][info][gc,phases      ] GC(407) Phase 2: Compute new object addresses 134.565ms
[465.831s][info][gc,phases,start] GC(407) Phase 3: Adjust pointers
[465.982s][info][gc,phases      ] GC(407) Phase 3: Adjust pointers 150.883ms
[465.982s][info][gc,phases,start] GC(407) Phase 4: Move objects
[466.250s][info][gc,phases      ] GC(407) Phase 4: Move objects 267.535ms
[466.250s][info][gc,heap        ] GC(407) DefNew: 1258302K(1258304K)->654530K(1258304K) Eden: 1118528K(1118528K)->654530K(1118528K) From: 139774K(139776K)->0K(139776K)
[466.250s][info][gc,heap        ] GC(407) Tenured: 2796223K(2796224K)->2796223K(2796224K)
[466.250s][info][gc,metaspace   ] GC(407) Metaspace: 10571K(10816K)->10571K(10816K) NonClass: 9535K(9664K)->9535K(9664K) Class: 1035K(1152K)->1035K(1152K)
[466.250s][info][gc             ] GC(407) Pause Full (Allocation Failure) 3959M->3369M(3959M) 737.563ms
[466.250s][info][gc,cpu         ] GC(407) User=0.74s Sys=0.00s Real=0.73s
[466.612s][info][gc,start       ] GC(408) Pause Full (Allocation Failure)
[466.612s][info][gc,phases,start] GC(408) Phase 1: Mark live objects
[466.796s][info][gc,phases      ] GC(408) Phase 1: Mark live objects 184.190ms
[466.796s][info][gc,phases,start] GC(408) Phase 2: Compute new object addresses
[466.933s][info][gc,phases      ] GC(408) Phase 2: Compute new object addresses 137.092ms
[466.933s][info][gc,phases,start] GC(408) Phase 3: Adjust pointers
[467.084s][info][gc,phases      ] GC(408) Phase 3: Adjust pointers 150.641ms
[467.084s][info][gc,phases,start] GC(408) Phase 4: Move objects
[467.371s][info][gc,phases      ] GC(408) Phase 4: Move objects 287.198ms
[467.372s][info][gc,heap        ] GC(408) DefNew: 1258303K(1258304K)->654526K(1258304K) Eden: 1118528K(1118528K)->654526K(1118528K) From: 139775K(139776K)->0K(139776K)
[467.372s][info][gc,heap        ] GC(408) Tenured: 2796223K(2796224K)->2796223K(2796224K)
[467.372s][info][gc,metaspace   ] GC(408) Metaspace: 10571K(10816K)->10571K(10816K) NonClass: 9535K(9664K)->9535K(9664K) Class: 1035K(1152K)->1035K(1152K)
[467.372s][info][gc             ] GC(408) Pause Full (Allocation Failure) 3959M->3369M(3959M) 759.825ms
[467.372s][info][gc,cpu         ] GC(408) User=0.76s Sys=0.00s Real=0.76s
[467.734s][info][gc,start       ] GC(409) Pause Full (Allocation Failure)
[467.734s][info][gc,phases,start] GC(409) Phase 1: Mark live objects
[467.919s][info][gc,phases      ] GC(409) Phase 1: Mark live objects 185.051ms
[467.919s][info][gc,phases,start] GC(409) Phase 2: Compute new object addresses
[468.063s][info][gc,phases      ] GC(409) Phase 2: Compute new object addresses 143.808ms
[468.063s][info][gc,phases,start] GC(409) Phase 3: Adjust pointers
[468.213s][info][gc,phases      ] GC(409) Phase 3: Adjust pointers 149.943ms
[468.213s][info][gc,phases,start] GC(409) Phase 4: Move objects
[468.511s][info][gc,phases      ] GC(409) Phase 4: Move objects 297.516ms
[468.511s][info][gc,heap        ] GC(409) DefNew: 1258303K(1258304K)->654530K(1258304K) Eden: 1118528K(1118528K)->654530K(1118528K) From: 139775K(139776K)->0K(139776K)
[468.511s][info][gc,heap        ] GC(409) Tenured: 2796223K(2796224K)->2796223K(2796224K)
[468.511s][info][gc,metaspace   ] GC(409) Metaspace: 10571K(10816K)->10571K(10816K) NonClass: 9535K(9664K)->9535K(9664K) Class: 1035K(1152K)->1035K(1152K)
[468.511s][info][gc             ] GC(409) Pause Full (Allocation Failure) 3959M->3369M(3959M) 777.023ms
[468.511s][info][gc,cpu         ] GC(409) User=0.77s Sys=0.00s Real=0.77s
[468.869s][info][gc,start       ] GC(410) Pause Full (Allocation Failure)
[468.869s][info][gc,phases,start] GC(410) Phase 1: Mark live objects
[469.053s][info][gc,phases      ] GC(410) Phase 1: Mark live objects 184.014ms
[469.053s][info][gc,phases,start] GC(410) Phase 2: Compute new object addresses
[469.196s][info][gc,phases      ] GC(410) Phase 2: Compute new object addresses 142.987ms
[469.197s][info][gc,phases,start] GC(410) Phase 3: Adjust pointers
[469.353s][info][gc,phases      ] GC(410) Phase 3: Adjust pointers 156.113ms
[469.353s][info][gc,phases,start] GC(410) Phase 4: Move objects
[469.664s][info][gc,phases      ] GC(410) Phase 4: Move objects 310.826ms
[469.664s][info][gc,heap        ] GC(410) DefNew: 1258302K(1258304K)->514719K(1258304K) Eden: 1118528K(1118528K)->514719K(1118528K) From: 139774K(139776K)->0K(139776K)
[469.664s][info][gc,heap        ] GC(410) Tenured: 2796223K(2796224K)->2796223K(2796224K)
[469.664s][info][gc,metaspace   ] GC(410) Metaspace: 10571K(10816K)->10571K(10816K) NonClass: 9535K(9664K)->9535K(9664K) Class: 1035K(1152K)->1035K(1152K)
[469.664s][info][gc             ] GC(410) Pause Full (Allocation Failure) 3959M->3233M(3959M) 794.679ms
[469.664s][info][gc,cpu         ] GC(410) User=0.80s Sys=0.00s Real=0.79s
[470.093s][info][gc,start       ] GC(411) Pause Full (Allocation Failure)
[470.093s][info][gc,phases,start] GC(411) Phase 1: Mark live objects
[470.278s][info][gc,phases      ] GC(411) Phase 1: Mark live objects 184.403ms
[470.278s][info][gc,phases,start] GC(411) Phase 2: Compute new object addresses
[470.428s][info][gc,phases      ] GC(411) Phase 2: Compute new object addresses 150.038ms
[470.428s][info][gc,phases,start] GC(411) Phase 3: Adjust pointers
[470.583s][info][gc,phases      ] GC(411) Phase 3: Adjust pointers 155.152ms
[470.583s][info][gc,phases,start] GC(411) Phase 4: Move objects
[470.851s][info][gc,phases      ] GC(411) Phase 4: Move objects 268.215ms
[470.852s][info][gc,heap        ] GC(411) DefNew: 1258302K(1258304K)->654514K(1258304K) Eden: 1118528K(1118528K)->654514K(1118528K) From: 139774K(139776K)->0K(139776K)
[470.852s][info][gc,heap        ] GC(411) Tenured: 2796223K(2796224K)->2796223K(2796224K)
[470.852s][info][gc,metaspace   ] GC(411) Metaspace: 10571K(10816K)->10571K(10816K) NonClass: 9535K(9664K)->9535K(9664K) Class: 1035K(1152K)->1035K(1152K)
[470.852s][info][gc             ] GC(411) Pause Full (Allocation Failure) 3959M->3369M(3959M) 758.529ms
[470.852s][info][gc,cpu         ] GC(411) User=0.76s Sys=0.00s Real=0.75s
[471.210s][info][gc,start       ] GC(412) Pause Full (Allocation Failure)
[471.210s][info][gc,phases,start] GC(412) Phase 1: Mark live objects
[471.394s][info][gc,phases      ] GC(412) Phase 1: Mark live objects 183.503ms
[471.394s][info][gc,phases,start] GC(412) Phase 2: Compute new object addresses
[471.538s][info][gc,phases      ] GC(412) Phase 2: Compute new object addresses 144.482ms
[471.538s][info][gc,phases,start] GC(412) Phase 3: Adjust pointers
[471.699s][info][gc,phases      ] GC(412) Phase 3: Adjust pointers 160.780ms
[471.699s][info][gc,phases,start] GC(412) Phase 4: Move objects
[471.987s][info][gc,phases      ] GC(412) Phase 4: Move objects 288.431ms
[471.988s][info][gc,heap        ] GC(412) DefNew: 1258303K(1258304K)->654509K(1258304K) Eden: 1118528K(1118528K)->654509K(1118528K) From: 139775K(139776K)->0K(139776K)
[471.988s][info][gc,heap        ] GC(412) Tenured: 2796223K(2796224K)->2796223K(2796224K)
[471.988s][info][gc,metaspace   ] GC(412) Metaspace: 10571K(10816K)->10571K(10816K) NonClass: 9535K(9664K)->9535K(9664K) Class: 1035K(1152K)->1035K(1152K)
[471.988s][info][gc             ] GC(412) Pause Full (Allocation Failure) 3959M->3369M(3959M) 777.900ms
[471.988s][info][gc,cpu         ] GC(412) User=0.78s Sys=0.00s Real=0.78s
[472.349s][info][gc,start       ] GC(413) Pause Full (Allocation Failure)
[472.349s][info][gc,phases,start] GC(413) Phase 1: Mark live objects
[472.533s][info][gc,phases      ] GC(413) Phase 1: Mark live objects 184.447ms
[472.533s][info][gc,phases,start] GC(413) Phase 2: Compute new object addresses
[472.678s][info][gc,phases      ] GC(413) Phase 2: Compute new object addresses 145.328ms
[472.679s][info][gc,phases,start] GC(413) Phase 3: Adjust pointers
[472.838s][info][gc,phases      ] GC(413) Phase 3: Adjust pointers 159.478ms
[472.838s][info][gc,phases,start] GC(413) Phase 4: Move objects
[473.134s][info][gc,phases      ] GC(413) Phase 4: Move objects 295.811ms
[473.134s][info][gc,heap        ] GC(413) DefNew: 1258300K(1258304K)->654522K(1258304K) Eden: 1118528K(1118528K)->654522K(1118528K) From: 139772K(139776K)->0K(139776K)
[473.134s][info][gc,heap        ] GC(413) Tenured: 2796223K(2796224K)->2796223K(2796224K)
[473.134s][info][gc,metaspace   ] GC(413) Metaspace: 10571K(10816K)->10571K(10816K) NonClass: 9535K(9664K)->9535K(9664K) Class: 1035K(1152K)->1035K(1152K)
[473.134s][info][gc             ] GC(413) Pause Full (Allocation Failure) 3959M->3369M(3959M) 785.785ms
[473.134s][info][gc,cpu         ] GC(413) User=0.79s Sys=0.01s Real=0.79s
[473.491s][info][gc,start       ] GC(414) Pause Full (Allocation Failure)
[473.491s][info][gc,phases,start] GC(414) Phase 1: Mark live objects
[473.675s][info][gc,phases      ] GC(414) Phase 1: Mark live objects 183.771ms
[473.675s][info][gc,phases,start] GC(414) Phase 2: Compute new object addresses
[473.818s][info][gc,phases      ] GC(414) Phase 2: Compute new object addresses 143.035ms
[473.818s][info][gc,phases,start] GC(414) Phase 3: Adjust pointers
[473.974s][info][gc,phases      ] GC(414) Phase 3: Adjust pointers 155.983ms
[473.974s][info][gc,phases,start] GC(414) Phase 4: Move objects
[474.284s][info][gc,phases      ] GC(414) Phase 4: Move objects 310.375ms
[474.285s][info][gc,heap        ] GC(414) DefNew: 1258303K(1258304K)->514719K(1258304K) Eden: 1118528K(1118528K)->514719K(1118528K) From: 139775K(139776K)->0K(139776K)
[474.285s][info][gc,heap        ] GC(414) Tenured: 2796223K(2796224K)->2796223K(2796224K)
[474.285s][info][gc,metaspace   ] GC(414) Metaspace: 10571K(10816K)->10571K(10816K) NonClass: 9535K(9664K)->9535K(9664K) Class: 1035K(1152K)->1035K(1152K)
[474.285s][info][gc             ] GC(414) Pause Full (Allocation Failure) 3959M->3233M(3959M) 793.938ms
[474.285s][info][gc,cpu         ] GC(414) User=0.80s Sys=0.00s Real=0.80s
[474.698s][info][gc,start       ] GC(415) Pause Full (Allocation Failure)
[474.698s][info][gc,phases,start] GC(415) Phase 1: Mark live objects
[474.882s][info][gc,phases      ] GC(415) Phase 1: Mark live objects 184.007ms
[474.882s][info][gc,phases,start] GC(415) Phase 2: Compute new object addresses
[475.027s][info][gc,phases      ] GC(415) Phase 2: Compute new object addresses 145.416ms
[475.027s][info][gc,phases,start] GC(415) Phase 3: Adjust pointers
[475.177s][info][gc,phases      ] GC(415) Phase 3: Adjust pointers 150.066ms
[475.177s][info][gc,phases,start] GC(415) Phase 4: Move objects
[475.444s][info][gc,phases      ] GC(415) Phase 4: Move objects 266.653ms
[475.444s][info][gc,heap        ] GC(415) DefNew: 1258304K(1258304K)->654526K(1258304K) Eden: 1118528K(1118528K)->654526K(1118528K) From: 139776K(139776K)->0K(139776K)
[475.444s][info][gc,heap        ] GC(415) Tenured: 2796223K(2796224K)->2796223K(2796224K)
[475.444s][info][gc,metaspace   ] GC(415) Metaspace: 10571K(10816K)->10571K(10816K) NonClass: 9535K(9664K)->9535K(9664K) Class: 1035K(1152K)->1035K(1152K)
[475.445s][info][gc             ] GC(415) Pause Full (Allocation Failure) 3959M->3369M(3959M) 746.866ms
[475.445s][info][gc,cpu         ] GC(415) User=0.74s Sys=0.00s Real=0.75s
[475.804s][info][gc,start       ] GC(416) Pause Full (Allocation Failure)
[475.804s][info][gc,phases,start] GC(416) Phase 1: Mark live objects
[475.987s][info][gc,phases      ] GC(416) Phase 1: Mark live objects 183.376ms
[475.987s][info][gc,phases,start] GC(416) Phase 2: Compute new object addresses
[476.119s][info][gc,phases      ] GC(416) Phase 2: Compute new object addresses 132.205ms
[476.120s][info][gc,phases,start] GC(416) Phase 3: Adjust pointers
[476.266s][info][gc,phases      ] GC(416) Phase 3: Adjust pointers 146.699ms
[476.266s][info][gc,phases,start] GC(416) Phase 4: Move objects
[476.554s][info][gc,phases      ] GC(416) Phase 4: Move objects 288.082ms
[476.555s][info][gc,heap        ] GC(416) DefNew: 1258301K(1258304K)->654518K(1258304K) Eden: 1118528K(1118528K)->654518K(1118528K) From: 139773K(139776K)->0K(139776K)
[476.555s][info][gc,heap        ] GC(416) Tenured: 2796223K(2796224K)->2796223K(2796224K)
[476.555s][info][gc,metaspace   ] GC(416) Metaspace: 10571K(10816K)->10571K(10816K) NonClass: 9535K(9664K)->9535K(9664K) Class: 1035K(1152K)->1035K(1152K)
[476.555s][info][gc             ] GC(416) Pause Full (Allocation Failure) 3959M->3369M(3959M) 751.083ms
[476.555s][info][gc,cpu         ] GC(416) User=0.75s Sys=0.00s Real=0.76s
[476.917s][info][gc,start       ] GC(417) Pause Full (Allocation Failure)
[476.917s][info][gc,phases,start] GC(417) Phase 1: Mark live objects
[477.101s][info][gc,phases      ] GC(417) Phase 1: Mark live objects 184.122ms
[477.101s][info][gc,phases,start] GC(417) Phase 2: Compute new object addresses
[477.245s][info][gc,phases      ] GC(417) Phase 2: Compute new object addresses 144.248ms
[477.245s][info][gc,phases,start] GC(417) Phase 3: Adjust pointers
[477.391s][info][gc,phases      ] GC(417) Phase 3: Adjust pointers 145.488ms
[477.391s][info][gc,phases,start] GC(417) Phase 4: Move objects
[477.688s][info][gc,phases      ] GC(417) Phase 4: Move objects 296.778ms
[477.688s][info][gc,heap        ] GC(417) DefNew: 1258302K(1258304K)->654530K(1258304K) Eden: 1118528K(1118528K)->654530K(1118528K) From: 139774K(139776K)->0K(139776K)
[477.688s][info][gc,heap        ] GC(417) Tenured: 2796223K(2796224K)->2796223K(2796224K)
[477.688s][info][gc,metaspace   ] GC(417) Metaspace: 10571K(10816K)->10571K(10816K) NonClass: 9535K(9664K)->9535K(9664K) Class: 1035K(1152K)->1035K(1152K)
[477.688s][info][gc             ] GC(417) Pause Full (Allocation Failure) 3959M->3369M(3959M) 771.362ms
[477.688s][info][gc,cpu         ] GC(417) User=0.77s Sys=0.00s Real=0.77s
[478.045s][info][gc,start       ] GC(418) Pause Full (Allocation Failure)
[478.046s][info][gc,phases,start] GC(418) Phase 1: Mark live objects
[478.230s][info][gc,phases      ] GC(418) Phase 1: Mark live objects 184.441ms
[478.230s][info][gc,phases,start] GC(418) Phase 2: Compute new object addresses
[478.371s][info][gc,phases      ] GC(418) Phase 2: Compute new object addresses 140.741ms
[478.371s][info][gc,phases,start] GC(418) Phase 3: Adjust pointers
[478.529s][info][gc,phases      ] GC(418) Phase 3: Adjust pointers 158.222ms
[478.529s][info][gc,phases,start] GC(418) Phase 4: Move objects
[478.840s][info][gc,phases      ] GC(418) Phase 4: Move objects 310.678ms
[478.840s][info][gc,heap        ] GC(418) DefNew: 1258302K(1258304K)->514719K(1258304K) Eden: 1118528K(1118528K)->514719K(1118528K) From: 139774K(139776K)->0K(139776K)
[478.840s][info][gc,heap        ] GC(418) Tenured: 2796223K(2796224K)->2796223K(2796224K)
[478.840s][info][gc,metaspace   ] GC(418) Metaspace: 10571K(10816K)->10571K(10816K) NonClass: 9535K(9664K)->9535K(9664K) Class: 1035K(1152K)->1035K(1152K)
[478.840s][info][gc             ] GC(418) Pause Full (Allocation Failure) 3959M->3233M(3959M) 794.786ms
[478.840s][info][gc,cpu         ] GC(418) User=0.80s Sys=0.00s Real=0.79s
[479.265s][info][gc,start       ] GC(419) Pause Full (Allocation Failure)
[479.266s][info][gc,phases,start] GC(419) Phase 1: Mark live objects
[479.451s][info][gc,phases      ] GC(419) Phase 1: Mark live objects 185.603ms
[479.451s][info][gc,phases,start] GC(419) Phase 2: Compute new object addresses
[479.602s][info][gc,phases      ] GC(419) Phase 2: Compute new object addresses 150.834ms
[479.602s][info][gc,phases,start] GC(419) Phase 3: Adjust pointers
[479.765s][info][gc,phases      ] GC(419) Phase 3: Adjust pointers 162.904ms
[479.765s][info][gc,phases,start] GC(419) Phase 4: Move objects
[480.033s][info][gc,phases      ] GC(419) Phase 4: Move objects 267.784ms
[480.033s][info][gc,heap        ] GC(419) DefNew: 1258303K(1258304K)->654530K(1258304K) Eden: 1118528K(1118528K)->654530K(1118528K) From: 139775K(139776K)->0K(139776K)
[480.033s][info][gc,heap        ] GC(419) Tenured: 2796223K(2796224K)->2796223K(2796224K)
[480.033s][info][gc,metaspace   ] GC(419) Metaspace: 10571K(10816K)->10571K(10816K) NonClass: 9535K(9664K)->9535K(9664K) Class: 1035K(1152K)->1035K(1152K)
[480.033s][info][gc             ] GC(419) Pause Full (Allocation Failure) 3959M->3369M(3959M) 767.860ms
[480.033s][info][gc,cpu         ] GC(419) User=0.76s Sys=0.00s Real=0.77s
[480.396s][info][gc,start       ] GC(420) Pause Full (Allocation Failure)
[480.396s][info][gc,phases,start] GC(420) Phase 1: Mark live objects
[480.581s][info][gc,phases      ] GC(420) Phase 1: Mark live objects 184.571ms
[480.581s][info][gc,phases,start] GC(420) Phase 2: Compute new object addresses
[480.723s][info][gc,phases      ] GC(420) Phase 2: Compute new object addresses 142.234ms
[480.723s][info][gc,phases,start] GC(420) Phase 3: Adjust pointers
[480.881s][info][gc,phases      ] GC(420) Phase 3: Adjust pointers 158.228ms
[480.881s][info][gc,phases,start] GC(420) Phase 4: Move objects
[481.170s][info][gc,phases      ] GC(420) Phase 4: Move objects 288.762ms
[481.170s][info][gc,heap        ] GC(420) DefNew: 1258300K(1258304K)->654522K(1258304K) Eden: 1118528K(1118528K)->654522K(1118528K) From: 139772K(139776K)->0K(139776K)
[481.170s][info][gc,heap        ] GC(420) Tenured: 2796223K(2796224K)->2796223K(2796224K)
[481.170s][info][gc,metaspace   ] GC(420) Metaspace: 10571K(10816K)->10571K(10816K) NonClass: 9535K(9664K)->9535K(9664K) Class: 1035K(1152K)->1035K(1152K)
[481.170s][info][gc             ] GC(420) Pause Full (Allocation Failure) 3959M->3369M(3959M) 774.504ms
[481.170s][info][gc,cpu         ] GC(420) User=0.77s Sys=0.00s Real=0.77s
[481.532s][info][gc,start       ] GC(421) Pause Full (Allocation Failure)
[481.532s][info][gc,phases,start] GC(421) Phase 1: Mark live objects
[481.717s][info][gc,phases      ] GC(421) Phase 1: Mark live objects 185.184ms
[481.717s][info][gc,phases,start] GC(421) Phase 2: Compute new object addresses
[481.856s][info][gc,phases      ] GC(421) Phase 2: Compute new object addresses 138.969ms
[481.856s][info][gc,phases,start] GC(421) Phase 3: Adjust pointers
[482.015s][info][gc,phases      ] GC(421) Phase 3: Adjust pointers 159.528ms
[482.015s][info][gc,phases,start] GC(421) Phase 4: Move objects
[482.313s][info][gc,phases      ] GC(421) Phase 4: Move objects 297.518ms
[482.313s][info][gc,heap        ] GC(421) DefNew: 1258301K(1258304K)->654530K(1258304K) Eden: 1118528K(1118528K)->654530K(1118528K) From: 139773K(139776K)->0K(139776K)
[482.313s][info][gc,heap        ] GC(421) Tenured: 2796223K(2796224K)->2796223K(2796224K)
[482.313s][info][gc,metaspace   ] GC(421) Metaspace: 10571K(10816K)->10571K(10816K) NonClass: 9535K(9664K)->9535K(9664K) Class: 1035K(1152K)->1035K(1152K)
[482.313s][info][gc             ] GC(421) Pause Full (Allocation Failure) 3959M->3369M(3959M) 781.922ms
[482.313s][info][gc,cpu         ] GC(421) User=0.78s Sys=0.00s Real=0.79s
[482.671s][info][gc,start       ] GC(422) Pause Full (Allocation Failure)
[482.671s][info][gc,phases,start] GC(422) Phase 1: Mark live objects
[482.856s][info][gc,phases      ] GC(422) Phase 1: Mark live objects 184.514ms
[482.856s][info][gc,phases,start] GC(422) Phase 2: Compute new object addresses
[482.997s][info][gc,phases      ] GC(422) Phase 2: Compute new object addresses 141.268ms
[482.997s][info][gc,phases,start] GC(422) Phase 3: Adjust pointers
[483.152s][info][gc,phases      ] GC(422) Phase 3: Adjust pointers 154.499ms
[483.152s][info][gc,phases,start] GC(422) Phase 4: Move objects
[483.460s][info][gc,phases      ] GC(422) Phase 4: Move objects 308.681ms
[483.461s][info][gc,heap        ] GC(422) DefNew: 1258301K(1258304K)->514720K(1258304K) Eden: 1118528K(1118528K)->514720K(1118528K) From: 139773K(139776K)->0K(139776K)
[483.461s][info][gc,heap        ] GC(422) Tenured: 2796223K(2796224K)->2796221K(2796224K)
[483.461s][info][gc,metaspace   ] GC(422) Metaspace: 10576K(10816K)->10576K(10816K) NonClass: 9540K(9664K)->9540K(9664K) Class: 1035K(1152K)->1035K(1152K)
[483.461s][info][gc             ] GC(422) Pause Full (Allocation Failure) 3959M->3233M(3959M) 789.665ms
[483.461s][info][gc,cpu         ] GC(422) User=0.79s Sys=0.00s Real=0.79s
[483.873s][info][gc,start       ] GC(423) Pause Full (Allocation Failure)
[483.873s][info][gc,phases,start] GC(423) Phase 1: Mark live objects
[484.058s][info][gc,phases      ] GC(423) Phase 1: Mark live objects 185.140ms
[484.058s][info][gc,phases,start] GC(423) Phase 2: Compute new object addresses
[484.202s][info][gc,phases      ] GC(423) Phase 2: Compute new object addresses 143.984ms
[484.202s][info][gc,phases,start] GC(423) Phase 3: Adjust pointers
[484.355s][info][gc,phases      ] GC(423) Phase 3: Adjust pointers 152.494ms
[484.355s][info][gc,phases,start] GC(423) Phase 4: Move objects
[484.624s][info][gc,phases      ] GC(423) Phase 4: Move objects 269.090ms
[484.624s][info][gc,heap        ] GC(423) DefNew: 1258301K(1258304K)->654530K(1258304K) Eden: 1118528K(1118528K)->654530K(1118528K) From: 139773K(139776K)->0K(139776K)
[484.624s][info][gc,heap        ] GC(423) Tenured: 2796221K(2796224K)->2796223K(2796224K)
[484.624s][info][gc,metaspace   ] GC(423) Metaspace: 10576K(10816K)->10576K(10816K) NonClass: 9540K(9664K)->9540K(9664K) Class: 1035K(1152K)->1035K(1152K)
[484.624s][info][gc             ] GC(423) Pause Full (Allocation Failure) 3959M->3369M(3959M) 751.437ms
[484.624s][info][gc,cpu         ] GC(423) User=0.75s Sys=0.00s Real=0.74s
[484.983s][info][gc,start       ] GC(424) Pause Full (Allocation Failure)
[484.983s][info][gc,phases,start] GC(424) Phase 1: Mark live objects
[485.168s][info][gc,phases      ] GC(424) Phase 1: Mark live objects 184.958ms
[485.168s][info][gc,phases,start] GC(424) Phase 2: Compute new object addresses
[485.297s][info][gc,phases      ] GC(424) Phase 2: Compute new object addresses 129.270ms
[485.297s][info][gc,phases,start] GC(424) Phase 3: Adjust pointers
[485.455s][info][gc,phases      ] GC(424) Phase 3: Adjust pointers 158.358ms
[485.455s][info][gc,phases,start] GC(424) Phase 4: Move objects
[485.744s][info][gc,phases      ] GC(424) Phase 4: Move objects 288.544ms
[485.744s][info][gc,heap        ] GC(424) DefNew: 1258302K(1258304K)->654530K(1258304K) Eden: 1118528K(1118528K)->654530K(1118528K) From: 139774K(139776K)->0K(139776K)
[485.744s][info][gc,heap        ] GC(424) Tenured: 2796223K(2796224K)->2796223K(2796224K)
[485.744s][info][gc,metaspace   ] GC(424) Metaspace: 10576K(10816K)->10576K(10816K) NonClass: 9540K(9664K)->9540K(9664K) Class: 1035K(1152K)->1035K(1152K)
[485.744s][info][gc             ] GC(424) Pause Full (Allocation Failure) 3959M->3369M(3959M) 761.856ms
[485.744s][info][gc,cpu         ] GC(424) User=0.76s Sys=0.00s Real=0.76s
[486.101s][info][gc,start       ] GC(425) Pause Full (Allocation Failure)
[486.101s][info][gc,phases,start] GC(425) Phase 1: Mark live objects
[486.285s][info][gc,phases      ] GC(425) Phase 1: Mark live objects 184.095ms
[486.285s][info][gc,phases,start] GC(425) Phase 2: Compute new object addresses
[486.428s][info][gc,phases      ] GC(425) Phase 2: Compute new object addresses 142.526ms
[486.428s][info][gc,phases,start] GC(425) Phase 3: Adjust pointers
[486.577s][info][gc,phases      ] GC(425) Phase 3: Adjust pointers 149.539ms
[486.577s][info][gc,phases,start] GC(425) Phase 4: Move objects
[486.872s][info][gc,phases      ] GC(425) Phase 4: Move objects 294.326ms
[486.872s][info][gc,heap        ] GC(425) DefNew: 1258300K(1258304K)->654522K(1258304K) Eden: 1118528K(1118528K)->654522K(1118528K) From: 139772K(139776K)->0K(139776K)
[486.872s][info][gc,heap        ] GC(425) Tenured: 2796223K(2796224K)->2796223K(2796224K)
[486.872s][info][gc,metaspace   ] GC(425) Metaspace: 10576K(10816K)->10576K(10816K) NonClass: 9540K(9664K)->9540K(9664K) Class: 1035K(1152K)->1035K(1152K)
[486.872s][info][gc             ] GC(425) Pause Full (Allocation Failure) 3959M->3369M(3959M) 771.184ms
[486.872s][info][gc,cpu         ] GC(425) User=0.77s Sys=0.00s Real=0.77s
[487.230s][info][gc,start       ] GC(426) Pause Full (Allocation Failure)
[487.230s][info][gc,phases,start] GC(426) Phase 1: Mark live objects
[487.415s][info][gc,phases      ] GC(426) Phase 1: Mark live objects 184.740ms
[487.415s][info][gc,phases,start] GC(426) Phase 2: Compute new object addresses
[487.540s][info][gc,phases      ] GC(426) Phase 2: Compute new object addresses 124.689ms
[487.540s][info][gc,phases,start] GC(426) Phase 3: Adjust pointers
[487.689s][info][gc,phases      ] GC(426) Phase 3: Adjust pointers 148.644ms
[487.689s][info][gc,phases,start] GC(426) Phase 4: Move objects
[487.997s][info][gc,phases      ] GC(426) Phase 4: Move objects 308.773ms
[487.998s][info][gc,heap        ] GC(426) DefNew: 1258302K(1258304K)->514719K(1258304K) Eden: 1118528K(1118528K)->514719K(1118528K) From: 139774K(139776K)->0K(139776K)
[487.998s][info][gc,heap        ] GC(426) Tenured: 2796223K(2796224K)->2796223K(2796224K)
[487.998s][info][gc,metaspace   ] GC(426) Metaspace: 10576K(10816K)->10576K(10816K) NonClass: 9540K(9664K)->9540K(9664K) Class: 1035K(1152K)->1035K(1152K)
[487.998s][info][gc             ] GC(426) Pause Full (Allocation Failure) 3959M->3233M(3959M) 767.536ms
[487.998s][info][gc,cpu         ] GC(426) User=0.76s Sys=0.00s Real=0.77s
[488.408s][info][gc,start       ] GC(427) Pause Full (Allocation Failure)
[488.408s][info][gc,phases,start] GC(427) Phase 1: Mark live objects
[488.592s][info][gc,phases      ] GC(427) Phase 1: Mark live objects 184.409ms
[488.592s][info][gc,phases,start] GC(427) Phase 2: Compute new object addresses
[488.723s][info][gc,phases      ] GC(427) Phase 2: Compute new object addresses 131.042ms
[488.723s][info][gc,phases,start] GC(427) Phase 3: Adjust pointers
[488.877s][info][gc,phases      ] GC(427) Phase 3: Adjust pointers 153.518ms
[488.877s][info][gc,phases,start] GC(427) Phase 4: Move objects
[489.145s][info][gc,phases      ] GC(427) Phase 4: Move objects 268.466ms
[489.146s][info][gc,heap        ] GC(427) DefNew: 1258303K(1258304K)->654530K(1258304K) Eden: 1118528K(1118528K)->654530K(1118528K) From: 139775K(139776K)->0K(139776K)
[489.146s][info][gc,heap        ] GC(427) Tenured: 2796223K(2796224K)->2796223K(2796224K)
[489.146s][info][gc,metaspace   ] GC(427) Metaspace: 10576K(10816K)->10576K(10816K) NonClass: 9540K(9664K)->9540K(9664K) Class: 1035K(1152K)->1035K(1152K)
[489.146s][info][gc             ] GC(427) Pause Full (Allocation Failure) 3959M->3369M(3959M) 738.152ms
[489.146s][info][gc,cpu         ] GC(427) User=0.74s Sys=0.00s Real=0.74s
[489.501s][info][gc,start       ] GC(428) Pause Full (Allocation Failure)
[489.501s][info][gc,phases,start] GC(428) Phase 1: Mark live objects
[489.686s][info][gc,phases      ] GC(428) Phase 1: Mark live objects 184.779ms
[489.686s][info][gc,phases,start] GC(428) Phase 2: Compute new object addresses
[489.824s][info][gc,phases      ] GC(428) Phase 2: Compute new object addresses 138.287ms
[489.824s][info][gc,phases,start] GC(428) Phase 3: Adjust pointers
[489.973s][info][gc,phases      ] GC(428) Phase 3: Adjust pointers 148.805ms
[489.973s][info][gc,phases,start] GC(428) Phase 4: Move objects
[490.307s][info][gc,phases      ] GC(428) Phase 4: Move objects 333.689ms
[490.307s][info][gc,heap        ] GC(428) DefNew: 1258303K(1258304K)->654530K(1258304K) Eden: 1118528K(1118528K)->654530K(1118528K) From: 139775K(139776K)->0K(139776K)
[490.307s][info][gc,heap        ] GC(428) Tenured: 2796223K(2796224K)->2796223K(2796224K)
[490.307s][info][gc,metaspace   ] GC(428) Metaspace: 10576K(10816K)->10576K(10816K) NonClass: 9540K(9664K)->9540K(9664K) Class: 1035K(1152K)->1035K(1152K)
[490.307s][info][gc             ] GC(428) Pause Full (Allocation Failure) 3959M->3369M(3959M) 806.276ms
[490.307s][info][gc,cpu         ] GC(428) User=0.80s Sys=0.00s Real=0.81s
[490.662s][info][gc,start       ] GC(429) Pause Full (Allocation Failure)
[490.662s][info][gc,phases,start] GC(429) Phase 1: Mark live objects
[490.846s][info][gc,phases      ] GC(429) Phase 1: Mark live objects 184.490ms
[490.846s][info][gc,phases,start] GC(429) Phase 2: Compute new object addresses
[490.988s][info][gc,phases      ] GC(429) Phase 2: Compute new object addresses 141.976ms
[490.988s][info][gc,phases,start] GC(429) Phase 3: Adjust pointers
[491.143s][info][gc,phases      ] GC(429) Phase 3: Adjust pointers 155.123ms
[491.144s][info][gc,phases,start] GC(429) Phase 4: Move objects
[491.440s][info][gc,phases      ] GC(429) Phase 4: Move objects 296.362ms
[491.440s][info][gc,heap        ] GC(429) DefNew: 1258300K(1258304K)->654518K(1258304K) Eden: 1118528K(1118528K)->654518K(1118528K) From: 139772K(139776K)->0K(139776K)
[491.440s][info][gc,heap        ] GC(429) Tenured: 2796223K(2796224K)->2796223K(2796224K)
[491.440s][info][gc,metaspace   ] GC(429) Metaspace: 10576K(10816K)->10576K(10816K) NonClass: 9540K(9664K)->9540K(9664K) Class: 1035K(1152K)->1035K(1152K)
[491.440s][info][gc             ] GC(429) Pause Full (Allocation Failure) 3959M->3369M(3959M) 778.650ms
[491.440s][info][gc,cpu         ] GC(429) User=0.78s Sys=0.00s Real=0.78s
[491.799s][info][gc,start       ] GC(430) Pause Full (Allocation Failure)
[491.799s][info][gc,phases,start] GC(430) Phase 1: Mark live objects
[491.983s][info][gc,phases      ] GC(430) Phase 1: Mark live objects 184.008ms
[491.983s][info][gc,phases,start] GC(430) Phase 2: Compute new object addresses
[492.123s][info][gc,phases      ] GC(430) Phase 2: Compute new object addresses 139.702ms
[492.123s][info][gc,phases,start] GC(430) Phase 3: Adjust pointers
[492.268s][info][gc,phases      ] GC(430) Phase 3: Adjust pointers 145.241ms
[492.268s][info][gc,phases,start] GC(430) Phase 4: Move objects
[492.580s][info][gc,phases      ] GC(430) Phase 4: Move objects 311.607ms
[492.580s][info][gc,heap        ] GC(430) DefNew: 1258302K(1258304K)->514719K(1258304K) Eden: 1118528K(1118528K)->514719K(1118528K) From: 139774K(139776K)->0K(139776K)
[492.580s][info][gc,heap        ] GC(430) Tenured: 2796223K(2796224K)->2796223K(2796224K)
[492.580s][info][gc,metaspace   ] GC(430) Metaspace: 10576K(10816K)->10576K(10816K) NonClass: 9540K(9664K)->9540K(9664K) Class: 1035K(1152K)->1035K(1152K)
[492.580s][info][gc             ] GC(430) Pause Full (Allocation Failure) 3959M->3233M(3959M) 781.299ms
[492.580s][info][gc,cpu         ] GC(430) User=0.78s Sys=0.00s Real=0.78s
[493.002s][info][gc,start       ] GC(431) Pause Full (Allocation Failure)
[493.002s][info][gc,phases,start] GC(431) Phase 1: Mark live objects
[493.186s][info][gc,phases      ] GC(431) Phase 1: Mark live objects 183.714ms
[493.186s][info][gc,phases,start] GC(431) Phase 2: Compute new object addresses
[493.318s][info][gc,phases      ] GC(431) Phase 2: Compute new object addresses 132.053ms
[493.318s][info][gc,phases,start] GC(431) Phase 3: Adjust pointers
[493.472s][info][gc,phases      ] GC(431) Phase 3: Adjust pointers 153.514ms
[493.472s][info][gc,phases,start] GC(431) Phase 4: Move objects
[493.740s][info][gc,phases      ] GC(431) Phase 4: Move objects 268.855ms
[493.741s][info][gc,heap        ] GC(431) DefNew: 1258303K(1258304K)->654530K(1258304K) Eden: 1118528K(1118528K)->654530K(1118528K) From: 139775K(139776K)->0K(139776K)
[493.741s][info][gc,heap        ] GC(431) Tenured: 2796223K(2796224K)->2796223K(2796224K)
[493.741s][info][gc,metaspace   ] GC(431) Metaspace: 10576K(10816K)->10576K(10816K) NonClass: 9540K(9664K)->9540K(9664K) Class: 1035K(1152K)->1035K(1152K)
[493.741s][info][gc             ] GC(431) Pause Full (Allocation Failure) 3959M->3369M(3959M) 738.861ms
[493.741s][info][gc,cpu         ] GC(431) User=0.74s Sys=0.00s Real=0.74s
[494.100s][info][gc,start       ] GC(432) Pause Full (Allocation Failure)
[494.100s][info][gc,phases,start] GC(432) Phase 1: Mark live objects
[494.284s][info][gc,phases      ] GC(432) Phase 1: Mark live objects 184.135ms
[494.284s][info][gc,phases,start] GC(432) Phase 2: Compute new object addresses
[494.428s][info][gc,phases      ] GC(432) Phase 2: Compute new object addresses 143.498ms
[494.428s][info][gc,phases,start] GC(432) Phase 3: Adjust pointers
[494.576s][info][gc,phases      ] GC(432) Phase 3: Adjust pointers 147.801ms
[494.576s][info][gc,phases,start] GC(432) Phase 4: Move objects
[494.863s][info][gc,phases      ] GC(432) Phase 4: Move objects 287.109ms
[494.863s][info][gc,heap        ] GC(432) DefNew: 1258303K(1258304K)->654530K(1258304K) Eden: 1118528K(1118528K)->654530K(1118528K) From: 139775K(139776K)->0K(139776K)
[494.863s][info][gc,heap        ] GC(432) Tenured: 2796223K(2796224K)->2796223K(2796224K)
[494.863s][info][gc,metaspace   ] GC(432) Metaspace: 10576K(10816K)->10576K(10816K) NonClass: 9540K(9664K)->9540K(9664K) Class: 1035K(1152K)->1035K(1152K)
[494.863s][info][gc             ] GC(432) Pause Full (Allocation Failure) 3959M->3369M(3959M) 763.276ms
[494.863s][info][gc,cpu         ] GC(432) User=0.76s Sys=0.00s Real=0.76s
[495.222s][info][gc,start       ] GC(433) Pause Full (Allocation Failure)
[495.222s][info][gc,phases,start] GC(433) Phase 1: Mark live objects
[495.405s][info][gc,phases      ] GC(433) Phase 1: Mark live objects 183.546ms
[495.406s][info][gc,phases,start] GC(433) Phase 2: Compute new object addresses
[495.545s][info][gc,phases      ] GC(433) Phase 2: Compute new object addresses 139.693ms
[495.545s][info][gc,phases,start] GC(433) Phase 3: Adjust pointers
[495.704s][info][gc,phases      ] GC(433) Phase 3: Adjust pointers 158.254ms
[495.704s][info][gc,phases,start] GC(433) Phase 4: Move objects
[495.999s][info][gc,phases      ] GC(433) Phase 4: Move objects 295.779ms
[496.000s][info][gc,heap        ] GC(433) DefNew: 1258303K(1258304K)->654530K(1258304K) Eden: 1118528K(1118528K)->654530K(1118528K) From: 139775K(139776K)->0K(139776K)
[496.000s][info][gc,heap        ] GC(433) Tenured: 2796223K(2796224K)->2796223K(2796224K)
[496.000s][info][gc,metaspace   ] GC(433) Metaspace: 10576K(10816K)->10576K(10816K) NonClass: 9540K(9664K)->9540K(9664K) Class: 1035K(1152K)->1035K(1152K)
[496.000s][info][gc             ] GC(433) Pause Full (Allocation Failure) 3959M->3369M(3959M) 778.001ms
[496.000s][info][gc,cpu         ] GC(433) User=0.78s Sys=0.00s Real=0.78s
[496.356s][info][gc,start       ] GC(434) Pause Full (Allocation Failure)
[496.356s][info][gc,phases,start] GC(434) Phase 1: Mark live objects
[496.539s][info][gc,phases      ] GC(434) Phase 1: Mark live objects 183.712ms
[496.539s][info][gc,phases,start] GC(434) Phase 2: Compute new object addresses
[496.670s][info][gc,phases      ] GC(434) Phase 2: Compute new object addresses 131.117ms
[496.671s][info][gc,phases,start] GC(434) Phase 3: Adjust pointers
[496.831s][info][gc,phases      ] GC(434) Phase 3: Adjust pointers 160.789ms
[496.831s][info][gc,phases,start] GC(434) Phase 4: Move objects
[497.143s][info][gc,phases      ] GC(434) Phase 4: Move objects 311.792ms
[497.144s][info][gc,heap        ] GC(434) DefNew: 1258303K(1258304K)->514719K(1258304K) Eden: 1118528K(1118528K)->514719K(1118528K) From: 139775K(139776K)->0K(139776K)
[497.144s][info][gc,heap        ] GC(434) Tenured: 2796223K(2796224K)->2796223K(2796224K)
[497.144s][info][gc,metaspace   ] GC(434) Metaspace: 10576K(10816K)->10576K(10816K) NonClass: 9540K(9664K)->9540K(9664K) Class: 1035K(1152K)->1035K(1152K)
[497.144s][info][gc             ] GC(434) Pause Full (Allocation Failure) 3959M->3233M(3959M) 788.112ms
[497.144s][info][gc,cpu         ] GC(434) User=0.79s Sys=0.00s Real=0.78s
[497.557s][info][gc,start       ] GC(435) Pause Full (Allocation Failure)
[497.557s][info][gc,phases,start] GC(435) Phase 1: Mark live objects
[497.741s][info][gc,phases      ] GC(435) Phase 1: Mark live objects 183.821ms
[497.741s][info][gc,phases,start] GC(435) Phase 2: Compute new object addresses
[497.887s][info][gc,phases      ] GC(435) Phase 2: Compute new object addresses 146.576ms
[497.887s][info][gc,phases,start] GC(435) Phase 3: Adjust pointers
[498.050s][info][gc,phases      ] GC(435) Phase 3: Adjust pointers 162.672ms
[498.050s][info][gc,phases,start] GC(435) Phase 4: Move objects
[498.317s][info][gc,phases      ] GC(435) Phase 4: Move objects 267.385ms
[498.318s][info][gc,heap        ] GC(435) DefNew: 1258302K(1258304K)->654530K(1258304K) Eden: 1118528K(1118528K)->654530K(1118528K) From: 139774K(139776K)->0K(139776K)
[498.318s][info][gc,heap        ] GC(435) Tenured: 2796223K(2796224K)->2796223K(2796224K)
[498.318s][info][gc,metaspace   ] GC(435) Metaspace: 10576K(10816K)->10576K(10816K) NonClass: 9540K(9664K)->9540K(9664K) Class: 1035K(1152K)->1035K(1152K)
[498.318s][info][gc             ] GC(435) Pause Full (Allocation Failure) 3959M->3369M(3959M) 761.165ms
[498.318s][info][gc,cpu         ] GC(435) User=0.76s Sys=0.00s Real=0.76s
[498.676s][info][gc,start       ] GC(436) Pause Full (Allocation Failure)
[498.676s][info][gc,phases,start] GC(436) Phase 1: Mark live objects
[498.859s][info][gc,phases      ] GC(436) Phase 1: Mark live objects 183.453ms
[498.859s][info][gc,phases,start] GC(436) Phase 2: Compute new object addresses
[499.002s][info][gc,phases      ] GC(436) Phase 2: Compute new object addresses 142.221ms
[499.002s][info][gc,phases,start] GC(436) Phase 3: Adjust pointers
[499.154s][info][gc,phases      ] GC(436) Phase 3: Adjust pointers 152.012ms
[499.154s][info][gc,phases,start] GC(436) Phase 4: Move objects
[499.441s][info][gc,phases      ] GC(436) Phase 4: Move objects 287.243ms
[499.441s][info][gc,heap        ] GC(436) DefNew: 1258301K(1258304K)->654522K(1258304K) Eden: 1118528K(1118528K)->654522K(1118528K) From: 139773K(139776K)->0K(139776K)
[499.441s][info][gc,heap        ] GC(436) Tenured: 2796223K(2796224K)->2796223K(2796224K)
[499.441s][info][gc,metaspace   ] GC(436) Metaspace: 10576K(10816K)->10576K(10816K) NonClass: 9540K(9664K)->9540K(9664K) Class: 1035K(1152K)->1035K(1152K)
[499.441s][info][gc             ] GC(436) Pause Full (Allocation Failure) 3959M->3369M(3959M) 765.624ms
[499.442s][info][gc,cpu         ] GC(436) User=0.76s Sys=0.00s Real=0.76s
[499.800s][info][gc,start       ] GC(437) Pause Full (Allocation Failure)
[499.800s][info][gc,phases,start] GC(437) Phase 1: Mark live objects
[499.984s][info][gc,phases      ] GC(437) Phase 1: Mark live objects 184.176ms
[499.984s][info][gc,phases,start] GC(437) Phase 2: Compute new object addresses
[500.126s][info][gc,phases      ] GC(437) Phase 2: Compute new object addresses 142.135ms
[500.126s][info][gc,phases,start] GC(437) Phase 3: Adjust pointers
[500.282s][info][gc,phases      ] GC(437) Phase 3: Adjust pointers 155.365ms
[500.282s][info][gc,phases,start] GC(437) Phase 4: Move objects
[500.576s][info][gc,phases      ] GC(437) Phase 4: Move objects 294.038ms
[500.576s][info][gc,heap        ] GC(437) DefNew: 1258301K(1258304K)->654522K(1258304K) Eden: 1118528K(1118528K)->654522K(1118528K) From: 139773K(139776K)->0K(139776K)
[500.576s][info][gc,heap        ] GC(437) Tenured: 2796223K(2796224K)->2796223K(2796224K)
[500.576s][info][gc,metaspace   ] GC(437) Metaspace: 10576K(10816K)->10576K(10816K) NonClass: 9540K(9664K)->9540K(9664K) Class: 1035K(1152K)->1035K(1152K)
[500.576s][info][gc             ] GC(437) Pause Full (Allocation Failure) 3959M->3369M(3959M) 776.466ms
[500.576s][info][gc,cpu         ] GC(437) User=0.77s Sys=0.00s Real=0.78s
[500.938s][info][gc,start       ] GC(438) Pause Full (Allocation Failure)
[500.938s][info][gc,phases,start] GC(438) Phase 1: Mark live objects
[501.123s][info][gc,phases      ] GC(438) Phase 1: Mark live objects 184.296ms
[501.123s][info][gc,phases,start] GC(438) Phase 2: Compute new object addresses
[501.267s][info][gc,phases      ] GC(438) Phase 2: Compute new object addresses 144.377ms
[501.267s][info][gc,phases,start] GC(438) Phase 3: Adjust pointers
[501.423s][info][gc,phases      ] GC(438) Phase 3: Adjust pointers 156.300ms
[501.423s][info][gc,phases,start] GC(438) Phase 4: Move objects
[501.734s][info][gc,phases      ] GC(438) Phase 4: Move objects 310.969ms
[501.735s][info][gc,heap        ] GC(438) DefNew: 1258303K(1258304K)->514719K(1258304K) Eden: 1118528K(1118528K)->514719K(1118528K) From: 139775K(139776K)->0K(139776K)
[501.735s][info][gc,heap        ] GC(438) Tenured: 2796223K(2796224K)->2796223K(2796224K)
[501.735s][info][gc,metaspace   ] GC(438) Metaspace: 10576K(10816K)->10576K(10816K) NonClass: 9540K(9664K)->9540K(9664K) Class: 1035K(1152K)->1035K(1152K)
[501.735s][info][gc             ] GC(438) Pause Full (Allocation Failure) 3959M->3233M(3959M) 796.660ms
[501.735s][info][gc,cpu         ] GC(438) User=0.79s Sys=0.00s Real=0.80s
[502.153s][info][gc,start       ] GC(439) Pause Full (Allocation Failure)
[502.154s][info][gc,phases,start] GC(439) Phase 1: Mark live objects
[502.339s][info][gc,phases      ] GC(439) Phase 1: Mark live objects 185.742ms
[502.339s][info][gc,phases,start] GC(439) Phase 2: Compute new object addresses
[502.474s][info][gc,phases      ] GC(439) Phase 2: Compute new object addresses 134.202ms
[502.474s][info][gc,phases,start] GC(439) Phase 3: Adjust pointers
[502.636s][info][gc,phases      ] GC(439) Phase 3: Adjust pointers 162.805ms
[502.636s][info][gc,phases,start] GC(439) Phase 4: Move objects
[502.904s][info][gc,phases      ] GC(439) Phase 4: Move objects 267.694ms
[502.905s][info][gc,heap        ] GC(439) DefNew: 1258302K(1258304K)->654530K(1258304K) Eden: 1118528K(1118528K)->654530K(1118528K) From: 139774K(139776K)->0K(139776K)
[502.905s][info][gc,heap        ] GC(439) Tenured: 2796223K(2796224K)->2796223K(2796224K)
[502.905s][info][gc,metaspace   ] GC(439) Metaspace: 10576K(10816K)->10576K(10816K) NonClass: 9540K(9664K)->9540K(9664K) Class: 1035K(1152K)->1035K(1152K)
[502.905s][info][gc             ] GC(439) Pause Full (Allocation Failure) 3959M->3369M(3959M) 751.154ms
[502.905s][info][gc,cpu         ] GC(439) User=0.75s Sys=0.00s Real=0.75s
[503.264s][info][gc,start       ] GC(440) Pause Full (Allocation Failure)
[503.264s][info][gc,phases,start] GC(440) Phase 1: Mark live objects
[503.450s][info][gc,phases      ] GC(440) Phase 1: Mark live objects 185.787ms
[503.450s][info][gc,phases,start] GC(440) Phase 2: Compute new object addresses
[503.592s][info][gc,phases      ] GC(440) Phase 2: Compute new object addresses 141.775ms
[503.592s][info][gc,phases,start] GC(440) Phase 3: Adjust pointers
[503.742s][info][gc,phases      ] GC(440) Phase 3: Adjust pointers 150.592ms
[503.742s][info][gc,phases,start] GC(440) Phase 4: Move objects
[504.032s][info][gc,phases      ] GC(440) Phase 4: Move objects 289.832ms
[504.033s][info][gc,heap        ] GC(440) DefNew: 1258302K(1258304K)->654526K(1258304K) Eden: 1118528K(1118528K)->654526K(1118528K) From: 139774K(139776K)->0K(139776K)
[504.033s][info][gc,heap        ] GC(440) Tenured: 2796223K(2796224K)->2796223K(2796224K)
[504.033s][info][gc,metaspace   ] GC(440) Metaspace: 10576K(10816K)->10576K(10816K) NonClass: 9540K(9664K)->9540K(9664K) Class: 1035K(1152K)->1035K(1152K)
[504.033s][info][gc             ] GC(440) Pause Full (Allocation Failure) 3959M->3369M(3959M) 768.710ms
[504.033s][info][gc,cpu         ] GC(440) User=0.77s Sys=0.00s Real=0.78s
[504.392s][info][gc,start       ] GC(441) Pause Full (Allocation Failure)
[504.392s][info][gc,phases,start] GC(441) Phase 1: Mark live objects
[504.575s][info][gc,phases      ] GC(441) Phase 1: Mark live objects 183.457ms
[504.576s][info][gc,phases,start] GC(441) Phase 2: Compute new object addresses
[504.715s][info][gc,phases      ] GC(441) Phase 2: Compute new object addresses 139.508ms
[504.715s][info][gc,phases,start] GC(441) Phase 3: Adjust pointers
[504.873s][info][gc,phases      ] GC(441) Phase 3: Adjust pointers 158.211ms
[504.873s][info][gc,phases,start] GC(441) Phase 4: Move objects
[505.169s][info][gc,phases      ] GC(441) Phase 4: Move objects 295.332ms
[505.169s][info][gc,heap        ] GC(441) DefNew: 1258300K(1258304K)->654530K(1258304K) Eden: 1118528K(1118528K)->654530K(1118528K) From: 139772K(139776K)->0K(139776K)
[505.169s][info][gc,heap        ] GC(441) Tenured: 2796223K(2796224K)->2796223K(2796224K)
[505.169s][info][gc,metaspace   ] GC(441) Metaspace: 10576K(10816K)->10576K(10816K) NonClass: 9540K(9664K)->9540K(9664K) Class: 1035K(1152K)->1035K(1152K)
[505.169s][info][gc             ] GC(441) Pause Full (Allocation Failure) 3959M->3369M(3959M) 777.245ms
[505.169s][info][gc,cpu         ] GC(441) User=0.78s Sys=0.00s Real=0.78s
[505.524s][info][gc,start       ] GC(442) Pause Full (Allocation Failure)
[505.525s][info][gc,phases,start] GC(442) Phase 1: Mark live objects
[505.709s][info][gc,phases      ] GC(442) Phase 1: Mark live objects 184.257ms
[505.709s][info][gc,phases,start] GC(442) Phase 2: Compute new object addresses
[505.849s][info][gc,phases      ] GC(442) Phase 2: Compute new object addresses 139.711ms
[505.849s][info][gc,phases,start] GC(442) Phase 3: Adjust pointers
[506.005s][info][gc,phases      ] GC(442) Phase 3: Adjust pointers 156.344ms
[506.005s][info][gc,phases,start] GC(442) Phase 4: Move objects
[506.315s][info][gc,phases      ] GC(442) Phase 4: Move objects 309.716ms
[506.315s][info][gc,heap        ] GC(442) DefNew: 1258302K(1258304K)->514719K(1258304K) Eden: 1118528K(1118528K)->514719K(1118528K) From: 139774K(139776K)->0K(139776K)
[506.315s][info][gc,heap        ] GC(442) Tenured: 2796223K(2796224K)->2796223K(2796224K)
[506.315s][info][gc,metaspace   ] GC(442) Metaspace: 10576K(10816K)->10576K(10816K) NonClass: 9540K(9664K)->9540K(9664K) Class: 1035K(1152K)->1035K(1152K)
[506.315s][info][gc             ] GC(442) Pause Full (Allocation Failure) 3959M->3233M(3959M) 790.744ms
[506.315s][info][gc,cpu         ] GC(442) User=0.79s Sys=0.00s Real=0.80s
[506.730s][info][gc,start       ] GC(443) Pause Full (Allocation Failure)
[506.730s][info][gc,phases,start] GC(443) Phase 1: Mark live objects
[506.914s][info][gc,phases      ] GC(443) Phase 1: Mark live objects 183.683ms
[506.914s][info][gc,phases,start] GC(443) Phase 2: Compute new object addresses
[507.060s][info][gc,phases      ] GC(443) Phase 2: Compute new object addresses 146.337ms
[507.060s][info][gc,phases,start] GC(443) Phase 3: Adjust pointers
[507.224s][info][gc,phases      ] GC(443) Phase 3: Adjust pointers 164.154ms
[507.224s][info][gc,phases,start] GC(443) Phase 4: Move objects
[507.492s][info][gc,phases      ] GC(443) Phase 4: Move objects 268.014ms
[507.493s][info][gc,heap        ] GC(443) DefNew: 1258300K(1258304K)->654526K(1258304K) Eden: 1118528K(1118528K)->654526K(1118528K) From: 139772K(139776K)->0K(139776K)
[507.493s][info][gc,heap        ] GC(443) Tenured: 2796223K(2796224K)->2796223K(2796224K)
[507.493s][info][gc,metaspace   ] GC(443) Metaspace: 10576K(10816K)->10576K(10816K) NonClass: 9540K(9664K)->9540K(9664K) Class: 1035K(1152K)->1035K(1152K)
[507.493s][info][gc             ] GC(443) Pause Full (Allocation Failure) 3959M->3369M(3959M) 762.944ms
[507.493s][info][gc,cpu         ] GC(443) User=0.76s Sys=0.00s Real=0.77s
[507.853s][info][gc,start       ] GC(444) Pause Full (Allocation Failure)
[507.853s][info][gc,phases,start] GC(444) Phase 1: Mark live objects
[508.039s][info][gc,phases      ] GC(444) Phase 1: Mark live objects 185.908ms
[508.039s][info][gc,phases,start] GC(444) Phase 2: Compute new object addresses
[508.180s][info][gc,phases      ] GC(444) Phase 2: Compute new object addresses 140.481ms
[508.180s][info][gc,phases,start] GC(444) Phase 3: Adjust pointers
[508.326s][info][gc,phases      ] GC(444) Phase 3: Adjust pointers 146.477ms
[508.326s][info][gc,phases,start] GC(444) Phase 4: Move objects
[508.614s][info][gc,phases      ] GC(444) Phase 4: Move objects 287.537ms
[508.614s][info][gc,heap        ] GC(444) DefNew: 1258300K(1258304K)->654526K(1258304K) Eden: 1118528K(1118528K)->654526K(1118528K) From: 139772K(139776K)->0K(139776K)
[508.614s][info][gc,heap        ] GC(444) Tenured: 2796223K(2796224K)->2796223K(2796224K)
[508.614s][info][gc,metaspace   ] GC(444) Metaspace: 10576K(10816K)->10576K(10816K) NonClass: 9540K(9664K)->9540K(9664K) Class: 1035K(1152K)->1035K(1152K)
[508.614s][info][gc             ] GC(444) Pause Full (Allocation Failure) 3959M->3369M(3959M) 761.102ms
[508.614s][info][gc,cpu         ] GC(444) User=0.76s Sys=0.00s Real=0.76s
[508.972s][info][gc,start       ] GC(445) Pause Full (Allocation Failure)
[508.972s][info][gc,phases,start] GC(445) Phase 1: Mark live objects
[509.155s][info][gc,phases      ] GC(445) Phase 1: Mark live objects 183.397ms
[509.155s][info][gc,phases,start] GC(445) Phase 2: Compute new object addresses
[509.300s][info][gc,phases      ] GC(445) Phase 2: Compute new object addresses 145.014ms
[509.300s][info][gc,phases,start] GC(445) Phase 3: Adjust pointers
[509.445s][info][gc,phases      ] GC(445) Phase 3: Adjust pointers 144.873ms
[509.445s][info][gc,phases,start] GC(445) Phase 4: Move objects
[509.741s][info][gc,phases      ] GC(445) Phase 4: Move objects 295.586ms
[509.741s][info][gc,heap        ] GC(445) DefNew: 1258303K(1258304K)->654530K(1258304K) Eden: 1118528K(1118528K)->654530K(1118528K) From: 139775K(139776K)->0K(139776K)
[509.741s][info][gc,heap        ] GC(445) Tenured: 2796223K(2796224K)->2796223K(2796224K)
[509.741s][info][gc,metaspace   ] GC(445) Metaspace: 10576K(10816K)->10576K(10816K) NonClass: 9540K(9664K)->9540K(9664K) Class: 1035K(1152K)->1035K(1152K)
[509.741s][info][gc             ] GC(445) Pause Full (Allocation Failure) 3959M->3369M(3959M) 769.569ms
[509.741s][info][gc,cpu         ] GC(445) User=0.77s Sys=0.00s Real=0.77s
[510.096s][info][gc,start       ] GC(446) Pause Full (Allocation Failure)
[510.096s][info][gc,phases,start] GC(446) Phase 1: Mark live objects
[510.281s][info][gc,phases      ] GC(446) Phase 1: Mark live objects 184.405ms
[510.281s][info][gc,phases,start] GC(446) Phase 2: Compute new object addresses
[510.422s][info][gc,phases      ] GC(446) Phase 2: Compute new object addresses 140.983ms
[510.422s][info][gc,phases,start] GC(446) Phase 3: Adjust pointers
[510.569s][info][gc,phases      ] GC(446) Phase 3: Adjust pointers 147.575ms
[510.569s][info][gc,phases,start] GC(446) Phase 4: Move objects
[510.880s][info][gc,phases      ] GC(446) Phase 4: Move objects 310.286ms
[510.880s][info][gc,heap        ] GC(446) DefNew: 1258301K(1258304K)->514719K(1258304K) Eden: 1118528K(1118528K)->514719K(1118528K) From: 139773K(139776K)->0K(139776K)
[510.880s][info][gc,heap        ] GC(446) Tenured: 2796223K(2796224K)->2796223K(2796224K)
[510.880s][info][gc,metaspace   ] GC(446) Metaspace: 10576K(10816K)->10576K(10816K) NonClass: 9540K(9664K)->9540K(9664K) Class: 1035K(1152K)->1035K(1152K)
[510.880s][info][gc             ] GC(446) Pause Full (Allocation Failure) 3959M->3233M(3959M) 783.975ms
[510.880s][info][gc,cpu         ] GC(446) User=0.79s Sys=0.00s Real=0.78s
[511.296s][info][gc,start       ] GC(447) Pause Full (Allocation Failure)
[511.296s][info][gc,phases,start] GC(447) Phase 1: Mark live objects
[511.480s][info][gc,phases      ] GC(447) Phase 1: Mark live objects 183.919ms
[511.480s][info][gc,phases,start] GC(447) Phase 2: Compute new object addresses
[511.624s][info][gc,phases      ] GC(447) Phase 2: Compute new object addresses 144.419ms
[511.624s][info][gc,phases,start] GC(447) Phase 3: Adjust pointers
[511.786s][info][gc,phases      ] GC(447) Phase 3: Adjust pointers 161.435ms
[511.786s][info][gc,phases,start] GC(447) Phase 4: Move objects
[512.055s][info][gc,phases      ] GC(447) Phase 4: Move objects 268.841ms
[512.055s][info][gc,heap        ] GC(447) DefNew: 1258302K(1258304K)->654526K(1258304K) Eden: 1118528K(1118528K)->654526K(1118528K) From: 139774K(139776K)->0K(139776K)
[512.055s][info][gc,heap        ] GC(447) Tenured: 2796223K(2796224K)->2796223K(2796224K)
[512.055s][info][gc,metaspace   ] GC(447) Metaspace: 10576K(10816K)->10576K(10816K) NonClass: 9540K(9664K)->9540K(9664K) Class: 1035K(1152K)->1035K(1152K)
[512.055s][info][gc             ] GC(447) Pause Full (Allocation Failure) 3959M->3369M(3959M) 759.337ms
[512.055s][info][gc,cpu         ] GC(447) User=0.76s Sys=0.00s Real=0.76s
[512.415s][info][gc,start       ] GC(448) Pause Full (Allocation Failure)
[512.415s][info][gc,phases,start] GC(448) Phase 1: Mark live objects
[512.598s][info][gc,phases      ] GC(448) Phase 1: Mark live objects 183.675ms
[512.598s][info][gc,phases,start] GC(448) Phase 2: Compute new object addresses
[512.743s][info][gc,phases      ] GC(448) Phase 2: Compute new object addresses 144.335ms
[512.743s][info][gc,phases,start] GC(448) Phase 3: Adjust pointers
[512.888s][info][gc,phases      ] GC(448) Phase 3: Adjust pointers 145.760ms
[512.889s][info][gc,phases,start] GC(448) Phase 4: Move objects
[513.176s][info][gc,phases      ] GC(448) Phase 4: Move objects 287.461ms
[513.176s][info][gc,heap        ] GC(448) DefNew: 1258303K(1258304K)->654530K(1258304K) Eden: 1118528K(1118528K)->654530K(1118528K) From: 139775K(139776K)->0K(139776K)
[513.176s][info][gc,heap        ] GC(448) Tenured: 2796223K(2796224K)->2796223K(2796224K)
[513.176s][info][gc,metaspace   ] GC(448) Metaspace: 10576K(10816K)->10576K(10816K) NonClass: 9540K(9664K)->9540K(9664K) Class: 1035K(1152K)->1035K(1152K)
[513.176s][info][gc             ] GC(448) Pause Full (Allocation Failure) 3959M->3369M(3959M) 761.944ms
[513.176s][info][gc,cpu         ] GC(448) User=0.76s Sys=0.00s Real=0.76s
[513.540s][info][gc,start       ] GC(449) Pause Full (Allocation Failure)
[513.540s][info][gc,phases,start] GC(449) Phase 1: Mark live objects
[513.724s][info][gc,phases      ] GC(449) Phase 1: Mark live objects 184.169ms
[513.724s][info][gc,phases,start] GC(449) Phase 2: Compute new object addresses
[513.863s][info][gc,phases      ] GC(449) Phase 2: Compute new object addresses 138.637ms
[513.863s][info][gc,phases,start] GC(449) Phase 3: Adjust pointers
[514.012s][info][gc,phases      ] GC(449) Phase 3: Adjust pointers 149.256ms
[514.012s][info][gc,phases,start] GC(449) Phase 4: Move objects
[514.308s][info][gc,phases      ] GC(449) Phase 4: Move objects 296.591ms
[514.309s][info][gc,heap        ] GC(449) DefNew: 1258301K(1258304K)->654526K(1258304K) Eden: 1118528K(1118528K)->654526K(1118528K) From: 139773K(139776K)->0K(139776K)
[514.309s][info][gc,heap        ] GC(449) Tenured: 2796223K(2796224K)->2796223K(2796224K)
[514.309s][info][gc,metaspace   ] GC(449) Metaspace: 10576K(10816K)->10576K(10816K) NonClass: 9540K(9664K)->9540K(9664K) Class: 1035K(1152K)->1035K(1152K)
[514.309s][info][gc             ] GC(449) Pause Full (Allocation Failure) 3959M->3369M(3959M) 769.372ms
[514.309s][info][gc,cpu         ] GC(449) User=0.77s Sys=0.00s Real=0.77s
[514.665s][info][gc,start       ] GC(450) Pause Full (Allocation Failure)
[514.665s][info][gc,phases,start] GC(450) Phase 1: Mark live objects
[514.849s][info][gc,phases      ] GC(450) Phase 1: Mark live objects 183.396ms
[514.849s][info][gc,phases,start] GC(450) Phase 2: Compute new object addresses
[514.992s][info][gc,phases      ] GC(450) Phase 2: Compute new object addresses 143.373ms
[514.992s][info][gc,phases,start] GC(450) Phase 3: Adjust pointers
[515.149s][info][gc,phases      ] GC(450) Phase 3: Adjust pointers 157.155ms
[515.150s][info][gc,phases,start] GC(450) Phase 4: Move objects
[515.460s][info][gc,phases      ] GC(450) Phase 4: Move objects 310.365ms
[515.460s][info][gc,heap        ] GC(450) DefNew: 1258301K(1258304K)->514719K(1258304K) Eden: 1118528K(1118528K)->514719K(1118528K) From: 139773K(139776K)->0K(139776K)
[515.460s][info][gc,heap        ] GC(450) Tenured: 2796223K(2796224K)->2796223K(2796224K)
[515.460s][info][gc,metaspace   ] GC(450) Metaspace: 10576K(10816K)->10576K(10816K) NonClass: 9540K(9664K)->9540K(9664K) Class: 1035K(1152K)->1035K(1152K)
[515.460s][info][gc             ] GC(450) Pause Full (Allocation Failure) 3959M->3233M(3959M) 795.057ms
[515.460s][info][gc,cpu         ] GC(450) User=0.80s Sys=0.00s Real=0.79s
[515.872s][info][gc,start       ] GC(451) Pause Full (Allocation Failure)
[515.872s][info][gc,phases,start] GC(451) Phase 1: Mark live objects
[516.057s][info][gc,phases      ] GC(451) Phase 1: Mark live objects 184.820ms
[516.057s][info][gc,phases,start] GC(451) Phase 2: Compute new object addresses
[516.202s][info][gc,phases      ] GC(451) Phase 2: Compute new object addresses 145.229ms
[516.202s][info][gc,phases,start] GC(451) Phase 3: Adjust pointers
[516.355s][info][gc,phases      ] GC(451) Phase 3: Adjust pointers 152.653ms
[516.355s][info][gc,phases,start] GC(451) Phase 4: Move objects
[516.622s][info][gc,phases      ] GC(451) Phase 4: Move objects 267.247ms
[516.622s][info][gc,heap        ] GC(451) DefNew: 1258303K(1258304K)->654530K(1258304K) Eden: 1118528K(1118528K)->654530K(1118528K) From: 139775K(139776K)->0K(139776K)
[516.622s][info][gc,heap        ] GC(451) Tenured: 2796223K(2796224K)->2796223K(2796224K)
[516.622s][info][gc,metaspace   ] GC(451) Metaspace: 10576K(10816K)->10576K(10816K) NonClass: 9540K(9664K)->9540K(9664K) Class: 1035K(1152K)->1035K(1152K)
[516.622s][info][gc             ] GC(451) Pause Full (Allocation Failure) 3959M->3369M(3959M) 750.661ms
[516.622s][info][gc,cpu         ] GC(451) User=0.75s Sys=0.00s Real=0.75s
[516.979s][info][gc,start       ] GC(452) Pause Full (Allocation Failure)
[516.979s][info][gc,phases,start] GC(452) Phase 1: Mark live objects
[517.163s][info][gc,phases      ] GC(452) Phase 1: Mark live objects 184.086ms
[517.163s][info][gc,phases,start] GC(452) Phase 2: Compute new object addresses
[517.301s][info][gc,phases      ] GC(452) Phase 2: Compute new object addresses 137.718ms
[517.301s][info][gc,phases,start] GC(452) Phase 3: Adjust pointers
[517.438s][info][gc,phases      ] GC(452) Phase 3: Adjust pointers 136.706ms
[517.438s][info][gc,phases,start] GC(452) Phase 4: Move objects
[517.726s][info][gc,phases      ] GC(452) Phase 4: Move objects 288.044ms
[517.726s][info][gc,heap        ] GC(452) DefNew: 1258301K(1258304K)->654530K(1258304K) Eden: 1118528K(1118528K)->654530K(1118528K) From: 139773K(139776K)->0K(139776K)
[517.726s][info][gc,heap        ] GC(452) Tenured: 2796223K(2796224K)->2796223K(2796224K)
[517.726s][info][gc,metaspace   ] GC(452) Metaspace: 10576K(10816K)->10576K(10816K) NonClass: 9540K(9664K)->9540K(9664K) Class: 1035K(1152K)->1035K(1152K)
[517.726s][info][gc             ] GC(452) Pause Full (Allocation Failure) 3959M->3369M(3959M) 747.259ms
[517.726s][info][gc,cpu         ] GC(452) User=0.74s Sys=0.00s Real=0.75s
[518.085s][info][gc,start       ] GC(453) Pause Full (Allocation Failure)
[518.085s][info][gc,phases,start] GC(453) Phase 1: Mark live objects
[518.268s][info][gc,phases      ] GC(453) Phase 1: Mark live objects 183.005ms
[518.268s][info][gc,phases,start] GC(453) Phase 2: Compute new object addresses
[518.412s][info][gc,phases      ] GC(453) Phase 2: Compute new object addresses 144.379ms
[518.412s][info][gc,phases,start] GC(453) Phase 3: Adjust pointers
[518.558s][info][gc,phases      ] GC(453) Phase 3: Adjust pointers 145.806ms
[518.558s][info][gc,phases,start] GC(453) Phase 4: Move objects
[518.853s][info][gc,phases      ] GC(453) Phase 4: Move objects 295.205ms
[518.854s][info][gc,heap        ] GC(453) DefNew: 1258303K(1258304K)->654530K(1258304K) Eden: 1118528K(1118528K)->654530K(1118528K) From: 139775K(139776K)->0K(139776K)
[518.854s][info][gc,heap        ] GC(453) Tenured: 2796223K(2796224K)->2796223K(2796224K)
[518.854s][info][gc,metaspace   ] GC(453) Metaspace: 10576K(10816K)->10576K(10816K) NonClass: 9540K(9664K)->9540K(9664K) Class: 1035K(1152K)->1035K(1152K)
[518.854s][info][gc             ] GC(453) Pause Full (Allocation Failure) 3959M->3369M(3959M) 769.121ms
[518.854s][info][gc,cpu         ] GC(453) User=0.77s Sys=0.00s Real=0.77s
[519.210s][info][gc,start       ] GC(454) Pause Full (Allocation Failure)
[519.210s][info][gc,phases,start] GC(454) Phase 1: Mark live objects
[519.394s][info][gc,phases      ] GC(454) Phase 1: Mark live objects 183.666ms
[519.394s][info][gc,phases,start] GC(454) Phase 2: Compute new object addresses
[519.533s][info][gc,phases      ] GC(454) Phase 2: Compute new object addresses 139.001ms
[519.533s][info][gc,phases,start] GC(454) Phase 3: Adjust pointers
[519.672s][info][gc,phases      ] GC(454) Phase 3: Adjust pointers 138.460ms
[519.672s][info][gc,phases,start] GC(454) Phase 4: Move objects
[519.981s][info][gc,phases      ] GC(454) Phase 4: Move objects 309.679ms
[519.982s][info][gc,heap        ] GC(454) DefNew: 1258300K(1258304K)->514719K(1258304K) Eden: 1118528K(1118528K)->514719K(1118528K) From: 139772K(139776K)->0K(139776K)
[519.982s][info][gc,heap        ] GC(454) Tenured: 2796223K(2796224K)->2796223K(2796224K)
[519.982s][info][gc,metaspace   ] GC(454) Metaspace: 10576K(10816K)->10576K(10816K) NonClass: 9540K(9664K)->9540K(9664K) Class: 1035K(1152K)->1035K(1152K)
[519.982s][info][gc             ] GC(454) Pause Full (Allocation Failure) 3959M->3233M(3959M) 771.503ms
[519.982s][info][gc,cpu         ] GC(454) User=0.77s Sys=0.00s Real=0.77s
[520.401s][info][gc,start       ] GC(455) Pause Full (Allocation Failure)
[520.401s][info][gc,phases,start] GC(455) Phase 1: Mark live objects
[520.586s][info][gc,phases      ] GC(455) Phase 1: Mark live objects 184.694ms
[520.586s][info][gc,phases,start] GC(455) Phase 2: Compute new object addresses
[520.732s][info][gc,phases      ] GC(455) Phase 2: Compute new object addresses 145.565ms
[520.732s][info][gc,phases,start] GC(455) Phase 3: Adjust pointers
[520.877s][info][gc,phases      ] GC(455) Phase 3: Adjust pointers 145.574ms
[520.877s][info][gc,phases,start] GC(455) Phase 4: Move objects
[521.144s][info][gc,phases      ] GC(455) Phase 4: Move objects 266.810ms
[521.145s][info][gc,heap        ] GC(455) DefNew: 1258303K(1258304K)->654526K(1258304K) Eden: 1118528K(1118528K)->654526K(1118528K) From: 139775K(139776K)->0K(139776K)
[521.145s][info][gc,heap        ] GC(455) Tenured: 2796223K(2796224K)->2796223K(2796224K)
[521.145s][info][gc,metaspace   ] GC(455) Metaspace: 10576K(10816K)->10576K(10816K) NonClass: 9540K(9664K)->9540K(9664K) Class: 1035K(1152K)->1035K(1152K)
[521.145s][info][gc             ] GC(455) Pause Full (Allocation Failure) 3959M->3369M(3959M) 743.383ms
[521.145s][info][gc,cpu         ] GC(455) User=0.74s Sys=0.01s Real=0.75s
[521.503s][info][gc,start       ] GC(456) Pause Full (Allocation Failure)
[521.503s][info][gc,phases,start] GC(456) Phase 1: Mark live objects
[521.687s][info][gc,phases      ] GC(456) Phase 1: Mark live objects 183.792ms
[521.687s][info][gc,phases,start] GC(456) Phase 2: Compute new object addresses
[521.827s][info][gc,phases      ] GC(456) Phase 2: Compute new object addresses 139.967ms
[521.827s][info][gc,phases,start] GC(456) Phase 3: Adjust pointers
[521.986s][info][gc,phases      ] GC(456) Phase 3: Adjust pointers 158.777ms
[521.986s][info][gc,phases,start] GC(456) Phase 4: Move objects
[522.275s][info][gc,phases      ] GC(456) Phase 4: Move objects 288.653ms
[522.275s][info][gc,heap        ] GC(456) DefNew: 1258300K(1258304K)->654530K(1258304K) Eden: 1118528K(1118528K)->654530K(1118528K) From: 139772K(139776K)->0K(139776K)
[522.275s][info][gc,heap        ] GC(456) Tenured: 2796223K(2796224K)->2796223K(2796224K)
[522.275s][info][gc,metaspace   ] GC(456) Metaspace: 10576K(10816K)->10576K(10816K) NonClass: 9540K(9664K)->9540K(9664K) Class: 1035K(1152K)->1035K(1152K)
[522.275s][info][gc             ] GC(456) Pause Full (Allocation Failure) 3959M->3369M(3959M) 771.920ms
[522.275s][info][gc,cpu         ] GC(456) User=0.77s Sys=0.00s Real=0.78s
[522.634s][info][gc,start       ] GC(457) Pause Full (Allocation Failure)
[522.634s][info][gc,phases,start] GC(457) Phase 1: Mark live objects
[522.818s][info][gc,phases      ] GC(457) Phase 1: Mark live objects 183.979ms
[522.818s][info][gc,phases,start] GC(457) Phase 2: Compute new object addresses
[522.956s][info][gc,phases      ] GC(457) Phase 2: Compute new object addresses 137.733ms
[522.956s][info][gc,phases,start] GC(457) Phase 3: Adjust pointers
[523.105s][info][gc,phases      ] GC(457) Phase 3: Adjust pointers 148.328ms
[523.105s][info][gc,phases,start] GC(457) Phase 4: Move objects
[523.399s][info][gc,phases      ] GC(457) Phase 4: Move objects 294.337ms
[523.399s][info][gc,heap        ] GC(457) DefNew: 1258303K(1258304K)->654530K(1258304K) Eden: 1118528K(1118528K)->654530K(1118528K) From: 139775K(139776K)->0K(139776K)
[523.399s][info][gc,heap        ] GC(457) Tenured: 2796223K(2796224K)->2796223K(2796224K)
[523.399s][info][gc,metaspace   ] GC(457) Metaspace: 10576K(10816K)->10576K(10816K) NonClass: 9540K(9664K)->9540K(9664K) Class: 1035K(1152K)->1035K(1152K)
[523.399s][info][gc             ] GC(457) Pause Full (Allocation Failure) 3959M->3369M(3959M) 765.061ms
[523.399s][info][gc,cpu         ] GC(457) User=0.76s Sys=0.00s Real=0.76s
[523.757s][info][gc,start       ] GC(458) Pause Full (Allocation Failure)
[523.757s][info][gc,phases,start] GC(458) Phase 1: Mark live objects
[523.941s][info][gc,phases      ] GC(458) Phase 1: Mark live objects 183.523ms
[523.941s][info][gc,phases,start] GC(458) Phase 2: Compute new object addresses
[524.085s][info][gc,phases      ] GC(458) Phase 2: Compute new object addresses 144.112ms
[524.085s][info][gc,phases,start] GC(458) Phase 3: Adjust pointers
[524.238s][info][gc,phases      ] GC(458) Phase 3: Adjust pointers 152.933ms
[524.238s][info][gc,phases,start] GC(458) Phase 4: Move objects
[524.548s][info][gc,phases      ] GC(458) Phase 4: Move objects 309.861ms
[524.556s][info][gc,heap        ] GC(458) DefNew: 1258303K(1258304K)->514719K(1258304K) Eden: 1118528K(1118528K)->514719K(1118528K) From: 139775K(139776K)->0K(139776K)
[524.556s][info][gc,heap        ] GC(458) Tenured: 2796223K(2796224K)->2796223K(2796224K)
[524.556s][info][gc,metaspace   ] GC(458) Metaspace: 10576K(10816K)->10576K(10816K) NonClass: 9540K(9664K)->9540K(9664K) Class: 1035K(1152K)->1035K(1152K)
[524.556s][info][gc             ] GC(458) Pause Full (Allocation Failure) 3959M->3233M(3959M) 799.208ms
[524.556s][info][gc,cpu         ] GC(458) User=0.79s Sys=0.00s Real=0.80s
[524.982s][info][gc,start       ] GC(459) Pause Full (Allocation Failure)
[524.982s][info][gc,phases,start] GC(459) Phase 1: Mark live objects
[525.167s][info][gc,phases      ] GC(459) Phase 1: Mark live objects 184.835ms
[525.167s][info][gc,phases,start] GC(459) Phase 2: Compute new object addresses
[525.314s][info][gc,phases      ] GC(459) Phase 2: Compute new object addresses 147.805ms
[525.314s][info][gc,phases,start] GC(459) Phase 3: Adjust pointers
[525.470s][info][gc,phases      ] GC(459) Phase 3: Adjust pointers 155.336ms
[525.470s][info][gc,phases,start] GC(459) Phase 4: Move objects
[525.737s][info][gc,phases      ] GC(459) Phase 4: Move objects 267.320ms
[525.738s][info][gc,heap        ] GC(459) DefNew: 1258302K(1258304K)->654526K(1258304K) Eden: 1118528K(1118528K)->654526K(1118528K) From: 139774K(139776K)->0K(139776K)
[525.738s][info][gc,heap        ] GC(459) Tenured: 2796223K(2796224K)->2796223K(2796224K)
[525.738s][info][gc,metaspace   ] GC(459) Metaspace: 10576K(10816K)->10576K(10816K) NonClass: 9540K(9664K)->9540K(9664K) Class: 1035K(1152K)->1035K(1152K)
[525.738s][info][gc             ] GC(459) Pause Full (Allocation Failure) 3959M->3369M(3959M) 756.038ms
[525.738s][info][gc,cpu         ] GC(459) User=0.75s Sys=0.00s Real=0.76s
[526.095s][info][gc,start       ] GC(460) Pause Full (Allocation Failure)
[526.095s][info][gc,phases,start] GC(460) Phase 1: Mark live objects
[526.279s][info][gc,phases      ] GC(460) Phase 1: Mark live objects 183.530ms
[526.279s][info][gc,phases,start] GC(460) Phase 2: Compute new object addresses
[526.408s][info][gc,phases      ] GC(460) Phase 2: Compute new object addresses 129.762ms
[526.408s][info][gc,phases,start] GC(460) Phase 3: Adjust pointers
[526.561s][info][gc,phases      ] GC(460) Phase 3: Adjust pointers 152.317ms
[526.561s][info][gc,phases,start] GC(460) Phase 4: Move objects
[526.849s][info][gc,phases      ] GC(460) Phase 4: Move objects 288.120ms
[526.849s][info][gc,heap        ] GC(460) DefNew: 1258302K(1258304K)->654530K(1258304K) Eden: 1118528K(1118528K)->654530K(1118528K) From: 139774K(139776K)->0K(139776K)
[526.849s][info][gc,heap        ] GC(460) Tenured: 2796223K(2796224K)->2796223K(2796224K)
[526.849s][info][gc,metaspace   ] GC(460) Metaspace: 10576K(10816K)->10576K(10816K) NonClass: 9540K(9664K)->9540K(9664K) Class: 1035K(1152K)->1035K(1152K)
[526.849s][info][gc             ] GC(460) Pause Full (Allocation Failure) 3959M->3369M(3959M) 754.425ms
[526.849s][info][gc,cpu         ] GC(460) User=0.76s Sys=0.00s Real=0.75s
[527.212s][info][gc,start       ] GC(461) Pause Full (Allocation Failure)
[527.213s][info][gc,phases,start] GC(461) Phase 1: Mark live objects
[527.397s][info][gc,phases      ] GC(461) Phase 1: Mark live objects 184.078ms
[527.397s][info][gc,phases,start] GC(461) Phase 2: Compute new object addresses
[527.542s][info][gc,phases      ] GC(461) Phase 2: Compute new object addresses 144.967ms
[527.542s][info][gc,phases,start] GC(461) Phase 3: Adjust pointers
[527.702s][info][gc,phases      ] GC(461) Phase 3: Adjust pointers 160.230ms
[527.702s][info][gc,phases,start] GC(461) Phase 4: Move objects
[528.000s][info][gc,phases      ] GC(461) Phase 4: Move objects 297.493ms
[528.000s][info][gc,heap        ] GC(461) DefNew: 1258301K(1258304K)->654530K(1258304K) Eden: 1118528K(1118528K)->654530K(1118528K) From: 139773K(139776K)->0K(139776K)
[528.000s][info][gc,heap        ] GC(461) Tenured: 2796223K(2796224K)->2796223K(2796224K)
[528.000s][info][gc,metaspace   ] GC(461) Metaspace: 10576K(10816K)->10576K(10816K) NonClass: 9540K(9664K)->9540K(9664K) Class: 1035K(1152K)->1035K(1152K)
[528.000s][info][gc             ] GC(461) Pause Full (Allocation Failure) 3959M->3369M(3959M) 787.501ms
[528.000s][info][gc,cpu         ] GC(461) User=0.78s Sys=0.00s Real=0.79s
[528.355s][info][gc,start       ] GC(462) Pause Full (Allocation Failure)
[528.355s][info][gc,phases,start] GC(462) Phase 1: Mark live objects
[528.539s][info][gc,phases      ] GC(462) Phase 1: Mark live objects 183.692ms
[528.539s][info][gc,phases,start] GC(462) Phase 2: Compute new object addresses
[528.684s][info][gc,phases      ] GC(462) Phase 2: Compute new object addresses 144.913ms
[528.684s][info][gc,phases,start] GC(462) Phase 3: Adjust pointers
[528.842s][info][gc,phases      ] GC(462) Phase 3: Adjust pointers 157.738ms
[528.842s][info][gc,phases,start] GC(462) Phase 4: Move objects
[529.151s][info][gc,phases      ] GC(462) Phase 4: Move objects 309.617ms
[529.152s][info][gc,heap        ] GC(462) DefNew: 1258302K(1258304K)->514719K(1258304K) Eden: 1118528K(1118528K)->514719K(1118528K) From: 139774K(139776K)->0K(139776K)
[529.152s][info][gc,heap        ] GC(462) Tenured: 2796223K(2796224K)->2796223K(2796224K)
[529.152s][info][gc,metaspace   ] GC(462) Metaspace: 10576K(10816K)->10576K(10816K) NonClass: 9540K(9664K)->9540K(9664K) Class: 1035K(1152K)->1035K(1152K)
[529.152s][info][gc             ] GC(462) Pause Full (Allocation Failure) 3959M->3233M(3959M) 796.669ms
[529.152s][info][gc,cpu         ] GC(462) User=0.79s Sys=0.00s Real=0.79s
[529.552s][info][gc,start       ] GC(463) Pause Full (Allocation Failure)
[529.559s][info][gc,phases,start] GC(463) Phase 1: Mark live objects
[529.744s][info][gc,phases      ] GC(463) Phase 1: Mark live objects 184.564ms
[529.744s][info][gc,phases,start] GC(463) Phase 2: Compute new object addresses
[529.893s][info][gc,phases      ] GC(463) Phase 2: Compute new object addresses 148.634ms
[529.893s][info][gc,phases,start] GC(463) Phase 3: Adjust pointers
[530.054s][info][gc,phases      ] GC(463) Phase 3: Adjust pointers 161.767ms
[530.054s][info][gc,phases,start] GC(463) Phase 4: Move objects
[530.324s][info][gc,phases      ] GC(463) Phase 4: Move objects 269.106ms
[530.324s][info][gc,heap        ] GC(463) DefNew: 1258300K(1258304K)->654526K(1258304K) Eden: 1118528K(1118528K)->654526K(1118528K) From: 139772K(139776K)->0K(139776K)
[530.324s][info][gc,heap        ] GC(463) Tenured: 2796223K(2796224K)->2796223K(2796224K)
[530.324s][info][gc,metaspace   ] GC(463) Metaspace: 10576K(10816K)->10576K(10816K) NonClass: 9540K(9664K)->9540K(9664K) Class: 1035K(1152K)->1035K(1152K)
[530.324s][info][gc             ] GC(463) Pause Full (Allocation Failure) 3959M->3369M(3959M) 772.296ms
[530.324s][info][gc,cpu         ] GC(463) User=0.77s Sys=0.00s Real=0.77s
[530.686s][info][gc,start       ] GC(464) Pause Full (Allocation Failure)
[530.686s][info][gc,phases,start] GC(464) Phase 1: Mark live objects
[530.870s][info][gc,phases      ] GC(464) Phase 1: Mark live objects 183.976ms
[530.870s][info][gc,phases,start] GC(464) Phase 2: Compute new object addresses
[531.011s][info][gc,phases      ] GC(464) Phase 2: Compute new object addresses 141.201ms
[531.011s][info][gc,phases,start] GC(464) Phase 3: Adjust pointers
[531.170s][info][gc,phases      ] GC(464) Phase 3: Adjust pointers 158.923ms
[531.170s][info][gc,phases,start] GC(464) Phase 4: Move objects
[531.458s][info][gc,phases      ] GC(464) Phase 4: Move objects 288.212ms
[531.459s][info][gc,heap        ] GC(464) DefNew: 1258302K(1258304K)->654530K(1258304K) Eden: 1118528K(1118528K)->654530K(1118528K) From: 139774K(139776K)->0K(139776K)
[531.459s][info][gc,heap        ] GC(464) Tenured: 2796223K(2796224K)->2796223K(2796224K)
[531.459s][info][gc,metaspace   ] GC(464) Metaspace: 10576K(10816K)->10576K(10816K) NonClass: 9540K(9664K)->9540K(9664K) Class: 1035K(1152K)->1035K(1152K)
[531.459s][info][gc             ] GC(464) Pause Full (Allocation Failure) 3959M->3369M(3959M) 773.040ms
[531.459s][info][gc,cpu         ] GC(464) User=0.78s Sys=0.00s Real=0.77s
[531.814s][info][gc,start       ] GC(465) Pause Full (Allocation Failure)
[531.815s][info][gc,phases,start] GC(465) Phase 1: Mark live objects
[531.998s][info][gc,phases      ] GC(465) Phase 1: Mark live objects 183.590ms
[531.998s][info][gc,phases,start] GC(465) Phase 2: Compute new object addresses
[532.143s][info][gc,phases      ] GC(465) Phase 2: Compute new object addresses 145.057ms
[532.143s][info][gc,phases,start] GC(465) Phase 3: Adjust pointers
[532.302s][info][gc,phases      ] GC(465) Phase 3: Adjust pointers 158.719ms
[532.302s][info][gc,phases,start] GC(465) Phase 4: Move objects
[532.597s][info][gc,phases      ] GC(465) Phase 4: Move objects 294.522ms
[532.597s][info][gc,heap        ] GC(465) DefNew: 1258302K(1258304K)->654509K(1258304K) Eden: 1118528K(1118528K)->654509K(1118528K) From: 139774K(139776K)->0K(139776K)
[532.597s][info][gc,heap        ] GC(465) Tenured: 2796223K(2796224K)->2796223K(2796224K)
[532.597s][info][gc,metaspace   ] GC(465) Metaspace: 10576K(10816K)->10576K(10816K) NonClass: 9540K(9664K)->9540K(9664K) Class: 1035K(1152K)->1035K(1152K)
[532.597s][info][gc             ] GC(465) Pause Full (Allocation Failure) 3959M->3369M(3959M) 782.594ms
[532.597s][info][gc,cpu         ] GC(465) User=0.78s Sys=0.00s Real=0.78s
[532.950s][info][gc,start       ] GC(466) Pause Full (Allocation Failure)
[532.950s][info][gc,phases,start] GC(466) Phase 1: Mark live objects
[533.135s][info][gc,phases      ] GC(466) Phase 1: Mark live objects 185.386ms
[533.135s][info][gc,phases,start] GC(466) Phase 2: Compute new object addresses
[533.275s][info][gc,phases      ] GC(466) Phase 2: Compute new object addresses 140.354ms
[533.276s][info][gc,phases,start] GC(466) Phase 3: Adjust pointers
[533.434s][info][gc,phases      ] GC(466) Phase 3: Adjust pointers 158.220ms
[533.434s][info][gc,phases,start] GC(466) Phase 4: Move objects
[533.745s][info][gc,phases      ] GC(466) Phase 4: Move objects 311.277ms
[533.745s][info][gc,heap        ] GC(466) DefNew: 1258300K(1258304K)->514719K(1258304K) Eden: 1118528K(1118528K)->514719K(1118528K) From: 139772K(139776K)->0K(139776K)
[533.745s][info][gc,heap        ] GC(466) Tenured: 2796223K(2796224K)->2796223K(2796224K)
[533.746s][info][gc,metaspace   ] GC(466) Metaspace: 10576K(10816K)->10576K(10816K) NonClass: 9540K(9664K)->9540K(9664K) Class: 1035K(1152K)->1035K(1152K)
[533.746s][info][gc             ] GC(466) Pause Full (Allocation Failure) 3959M->3233M(3959M) 795.940ms
[533.746s][info][gc,cpu         ] GC(466) User=0.80s Sys=0.00s Real=0.80s
[534.150s][info][gc,start       ] GC(467) Pause Full (Allocation Failure)
[534.150s][info][gc,phases,start] GC(467) Phase 1: Mark live objects
[534.335s][info][gc,phases      ] GC(467) Phase 1: Mark live objects 185.016ms
[534.335s][info][gc,phases,start] GC(467) Phase 2: Compute new object addresses
[534.483s][info][gc,phases      ] GC(467) Phase 2: Compute new object addresses 147.778ms
[534.483s][info][gc,phases,start] GC(467) Phase 3: Adjust pointers
[534.639s][info][gc,phases      ] GC(467) Phase 3: Adjust pointers 156.706ms
[534.640s][info][gc,phases,start] GC(467) Phase 4: Move objects
[534.907s][info][gc,phases      ] GC(467) Phase 4: Move objects 267.584ms
[534.908s][info][gc,heap        ] GC(467) DefNew: 1258302K(1258304K)->654530K(1258304K) Eden: 1118528K(1118528K)->654530K(1118528K) From: 139774K(139776K)->0K(139776K)
[534.908s][info][gc,heap        ] GC(467) Tenured: 2796223K(2796224K)->2796223K(2796224K)
[534.908s][info][gc,metaspace   ] GC(467) Metaspace: 10576K(10816K)->10576K(10816K) NonClass: 9540K(9664K)->9540K(9664K) Class: 1035K(1152K)->1035K(1152K)
[534.908s][info][gc             ] GC(467) Pause Full (Allocation Failure) 3959M->3369M(3959M) 757.797ms
[534.908s][info][gc,cpu         ] GC(467) User=0.76s Sys=0.00s Real=0.76s
[535.260s][info][gc,start       ] GC(468) Pause Full (Allocation Failure)
[535.260s][info][gc,phases,start] GC(468) Phase 1: Mark live objects
[535.444s][info][gc,phases      ] GC(468) Phase 1: Mark live objects 183.754ms
[535.444s][info][gc,phases,start] GC(468) Phase 2: Compute new object addresses
[535.584s][info][gc,phases      ] GC(468) Phase 2: Compute new object addresses 140.214ms
[535.584s][info][gc,phases,start] GC(468) Phase 3: Adjust pointers
[535.747s][info][gc,phases      ] GC(468) Phase 3: Adjust pointers 162.970ms
[535.747s][info][gc,phases,start] GC(468) Phase 4: Move objects
[536.034s][info][gc,phases      ] GC(468) Phase 4: Move objects 286.951ms
[536.035s][info][gc,heap        ] GC(468) DefNew: 1258300K(1258304K)->654530K(1258304K) Eden: 1118528K(1118528K)->654530K(1118528K) From: 139772K(139776K)->0K(139776K)
[536.035s][info][gc,heap        ] GC(468) Tenured: 2796223K(2796224K)->2796223K(2796224K)
[536.035s][info][gc,metaspace   ] GC(468) Metaspace: 10576K(10816K)->10576K(10816K) NonClass: 9540K(9664K)->9540K(9664K) Class: 1035K(1152K)->1035K(1152K)
[536.035s][info][gc             ] GC(468) Pause Full (Allocation Failure) 3959M->3369M(3959M) 774.629ms
[536.035s][info][gc,cpu         ] GC(468) User=0.78s Sys=0.00s Real=0.78s
[536.388s][info][gc,start       ] GC(469) Pause Full (Allocation Failure)
[536.388s][info][gc,phases,start] GC(469) Phase 1: Mark live objects
[536.573s][info][gc,phases      ] GC(469) Phase 1: Mark live objects 185.078ms
[536.573s][info][gc,phases,start] GC(469) Phase 2: Compute new object addresses
[536.713s][info][gc,phases      ] GC(469) Phase 2: Compute new object addresses 139.275ms
[536.713s][info][gc,phases,start] GC(469) Phase 3: Adjust pointers
[536.857s][info][gc,phases      ] GC(469) Phase 3: Adjust pointers 144.127ms
[536.857s][info][gc,phases,start] GC(469) Phase 4: Move objects
[537.153s][info][gc,phases      ] GC(469) Phase 4: Move objects 296.369ms
[537.154s][info][gc,heap        ] GC(469) DefNew: 1258302K(1258304K)->654530K(1258304K) Eden: 1118528K(1118528K)->654530K(1118528K) From: 139774K(139776K)->0K(139776K)
[537.154s][info][gc,heap        ] GC(469) Tenured: 2796223K(2796224K)->2796223K(2796224K)
[537.154s][info][gc,metaspace   ] GC(469) Metaspace: 10576K(10816K)->10576K(10816K) NonClass: 9540K(9664K)->9540K(9664K) Class: 1035K(1152K)->1035K(1152K)
[537.154s][info][gc             ] GC(469) Pause Full (Allocation Failure) 3959M->3369M(3959M) 765.577ms
[537.154s][info][gc,cpu         ] GC(469) User=0.77s Sys=0.00s Real=0.77s
[537.513s][info][gc,start       ] GC(470) Pause Full (Allocation Failure)
[537.513s][info][gc,phases,start] GC(470) Phase 1: Mark live objects
[537.698s][info][gc,phases      ] GC(470) Phase 1: Mark live objects 184.911ms
[537.698s][info][gc,phases,start] GC(470) Phase 2: Compute new object addresses
[537.842s][info][gc,phases      ] GC(470) Phase 2: Compute new object addresses 144.271ms
[537.842s][info][gc,phases,start] GC(470) Phase 3: Adjust pointers
[537.989s][info][gc,phases      ] GC(470) Phase 3: Adjust pointers 147.077ms
[537.990s][info][gc,phases,start] GC(470) Phase 4: Move objects
[538.301s][info][gc,phases      ] GC(470) Phase 4: Move objects 311.765ms
[538.302s][info][gc,heap        ] GC(470) DefNew: 1258300K(1258304K)->514719K(1258304K) Eden: 1118528K(1118528K)->514719K(1118528K) From: 139772K(139776K)->0K(139776K)
[538.302s][info][gc,heap        ] GC(470) Tenured: 2796223K(2796224K)->2796223K(2796224K)
[538.302s][info][gc,metaspace   ] GC(470) Metaspace: 10576K(10816K)->10576K(10816K) NonClass: 9540K(9664K)->9540K(9664K) Class: 1035K(1152K)->1035K(1152K)
[538.302s][info][gc             ] GC(470) Pause Full (Allocation Failure) 3959M->3233M(3959M) 788.729ms
[538.302s][info][gc,cpu         ] GC(470) User=0.79s Sys=0.00s Real=0.78s
[538.707s][info][gc,start       ] GC(471) Pause Full (Allocation Failure)
[538.707s][info][gc,phases,start] GC(471) Phase 1: Mark live objects
[538.892s][info][gc,phases      ] GC(471) Phase 1: Mark live objects 184.519ms
[538.892s][info][gc,phases,start] GC(471) Phase 2: Compute new object addresses
[539.037s][info][gc,phases      ] GC(471) Phase 2: Compute new object addresses 144.699ms
[539.037s][info][gc,phases,start] GC(471) Phase 3: Adjust pointers
[539.180s][info][gc,phases      ] GC(471) Phase 3: Adjust pointers 143.111ms
[539.180s][info][gc,phases,start] GC(471) Phase 4: Move objects
[539.448s][info][gc,phases      ] GC(471) Phase 4: Move objects 268.556ms
[539.449s][info][gc,heap        ] GC(471) DefNew: 1258301K(1258304K)->654526K(1258304K) Eden: 1118528K(1118528K)->654526K(1118528K) From: 139773K(139776K)->0K(139776K)
[539.449s][info][gc,heap        ] GC(471) Tenured: 2796223K(2796224K)->2796223K(2796224K)
[539.449s][info][gc,metaspace   ] GC(471) Metaspace: 10576K(10816K)->10576K(10816K) NonClass: 9540K(9664K)->9540K(9664K) Class: 1035K(1152K)->1035K(1152K)
[539.449s][info][gc             ] GC(471) Pause Full (Allocation Failure) 3959M->3369M(3959M) 741.610ms
[539.449s][info][gc,cpu         ] GC(471) User=0.74s Sys=0.00s Real=0.74s
[539.802s][info][gc,start       ] GC(472) Pause Full (Allocation Failure)
[539.802s][info][gc,phases,start] GC(472) Phase 1: Mark live objects
[539.986s][info][gc,phases      ] GC(472) Phase 1: Mark live objects 184.315ms
[539.987s][info][gc,phases,start] GC(472) Phase 2: Compute new object addresses
[540.127s][info][gc,phases      ] GC(472) Phase 2: Compute new object addresses 140.762ms
[540.127s][info][gc,phases,start] GC(472) Phase 3: Adjust pointers
[540.285s][info][gc,phases      ] GC(472) Phase 3: Adjust pointers 157.664ms
[540.285s][info][gc,phases,start] GC(472) Phase 4: Move objects
[540.571s][info][gc,phases      ] GC(472) Phase 4: Move objects 286.371ms
[540.572s][info][gc,heap        ] GC(472) DefNew: 1258304K(1258304K)->654526K(1258304K) Eden: 1118528K(1118528K)->654526K(1118528K) From: 139776K(139776K)->0K(139776K)
[540.572s][info][gc,heap        ] GC(472) Tenured: 2796223K(2796224K)->2796223K(2796224K)
[540.572s][info][gc,metaspace   ] GC(472) Metaspace: 10576K(10816K)->10576K(10816K) NonClass: 9540K(9664K)->9540K(9664K) Class: 1035K(1152K)->1035K(1152K)
[540.572s][info][gc             ] GC(472) Pause Full (Allocation Failure) 3959M->3369M(3959M) 769.859ms
[540.572s][info][gc,cpu         ] GC(472) User=0.77s Sys=0.00s Real=0.77s
[540.923s][info][gc,start       ] GC(473) Pause Full (Allocation Failure)
[540.923s][info][gc,phases,start] GC(473) Phase 1: Mark live objects
[541.107s][info][gc,phases      ] GC(473) Phase 1: Mark live objects 183.825ms
[541.107s][info][gc,phases,start] GC(473) Phase 2: Compute new object addresses
[541.247s][info][gc,phases      ] GC(473) Phase 2: Compute new object addresses 139.889ms
[541.247s][info][gc,phases,start] GC(473) Phase 3: Adjust pointers
[541.385s][info][gc,phases      ] GC(473) Phase 3: Adjust pointers 138.622ms
[541.385s][info][gc,phases,start] GC(473) Phase 4: Move objects
[541.681s][info][gc,phases      ] GC(473) Phase 4: Move objects 295.518ms
[541.681s][info][gc,heap        ] GC(473) DefNew: 1258303K(1258304K)->654522K(1258304K) Eden: 1118528K(1118528K)->654522K(1118528K) From: 139775K(139776K)->0K(139776K)
[541.681s][info][gc,heap        ] GC(473) Tenured: 2796223K(2796224K)->2796223K(2796224K)
[541.681s][info][gc,metaspace   ] GC(473) Metaspace: 10576K(10816K)->10576K(10816K) NonClass: 9540K(9664K)->9540K(9664K) Class: 1035K(1152K)->1035K(1152K)
[541.681s][info][gc             ] GC(473) Pause Full (Allocation Failure) 3959M->3369M(3959M) 758.568ms
[541.681s][info][gc,cpu         ] GC(473) User=0.76s Sys=0.00s Real=0.76s
[542.033s][info][gc,start       ] GC(474) Pause Full (Allocation Failure)
[542.033s][info][gc,phases,start] GC(474) Phase 1: Mark live objects
[542.217s][info][gc,phases      ] GC(474) Phase 1: Mark live objects 183.895ms
[542.217s][info][gc,phases,start] GC(474) Phase 2: Compute new object addresses
[542.361s][info][gc,phases      ] GC(474) Phase 2: Compute new object addresses 144.630ms
[542.361s][info][gc,phases,start] GC(474) Phase 3: Adjust pointers
[542.514s][info][gc,phases      ] GC(474) Phase 3: Adjust pointers 152.754ms
[542.514s][info][gc,phases,start] GC(474) Phase 4: Move objects
[542.823s][info][gc,phases      ] GC(474) Phase 4: Move objects 309.292ms
[542.824s][info][gc,heap        ] GC(474) DefNew: 1258301K(1258304K)->514719K(1258304K) Eden: 1118528K(1118528K)->514719K(1118528K) From: 139773K(139776K)->0K(139776K)
[542.824s][info][gc,heap        ] GC(474) Tenured: 2796223K(2796224K)->2796223K(2796224K)
[542.824s][info][gc,metaspace   ] GC(474) Metaspace: 10576K(10816K)->10576K(10816K) NonClass: 9540K(9664K)->9540K(9664K) Class: 1035K(1152K)->1035K(1152K)
[542.824s][info][gc             ] GC(474) Pause Full (Allocation Failure) 3959M->3233M(3959M) 791.270ms
[542.824s][info][gc,cpu         ] GC(474) User=0.79s Sys=0.00s Real=0.78s
[543.229s][info][gc,start       ] GC(475) Pause Full (Allocation Failure)
[543.229s][info][gc,phases,start] GC(475) Phase 1: Mark live objects
[543.413s][info][gc,phases      ] GC(475) Phase 1: Mark live objects 183.658ms
[543.413s][info][gc,phases,start] GC(475) Phase 2: Compute new object addresses
[543.550s][info][gc,phases      ] GC(475) Phase 2: Compute new object addresses 137.459ms
[543.550s][info][gc,phases,start] GC(475) Phase 3: Adjust pointers
[543.700s][info][gc,phases      ] GC(475) Phase 3: Adjust pointers 149.721ms
[543.700s][info][gc,phases,start] GC(475) Phase 4: Move objects
[543.966s][info][gc,phases      ] GC(475) Phase 4: Move objects 265.718ms
[543.966s][info][gc,heap        ] GC(475) DefNew: 1258302K(1258304K)->654530K(1258304K) Eden: 1118528K(1118528K)->654530K(1118528K) From: 139774K(139776K)->0K(139776K)
[543.966s][info][gc,heap        ] GC(475) Tenured: 2796223K(2796224K)->2796221K(2796224K)
[543.966s][info][gc,metaspace   ] GC(475) Metaspace: 10596K(10880K)->10596K(10880K) NonClass: 9560K(9728K)->9560K(9728K) Class: 1035K(1152K)->1035K(1152K)
[543.966s][info][gc             ] GC(475) Pause Full (Allocation Failure) 3959M->3369M(3959M) 737.258ms
[543.966s][info][gc,cpu         ] GC(475) User=0.74s Sys=0.00s Real=0.74s
[544.321s][info][gc,start       ] GC(476) Pause Full (Allocation Failure)
[544.321s][info][gc,phases,start] GC(476) Phase 1: Mark live objects
[544.505s][info][gc,phases      ] GC(476) Phase 1: Mark live objects 184.603ms
[544.506s][info][gc,phases,start] GC(476) Phase 2: Compute new object addresses
[544.647s][info][gc,phases      ] GC(476) Phase 2: Compute new object addresses 141.527ms
[544.647s][info][gc,phases,start] GC(476) Phase 3: Adjust pointers
[544.805s][info][gc,phases      ] GC(476) Phase 3: Adjust pointers 158.105ms
[544.805s][info][gc,phases,start] GC(476) Phase 4: Move objects
[545.094s][info][gc,phases      ] GC(476) Phase 4: Move objects 288.673ms
[545.094s][info][gc,heap        ] GC(476) DefNew: 1258304K(1258304K)->654530K(1258304K) Eden: 1118528K(1118528K)->654530K(1118528K) From: 139776K(139776K)->0K(139776K)
[545.094s][info][gc,heap        ] GC(476) Tenured: 2796221K(2796224K)->2796221K(2796224K)
[545.094s][info][gc,metaspace   ] GC(476) Metaspace: 10596K(10880K)->10596K(10880K) NonClass: 9560K(9728K)->9560K(9728K) Class: 1035K(1152K)->1035K(1152K)
[545.094s][info][gc             ] GC(476) Pause Full (Allocation Failure) 3959M->3369M(3959M) 773.651ms
[545.094s][info][gc,cpu         ] GC(476) User=0.78s Sys=0.00s Real=0.78s
[545.447s][info][gc,start       ] GC(477) Pause Full (Allocation Failure)
[545.447s][info][gc,phases,start] GC(477) Phase 1: Mark live objects
[545.631s][info][gc,phases      ] GC(477) Phase 1: Mark live objects 183.847ms
[545.631s][info][gc,phases,start] GC(477) Phase 2: Compute new object addresses
[545.776s][info][gc,phases      ] GC(477) Phase 2: Compute new object addresses 145.099ms
[545.776s][info][gc,phases,start] GC(477) Phase 3: Adjust pointers
[545.924s][info][gc,phases      ] GC(477) Phase 3: Adjust pointers 148.343ms
[545.924s][info][gc,phases,start] GC(477) Phase 4: Move objects
[546.220s][info][gc,phases      ] GC(477) Phase 4: Move objects 296.010ms
[546.221s][info][gc,heap        ] GC(477) DefNew: 1258300K(1258304K)->654513K(1258304K) Eden: 1118528K(1118528K)->654513K(1118528K) From: 139772K(139776K)->0K(139776K)
[546.221s][info][gc,heap        ] GC(477) Tenured: 2796221K(2796224K)->2796221K(2796224K)
[546.221s][info][gc,metaspace   ] GC(477) Metaspace: 10596K(10880K)->10596K(10880K) NonClass: 9560K(9728K)->9560K(9728K) Class: 1035K(1152K)->1035K(1152K)
[546.221s][info][gc             ] GC(477) Pause Full (Allocation Failure) 3959M->3369M(3959M) 774.053ms
[546.221s][info][gc,cpu         ] GC(477) User=0.78s Sys=0.00s Real=0.77s
[546.572s][info][gc,start       ] GC(478) Pause Full (Allocation Failure)
[546.572s][info][gc,phases,start] GC(478) Phase 1: Mark live objects
[546.756s][info][gc,phases      ] GC(478) Phase 1: Mark live objects 183.633ms
[546.756s][info][gc,phases,start] GC(478) Phase 2: Compute new object addresses
[546.899s][info][gc,phases      ] GC(478) Phase 2: Compute new object addresses 142.533ms
[546.899s][info][gc,phases,start] GC(478) Phase 3: Adjust pointers
[547.058s][info][gc,phases      ] GC(478) Phase 3: Adjust pointers 159.624ms
[547.058s][info][gc,phases,start] GC(478) Phase 4: Move objects
[547.369s][info][gc,phases      ] GC(478) Phase 4: Move objects 310.454ms
[547.369s][info][gc,heap        ] GC(478) DefNew: 1258301K(1258304K)->514719K(1258304K) Eden: 1118528K(1118528K)->514719K(1118528K) From: 139773K(139776K)->0K(139776K)
[547.369s][info][gc,heap        ] GC(478) Tenured: 2796221K(2796224K)->2796223K(2796224K)
[547.369s][info][gc,metaspace   ] GC(478) Metaspace: 10596K(10880K)->10596K(10880K) NonClass: 9560K(9728K)->9560K(9728K) Class: 1035K(1152K)->1035K(1152K)
[547.369s][info][gc             ] GC(478) Pause Full (Allocation Failure) 3959M->3233M(3959M) 796.944ms
[547.369s][info][gc,cpu         ] GC(478) User=0.79s Sys=0.00s Real=0.80s
[547.777s][info][gc,start       ] GC(479) Pause Full (Allocation Failure)
[547.777s][info][gc,phases,start] GC(479) Phase 1: Mark live objects
[547.960s][info][gc,phases      ] GC(479) Phase 1: Mark live objects 183.629ms
[547.960s][info][gc,phases,start] GC(479) Phase 2: Compute new object addresses
[548.098s][info][gc,phases      ] GC(479) Phase 2: Compute new object addresses 137.922ms
[548.098s][info][gc,phases,start] GC(479) Phase 3: Adjust pointers
[548.264s][info][gc,phases      ] GC(479) Phase 3: Adjust pointers 165.610ms
[548.264s][info][gc,phases,start] GC(479) Phase 4: Move objects
[548.531s][info][gc,phases      ] GC(479) Phase 4: Move objects 266.928ms
[548.531s][info][gc,heap        ] GC(479) DefNew: 1258303K(1258304K)->654530K(1258304K) Eden: 1118528K(1118528K)->654530K(1118528K) From: 139775K(139776K)->0K(139776K)
[548.531s][info][gc,heap        ] GC(479) Tenured: 2796223K(2796224K)->2796223K(2796224K)
[548.531s][info][gc,metaspace   ] GC(479) Metaspace: 10596K(10880K)->10596K(10880K) NonClass: 9560K(9728K)->9560K(9728K) Class: 1035K(1152K)->1035K(1152K)
[548.531s][info][gc             ] GC(479) Pause Full (Allocation Failure) 3959M->3369M(3959M) 754.805ms
[548.531s][info][gc,cpu         ] GC(479) User=0.75s Sys=0.00s Real=0.75s
[548.885s][info][gc,start       ] GC(480) Pause Full (Allocation Failure)
[548.885s][info][gc,phases,start] GC(480) Phase 1: Mark live objects
[549.068s][info][gc,phases      ] GC(480) Phase 1: Mark live objects 183.520ms
[549.069s][info][gc,phases,start] GC(480) Phase 2: Compute new object addresses
[549.210s][info][gc,phases      ] GC(480) Phase 2: Compute new object addresses 140.978ms
[549.210s][info][gc,phases,start] GC(480) Phase 3: Adjust pointers
[549.368s][info][gc,phases      ] GC(480) Phase 3: Adjust pointers 158.321ms
[549.368s][info][gc,phases,start] GC(480) Phase 4: Move objects
[549.657s][info][gc,phases      ] GC(480) Phase 4: Move objects 289.184ms
[549.658s][info][gc,heap        ] GC(480) DefNew: 1258302K(1258304K)->654530K(1258304K) Eden: 1118528K(1118528K)->654530K(1118528K) From: 139774K(139776K)->0K(139776K)
[549.658s][info][gc,heap        ] GC(480) Tenured: 2796223K(2796224K)->2796223K(2796224K)
[549.658s][info][gc,metaspace   ] GC(480) Metaspace: 10596K(10880K)->10596K(10880K) NonClass: 9560K(9728K)->9560K(9728K) Class: 1035K(1152K)->1035K(1152K)
[549.658s][info][gc             ] GC(480) Pause Full (Allocation Failure) 3959M->3369M(3959M) 772.711ms
[549.658s][info][gc,cpu         ] GC(480) User=0.77s Sys=0.00s Real=0.77s
[550.016s][info][gc,start       ] GC(481) Pause Full (Allocation Failure)
[550.016s][info][gc,phases,start] GC(481) Phase 1: Mark live objects
[550.201s][info][gc,phases      ] GC(481) Phase 1: Mark live objects 184.573ms
[550.201s][info][gc,phases,start] GC(481) Phase 2: Compute new object addresses
[550.345s][info][gc,phases      ] GC(481) Phase 2: Compute new object addresses 144.482ms
[550.345s][info][gc,phases,start] GC(481) Phase 3: Adjust pointers
[550.501s][info][gc,phases      ] GC(481) Phase 3: Adjust pointers 155.902ms
[550.501s][info][gc,phases,start] GC(481) Phase 4: Move objects
[550.796s][info][gc,phases      ] GC(481) Phase 4: Move objects 294.634ms
[550.796s][info][gc,heap        ] GC(481) DefNew: 1258300K(1258304K)->654530K(1258304K) Eden: 1118528K(1118528K)->654530K(1118528K) From: 139772K(139776K)->0K(139776K)
[550.796s][info][gc,heap        ] GC(481) Tenured: 2796223K(2796224K)->2796223K(2796224K)
[550.796s][info][gc,metaspace   ] GC(481) Metaspace: 10596K(10880K)->10596K(10880K) NonClass: 9560K(9728K)->9560K(9728K) Class: 1035K(1152K)->1035K(1152K)
[550.796s][info][gc             ] GC(481) Pause Full (Allocation Failure) 3959M->3369M(3959M) 780.314ms
[550.796s][info][gc,cpu         ] GC(481) User=0.78s Sys=0.00s Real=0.78s
[551.150s][info][gc,start       ] GC(482) Pause Full (Allocation Failure)
[551.150s][info][gc,phases,start] GC(482) Phase 1: Mark live objects
[551.334s][info][gc,phases      ] GC(482) Phase 1: Mark live objects 183.740ms
[551.334s][info][gc,phases,start] GC(482) Phase 2: Compute new object addresses
[551.464s][info][gc,phases      ] GC(482) Phase 2: Compute new object addresses 130.171ms
[551.464s][info][gc,phases,start] GC(482) Phase 3: Adjust pointers
[551.620s][info][gc,phases      ] GC(482) Phase 3: Adjust pointers 156.085ms
[551.620s][info][gc,phases,start] GC(482) Phase 4: Move objects
[551.931s][info][gc,phases      ] GC(482) Phase 4: Move objects 310.875ms
[551.931s][info][gc,heap        ] GC(482) DefNew: 1258302K(1258304K)->514719K(1258304K) Eden: 1118528K(1118528K)->514719K(1118528K) From: 139774K(139776K)->0K(139776K)
[551.931s][info][gc,heap        ] GC(482) Tenured: 2796223K(2796224K)->2796223K(2796224K)
[551.931s][info][gc,metaspace   ] GC(482) Metaspace: 10596K(10880K)->10596K(10880K) NonClass: 9560K(9728K)->9560K(9728K) Class: 1035K(1152K)->1035K(1152K)
[551.931s][info][gc             ] GC(482) Pause Full (Allocation Failure) 3959M->3233M(3959M) 781.613ms
[551.931s][info][gc,cpu         ] GC(482) User=0.78s Sys=0.00s Real=0.78s
[552.346s][info][gc,start       ] GC(483) Pause Full (Allocation Failure)
[552.346s][info][gc,phases,start] GC(483) Phase 1: Mark live objects
[552.530s][info][gc,phases      ] GC(483) Phase 1: Mark live objects 183.600ms
[552.530s][info][gc,phases,start] GC(483) Phase 2: Compute new object addresses
[552.680s][info][gc,phases      ] GC(483) Phase 2: Compute new object addresses 149.773ms
[552.680s][info][gc,phases,start] GC(483) Phase 3: Adjust pointers
[552.831s][info][gc,phases      ] GC(483) Phase 3: Adjust pointers 150.661ms
[552.831s][info][gc,phases,start] GC(483) Phase 4: Move objects
[553.098s][info][gc,phases      ] GC(483) Phase 4: Move objects 267.373ms
[553.098s][info][gc,heap        ] GC(483) DefNew: 1258303K(1258304K)->654530K(1258304K) Eden: 1118528K(1118528K)->654530K(1118528K) From: 139775K(139776K)->0K(139776K)
[553.098s][info][gc,heap        ] GC(483) Tenured: 2796223K(2796224K)->2796223K(2796224K)
[553.098s][info][gc,metaspace   ] GC(483) Metaspace: 10596K(10880K)->10596K(10880K) NonClass: 9560K(9728K)->9560K(9728K) Class: 1035K(1152K)->1035K(1152K)
[553.098s][info][gc             ] GC(483) Pause Full (Allocation Failure) 3959M->3369M(3959M) 752.126ms
[553.098s][info][gc,cpu         ] GC(483) User=0.75s Sys=0.00s Real=0.75s
[553.455s][info][gc,start       ] GC(484) Pause Full (Allocation Failure)
[553.456s][info][gc,phases,start] GC(484) Phase 1: Mark live objects
[553.640s][info][gc,phases      ] GC(484) Phase 1: Mark live objects 184.665ms
[553.640s][info][gc,phases,start] GC(484) Phase 2: Compute new object addresses
[553.772s][info][gc,phases      ] GC(484) Phase 2: Compute new object addresses 131.874ms
[553.772s][info][gc,phases,start] GC(484) Phase 3: Adjust pointers
[553.932s][info][gc,phases      ] GC(484) Phase 3: Adjust pointers 159.511ms
[553.932s][info][gc,phases,start] GC(484) Phase 4: Move objects
[554.219s][info][gc,phases      ] GC(484) Phase 4: Move objects 287.222ms
[554.219s][info][gc,heap        ] GC(484) DefNew: 1258301K(1258304K)->654530K(1258304K) Eden: 1118528K(1118528K)->654530K(1118528K) From: 139773K(139776K)->0K(139776K)
[554.219s][info][gc,heap        ] GC(484) Tenured: 2796223K(2796224K)->2796219K(2796224K)
[554.219s][info][gc,metaspace   ] GC(484) Metaspace: 10596K(10880K)->10596K(10880K) NonClass: 9560K(9728K)->9560K(9728K) Class: 1035K(1152K)->1035K(1152K)
[554.219s][info][gc             ] GC(484) Pause Full (Allocation Failure) 3959M->3369M(3959M) 763.973ms
[554.219s][info][gc,cpu         ] GC(484) User=0.77s Sys=0.00s Real=0.76s
[554.573s][info][gc,start       ] GC(485) Pause Full (Allocation Failure)
[554.574s][info][gc,phases,start] GC(485) Phase 1: Mark live objects
[554.759s][info][gc,phases      ] GC(485) Phase 1: Mark live objects 184.746ms
[554.759s][info][gc,phases,start] GC(485) Phase 2: Compute new object addresses
[554.897s][info][gc,phases      ] GC(485) Phase 2: Compute new object addresses 138.012ms
[554.897s][info][gc,phases,start] GC(485) Phase 3: Adjust pointers
[555.046s][info][gc,phases      ] GC(485) Phase 3: Adjust pointers 149.061ms
[555.046s][info][gc,phases,start] GC(485) Phase 4: Move objects
[555.343s][info][gc,phases      ] GC(485) Phase 4: Move objects 296.789ms
[555.343s][info][gc,heap        ] GC(485) DefNew: 1258303K(1258304K)->654526K(1258304K) Eden: 1118528K(1118528K)->654526K(1118528K) From: 139775K(139776K)->0K(139776K)
[555.343s][info][gc,heap        ] GC(485) Tenured: 2796219K(2796224K)->2796223K(2796224K)
[555.343s][info][gc,metaspace   ] GC(485) Metaspace: 10596K(10880K)->10596K(10880K) NonClass: 9560K(9728K)->9560K(9728K) Class: 1035K(1152K)->1035K(1152K)
[555.343s][info][gc             ] GC(485) Pause Full (Allocation Failure) 3959M->3369M(3959M) 770.303ms
[555.343s][info][gc,cpu         ] GC(485) User=0.77s Sys=0.00s Real=0.76s
[555.695s][info][gc,start       ] GC(486) Pause Full (Allocation Failure)
[555.695s][info][gc,phases,start] GC(486) Phase 1: Mark live objects
[555.880s][info][gc,phases      ] GC(486) Phase 1: Mark live objects 184.416ms
[555.880s][info][gc,phases,start] GC(486) Phase 2: Compute new object addresses
[556.014s][info][gc,phases      ] GC(486) Phase 2: Compute new object addresses 133.696ms
[556.014s][info][gc,phases,start] GC(486) Phase 3: Adjust pointers
[556.154s][info][gc,phases      ] GC(486) Phase 3: Adjust pointers 140.196ms
[556.154s][info][gc,phases,start] GC(486) Phase 4: Move objects
[556.463s][info][gc,phases      ] GC(486) Phase 4: Move objects 309.316ms
[556.464s][info][gc,heap        ] GC(486) DefNew: 1258300K(1258304K)->514719K(1258304K) Eden: 1118528K(1118528K)->514719K(1118528K) From: 139772K(139776K)->0K(139776K)
[556.464s][info][gc,heap        ] GC(486) Tenured: 2796223K(2796224K)->2796223K(2796224K)
[556.464s][info][gc,metaspace   ] GC(486) Metaspace: 10596K(10880K)->10596K(10880K) NonClass: 9560K(9728K)->9560K(9728K) Class: 1035K(1152K)->1035K(1152K)
[556.464s][info][gc             ] GC(486) Pause Full (Allocation Failure) 3959M->3233M(3959M) 768.337ms
[556.464s][info][gc,cpu         ] GC(486) User=0.77s Sys=0.01s Real=0.76s
[556.869s][info][gc,start       ] GC(487) Pause Full (Allocation Failure)
[556.869s][info][gc,phases,start] GC(487) Phase 1: Mark live objects
[557.053s][info][gc,phases      ] GC(487) Phase 1: Mark live objects 183.784ms
[557.053s][info][gc,phases,start] GC(487) Phase 2: Compute new object addresses
[557.181s][info][gc,phases      ] GC(487) Phase 2: Compute new object addresses 127.879ms
[557.181s][info][gc,phases,start] GC(487) Phase 3: Adjust pointers
[557.326s][info][gc,phases      ] GC(487) Phase 3: Adjust pointers 144.789ms
[557.326s][info][gc,phases,start] GC(487) Phase 4: Move objects
[557.593s][info][gc,phases      ] GC(487) Phase 4: Move objects 267.309ms
[557.594s][info][gc,heap        ] GC(487) DefNew: 1258300K(1258304K)->654530K(1258304K) Eden: 1118528K(1118528K)->654530K(1118528K) From: 139772K(139776K)->0K(139776K)
[557.594s][info][gc,heap        ] GC(487) Tenured: 2796223K(2796224K)->2796223K(2796224K)
[557.594s][info][gc,metaspace   ] GC(487) Metaspace: 10596K(10880K)->10596K(10880K) NonClass: 9560K(9728K)->9560K(9728K) Class: 1035K(1152K)->1035K(1152K)
[557.594s][info][gc             ] GC(487) Pause Full (Allocation Failure) 3959M->3369M(3959M) 724.446ms
[557.594s][info][gc,cpu         ] GC(487) User=0.73s Sys=0.00s Real=0.73s
[557.958s][info][gc,start       ] GC(488) Pause Full (Allocation Failure)
[557.958s][info][gc,phases,start] GC(488) Phase 1: Mark live objects
[558.143s][info][gc,phases      ] GC(488) Phase 1: Mark live objects 184.945ms
[558.143s][info][gc,phases,start] GC(488) Phase 2: Compute new object addresses
[558.283s][info][gc,phases      ] GC(488) Phase 2: Compute new object addresses 139.209ms
[558.283s][info][gc,phases,start] GC(488) Phase 3: Adjust pointers
[558.432s][info][gc,phases      ] GC(488) Phase 3: Adjust pointers 148.811ms
[558.432s][info][gc,phases,start] GC(488) Phase 4: Move objects
[558.719s][info][gc,phases      ] GC(488) Phase 4: Move objects 287.439ms
[558.719s][info][gc,heap        ] GC(488) DefNew: 1258301K(1258304K)->654530K(1258304K) Eden: 1118528K(1118528K)->654530K(1118528K) From: 139773K(139776K)->0K(139776K)
[558.719s][info][gc,heap        ] GC(488) Tenured: 2796223K(2796224K)->2796223K(2796224K)
[558.719s][info][gc,metaspace   ] GC(488) Metaspace: 10596K(10880K)->10596K(10880K) NonClass: 9560K(9728K)->9560K(9728K) Class: 1035K(1152K)->1035K(1152K)
[558.719s][info][gc             ] GC(488) Pause Full (Allocation Failure) 3959M->3369M(3959M) 761.105ms
[558.719s][info][gc,cpu         ] GC(488) User=0.77s Sys=0.00s Real=0.76s
[559.073s][info][gc,start       ] GC(489) Pause Full (Allocation Failure)
[559.074s][info][gc,phases,start] GC(489) Phase 1: Mark live objects
[559.257s][info][gc,phases      ] GC(489) Phase 1: Mark live objects 183.750ms
[559.257s][info][gc,phases,start] GC(489) Phase 2: Compute new object addresses
[559.402s][info][gc,phases      ] GC(489) Phase 2: Compute new object addresses 144.778ms
[559.402s][info][gc,phases,start] GC(489) Phase 3: Adjust pointers
[559.550s][info][gc,phases      ] GC(489) Phase 3: Adjust pointers 147.518ms
[559.550s][info][gc,phases,start] GC(489) Phase 4: Move objects
[559.847s][info][gc,phases      ] GC(489) Phase 4: Move objects 297.125ms
[559.847s][info][gc,heap        ] GC(489) DefNew: 1258302K(1258304K)->654526K(1258304K) Eden: 1118528K(1118528K)->654526K(1118528K) From: 139774K(139776K)->0K(139776K)
[559.847s][info][gc,heap        ] GC(489) Tenured: 2796223K(2796224K)->2796223K(2796224K)
[559.847s][info][gc,metaspace   ] GC(489) Metaspace: 10596K(10880K)->10596K(10880K) NonClass: 9560K(9728K)->9560K(9728K) Class: 1035K(1152K)->1035K(1152K)
[559.847s][info][gc             ] GC(489) Pause Full (Allocation Failure) 3959M->3369M(3959M) 773.901ms
[559.847s][info][gc,cpu         ] GC(489) User=0.77s Sys=0.00s Real=0.77s
[560.201s][info][gc,start       ] GC(490) Pause Full (Allocation Failure)
[560.201s][info][gc,phases,start] GC(490) Phase 1: Mark live objects
[560.385s][info][gc,phases      ] GC(490) Phase 1: Mark live objects 183.954ms
[560.385s][info][gc,phases,start] GC(490) Phase 2: Compute new object addresses
[560.516s][info][gc,phases      ] GC(490) Phase 2: Compute new object addresses 131.360ms
[560.516s][info][gc,phases,start] GC(490) Phase 3: Adjust pointers
[560.672s][info][gc,phases      ] GC(490) Phase 3: Adjust pointers 155.836ms
[560.672s][info][gc,phases,start] GC(490) Phase 4: Move objects
[560.983s][info][gc,phases      ] GC(490) Phase 4: Move objects 310.542ms
[560.983s][info][gc,heap        ] GC(490) DefNew: 1258302K(1258304K)->514719K(1258304K) Eden: 1118528K(1118528K)->514719K(1118528K) From: 139774K(139776K)->0K(139776K)
[560.983s][info][gc,heap        ] GC(490) Tenured: 2796223K(2796224K)->2796223K(2796224K)
[560.983s][info][gc,metaspace   ] GC(490) Metaspace: 10596K(10880K)->10596K(10880K) NonClass: 9560K(9728K)->9560K(9728K) Class: 1035K(1152K)->1035K(1152K)
[560.983s][info][gc             ] GC(490) Pause Full (Allocation Failure) 3959M->3233M(3959M) 782.393ms
[560.983s][info][gc,cpu         ] GC(490) User=0.78s Sys=0.00s Real=0.78s
[561.404s][info][gc,start       ] GC(491) Pause Full (Allocation Failure)
[561.405s][info][gc,phases,start] GC(491) Phase 1: Mark live objects
[561.589s][info][gc,phases      ] GC(491) Phase 1: Mark live objects 184.311ms
[561.589s][info][gc,phases,start] GC(491) Phase 2: Compute new object addresses
[561.739s][info][gc,phases      ] GC(491) Phase 2: Compute new object addresses 150.202ms
[561.739s][info][gc,phases,start] GC(491) Phase 3: Adjust pointers
[561.901s][info][gc,phases      ] GC(491) Phase 3: Adjust pointers 162.102ms
[561.901s][info][gc,phases,start] GC(491) Phase 4: Move objects
[562.169s][info][gc,phases      ] GC(491) Phase 4: Move objects 267.828ms
[562.170s][info][gc,heap        ] GC(491) DefNew: 1258303K(1258304K)->654526K(1258304K) Eden: 1118528K(1118528K)->654526K(1118528K) From: 139775K(139776K)->0K(139776K)
[562.170s][info][gc,heap        ] GC(491) Tenured: 2796223K(2796224K)->2796223K(2796224K)
[562.170s][info][gc,metaspace   ] GC(491) Metaspace: 10596K(10880K)->10596K(10880K) NonClass: 9560K(9728K)->9560K(9728K) Class: 1035K(1152K)->1035K(1152K)
[562.170s][info][gc             ] GC(491) Pause Full (Allocation Failure) 3959M->3369M(3959M) 765.159ms
[562.170s][info][gc,cpu         ] GC(491) User=0.77s Sys=0.00s Real=0.77s
[562.524s][info][gc,start       ] GC(492) Pause Full (Allocation Failure)
[562.524s][info][gc,phases,start] GC(492) Phase 1: Mark live objects
[562.708s][info][gc,phases      ] GC(492) Phase 1: Mark live objects 184.060ms
[562.708s][info][gc,phases,start] GC(492) Phase 2: Compute new object addresses
[562.853s][info][gc,phases      ] GC(492) Phase 2: Compute new object addresses 145.143ms
[562.853s][info][gc,phases,start] GC(492) Phase 3: Adjust pointers
[562.999s][info][gc,phases      ] GC(492) Phase 3: Adjust pointers 146.174ms
[562.999s][info][gc,phases,start] GC(492) Phase 4: Move objects
[563.287s][info][gc,phases      ] GC(492) Phase 4: Move objects 288.037ms
[563.288s][info][gc,heap        ] GC(492) DefNew: 1258300K(1258304K)->654530K(1258304K) Eden: 1118528K(1118528K)->654530K(1118528K) From: 139772K(139776K)->0K(139776K)
[563.288s][info][gc,heap        ] GC(492) Tenured: 2796223K(2796224K)->2796223K(2796224K)
[563.288s][info][gc,metaspace   ] GC(492) Metaspace: 10596K(10880K)->10596K(10880K) NonClass: 9560K(9728K)->9560K(9728K) Class: 1035K(1152K)->1035K(1152K)
[563.288s][info][gc             ] GC(492) Pause Full (Allocation Failure) 3959M->3369M(3959M) 764.130ms
[563.288s][info][gc,cpu         ] GC(492) User=0.76s Sys=0.00s Real=0.77s
[563.643s][info][gc,start       ] GC(493) Pause Full (Allocation Failure)
[563.643s][info][gc,phases,start] GC(493) Phase 1: Mark live objects
[563.827s][info][gc,phases      ] GC(493) Phase 1: Mark live objects 184.309ms
[563.827s][info][gc,phases,start] GC(493) Phase 2: Compute new object addresses
[563.972s][info][gc,phases      ] GC(493) Phase 2: Compute new object addresses 144.714ms
[563.972s][info][gc,phases,start] GC(493) Phase 3: Adjust pointers
[564.119s][info][gc,phases      ] GC(493) Phase 3: Adjust pointers 146.687ms
[564.119s][info][gc,phases,start] GC(493) Phase 4: Move objects
[564.415s][info][gc,phases      ] GC(493) Phase 4: Move objects 296.152ms
[564.415s][info][gc,heap        ] GC(493) DefNew: 1258301K(1258304K)->654522K(1258304K) Eden: 1118528K(1118528K)->654522K(1118528K) From: 139773K(139776K)->0K(139776K)
[564.415s][info][gc,heap        ] GC(493) Tenured: 2796223K(2796224K)->2796223K(2796224K)
[564.415s][info][gc,metaspace   ] GC(493) Metaspace: 10596K(10880K)->10596K(10880K) NonClass: 9560K(9728K)->9560K(9728K) Class: 1035K(1152K)->1035K(1152K)
[564.415s][info][gc             ] GC(493) Pause Full (Allocation Failure) 3959M->3369M(3959M) 772.575ms
[564.415s][info][gc,cpu         ] GC(493) User=0.78s Sys=0.00s Real=0.78s
[564.771s][info][gc,start       ] GC(494) Pause Full (Allocation Failure)
[564.771s][info][gc,phases,start] GC(494) Phase 1: Mark live objects
[564.955s][info][gc,phases      ] GC(494) Phase 1: Mark live objects 183.995ms
[564.955s][info][gc,phases,start] GC(494) Phase 2: Compute new object addresses
[565.099s][info][gc,phases      ] GC(494) Phase 2: Compute new object addresses 143.925ms
[565.099s][info][gc,phases,start] GC(494) Phase 3: Adjust pointers
[565.260s][info][gc,phases      ] GC(494) Phase 3: Adjust pointers 160.538ms
[565.260s][info][gc,phases,start] GC(494) Phase 4: Move objects
[565.572s][info][gc,phases      ] GC(494) Phase 4: Move objects 311.998ms
[565.572s][info][gc,heap        ] GC(494) DefNew: 1258302K(1258304K)->514719K(1258304K) Eden: 1118528K(1118528K)->514719K(1118528K) From: 139774K(139776K)->0K(139776K)
[565.572s][info][gc,heap        ] GC(494) Tenured: 2796223K(2796224K)->2796223K(2796224K)
[565.572s][info][gc,metaspace   ] GC(494) Metaspace: 10596K(10880K)->10596K(10880K) NonClass: 9560K(9728K)->9560K(9728K) Class: 1035K(1152K)->1035K(1152K)
[565.573s][info][gc             ] GC(494) Pause Full (Allocation Failure) 3959M->3233M(3959M) 801.174ms
[565.573s][info][gc,cpu         ] GC(494) User=0.80s Sys=0.00s Real=0.80s
[565.975s][info][gc,start       ] GC(495) Pause Full (Allocation Failure)
[565.976s][info][gc,phases,start] GC(495) Phase 1: Mark live objects
[566.161s][info][gc,phases      ] GC(495) Phase 1: Mark live objects 185.045ms
[566.161s][info][gc,phases,start] GC(495) Phase 2: Compute new object addresses
[566.311s][info][gc,phases      ] GC(495) Phase 2: Compute new object addresses 150.867ms
[566.312s][info][gc,phases,start] GC(495) Phase 3: Adjust pointers
[566.462s][info][gc,phases      ] GC(495) Phase 3: Adjust pointers 150.548ms
[566.462s][info][gc,phases,start] GC(495) Phase 4: Move objects
[566.731s][info][gc,phases      ] GC(495) Phase 4: Move objects 268.831ms
[566.731s][info][gc,heap        ] GC(495) DefNew: 1258304K(1258304K)->654530K(1258304K) Eden: 1118528K(1118528K)->654530K(1118528K) From: 139776K(139776K)->0K(139776K)
[566.731s][info][gc,heap        ] GC(495) Tenured: 2796224K(2796224K)->2796223K(2796224K)
[566.731s][info][gc,metaspace   ] GC(495) Metaspace: 10596K(10880K)->10596K(10880K) NonClass: 9560K(9728K)->9560K(9728K) Class: 1035K(1152K)->1035K(1152K)
[566.731s][info][gc             ] GC(495) Pause Full (Allocation Failure) 3959M->3369M(3959M) 756.052ms
[566.731s][info][gc,cpu         ] GC(495) User=0.75s Sys=0.00s Real=0.75s
[567.083s][info][gc,start       ] GC(496) Pause Full (Allocation Failure)
[567.083s][info][gc,phases,start] GC(496) Phase 1: Mark live objects
[567.269s][info][gc,phases      ] GC(496) Phase 1: Mark live objects 185.270ms
[567.269s][info][gc,phases,start] GC(496) Phase 2: Compute new object addresses
[567.413s][info][gc,phases      ] GC(496) Phase 2: Compute new object addresses 144.827ms
[567.413s][info][gc,phases,start] GC(496) Phase 3: Adjust pointers
[567.559s][info][gc,phases      ] GC(496) Phase 3: Adjust pointers 145.429ms
[567.559s][info][gc,phases,start] GC(496) Phase 4: Move objects
[567.849s][info][gc,phases      ] GC(496) Phase 4: Move objects 289.893ms
[567.849s][info][gc,heap        ] GC(496) DefNew: 1258300K(1258304K)->654522K(1258304K) Eden: 1118528K(1118528K)->654522K(1118528K) From: 139772K(139776K)->0K(139776K)
[567.849s][info][gc,heap        ] GC(496) Tenured: 2796223K(2796224K)->2796223K(2796224K)
[567.849s][info][gc,metaspace   ] GC(496) Metaspace: 10596K(10880K)->10596K(10880K) NonClass: 9560K(9728K)->9560K(9728K) Class: 1035K(1152K)->1035K(1152K)
[567.849s][info][gc             ] GC(496) Pause Full (Allocation Failure) 3959M->3369M(3959M) 766.117ms
[567.849s][info][gc,cpu         ] GC(496) User=0.77s Sys=0.00s Real=0.77s
[568.201s][info][gc,start       ] GC(497) Pause Full (Allocation Failure)
[568.201s][info][gc,phases,start] GC(497) Phase 1: Mark live objects
[568.387s][info][gc,phases      ] GC(497) Phase 1: Mark live objects 185.941ms
[568.387s][info][gc,phases,start] GC(497) Phase 2: Compute new object addresses
[568.525s][info][gc,phases      ] GC(497) Phase 2: Compute new object addresses 138.232ms
[568.525s][info][gc,phases,start] GC(497) Phase 3: Adjust pointers
[568.671s][info][gc,phases      ] GC(497) Phase 3: Adjust pointers 145.421ms
[568.671s][info][gc,phases,start] GC(497) Phase 4: Move objects
[568.967s][info][gc,phases      ] GC(497) Phase 4: Move objects 296.221ms
[568.968s][info][gc,heap        ] GC(497) DefNew: 1258301K(1258304K)->654530K(1258304K) Eden: 1118528K(1118528K)->654530K(1118528K) From: 139773K(139776K)->0K(139776K)
[568.968s][info][gc,heap        ] GC(497) Tenured: 2796223K(2796224K)->2796223K(2796224K)
[568.968s][info][gc,metaspace   ] GC(497) Metaspace: 10596K(10880K)->10596K(10880K) NonClass: 9560K(9728K)->9560K(9728K) Class: 1035K(1152K)->1035K(1152K)
[568.968s][info][gc             ] GC(497) Pause Full (Allocation Failure) 3959M->3369M(3959M) 766.511ms
[568.968s][info][gc,cpu         ] GC(497) User=0.77s Sys=0.00s Real=0.77s
[569.329s][info][gc,start       ] GC(498) Pause Full (Allocation Failure)
[569.329s][info][gc,phases,start] GC(498) Phase 1: Mark live objects
[569.513s][info][gc,phases      ] GC(498) Phase 1: Mark live objects 184.046ms
[569.513s][info][gc,phases,start] GC(498) Phase 2: Compute new object addresses
[569.652s][info][gc,phases      ] GC(498) Phase 2: Compute new object addresses 139.409ms
[569.652s][info][gc,phases,start] GC(498) Phase 3: Adjust pointers
[569.810s][info][gc,phases      ] GC(498) Phase 3: Adjust pointers 157.684ms
[569.810s][info][gc,phases,start] GC(498) Phase 4: Move objects
[570.121s][info][gc,phases      ] GC(498) Phase 4: Move objects 310.547ms
[570.121s][info][gc,heap        ] GC(498) DefNew: 1258301K(1258304K)->514719K(1258304K) Eden: 1118528K(1118528K)->514719K(1118528K) From: 139773K(139776K)->0K(139776K)
[570.121s][info][gc,heap        ] GC(498) Tenured: 2796223K(2796224K)->2796223K(2796224K)
[570.121s][info][gc,metaspace   ] GC(498) Metaspace: 10596K(10880K)->10596K(10880K) NonClass: 9560K(9728K)->9560K(9728K) Class: 1035K(1152K)->1035K(1152K)
[570.121s][info][gc             ] GC(498) Pause Full (Allocation Failure) 3959M->3233M(3959M) 792.416ms
[570.121s][info][gc,cpu         ] GC(498) User=0.79s Sys=0.00s Real=0.79s
[570.525s][info][gc,start       ] GC(499) Pause Full (Allocation Failure)
[570.525s][info][gc,phases,start] GC(499) Phase 1: Mark live objects
[570.709s][info][gc,phases      ] GC(499) Phase 1: Mark live objects 183.705ms
[570.709s][info][gc,phases,start] GC(499) Phase 2: Compute new object addresses
[570.860s][info][gc,phases      ] GC(499) Phase 2: Compute new object addresses 150.564ms
[570.860s][info][gc,phases,start] GC(499) Phase 3: Adjust pointers
[571.013s][info][gc,phases      ] GC(499) Phase 3: Adjust pointers 153.235ms
[571.013s][info][gc,phases,start] GC(499) Phase 4: Move objects
[571.280s][info][gc,phases      ] GC(499) Phase 4: Move objects 267.493ms
[571.281s][info][gc,heap        ] GC(499) DefNew: 1258302K(1258304K)->654530K(1258304K) Eden: 1118528K(1118528K)->654530K(1118528K) From: 139774K(139776K)->0K(139776K)
[571.281s][info][gc,heap        ] GC(499) Tenured: 2796223K(2796224K)->2796223K(2796224K)
[571.281s][info][gc,metaspace   ] GC(499) Metaspace: 10596K(10880K)->10596K(10880K) NonClass: 9560K(9728K)->9560K(9728K) Class: 1035K(1152K)->1035K(1152K)
[571.281s][info][gc             ] GC(499) Pause Full (Allocation Failure) 3959M->3369M(3959M) 755.729ms
[571.281s][info][gc,cpu         ] GC(499) User=0.76s Sys=0.00s Real=0.75s
[571.634s][info][gc,start       ] GC(500) Pause Full (Allocation Failure)
[571.634s][info][gc,phases,start] GC(500) Phase 1: Mark live objects
[571.819s][info][gc,phases      ] GC(500) Phase 1: Mark live objects 184.124ms
[571.819s][info][gc,phases,start] GC(500) Phase 2: Compute new object addresses
[571.957s][info][gc,phases      ] GC(500) Phase 2: Compute new object addresses 138.006ms
[571.957s][info][gc,phases,start] GC(500) Phase 3: Adjust pointers
[572.107s][info][gc,phases      ] GC(500) Phase 3: Adjust pointers 149.841ms
[572.107s][info][gc,phases,start] GC(500) Phase 4: Move objects
[572.394s][info][gc,phases      ] GC(500) Phase 4: Move objects 287.661ms
[572.395s][info][gc,heap        ] GC(500) DefNew: 1258301K(1258304K)->654530K(1258304K) Eden: 1118528K(1118528K)->654530K(1118528K) From: 139773K(139776K)->0K(139776K)
[572.395s][info][gc,heap        ] GC(500) Tenured: 2796223K(2796224K)->2796223K(2796224K)
[572.395s][info][gc,metaspace   ] GC(500) Metaspace: 10596K(10880K)->10596K(10880K) NonClass: 9560K(9728K)->9560K(9728K) Class: 1035K(1152K)->1035K(1152K)
[572.395s][info][gc             ] GC(500) Pause Full (Allocation Failure) 3959M->3369M(3959M) 760.340ms
[572.395s][info][gc,cpu         ] GC(500) User=0.76s Sys=0.00s Real=0.76s
[572.750s][info][gc,start       ] GC(501) Pause Full (Allocation Failure)
[572.750s][info][gc,phases,start] GC(501) Phase 1: Mark live objects
[572.934s][info][gc,phases      ] GC(501) Phase 1: Mark live objects 183.503ms
[572.934s][info][gc,phases,start] GC(501) Phase 2: Compute new object addresses
[573.072s][info][gc,phases      ] GC(501) Phase 2: Compute new object addresses 138.620ms
[573.072s][info][gc,phases,start] GC(501) Phase 3: Adjust pointers
[573.221s][info][gc,phases      ] GC(501) Phase 3: Adjust pointers 148.284ms
[573.221s][info][gc,phases,start] GC(501) Phase 4: Move objects
[573.515s][info][gc,phases      ] GC(501) Phase 4: Move objects 294.440ms
[573.516s][info][gc,heap        ] GC(501) DefNew: 1258300K(1258304K)->654530K(1258304K) Eden: 1118528K(1118528K)->654530K(1118528K) From: 139772K(139776K)->0K(139776K)
[573.516s][info][gc,heap        ] GC(501) Tenured: 2796223K(2796224K)->2796223K(2796224K)
[573.516s][info][gc,metaspace   ] GC(501) Metaspace: 10596K(10880K)->10596K(10880K) NonClass: 9560K(9728K)->9560K(9728K) Class: 1035K(1152K)->1035K(1152K)
[573.516s][info][gc             ] GC(501) Pause Full (Allocation Failure) 3959M->3369M(3959M) 765.522ms
[573.516s][info][gc,cpu         ] GC(501) User=0.77s Sys=0.00s Real=0.77s
[573.865s][info][gc,start       ] GC(502) Pause Full (Allocation Failure)
[573.865s][info][gc,phases,start] GC(502) Phase 1: Mark live objects
[574.049s][info][gc,phases      ] GC(502) Phase 1: Mark live objects 183.704ms
[574.049s][info][gc,phases,start] GC(502) Phase 2: Compute new object addresses
[574.193s][info][gc,phases      ] GC(502) Phase 2: Compute new object addresses 144.016ms
[574.193s][info][gc,phases,start] GC(502) Phase 3: Adjust pointers
[574.349s][info][gc,phases      ] GC(502) Phase 3: Adjust pointers 156.482ms
[574.349s][info][gc,phases,start] GC(502) Phase 4: Move objects
[574.659s][info][gc,phases      ] GC(502) Phase 4: Move objects 309.489ms
[574.659s][info][gc,heap        ] GC(502) DefNew: 1258303K(1258304K)->514719K(1258304K) Eden: 1118528K(1118528K)->514719K(1118528K) From: 139775K(139776K)->0K(139776K)
[574.659s][info][gc,heap        ] GC(502) Tenured: 2796223K(2796224K)->2796224K(2796224K)
[574.659s][info][gc,metaspace   ] GC(502) Metaspace: 10596K(10880K)->10596K(10880K) NonClass: 9560K(9728K)->9560K(9728K) Class: 1035K(1152K)->1035K(1152K)
[574.659s][info][gc             ] GC(502) Pause Full (Allocation Failure) 3959M->3233M(3959M) 794.393ms
[574.659s][info][gc,cpu         ] GC(502) User=0.80s Sys=0.00s Real=0.79s
[575.058s][info][gc,start       ] GC(503) Pause Full (Allocation Failure)
[575.058s][info][gc,phases,start] GC(503) Phase 1: Mark live objects
[575.242s][info][gc,phases      ] GC(503) Phase 1: Mark live objects 183.938ms
[575.242s][info][gc,phases,start] GC(503) Phase 2: Compute new object addresses
[575.393s][info][gc,phases      ] GC(503) Phase 2: Compute new object addresses 150.667ms
[575.393s][info][gc,phases,start] GC(503) Phase 3: Adjust pointers
[575.556s][info][gc,phases      ] GC(503) Phase 3: Adjust pointers 162.969ms
[575.556s][info][gc,phases,start] GC(503) Phase 4: Move objects
[575.825s][info][gc,phases      ] GC(503) Phase 4: Move objects 268.847ms
[575.825s][info][gc,heap        ] GC(503) DefNew: 1258301K(1258304K)->654526K(1258304K) Eden: 1118528K(1118528K)->654526K(1118528K) From: 139773K(139776K)->0K(139776K)
[575.825s][info][gc,heap        ] GC(503) Tenured: 2796224K(2796224K)->2796223K(2796224K)
[575.825s][info][gc,metaspace   ] GC(503) Metaspace: 10596K(10880K)->10596K(10880K) NonClass: 9560K(9728K)->9560K(9728K) Class: 1035K(1152K)->1035K(1152K)
[575.825s][info][gc             ] GC(503) Pause Full (Allocation Failure) 3959M->3369M(3959M) 767.151ms
[575.825s][info][gc,cpu         ] GC(503) User=0.77s Sys=0.00s Real=0.77s
[576.179s][info][gc,start       ] GC(504) Pause Full (Allocation Failure)
[576.179s][info][gc,phases,start] GC(504) Phase 1: Mark live objects
[576.363s][info][gc,phases      ] GC(504) Phase 1: Mark live objects 183.931ms
[576.363s][info][gc,phases,start] GC(504) Phase 2: Compute new object addresses
[576.507s][info][gc,phases      ] GC(504) Phase 2: Compute new object addresses 144.454ms
[576.507s][info][gc,phases,start] GC(504) Phase 3: Adjust pointers
[576.666s][info][gc,phases      ] GC(504) Phase 3: Adjust pointers 158.368ms
[576.666s][info][gc,phases,start] GC(504) Phase 4: Move objects
[576.953s][info][gc,phases      ] GC(504) Phase 4: Move objects 287.262ms
[576.953s][info][gc,heap        ] GC(504) DefNew: 1258300K(1258304K)->654522K(1258304K) Eden: 1118528K(1118528K)->654522K(1118528K) From: 139772K(139776K)->0K(139776K)
[576.953s][info][gc,heap        ] GC(504) Tenured: 2796223K(2796224K)->2796223K(2796224K)
[576.953s][info][gc,metaspace   ] GC(504) Metaspace: 10596K(10880K)->10596K(10880K) NonClass: 9560K(9728K)->9560K(9728K) Class: 1035K(1152K)->1035K(1152K)
[576.953s][info][gc             ] GC(504) Pause Full (Allocation Failure) 3959M->3369M(3959M) 774.755ms
[576.953s][info][gc,cpu         ] GC(504) User=0.77s Sys=0.00s Real=0.78s
[577.309s][info][gc,start       ] GC(505) Pause Full (Allocation Failure)
[577.310s][info][gc,phases,start] GC(505) Phase 1: Mark live objects
[577.493s][info][gc,phases      ] GC(505) Phase 1: Mark live objects 183.569ms
[577.493s][info][gc,phases,start] GC(505) Phase 2: Compute new object addresses
[577.638s][info][gc,phases      ] GC(505) Phase 2: Compute new object addresses 144.722ms
[577.638s][info][gc,phases,start] GC(505) Phase 3: Adjust pointers
[577.784s][info][gc,phases      ] GC(505) Phase 3: Adjust pointers 145.870ms
[577.784s][info][gc,phases,start] GC(505) Phase 4: Move objects
[578.079s][info][gc,phases      ] GC(505) Phase 4: Move objects 295.532ms
[578.080s][info][gc,heap        ] GC(505) DefNew: 1258302K(1258304K)->654530K(1258304K) Eden: 1118528K(1118528K)->654530K(1118528K) From: 139774K(139776K)->0K(139776K)
[578.080s][info][gc,heap        ] GC(505) Tenured: 2796223K(2796224K)->2796223K(2796224K)
[578.080s][info][gc,metaspace   ] GC(505) Metaspace: 10596K(10880K)->10596K(10880K) NonClass: 9560K(9728K)->9560K(9728K) Class: 1035K(1152K)->1035K(1152K)
[578.080s][info][gc             ] GC(505) Pause Full (Allocation Failure) 3959M->3369M(3959M) 770.408ms
[578.080s][info][gc,cpu         ] GC(505) User=0.77s Sys=0.00s Real=0.77s
[578.430s][info][gc,start       ] GC(506) Pause Full (Allocation Failure)
[578.430s][info][gc,phases,start] GC(506) Phase 1: Mark live objects
[578.614s][info][gc,phases      ] GC(506) Phase 1: Mark live objects 183.930ms
[578.614s][info][gc,phases,start] GC(506) Phase 2: Compute new object addresses
[578.759s][info][gc,phases      ] GC(506) Phase 2: Compute new object addresses 144.633ms
[578.759s][info][gc,phases,start] GC(506) Phase 3: Adjust pointers
[578.918s][info][gc,phases      ] GC(506) Phase 3: Adjust pointers 158.581ms
[578.918s][info][gc,phases,start] GC(506) Phase 4: Move objects
[579.227s][info][gc,phases      ] GC(506) Phase 4: Move objects 309.700ms
[579.228s][info][gc,heap        ] GC(506) DefNew: 1258300K(1258304K)->514719K(1258304K) Eden: 1118528K(1118528K)->514719K(1118528K) From: 139772K(139776K)->0K(139776K)
[579.228s][info][gc,heap        ] GC(506) Tenured: 2796223K(2796224K)->2796223K(2796224K)
[579.228s][info][gc,metaspace   ] GC(506) Metaspace: 10596K(10880K)->10596K(10880K) NonClass: 9560K(9728K)->9560K(9728K) Class: 1035K(1152K)->1035K(1152K)
[579.228s][info][gc             ] GC(506) Pause Full (Allocation Failure) 3959M->3233M(3959M) 797.545ms
[579.228s][info][gc,cpu         ] GC(506) User=0.80s Sys=0.00s Real=0.80s
[579.635s][info][gc,start       ] GC(507) Pause Full (Allocation Failure)
[579.635s][info][gc,phases,start] GC(507) Phase 1: Mark live objects
[579.820s][info][gc,phases      ] GC(507) Phase 1: Mark live objects 184.685ms
[579.820s][info][gc,phases,start] GC(507) Phase 2: Compute new object addresses
[579.967s][info][gc,phases      ] GC(507) Phase 2: Compute new object addresses 147.319ms
[579.967s][info][gc,phases,start] GC(507) Phase 3: Adjust pointers
[580.135s][info][gc,phases      ] GC(507) Phase 3: Adjust pointers 168.270ms
[580.136s][info][gc,phases,start] GC(507) Phase 4: Move objects
[580.403s][info][gc,phases      ] GC(507) Phase 4: Move objects 267.830ms
[580.404s][info][gc,heap        ] GC(507) DefNew: 1258303K(1258304K)->654530K(1258304K) Eden: 1118528K(1118528K)->654530K(1118528K) From: 139775K(139776K)->0K(139776K)
[580.404s][info][gc,heap        ] GC(507) Tenured: 2796223K(2796224K)->2796223K(2796224K)
[580.404s][info][gc,metaspace   ] GC(507) Metaspace: 10596K(10880K)->10596K(10880K) NonClass: 9560K(9728K)->9560K(9728K) Class: 1035K(1152K)->1035K(1152K)
[580.404s][info][gc             ] GC(507) Pause Full (Allocation Failure) 3959M->3369M(3959M) 768.839ms
[580.404s][info][gc,cpu         ] GC(507) User=0.77s Sys=0.00s Real=0.76s
[580.755s][info][gc,start       ] GC(508) Pause Full (Allocation Failure)
[580.755s][info][gc,phases,start] GC(508) Phase 1: Mark live objects
[580.939s][info][gc,phases      ] GC(508) Phase 1: Mark live objects 183.743ms
[580.939s][info][gc,phases,start] GC(508) Phase 2: Compute new object addresses
[581.083s][info][gc,phases      ] GC(508) Phase 2: Compute new object addresses 144.424ms
[581.083s][info][gc,phases,start] GC(508) Phase 3: Adjust pointers
[581.245s][info][gc,phases      ] GC(508) Phase 3: Adjust pointers 161.583ms
[581.245s][info][gc,phases,start] GC(508) Phase 4: Move objects
[581.534s][info][gc,phases      ] GC(508) Phase 4: Move objects 288.738ms
[581.534s][info][gc,heap        ] GC(508) DefNew: 1258302K(1258304K)->654522K(1258304K) Eden: 1118528K(1118528K)->654522K(1118528K) From: 139774K(139776K)->0K(139776K)
[581.534s][info][gc,heap        ] GC(508) Tenured: 2796223K(2796224K)->2796223K(2796224K)
[581.534s][info][gc,metaspace   ] GC(508) Metaspace: 10596K(10880K)->10596K(10880K) NonClass: 9560K(9728K)->9560K(9728K) Class: 1035K(1152K)->1035K(1152K)
[581.534s][info][gc             ] GC(508) Pause Full (Allocation Failure) 3959M->3369M(3959M) 779.200ms
[581.534s][info][gc,cpu         ] GC(508) User=0.78s Sys=0.00s Real=0.78s
[581.887s][info][gc,start       ] GC(509) Pause Full (Allocation Failure)
[581.887s][info][gc,phases,start] GC(509) Phase 1: Mark live objects
[582.072s][info][gc,phases      ] GC(509) Phase 1: Mark live objects 185.088ms
[582.072s][info][gc,phases,start] GC(509) Phase 2: Compute new object addresses
[582.198s][info][gc,phases      ] GC(509) Phase 2: Compute new object addresses 126.079ms
[582.198s][info][gc,phases,start] GC(509) Phase 3: Adjust pointers
[582.348s][info][gc,phases      ] GC(509) Phase 3: Adjust pointers 149.949ms
[582.348s][info][gc,phases,start] GC(509) Phase 4: Move objects
[582.644s][info][gc,phases      ] GC(509) Phase 4: Move objects 295.584ms
[582.644s][info][gc,heap        ] GC(509) DefNew: 1258303K(1258304K)->654526K(1258304K) Eden: 1118528K(1118528K)->654526K(1118528K) From: 139775K(139776K)->0K(139776K)
[582.644s][info][gc,heap        ] GC(509) Tenured: 2796223K(2796224K)->2796223K(2796224K)
[582.644s][info][gc,metaspace   ] GC(509) Metaspace: 10596K(10880K)->10596K(10880K) NonClass: 9560K(9728K)->9560K(9728K) Class: 1035K(1152K)->1035K(1152K)
[582.644s][info][gc             ] GC(509) Pause Full (Allocation Failure) 3959M->3369M(3959M) 757.409ms
[582.644s][info][gc,cpu         ] GC(509) User=0.76s Sys=0.00s Real=0.75s
[582.994s][info][gc,start       ] GC(510) Pause Full (Allocation Failure)
[582.995s][info][gc,phases,start] GC(510) Phase 1: Mark live objects
[583.179s][info][gc,phases      ] GC(510) Phase 1: Mark live objects 184.209ms
[583.179s][info][gc,phases,start] GC(510) Phase 2: Compute new object addresses
[583.318s][info][gc,phases      ] GC(510) Phase 2: Compute new object addresses 139.421ms
[583.318s][info][gc,phases,start] GC(510) Phase 3: Adjust pointers
[583.474s][info][gc,phases      ] GC(510) Phase 3: Adjust pointers 155.742ms
[583.474s][info][gc,phases,start] GC(510) Phase 4: Move objects
[583.786s][info][gc,phases      ] GC(510) Phase 4: Move objects 312.044ms
[583.787s][info][gc,heap        ] GC(510) DefNew: 1258303K(1258304K)->514719K(1258304K) Eden: 1118528K(1118528K)->514719K(1118528K) From: 139775K(139776K)->0K(139776K)
[583.787s][info][gc,heap        ] GC(510) Tenured: 2796223K(2796224K)->2796223K(2796224K)
[583.787s][info][gc,metaspace   ] GC(510) Metaspace: 10596K(10880K)->10596K(10880K) NonClass: 9560K(9728K)->9560K(9728K) Class: 1035K(1152K)->1035K(1152K)
[583.787s][info][gc             ] GC(510) Pause Full (Allocation Failure) 3959M->3233M(3959M) 792.115ms
[583.787s][info][gc,cpu         ] GC(510) User=0.79s Sys=0.00s Real=0.79s
[584.191s][info][gc,start       ] GC(511) Pause Full (Allocation Failure)
[584.191s][info][gc,phases,start] GC(511) Phase 1: Mark live objects
[584.374s][info][gc,phases      ] GC(511) Phase 1: Mark live objects 183.170ms
[584.374s][info][gc,phases,start] GC(511) Phase 2: Compute new object addresses
[584.512s][info][gc,phases      ] GC(511) Phase 2: Compute new object addresses 137.497ms
[584.512s][info][gc,phases,start] GC(511) Phase 3: Adjust pointers
[584.661s][info][gc,phases      ] GC(511) Phase 3: Adjust pointers 149.698ms
[584.661s][info][gc,phases,start] GC(511) Phase 4: Move objects
[584.930s][info][gc,phases      ] GC(511) Phase 4: Move objects 268.683ms
[584.930s][info][gc,heap        ] GC(511) DefNew: 1258303K(1258304K)->654522K(1258304K) Eden: 1118528K(1118528K)->654522K(1118528K) From: 139775K(139776K)->0K(139776K)
[584.930s][info][gc,heap        ] GC(511) Tenured: 2796223K(2796224K)->2796223K(2796224K)
[584.930s][info][gc,metaspace   ] GC(511) Metaspace: 10596K(10880K)->10596K(10880K) NonClass: 9560K(9728K)->9560K(9728K) Class: 1035K(1152K)->1035K(1152K)
[584.930s][info][gc             ] GC(511) Pause Full (Allocation Failure) 3959M->3369M(3959M) 739.765ms
[584.930s][info][gc,cpu         ] GC(511) User=0.74s Sys=0.00s Real=0.74s
[585.283s][info][gc,start       ] GC(512) Pause Full (Allocation Failure)
[585.283s][info][gc,phases,start] GC(512) Phase 1: Mark live objects
[585.467s][info][gc,phases      ] GC(512) Phase 1: Mark live objects 184.080ms
[585.467s][info][gc,phases,start] GC(512) Phase 2: Compute new object addresses
[585.612s][info][gc,phases      ] GC(512) Phase 2: Compute new object addresses 144.534ms
[585.612s][info][gc,phases,start] GC(512) Phase 3: Adjust pointers
[585.757s][info][gc,phases      ] GC(512) Phase 3: Adjust pointers 145.552ms
[585.757s][info][gc,phases,start] GC(512) Phase 4: Move objects
[586.047s][info][gc,phases      ] GC(512) Phase 4: Move objects 289.687ms
[586.047s][info][gc,heap        ] GC(512) DefNew: 1258303K(1258304K)->654522K(1258304K) Eden: 1118528K(1118528K)->654522K(1118528K) From: 139775K(139776K)->0K(139776K)
[586.047s][info][gc,heap        ] GC(512) Tenured: 2796224K(2796224K)->2796223K(2796224K)
[586.047s][info][gc,metaspace   ] GC(512) Metaspace: 10596K(10880K)->10596K(10880K) NonClass: 9560K(9728K)->9560K(9728K) Class: 1035K(1152K)->1035K(1152K)
[586.047s][info][gc             ] GC(512) Pause Full (Allocation Failure) 3959M->3369M(3959M) 764.564ms
[586.047s][info][gc,cpu         ] GC(512) User=0.76s Sys=0.00s Real=0.77s
[586.399s][info][gc,start       ] GC(513) Pause Full (Allocation Failure)
[586.399s][info][gc,phases,start] GC(513) Phase 1: Mark live objects
[586.583s][info][gc,phases      ] GC(513) Phase 1: Mark live objects 183.703ms
[586.583s][info][gc,phases,start] GC(513) Phase 2: Compute new object addresses
[586.725s][info][gc,phases      ] GC(513) Phase 2: Compute new object addresses 142.265ms
[586.725s][info][gc,phases,start] GC(513) Phase 3: Adjust pointers
[586.880s][info][gc,phases      ] GC(513) Phase 3: Adjust pointers 155.037ms
[586.880s][info][gc,phases,start] GC(513) Phase 4: Move objects
[587.175s][info][gc,phases      ] GC(513) Phase 4: Move objects 294.698ms
[587.175s][info][gc,heap        ] GC(513) DefNew: 1258300K(1258304K)->654530K(1258304K) Eden: 1118528K(1118528K)->654530K(1118528K) From: 139772K(139776K)->0K(139776K)
[587.175s][info][gc,heap        ] GC(513) Tenured: 2796223K(2796224K)->2796224K(2796224K)
[587.175s][info][gc,metaspace   ] GC(513) Metaspace: 10596K(10880K)->10596K(10880K) NonClass: 9560K(9728K)->9560K(9728K) Class: 1035K(1152K)->1035K(1152K)
[587.176s][info][gc             ] GC(513) Pause Full (Allocation Failure) 3959M->3369M(3959M) 776.427ms
[587.176s][info][gc,cpu         ] GC(513) User=0.78s Sys=0.00s Real=0.78s
[587.528s][info][gc,start       ] GC(514) Pause Full (Allocation Failure)
[587.528s][info][gc,phases,start] GC(514) Phase 1: Mark live objects
[587.713s][info][gc,phases      ] GC(514) Phase 1: Mark live objects 184.864ms
[587.713s][info][gc,phases,start] GC(514) Phase 2: Compute new object addresses
[587.857s][info][gc,phases      ] GC(514) Phase 2: Compute new object addresses 144.013ms
[587.857s][info][gc,phases,start] GC(514) Phase 3: Adjust pointers
[588.016s][info][gc,phases      ] GC(514) Phase 3: Adjust pointers 159.401ms
[588.016s][info][gc,phases,start] GC(514) Phase 4: Move objects
[588.326s][info][gc,phases      ] GC(514) Phase 4: Move objects 309.804ms
[588.327s][info][gc,heap        ] GC(514) DefNew: 1258300K(1258304K)->514719K(1258304K) Eden: 1118528K(1118528K)->514719K(1118528K) From: 139772K(139776K)->0K(139776K)
[588.327s][info][gc,heap        ] GC(514) Tenured: 2796224K(2796224K)->2796223K(2796224K)
[588.327s][info][gc,metaspace   ] GC(514) Metaspace: 10596K(10880K)->10596K(10880K) NonClass: 9560K(9728K)->9560K(9728K) Class: 1035K(1152K)->1035K(1152K)
[588.327s][info][gc             ] GC(514) Pause Full (Allocation Failure) 3959M->3233M(3959M) 798.788ms
[588.327s][info][gc,cpu         ] GC(514) User=0.80s Sys=0.00s Real=0.80s
[588.736s][info][gc,start       ] GC(515) Pause Full (Allocation Failure)
[588.736s][info][gc,phases,start] GC(515) Phase 1: Mark live objects
[588.921s][info][gc,phases      ] GC(515) Phase 1: Mark live objects 184.550ms
[588.921s][info][gc,phases,start] GC(515) Phase 2: Compute new object addresses
[589.067s][info][gc,phases      ] GC(515) Phase 2: Compute new object addresses 145.890ms
[589.067s][info][gc,phases,start] GC(515) Phase 3: Adjust pointers
[589.221s][info][gc,phases      ] GC(515) Phase 3: Adjust pointers 154.280ms
[589.221s][info][gc,phases,start] GC(515) Phase 4: Move objects
[589.489s][info][gc,phases      ] GC(515) Phase 4: Move objects 267.302ms
[589.489s][info][gc,heap        ] GC(515) DefNew: 1258303K(1258304K)->654530K(1258304K) Eden: 1118528K(1118528K)->654530K(1118528K) From: 139775K(139776K)->0K(139776K)
[589.489s][info][gc,heap        ] GC(515) Tenured: 2796223K(2796224K)->2796223K(2796224K)
[589.489s][info][gc,metaspace   ] GC(515) Metaspace: 10596K(10880K)->10596K(10880K) NonClass: 9560K(9728K)->9560K(9728K) Class: 1035K(1152K)->1035K(1152K)
[589.489s][info][gc             ] GC(515) Pause Full (Allocation Failure) 3959M->3369M(3959M) 752.710ms
[589.489s][info][gc,cpu         ] GC(515) User=0.75s Sys=0.00s Real=0.75s
[589.846s][info][gc,start       ] GC(516) Pause Full (Allocation Failure)
[589.846s][info][gc,phases,start] GC(516) Phase 1: Mark live objects
[590.031s][info][gc,phases      ] GC(516) Phase 1: Mark live objects 184.940ms
[590.031s][info][gc,phases,start] GC(516) Phase 2: Compute new object addresses
[590.172s][info][gc,phases      ] GC(516) Phase 2: Compute new object addresses 140.540ms
[590.172s][info][gc,phases,start] GC(516) Phase 3: Adjust pointers
[590.321s][info][gc,phases      ] GC(516) Phase 3: Adjust pointers 149.780ms
[590.321s][info][gc,phases,start] GC(516) Phase 4: Move objects
[590.608s][info][gc,phases      ] GC(516) Phase 4: Move objects 286.222ms
[590.608s][info][gc,heap        ] GC(516) DefNew: 1258302K(1258304K)->654530K(1258304K) Eden: 1118528K(1118528K)->654530K(1118528K) From: 139774K(139776K)->0K(139776K)
[590.608s][info][gc,heap        ] GC(516) Tenured: 2796223K(2796224K)->2796223K(2796224K)
[590.608s][info][gc,metaspace   ] GC(516) Metaspace: 10596K(10880K)->10596K(10880K) NonClass: 9560K(9728K)->9560K(9728K) Class: 1035K(1152K)->1035K(1152K)
[590.608s][info][gc             ] GC(516) Pause Full (Allocation Failure) 3959M->3369M(3959M) 762.187ms
[590.608s][info][gc,cpu         ] GC(516) User=0.76s Sys=0.00s Real=0.76s
[590.959s][info][gc,start       ] GC(517) Pause Full (Allocation Failure)
[590.959s][info][gc,phases,start] GC(517) Phase 1: Mark live objects
[591.143s][info][gc,phases      ] GC(517) Phase 1: Mark live objects 184.731ms
[591.143s][info][gc,phases,start] GC(517) Phase 2: Compute new object addresses
[591.288s][info][gc,phases      ] GC(517) Phase 2: Compute new object addresses 144.727ms
[591.288s][info][gc,phases,start] GC(517) Phase 3: Adjust pointers
[591.446s][info][gc,phases      ] GC(517) Phase 3: Adjust pointers 157.902ms
[591.446s][info][gc,phases,start] GC(517) Phase 4: Move objects
[591.741s][info][gc,phases      ] GC(517) Phase 4: Move objects 294.799ms
[591.741s][info][gc,heap        ] GC(517) DefNew: 1258300K(1258304K)->654526K(1258304K) Eden: 1118528K(1118528K)->654526K(1118528K) From: 139772K(139776K)->0K(139776K)
[591.741s][info][gc,heap        ] GC(517) Tenured: 2796223K(2796224K)->2796223K(2796224K)
[591.741s][info][gc,metaspace   ] GC(517) Metaspace: 10596K(10880K)->10596K(10880K) NonClass: 9560K(9728K)->9560K(9728K) Class: 1035K(1152K)->1035K(1152K)
[591.741s][info][gc             ] GC(517) Pause Full (Allocation Failure) 3959M->3369M(3959M) 782.860ms
[591.741s][info][gc,cpu         ] GC(517) User=0.79s Sys=0.00s Real=0.78s
[592.093s][info][gc,start       ] GC(518) Pause Full (Allocation Failure)
[592.093s][info][gc,phases,start] GC(518) Phase 1: Mark live objects
[592.277s][info][gc,phases      ] GC(518) Phase 1: Mark live objects 184.158ms
[592.278s][info][gc,phases,start] GC(518) Phase 2: Compute new object addresses
[592.415s][info][gc,phases      ] GC(518) Phase 2: Compute new object addresses 137.850ms
[592.415s][info][gc,phases,start] GC(518) Phase 3: Adjust pointers
[592.564s][info][gc,phases      ] GC(518) Phase 3: Adjust pointers 148.565ms
[592.564s][info][gc,phases,start] GC(518) Phase 4: Move objects
[592.876s][info][gc,phases      ] GC(518) Phase 4: Move objects 311.509ms
[592.876s][info][gc,heap        ] GC(518) DefNew: 1258303K(1258304K)->514719K(1258304K) Eden: 1118528K(1118528K)->514719K(1118528K) From: 139775K(139776K)->0K(139776K)
[592.876s][info][gc,heap        ] GC(518) Tenured: 2796223K(2796224K)->2796223K(2796224K)
[592.876s][info][gc,metaspace   ] GC(518) Metaspace: 10596K(10880K)->10596K(10880K) NonClass: 9560K(9728K)->9560K(9728K) Class: 1035K(1152K)->1035K(1152K)
[592.876s][info][gc             ] GC(518) Pause Full (Allocation Failure) 3959M->3233M(3959M) 782.813ms
[592.876s][info][gc,cpu         ] GC(518) User=0.78s Sys=0.00s Real=0.78s
[593.280s][info][gc,start       ] GC(519) Pause Full (Allocation Failure)
[593.281s][info][gc,phases,start] GC(519) Phase 1: Mark live objects
[593.464s][info][gc,phases      ] GC(519) Phase 1: Mark live objects 183.593ms
[593.464s][info][gc,phases,start] GC(519) Phase 2: Compute new object addresses
[593.615s][info][gc,phases      ] GC(519) Phase 2: Compute new object addresses 150.386ms
[593.615s][info][gc,phases,start] GC(519) Phase 3: Adjust pointers
[593.780s][info][gc,phases      ] GC(519) Phase 3: Adjust pointers 165.407ms
[593.780s][info][gc,phases,start] GC(519) Phase 4: Move objects
[594.048s][info][gc,phases      ] GC(519) Phase 4: Move objects 268.064ms
[594.049s][info][gc,heap        ] GC(519) DefNew: 1258304K(1258304K)->654526K(1258304K) Eden: 1118528K(1118528K)->654526K(1118528K) From: 139776K(139776K)->0K(139776K)
[594.049s][info][gc,heap        ] GC(519) Tenured: 2796223K(2796224K)->2796223K(2796224K)
[594.049s][info][gc,metaspace   ] GC(519) Metaspace: 10596K(10880K)->10596K(10880K) NonClass: 9560K(9728K)->9560K(9728K) Class: 1035K(1152K)->1035K(1152K)
[594.049s][info][gc             ] GC(519) Pause Full (Allocation Failure) 3959M->3369M(3959M) 768.203ms
[594.049s][info][gc,cpu         ] GC(519) User=0.76s Sys=0.00s Real=0.77s
[594.403s][info][gc,start       ] GC(520) Pause Full (Allocation Failure)
[594.403s][info][gc,phases,start] GC(520) Phase 1: Mark live objects
[594.586s][info][gc,phases      ] GC(520) Phase 1: Mark live objects 183.637ms
[594.587s][info][gc,phases,start] GC(520) Phase 2: Compute new object addresses
[594.714s][info][gc,phases      ] GC(520) Phase 2: Compute new object addresses 127.643ms
[594.714s][info][gc,phases,start] GC(520) Phase 3: Adjust pointers
[594.869s][info][gc,phases      ] GC(520) Phase 3: Adjust pointers 154.341ms
[594.869s][info][gc,phases,start] GC(520) Phase 4: Move objects
[595.157s][info][gc,phases      ] GC(520) Phase 4: Move objects 288.193ms
[595.157s][info][gc,heap        ] GC(520) DefNew: 1258300K(1258304K)->654530K(1258304K) Eden: 1118528K(1118528K)->654530K(1118528K) From: 139772K(139776K)->0K(139776K)
[595.157s][info][gc,heap        ] GC(520) Tenured: 2796223K(2796224K)->2796223K(2796224K)
[595.157s][info][gc,metaspace   ] GC(520) Metaspace: 10596K(10880K)->10596K(10880K) NonClass: 9560K(9728K)->9560K(9728K) Class: 1035K(1152K)->1035K(1152K)
[595.157s][info][gc             ] GC(520) Pause Full (Allocation Failure) 3959M->3369M(3959M) 754.519ms
[595.157s][info][gc,cpu         ] GC(520) User=0.76s Sys=0.00s Real=0.76s
[595.507s][info][gc,start       ] GC(521) Pause Full (Allocation Failure)
[595.507s][info][gc,phases,start] GC(521) Phase 1: Mark live objects
[595.691s][info][gc,phases      ] GC(521) Phase 1: Mark live objects 184.324ms
[595.691s][info][gc,phases,start] GC(521) Phase 2: Compute new object addresses
[595.829s][info][gc,phases      ] GC(521) Phase 2: Compute new object addresses 138.016ms
[595.830s][info][gc,phases,start] GC(521) Phase 3: Adjust pointers
[595.978s][info][gc,phases      ] GC(521) Phase 3: Adjust pointers 147.971ms
[595.978s][info][gc,phases,start] GC(521) Phase 4: Move objects
[596.273s][info][gc,phases      ] GC(521) Phase 4: Move objects 295.726ms
[596.274s][info][gc,heap        ] GC(521) DefNew: 1258302K(1258304K)->654530K(1258304K) Eden: 1118528K(1118528K)->654530K(1118528K) From: 139774K(139776K)->0K(139776K)
[596.274s][info][gc,heap        ] GC(521) Tenured: 2796223K(2796224K)->2796223K(2796224K)
[596.274s][info][gc,metaspace   ] GC(521) Metaspace: 10596K(10880K)->10596K(10880K) NonClass: 9560K(9728K)->9560K(9728K) Class: 1035K(1152K)->1035K(1152K)
[596.274s][info][gc             ] GC(521) Pause Full (Allocation Failure) 3959M->3369M(3959M) 766.762ms
[596.274s][info][gc,cpu         ] GC(521) User=0.77s Sys=0.00s Real=0.77s
[596.626s][info][gc,start       ] GC(522) Pause Full (Allocation Failure)
[596.626s][info][gc,phases,start] GC(522) Phase 1: Mark live objects
[596.811s][info][gc,phases      ] GC(522) Phase 1: Mark live objects 185.626ms
[596.811s][info][gc,phases,start] GC(522) Phase 2: Compute new object addresses
[596.951s][info][gc,phases      ] GC(522) Phase 2: Compute new object addresses 139.235ms
[596.951s][info][gc,phases,start] GC(522) Phase 3: Adjust pointers
[597.095s][info][gc,phases      ] GC(522) Phase 3: Adjust pointers 144.585ms
[597.095s][info][gc,phases,start] GC(522) Phase 4: Move objects
[597.407s][info][gc,phases      ] GC(522) Phase 4: Move objects 311.811ms
[597.408s][info][gc,heap        ] GC(522) DefNew: 1258300K(1258304K)->514719K(1258304K) Eden: 1118528K(1118528K)->514719K(1118528K) From: 139772K(139776K)->0K(139776K)
[597.408s][info][gc,heap        ] GC(522) Tenured: 2796223K(2796224K)->2796223K(2796224K)
[597.408s][info][gc,metaspace   ] GC(522) Metaspace: 10596K(10880K)->10596K(10880K) NonClass: 9560K(9728K)->9560K(9728K) Class: 1035K(1152K)->1035K(1152K)
[597.408s][info][gc             ] GC(522) Pause Full (Allocation Failure) 3959M->3233M(3959M) 781.980ms
[597.408s][info][gc,cpu         ] GC(522) User=0.78s Sys=0.00s Real=0.78s
[597.813s][info][gc,start       ] GC(523) Pause Full (Allocation Failure)
[597.813s][info][gc,phases,start] GC(523) Phase 1: Mark live objects
[597.996s][info][gc,phases      ] GC(523) Phase 1: Mark live objects 183.155ms
[597.996s][info][gc,phases,start] GC(523) Phase 2: Compute new object addresses
[598.143s][info][gc,phases      ] GC(523) Phase 2: Compute new object addresses 147.000ms
[598.143s][info][gc,phases,start] GC(523) Phase 3: Adjust pointers
[598.299s][info][gc,phases      ] GC(523) Phase 3: Adjust pointers 156.061ms
[598.299s][info][gc,phases,start] GC(523) Phase 4: Move objects
[598.566s][info][gc,phases      ] GC(523) Phase 4: Move objects 266.536ms
[598.566s][info][gc,heap        ] GC(523) DefNew: 1258303K(1258304K)->654530K(1258304K) Eden: 1118528K(1118528K)->654530K(1118528K) From: 139775K(139776K)->0K(139776K)
[598.566s][info][gc,heap        ] GC(523) Tenured: 2796223K(2796224K)->2796223K(2796224K)
[598.566s][info][gc,metaspace   ] GC(523) Metaspace: 10596K(10880K)->10596K(10880K) NonClass: 9560K(9728K)->9560K(9728K) Class: 1035K(1152K)->1035K(1152K)
[598.566s][info][gc             ] GC(523) Pause Full (Allocation Failure) 3959M->3369M(3959M) 753.454ms
[598.566s][info][gc,cpu         ] GC(523) User=0.75s Sys=0.01s Real=0.75s
[598.921s][info][gc,start       ] GC(524) Pause Full (Allocation Failure)
[598.921s][info][gc,phases,start] GC(524) Phase 1: Mark live objects
[599.105s][info][gc,phases      ] GC(524) Phase 1: Mark live objects 183.910ms
[599.105s][info][gc,phases,start] GC(524) Phase 2: Compute new object addresses
[599.250s][info][gc,phases      ] GC(524) Phase 2: Compute new object addresses 144.942ms
[599.250s][info][gc,phases,start] GC(524) Phase 3: Adjust pointers
[599.412s][info][gc,phases      ] GC(524) Phase 3: Adjust pointers 162.293ms
[599.412s][info][gc,phases,start] GC(524) Phase 4: Move objects
[599.700s][info][gc,phases      ] GC(524) Phase 4: Move objects 287.688ms
[599.700s][info][gc,heap        ] GC(524) DefNew: 1258301K(1258304K)->654526K(1258304K) Eden: 1118528K(1118528K)->654526K(1118528K) From: 139773K(139776K)->0K(139776K)
[599.700s][info][gc,heap        ] GC(524) Tenured: 2796223K(2796224K)->2796223K(2796224K)
[599.700s][info][gc,metaspace   ] GC(524) Metaspace: 10596K(10880K)->10596K(10880K) NonClass: 9560K(9728K)->9560K(9728K) Class: 1035K(1152K)->1035K(1152K)
[599.700s][info][gc             ] GC(524) Pause Full (Allocation Failure) 3959M->3369M(3959M) 779.560ms
[599.700s][info][gc,cpu         ] GC(524) User=0.78s Sys=0.00s Real=0.78s
[600.043s][info][gc,start       ] GC(525) Pause Full (Allocation Failure)
[600.043s][info][gc,phases,start] GC(525) Phase 1: Mark live objects
[600.225s][info][gc,phases      ] GC(525) Phase 1: Mark live objects 182.350ms
[600.225s][info][gc,phases,start] GC(525) Phase 2: Compute new object addresses
[600.364s][info][gc,phases      ] GC(525) Phase 2: Compute new object addresses 138.383ms
[600.364s][info][gc,phases,start] GC(525) Phase 3: Adjust pointers
[600.515s][info][gc,phases      ] GC(525) Phase 3: Adjust pointers 150.945ms
[600.515s][info][gc,phases,start] GC(525) Phase 4: Move objects
[600.810s][info][gc,phases      ] GC(525) Phase 4: Move objects 295.398ms
[600.811s][info][gc,heap        ] GC(525) DefNew: 1258304K(1258304K)->654522K(1258304K) Eden: 1118528K(1118528K)->654522K(1118528K) From: 139776K(139776K)->0K(139776K)
[600.811s][info][gc,heap        ] GC(525) Tenured: 2796223K(2796224K)->2796223K(2796224K)
[600.811s][info][gc,metaspace   ] GC(525) Metaspace: 10596K(10880K)->10596K(10880K) NonClass: 9560K(9728K)->9560K(9728K) Class: 1035K(1152K)->1035K(1152K)
[600.811s][info][gc             ] GC(525) Pause Full (Allocation Failure) 3959M->3369M(3959M) 767.765ms
[600.811s][info][gc,cpu         ] GC(525) User=0.77s Sys=0.00s Real=0.77s
[601.165s][info][gc,start       ] GC(526) Pause Full (Allocation Failure)
[601.165s][info][gc,phases,start] GC(526) Phase 1: Mark live objects
[601.349s][info][gc,phases      ] GC(526) Phase 1: Mark live objects 184.199ms
[601.349s][info][gc,phases,start] GC(526) Phase 2: Compute new object addresses
[601.489s][info][gc,phases      ] GC(526) Phase 2: Compute new object addresses 139.303ms
[601.489s][info][gc,phases,start] GC(526) Phase 3: Adjust pointers
[601.639s][info][gc,phases      ] GC(526) Phase 3: Adjust pointers 150.313ms
[601.639s][info][gc,phases,start] GC(526) Phase 4: Move objects
[601.951s][info][gc,phases      ] GC(526) Phase 4: Move objects 311.588ms
[601.951s][info][gc,heap        ] GC(526) DefNew: 1258300K(1258304K)->514719K(1258304K) Eden: 1118528K(1118528K)->514719K(1118528K) From: 139772K(139776K)->0K(139776K)
[601.951s][info][gc,heap        ] GC(526) Tenured: 2796223K(2796224K)->2796223K(2796224K)
[601.951s][info][gc,metaspace   ] GC(526) Metaspace: 10596K(10880K)->10596K(10880K) NonClass: 9560K(9728K)->9560K(9728K) Class: 1035K(1152K)->1035K(1152K)
[601.951s][info][gc             ] GC(526) Pause Full (Allocation Failure) 3959M->3233M(3959M) 786.098ms
[601.951s][info][gc,cpu         ] GC(526) User=0.79s Sys=0.00s Real=0.78s
[602.367s][info][gc,start       ] GC(527) Pause Full (Allocation Failure)
[602.367s][info][gc,phases,start] GC(527) Phase 1: Mark live objects
[602.551s][info][gc,phases      ] GC(527) Phase 1: Mark live objects 184.308ms
[602.551s][info][gc,phases,start] GC(527) Phase 2: Compute new object addresses
[602.702s][info][gc,phases      ] GC(527) Phase 2: Compute new object addresses 150.912ms
[602.702s][info][gc,phases,start] GC(527) Phase 3: Adjust pointers
[602.852s][info][gc,phases      ] GC(527) Phase 3: Adjust pointers 149.995ms
[602.852s][info][gc,phases,start] GC(527) Phase 4: Move objects
[603.117s][info][gc,phases      ] GC(527) Phase 4: Move objects 265.286ms
[603.118s][info][gc,heap        ] GC(527) DefNew: 1258301K(1258304K)->654530K(1258304K) Eden: 1118528K(1118528K)->654530K(1118528K) From: 139773K(139776K)->0K(139776K)
[603.118s][info][gc,heap        ] GC(527) Tenured: 2796223K(2796224K)->2796223K(2796224K)
[603.118s][info][gc,metaspace   ] GC(527) Metaspace: 10596K(10880K)->10596K(10880K) NonClass: 9560K(9728K)->9560K(9728K) Class: 1035K(1152K)->1035K(1152K)
[603.118s][info][gc             ] GC(527) Pause Full (Allocation Failure) 3959M->3369M(3959M) 751.206ms
[603.118s][info][gc,cpu         ] GC(527) User=0.75s Sys=0.00s Real=0.75s
[603.128s][info][gc,heap,exit   ] Heap
[603.128s][info][gc,heap,exit   ]  def new generation   total 1258304K, used 713384K [0x0000000700000000, 0x0000000755550000, 0x0000000755550000)
[603.128s][info][gc,heap,exit   ]   eden space 1118528K,  63% used [0x0000000700000000, 0x000000072b8aa100, 0x0000000744450000)
[603.128s][info][gc,heap,exit   ]   from space 139776K,   0% used [0x0000000744450000, 0x0000000744450000, 0x000000074ccd0000)
[603.128s][info][gc,heap,exit   ]   to   space 139776K,   0% used [0x000000074ccd0000, 0x000000074ccd0000, 0x0000000755550000)
[603.128s][info][gc,heap,exit   ]  tenured generation   total 2796224K, used 2796223K [0x0000000755550000, 0x0000000800000000, 0x0000000800000000)
[603.128s][info][gc,heap,exit   ]    the space 2796224K,  99% used [0x0000000755550000, 0x00000007ffffffe8, 0x0000000800000000, 0x0000000800000000)
[603.128s][info][gc,heap,exit   ]  Metaspace       used 10741K, committed 10944K, reserved 1114112K
[603.128s][info][gc,heap,exit   ]   class space    used 1052K, committed 1152K, reserved 1048576K
