[0.003s][info][gc] Using Parallel
[0.010s][info][gc,init] Version: 17.0.11-internal+0-adhoc.ycchang.TencentKona-17 (release)
[0.010s][info][gc,init] CPUs: 192 total, 12 available
[0.010s][info][gc,init] Memory: 503G
[0.010s][info][gc,init] Large Page Support: Disabled
[0.010s][info][gc,init] NUMA Support: Disabled
[0.010s][info][gc,init] Compressed Oops: Enabled (Zero based)
[0.010s][info][gc,init] Alignments: Space 512K, Generation 512K, Heap 2M
[0.010s][info][gc,init] Heap Min Capacity: 4G
[0.010s][info][gc,init] Heap Initial Capacity: 4G
[0.010s][info][gc,init] Heap Max Capacity: 4G
[0.010s][info][gc,init] Pre-touch: Disabled
[0.010s][info][gc,init] Parallel Workers: 10
[0.010s][info][gc,metaspace] CDS archive(s) not mapped
[0.010s][info][gc,metaspace] Compressed class space mapped at: 0x0000000800000000-0x0000000840000000, reserved size: 1073741824
[0.010s][info][gc,metaspace] Narrow klass base: 0x0000000800000000, Narrow klass shift: 0, Narrow klass range: 0x40000000
[0.723s][info][gc,start    ] GC(0) Pause Young (Allocation Failure)
[0.912s][info][gc,heap     ] GC(0) PSYoungGen: 1048576K(1223168K)->174588K(1223168K) Eden: 1048576K(1048576K)->0K(1048576K) From: 0K(174592K)->174588K(174592K)
[0.912s][info][gc,heap     ] GC(0) ParOldGen: 0K(2796544K)->826897K(2796544K)
[0.912s][info][gc,metaspace] GC(0) Metaspace: 10446K(10688K)->10446K(10688K) NonClass: 9427K(9536K)->9427K(9536K) Class: 1019K(1152K)->1019K(1152K)
[0.912s][info][gc          ] GC(0) Pause Young (Allocation Failure) 1024M->978M(3925M) 189.186ms
[0.912s][info][gc,cpu      ] GC(0) User=0.29s Sys=1.37s Real=0.18s
[1.067s][info][gc,start    ] GC(1) Pause Young (Allocation Failure)
[1.282s][info][gc,heap     ] GC(1) PSYoungGen: 1223164K(1223168K)->174574K(1223168K) Eden: 1048576K(1048576K)->0K(1048576K) From: 174588K(174592K)->174574K(174592K)
[1.282s][info][gc,heap     ] GC(1) ParOldGen: 826897K(2796544K)->1867966K(2796544K)
[1.282s][info][gc,metaspace] GC(1) Metaspace: 10447K(10688K)->10447K(10688K) NonClass: 9428K(9536K)->9428K(9536K) Class: 1019K(1152K)->1019K(1152K)
[1.282s][info][gc          ] GC(1) Pause Young (Allocation Failure) 2002M->1994M(3925M) 215.188ms
[1.282s][info][gc,cpu      ] GC(1) User=0.43s Sys=1.72s Real=0.22s
[1.282s][info][gc,start    ] GC(2) Pause Full (Ergonomics)
[1.282s][info][gc,phases,start] GC(2) Marking Phase
[1.319s][info][gc,phases      ] GC(2) Marking Phase 37.032ms
[1.319s][info][gc,phases,start] GC(2) Summary Phase
[1.319s][info][gc,phases      ] GC(2) Summary Phase 0.063ms
[1.319s][info][gc,phases,start] GC(2) Adjust Roots
[1.320s][info][gc,phases      ] GC(2) Adjust Roots 0.473ms
[1.320s][info][gc,phases,start] GC(2) Compaction Phase
[1.451s][info][gc,phases      ] GC(2) Compaction Phase 130.883ms
[1.451s][info][gc,phases,start] GC(2) Post Compact
[1.456s][info][gc,phases      ] GC(2) Post Compact 5.576ms
[1.456s][info][gc,heap        ] GC(2) PSYoungGen: 174574K(1223168K)->0K(1223168K) Eden: 0K(1048576K)->0K(1048576K) From: 174574K(174592K)->0K(174592K)
[1.456s][info][gc,heap        ] GC(2) ParOldGen: 1867966K(2796544K)->2023627K(2796544K)
[1.456s][info][gc,metaspace   ] GC(2) Metaspace: 10447K(10688K)->10447K(10688K) NonClass: 9428K(9536K)->9428K(9536K) Class: 1019K(1152K)->1019K(1152K)
[1.456s][info][gc             ] GC(2) Pause Full (Ergonomics) 1994M->1976M(3925M) 174.257ms
[1.456s][info][gc,cpu         ] GC(2) User=0.78s Sys=0.30s Real=0.17s
[1.756s][info][gc,start       ] GC(3) Pause Full (Ergonomics)
[1.756s][info][gc,phases,start] GC(3) Marking Phase
[1.797s][info][gc,phases      ] GC(3) Marking Phase 40.652ms
[1.797s][info][gc,phases,start] GC(3) Summary Phase
[1.797s][info][gc,phases      ] GC(3) Summary Phase 0.107ms
[1.797s][info][gc,phases,start] GC(3) Adjust Roots
[1.798s][info][gc,phases      ] GC(3) Adjust Roots 0.642ms
[1.798s][info][gc,phases,start] GC(3) Compaction Phase
[2.037s][info][gc,phases      ] GC(3) Compaction Phase 239.118ms
[2.037s][info][gc,phases,start] GC(3) Post Compact
[2.045s][info][gc,phases      ] GC(3) Post Compact 8.478ms
[2.045s][info][gc,heap        ] GC(3) PSYoungGen: 1048576K(1223168K)->72980K(1223168K) Eden: 1048576K(1048576K)->72980K(1048576K) From: 0K(174592K)->0K(174592K)
[2.045s][info][gc,heap        ] GC(3) ParOldGen: 2023627K(2796544K)->2796436K(2796544K)
[2.045s][info][gc,metaspace   ] GC(3) Metaspace: 10447K(10688K)->10447K(10688K) NonClass: 9428K(9536K)->9428K(9536K) Class: 1019K(1152K)->1019K(1152K)
[2.045s][info][gc             ] GC(3) Pause Full (Ergonomics) 3000M->2802M(3925M) 289.301ms
[2.045s][info][gc,cpu         ] GC(3) User=1.28s Sys=0.54s Real=0.29s
[2.512s][info][gc,start       ] GC(4) Pause Full (Ergonomics)
[2.512s][info][gc,phases,start] GC(4) Marking Phase
[2.551s][info][gc,phases      ] GC(4) Marking Phase 38.247ms
[2.551s][info][gc,phases,start] GC(4) Summary Phase
[2.551s][info][gc,phases      ] GC(4) Summary Phase 0.063ms
[2.551s][info][gc,phases,start] GC(4) Adjust Roots
[2.551s][info][gc,phases      ] GC(4) Adjust Roots 0.495ms
[2.551s][info][gc,phases,start] GC(4) Compaction Phase
[2.762s][info][gc,phases      ] GC(4) Compaction Phase 210.908ms
[2.762s][info][gc,phases,start] GC(4) Post Compact
[2.767s][info][gc,phases      ] GC(4) Post Compact 5.198ms
[2.768s][info][gc,heap        ] GC(4) PSYoungGen: 1048576K(1223168K)->72931K(1223168K) Eden: 1048576K(1048576K)->72931K(1048576K) From: 0K(174592K)->0K(174592K)
[2.768s][info][gc,heap        ] GC(4) ParOldGen: 2796436K(2796544K)->2796485K(2796544K)
[2.768s][info][gc,metaspace   ] GC(4) Metaspace: 10447K(10688K)->10447K(10688K) NonClass: 9428K(9536K)->9428K(9536K) Class: 1019K(1152K)->1019K(1152K)
[2.768s][info][gc             ] GC(4) Pause Full (Ergonomics) 3754M->2802M(3925M) 255.199ms
[2.768s][info][gc,cpu         ] GC(4) User=1.37s Sys=0.07s Real=0.26s
[3.249s][info][gc,start       ] GC(5) Pause Full (Ergonomics)
[3.249s][info][gc,phases,start] GC(5) Marking Phase
[3.281s][info][gc,phases      ] GC(5) Marking Phase 31.187ms
[3.281s][info][gc,phases,start] GC(5) Summary Phase
[3.281s][info][gc,phases      ] GC(5) Summary Phase 0.062ms
[3.281s][info][gc,phases,start] GC(5) Adjust Roots
[3.281s][info][gc,phases      ] GC(5) Adjust Roots 0.486ms
[3.281s][info][gc,phases,start] GC(5) Compaction Phase
[3.484s][info][gc,phases      ] GC(5) Compaction Phase 203.225ms
[3.484s][info][gc,phases,start] GC(5) Post Compact
[3.491s][info][gc,phases      ] GC(5) Post Compact 6.020ms
[3.491s][info][gc,heap        ] GC(5) PSYoungGen: 1048576K(1223168K)->72948K(1223168K) Eden: 1048576K(1048576K)->72948K(1048576K) From: 0K(174592K)->0K(174592K)
[3.491s][info][gc,heap        ] GC(5) ParOldGen: 2796485K(2796544K)->2796468K(2796544K)
[3.491s][info][gc,metaspace   ] GC(5) Metaspace: 10447K(10688K)->10447K(10688K) NonClass: 9428K(9536K)->9428K(9536K) Class: 1019K(1152K)->1019K(1152K)
[3.491s][info][gc             ] GC(5) Pause Full (Ergonomics) 3754M->2802M(3925M) 241.260ms
[3.491s][info][gc,cpu         ] GC(5) User=1.32s Sys=0.01s Real=0.24s
[3.975s][info][gc,start       ] GC(6) Pause Full (Ergonomics)
[3.975s][info][gc,phases,start] GC(6) Marking Phase
[4.005s][info][gc,phases      ] GC(6) Marking Phase 29.663ms
[4.005s][info][gc,phases,start] GC(6) Summary Phase
[4.005s][info][gc,phases      ] GC(6) Summary Phase 0.063ms
[4.005s][info][gc,phases,start] GC(6) Adjust Roots
[4.006s][info][gc,phases      ] GC(6) Adjust Roots 0.494ms
[4.006s][info][gc,phases,start] GC(6) Compaction Phase
[4.212s][info][gc,phases      ] GC(6) Compaction Phase 206.364ms
[4.212s][info][gc,phases,start] GC(6) Post Compact
[4.218s][info][gc,phases      ] GC(6) Post Compact 5.689ms
[4.218s][info][gc,heap        ] GC(6) PSYoungGen: 1048576K(1223168K)->72931K(1223168K) Eden: 1048576K(1048576K)->72931K(1048576K) From: 0K(174592K)->0K(174592K)
[4.218s][info][gc,heap        ] GC(6) ParOldGen: 2796468K(2796544K)->2796485K(2796544K)
[4.218s][info][gc,metaspace   ] GC(6) Metaspace: 10447K(10688K)->10447K(10688K) NonClass: 9428K(9536K)->9428K(9536K) Class: 1019K(1152K)->1019K(1152K)
[4.218s][info][gc             ] GC(6) Pause Full (Ergonomics) 3754M->2802M(3925M) 242.556ms
[4.218s][info][gc,cpu         ] GC(6) User=1.33s Sys=0.00s Real=0.24s
[4.680s][info][gc,start       ] GC(7) Pause Full (Ergonomics)
[4.680s][info][gc,phases,start] GC(7) Marking Phase
[4.710s][info][gc,phases      ] GC(7) Marking Phase 29.660ms
[4.710s][info][gc,phases,start] GC(7) Summary Phase
[4.710s][info][gc,phases      ] GC(7) Summary Phase 0.059ms
[4.710s][info][gc,phases,start] GC(7) Adjust Roots
[4.711s][info][gc,phases      ] GC(7) Adjust Roots 0.642ms
[4.711s][info][gc,phases,start] GC(7) Compaction Phase
[4.911s][info][gc,phases      ] GC(7) Compaction Phase 200.698ms
[4.911s][info][gc,phases,start] GC(7) Post Compact
[4.918s][info][gc,phases      ] GC(7) Post Compact 6.888ms
[4.918s][info][gc,heap        ] GC(7) PSYoungGen: 1048576K(1223168K)->72992K(1223168K) Eden: 1048576K(1048576K)->72992K(1048576K) From: 0K(174592K)->0K(174592K)
[4.918s][info][gc,heap        ] GC(7) ParOldGen: 2796485K(2796544K)->2796424K(2796544K)
[4.918s][info][gc,metaspace   ] GC(7) Metaspace: 10447K(10688K)->10447K(10688K) NonClass: 9428K(9536K)->9428K(9536K) Class: 1019K(1152K)->1019K(1152K)
[4.918s][info][gc             ] GC(7) Pause Full (Ergonomics) 3754M->2802M(3925M) 238.246ms
[4.918s][info][gc,cpu         ] GC(7) User=1.32s Sys=0.00s Real=0.24s
[5.387s][info][gc,start       ] GC(8) Pause Full (Ergonomics)
[5.387s][info][gc,phases,start] GC(8) Marking Phase
[5.416s][info][gc,phases      ] GC(8) Marking Phase 29.233ms
[5.416s][info][gc,phases,start] GC(8) Summary Phase
[5.416s][info][gc,phases      ] GC(8) Summary Phase 0.058ms
[5.416s][info][gc,phases,start] GC(8) Adjust Roots
[5.417s][info][gc,phases      ] GC(8) Adjust Roots 0.644ms
[5.417s][info][gc,phases,start] GC(8) Compaction Phase
[5.622s][info][gc,phases      ] GC(8) Compaction Phase 205.378ms
[5.622s][info][gc,phases,start] GC(8) Post Compact
[5.628s][info][gc,phases      ] GC(8) Post Compact 5.964ms
[5.628s][info][gc,heap        ] GC(8) PSYoungGen: 1048576K(1223168K)->72964K(1223168K) Eden: 1048576K(1048576K)->72964K(1048576K) From: 0K(174592K)->0K(174592K)
[5.628s][info][gc,heap        ] GC(8) ParOldGen: 2796424K(2796544K)->2796452K(2796544K)
[5.628s][info][gc,metaspace   ] GC(8) Metaspace: 10447K(10688K)->10447K(10688K) NonClass: 9428K(9536K)->9428K(9536K) Class: 1019K(1152K)->1019K(1152K)
[5.628s][info][gc             ] GC(8) Pause Full (Ergonomics) 3754M->2802M(3925M) 241.561ms
[5.628s][info][gc,cpu         ] GC(8) User=1.31s Sys=0.00s Real=0.24s
[6.102s][info][gc,start       ] GC(9) Pause Full (Ergonomics)
[6.102s][info][gc,phases,start] GC(9) Marking Phase
[6.132s][info][gc,phases      ] GC(9) Marking Phase 29.895ms
[6.132s][info][gc,phases,start] GC(9) Summary Phase
[6.132s][info][gc,phases      ] GC(9) Summary Phase 0.060ms
[6.132s][info][gc,phases,start] GC(9) Adjust Roots
[6.133s][info][gc,phases      ] GC(9) Adjust Roots 0.498ms
[6.133s][info][gc,phases,start] GC(9) Compaction Phase
[6.338s][info][gc,phases      ] GC(9) Compaction Phase 205.563ms
[6.338s][info][gc,phases,start] GC(9) Post Compact
[6.344s][info][gc,phases      ] GC(9) Post Compact 5.839ms
[6.344s][info][gc,heap        ] GC(9) PSYoungGen: 1048576K(1223168K)->72931K(1223168K) Eden: 1048576K(1048576K)->72931K(1048576K) From: 0K(174592K)->0K(174592K)
[6.344s][info][gc,heap        ] GC(9) ParOldGen: 2796452K(2796544K)->2796485K(2796544K)
[6.344s][info][gc,metaspace   ] GC(9) Metaspace: 10447K(10688K)->10447K(10688K) NonClass: 9428K(9536K)->9428K(9536K) Class: 1019K(1152K)->1019K(1152K)
[6.344s][info][gc             ] GC(9) Pause Full (Ergonomics) 3754M->2802M(3925M) 242.150ms
[6.344s][info][gc,cpu         ] GC(9) User=1.31s Sys=0.00s Real=0.24s
[6.815s][info][gc,start       ] GC(10) Pause Full (Ergonomics)
[6.815s][info][gc,phases,start] GC(10) Marking Phase
[6.847s][info][gc,phases      ] GC(10) Marking Phase 31.524ms
[6.847s][info][gc,phases,start] GC(10) Summary Phase
[6.847s][info][gc,phases      ] GC(10) Summary Phase 0.064ms
[6.847s][info][gc,phases,start] GC(10) Adjust Roots
[6.847s][info][gc,phases      ] GC(10) Adjust Roots 0.501ms
[6.847s][info][gc,phases,start] GC(10) Compaction Phase
[7.052s][info][gc,phases      ] GC(10) Compaction Phase 204.889ms
[7.052s][info][gc,phases,start] GC(10) Post Compact
[7.059s][info][gc,phases      ] GC(10) Post Compact 6.401ms
[7.059s][info][gc,heap        ] GC(10) PSYoungGen: 1048576K(1223168K)->72964K(1223168K) Eden: 1048576K(1048576K)->72964K(1048576K) From: 0K(174592K)->0K(174592K)
[7.059s][info][gc,heap        ] GC(10) ParOldGen: 2796485K(2796544K)->2796452K(2796544K)
[7.059s][info][gc,metaspace   ] GC(10) Metaspace: 10447K(10688K)->10447K(10688K) NonClass: 9428K(9536K)->9428K(9536K) Class: 1019K(1152K)->1019K(1152K)
[7.059s][info][gc             ] GC(10) Pause Full (Ergonomics) 3754M->2802M(3925M) 243.676ms
[7.059s][info][gc,cpu         ] GC(10) User=1.32s Sys=0.00s Real=0.24s
[7.538s][info][gc,start       ] GC(11) Pause Full (Ergonomics)
[7.538s][info][gc,phases,start] GC(11) Marking Phase
[7.573s][info][gc,phases      ] GC(11) Marking Phase 34.604ms
[7.573s][info][gc,phases,start] GC(11) Summary Phase
[7.573s][info][gc,phases      ] GC(11) Summary Phase 0.064ms
[7.573s][info][gc,phases,start] GC(11) Adjust Roots
[7.573s][info][gc,phases      ] GC(11) Adjust Roots 0.544ms
[7.573s][info][gc,phases,start] GC(11) Compaction Phase
[7.775s][info][gc,phases      ] GC(11) Compaction Phase 201.699ms
[7.775s][info][gc,phases,start] GC(11) Post Compact
[7.782s][info][gc,phases      ] GC(11) Post Compact 6.759ms
[7.782s][info][gc,heap        ] GC(11) PSYoungGen: 1048576K(1223168K)->72968K(1223168K) Eden: 1048576K(1048576K)->72968K(1048576K) From: 0K(174592K)->0K(174592K)
[7.782s][info][gc,heap        ] GC(11) ParOldGen: 2796452K(2796544K)->2796448K(2796544K)
[7.782s][info][gc,metaspace   ] GC(11) Metaspace: 10447K(10688K)->10447K(10688K) NonClass: 9428K(9536K)->9428K(9536K) Class: 1019K(1152K)->1019K(1152K)
[7.782s][info][gc             ] GC(11) Pause Full (Ergonomics) 3754M->2802M(3925M) 243.958ms
[7.782s][info][gc,cpu         ] GC(11) User=1.31s Sys=0.00s Real=0.25s
[8.254s][info][gc,start       ] GC(12) Pause Full (Ergonomics)
[8.254s][info][gc,phases,start] GC(12) Marking Phase
[8.286s][info][gc,phases      ] GC(12) Marking Phase 32.028ms
[8.287s][info][gc,phases,start] GC(12) Summary Phase
[8.287s][info][gc,phases      ] GC(12) Summary Phase 0.059ms
[8.287s][info][gc,phases,start] GC(12) Adjust Roots
[8.287s][info][gc,phases      ] GC(12) Adjust Roots 0.511ms
[8.287s][info][gc,phases,start] GC(12) Compaction Phase
[8.492s][info][gc,phases      ] GC(12) Compaction Phase 204.414ms
[8.492s][info][gc,phases,start] GC(12) Post Compact
[8.498s][info][gc,phases      ] GC(12) Post Compact 6.050ms
[8.498s][info][gc,heap        ] GC(12) PSYoungGen: 1048576K(1223168K)->72968K(1223168K) Eden: 1048576K(1048576K)->72968K(1048576K) From: 0K(174592K)->0K(174592K)
[8.498s][info][gc,heap        ] GC(12) ParOldGen: 2796448K(2796544K)->2796448K(2796544K)
[8.498s][info][gc,metaspace   ] GC(12) Metaspace: 10447K(10688K)->10447K(10688K) NonClass: 9428K(9536K)->9428K(9536K) Class: 1019K(1152K)->1019K(1152K)
[8.498s][info][gc             ] GC(12) Pause Full (Ergonomics) 3754M->2802M(3925M) 243.349ms
[8.498s][info][gc,cpu         ] GC(12) User=1.31s Sys=0.00s Real=0.24s
[8.972s][info][gc,start       ] GC(13) Pause Full (Ergonomics)
[8.972s][info][gc,phases,start] GC(13) Marking Phase
[9.002s][info][gc,phases      ] GC(13) Marking Phase 30.054ms
[9.002s][info][gc,phases,start] GC(13) Summary Phase
[9.002s][info][gc,phases      ] GC(13) Summary Phase 0.060ms
[9.002s][info][gc,phases,start] GC(13) Adjust Roots
[9.003s][info][gc,phases      ] GC(13) Adjust Roots 0.534ms
[9.003s][info][gc,phases,start] GC(13) Compaction Phase
[9.207s][info][gc,phases      ] GC(13) Compaction Phase 204.453ms
[9.207s][info][gc,phases,start] GC(13) Post Compact
[9.214s][info][gc,phases      ] GC(13) Post Compact 7.007ms
[9.214s][info][gc,heap        ] GC(13) PSYoungGen: 1048576K(1223168K)->72964K(1223168K) Eden: 1048576K(1048576K)->72964K(1048576K) From: 0K(174592K)->0K(174592K)
[9.214s][info][gc,heap        ] GC(13) ParOldGen: 2796448K(2796544K)->2796452K(2796544K)
[9.214s][info][gc,metaspace   ] GC(13) Metaspace: 10447K(10688K)->10447K(10688K) NonClass: 9428K(9536K)->9428K(9536K) Class: 1019K(1152K)->1019K(1152K)
[9.214s][info][gc             ] GC(13) Pause Full (Ergonomics) 3754M->2802M(3925M) 242.422ms
[9.214s][info][gc,cpu         ] GC(13) User=1.31s Sys=0.00s Real=0.25s
[9.686s][info][gc,start       ] GC(14) Pause Full (Ergonomics)
[9.686s][info][gc,phases,start] GC(14) Marking Phase
[9.716s][info][gc,phases      ] GC(14) Marking Phase 30.389ms
[9.716s][info][gc,phases,start] GC(14) Summary Phase
[9.716s][info][gc,phases      ] GC(14) Summary Phase 0.059ms
[9.716s][info][gc,phases,start] GC(14) Adjust Roots
[9.717s][info][gc,phases      ] GC(14) Adjust Roots 0.580ms
[9.717s][info][gc,phases,start] GC(14) Compaction Phase
[9.920s][info][gc,phases      ] GC(14) Compaction Phase 202.566ms
[9.920s][info][gc,phases,start] GC(14) Post Compact
[9.926s][info][gc,phases      ] GC(14) Post Compact 5.988ms
[9.926s][info][gc,heap        ] GC(14) PSYoungGen: 1048576K(1223168K)->72939K(1223168K) Eden: 1048576K(1048576K)->72939K(1048576K) From: 0K(174592K)->0K(174592K)
[9.926s][info][gc,heap        ] GC(14) ParOldGen: 2796452K(2796544K)->2796477K(2796544K)
[9.926s][info][gc,metaspace   ] GC(14) Metaspace: 10447K(10688K)->10447K(10688K) NonClass: 9428K(9536K)->9428K(9536K) Class: 1019K(1152K)->1019K(1152K)
[9.926s][info][gc             ] GC(14) Pause Full (Ergonomics) 3754M->2802M(3925M) 239.873ms
[9.926s][info][gc,cpu         ] GC(14) User=1.30s Sys=0.00s Real=0.24s
[10.413s][info][gc,start       ] GC(15) Pause Full (Ergonomics)
[10.413s][info][gc,phases,start] GC(15) Marking Phase
[10.446s][info][gc,phases      ] GC(15) Marking Phase 33.119ms
[10.446s][info][gc,phases,start] GC(15) Summary Phase
[10.446s][info][gc,phases      ] GC(15) Summary Phase 0.065ms
[10.447s][info][gc,phases,start] GC(15) Adjust Roots
[10.447s][info][gc,phases      ] GC(15) Adjust Roots 0.662ms
[10.447s][info][gc,phases,start] GC(15) Compaction Phase
[10.651s][info][gc,phases      ] GC(15) Compaction Phase 203.683ms
[10.651s][info][gc,phases,start] GC(15) Post Compact
[10.658s][info][gc,phases      ] GC(15) Post Compact 6.771ms
[10.658s][info][gc,heap        ] GC(15) PSYoungGen: 1048576K(1223168K)->72944K(1223168K) Eden: 1048576K(1048576K)->72944K(1048576K) From: 0K(174592K)->0K(174592K)
[10.658s][info][gc,heap        ] GC(15) ParOldGen: 2796477K(2796544K)->2796472K(2796544K)
[10.658s][info][gc,metaspace   ] GC(15) Metaspace: 10447K(10688K)->10447K(10688K) NonClass: 9428K(9536K)->9428K(9536K) Class: 1019K(1152K)->1019K(1152K)
[10.658s][info][gc             ] GC(15) Pause Full (Ergonomics) 3754M->2802M(3925M) 244.596ms
[10.658s][info][gc,cpu         ] GC(15) User=1.31s Sys=0.00s Real=0.25s
[11.124s][info][gc,start       ] GC(16) Pause Full (Ergonomics)
[11.124s][info][gc,phases,start] GC(16) Marking Phase
[11.155s][info][gc,phases      ] GC(16) Marking Phase 30.605ms
[11.155s][info][gc,phases,start] GC(16) Summary Phase
[11.155s][info][gc,phases      ] GC(16) Summary Phase 0.065ms
[11.155s][info][gc,phases,start] GC(16) Adjust Roots
[11.155s][info][gc,phases      ] GC(16) Adjust Roots 0.500ms
[11.155s][info][gc,phases,start] GC(16) Compaction Phase
[11.356s][info][gc,phases      ] GC(16) Compaction Phase 200.326ms
[11.356s][info][gc,phases,start] GC(16) Post Compact
[11.362s][info][gc,phases      ] GC(16) Post Compact 5.804ms
[11.362s][info][gc,heap        ] GC(16) PSYoungGen: 1048576K(1223168K)->72988K(1223168K) Eden: 1048576K(1048576K)->72988K(1048576K) From: 0K(174592K)->0K(174592K)
[11.362s][info][gc,heap        ] GC(16) ParOldGen: 2796472K(2796544K)->2796428K(2796544K)
[11.362s][info][gc,metaspace   ] GC(16) Metaspace: 10447K(10688K)->10447K(10688K) NonClass: 9428K(9536K)->9428K(9536K) Class: 1019K(1152K)->1019K(1152K)
[11.362s][info][gc             ] GC(16) Pause Full (Ergonomics) 3754M->2802M(3925M) 237.602ms
[11.362s][info][gc,cpu         ] GC(16) User=1.31s Sys=0.00s Real=0.24s
[11.832s][info][gc,start       ] GC(17) Pause Full (Ergonomics)
[11.832s][info][gc,phases,start] GC(17) Marking Phase
[11.863s][info][gc,phases      ] GC(17) Marking Phase 30.356ms
[11.863s][info][gc,phases,start] GC(17) Summary Phase
[11.863s][info][gc,phases      ] GC(17) Summary Phase 0.064ms
[11.863s][info][gc,phases,start] GC(17) Adjust Roots
[11.863s][info][gc,phases      ] GC(17) Adjust Roots 0.511ms
[11.863s][info][gc,phases,start] GC(17) Compaction Phase
[12.063s][info][gc,phases      ] GC(17) Compaction Phase 199.842ms
[12.063s][info][gc,phases,start] GC(17) Post Compact
[12.070s][info][gc,phases      ] GC(17) Post Compact 6.838ms
[12.070s][info][gc,heap        ] GC(17) PSYoungGen: 1048576K(1223168K)->72940K(1223168K) Eden: 1048576K(1048576K)->72940K(1048576K) From: 0K(174592K)->0K(174592K)
[12.070s][info][gc,heap        ] GC(17) ParOldGen: 2796428K(2796544K)->2796477K(2796544K)
[12.070s][info][gc,metaspace   ] GC(17) Metaspace: 10447K(10688K)->10447K(10688K) NonClass: 9428K(9536K)->9428K(9536K) Class: 1019K(1152K)->1019K(1152K)
[12.070s][info][gc             ] GC(17) Pause Full (Ergonomics) 3754M->2802M(3925M) 237.935ms
[12.070s][info][gc,cpu         ] GC(17) User=1.30s Sys=0.00s Real=0.24s
[12.534s][info][gc,start       ] GC(18) Pause Full (Ergonomics)
[12.534s][info][gc,phases,start] GC(18) Marking Phase
[12.563s][info][gc,phases      ] GC(18) Marking Phase 29.592ms
[12.563s][info][gc,phases,start] GC(18) Summary Phase
[12.563s][info][gc,phases      ] GC(18) Summary Phase 0.064ms
[12.564s][info][gc,phases,start] GC(18) Adjust Roots
[12.564s][info][gc,phases      ] GC(18) Adjust Roots 0.522ms
[12.564s][info][gc,phases,start] GC(18) Compaction Phase
[12.757s][info][gc,phases      ] GC(18) Compaction Phase 193.054ms
[12.757s][info][gc,phases,start] GC(18) Post Compact
[12.763s][info][gc,phases      ] GC(18) Post Compact 5.977ms
[12.763s][info][gc,heap        ] GC(18) PSYoungGen: 1048576K(1223168K)->72948K(1223168K) Eden: 1048576K(1048576K)->72948K(1048576K) From: 0K(174592K)->0K(174592K)
[12.763s][info][gc,heap        ] GC(18) ParOldGen: 2796477K(2796544K)->2796468K(2796544K)
[12.763s][info][gc,metaspace   ] GC(18) Metaspace: 10447K(10688K)->10447K(10688K) NonClass: 9428K(9536K)->9428K(9536K) Class: 1019K(1152K)->1019K(1152K)
[12.763s][info][gc             ] GC(18) Pause Full (Ergonomics) 3754M->2802M(3925M) 229.486ms
[12.763s][info][gc,cpu         ] GC(18) User=1.30s Sys=0.00s Real=0.23s
[13.232s][info][gc,start       ] GC(19) Pause Full (Ergonomics)
[13.232s][info][gc,phases,start] GC(19) Marking Phase
[13.263s][info][gc,phases      ] GC(19) Marking Phase 30.573ms
[13.263s][info][gc,phases,start] GC(19) Summary Phase
[13.263s][info][gc,phases      ] GC(19) Summary Phase 0.066ms
[13.263s][info][gc,phases,start] GC(19) Adjust Roots
[13.264s][info][gc,phases      ] GC(19) Adjust Roots 0.672ms
[13.264s][info][gc,phases,start] GC(19) Compaction Phase
[13.469s][info][gc,phases      ] GC(19) Compaction Phase 204.927ms
[13.469s][info][gc,phases,start] GC(19) Post Compact
[13.475s][info][gc,phases      ] GC(19) Post Compact 6.554ms
[13.475s][info][gc,heap        ] GC(19) PSYoungGen: 1048576K(1223168K)->72956K(1223168K) Eden: 1048576K(1048576K)->72956K(1048576K) From: 0K(174592K)->0K(174592K)
[13.475s][info][gc,heap        ] GC(19) ParOldGen: 2796468K(2796544K)->2796460K(2796544K)
[13.475s][info][gc,metaspace   ] GC(19) Metaspace: 10447K(10688K)->10447K(10688K) NonClass: 9428K(9536K)->9428K(9536K) Class: 1019K(1152K)->1019K(1152K)
[13.475s][info][gc             ] GC(19) Pause Full (Ergonomics) 3754M->2802M(3925M) 243.097ms
[13.475s][info][gc,cpu         ] GC(19) User=1.32s Sys=0.00s Real=0.25s
[13.949s][info][gc,start       ] GC(20) Pause Full (Ergonomics)
[13.949s][info][gc,phases,start] GC(20) Marking Phase
[13.980s][info][gc,phases      ] GC(20) Marking Phase 30.664ms
[13.980s][info][gc,phases,start] GC(20) Summary Phase
[13.980s][info][gc,phases      ] GC(20) Summary Phase 0.064ms
[13.980s][info][gc,phases,start] GC(20) Adjust Roots
[13.981s][info][gc,phases      ] GC(20) Adjust Roots 0.643ms
[13.981s][info][gc,phases,start] GC(20) Compaction Phase
[14.185s][info][gc,phases      ] GC(20) Compaction Phase 204.493ms
[14.185s][info][gc,phases,start] GC(20) Post Compact
[14.191s][info][gc,phases      ] GC(20) Post Compact 5.856ms
[14.191s][info][gc,heap        ] GC(20) PSYoungGen: 1048576K(1223168K)->72960K(1223168K) Eden: 1048576K(1048576K)->72960K(1048576K) From: 0K(174592K)->0K(174592K)
[14.191s][info][gc,heap        ] GC(20) ParOldGen: 2796460K(2796544K)->2796456K(2796544K)
[14.191s][info][gc,metaspace   ] GC(20) Metaspace: 10447K(10688K)->10447K(10688K) NonClass: 9428K(9536K)->9428K(9536K) Class: 1019K(1152K)->1019K(1152K)
[14.191s][info][gc             ] GC(20) Pause Full (Ergonomics) 3754M->2802M(3925M) 242.017ms
[14.191s][info][gc,cpu         ] GC(20) User=1.31s Sys=0.00s Real=0.24s
[14.656s][info][gc,start       ] GC(21) Pause Full (Ergonomics)
[14.656s][info][gc,phases,start] GC(21) Marking Phase
[14.689s][info][gc,phases      ] GC(21) Marking Phase 32.568ms
[14.689s][info][gc,phases,start] GC(21) Summary Phase
[14.689s][info][gc,phases      ] GC(21) Summary Phase 0.059ms
[14.689s][info][gc,phases,start] GC(21) Adjust Roots
[14.690s][info][gc,phases      ] GC(21) Adjust Roots 0.668ms
[14.690s][info][gc,phases,start] GC(21) Compaction Phase
[14.894s][info][gc,phases      ] GC(21) Compaction Phase 204.732ms
[14.894s][info][gc,phases,start] GC(21) Post Compact
[14.900s][info][gc,phases      ] GC(21) Post Compact 6.135ms
[14.901s][info][gc,heap        ] GC(21) PSYoungGen: 1048576K(1223168K)->72952K(1223168K) Eden: 1048576K(1048576K)->72952K(1048576K) From: 0K(174592K)->0K(174592K)
[14.901s][info][gc,heap        ] GC(21) ParOldGen: 2796456K(2796544K)->2796464K(2796544K)
[14.901s][info][gc,metaspace   ] GC(21) Metaspace: 10447K(10688K)->10447K(10688K) NonClass: 9428K(9536K)->9428K(9536K) Class: 1019K(1152K)->1019K(1152K)
[14.901s][info][gc             ] GC(21) Pause Full (Ergonomics) 3754M->2802M(3925M) 244.445ms
[14.901s][info][gc,cpu         ] GC(21) User=1.32s Sys=0.00s Real=0.24s
[15.383s][info][gc,start       ] GC(22) Pause Full (Ergonomics)
[15.383s][info][gc,phases,start] GC(22) Marking Phase
[15.414s][info][gc,phases      ] GC(22) Marking Phase 30.137ms
[15.414s][info][gc,phases,start] GC(22) Summary Phase
[15.414s][info][gc,phases      ] GC(22) Summary Phase 0.063ms
[15.414s][info][gc,phases,start] GC(22) Adjust Roots
[15.414s][info][gc,phases      ] GC(22) Adjust Roots 0.486ms
[15.414s][info][gc,phases,start] GC(22) Compaction Phase
[15.619s][info][gc,phases      ] GC(22) Compaction Phase 204.790ms
[15.619s][info][gc,phases,start] GC(22) Post Compact
[15.626s][info][gc,phases      ] GC(22) Post Compact 6.803ms
[15.626s][info][gc,heap        ] GC(22) PSYoungGen: 1048576K(1223168K)->73001K(1223168K) Eden: 1048576K(1048576K)->73001K(1048576K) From: 0K(174592K)->0K(174592K)
[15.626s][info][gc,heap        ] GC(22) ParOldGen: 2796464K(2796544K)->2796415K(2796544K)
[15.626s][info][gc,metaspace   ] GC(22) Metaspace: 10447K(10688K)->10447K(10688K) NonClass: 9428K(9536K)->9428K(9536K) Class: 1019K(1152K)->1019K(1152K)
[15.626s][info][gc             ] GC(22) Pause Full (Ergonomics) 3754M->2802M(3925M) 242.572ms
[15.626s][info][gc,cpu         ] GC(22) User=1.31s Sys=0.00s Real=0.24s
[16.107s][info][gc,start       ] GC(23) Pause Full (Ergonomics)
[16.107s][info][gc,phases,start] GC(23) Marking Phase
[16.137s][info][gc,phases      ] GC(23) Marking Phase 30.403ms
[16.137s][info][gc,phases,start] GC(23) Summary Phase
[16.137s][info][gc,phases      ] GC(23) Summary Phase 0.064ms
[16.137s][info][gc,phases,start] GC(23) Adjust Roots
[16.138s][info][gc,phases      ] GC(23) Adjust Roots 0.637ms
[16.138s][info][gc,phases,start] GC(23) Compaction Phase
[16.343s][info][gc,phases      ] GC(23) Compaction Phase 205.309ms
[16.343s][info][gc,phases,start] GC(23) Post Compact
[16.350s][info][gc,phases      ] GC(23) Post Compact 7.020ms
[16.350s][info][gc,heap        ] GC(23) PSYoungGen: 1048576K(1223168K)->72940K(1223168K) Eden: 1048576K(1048576K)->72940K(1048576K) From: 0K(174592K)->0K(174592K)
[16.350s][info][gc,heap        ] GC(23) ParOldGen: 2796415K(2796544K)->2796477K(2796544K)
[16.350s][info][gc,metaspace   ] GC(23) Metaspace: 10447K(10688K)->10447K(10688K) NonClass: 9428K(9536K)->9428K(9536K) Class: 1019K(1152K)->1019K(1152K)
[16.350s][info][gc             ] GC(23) Pause Full (Ergonomics) 3754M->2802M(3925M) 243.745ms
[16.350s][info][gc,cpu         ] GC(23) User=1.32s Sys=0.00s Real=0.24s
[16.829s][info][gc,start       ] GC(24) Pause Full (Ergonomics)
[16.829s][info][gc,phases,start] GC(24) Marking Phase
[16.863s][info][gc,phases      ] GC(24) Marking Phase 34.369ms
[16.863s][info][gc,phases,start] GC(24) Summary Phase
[16.863s][info][gc,phases      ] GC(24) Summary Phase 0.063ms
[16.863s][info][gc,phases,start] GC(24) Adjust Roots
[16.864s][info][gc,phases      ] GC(24) Adjust Roots 0.682ms
[16.864s][info][gc,phases,start] GC(24) Compaction Phase
[17.069s][info][gc,phases      ] GC(24) Compaction Phase 204.704ms
[17.069s][info][gc,phases,start] GC(24) Post Compact
[17.075s][info][gc,phases      ] GC(24) Post Compact 6.681ms
[17.075s][info][gc,heap        ] GC(24) PSYoungGen: 1048576K(1223168K)->72976K(1223168K) Eden: 1048576K(1048576K)->72976K(1048576K) From: 0K(174592K)->0K(174592K)
[17.075s][info][gc,heap        ] GC(24) ParOldGen: 2796477K(2796544K)->2796440K(2796544K)
[17.075s][info][gc,metaspace   ] GC(24) Metaspace: 10447K(10688K)->10447K(10688K) NonClass: 9428K(9536K)->9428K(9536K) Class: 1019K(1152K)->1019K(1152K)
[17.075s][info][gc             ] GC(24) Pause Full (Ergonomics) 3754M->2802M(3925M) 246.808ms
[17.076s][info][gc,cpu         ] GC(24) User=1.32s Sys=0.00s Real=0.25s
[17.547s][info][gc,start       ] GC(25) Pause Full (Ergonomics)
[17.547s][info][gc,phases,start] GC(25) Marking Phase
[17.582s][info][gc,phases      ] GC(25) Marking Phase 34.495ms
[17.582s][info][gc,phases,start] GC(25) Summary Phase
[17.582s][info][gc,phases      ] GC(25) Summary Phase 0.059ms
[17.582s][info][gc,phases,start] GC(25) Adjust Roots
[17.582s][info][gc,phases      ] GC(25) Adjust Roots 0.654ms
[17.582s][info][gc,phases,start] GC(25) Compaction Phase
[17.783s][info][gc,phases      ] GC(25) Compaction Phase 200.804ms
[17.783s][info][gc,phases,start] GC(25) Post Compact
[17.790s][info][gc,phases      ] GC(25) Post Compact 7.057ms
[17.790s][info][gc,heap        ] GC(25) PSYoungGen: 1048576K(1223168K)->72984K(1223168K) Eden: 1048576K(1048576K)->72984K(1048576K) From: 0K(174592K)->0K(174592K)
[17.790s][info][gc,heap        ] GC(25) ParOldGen: 2796440K(2796544K)->2796432K(2796544K)
[17.790s][info][gc,metaspace   ] GC(25) Metaspace: 10447K(10688K)->10447K(10688K) NonClass: 9428K(9536K)->9428K(9536K) Class: 1019K(1152K)->1019K(1152K)
[17.790s][info][gc             ] GC(25) Pause Full (Ergonomics) 3754M->2802M(3925M) 243.381ms
[17.790s][info][gc,cpu         ] GC(25) User=1.31s Sys=0.00s Real=0.24s
[18.267s][info][gc,start       ] GC(26) Pause Full (Ergonomics)
[18.267s][info][gc,phases,start] GC(26) Marking Phase
[18.300s][info][gc,phases      ] GC(26) Marking Phase 32.143ms
[18.300s][info][gc,phases,start] GC(26) Summary Phase
[18.300s][info][gc,phases      ] GC(26) Summary Phase 0.065ms
[18.300s][info][gc,phases,start] GC(26) Adjust Roots
[18.300s][info][gc,phases      ] GC(26) Adjust Roots 0.425ms
[18.300s][info][gc,phases,start] GC(26) Compaction Phase
[18.504s][info][gc,phases      ] GC(26) Compaction Phase 203.743ms
[18.504s][info][gc,phases,start] GC(26) Post Compact
[18.510s][info][gc,phases      ] GC(26) Post Compact 6.143ms
[18.510s][info][gc,heap        ] GC(26) PSYoungGen: 1048576K(1223168K)->72996K(1223168K) Eden: 1048576K(1048576K)->72996K(1048576K) From: 0K(174592K)->0K(174592K)
[18.510s][info][gc,heap        ] GC(26) ParOldGen: 2796432K(2796544K)->2796420K(2796544K)
[18.510s][info][gc,metaspace   ] GC(26) Metaspace: 10447K(10688K)->10447K(10688K) NonClass: 9428K(9536K)->9428K(9536K) Class: 1019K(1152K)->1019K(1152K)
[18.510s][info][gc             ] GC(26) Pause Full (Ergonomics) 3754M->2802M(3925M) 242.812ms
[18.510s][info][gc,cpu         ] GC(26) User=1.31s Sys=0.00s Real=0.24s
[18.985s][info][gc,start       ] GC(27) Pause Full (Ergonomics)
[18.985s][info][gc,phases,start] GC(27) Marking Phase
[19.022s][info][gc,phases      ] GC(27) Marking Phase 37.437ms
[19.022s][info][gc,phases,start] GC(27) Summary Phase
[19.022s][info][gc,phases      ] GC(27) Summary Phase 0.060ms
[19.022s][info][gc,phases,start] GC(27) Adjust Roots
[19.023s][info][gc,phases      ] GC(27) Adjust Roots 0.501ms
[19.023s][info][gc,phases,start] GC(27) Compaction Phase
[19.230s][info][gc,phases      ] GC(27) Compaction Phase 207.445ms
[19.230s][info][gc,phases,start] GC(27) Post Compact
[19.236s][info][gc,phases      ] GC(27) Post Compact 6.138ms
[19.236s][info][gc,heap        ] GC(27) PSYoungGen: 1048576K(1223168K)->72960K(1223168K) Eden: 1048576K(1048576K)->72960K(1048576K) From: 0K(174592K)->0K(174592K)
[19.236s][info][gc,heap        ] GC(27) ParOldGen: 2796420K(2796544K)->2796456K(2796544K)
[19.236s][info][gc,metaspace   ] GC(27) Metaspace: 10447K(10688K)->10447K(10688K) NonClass: 9428K(9536K)->9428K(9536K) Class: 1019K(1152K)->1019K(1152K)
[19.236s][info][gc             ] GC(27) Pause Full (Ergonomics) 3754M->2802M(3925M) 251.892ms
[19.236s][info][gc,cpu         ] GC(27) User=1.32s Sys=0.00s Real=0.25s
[19.706s][info][gc,start       ] GC(28) Pause Full (Ergonomics)
[19.706s][info][gc,phases,start] GC(28) Marking Phase
[19.737s][info][gc,phases      ] GC(28) Marking Phase 30.297ms
[19.737s][info][gc,phases,start] GC(28) Summary Phase
[19.737s][info][gc,phases      ] GC(28) Summary Phase 0.060ms
[19.737s][info][gc,phases,start] GC(28) Adjust Roots
[19.737s][info][gc,phases      ] GC(28) Adjust Roots 0.444ms
[19.737s][info][gc,phases,start] GC(28) Compaction Phase
[19.937s][info][gc,phases      ] GC(28) Compaction Phase 200.058ms
[19.937s][info][gc,phases,start] GC(28) Post Compact
[19.943s][info][gc,phases      ] GC(28) Post Compact 5.885ms
[19.943s][info][gc,heap        ] GC(28) PSYoungGen: 1048576K(1223168K)->72984K(1223168K) Eden: 1048576K(1048576K)->72984K(1048576K) From: 0K(174592K)->0K(174592K)
[19.943s][info][gc,heap        ] GC(28) ParOldGen: 2796456K(2796544K)->2796432K(2796544K)
[19.943s][info][gc,metaspace   ] GC(28) Metaspace: 10447K(10688K)->10447K(10688K) NonClass: 9428K(9536K)->9428K(9536K) Class: 1019K(1152K)->1019K(1152K)
[19.943s][info][gc             ] GC(28) Pause Full (Ergonomics) 3754M->2802M(3925M) 237.029ms
[19.943s][info][gc,cpu         ] GC(28) User=1.30s Sys=0.00s Real=0.24s
[20.409s][info][gc,start       ] GC(29) Pause Full (Ergonomics)
[20.409s][info][gc,phases,start] GC(29) Marking Phase
[20.441s][info][gc,phases      ] GC(29) Marking Phase 32.139ms
[20.441s][info][gc,phases,start] GC(29) Summary Phase
[20.441s][info][gc,phases      ] GC(29) Summary Phase 0.060ms
[20.441s][info][gc,phases,start] GC(29) Adjust Roots
[20.442s][info][gc,phases      ] GC(29) Adjust Roots 0.609ms
[20.442s][info][gc,phases,start] GC(29) Compaction Phase
[20.646s][info][gc,phases      ] GC(29) Compaction Phase 204.498ms
[20.646s][info][gc,phases,start] GC(29) Post Compact
[20.652s][info][gc,phases      ] GC(29) Post Compact 6.049ms
[20.652s][info][gc,heap        ] GC(29) PSYoungGen: 1048576K(1223168K)->72976K(1223168K) Eden: 1048576K(1048576K)->72976K(1048576K) From: 0K(174592K)->0K(174592K)
[20.652s][info][gc,heap        ] GC(29) ParOldGen: 2796432K(2796544K)->2796440K(2796544K)
[20.652s][info][gc,metaspace   ] GC(29) Metaspace: 10447K(10688K)->10447K(10688K) NonClass: 9428K(9536K)->9428K(9536K) Class: 1019K(1152K)->1019K(1152K)
[20.652s][info][gc             ] GC(29) Pause Full (Ergonomics) 3754M->2802M(3925M) 243.646ms
[20.652s][info][gc,cpu         ] GC(29) User=1.31s Sys=0.00s Real=0.24s
[21.127s][info][gc,start       ] GC(30) Pause Full (Ergonomics)
[21.127s][info][gc,phases,start] GC(30) Marking Phase
[21.159s][info][gc,phases      ] GC(30) Marking Phase 31.950ms
[21.159s][info][gc,phases,start] GC(30) Summary Phase
[21.159s][info][gc,phases      ] GC(30) Summary Phase 0.064ms
[21.159s][info][gc,phases,start] GC(30) Adjust Roots
[21.159s][info][gc,phases      ] GC(30) Adjust Roots 0.455ms
[21.159s][info][gc,phases,start] GC(30) Compaction Phase
[21.359s][info][gc,phases      ] GC(30) Compaction Phase 200.260ms
[21.359s][info][gc,phases,start] GC(30) Post Compact
[21.365s][info][gc,phases      ] GC(30) Post Compact 5.965ms
[21.366s][info][gc,heap        ] GC(30) PSYoungGen: 1048576K(1223168K)->72972K(1223168K) Eden: 1048576K(1048576K)->72972K(1048576K) From: 0K(174592K)->0K(174592K)
[21.366s][info][gc,heap        ] GC(30) ParOldGen: 2796440K(2796544K)->2796444K(2796544K)
[21.366s][info][gc,metaspace   ] GC(30) Metaspace: 10447K(10688K)->10447K(10688K) NonClass: 9428K(9536K)->9428K(9536K) Class: 1019K(1152K)->1019K(1152K)
[21.366s][info][gc             ] GC(30) Pause Full (Ergonomics) 3754M->2802M(3925M) 239.017ms
[21.366s][info][gc,cpu         ] GC(30) User=1.29s Sys=0.02s Real=0.24s
[21.845s][info][gc,start       ] GC(31) Pause Full (Ergonomics)
[21.845s][info][gc,phases,start] GC(31) Marking Phase
[21.876s][info][gc,phases      ] GC(31) Marking Phase 30.467ms
[21.876s][info][gc,phases,start] GC(31) Summary Phase
[21.876s][info][gc,phases      ] GC(31) Summary Phase 0.059ms
[21.876s][info][gc,phases,start] GC(31) Adjust Roots
[21.876s][info][gc,phases      ] GC(31) Adjust Roots 0.447ms
[21.876s][info][gc,phases,start] GC(31) Compaction Phase
[22.076s][info][gc,phases      ] GC(31) Compaction Phase 199.747ms
[22.076s][info][gc,phases,start] GC(31) Post Compact
[22.082s][info][gc,phases      ] GC(31) Post Compact 6.129ms
[22.082s][info][gc,heap        ] GC(31) PSYoungGen: 1048576K(1223168K)->72976K(1223168K) Eden: 1048576K(1048576K)->72976K(1048576K) From: 0K(174592K)->0K(174592K)
[22.082s][info][gc,heap        ] GC(31) ParOldGen: 2796444K(2796544K)->2796440K(2796544K)
[22.082s][info][gc,metaspace   ] GC(31) Metaspace: 10447K(10688K)->10447K(10688K) NonClass: 9428K(9536K)->9428K(9536K) Class: 1019K(1152K)->1019K(1152K)
[22.082s][info][gc             ] GC(31) Pause Full (Ergonomics) 3754M->2802M(3925M) 237.139ms
[22.082s][info][gc,cpu         ] GC(31) User=1.31s Sys=0.00s Real=0.24s
[22.556s][info][gc,start       ] GC(32) Pause Full (Ergonomics)
[22.556s][info][gc,phases,start] GC(32) Marking Phase
[22.589s][info][gc,phases      ] GC(32) Marking Phase 33.397ms
[22.589s][info][gc,phases,start] GC(32) Summary Phase
[22.589s][info][gc,phases      ] GC(32) Summary Phase 0.060ms
[22.589s][info][gc,phases,start] GC(32) Adjust Roots
[22.590s][info][gc,phases      ] GC(32) Adjust Roots 0.611ms
[22.590s][info][gc,phases,start] GC(32) Compaction Phase
[22.795s][info][gc,phases      ] GC(32) Compaction Phase 205.408ms
[22.795s][info][gc,phases,start] GC(32) Post Compact
[22.802s][info][gc,phases      ] GC(32) Post Compact 7.086ms
[22.802s][info][gc,heap        ] GC(32) PSYoungGen: 1048576K(1223168K)->72972K(1223168K) Eden: 1048576K(1048576K)->72972K(1048576K) From: 0K(174592K)->0K(174592K)
[22.802s][info][gc,heap        ] GC(32) ParOldGen: 2796440K(2796544K)->2796444K(2796544K)
[22.802s][info][gc,metaspace   ] GC(32) Metaspace: 10447K(10688K)->10447K(10688K) NonClass: 9428K(9536K)->9428K(9536K) Class: 1019K(1152K)->1019K(1152K)
[22.802s][info][gc             ] GC(32) Pause Full (Ergonomics) 3754M->2802M(3925M) 246.873ms
[22.802s][info][gc,cpu         ] GC(32) User=1.32s Sys=0.00s Real=0.25s
[23.279s][info][gc,start       ] GC(33) Pause Full (Ergonomics)
[23.279s][info][gc,phases,start] GC(33) Marking Phase
[23.311s][info][gc,phases      ] GC(33) Marking Phase 31.102ms
[23.311s][info][gc,phases,start] GC(33) Summary Phase
[23.311s][info][gc,phases      ] GC(33) Summary Phase 0.065ms
[23.311s][info][gc,phases,start] GC(33) Adjust Roots
[23.311s][info][gc,phases      ] GC(33) Adjust Roots 0.459ms
[23.311s][info][gc,phases,start] GC(33) Compaction Phase
[23.515s][info][gc,phases      ] GC(33) Compaction Phase 203.876ms
[23.515s][info][gc,phases,start] GC(33) Post Compact
[23.522s][info][gc,phases      ] GC(33) Post Compact 6.926ms
[23.522s][info][gc,heap        ] GC(33) PSYoungGen: 1048576K(1223168K)->72956K(1223168K) Eden: 1048576K(1048576K)->72956K(1048576K) From: 0K(174592K)->0K(174592K)
[23.522s][info][gc,heap        ] GC(33) ParOldGen: 2796444K(2796544K)->2796460K(2796544K)
[23.522s][info][gc,metaspace   ] GC(33) Metaspace: 10447K(10688K)->10447K(10688K) NonClass: 9428K(9536K)->9428K(9536K) Class: 1019K(1152K)->1019K(1152K)
[23.522s][info][gc             ] GC(33) Pause Full (Ergonomics) 3754M->2802M(3925M) 242.727ms
[23.522s][info][gc,cpu         ] GC(33) User=1.31s Sys=0.00s Real=0.25s
[24.002s][info][gc,start       ] GC(34) Pause Full (Ergonomics)
[24.002s][info][gc,phases,start] GC(34) Marking Phase
[24.034s][info][gc,phases      ] GC(34) Marking Phase 31.889ms
[24.034s][info][gc,phases,start] GC(34) Summary Phase
[24.034s][info][gc,phases      ] GC(34) Summary Phase 0.059ms
[24.034s][info][gc,phases,start] GC(34) Adjust Roots
[24.034s][info][gc,phases      ] GC(34) Adjust Roots 0.448ms
[24.034s][info][gc,phases,start] GC(34) Compaction Phase
[24.234s][info][gc,phases      ] GC(34) Compaction Phase 199.447ms
[24.234s][info][gc,phases,start] GC(34) Post Compact
[24.240s][info][gc,phases      ] GC(34) Post Compact 6.006ms
[24.240s][info][gc,heap        ] GC(34) PSYoungGen: 1048576K(1223168K)->72980K(1223168K) Eden: 1048576K(1048576K)->72980K(1048576K) From: 0K(174592K)->0K(174592K)
[24.240s][info][gc,heap        ] GC(34) ParOldGen: 2796460K(2796544K)->2796436K(2796544K)
[24.240s][info][gc,metaspace   ] GC(34) Metaspace: 10447K(10688K)->10447K(10688K) NonClass: 9428K(9536K)->9428K(9536K) Class: 1019K(1152K)->1019K(1152K)
[24.240s][info][gc             ] GC(34) Pause Full (Ergonomics) 3754M->2802M(3925M) 238.151ms
[24.240s][info][gc,cpu         ] GC(34) User=1.30s Sys=0.00s Real=0.23s
[24.715s][info][gc,start       ] GC(35) Pause Full (Ergonomics)
[24.715s][info][gc,phases,start] GC(35) Marking Phase
[24.746s][info][gc,phases      ] GC(35) Marking Phase 30.636ms
[24.746s][info][gc,phases,start] GC(35) Summary Phase
[24.746s][info][gc,phases      ] GC(35) Summary Phase 0.063ms
[24.746s][info][gc,phases,start] GC(35) Adjust Roots
[24.746s][info][gc,phases      ] GC(35) Adjust Roots 0.543ms
[24.746s][info][gc,phases,start] GC(35) Compaction Phase
[24.877s][info][gc,phases      ] GC(35) Compaction Phase 130.633ms
[24.877s][info][gc,phases,start] GC(35) Post Compact
[24.884s][info][gc,phases      ] GC(35) Post Compact 6.736ms
[24.884s][info][gc,heap        ] GC(35) PSYoungGen: 1048576K(1223168K)->72952K(1223168K) Eden: 1048576K(1048576K)->72952K(1048576K) From: 0K(174592K)->0K(174592K)
[24.884s][info][gc,heap        ] GC(35) ParOldGen: 2796436K(2796544K)->2796464K(2796544K)
[24.884s][info][gc,metaspace   ] GC(35) Metaspace: 10447K(10688K)->10447K(10688K) NonClass: 9428K(9536K)->9428K(9536K) Class: 1019K(1152K)->1019K(1152K)
[24.884s][info][gc             ] GC(35) Pause Full (Ergonomics) 3754M->2802M(3925M) 168.918ms
[24.884s][info][gc,cpu         ] GC(35) User=1.30s Sys=0.00s Real=0.17s
[25.353s][info][gc,start       ] GC(36) Pause Full (Ergonomics)
[25.353s][info][gc,phases,start] GC(36) Marking Phase
[25.383s][info][gc,phases      ] GC(36) Marking Phase 30.298ms
[25.383s][info][gc,phases,start] GC(36) Summary Phase
[25.383s][info][gc,phases      ] GC(36) Summary Phase 0.064ms
[25.383s][info][gc,phases,start] GC(36) Adjust Roots
[25.384s][info][gc,phases      ] GC(36) Adjust Roots 0.542ms
[25.384s][info][gc,phases,start] GC(36) Compaction Phase
[25.514s][info][gc,phases      ] GC(36) Compaction Phase 130.606ms
[25.514s][info][gc,phases,start] GC(36) Post Compact
[25.524s][info][gc,phases      ] GC(36) Post Compact 9.585ms
[25.524s][info][gc,heap        ] GC(36) PSYoungGen: 1048576K(1223168K)->72972K(1223168K) Eden: 1048576K(1048576K)->72972K(1048576K) From: 0K(174592K)->0K(174592K)
[25.524s][info][gc,heap        ] GC(36) ParOldGen: 2796464K(2796544K)->2796444K(2796544K)
[25.524s][info][gc,metaspace   ] GC(36) Metaspace: 10447K(10688K)->10447K(10688K) NonClass: 9428K(9536K)->9428K(9536K) Class: 1019K(1152K)->1019K(1152K)
[25.524s][info][gc             ] GC(36) Pause Full (Ergonomics) 3754M->2802M(3925M) 171.416ms
[25.524s][info][gc,cpu         ] GC(36) User=1.31s Sys=0.00s Real=0.18s
[25.996s][info][gc,start       ] GC(37) Pause Full (Ergonomics)
[25.996s][info][gc,phases,start] GC(37) Marking Phase
[26.028s][info][gc,phases      ] GC(37) Marking Phase 31.974ms
[26.028s][info][gc,phases,start] GC(37) Summary Phase
[26.028s][info][gc,phases      ] GC(37) Summary Phase 0.064ms
[26.028s][info][gc,phases,start] GC(37) Adjust Roots
[26.029s][info][gc,phases      ] GC(37) Adjust Roots 0.544ms
[26.029s][info][gc,phases,start] GC(37) Compaction Phase
[26.160s][info][gc,phases      ] GC(37) Compaction Phase 130.720ms
[26.160s][info][gc,phases,start] GC(37) Post Compact
[26.167s][info][gc,phases      ] GC(37) Post Compact 7.386ms
[26.167s][info][gc,heap        ] GC(37) PSYoungGen: 1048576K(1223168K)->72931K(1223168K) Eden: 1048576K(1048576K)->72931K(1048576K) From: 0K(174592K)->0K(174592K)
[26.167s][info][gc,heap        ] GC(37) ParOldGen: 2796444K(2796544K)->2796485K(2796544K)
[26.167s][info][gc,metaspace   ] GC(37) Metaspace: 10447K(10688K)->10447K(10688K) NonClass: 9428K(9536K)->9428K(9536K) Class: 1019K(1152K)->1019K(1152K)
[26.167s][info][gc             ] GC(37) Pause Full (Ergonomics) 3754M->2802M(3925M) 171.023ms
[26.167s][info][gc,cpu         ] GC(37) User=1.31s Sys=0.00s Real=0.17s
[26.636s][info][gc,start       ] GC(38) Pause Full (Ergonomics)
[26.636s][info][gc,phases,start] GC(38) Marking Phase
[26.667s][info][gc,phases      ] GC(38) Marking Phase 31.214ms
[26.667s][info][gc,phases,start] GC(38) Summary Phase
[26.667s][info][gc,phases      ] GC(38) Summary Phase 0.064ms
[26.667s][info][gc,phases,start] GC(38) Adjust Roots
[26.668s][info][gc,phases      ] GC(38) Adjust Roots 0.611ms
[26.668s][info][gc,phases,start] GC(38) Compaction Phase
[26.871s][info][gc,phases      ] GC(38) Compaction Phase 203.395ms
[26.871s][info][gc,phases,start] GC(38) Post Compact
[26.878s][info][gc,phases      ] GC(38) Post Compact 6.941ms
[26.878s][info][gc,heap        ] GC(38) PSYoungGen: 1048576K(1223168K)->72976K(1223168K) Eden: 1048576K(1048576K)->72976K(1048576K) From: 0K(174592K)->0K(174592K)
[26.878s][info][gc,heap        ] GC(38) ParOldGen: 2796485K(2796544K)->2796440K(2796544K)
[26.878s][info][gc,metaspace   ] GC(38) Metaspace: 10447K(10688K)->10447K(10688K) NonClass: 9428K(9536K)->9428K(9536K) Class: 1019K(1152K)->1019K(1152K)
[26.878s][info][gc             ] GC(38) Pause Full (Ergonomics) 3754M->2802M(3925M) 242.534ms
[26.878s][info][gc,cpu         ] GC(38) User=1.32s Sys=0.00s Real=0.24s
[27.363s][info][gc,start       ] GC(39) Pause Full (Ergonomics)
[27.364s][info][gc,phases,start] GC(39) Marking Phase
[27.393s][info][gc,phases      ] GC(39) Marking Phase 29.928ms
[27.393s][info][gc,phases,start] GC(39) Summary Phase
[27.394s][info][gc,phases      ] GC(39) Summary Phase 0.060ms
[27.394s][info][gc,phases,start] GC(39) Adjust Roots
[27.394s][info][gc,phases      ] GC(39) Adjust Roots 0.379ms
[27.394s][info][gc,phases,start] GC(39) Compaction Phase
[27.525s][info][gc,phases      ] GC(39) Compaction Phase 131.250ms
[27.525s][info][gc,phases,start] GC(39) Post Compact
[27.534s][info][gc,phases      ] GC(39) Post Compact 8.702ms
[27.534s][info][gc,heap        ] GC(39) PSYoungGen: 1048576K(1223168K)->72980K(1223168K) Eden: 1048576K(1048576K)->72980K(1048576K) From: 0K(174592K)->0K(174592K)
[27.534s][info][gc,heap        ] GC(39) ParOldGen: 2796440K(2796544K)->2796436K(2796544K)
[27.534s][info][gc,metaspace   ] GC(39) Metaspace: 10447K(10688K)->10447K(10688K) NonClass: 9428K(9536K)->9428K(9536K) Class: 1019K(1152K)->1019K(1152K)
[27.534s][info][gc             ] GC(39) Pause Full (Ergonomics) 3754M->2802M(3925M) 170.627ms
[27.534s][info][gc,cpu         ] GC(39) User=1.30s Sys=0.00s Real=0.17s
[28.006s][info][gc,start       ] GC(40) Pause Full (Ergonomics)
[28.006s][info][gc,phases,start] GC(40) Marking Phase
[28.036s][info][gc,phases      ] GC(40) Marking Phase 30.292ms
[28.036s][info][gc,phases,start] GC(40) Summary Phase
[28.036s][info][gc,phases      ] GC(40) Summary Phase 0.063ms
[28.036s][info][gc,phases,start] GC(40) Adjust Roots
[28.037s][info][gc,phases      ] GC(40) Adjust Roots 0.538ms
[28.037s][info][gc,phases,start] GC(40) Compaction Phase
[28.165s][info][gc,phases      ] GC(40) Compaction Phase 127.783ms
[28.165s][info][gc,phases,start] GC(40) Post Compact
[28.174s][info][gc,phases      ] GC(40) Post Compact 9.671ms
[28.174s][info][gc,heap        ] GC(40) PSYoungGen: 1048576K(1223168K)->72968K(1223168K) Eden: 1048576K(1048576K)->72968K(1048576K) From: 0K(174592K)->0K(174592K)
[28.174s][info][gc,heap        ] GC(40) ParOldGen: 2796436K(2796544K)->2796448K(2796544K)
[28.175s][info][gc,metaspace   ] GC(40) Metaspace: 10447K(10688K)->10447K(10688K) NonClass: 9428K(9536K)->9428K(9536K) Class: 1019K(1152K)->1019K(1152K)
[28.175s][info][gc             ] GC(40) Pause Full (Ergonomics) 3754M->2802M(3925M) 168.682ms
[28.175s][info][gc,cpu         ] GC(40) User=1.31s Sys=0.00s Real=0.17s
[28.645s][info][gc,start       ] GC(41) Pause Full (Ergonomics)
[28.645s][info][gc,phases,start] GC(41) Marking Phase
[28.677s][info][gc,phases      ] GC(41) Marking Phase 32.763ms
[28.677s][info][gc,phases,start] GC(41) Summary Phase
[28.677s][info][gc,phases      ] GC(41) Summary Phase 0.074ms
[28.677s][info][gc,phases,start] GC(41) Adjust Roots
[28.678s][info][gc,phases      ] GC(41) Adjust Roots 0.387ms
[28.678s][info][gc,phases,start] GC(41) Compaction Phase
[28.809s][info][gc,phases      ] GC(41) Compaction Phase 131.209ms
[28.809s][info][gc,phases,start] GC(41) Post Compact
[28.818s][info][gc,phases      ] GC(41) Post Compact 8.934ms
[28.818s][info][gc,heap        ] GC(41) PSYoungGen: 1048576K(1223168K)->72960K(1223168K) Eden: 1048576K(1048576K)->72960K(1048576K) From: 0K(174592K)->0K(174592K)
[28.818s][info][gc,heap        ] GC(41) ParOldGen: 2796448K(2796544K)->2796456K(2796544K)
[28.818s][info][gc,metaspace   ] GC(41) Metaspace: 10447K(10688K)->10447K(10688K) NonClass: 9428K(9536K)->9428K(9536K) Class: 1019K(1152K)->1019K(1152K)
[28.818s][info][gc             ] GC(41) Pause Full (Ergonomics) 3754M->2802M(3925M) 173.691ms
[28.818s][info][gc,cpu         ] GC(41) User=1.31s Sys=0.00s Real=0.17s
[29.296s][info][gc,start       ] GC(42) Pause Full (Ergonomics)
[29.296s][info][gc,phases,start] GC(42) Marking Phase
[29.330s][info][gc,phases      ] GC(42) Marking Phase 34.028ms
[29.330s][info][gc,phases,start] GC(42) Summary Phase
[29.330s][info][gc,phases      ] GC(42) Summary Phase 0.064ms
[29.330s][info][gc,phases,start] GC(42) Adjust Roots
[29.331s][info][gc,phases      ] GC(42) Adjust Roots 0.577ms
[29.331s][info][gc,phases,start] GC(42) Compaction Phase
[29.463s][info][gc,phases      ] GC(42) Compaction Phase 131.412ms
[29.463s][info][gc,phases,start] GC(42) Post Compact
[29.472s][info][gc,phases      ] GC(42) Post Compact 9.924ms
[29.473s][info][gc,heap        ] GC(42) PSYoungGen: 1048576K(1223168K)->72988K(1223168K) Eden: 1048576K(1048576K)->72988K(1048576K) From: 0K(174592K)->0K(174592K)
[29.473s][info][gc,heap        ] GC(42) ParOldGen: 2796456K(2796544K)->2796428K(2796544K)
[29.473s][info][gc,metaspace   ] GC(42) Metaspace: 10447K(10688K)->10447K(10688K) NonClass: 9428K(9536K)->9428K(9536K) Class: 1019K(1152K)->1019K(1152K)
[29.473s][info][gc             ] GC(42) Pause Full (Ergonomics) 3754M->2802M(3925M) 176.335ms
[29.473s][info][gc,cpu         ] GC(42) User=1.31s Sys=0.00s Real=0.17s
[29.947s][info][gc,start       ] GC(43) Pause Full (Ergonomics)
[29.947s][info][gc,phases,start] GC(43) Marking Phase
[29.978s][info][gc,phases      ] GC(43) Marking Phase 30.629ms
[29.978s][info][gc,phases,start] GC(43) Summary Phase
[29.978s][info][gc,phases      ] GC(43) Summary Phase 0.064ms
[29.978s][info][gc,phases,start] GC(43) Adjust Roots
[29.979s][info][gc,phases      ] GC(43) Adjust Roots 0.398ms
[29.979s][info][gc,phases,start] GC(43) Compaction Phase
[30.110s][info][gc,phases      ] GC(43) Compaction Phase 131.039ms
[30.110s][info][gc,phases,start] GC(43) Post Compact
[30.119s][info][gc,phases      ] GC(43) Post Compact 9.087ms
[30.119s][info][gc,heap        ] GC(43) PSYoungGen: 1048576K(1223168K)->72968K(1223168K) Eden: 1048576K(1048576K)->72968K(1048576K) From: 0K(174592K)->0K(174592K)
[30.119s][info][gc,heap        ] GC(43) ParOldGen: 2796428K(2796544K)->2796448K(2796544K)
[30.119s][info][gc,metaspace   ] GC(43) Metaspace: 10447K(10688K)->10447K(10688K) NonClass: 9428K(9536K)->9428K(9536K) Class: 1019K(1152K)->1019K(1152K)
[30.119s][info][gc             ] GC(43) Pause Full (Ergonomics) 3754M->2802M(3925M) 171.540ms
[30.119s][info][gc,cpu         ] GC(43) User=1.31s Sys=0.00s Real=0.17s
[30.599s][info][gc,start       ] GC(44) Pause Full (Ergonomics)
[30.599s][info][gc,phases,start] GC(44) Marking Phase
[30.635s][info][gc,phases      ] GC(44) Marking Phase 36.063ms
[30.635s][info][gc,phases,start] GC(44) Summary Phase
[30.635s][info][gc,phases      ] GC(44) Summary Phase 0.064ms
[30.635s][info][gc,phases,start] GC(44) Adjust Roots
[30.635s][info][gc,phases      ] GC(44) Adjust Roots 0.414ms
[30.635s][info][gc,phases,start] GC(44) Compaction Phase
[30.766s][info][gc,phases      ] GC(44) Compaction Phase 130.959ms
[30.766s][info][gc,phases,start] GC(44) Post Compact
[30.777s][info][gc,phases      ] GC(44) Post Compact 10.428ms
[30.777s][info][gc,heap        ] GC(44) PSYoungGen: 1048576K(1223168K)->72960K(1223168K) Eden: 1048576K(1048576K)->72960K(1048576K) From: 0K(174592K)->0K(174592K)
[30.777s][info][gc,heap        ] GC(44) ParOldGen: 2796448K(2796544K)->2796456K(2796544K)
[30.777s][info][gc,metaspace   ] GC(44) Metaspace: 10447K(10688K)->10447K(10688K) NonClass: 9428K(9536K)->9428K(9536K) Class: 1019K(1152K)->1019K(1152K)
[30.777s][info][gc             ] GC(44) Pause Full (Ergonomics) 3754M->2802M(3925M) 178.257ms
[30.777s][info][gc,cpu         ] GC(44) User=1.31s Sys=0.00s Real=0.18s
[31.246s][info][gc,start       ] GC(45) Pause Full (Ergonomics)
[31.246s][info][gc,phases,start] GC(45) Marking Phase
[31.277s][info][gc,phases      ] GC(45) Marking Phase 31.510ms
[31.277s][info][gc,phases,start] GC(45) Summary Phase
[31.277s][info][gc,phases      ] GC(45) Summary Phase 0.064ms
[31.277s][info][gc,phases,start] GC(45) Adjust Roots
[31.278s][info][gc,phases      ] GC(45) Adjust Roots 0.405ms
[31.278s][info][gc,phases,start] GC(45) Compaction Phase
[31.409s][info][gc,phases      ] GC(45) Compaction Phase 131.494ms
[31.409s][info][gc,phases,start] GC(45) Post Compact
[31.418s][info][gc,phases      ] GC(45) Post Compact 8.865ms
[31.418s][info][gc,heap        ] GC(45) PSYoungGen: 1048576K(1223168K)->72944K(1223168K) Eden: 1048576K(1048576K)->72944K(1048576K) From: 0K(174592K)->0K(174592K)
[31.418s][info][gc,heap        ] GC(45) ParOldGen: 2796456K(2796544K)->2796472K(2796544K)
[31.418s][info][gc,metaspace   ] GC(45) Metaspace: 10447K(10688K)->10447K(10688K) NonClass: 9428K(9536K)->9428K(9536K) Class: 1019K(1152K)->1019K(1152K)
[31.418s][info][gc             ] GC(45) Pause Full (Ergonomics) 3754M->2802M(3925M) 172.670ms
[31.418s][info][gc,cpu         ] GC(45) User=1.30s Sys=0.01s Real=0.17s
[31.899s][info][gc,start       ] GC(46) Pause Full (Ergonomics)
[31.899s][info][gc,phases,start] GC(46) Marking Phase
[31.930s][info][gc,phases      ] GC(46) Marking Phase 31.188ms
[31.930s][info][gc,phases,start] GC(46) Summary Phase
[31.930s][info][gc,phases      ] GC(46) Summary Phase 0.063ms
[31.930s][info][gc,phases,start] GC(46) Adjust Roots
[31.931s][info][gc,phases      ] GC(46) Adjust Roots 0.810ms
[31.931s][info][gc,phases,start] GC(46) Compaction Phase
[32.063s][info][gc,phases      ] GC(46) Compaction Phase 132.046ms
[32.063s][info][gc,phases,start] GC(46) Post Compact
[32.072s][info][gc,phases      ] GC(46) Post Compact 8.288ms
[32.072s][info][gc,heap        ] GC(46) PSYoungGen: 1048576K(1223168K)->72956K(1223168K) Eden: 1048576K(1048576K)->72956K(1048576K) From: 0K(174592K)->0K(174592K)
[32.072s][info][gc,heap        ] GC(46) ParOldGen: 2796472K(2796544K)->2796460K(2796544K)
[32.072s][info][gc,metaspace   ] GC(46) Metaspace: 10447K(10688K)->10447K(10688K) NonClass: 9428K(9536K)->9428K(9536K) Class: 1019K(1152K)->1019K(1152K)
[32.072s][info][gc             ] GC(46) Pause Full (Ergonomics) 3754M->2802M(3925M) 172.734ms
[32.072s][info][gc,cpu         ] GC(46) User=1.31s Sys=0.00s Real=0.17s
[32.541s][info][gc,start       ] GC(47) Pause Full (Ergonomics)
[32.541s][info][gc,phases,start] GC(47) Marking Phase
[32.573s][info][gc,phases      ] GC(47) Marking Phase 32.136ms
[32.573s][info][gc,phases,start] GC(47) Summary Phase
[32.573s][info][gc,phases      ] GC(47) Summary Phase 0.063ms
[32.573s][info][gc,phases,start] GC(47) Adjust Roots
[32.574s][info][gc,phases      ] GC(47) Adjust Roots 0.540ms
[32.574s][info][gc,phases,start] GC(47) Compaction Phase
[32.706s][info][gc,phases      ] GC(47) Compaction Phase 132.382ms
[32.706s][info][gc,phases,start] GC(47) Post Compact
[32.713s][info][gc,phases      ] GC(47) Post Compact 7.121ms
[32.713s][info][gc,heap        ] GC(47) PSYoungGen: 1048576K(1223168K)->72964K(1223168K) Eden: 1048576K(1048576K)->72964K(1048576K) From: 0K(174592K)->0K(174592K)
[32.713s][info][gc,heap        ] GC(47) ParOldGen: 2796460K(2796544K)->2796452K(2796544K)
[32.713s][info][gc,metaspace   ] GC(47) Metaspace: 10447K(10688K)->10447K(10688K) NonClass: 9428K(9536K)->9428K(9536K) Class: 1019K(1152K)->1019K(1152K)
[32.713s][info][gc             ] GC(47) Pause Full (Ergonomics) 3754M->2802M(3925M) 172.600ms
[32.713s][info][gc,cpu         ] GC(47) User=1.31s Sys=0.00s Real=0.17s
[33.185s][info][gc,start       ] GC(48) Pause Full (Ergonomics)
[33.185s][info][gc,phases,start] GC(48) Marking Phase
[33.217s][info][gc,phases      ] GC(48) Marking Phase 32.396ms
[33.217s][info][gc,phases,start] GC(48) Summary Phase
[33.217s][info][gc,phases      ] GC(48) Summary Phase 0.082ms
[33.217s][info][gc,phases,start] GC(48) Adjust Roots
[33.218s][info][gc,phases      ] GC(48) Adjust Roots 0.533ms
[33.218s][info][gc,phases,start] GC(48) Compaction Phase
[33.349s][info][gc,phases      ] GC(48) Compaction Phase 131.289ms
[33.349s][info][gc,phases,start] GC(48) Post Compact
[33.359s][info][gc,phases      ] GC(48) Post Compact 9.185ms
[33.359s][info][gc,heap        ] GC(48) PSYoungGen: 1048576K(1223168K)->72948K(1223168K) Eden: 1048576K(1048576K)->72948K(1048576K) From: 0K(174592K)->0K(174592K)
[33.359s][info][gc,heap        ] GC(48) ParOldGen: 2796452K(2796544K)->2796468K(2796544K)
[33.359s][info][gc,metaspace   ] GC(48) Metaspace: 10447K(10688K)->10447K(10688K) NonClass: 9428K(9536K)->9428K(9536K) Class: 1019K(1152K)->1019K(1152K)
[33.359s][info][gc             ] GC(48) Pause Full (Ergonomics) 3754M->2802M(3925M) 173.807ms
[33.359s][info][gc,cpu         ] GC(48) User=1.31s Sys=0.01s Real=0.17s
[33.823s][info][gc,start       ] GC(49) Pause Full (Ergonomics)
[33.823s][info][gc,phases,start] GC(49) Marking Phase
[33.853s][info][gc,phases      ] GC(49) Marking Phase 29.660ms
[33.853s][info][gc,phases,start] GC(49) Summary Phase
[33.853s][info][gc,phases      ] GC(49) Summary Phase 0.064ms
[33.853s][info][gc,phases,start] GC(49) Adjust Roots
[33.853s][info][gc,phases      ] GC(49) Adjust Roots 0.388ms
[33.853s][info][gc,phases,start] GC(49) Compaction Phase
[33.984s][info][gc,phases      ] GC(49) Compaction Phase 130.656ms
[33.984s][info][gc,phases,start] GC(49) Post Compact
[33.993s][info][gc,phases      ] GC(49) Post Compact 9.319ms
[33.993s][info][gc,heap        ] GC(49) PSYoungGen: 1048576K(1223168K)->72968K(1223168K) Eden: 1048576K(1048576K)->72968K(1048576K) From: 0K(174592K)->0K(174592K)
[33.994s][info][gc,heap        ] GC(49) ParOldGen: 2796468K(2796544K)->2796448K(2796544K)
[33.994s][info][gc,metaspace   ] GC(49) Metaspace: 10447K(10688K)->10447K(10688K) NonClass: 9428K(9536K)->9428K(9536K) Class: 1019K(1152K)->1019K(1152K)
[33.994s][info][gc             ] GC(49) Pause Full (Ergonomics) 3754M->2802M(3925M) 170.423ms
[33.994s][info][gc,cpu         ] GC(49) User=1.31s Sys=0.00s Real=0.17s
[34.462s][info][gc,start       ] GC(50) Pause Full (Ergonomics)
[34.462s][info][gc,phases,start] GC(50) Marking Phase
[34.492s][info][gc,phases      ] GC(50) Marking Phase 30.177ms
[34.492s][info][gc,phases,start] GC(50) Summary Phase
[34.492s][info][gc,phases      ] GC(50) Summary Phase 0.063ms
[34.492s][info][gc,phases,start] GC(50) Adjust Roots
[34.493s][info][gc,phases      ] GC(50) Adjust Roots 0.535ms
[34.493s][info][gc,phases,start] GC(50) Compaction Phase
[34.624s][info][gc,phases      ] GC(50) Compaction Phase 131.414ms
[34.624s][info][gc,phases,start] GC(50) Post Compact
[34.634s][info][gc,phases      ] GC(50) Post Compact 9.851ms
[34.634s][info][gc,heap        ] GC(50) PSYoungGen: 1048576K(1223168K)->72972K(1223168K) Eden: 1048576K(1048576K)->72972K(1048576K) From: 0K(174592K)->0K(174592K)
[34.634s][info][gc,heap        ] GC(50) ParOldGen: 2796448K(2796544K)->2796444K(2796544K)
[34.634s][info][gc,metaspace   ] GC(50) Metaspace: 10447K(10688K)->10447K(10688K) NonClass: 9428K(9536K)->9428K(9536K) Class: 1019K(1152K)->1019K(1152K)
[34.634s][info][gc             ] GC(50) Pause Full (Ergonomics) 3754M->2802M(3925M) 172.395ms
[34.634s][info][gc,cpu         ] GC(50) User=1.31s Sys=0.00s Real=0.17s
[35.104s][info][gc,start       ] GC(51) Pause Full (Ergonomics)
[35.104s][info][gc,phases,start] GC(51) Marking Phase
[35.135s][info][gc,phases      ] GC(51) Marking Phase 31.798ms
[35.136s][info][gc,phases,start] GC(51) Summary Phase
[35.136s][info][gc,phases      ] GC(51) Summary Phase 0.063ms
[35.136s][info][gc,phases,start] GC(51) Adjust Roots
[35.136s][info][gc,phases      ] GC(51) Adjust Roots 0.385ms
[35.136s][info][gc,phases,start] GC(51) Compaction Phase
[35.266s][info][gc,phases      ] GC(51) Compaction Phase 130.475ms
[35.267s][info][gc,phases,start] GC(51) Post Compact
[35.276s][info][gc,phases      ] GC(51) Post Compact 9.848ms
[35.276s][info][gc,heap        ] GC(51) PSYoungGen: 1048576K(1223168K)->72964K(1223168K) Eden: 1048576K(1048576K)->72964K(1048576K) From: 0K(174592K)->0K(174592K)
[35.276s][info][gc,heap        ] GC(51) ParOldGen: 2796444K(2796544K)->2796452K(2796544K)
[35.276s][info][gc,metaspace   ] GC(51) Metaspace: 10447K(10688K)->10447K(10688K) NonClass: 9428K(9536K)->9428K(9536K) Class: 1019K(1152K)->1019K(1152K)
[35.276s][info][gc             ] GC(51) Pause Full (Ergonomics) 3754M->2802M(3925M) 172.894ms
[35.277s][info][gc,cpu         ] GC(51) User=1.31s Sys=0.00s Real=0.17s
[35.754s][info][gc,start       ] GC(52) Pause Full (Ergonomics)
[35.754s][info][gc,phases,start] GC(52) Marking Phase
[35.785s][info][gc,phases      ] GC(52) Marking Phase 30.685ms
[35.785s][info][gc,phases,start] GC(52) Summary Phase
[35.785s][info][gc,phases      ] GC(52) Summary Phase 0.065ms
[35.785s][info][gc,phases,start] GC(52) Adjust Roots
[35.785s][info][gc,phases      ] GC(52) Adjust Roots 0.385ms
[35.785s][info][gc,phases,start] GC(52) Compaction Phase
[35.917s][info][gc,phases      ] GC(52) Compaction Phase 131.322ms
[35.917s][info][gc,phases,start] GC(52) Post Compact
[35.924s][info][gc,phases      ] GC(52) Post Compact 7.552ms
[35.924s][info][gc,heap        ] GC(52) PSYoungGen: 1048576K(1223168K)->72984K(1223168K) Eden: 1048576K(1048576K)->72984K(1048576K) From: 0K(174592K)->0K(174592K)
[35.924s][info][gc,heap        ] GC(52) ParOldGen: 2796452K(2796544K)->2796432K(2796544K)
[35.924s][info][gc,metaspace   ] GC(52) Metaspace: 10447K(10688K)->10447K(10688K) NonClass: 9428K(9536K)->9428K(9536K) Class: 1019K(1152K)->1019K(1152K)
[35.924s][info][gc             ] GC(52) Pause Full (Ergonomics) 3754M->2802M(3925M) 170.336ms
[35.924s][info][gc,cpu         ] GC(52) User=1.30s Sys=0.00s Real=0.17s
[36.387s][info][gc,start       ] GC(53) Pause Full (Ergonomics)
[36.387s][info][gc,phases,start] GC(53) Marking Phase
[36.421s][info][gc,phases      ] GC(53) Marking Phase 33.480ms
[36.421s][info][gc,phases,start] GC(53) Summary Phase
[36.421s][info][gc,phases      ] GC(53) Summary Phase 0.064ms
[36.421s][info][gc,phases,start] GC(53) Adjust Roots
[36.421s][info][gc,phases      ] GC(53) Adjust Roots 0.532ms
[36.421s][info][gc,phases,start] GC(53) Compaction Phase
[36.552s][info][gc,phases      ] GC(53) Compaction Phase 130.193ms
[36.552s][info][gc,phases,start] GC(53) Post Compact
[36.561s][info][gc,phases      ] GC(53) Post Compact 8.889ms
[36.561s][info][gc,heap        ] GC(53) PSYoungGen: 1048576K(1223168K)->72948K(1223168K) Eden: 1048576K(1048576K)->72948K(1048576K) From: 0K(174592K)->0K(174592K)
[36.561s][info][gc,heap        ] GC(53) ParOldGen: 2796432K(2796544K)->2796468K(2796544K)
[36.561s][info][gc,metaspace   ] GC(53) Metaspace: 10447K(10688K)->10447K(10688K) NonClass: 9428K(9536K)->9428K(9536K) Class: 1019K(1152K)->1019K(1152K)
[36.561s][info][gc             ] GC(53) Pause Full (Ergonomics) 3754M->2802M(3925M) 173.488ms
[36.561s][info][gc,cpu         ] GC(53) User=1.30s Sys=0.01s Real=0.17s
[37.035s][info][gc,start       ] GC(54) Pause Full (Ergonomics)
[37.035s][info][gc,phases,start] GC(54) Marking Phase
[37.066s][info][gc,phases      ] GC(54) Marking Phase 30.921ms
[37.066s][info][gc,phases,start] GC(54) Summary Phase
[37.067s][info][gc,phases      ] GC(54) Summary Phase 0.063ms
[37.067s][info][gc,phases,start] GC(54) Adjust Roots
[37.067s][info][gc,phases      ] GC(54) Adjust Roots 0.548ms
[37.067s][info][gc,phases,start] GC(54) Compaction Phase
[37.200s][info][gc,phases      ] GC(54) Compaction Phase 132.663ms
[37.200s][info][gc,phases,start] GC(54) Post Compact
[37.208s][info][gc,phases      ] GC(54) Post Compact 8.007ms
[37.208s][info][gc,heap        ] GC(54) PSYoungGen: 1048576K(1223168K)->72996K(1223168K) Eden: 1048576K(1048576K)->72996K(1048576K) From: 0K(174592K)->0K(174592K)
[37.208s][info][gc,heap        ] GC(54) ParOldGen: 2796468K(2796544K)->2796420K(2796544K)
[37.208s][info][gc,metaspace   ] GC(54) Metaspace: 10447K(10688K)->10447K(10688K) NonClass: 9428K(9536K)->9428K(9536K) Class: 1019K(1152K)->1019K(1152K)
[37.208s][info][gc             ] GC(54) Pause Full (Ergonomics) 3754M->2802M(3925M) 172.557ms
[37.208s][info][gc,cpu         ] GC(54) User=1.31s Sys=0.00s Real=0.17s
[37.689s][info][gc,start       ] GC(55) Pause Full (Ergonomics)
[37.689s][info][gc,phases,start] GC(55) Marking Phase
[37.722s][info][gc,phases      ] GC(55) Marking Phase 33.692ms
[37.722s][info][gc,phases,start] GC(55) Summary Phase
[37.722s][info][gc,phases      ] GC(55) Summary Phase 0.063ms
[37.722s][info][gc,phases,start] GC(55) Adjust Roots
[37.723s][info][gc,phases      ] GC(55) Adjust Roots 0.560ms
[37.723s][info][gc,phases,start] GC(55) Compaction Phase
[37.853s][info][gc,phases      ] GC(55) Compaction Phase 130.087ms
[37.853s][info][gc,phases,start] GC(55) Post Compact
[37.862s][info][gc,phases      ] GC(55) Post Compact 8.781ms
[37.862s][info][gc,heap        ] GC(55) PSYoungGen: 1048576K(1223168K)->72960K(1223168K) Eden: 1048576K(1048576K)->72960K(1048576K) From: 0K(174592K)->0K(174592K)
[37.862s][info][gc,heap        ] GC(55) ParOldGen: 2796420K(2796544K)->2796456K(2796544K)
[37.862s][info][gc,metaspace   ] GC(55) Metaspace: 10447K(10688K)->10447K(10688K) NonClass: 9428K(9536K)->9428K(9536K) Class: 1019K(1152K)->1019K(1152K)
[37.862s][info][gc             ] GC(55) Pause Full (Ergonomics) 3754M->2802M(3925M) 173.510ms
[37.862s][info][gc,cpu         ] GC(55) User=1.31s Sys=0.00s Real=0.18s
[38.336s][info][gc,start       ] GC(56) Pause Full (Ergonomics)
[38.337s][info][gc,phases,start] GC(56) Marking Phase
[38.367s][info][gc,phases      ] GC(56) Marking Phase 30.376ms
[38.367s][info][gc,phases,start] GC(56) Summary Phase
[38.367s][info][gc,phases      ] GC(56) Summary Phase 0.065ms
[38.367s][info][gc,phases,start] GC(56) Adjust Roots
[38.368s][info][gc,phases      ] GC(56) Adjust Roots 0.533ms
[38.368s][info][gc,phases,start] GC(56) Compaction Phase
[38.498s][info][gc,phases      ] GC(56) Compaction Phase 130.085ms
[38.498s][info][gc,phases,start] GC(56) Post Compact
[38.507s][info][gc,phases      ] GC(56) Post Compact 8.800ms
[38.507s][info][gc,heap        ] GC(56) PSYoungGen: 1048576K(1223168K)->72940K(1223168K) Eden: 1048576K(1048576K)->72940K(1048576K) From: 0K(174592K)->0K(174592K)
[38.507s][info][gc,heap        ] GC(56) ParOldGen: 2796456K(2796544K)->2796477K(2796544K)
[38.507s][info][gc,metaspace   ] GC(56) Metaspace: 10447K(10688K)->10447K(10688K) NonClass: 9428K(9536K)->9428K(9536K) Class: 1019K(1152K)->1019K(1152K)
[38.507s][info][gc             ] GC(56) Pause Full (Ergonomics) 3754M->2802M(3925M) 170.169ms
[38.507s][info][gc,cpu         ] GC(56) User=1.30s Sys=0.00s Real=0.17s
[38.983s][info][gc,start       ] GC(57) Pause Full (Ergonomics)
[38.983s][info][gc,phases,start] GC(57) Marking Phase
[39.014s][info][gc,phases      ] GC(57) Marking Phase 30.882ms
[39.014s][info][gc,phases,start] GC(57) Summary Phase
[39.014s][info][gc,phases      ] GC(57) Summary Phase 0.065ms
[39.014s][info][gc,phases,start] GC(57) Adjust Roots
[39.015s][info][gc,phases      ] GC(57) Adjust Roots 0.536ms
[39.015s][info][gc,phases,start] GC(57) Compaction Phase
[39.147s][info][gc,phases      ] GC(57) Compaction Phase 131.838ms
[39.147s][info][gc,phases,start] GC(57) Post Compact
[39.156s][info][gc,phases      ] GC(57) Post Compact 9.343ms
[39.156s][info][gc,heap        ] GC(57) PSYoungGen: 1048576K(1223168K)->72980K(1223168K) Eden: 1048576K(1048576K)->72980K(1048576K) From: 0K(174592K)->0K(174592K)
[39.156s][info][gc,heap        ] GC(57) ParOldGen: 2796477K(2796544K)->2796436K(2796544K)
[39.156s][info][gc,metaspace   ] GC(57) Metaspace: 10447K(10688K)->10447K(10688K) NonClass: 9428K(9536K)->9428K(9536K) Class: 1019K(1152K)->1019K(1152K)
[39.156s][info][gc             ] GC(57) Pause Full (Ergonomics) 3754M->2802M(3925M) 173.027ms
[39.156s][info][gc,cpu         ] GC(57) User=1.31s Sys=0.00s Real=0.17s
[39.634s][info][gc,start       ] GC(58) Pause Full (Ergonomics)
[39.634s][info][gc,phases,start] GC(58) Marking Phase
[39.665s][info][gc,phases      ] GC(58) Marking Phase 30.554ms
[39.665s][info][gc,phases,start] GC(58) Summary Phase
[39.665s][info][gc,phases      ] GC(58) Summary Phase 0.064ms
[39.665s][info][gc,phases,start] GC(58) Adjust Roots
[39.665s][info][gc,phases      ] GC(58) Adjust Roots 0.533ms
[39.665s][info][gc,phases,start] GC(58) Compaction Phase
[39.796s][info][gc,phases      ] GC(58) Compaction Phase 130.419ms
[39.796s][info][gc,phases,start] GC(58) Post Compact
[39.805s][info][gc,phases      ] GC(58) Post Compact 9.038ms
[39.805s][info][gc,heap        ] GC(58) PSYoungGen: 1048576K(1223168K)->72992K(1223168K) Eden: 1048576K(1048576K)->72992K(1048576K) From: 0K(174592K)->0K(174592K)
[39.805s][info][gc,heap        ] GC(58) ParOldGen: 2796436K(2796544K)->2796424K(2796544K)
[39.805s][info][gc,metaspace   ] GC(58) Metaspace: 10447K(10688K)->10447K(10688K) NonClass: 9428K(9536K)->9428K(9536K) Class: 1019K(1152K)->1019K(1152K)
[39.805s][info][gc             ] GC(58) Pause Full (Ergonomics) 3754M->2802M(3925M) 170.934ms
[39.805s][info][gc,cpu         ] GC(58) User=1.30s Sys=0.00s Real=0.17s
[40.285s][info][gc,start       ] GC(59) Pause Full (Ergonomics)
[40.285s][info][gc,phases,start] GC(59) Marking Phase
[40.319s][info][gc,phases      ] GC(59) Marking Phase 33.835ms
[40.319s][info][gc,phases,start] GC(59) Summary Phase
[40.319s][info][gc,phases      ] GC(59) Summary Phase 0.064ms
[40.319s][info][gc,phases,start] GC(59) Adjust Roots
[40.319s][info][gc,phases      ] GC(59) Adjust Roots 0.395ms
[40.319s][info][gc,phases,start] GC(59) Compaction Phase
[40.450s][info][gc,phases      ] GC(59) Compaction Phase 130.665ms
[40.450s][info][gc,phases,start] GC(59) Post Compact
[40.459s][info][gc,phases      ] GC(59) Post Compact 8.759ms
[40.459s][info][gc,heap        ] GC(59) PSYoungGen: 1048576K(1223168K)->72948K(1223168K) Eden: 1048576K(1048576K)->72948K(1048576K) From: 0K(174592K)->0K(174592K)
[40.459s][info][gc,heap        ] GC(59) ParOldGen: 2796424K(2796544K)->2796468K(2796544K)
[40.459s][info][gc,metaspace   ] GC(59) Metaspace: 10447K(10688K)->10447K(10688K) NonClass: 9428K(9536K)->9428K(9536K) Class: 1019K(1152K)->1019K(1152K)
[40.459s][info][gc             ] GC(59) Pause Full (Ergonomics) 3754M->2802M(3925M) 174.040ms
[40.459s][info][gc,cpu         ] GC(59) User=1.31s Sys=0.00s Real=0.17s
[40.941s][info][gc,start       ] GC(60) Pause Full (Ergonomics)
[40.941s][info][gc,phases,start] GC(60) Marking Phase
[40.972s][info][gc,phases      ] GC(60) Marking Phase 31.611ms
[40.972s][info][gc,phases,start] GC(60) Summary Phase
[40.973s][info][gc,phases      ] GC(60) Summary Phase 0.063ms
[40.973s][info][gc,phases,start] GC(60) Adjust Roots
[40.973s][info][gc,phases      ] GC(60) Adjust Roots 0.526ms
[40.973s][info][gc,phases,start] GC(60) Compaction Phase
[41.100s][info][gc,phases      ] GC(60) Compaction Phase 126.991ms
[41.100s][info][gc,phases,start] GC(60) Post Compact
[41.109s][info][gc,phases      ] GC(60) Post Compact 8.434ms
[41.109s][info][gc,heap        ] GC(60) PSYoungGen: 1048576K(1223168K)->72984K(1223168K) Eden: 1048576K(1048576K)->72984K(1048576K) From: 0K(174592K)->0K(174592K)
[41.109s][info][gc,heap        ] GC(60) ParOldGen: 2796468K(2796544K)->2796432K(2796544K)
[41.109s][info][gc,metaspace   ] GC(60) Metaspace: 10447K(10688K)->10447K(10688K) NonClass: 9428K(9536K)->9428K(9536K) Class: 1019K(1152K)->1019K(1152K)
[41.109s][info][gc             ] GC(60) Pause Full (Ergonomics) 3754M->2802M(3925M) 167.978ms
[41.109s][info][gc,cpu         ] GC(60) User=1.30s Sys=0.00s Real=0.17s
[41.584s][info][gc,start       ] GC(61) Pause Full (Ergonomics)
[41.584s][info][gc,phases,start] GC(61) Marking Phase
[41.616s][info][gc,phases      ] GC(61) Marking Phase 31.361ms
[41.616s][info][gc,phases,start] GC(61) Summary Phase
[41.616s][info][gc,phases      ] GC(61) Summary Phase 0.064ms
[41.616s][info][gc,phases,start] GC(61) Adjust Roots
[41.616s][info][gc,phases      ] GC(61) Adjust Roots 0.382ms
[41.616s][info][gc,phases,start] GC(61) Compaction Phase
[41.748s][info][gc,phases      ] GC(61) Compaction Phase 131.952ms
[41.748s][info][gc,phases,start] GC(61) Post Compact
[41.755s][info][gc,phases      ] GC(61) Post Compact 7.198ms
[41.755s][info][gc,heap        ] GC(61) PSYoungGen: 1048576K(1223168K)->72992K(1223168K) Eden: 1048576K(1048576K)->72992K(1048576K) From: 0K(174592K)->0K(174592K)
[41.755s][info][gc,heap        ] GC(61) ParOldGen: 2796432K(2796544K)->2796424K(2796544K)
[41.755s][info][gc,metaspace   ] GC(61) Metaspace: 10447K(10688K)->10447K(10688K) NonClass: 9428K(9536K)->9428K(9536K) Class: 1019K(1152K)->1019K(1152K)
[41.755s][info][gc             ] GC(61) Pause Full (Ergonomics) 3754M->2802M(3925M) 171.290ms
[41.756s][info][gc,cpu         ] GC(61) User=1.31s Sys=0.00s Real=0.17s
[42.237s][info][gc,start       ] GC(62) Pause Full (Ergonomics)
[42.237s][info][gc,phases,start] GC(62) Marking Phase
[42.271s][info][gc,phases      ] GC(62) Marking Phase 34.284ms
[42.271s][info][gc,phases,start] GC(62) Summary Phase
[42.271s][info][gc,phases      ] GC(62) Summary Phase 0.064ms
[42.271s][info][gc,phases,start] GC(62) Adjust Roots
[42.272s][info][gc,phases      ] GC(62) Adjust Roots 0.427ms
[42.272s][info][gc,phases,start] GC(62) Compaction Phase
[42.403s][info][gc,phases      ] GC(62) Compaction Phase 130.690ms
[42.403s][info][gc,phases,start] GC(62) Post Compact
[42.413s][info][gc,phases      ] GC(62) Post Compact 10.134ms
[42.413s][info][gc,heap        ] GC(62) PSYoungGen: 1048576K(1223168K)->72935K(1223168K) Eden: 1048576K(1048576K)->72935K(1048576K) From: 0K(174592K)->0K(174592K)
[42.413s][info][gc,heap        ] GC(62) ParOldGen: 2796424K(2796544K)->2796481K(2796544K)
[42.413s][info][gc,metaspace   ] GC(62) Metaspace: 10447K(10688K)->10447K(10688K) NonClass: 9428K(9536K)->9428K(9536K) Class: 1019K(1152K)->1019K(1152K)
[42.413s][info][gc             ] GC(62) Pause Full (Ergonomics) 3754M->2802M(3925M) 175.929ms
[42.413s][info][gc,cpu         ] GC(62) User=1.31s Sys=0.00s Real=0.17s
[42.891s][info][gc,start       ] GC(63) Pause Full (Ergonomics)
[42.891s][info][gc,phases,start] GC(63) Marking Phase
[42.921s][info][gc,phases      ] GC(63) Marking Phase 29.983ms
[42.921s][info][gc,phases,start] GC(63) Summary Phase
[42.921s][info][gc,phases      ] GC(63) Summary Phase 0.064ms
[42.921s][info][gc,phases,start] GC(63) Adjust Roots
[42.921s][info][gc,phases      ] GC(63) Adjust Roots 0.544ms
[42.922s][info][gc,phases,start] GC(63) Compaction Phase
[43.053s][info][gc,phases      ] GC(63) Compaction Phase 131.957ms
[43.054s][info][gc,phases,start] GC(63) Post Compact
[43.060s][info][gc,phases      ] GC(63) Post Compact 6.436ms
[43.060s][info][gc,heap        ] GC(63) PSYoungGen: 1048576K(1223168K)->72964K(1223168K) Eden: 1048576K(1048576K)->72964K(1048576K) From: 0K(174592K)->0K(174592K)
[43.060s][info][gc,heap        ] GC(63) ParOldGen: 2796481K(2796544K)->2796452K(2796544K)
[43.060s][info][gc,metaspace   ] GC(63) Metaspace: 10447K(10688K)->10447K(10688K) NonClass: 9428K(9536K)->9428K(9536K) Class: 1019K(1152K)->1019K(1152K)
[43.060s][info][gc             ] GC(63) Pause Full (Ergonomics) 3754M->2802M(3925M) 169.284ms
[43.060s][info][gc,cpu         ] GC(63) User=1.31s Sys=0.00s Real=0.17s
[43.538s][info][gc,start       ] GC(64) Pause Full (Ergonomics)
[43.538s][info][gc,phases,start] GC(64) Marking Phase
[43.571s][info][gc,phases      ] GC(64) Marking Phase 33.022ms
[43.571s][info][gc,phases,start] GC(64) Summary Phase
[43.571s][info][gc,phases      ] GC(64) Summary Phase 0.081ms
[43.571s][info][gc,phases,start] GC(64) Adjust Roots
[43.572s][info][gc,phases      ] GC(64) Adjust Roots 0.596ms
[43.572s][info][gc,phases,start] GC(64) Compaction Phase
[43.703s][info][gc,phases      ] GC(64) Compaction Phase 130.949ms
[43.703s][info][gc,phases,start] GC(64) Post Compact
[43.714s][info][gc,phases      ] GC(64) Post Compact 10.603ms
[43.714s][info][gc,heap        ] GC(64) PSYoungGen: 1048576K(1223168K)->72972K(1223168K) Eden: 1048576K(1048576K)->72972K(1048576K) From: 0K(174592K)->0K(174592K)
[43.714s][info][gc,heap        ] GC(64) ParOldGen: 2796452K(2796544K)->2796444K(2796544K)
[43.714s][info][gc,metaspace   ] GC(64) Metaspace: 10447K(10688K)->10447K(10688K) NonClass: 9428K(9536K)->9428K(9536K) Class: 1019K(1152K)->1019K(1152K)
[43.714s][info][gc             ] GC(64) Pause Full (Ergonomics) 3754M->2802M(3925M) 175.583ms
[43.714s][info][gc,cpu         ] GC(64) User=1.31s Sys=0.00s Real=0.18s
[44.191s][info][gc,start       ] GC(65) Pause Full (Ergonomics)
[44.191s][info][gc,phases,start] GC(65) Marking Phase
[44.225s][info][gc,phases      ] GC(65) Marking Phase 33.178ms
[44.225s][info][gc,phases,start] GC(65) Summary Phase
[44.225s][info][gc,phases      ] GC(65) Summary Phase 0.064ms
[44.225s][info][gc,phases,start] GC(65) Adjust Roots
[44.225s][info][gc,phases      ] GC(65) Adjust Roots 0.385ms
[44.225s][info][gc,phases,start] GC(65) Compaction Phase
[44.356s][info][gc,phases      ] GC(65) Compaction Phase 130.528ms
[44.356s][info][gc,phases,start] GC(65) Post Compact
[44.365s][info][gc,phases      ] GC(65) Post Compact 8.861ms
[44.365s][info][gc,heap        ] GC(65) PSYoungGen: 1048576K(1223168K)->72960K(1223168K) Eden: 1048576K(1048576K)->72960K(1048576K) From: 0K(174592K)->0K(174592K)
[44.365s][info][gc,heap        ] GC(65) ParOldGen: 2796444K(2796544K)->2796456K(2796544K)
[44.365s][info][gc,metaspace   ] GC(65) Metaspace: 10447K(10688K)->10447K(10688K) NonClass: 9428K(9536K)->9428K(9536K) Class: 1019K(1152K)->1019K(1152K)
[44.365s][info][gc             ] GC(65) Pause Full (Ergonomics) 3754M->2802M(3925M) 173.340ms
[44.365s][info][gc,cpu         ] GC(65) User=1.31s Sys=0.00s Real=0.18s
[44.837s][info][gc,start       ] GC(66) Pause Full (Ergonomics)
[44.837s][info][gc,phases,start] GC(66) Marking Phase
[44.868s][info][gc,phases      ] GC(66) Marking Phase 30.354ms
[44.868s][info][gc,phases,start] GC(66) Summary Phase
[44.868s][info][gc,phases      ] GC(66) Summary Phase 0.064ms
[44.868s][info][gc,phases,start] GC(66) Adjust Roots
[44.868s][info][gc,phases      ] GC(66) Adjust Roots 0.385ms
[44.868s][info][gc,phases,start] GC(66) Compaction Phase
[45.000s][info][gc,phases      ] GC(66) Compaction Phase 131.796ms
[45.000s][info][gc,phases,start] GC(66) Post Compact
[45.007s][info][gc,phases      ] GC(66) Post Compact 6.776ms
[45.007s][info][gc,heap        ] GC(66) PSYoungGen: 1048576K(1223168K)->72952K(1223168K) Eden: 1048576K(1048576K)->72952K(1048576K) From: 0K(174592K)->0K(174592K)
[45.007s][info][gc,heap        ] GC(66) ParOldGen: 2796456K(2796544K)->2796464K(2796544K)
[45.007s][info][gc,metaspace   ] GC(66) Metaspace: 10447K(10688K)->10447K(10688K) NonClass: 9428K(9536K)->9428K(9536K) Class: 1019K(1152K)->1019K(1152K)
[45.007s][info][gc             ] GC(66) Pause Full (Ergonomics) 3754M->2802M(3925M) 169.731ms
[45.007s][info][gc,cpu         ] GC(66) User=1.31s Sys=0.00s Real=0.17s
[45.481s][info][gc,start       ] GC(67) Pause Full (Ergonomics)
[45.481s][info][gc,phases,start] GC(67) Marking Phase
[45.512s][info][gc,phases      ] GC(67) Marking Phase 31.489ms
[45.512s][info][gc,phases,start] GC(67) Summary Phase
[45.512s][info][gc,phases      ] GC(67) Summary Phase 0.064ms
[45.512s][info][gc,phases,start] GC(67) Adjust Roots
[45.513s][info][gc,phases      ] GC(67) Adjust Roots 0.396ms
[45.513s][info][gc,phases,start] GC(67) Compaction Phase
[45.643s][info][gc,phases      ] GC(67) Compaction Phase 130.727ms
[45.643s][info][gc,phases,start] GC(67) Post Compact
[45.652s][info][gc,phases      ] GC(67) Post Compact 8.101ms
[45.652s][info][gc,heap        ] GC(67) PSYoungGen: 1048576K(1223168K)->72956K(1223168K) Eden: 1048576K(1048576K)->72956K(1048576K) From: 0K(174592K)->0K(174592K)
[45.652s][info][gc,heap        ] GC(67) ParOldGen: 2796464K(2796544K)->2796460K(2796544K)
[45.652s][info][gc,metaspace   ] GC(67) Metaspace: 10447K(10688K)->10447K(10688K) NonClass: 9428K(9536K)->9428K(9536K) Class: 1019K(1152K)->1019K(1152K)
[45.652s][info][gc             ] GC(67) Pause Full (Ergonomics) 3754M->2802M(3925M) 171.802ms
[45.652s][info][gc,cpu         ] GC(67) User=1.31s Sys=0.00s Real=0.17s
[46.138s][info][gc,start       ] GC(68) Pause Full (Ergonomics)
[46.138s][info][gc,phases,start] GC(68) Marking Phase
[46.168s][info][gc,phases      ] GC(68) Marking Phase 29.851ms
[46.168s][info][gc,phases,start] GC(68) Summary Phase
[46.168s][info][gc,phases      ] GC(68) Summary Phase 0.064ms
[46.168s][info][gc,phases,start] GC(68) Adjust Roots
[46.168s][info][gc,phases      ] GC(68) Adjust Roots 0.403ms
[46.168s][info][gc,phases,start] GC(68) Compaction Phase
[46.299s][info][gc,phases      ] GC(68) Compaction Phase 130.549ms
[46.299s][info][gc,phases,start] GC(68) Post Compact
[46.310s][info][gc,phases      ] GC(68) Post Compact 11.163ms
[46.310s][info][gc,heap        ] GC(68) PSYoungGen: 1048576K(1223168K)->72960K(1223168K) Eden: 1048576K(1048576K)->72960K(1048576K) From: 0K(174592K)->0K(174592K)
[46.310s][info][gc,heap        ] GC(68) ParOldGen: 2796460K(2796544K)->2796456K(2796544K)
[46.310s][info][gc,metaspace   ] GC(68) Metaspace: 10447K(10688K)->10447K(10688K) NonClass: 9428K(9536K)->9428K(9536K) Class: 1019K(1152K)->1019K(1152K)
[46.310s][info][gc             ] GC(68) Pause Full (Ergonomics) 3754M->2802M(3925M) 172.365ms
[46.310s][info][gc,cpu         ] GC(68) User=1.30s Sys=0.00s Real=0.17s
[46.781s][info][gc,start       ] GC(69) Pause Full (Ergonomics)
[46.781s][info][gc,phases,start] GC(69) Marking Phase
[46.811s][info][gc,phases      ] GC(69) Marking Phase 29.900ms
[46.811s][info][gc,phases,start] GC(69) Summary Phase
[46.811s][info][gc,phases      ] GC(69) Summary Phase 0.064ms
[46.811s][info][gc,phases,start] GC(69) Adjust Roots
[46.812s][info][gc,phases      ] GC(69) Adjust Roots 0.536ms
[46.812s][info][gc,phases,start] GC(69) Compaction Phase
[46.944s][info][gc,phases      ] GC(69) Compaction Phase 131.535ms
[46.944s][info][gc,phases,start] GC(69) Post Compact
[46.950s][info][gc,phases      ] GC(69) Post Compact 6.862ms
[46.951s][info][gc,heap        ] GC(69) PSYoungGen: 1048576K(1223168K)->72952K(1223168K) Eden: 1048576K(1048576K)->72952K(1048576K) From: 0K(174592K)->0K(174592K)
[46.951s][info][gc,heap        ] GC(69) ParOldGen: 2796456K(2796544K)->2796464K(2796544K)
[46.951s][info][gc,metaspace   ] GC(69) Metaspace: 10447K(10688K)->10447K(10688K) NonClass: 9428K(9536K)->9428K(9536K) Class: 1019K(1152K)->1019K(1152K)
[46.951s][info][gc             ] GC(69) Pause Full (Ergonomics) 3754M->2802M(3925M) 169.233ms
[46.951s][info][gc,cpu         ] GC(69) User=1.31s Sys=0.00s Real=0.17s
[47.434s][info][gc,start       ] GC(70) Pause Full (Ergonomics)
[47.434s][info][gc,phases,start] GC(70) Marking Phase
[47.466s][info][gc,phases      ] GC(70) Marking Phase 32.284ms
[47.466s][info][gc,phases,start] GC(70) Summary Phase
[47.467s][info][gc,phases      ] GC(70) Summary Phase 0.064ms
[47.467s][info][gc,phases,start] GC(70) Adjust Roots
[47.467s][info][gc,phases      ] GC(70) Adjust Roots 0.398ms
[47.467s][info][gc,phases,start] GC(70) Compaction Phase
[47.598s][info][gc,phases      ] GC(70) Compaction Phase 130.808ms
[47.598s][info][gc,phases,start] GC(70) Post Compact
[47.607s][info][gc,phases      ] GC(70) Post Compact 8.688ms
[47.607s][info][gc,heap        ] GC(70) PSYoungGen: 1048576K(1223168K)->72980K(1223168K) Eden: 1048576K(1048576K)->72980K(1048576K) From: 0K(174592K)->0K(174592K)
[47.607s][info][gc,heap        ] GC(70) ParOldGen: 2796464K(2796544K)->2796436K(2796544K)
[47.607s][info][gc,metaspace   ] GC(70) Metaspace: 10447K(10688K)->10447K(10688K) NonClass: 9428K(9536K)->9428K(9536K) Class: 1019K(1152K)->1019K(1152K)
[47.607s][info][gc             ] GC(70) Pause Full (Ergonomics) 3754M->2802M(3925M) 172.566ms
[47.607s][info][gc,cpu         ] GC(70) User=1.31s Sys=0.01s Real=0.17s
[48.076s][info][gc,start       ] GC(71) Pause Full (Ergonomics)
[48.076s][info][gc,phases,start] GC(71) Marking Phase
[48.108s][info][gc,phases      ] GC(71) Marking Phase 32.258ms
[48.108s][info][gc,phases,start] GC(71) Summary Phase
[48.108s][info][gc,phases      ] GC(71) Summary Phase 0.066ms
[48.108s][info][gc,phases,start] GC(71) Adjust Roots
[48.109s][info][gc,phases      ] GC(71) Adjust Roots 0.532ms
[48.109s][info][gc,phases,start] GC(71) Compaction Phase
[48.241s][info][gc,phases      ] GC(71) Compaction Phase 131.994ms
[48.241s][info][gc,phases,start] GC(71) Post Compact
[48.252s][info][gc,phases      ] GC(71) Post Compact 11.467ms
[48.252s][info][gc,heap        ] GC(71) PSYoungGen: 1048576K(1223168K)->72960K(1223168K) Eden: 1048576K(1048576K)->72960K(1048576K) From: 0K(174592K)->0K(174592K)
[48.252s][info][gc,heap        ] GC(71) ParOldGen: 2796436K(2796544K)->2796456K(2796544K)
[48.253s][info][gc,metaspace   ] GC(71) Metaspace: 10447K(10688K)->10447K(10688K) NonClass: 9428K(9536K)->9428K(9536K) Class: 1019K(1152K)->1019K(1152K)
[48.253s][info][gc             ] GC(71) Pause Full (Ergonomics) 3754M->2802M(3925M) 176.656ms
[48.253s][info][gc,cpu         ] GC(71) User=1.31s Sys=0.00s Real=0.17s
[48.723s][info][gc,start       ] GC(72) Pause Full (Ergonomics)
[48.723s][info][gc,phases,start] GC(72) Marking Phase
[48.754s][info][gc,phases      ] GC(72) Marking Phase 31.019ms
[48.754s][info][gc,phases,start] GC(72) Summary Phase
[48.754s][info][gc,phases      ] GC(72) Summary Phase 0.064ms
[48.754s][info][gc,phases,start] GC(72) Adjust Roots
[48.755s][info][gc,phases      ] GC(72) Adjust Roots 0.598ms
[48.755s][info][gc,phases,start] GC(72) Compaction Phase
[48.886s][info][gc,phases      ] GC(72) Compaction Phase 131.855ms
[48.886s][info][gc,phases,start] GC(72) Post Compact
[48.893s][info][gc,phases      ] GC(72) Post Compact 6.964ms
[48.894s][info][gc,heap        ] GC(72) PSYoungGen: 1048576K(1223168K)->72992K(1223168K) Eden: 1048576K(1048576K)->72992K(1048576K) From: 0K(174592K)->0K(174592K)
[48.894s][info][gc,heap        ] GC(72) ParOldGen: 2796456K(2796544K)->2796424K(2796544K)
[48.894s][info][gc,metaspace   ] GC(72) Metaspace: 10447K(10688K)->10447K(10688K) NonClass: 9428K(9536K)->9428K(9536K) Class: 1019K(1152K)->1019K(1152K)
[48.894s][info][gc             ] GC(72) Pause Full (Ergonomics) 3754M->2802M(3925M) 170.818ms
[48.894s][info][gc,cpu         ] GC(72) User=1.31s Sys=0.00s Real=0.17s
[49.372s][info][gc,start       ] GC(73) Pause Full (Ergonomics)
[49.372s][info][gc,phases,start] GC(73) Marking Phase
[49.404s][info][gc,phases      ] GC(73) Marking Phase 32.090ms
[49.404s][info][gc,phases,start] GC(73) Summary Phase
[49.404s][info][gc,phases      ] GC(73) Summary Phase 0.065ms
[49.404s][info][gc,phases,start] GC(73) Adjust Roots
[49.404s][info][gc,phases      ] GC(73) Adjust Roots 0.401ms
[49.404s][info][gc,phases,start] GC(73) Compaction Phase
[49.536s][info][gc,phases      ] GC(73) Compaction Phase 131.663ms
[49.536s][info][gc,phases,start] GC(73) Post Compact
[49.543s][info][gc,phases      ] GC(73) Post Compact 6.872ms
[49.543s][info][gc,heap        ] GC(73) PSYoungGen: 1048576K(1223168K)->72931K(1223168K) Eden: 1048576K(1048576K)->72931K(1048576K) From: 0K(174592K)->0K(174592K)
[49.543s][info][gc,heap        ] GC(73) ParOldGen: 2796424K(2796544K)->2796485K(2796544K)
[49.543s][info][gc,metaspace   ] GC(73) Metaspace: 10447K(10688K)->10447K(10688K) NonClass: 9428K(9536K)->9428K(9536K) Class: 1019K(1152K)->1019K(1152K)
[49.543s][info][gc             ] GC(73) Pause Full (Ergonomics) 3754M->2802M(3925M) 171.422ms
[49.543s][info][gc,cpu         ] GC(73) User=1.31s Sys=0.00s Real=0.18s
[50.016s][info][gc,start       ] GC(74) Pause Full (Ergonomics)
[50.016s][info][gc,phases,start] GC(74) Marking Phase
[50.048s][info][gc,phases      ] GC(74) Marking Phase 31.839ms
[50.048s][info][gc,phases,start] GC(74) Summary Phase
[50.048s][info][gc,phases      ] GC(74) Summary Phase 0.064ms
[50.048s][info][gc,phases,start] GC(74) Adjust Roots
[50.049s][info][gc,phases      ] GC(74) Adjust Roots 0.434ms
[50.049s][info][gc,phases,start] GC(74) Compaction Phase
[50.180s][info][gc,phases      ] GC(74) Compaction Phase 131.722ms
[50.180s][info][gc,phases,start] GC(74) Post Compact
[50.188s][info][gc,phases      ] GC(74) Post Compact 7.957ms
[50.189s][info][gc,heap        ] GC(74) PSYoungGen: 1048576K(1223168K)->72976K(1223168K) Eden: 1048576K(1048576K)->72976K(1048576K) From: 0K(174592K)->0K(174592K)
[50.189s][info][gc,heap        ] GC(74) ParOldGen: 2796485K(2796544K)->2796440K(2796544K)
[50.189s][info][gc,metaspace   ] GC(74) Metaspace: 10447K(10688K)->10447K(10688K) NonClass: 9428K(9536K)->9428K(9536K) Class: 1019K(1152K)->1019K(1152K)
[50.189s][info][gc             ] GC(74) Pause Full (Ergonomics) 3754M->2802M(3925M) 172.351ms
[50.189s][info][gc,cpu         ] GC(74) User=1.31s Sys=0.00s Real=0.17s
[50.669s][info][gc,start       ] GC(75) Pause Full (Ergonomics)
[50.669s][info][gc,phases,start] GC(75) Marking Phase
[50.699s][info][gc,phases      ] GC(75) Marking Phase 30.428ms
[50.699s][info][gc,phases,start] GC(75) Summary Phase
[50.699s][info][gc,phases      ] GC(75) Summary Phase 0.063ms
[50.700s][info][gc,phases,start] GC(75) Adjust Roots
[50.700s][info][gc,phases      ] GC(75) Adjust Roots 0.388ms
[50.700s][info][gc,phases,start] GC(75) Compaction Phase
[50.831s][info][gc,phases      ] GC(75) Compaction Phase 130.702ms
[50.831s][info][gc,phases,start] GC(75) Post Compact
[50.841s][info][gc,phases      ] GC(75) Post Compact 10.446ms
[50.841s][info][gc,heap        ] GC(75) PSYoungGen: 1048576K(1223168K)->72948K(1223168K) Eden: 1048576K(1048576K)->72948K(1048576K) From: 0K(174592K)->0K(174592K)
[50.841s][info][gc,heap        ] GC(75) ParOldGen: 2796440K(2796544K)->2796468K(2796544K)
[50.841s][info][gc,metaspace   ] GC(75) Metaspace: 10447K(10688K)->10447K(10688K) NonClass: 9428K(9536K)->9428K(9536K) Class: 1019K(1152K)->1019K(1152K)
[50.841s][info][gc             ] GC(75) Pause Full (Ergonomics) 3754M->2802M(3925M) 172.359ms
[50.841s][info][gc,cpu         ] GC(75) User=1.32s Sys=0.00s Real=0.17s
[51.314s][info][gc,start       ] GC(76) Pause Full (Ergonomics)
[51.314s][info][gc,phases,start] GC(76) Marking Phase
[51.344s][info][gc,phases      ] GC(76) Marking Phase 30.313ms
[51.344s][info][gc,phases,start] GC(76) Summary Phase
[51.344s][info][gc,phases      ] GC(76) Summary Phase 0.065ms
[51.344s][info][gc,phases,start] GC(76) Adjust Roots
[51.345s][info][gc,phases      ] GC(76) Adjust Roots 0.386ms
[51.345s][info][gc,phases,start] GC(76) Compaction Phase
[51.475s][info][gc,phases      ] GC(76) Compaction Phase 130.316ms
[51.475s][info][gc,phases,start] GC(76) Post Compact
[51.486s][info][gc,phases      ] GC(76) Post Compact 11.150ms
[51.486s][info][gc,heap        ] GC(76) PSYoungGen: 1048576K(1223168K)->72980K(1223168K) Eden: 1048576K(1048576K)->72980K(1048576K) From: 0K(174592K)->0K(174592K)
[51.486s][info][gc,heap        ] GC(76) ParOldGen: 2796468K(2796544K)->2796436K(2796544K)
[51.486s][info][gc,metaspace   ] GC(76) Metaspace: 10447K(10688K)->10447K(10688K) NonClass: 9428K(9536K)->9428K(9536K) Class: 1019K(1152K)->1019K(1152K)
[51.486s][info][gc             ] GC(76) Pause Full (Ergonomics) 3754M->2802M(3925M) 172.573ms
[51.486s][info][gc,cpu         ] GC(76) User=1.31s Sys=0.01s Real=0.17s
[51.965s][info][gc,start       ] GC(77) Pause Full (Ergonomics)
[51.965s][info][gc,phases,start] GC(77) Marking Phase
[52.000s][info][gc,phases      ] GC(77) Marking Phase 34.443ms
[52.000s][info][gc,phases,start] GC(77) Summary Phase
[52.000s][info][gc,phases      ] GC(77) Summary Phase 0.064ms
[52.000s][info][gc,phases,start] GC(77) Adjust Roots
[52.000s][info][gc,phases      ] GC(77) Adjust Roots 0.385ms
[52.000s][info][gc,phases,start] GC(77) Compaction Phase
[52.132s][info][gc,phases      ] GC(77) Compaction Phase 131.854ms
[52.132s][info][gc,phases,start] GC(77) Post Compact
[52.140s][info][gc,phases      ] GC(77) Post Compact 7.520ms
[52.140s][info][gc,heap        ] GC(77) PSYoungGen: 1048576K(1223168K)->72968K(1223168K) Eden: 1048576K(1048576K)->72968K(1048576K) From: 0K(174592K)->0K(174592K)
[52.140s][info][gc,heap        ] GC(77) ParOldGen: 2796436K(2796544K)->2796448K(2796544K)
[52.140s][info][gc,metaspace   ] GC(77) Metaspace: 10447K(10688K)->10447K(10688K) NonClass: 9428K(9536K)->9428K(9536K) Class: 1019K(1152K)->1019K(1152K)
[52.140s][info][gc             ] GC(77) Pause Full (Ergonomics) 3754M->2802M(3925M) 174.637ms
[52.140s][info][gc,cpu         ] GC(77) User=1.31s Sys=0.00s Real=0.17s
[52.617s][info][gc,start       ] GC(78) Pause Full (Ergonomics)
[52.617s][info][gc,phases,start] GC(78) Marking Phase
[52.652s][info][gc,phases      ] GC(78) Marking Phase 35.009ms
[52.652s][info][gc,phases,start] GC(78) Summary Phase
[52.653s][info][gc,phases      ] GC(78) Summary Phase 0.063ms
[52.653s][info][gc,phases,start] GC(78) Adjust Roots
[52.653s][info][gc,phases      ] GC(78) Adjust Roots 0.539ms
[52.653s][info][gc,phases,start] GC(78) Compaction Phase
[52.784s][info][gc,phases      ] GC(78) Compaction Phase 130.821ms
[52.784s][info][gc,phases,start] GC(78) Post Compact
[52.793s][info][gc,phases      ] GC(78) Post Compact 9.360ms
[52.793s][info][gc,heap        ] GC(78) PSYoungGen: 1048576K(1223168K)->72952K(1223168K) Eden: 1048576K(1048576K)->72952K(1048576K) From: 0K(174592K)->0K(174592K)
[52.793s][info][gc,heap        ] GC(78) ParOldGen: 2796448K(2796544K)->2796464K(2796544K)
[52.793s][info][gc,metaspace   ] GC(78) Metaspace: 10447K(10688K)->10447K(10688K) NonClass: 9428K(9536K)->9428K(9536K) Class: 1019K(1152K)->1019K(1152K)
[52.793s][info][gc             ] GC(78) Pause Full (Ergonomics) 3754M->2802M(3925M) 176.137ms
[52.794s][info][gc,cpu         ] GC(78) User=1.31s Sys=0.00s Real=0.18s
[53.267s][info][gc,start       ] GC(79) Pause Full (Ergonomics)
[53.267s][info][gc,phases,start] GC(79) Marking Phase
[53.303s][info][gc,phases      ] GC(79) Marking Phase 35.782ms
[53.303s][info][gc,phases,start] GC(79) Summary Phase
[53.303s][info][gc,phases      ] GC(79) Summary Phase 0.065ms
[53.303s][info][gc,phases,start] GC(79) Adjust Roots
[53.304s][info][gc,phases      ] GC(79) Adjust Roots 0.387ms
[53.304s][info][gc,phases,start] GC(79) Compaction Phase
[53.436s][info][gc,phases      ] GC(79) Compaction Phase 131.983ms
[53.436s][info][gc,phases,start] GC(79) Post Compact
[53.445s][info][gc,phases      ] GC(79) Post Compact 9.106ms
[53.445s][info][gc,heap        ] GC(79) PSYoungGen: 1048576K(1223168K)->72952K(1223168K) Eden: 1048576K(1048576K)->72952K(1048576K) From: 0K(174592K)->0K(174592K)
[53.445s][info][gc,heap        ] GC(79) ParOldGen: 2796464K(2796544K)->2796464K(2796544K)
[53.445s][info][gc,metaspace   ] GC(79) Metaspace: 10447K(10688K)->10447K(10688K) NonClass: 9428K(9536K)->9428K(9536K) Class: 1019K(1152K)->1019K(1152K)
[53.445s][info][gc             ] GC(79) Pause Full (Ergonomics) 3754M->2802M(3925M) 177.665ms
[53.445s][info][gc,cpu         ] GC(79) User=1.32s Sys=0.00s Real=0.18s
[53.925s][info][gc,start       ] GC(80) Pause Full (Ergonomics)
[53.925s][info][gc,phases,start] GC(80) Marking Phase
[53.956s][info][gc,phases      ] GC(80) Marking Phase 30.683ms
[53.956s][info][gc,phases,start] GC(80) Summary Phase
[53.956s][info][gc,phases      ] GC(80) Summary Phase 0.063ms
[53.956s][info][gc,phases,start] GC(80) Adjust Roots
[53.956s][info][gc,phases      ] GC(80) Adjust Roots 0.531ms
[53.956s][info][gc,phases,start] GC(80) Compaction Phase
[54.088s][info][gc,phases      ] GC(80) Compaction Phase 131.508ms
[54.088s][info][gc,phases,start] GC(80) Post Compact
[54.095s][info][gc,phases      ] GC(80) Post Compact 6.941ms
[54.095s][info][gc,heap        ] GC(80) PSYoungGen: 1048576K(1223168K)->72940K(1223168K) Eden: 1048576K(1048576K)->72940K(1048576K) From: 0K(174592K)->0K(174592K)
[54.095s][info][gc,heap        ] GC(80) ParOldGen: 2796464K(2796544K)->2796476K(2796544K)
[54.095s][info][gc,metaspace   ] GC(80) Metaspace: 10447K(10688K)->10447K(10688K) NonClass: 9428K(9536K)->9428K(9536K) Class: 1019K(1152K)->1019K(1152K)
[54.095s][info][gc             ] GC(80) Pause Full (Ergonomics) 3754M->2802M(3925M) 170.047ms
[54.095s][info][gc,cpu         ] GC(80) User=1.31s Sys=0.00s Real=0.17s
[54.573s][info][gc,start       ] GC(81) Pause Full (Ergonomics)
[54.573s][info][gc,phases,start] GC(81) Marking Phase
[54.605s][info][gc,phases      ] GC(81) Marking Phase 32.056ms
[54.605s][info][gc,phases,start] GC(81) Summary Phase
[54.605s][info][gc,phases      ] GC(81) Summary Phase 0.064ms
[54.605s][info][gc,phases,start] GC(81) Adjust Roots
[54.605s][info][gc,phases      ] GC(81) Adjust Roots 0.541ms
[54.605s][info][gc,phases,start] GC(81) Compaction Phase
[54.736s][info][gc,phases      ] GC(81) Compaction Phase 130.688ms
[54.736s][info][gc,phases,start] GC(81) Post Compact
[54.744s][info][gc,phases      ] GC(81) Post Compact 7.340ms
[54.744s][info][gc,heap        ] GC(81) PSYoungGen: 1048576K(1223168K)->72976K(1223168K) Eden: 1048576K(1048576K)->72976K(1048576K) From: 0K(174592K)->0K(174592K)
[54.744s][info][gc,heap        ] GC(81) ParOldGen: 2796476K(2796544K)->2796440K(2796544K)
[54.744s][info][gc,metaspace   ] GC(81) Metaspace: 10447K(10688K)->10447K(10688K) NonClass: 9428K(9536K)->9428K(9536K) Class: 1019K(1152K)->1019K(1152K)
[54.744s][info][gc             ] GC(81) Pause Full (Ergonomics) 3754M->2802M(3925M) 171.023ms
[54.744s][info][gc,cpu         ] GC(81) User=1.30s Sys=0.00s Real=0.18s
[55.213s][info][gc,start       ] GC(82) Pause Full (Ergonomics)
[55.213s][info][gc,phases,start] GC(82) Marking Phase
[55.244s][info][gc,phases      ] GC(82) Marking Phase 30.913ms
[55.244s][info][gc,phases,start] GC(82) Summary Phase
[55.244s][info][gc,phases      ] GC(82) Summary Phase 0.063ms
[55.244s][info][gc,phases,start] GC(82) Adjust Roots
[55.244s][info][gc,phases      ] GC(82) Adjust Roots 0.385ms
[55.244s][info][gc,phases,start] GC(82) Compaction Phase
[55.375s][info][gc,phases      ] GC(82) Compaction Phase 130.977ms
[55.375s][info][gc,phases,start] GC(82) Post Compact
[55.383s][info][gc,phases      ] GC(82) Post Compact 8.059ms
[55.383s][info][gc,heap        ] GC(82) PSYoungGen: 1048576K(1223168K)->72964K(1223168K) Eden: 1048576K(1048576K)->72964K(1048576K) From: 0K(174592K)->0K(174592K)
[55.383s][info][gc,heap        ] GC(82) ParOldGen: 2796440K(2796544K)->2796452K(2796544K)
[55.383s][info][gc,metaspace   ] GC(82) Metaspace: 10447K(10688K)->10447K(10688K) NonClass: 9428K(9536K)->9428K(9536K) Class: 1019K(1152K)->1019K(1152K)
[55.383s][info][gc             ] GC(82) Pause Full (Ergonomics) 3754M->2802M(3925M) 170.740ms
[55.383s][info][gc,cpu         ] GC(82) User=1.31s Sys=0.00s Real=0.18s
[55.869s][info][gc,start       ] GC(83) Pause Full (Ergonomics)
[55.869s][info][gc,phases,start] GC(83) Marking Phase
[55.899s][info][gc,phases      ] GC(83) Marking Phase 30.179ms
[55.899s][info][gc,phases,start] GC(83) Summary Phase
[55.899s][info][gc,phases      ] GC(83) Summary Phase 0.063ms
[55.899s][info][gc,phases,start] GC(83) Adjust Roots
[55.900s][info][gc,phases      ] GC(83) Adjust Roots 0.529ms
[55.900s][info][gc,phases,start] GC(83) Compaction Phase
[56.031s][info][gc,phases      ] GC(83) Compaction Phase 130.820ms
[56.031s][info][gc,phases,start] GC(83) Post Compact
[56.042s][info][gc,phases      ] GC(83) Post Compact 10.737ms
[56.042s][info][gc,heap        ] GC(83) PSYoungGen: 1048576K(1223168K)->72931K(1223168K) Eden: 1048576K(1048576K)->72931K(1048576K) From: 0K(174592K)->0K(174592K)
[56.042s][info][gc,heap        ] GC(83) ParOldGen: 2796452K(2796544K)->2796485K(2796544K)
[56.042s][info][gc,metaspace   ] GC(83) Metaspace: 10447K(10688K)->10447K(10688K) NonClass: 9428K(9536K)->9428K(9536K) Class: 1019K(1152K)->1019K(1152K)
[56.042s][info][gc             ] GC(83) Pause Full (Ergonomics) 3754M->2802M(3925M) 172.670ms
[56.042s][info][gc,cpu         ] GC(83) User=1.31s Sys=0.01s Real=0.18s
[56.516s][info][gc,start       ] GC(84) Pause Full (Ergonomics)
[56.516s][info][gc,phases,start] GC(84) Marking Phase
[56.549s][info][gc,phases      ] GC(84) Marking Phase 32.465ms
[56.549s][info][gc,phases,start] GC(84) Summary Phase
[56.549s][info][gc,phases      ] GC(84) Summary Phase 0.064ms
[56.549s][info][gc,phases,start] GC(84) Adjust Roots
[56.549s][info][gc,phases      ] GC(84) Adjust Roots 0.385ms
[56.549s][info][gc,phases,start] GC(84) Compaction Phase
[56.680s][info][gc,phases      ] GC(84) Compaction Phase 131.088ms
[56.680s][info][gc,phases,start] GC(84) Post Compact
[56.690s][info][gc,phases      ] GC(84) Post Compact 9.761ms
[56.690s][info][gc,heap        ] GC(84) PSYoungGen: 1048576K(1223168K)->72980K(1223168K) Eden: 1048576K(1048576K)->72980K(1048576K) From: 0K(174592K)->0K(174592K)
[56.690s][info][gc,heap        ] GC(84) ParOldGen: 2796485K(2796544K)->2796436K(2796544K)
[56.690s][info][gc,metaspace   ] GC(84) Metaspace: 10447K(10688K)->10447K(10688K) NonClass: 9428K(9536K)->9428K(9536K) Class: 1019K(1152K)->1019K(1152K)
[56.690s][info][gc             ] GC(84) Pause Full (Ergonomics) 3754M->2802M(3925M) 174.109ms
[56.690s][info][gc,cpu         ] GC(84) User=1.31s Sys=0.00s Real=0.17s
[57.162s][info][gc,start       ] GC(85) Pause Full (Ergonomics)
[57.162s][info][gc,phases,start] GC(85) Marking Phase
[57.192s][info][gc,phases      ] GC(85) Marking Phase 30.375ms
[57.192s][info][gc,phases,start] GC(85) Summary Phase
[57.192s][info][gc,phases      ] GC(85) Summary Phase 0.064ms
[57.192s][info][gc,phases,start] GC(85) Adjust Roots
[57.193s][info][gc,phases      ] GC(85) Adjust Roots 0.389ms
[57.193s][info][gc,phases,start] GC(85) Compaction Phase
[57.325s][info][gc,phases      ] GC(85) Compaction Phase 132.116ms
[57.325s][info][gc,phases,start] GC(85) Post Compact
[57.332s][info][gc,phases      ] GC(85) Post Compact 7.693ms
[57.333s][info][gc,heap        ] GC(85) PSYoungGen: 1048576K(1223168K)->72960K(1223168K) Eden: 1048576K(1048576K)->72960K(1048576K) From: 0K(174592K)->0K(174592K)
[57.333s][info][gc,heap        ] GC(85) ParOldGen: 2796436K(2796544K)->2796456K(2796544K)
[57.333s][info][gc,metaspace   ] GC(85) Metaspace: 10447K(10688K)->10447K(10688K) NonClass: 9428K(9536K)->9428K(9536K) Class: 1019K(1152K)->1019K(1152K)
[57.333s][info][gc             ] GC(85) Pause Full (Ergonomics) 3754M->2802M(3925M) 170.980ms
[57.333s][info][gc,cpu         ] GC(85) User=1.31s Sys=0.00s Real=0.16s
[57.806s][info][gc,start       ] GC(86) Pause Full (Ergonomics)
[57.806s][info][gc,phases,start] GC(86) Marking Phase
[57.840s][info][gc,phases      ] GC(86) Marking Phase 33.614ms
[57.840s][info][gc,phases,start] GC(86) Summary Phase
[57.840s][info][gc,phases      ] GC(86) Summary Phase 0.065ms
[57.840s][info][gc,phases,start] GC(86) Adjust Roots
[57.840s][info][gc,phases      ] GC(86) Adjust Roots 0.397ms
[57.840s][info][gc,phases,start] GC(86) Compaction Phase
[57.971s][info][gc,phases      ] GC(86) Compaction Phase 130.628ms
[57.971s][info][gc,phases,start] GC(86) Post Compact
[57.981s][info][gc,phases      ] GC(86) Post Compact 10.066ms
[57.981s][info][gc,heap        ] GC(86) PSYoungGen: 1048576K(1223168K)->72911K(1223168K) Eden: 1048576K(1048576K)->72911K(1048576K) From: 0K(174592K)->0K(174592K)
[57.981s][info][gc,heap        ] GC(86) ParOldGen: 2796456K(2796544K)->2796505K(2796544K)
[57.981s][info][gc,metaspace   ] GC(86) Metaspace: 10447K(10688K)->10447K(10688K) NonClass: 9428K(9536K)->9428K(9536K) Class: 1019K(1152K)->1019K(1152K)
[57.981s][info][gc             ] GC(86) Pause Full (Ergonomics) 3754M->2802M(3925M) 175.098ms
[57.981s][info][gc,cpu         ] GC(86) User=1.31s Sys=0.00s Real=0.17s
[58.452s][info][gc,start       ] GC(87) Pause Full (Ergonomics)
[58.452s][info][gc,phases,start] GC(87) Marking Phase
[58.482s][info][gc,phases      ] GC(87) Marking Phase 30.678ms
[58.482s][info][gc,phases,start] GC(87) Summary Phase
[58.482s][info][gc,phases      ] GC(87) Summary Phase 0.064ms
[58.482s][info][gc,phases,start] GC(87) Adjust Roots
[58.483s][info][gc,phases      ] GC(87) Adjust Roots 0.540ms
[58.483s][info][gc,phases,start] GC(87) Compaction Phase
[58.615s][info][gc,phases      ] GC(87) Compaction Phase 131.680ms
[58.615s][info][gc,phases,start] GC(87) Post Compact
[58.623s][info][gc,phases      ] GC(87) Post Compact 8.715ms
[58.624s][info][gc,heap        ] GC(87) PSYoungGen: 1048576K(1223168K)->72931K(1223168K) Eden: 1048576K(1048576K)->72931K(1048576K) From: 0K(174592K)->0K(174592K)
[58.624s][info][gc,heap        ] GC(87) ParOldGen: 2796505K(2796544K)->2796485K(2796544K)
[58.624s][info][gc,metaspace   ] GC(87) Metaspace: 10447K(10688K)->10447K(10688K) NonClass: 9428K(9536K)->9428K(9536K) Class: 1019K(1152K)->1019K(1152K)
[58.624s][info][gc             ] GC(87) Pause Full (Ergonomics) 3754M->2802M(3925M) 172.043ms
[58.624s][info][gc,cpu         ] GC(87) User=1.31s Sys=0.00s Real=0.18s
[59.102s][info][gc,start       ] GC(88) Pause Full (Ergonomics)
[59.102s][info][gc,phases,start] GC(88) Marking Phase
[59.133s][info][gc,phases      ] GC(88) Marking Phase 30.965ms
[59.133s][info][gc,phases,start] GC(88) Summary Phase
[59.133s][info][gc,phases      ] GC(88) Summary Phase 0.065ms
[59.133s][info][gc,phases,start] GC(88) Adjust Roots
[59.133s][info][gc,phases      ] GC(88) Adjust Roots 0.536ms
[59.133s][info][gc,phases,start] GC(88) Compaction Phase
[59.266s][info][gc,phases      ] GC(88) Compaction Phase 132.309ms
[59.266s][info][gc,phases,start] GC(88) Post Compact
[59.273s][info][gc,phases      ] GC(88) Post Compact 6.974ms
[59.273s][info][gc,heap        ] GC(88) PSYoungGen: 1048576K(1223168K)->72984K(1223168K) Eden: 1048576K(1048576K)->72984K(1048576K) From: 0K(174592K)->0K(174592K)
[59.273s][info][gc,heap        ] GC(88) ParOldGen: 2796485K(2796544K)->2796432K(2796544K)
[59.273s][info][gc,metaspace   ] GC(88) Metaspace: 10447K(10688K)->10447K(10688K) NonClass: 9428K(9536K)->9428K(9536K) Class: 1019K(1152K)->1019K(1152K)
[59.273s][info][gc             ] GC(88) Pause Full (Ergonomics) 3754M->2802M(3925M) 171.194ms
[59.273s][info][gc,cpu         ] GC(88) User=1.32s Sys=0.00s Real=0.16s
[59.747s][info][gc,start       ] GC(89) Pause Full (Ergonomics)
[59.747s][info][gc,phases,start] GC(89) Marking Phase
[59.777s][info][gc,phases      ] GC(89) Marking Phase 30.808ms
[59.777s][info][gc,phases,start] GC(89) Summary Phase
[59.778s][info][gc,phases      ] GC(89) Summary Phase 0.065ms
[59.778s][info][gc,phases,start] GC(89) Adjust Roots
[59.778s][info][gc,phases      ] GC(89) Adjust Roots 0.391ms
[59.778s][info][gc,phases,start] GC(89) Compaction Phase
[59.909s][info][gc,phases      ] GC(89) Compaction Phase 130.677ms
[59.909s][info][gc,phases,start] GC(89) Post Compact
[59.920s][info][gc,phases      ] GC(89) Post Compact 11.138ms
[59.920s][info][gc,heap        ] GC(89) PSYoungGen: 1048576K(1223168K)->73001K(1223168K) Eden: 1048576K(1048576K)->73001K(1048576K) From: 0K(174592K)->0K(174592K)
[59.920s][info][gc,heap        ] GC(89) ParOldGen: 2796432K(2796544K)->2796416K(2796544K)
[59.920s][info][gc,metaspace   ] GC(89) Metaspace: 10447K(10688K)->10447K(10688K) NonClass: 9428K(9536K)->9428K(9536K) Class: 1019K(1152K)->1019K(1152K)
[59.920s][info][gc             ] GC(89) Pause Full (Ergonomics) 3754M->2802M(3925M) 173.426ms
[59.920s][info][gc,cpu         ] GC(89) User=1.31s Sys=0.01s Real=0.17s
[60.404s][info][gc,start       ] GC(90) Pause Full (Ergonomics)
[60.404s][info][gc,phases,start] GC(90) Marking Phase
[60.434s][info][gc,phases      ] GC(90) Marking Phase 30.657ms
[60.434s][info][gc,phases,start] GC(90) Summary Phase
[60.434s][info][gc,phases      ] GC(90) Summary Phase 0.064ms
[60.434s][info][gc,phases,start] GC(90) Adjust Roots
[60.435s][info][gc,phases      ] GC(90) Adjust Roots 0.694ms
[60.435s][info][gc,phases,start] GC(90) Compaction Phase
[60.640s][info][gc,phases      ] GC(90) Compaction Phase 204.822ms
[60.640s][info][gc,phases,start] GC(90) Post Compact
[60.646s][info][gc,phases      ] GC(90) Post Compact 5.992ms
[60.646s][info][gc,heap        ] GC(90) PSYoungGen: 1048576K(1223168K)->72944K(1223168K) Eden: 1048576K(1048576K)->72944K(1048576K) From: 0K(174592K)->0K(174592K)
[60.646s][info][gc,heap        ] GC(90) ParOldGen: 2796416K(2796544K)->2796516K(2796544K)
[60.646s][info][gc,metaspace   ] GC(90) Metaspace: 10564K(10816K)->10564K(10816K) NonClass: 9530K(9664K)->9530K(9664K) Class: 1034K(1152K)->1034K(1152K)
[60.646s][info][gc             ] GC(90) Pause Full (Ergonomics) 3754M->2802M(3925M) 242.517ms
[60.646s][info][gc,cpu         ] GC(90) User=1.32s Sys=0.00s Real=0.24s
[61.124s][info][gc,start       ] GC(91) Pause Full (Ergonomics)
[61.124s][info][gc,phases,start] GC(91) Marking Phase
[61.154s][info][gc,phases      ] GC(91) Marking Phase 29.707ms
[61.154s][info][gc,phases,start] GC(91) Summary Phase
[61.154s][info][gc,phases      ] GC(91) Summary Phase 0.058ms
[61.154s][info][gc,phases,start] GC(91) Adjust Roots
[61.154s][info][gc,phases      ] GC(91) Adjust Roots 0.390ms
[61.155s][info][gc,phases,start] GC(91) Compaction Phase
[61.286s][info][gc,phases      ] GC(91) Compaction Phase 131.605ms
[61.286s][info][gc,phases,start] GC(91) Post Compact
[61.294s][info][gc,phases      ] GC(91) Post Compact 7.334ms
[61.294s][info][gc,heap        ] GC(91) PSYoungGen: 1048576K(1223168K)->73000K(1223168K) Eden: 1048576K(1048576K)->73000K(1048576K) From: 0K(174592K)->0K(174592K)
[61.294s][info][gc,heap        ] GC(91) ParOldGen: 2796516K(2796544K)->2796459K(2796544K)
[61.294s][info][gc,metaspace   ] GC(91) Metaspace: 10564K(10816K)->10564K(10816K) NonClass: 9530K(9664K)->9530K(9664K) Class: 1034K(1152K)->1034K(1152K)
[61.294s][info][gc             ] GC(91) Pause Full (Ergonomics) 3754M->2802M(3925M) 169.447ms
[61.294s][info][gc,cpu         ] GC(91) User=1.30s Sys=0.00s Real=0.17s
[61.764s][info][gc,start       ] GC(92) Pause Full (Ergonomics)
[61.765s][info][gc,phases,start] GC(92) Marking Phase
[61.794s][info][gc,phases      ] GC(92) Marking Phase 29.513ms
[61.794s][info][gc,phases,start] GC(92) Summary Phase
[61.794s][info][gc,phases      ] GC(92) Summary Phase 0.064ms
[61.794s][info][gc,phases,start] GC(92) Adjust Roots
[61.795s][info][gc,phases      ] GC(92) Adjust Roots 0.401ms
[61.795s][info][gc,phases,start] GC(92) Compaction Phase
[61.925s][info][gc,phases      ] GC(92) Compaction Phase 130.327ms
[61.925s][info][gc,phases,start] GC(92) Post Compact
[61.937s][info][gc,phases      ] GC(92) Post Compact 11.591ms
[61.937s][info][gc,heap        ] GC(92) PSYoungGen: 1048576K(1223168K)->72952K(1223168K) Eden: 1048576K(1048576K)->72952K(1048576K) From: 0K(174592K)->0K(174592K)
[61.937s][info][gc,heap        ] GC(92) ParOldGen: 2796459K(2796544K)->2796508K(2796544K)
[61.937s][info][gc,metaspace   ] GC(92) Metaspace: 10564K(10816K)->10564K(10816K) NonClass: 9530K(9664K)->9530K(9664K) Class: 1034K(1152K)->1034K(1152K)
[61.937s][info][gc             ] GC(92) Pause Full (Ergonomics) 3754M->2802M(3925M) 172.235ms
[61.937s][info][gc,cpu         ] GC(92) User=1.31s Sys=0.00s Real=0.17s
[62.406s][info][gc,start       ] GC(93) Pause Full (Ergonomics)
[62.406s][info][gc,phases,start] GC(93) Marking Phase
[62.441s][info][gc,phases      ] GC(93) Marking Phase 34.230ms
[62.441s][info][gc,phases,start] GC(93) Summary Phase
[62.441s][info][gc,phases      ] GC(93) Summary Phase 0.063ms
[62.441s][info][gc,phases,start] GC(93) Adjust Roots
[62.441s][info][gc,phases      ] GC(93) Adjust Roots 0.549ms
[62.441s][info][gc,phases,start] GC(93) Compaction Phase
[62.574s][info][gc,phases      ] GC(93) Compaction Phase 132.621ms
[62.574s][info][gc,phases,start] GC(93) Post Compact
[62.583s][info][gc,phases      ] GC(93) Post Compact 8.910ms
[62.583s][info][gc,heap        ] GC(93) PSYoungGen: 1048576K(1223168K)->72960K(1223168K) Eden: 1048576K(1048576K)->72960K(1048576K) From: 0K(174592K)->0K(174592K)
[62.583s][info][gc,heap        ] GC(93) ParOldGen: 2796508K(2796544K)->2796500K(2796544K)
[62.583s][info][gc,metaspace   ] GC(93) Metaspace: 10564K(10816K)->10564K(10816K) NonClass: 9530K(9664K)->9530K(9664K) Class: 1034K(1152K)->1034K(1152K)
[62.583s][info][gc             ] GC(93) Pause Full (Ergonomics) 3754M->2802M(3925M) 176.698ms
[62.583s][info][gc,cpu         ] GC(93) User=1.32s Sys=0.00s Real=0.18s
[63.053s][info][gc,start       ] GC(94) Pause Full (Ergonomics)
[63.053s][info][gc,phases,start] GC(94) Marking Phase
[63.084s][info][gc,phases      ] GC(94) Marking Phase 31.029ms
[63.084s][info][gc,phases,start] GC(94) Summary Phase
[63.084s][info][gc,phases      ] GC(94) Summary Phase 0.064ms
[63.084s][info][gc,phases,start] GC(94) Adjust Roots
[63.085s][info][gc,phases      ] GC(94) Adjust Roots 0.399ms
[63.085s][info][gc,phases,start] GC(94) Compaction Phase
[63.216s][info][gc,phases      ] GC(94) Compaction Phase 131.153ms
[63.216s][info][gc,phases,start] GC(94) Post Compact
[63.235s][info][gc,phases      ] GC(94) Post Compact 18.677ms
[63.235s][info][gc,heap        ] GC(94) PSYoungGen: 1048576K(1223168K)->72976K(1223168K) Eden: 1048576K(1048576K)->72976K(1048576K) From: 0K(174592K)->0K(174592K)
[63.235s][info][gc,heap        ] GC(94) ParOldGen: 2796500K(2796544K)->2796483K(2796544K)
[63.235s][info][gc,metaspace   ] GC(94) Metaspace: 10564K(10816K)->10564K(10816K) NonClass: 9530K(9664K)->9530K(9664K) Class: 1034K(1152K)->1034K(1152K)
[63.235s][info][gc             ] GC(94) Pause Full (Ergonomics) 3754M->2802M(3925M) 181.652ms
[63.235s][info][gc,cpu         ] GC(94) User=1.31s Sys=0.01s Real=0.19s
[63.708s][info][gc,start       ] GC(95) Pause Full (Ergonomics)
[63.708s][info][gc,phases,start] GC(95) Marking Phase
[63.738s][info][gc,phases      ] GC(95) Marking Phase 30.490ms
[63.738s][info][gc,phases,start] GC(95) Summary Phase
[63.738s][info][gc,phases      ] GC(95) Summary Phase 0.064ms
[63.738s][info][gc,phases,start] GC(95) Adjust Roots
[63.739s][info][gc,phases      ] GC(95) Adjust Roots 0.562ms
[63.739s][info][gc,phases,start] GC(95) Compaction Phase
[63.870s][info][gc,phases      ] GC(95) Compaction Phase 131.095ms
[63.870s][info][gc,phases,start] GC(95) Post Compact
[63.879s][info][gc,phases      ] GC(95) Post Compact 8.676ms
[63.879s][info][gc,heap        ] GC(95) PSYoungGen: 1048576K(1223168K)->72984K(1223168K) Eden: 1048576K(1048576K)->72984K(1048576K) From: 0K(174592K)->0K(174592K)
[63.879s][info][gc,heap        ] GC(95) ParOldGen: 2796483K(2796544K)->2796475K(2796544K)
[63.879s][info][gc,metaspace   ] GC(95) Metaspace: 10564K(10816K)->10564K(10816K) NonClass: 9530K(9664K)->9530K(9664K) Class: 1034K(1152K)->1034K(1152K)
[63.879s][info][gc             ] GC(95) Pause Full (Ergonomics) 3754M->2802M(3925M) 171.242ms
[63.879s][info][gc,cpu         ] GC(95) User=1.31s Sys=0.00s Real=0.17s
[64.360s][info][gc,start       ] GC(96) Pause Full (Ergonomics)
[64.360s][info][gc,phases,start] GC(96) Marking Phase
[64.392s][info][gc,phases      ] GC(96) Marking Phase 32.193ms
[64.392s][info][gc,phases,start] GC(96) Summary Phase
[64.393s][info][gc,phases      ] GC(96) Summary Phase 0.064ms
[64.393s][info][gc,phases,start] GC(96) Adjust Roots
[64.393s][info][gc,phases      ] GC(96) Adjust Roots 0.555ms
[64.393s][info][gc,phases,start] GC(96) Compaction Phase
[64.525s][info][gc,phases      ] GC(96) Compaction Phase 131.437ms
[64.525s][info][gc,phases,start] GC(96) Post Compact
[64.532s][info][gc,phases      ] GC(96) Post Compact 7.547ms
[64.532s][info][gc,heap        ] GC(96) PSYoungGen: 1048576K(1223168K)->72964K(1223168K) Eden: 1048576K(1048576K)->72964K(1048576K) From: 0K(174592K)->0K(174592K)
[64.532s][info][gc,heap        ] GC(96) ParOldGen: 2796475K(2796544K)->2796496K(2796544K)
[64.532s][info][gc,metaspace   ] GC(96) Metaspace: 10564K(10816K)->10564K(10816K) NonClass: 9530K(9664K)->9530K(9664K) Class: 1034K(1152K)->1034K(1152K)
[64.532s][info][gc             ] GC(96) Pause Full (Ergonomics) 3754M->2802M(3925M) 172.123ms
[64.532s][info][gc,cpu         ] GC(96) User=1.31s Sys=0.00s Real=0.17s
[65.000s][info][gc,start       ] GC(97) Pause Full (Ergonomics)
[65.000s][info][gc,phases,start] GC(97) Marking Phase
[65.033s][info][gc,phases      ] GC(97) Marking Phase 32.513ms
[65.033s][info][gc,phases,start] GC(97) Summary Phase
[65.033s][info][gc,phases      ] GC(97) Summary Phase 0.064ms
[65.033s][info][gc,phases,start] GC(97) Adjust Roots
[65.033s][info][gc,phases      ] GC(97) Adjust Roots 0.550ms
[65.033s][info][gc,phases,start] GC(97) Compaction Phase
[65.164s][info][gc,phases      ] GC(97) Compaction Phase 130.476ms
[65.164s][info][gc,phases,start] GC(97) Post Compact
[65.173s][info][gc,phases      ] GC(97) Post Compact 8.842ms
[65.173s][info][gc,heap        ] GC(97) PSYoungGen: 1048576K(1223168K)->72940K(1223168K) Eden: 1048576K(1048576K)->72940K(1048576K) From: 0K(174592K)->0K(174592K)
[65.173s][info][gc,heap        ] GC(97) ParOldGen: 2796496K(2796544K)->2796520K(2796544K)
[65.173s][info][gc,metaspace   ] GC(97) Metaspace: 10564K(10816K)->10564K(10816K) NonClass: 9530K(9664K)->9530K(9664K) Class: 1034K(1152K)->1034K(1152K)
[65.173s][info][gc             ] GC(97) Pause Full (Ergonomics) 3754M->2802M(3925M) 172.808ms
[65.173s][info][gc,cpu         ] GC(97) User=1.32s Sys=0.01s Real=0.17s
[65.644s][info][gc,start       ] GC(98) Pause Full (Ergonomics)
[65.644s][info][gc,phases,start] GC(98) Marking Phase
[65.676s][info][gc,phases      ] GC(98) Marking Phase 31.882ms
[65.676s][info][gc,phases,start] GC(98) Summary Phase
[65.676s][info][gc,phases      ] GC(98) Summary Phase 0.064ms
[65.676s][info][gc,phases,start] GC(98) Adjust Roots
[65.676s][info][gc,phases      ] GC(98) Adjust Roots 0.410ms
[65.676s][info][gc,phases,start] GC(98) Compaction Phase
[65.807s][info][gc,phases      ] GC(98) Compaction Phase 130.925ms
[65.807s][info][gc,phases,start] GC(98) Post Compact
[65.819s][info][gc,phases      ] GC(98) Post Compact 11.596ms
[65.819s][info][gc,heap        ] GC(98) PSYoungGen: 1048576K(1223168K)->72964K(1223168K) Eden: 1048576K(1048576K)->72964K(1048576K) From: 0K(174592K)->0K(174592K)
[65.819s][info][gc,heap        ] GC(98) ParOldGen: 2796520K(2796544K)->2796495K(2796544K)
[65.819s][info][gc,metaspace   ] GC(98) Metaspace: 10564K(10816K)->10564K(10816K) NonClass: 9530K(9664K)->9530K(9664K) Class: 1034K(1152K)->1034K(1152K)
[65.819s][info][gc             ] GC(98) Pause Full (Ergonomics) 3754M->2802M(3925M) 175.196ms
[65.819s][info][gc,cpu         ] GC(98) User=1.31s Sys=0.00s Real=0.17s
[66.302s][info][gc,start       ] GC(99) Pause Full (Ergonomics)
[66.302s][info][gc,phases,start] GC(99) Marking Phase
[66.332s][info][gc,phases      ] GC(99) Marking Phase 29.773ms
[66.332s][info][gc,phases,start] GC(99) Summary Phase
[66.332s][info][gc,phases      ] GC(99) Summary Phase 0.065ms
[66.332s][info][gc,phases,start] GC(99) Adjust Roots
[66.333s][info][gc,phases      ] GC(99) Adjust Roots 0.551ms
[66.333s][info][gc,phases,start] GC(99) Compaction Phase
[66.464s][info][gc,phases      ] GC(99) Compaction Phase 130.884ms
[66.464s][info][gc,phases,start] GC(99) Post Compact
[66.473s][info][gc,phases      ] GC(99) Post Compact 9.063ms
[66.473s][info][gc,heap        ] GC(99) PSYoungGen: 1048576K(1223168K)->72972K(1223168K) Eden: 1048576K(1048576K)->72972K(1048576K) From: 0K(174592K)->0K(174592K)
[66.473s][info][gc,heap        ] GC(99) ParOldGen: 2796495K(2796544K)->2796487K(2796544K)
[66.473s][info][gc,metaspace   ] GC(99) Metaspace: 10564K(10816K)->10564K(10816K) NonClass: 9530K(9664K)->9530K(9664K) Class: 1034K(1152K)->1034K(1152K)
[66.473s][info][gc             ] GC(99) Pause Full (Ergonomics) 3754M->2802M(3925M) 170.672ms
[66.473s][info][gc,cpu         ] GC(99) User=1.31s Sys=0.00s Real=0.16s
[66.949s][info][gc,start       ] GC(100) Pause Full (Ergonomics)
[66.949s][info][gc,phases,start] GC(100) Marking Phase
[66.983s][info][gc,phases      ] GC(100) Marking Phase 33.796ms
[66.983s][info][gc,phases,start] GC(100) Summary Phase
[66.983s][info][gc,phases      ] GC(100) Summary Phase 0.064ms
[66.983s][info][gc,phases,start] GC(100) Adjust Roots
[66.983s][info][gc,phases      ] GC(100) Adjust Roots 0.404ms
[66.983s][info][gc,phases,start] GC(100) Compaction Phase
[67.112s][info][gc,phases      ] GC(100) Compaction Phase 128.217ms
[67.112s][info][gc,phases,start] GC(100) Post Compact
[67.119s][info][gc,phases      ] GC(100) Post Compact 7.327ms
[67.119s][info][gc,heap        ] GC(100) PSYoungGen: 1048573K(1223168K)->72944K(1223168K) Eden: 1048573K(1048576K)->72944K(1048576K) From: 0K(174592K)->0K(174592K)
[67.119s][info][gc,heap        ] GC(100) ParOldGen: 2796487K(2796544K)->2796516K(2796544K)
[67.119s][info][gc,metaspace   ] GC(100) Metaspace: 10564K(10816K)->10564K(10816K) NonClass: 9530K(9664K)->9530K(9664K) Class: 1034K(1152K)->1034K(1152K)
[67.119s][info][gc             ] GC(100) Pause Full (Ergonomics) 3754M->2802M(3925M) 170.149ms
[67.119s][info][gc,cpu         ] GC(100) User=1.30s Sys=0.00s Real=0.17s
[67.598s][info][gc,start       ] GC(101) Pause Full (Ergonomics)
[67.598s][info][gc,phases,start] GC(101) Marking Phase
[67.631s][info][gc,phases      ] GC(101) Marking Phase 32.571ms
[67.631s][info][gc,phases,start] GC(101) Summary Phase
[67.631s][info][gc,phases      ] GC(101) Summary Phase 0.064ms
[67.631s][info][gc,phases,start] GC(101) Adjust Roots
[67.631s][info][gc,phases      ] GC(101) Adjust Roots 0.474ms
[67.631s][info][gc,phases,start] GC(101) Compaction Phase
[67.763s][info][gc,phases      ] GC(101) Compaction Phase 131.745ms
[67.763s][info][gc,phases,start] GC(101) Post Compact
[67.772s][info][gc,phases      ] GC(101) Post Compact 8.454ms
[67.772s][info][gc,heap        ] GC(101) PSYoungGen: 1048573K(1223168K)->72968K(1223168K) Eden: 1048573K(1048576K)->72968K(1048576K) From: 0K(174592K)->0K(174592K)
[67.772s][info][gc,heap        ] GC(101) ParOldGen: 2796516K(2796544K)->2796491K(2796544K)
[67.772s][info][gc,metaspace   ] GC(101) Metaspace: 10564K(10816K)->10564K(10816K) NonClass: 9530K(9664K)->9530K(9664K) Class: 1034K(1152K)->1034K(1152K)
[67.772s][info][gc             ] GC(101) Pause Full (Ergonomics) 3754M->2802M(3925M) 173.640ms
[67.772s][info][gc,cpu         ] GC(101) User=1.31s Sys=0.00s Real=0.17s
[68.246s][info][gc,start       ] GC(102) Pause Full (Ergonomics)
[68.246s][info][gc,phases,start] GC(102) Marking Phase
[68.276s][info][gc,phases      ] GC(102) Marking Phase 30.080ms
[68.276s][info][gc,phases,start] GC(102) Summary Phase
[68.276s][info][gc,phases      ] GC(102) Summary Phase 0.064ms
[68.276s][info][gc,phases,start] GC(102) Adjust Roots
[68.277s][info][gc,phases      ] GC(102) Adjust Roots 0.435ms
[68.277s][info][gc,phases,start] GC(102) Compaction Phase
[68.408s][info][gc,phases      ] GC(102) Compaction Phase 131.444ms
[68.408s][info][gc,phases,start] GC(102) Post Compact
[68.418s][info][gc,phases      ] GC(102) Post Compact 9.677ms
[68.418s][info][gc,heap        ] GC(102) PSYoungGen: 1048576K(1223168K)->72992K(1223168K) Eden: 1048576K(1048576K)->72992K(1048576K) From: 0K(174592K)->0K(174592K)
[68.418s][info][gc,heap        ] GC(102) ParOldGen: 2796491K(2796544K)->2796467K(2796544K)
[68.418s][info][gc,metaspace   ] GC(102) Metaspace: 10564K(10816K)->10564K(10816K) NonClass: 9530K(9664K)->9530K(9664K) Class: 1034K(1152K)->1034K(1152K)
[68.418s][info][gc             ] GC(102) Pause Full (Ergonomics) 3754M->2802M(3925M) 172.030ms
[68.418s][info][gc,cpu         ] GC(102) User=1.31s Sys=0.00s Real=0.17s
[68.892s][info][gc,start       ] GC(103) Pause Full (Ergonomics)
[68.892s][info][gc,phases,start] GC(103) Marking Phase
[68.924s][info][gc,phases      ] GC(103) Marking Phase 31.791ms
[68.924s][info][gc,phases,start] GC(103) Summary Phase
[68.924s][info][gc,phases      ] GC(103) Summary Phase 0.064ms
[68.924s][info][gc,phases,start] GC(103) Adjust Roots
[68.925s][info][gc,phases      ] GC(103) Adjust Roots 0.548ms
[68.925s][info][gc,phases,start] GC(103) Compaction Phase
[69.056s][info][gc,phases      ] GC(103) Compaction Phase 131.563ms
[69.056s][info][gc,phases,start] GC(103) Post Compact
[69.064s][info][gc,phases      ] GC(103) Post Compact 7.439ms
[69.064s][info][gc,heap        ] GC(103) PSYoungGen: 1048576K(1223168K)->72944K(1223168K) Eden: 1048576K(1048576K)->72944K(1048576K) From: 0K(174592K)->0K(174592K)
[69.064s][info][gc,heap        ] GC(103) ParOldGen: 2796467K(2796544K)->2796516K(2796544K)
[69.064s][info][gc,metaspace   ] GC(103) Metaspace: 10564K(10816K)->10564K(10816K) NonClass: 9530K(9664K)->9530K(9664K) Class: 1034K(1152K)->1034K(1152K)
[69.064s][info][gc             ] GC(103) Pause Full (Ergonomics) 3754M->2802M(3925M) 171.716ms
[69.064s][info][gc,cpu         ] GC(103) User=1.31s Sys=0.00s Real=0.18s
[69.536s][info][gc,start       ] GC(104) Pause Full (Ergonomics)
[69.536s][info][gc,phases,start] GC(104) Marking Phase
[69.569s][info][gc,phases      ] GC(104) Marking Phase 32.876ms
[69.569s][info][gc,phases,start] GC(104) Summary Phase
[69.569s][info][gc,phases      ] GC(104) Summary Phase 0.065ms
[69.569s][info][gc,phases,start] GC(104) Adjust Roots
[69.570s][info][gc,phases      ] GC(104) Adjust Roots 0.412ms
[69.570s][info][gc,phases,start] GC(104) Compaction Phase
[69.702s][info][gc,phases      ] GC(104) Compaction Phase 131.960ms
[69.702s][info][gc,phases,start] GC(104) Post Compact
[69.711s][info][gc,phases      ] GC(104) Post Compact 9.029ms
[69.711s][info][gc,heap        ] GC(104) PSYoungGen: 1048576K(1223168K)->72952K(1223168K) Eden: 1048576K(1048576K)->72952K(1048576K) From: 0K(174592K)->0K(174592K)
[69.711s][info][gc,heap        ] GC(104) ParOldGen: 2796516K(2796544K)->2796508K(2796544K)
[69.711s][info][gc,metaspace   ] GC(104) Metaspace: 10564K(10816K)->10564K(10816K) NonClass: 9530K(9664K)->9530K(9664K) Class: 1034K(1152K)->1034K(1152K)
[69.711s][info][gc             ] GC(104) Pause Full (Ergonomics) 3754M->2802M(3925M) 174.662ms
[69.711s][info][gc,cpu         ] GC(104) User=1.31s Sys=0.00s Real=0.17s
[70.180s][info][gc,start       ] GC(105) Pause Full (Ergonomics)
[70.180s][info][gc,phases,start] GC(105) Marking Phase
[70.211s][info][gc,phases      ] GC(105) Marking Phase 30.648ms
[70.211s][info][gc,phases,start] GC(105) Summary Phase
[70.211s][info][gc,phases      ] GC(105) Summary Phase 0.064ms
[70.211s][info][gc,phases,start] GC(105) Adjust Roots
[70.211s][info][gc,phases      ] GC(105) Adjust Roots 0.422ms
[70.211s][info][gc,phases,start] GC(105) Compaction Phase
[70.343s][info][gc,phases      ] GC(105) Compaction Phase 131.054ms
[70.343s][info][gc,phases,start] GC(105) Post Compact
[70.350s][info][gc,phases      ] GC(105) Post Compact 6.918ms
[70.350s][info][gc,heap        ] GC(105) PSYoungGen: 1048576K(1223168K)->72948K(1223168K) Eden: 1048576K(1048576K)->72948K(1048576K) From: 0K(174592K)->0K(174592K)
[70.350s][info][gc,heap        ] GC(105) ParOldGen: 2796508K(2796544K)->2796512K(2796544K)
[70.350s][info][gc,metaspace   ] GC(105) Metaspace: 10564K(10816K)->10564K(10816K) NonClass: 9530K(9664K)->9530K(9664K) Class: 1034K(1152K)->1034K(1152K)
[70.350s][info][gc             ] GC(105) Pause Full (Ergonomics) 3754M->2802M(3925M) 169.436ms
[70.350s][info][gc,cpu         ] GC(105) User=1.31s Sys=0.00s Real=0.17s
[70.816s][info][gc,start       ] GC(106) Pause Full (Ergonomics)
[70.816s][info][gc,phases,start] GC(106) Marking Phase
[70.846s][info][gc,phases      ] GC(106) Marking Phase 29.827ms
[70.846s][info][gc,phases,start] GC(106) Summary Phase
[70.846s][info][gc,phases      ] GC(106) Summary Phase 0.063ms
[70.846s][info][gc,phases,start] GC(106) Adjust Roots
[70.847s][info][gc,phases      ] GC(106) Adjust Roots 0.551ms
[70.847s][info][gc,phases,start] GC(106) Compaction Phase
[70.978s][info][gc,phases      ] GC(106) Compaction Phase 131.749ms
[70.981s][info][gc,phases,start] GC(106) Post Compact
[70.988s][info][gc,phases      ] GC(106) Post Compact 7.271ms
[70.988s][info][gc,heap        ] GC(106) PSYoungGen: 1048576K(1223168K)->72968K(1223168K) Eden: 1048576K(1048576K)->72968K(1048576K) From: 0K(174592K)->0K(174592K)
[70.988s][info][gc,heap        ] GC(106) ParOldGen: 2796512K(2796544K)->2796491K(2796544K)
[70.988s][info][gc,metaspace   ] GC(106) Metaspace: 10564K(10816K)->10564K(10816K) NonClass: 9530K(9664K)->9530K(9664K) Class: 1034K(1152K)->1034K(1152K)
[70.988s][info][gc             ] GC(106) Pause Full (Ergonomics) 3754M->2802M(3925M) 172.450ms
[70.988s][info][gc,cpu         ] GC(106) User=1.31s Sys=0.00s Real=0.17s
[71.464s][info][gc,start       ] GC(107) Pause Full (Ergonomics)
[71.464s][info][gc,phases,start] GC(107) Marking Phase
[71.497s][info][gc,phases      ] GC(107) Marking Phase 33.077ms
[71.497s][info][gc,phases,start] GC(107) Summary Phase
[71.497s][info][gc,phases      ] GC(107) Summary Phase 0.064ms
[71.497s][info][gc,phases,start] GC(107) Adjust Roots
[71.498s][info][gc,phases      ] GC(107) Adjust Roots 0.406ms
[71.498s][info][gc,phases,start] GC(107) Compaction Phase
[71.629s][info][gc,phases      ] GC(107) Compaction Phase 131.529ms
[71.629s][info][gc,phases,start] GC(107) Post Compact
[71.640s][info][gc,phases      ] GC(107) Post Compact 10.280ms
[71.640s][info][gc,heap        ] GC(107) PSYoungGen: 1048576K(1223168K)->72972K(1223168K) Eden: 1048576K(1048576K)->72972K(1048576K) From: 0K(174592K)->0K(174592K)
[71.640s][info][gc,heap        ] GC(107) ParOldGen: 2796491K(2796544K)->2796487K(2796544K)
[71.640s][info][gc,metaspace   ] GC(107) Metaspace: 10564K(10816K)->10564K(10816K) NonClass: 9530K(9664K)->9530K(9664K) Class: 1034K(1152K)->1034K(1152K)
[71.640s][info][gc             ] GC(107) Pause Full (Ergonomics) 3754M->2802M(3925M) 175.719ms
[71.640s][info][gc,cpu         ] GC(107) User=1.31s Sys=0.01s Real=0.17s
[72.109s][info][gc,start       ] GC(108) Pause Full (Ergonomics)
[72.109s][info][gc,phases,start] GC(108) Marking Phase
[72.143s][info][gc,phases      ] GC(108) Marking Phase 34.345ms
[72.143s][info][gc,phases,start] GC(108) Summary Phase
[72.144s][info][gc,phases      ] GC(108) Summary Phase 0.064ms
[72.144s][info][gc,phases,start] GC(108) Adjust Roots
[72.144s][info][gc,phases      ] GC(108) Adjust Roots 0.551ms
[72.144s][info][gc,phases,start] GC(108) Compaction Phase
[72.275s][info][gc,phases      ] GC(108) Compaction Phase 131.292ms
[72.275s][info][gc,phases,start] GC(108) Post Compact
[72.283s][info][gc,phases      ] GC(108) Post Compact 7.730ms
[72.283s][info][gc,heap        ] GC(108) PSYoungGen: 1048576K(1223168K)->72988K(1223168K) Eden: 1048576K(1048576K)->72988K(1048576K) From: 0K(174592K)->0K(174592K)
[72.283s][info][gc,heap        ] GC(108) ParOldGen: 2796487K(2796544K)->2796471K(2796544K)
[72.283s][info][gc,metaspace   ] GC(108) Metaspace: 10564K(10816K)->10564K(10816K) NonClass: 9530K(9664K)->9530K(9664K) Class: 1034K(1152K)->1034K(1152K)
[72.283s][info][gc             ] GC(108) Pause Full (Ergonomics) 3754M->2802M(3925M) 174.320ms
[72.283s][info][gc,cpu         ] GC(108) User=1.31s Sys=0.00s Real=0.18s
[72.758s][info][gc,start       ] GC(109) Pause Full (Ergonomics)
[72.758s][info][gc,phases,start] GC(109) Marking Phase
[72.788s][info][gc,phases      ] GC(109) Marking Phase 30.034ms
[72.788s][info][gc,phases,start] GC(109) Summary Phase
[72.788s][info][gc,phases      ] GC(109) Summary Phase 0.064ms
[72.788s][info][gc,phases,start] GC(109) Adjust Roots
[72.789s][info][gc,phases      ] GC(109) Adjust Roots 0.401ms
[72.789s][info][gc,phases,start] GC(109) Compaction Phase
[72.920s][info][gc,phases      ] GC(109) Compaction Phase 131.127ms
[72.920s][info][gc,phases,start] GC(109) Post Compact
[72.928s][info][gc,phases      ] GC(109) Post Compact 7.526ms
[72.928s][info][gc,heap        ] GC(109) PSYoungGen: 1048576K(1223168K)->73005K(1223168K) Eden: 1048576K(1048576K)->73005K(1048576K) From: 0K(174592K)->0K(174592K)
[72.928s][info][gc,heap        ] GC(109) ParOldGen: 2796471K(2796544K)->2796455K(2796544K)
[72.928s][info][gc,metaspace   ] GC(109) Metaspace: 10564K(10816K)->10564K(10816K) NonClass: 9530K(9664K)->9530K(9664K) Class: 1034K(1152K)->1034K(1152K)
[72.928s][info][gc             ] GC(109) Pause Full (Ergonomics) 3754M->2802M(3925M) 169.493ms
[72.928s][info][gc,cpu         ] GC(109) User=1.31s Sys=0.00s Real=0.17s
[73.398s][info][gc,start       ] GC(110) Pause Full (Ergonomics)
[73.398s][info][gc,phases,start] GC(110) Marking Phase
[73.430s][info][gc,phases      ] GC(110) Marking Phase 32.063ms
[73.430s][info][gc,phases,start] GC(110) Summary Phase
[73.430s][info][gc,phases      ] GC(110) Summary Phase 0.064ms
[73.430s][info][gc,phases,start] GC(110) Adjust Roots
[73.431s][info][gc,phases      ] GC(110) Adjust Roots 0.547ms
[73.431s][info][gc,phases,start] GC(110) Compaction Phase
[73.562s][info][gc,phases      ] GC(110) Compaction Phase 130.882ms
[73.562s][info][gc,phases,start] GC(110) Post Compact
[73.571s][info][gc,phases      ] GC(110) Post Compact 9.098ms
[73.571s][info][gc,heap        ] GC(110) PSYoungGen: 1048576K(1223168K)->72952K(1223168K) Eden: 1048576K(1048576K)->72952K(1048576K) From: 0K(174592K)->0K(174592K)
[73.571s][info][gc,heap        ] GC(110) ParOldGen: 2796455K(2796544K)->2796508K(2796544K)
[73.571s][info][gc,metaspace   ] GC(110) Metaspace: 10564K(10816K)->10564K(10816K) NonClass: 9530K(9664K)->9530K(9664K) Class: 1034K(1152K)->1034K(1152K)
[73.571s][info][gc             ] GC(110) Pause Full (Ergonomics) 3754M->2802M(3925M) 172.987ms
[73.571s][info][gc,cpu         ] GC(110) User=1.31s Sys=0.00s Real=0.17s
[74.045s][info][gc,start       ] GC(111) Pause Full (Ergonomics)
[74.045s][info][gc,phases,start] GC(111) Marking Phase
[74.080s][info][gc,phases      ] GC(111) Marking Phase 35.575ms
[74.080s][info][gc,phases,start] GC(111) Summary Phase
[74.080s][info][gc,phases      ] GC(111) Summary Phase 0.063ms
[74.080s][info][gc,phases,start] GC(111) Adjust Roots
[74.081s][info][gc,phases      ] GC(111) Adjust Roots 0.575ms
[74.081s][info][gc,phases,start] GC(111) Compaction Phase
[74.212s][info][gc,phases      ] GC(111) Compaction Phase 131.123ms
[74.212s][info][gc,phases,start] GC(111) Post Compact
[74.219s][info][gc,phases      ] GC(111) Post Compact 7.130ms
[74.219s][info][gc,heap        ] GC(111) PSYoungGen: 1048576K(1223168K)->72984K(1223168K) Eden: 1048576K(1048576K)->72984K(1048576K) From: 0K(174592K)->0K(174592K)
[74.219s][info][gc,heap        ] GC(111) ParOldGen: 2796508K(2796544K)->2796475K(2796544K)
[74.219s][info][gc,metaspace   ] GC(111) Metaspace: 10564K(10816K)->10564K(10816K) NonClass: 9530K(9664K)->9530K(9664K) Class: 1034K(1152K)->1034K(1152K)
[74.219s][info][gc             ] GC(111) Pause Full (Ergonomics) 3754M->2802M(3925M) 174.802ms
[74.219s][info][gc,cpu         ] GC(111) User=1.30s Sys=0.00s Real=0.17s
[74.703s][info][gc,start       ] GC(112) Pause Full (Ergonomics)
[74.703s][info][gc,phases,start] GC(112) Marking Phase
[74.732s][info][gc,phases      ] GC(112) Marking Phase 29.584ms
[74.732s][info][gc,phases,start] GC(112) Summary Phase
[74.732s][info][gc,phases      ] GC(112) Summary Phase 0.062ms
[74.732s][info][gc,phases,start] GC(112) Adjust Roots
[74.733s][info][gc,phases      ] GC(112) Adjust Roots 0.468ms
[74.733s][info][gc,phases,start] GC(112) Compaction Phase
[74.864s][info][gc,phases      ] GC(112) Compaction Phase 131.271ms
[74.864s][info][gc,phases,start] GC(112) Post Compact
[74.871s][info][gc,phases      ] GC(112) Post Compact 6.955ms
[74.871s][info][gc,heap        ] GC(112) PSYoungGen: 1048576K(1223168K)->72927K(1223168K) Eden: 1048576K(1048576K)->72927K(1048576K) From: 0K(174592K)->0K(174592K)
[74.871s][info][gc,heap        ] GC(112) ParOldGen: 2796475K(2796544K)->2796532K(2796544K)
[74.871s][info][gc,metaspace   ] GC(112) Metaspace: 10564K(10816K)->10564K(10816K) NonClass: 9530K(9664K)->9530K(9664K) Class: 1034K(1152K)->1034K(1152K)
[74.871s][info][gc             ] GC(112) Pause Full (Ergonomics) 3754M->2802M(3925M) 168.667ms
[74.871s][info][gc,cpu         ] GC(112) User=1.30s Sys=0.00s Real=0.16s
[75.351s][info][gc,start       ] GC(113) Pause Full (Ergonomics)
[75.351s][info][gc,phases,start] GC(113) Marking Phase
[75.386s][info][gc,phases      ] GC(113) Marking Phase 35.363ms
[75.386s][info][gc,phases,start] GC(113) Summary Phase
[75.386s][info][gc,phases      ] GC(113) Summary Phase 0.064ms
[75.386s][info][gc,phases,start] GC(113) Adjust Roots
[75.387s][info][gc,phases      ] GC(113) Adjust Roots 0.423ms
[75.387s][info][gc,phases,start] GC(113) Compaction Phase
[75.519s][info][gc,phases      ] GC(113) Compaction Phase 131.925ms
[75.519s][info][gc,phases,start] GC(113) Post Compact
[75.526s][info][gc,phases      ] GC(113) Post Compact 7.553ms
[75.527s][info][gc,heap        ] GC(113) PSYoungGen: 1048576K(1223168K)->72944K(1223168K) Eden: 1048576K(1048576K)->72944K(1048576K) From: 0K(174592K)->0K(174592K)
[75.527s][info][gc,heap        ] GC(113) ParOldGen: 2796532K(2796544K)->2796516K(2796544K)
[75.527s][info][gc,metaspace   ] GC(113) Metaspace: 10564K(10816K)->10564K(10816K) NonClass: 9530K(9664K)->9530K(9664K) Class: 1034K(1152K)->1034K(1152K)
[75.527s][info][gc             ] GC(113) Pause Full (Ergonomics) 3754M->2802M(3925M) 175.657ms
[75.527s][info][gc,cpu         ] GC(113) User=1.30s Sys=0.02s Real=0.18s
[75.992s][info][gc,start       ] GC(114) Pause Full (Ergonomics)
[75.992s][info][gc,phases,start] GC(114) Marking Phase
[76.023s][info][gc,phases      ] GC(114) Marking Phase 30.988ms
[76.023s][info][gc,phases,start] GC(114) Summary Phase
[76.023s][info][gc,phases      ] GC(114) Summary Phase 0.064ms
[76.023s][info][gc,phases,start] GC(114) Adjust Roots
[76.023s][info][gc,phases      ] GC(114) Adjust Roots 0.402ms
[76.023s][info][gc,phases,start] GC(114) Compaction Phase
[76.154s][info][gc,phases      ] GC(114) Compaction Phase 130.958ms
[76.154s][info][gc,phases,start] GC(114) Post Compact
[76.161s][info][gc,phases      ] GC(114) Post Compact 6.893ms
[76.161s][info][gc,heap        ] GC(114) PSYoungGen: 1048576K(1223168K)->72972K(1223168K) Eden: 1048576K(1048576K)->72972K(1048576K) From: 0K(174592K)->0K(174592K)
[76.161s][info][gc,heap        ] GC(114) ParOldGen: 2796516K(2796544K)->2796487K(2796544K)
[76.161s][info][gc,metaspace   ] GC(114) Metaspace: 10564K(10816K)->10564K(10816K) NonClass: 9530K(9664K)->9530K(9664K) Class: 1034K(1152K)->1034K(1152K)
[76.161s][info][gc             ] GC(114) Pause Full (Ergonomics) 3754M->2802M(3925M) 169.648ms
[76.161s][info][gc,cpu         ] GC(114) User=1.30s Sys=0.00s Real=0.17s
[76.638s][info][gc,start       ] GC(115) Pause Full (Ergonomics)
[76.638s][info][gc,phases,start] GC(115) Marking Phase
[76.672s][info][gc,phases      ] GC(115) Marking Phase 33.638ms
[76.672s][info][gc,phases,start] GC(115) Summary Phase
[76.672s][info][gc,phases      ] GC(115) Summary Phase 0.063ms
[76.672s][info][gc,phases,start] GC(115) Adjust Roots
[76.672s][info][gc,phases      ] GC(115) Adjust Roots 0.550ms
[76.672s][info][gc,phases,start] GC(115) Compaction Phase
[76.804s][info][gc,phases      ] GC(115) Compaction Phase 131.098ms
[76.804s][info][gc,phases,start] GC(115) Post Compact
[76.813s][info][gc,phases      ] GC(115) Post Compact 9.038ms
[76.813s][info][gc,heap        ] GC(115) PSYoungGen: 1048576K(1223168K)->72944K(1223168K) Eden: 1048576K(1048576K)->72944K(1048576K) From: 0K(174592K)->0K(174592K)
[76.813s][info][gc,heap        ] GC(115) ParOldGen: 2796487K(2796544K)->2796516K(2796544K)
[76.813s][info][gc,metaspace   ] GC(115) Metaspace: 10564K(10816K)->10564K(10816K) NonClass: 9530K(9664K)->9530K(9664K) Class: 1034K(1152K)->1034K(1152K)
[76.813s][info][gc             ] GC(115) Pause Full (Ergonomics) 3754M->2802M(3925M) 174.714ms
[76.813s][info][gc,cpu         ] GC(115) User=1.30s Sys=0.01s Real=0.17s
[77.282s][info][gc,start       ] GC(116) Pause Full (Ergonomics)
[77.282s][info][gc,phases,start] GC(116) Marking Phase
[77.313s][info][gc,phases      ] GC(116) Marking Phase 30.664ms
[77.313s][info][gc,phases,start] GC(116) Summary Phase
[77.313s][info][gc,phases      ] GC(116) Summary Phase 0.064ms
[77.313s][info][gc,phases,start] GC(116) Adjust Roots
[77.313s][info][gc,phases      ] GC(116) Adjust Roots 0.402ms
[77.313s][info][gc,phases,start] GC(116) Compaction Phase
[77.445s][info][gc,phases      ] GC(116) Compaction Phase 131.869ms
[77.445s][info][gc,phases,start] GC(116) Post Compact
[77.453s][info][gc,phases      ] GC(116) Post Compact 8.187ms
[77.453s][info][gc,heap        ] GC(116) PSYoungGen: 1048576K(1223168K)->72960K(1223168K) Eden: 1048576K(1048576K)->72960K(1048576K) From: 0K(174592K)->0K(174592K)
[77.453s][info][gc,heap        ] GC(116) ParOldGen: 2796516K(2796544K)->2796500K(2796544K)
[77.453s][info][gc,metaspace   ] GC(116) Metaspace: 10564K(10816K)->10564K(10816K) NonClass: 9530K(9664K)->9530K(9664K) Class: 1034K(1152K)->1034K(1152K)
[77.453s][info][gc             ] GC(116) Pause Full (Ergonomics) 3754M->2802M(3925M) 171.497ms
[77.453s][info][gc,cpu         ] GC(116) User=1.31s Sys=0.00s Real=0.16s
[77.926s][info][gc,start       ] GC(117) Pause Full (Ergonomics)
[77.926s][info][gc,phases,start] GC(117) Marking Phase
[77.956s][info][gc,phases      ] GC(117) Marking Phase 30.764ms
[77.957s][info][gc,phases,start] GC(117) Summary Phase
[77.957s][info][gc,phases      ] GC(117) Summary Phase 0.064ms
[77.957s][info][gc,phases,start] GC(117) Adjust Roots
[77.957s][info][gc,phases      ] GC(117) Adjust Roots 0.405ms
[77.957s][info][gc,phases,start] GC(117) Compaction Phase
[78.088s][info][gc,phases      ] GC(117) Compaction Phase 131.282ms
[78.088s][info][gc,phases,start] GC(117) Post Compact
[78.096s][info][gc,phases      ] GC(117) Post Compact 7.417ms
[78.096s][info][gc,heap        ] GC(117) PSYoungGen: 1048576K(1223168K)->72964K(1223168K) Eden: 1048576K(1048576K)->72964K(1048576K) From: 0K(174592K)->0K(174592K)
[78.096s][info][gc,heap        ] GC(117) ParOldGen: 2796500K(2796544K)->2796496K(2796544K)
[78.096s][info][gc,metaspace   ] GC(117) Metaspace: 10564K(10816K)->10564K(10816K) NonClass: 9530K(9664K)->9530K(9664K) Class: 1034K(1152K)->1034K(1152K)
[78.096s][info][gc             ] GC(117) Pause Full (Ergonomics) 3754M->2802M(3925M) 170.295ms
[78.096s][info][gc,cpu         ] GC(117) User=1.31s Sys=0.00s Real=0.17s
[78.570s][info][gc,start       ] GC(118) Pause Full (Ergonomics)
[78.570s][info][gc,phases,start] GC(118) Marking Phase
[78.602s][info][gc,phases      ] GC(118) Marking Phase 31.706ms
[78.602s][info][gc,phases,start] GC(118) Summary Phase
[78.602s][info][gc,phases      ] GC(118) Summary Phase 0.064ms
[78.602s][info][gc,phases,start] GC(118) Adjust Roots
[78.603s][info][gc,phases      ] GC(118) Adjust Roots 0.551ms
[78.603s][info][gc,phases,start] GC(118) Compaction Phase
[78.730s][info][gc,phases      ] GC(118) Compaction Phase 127.127ms
[78.730s][info][gc,phases,start] GC(118) Post Compact
[78.738s][info][gc,phases      ] GC(118) Post Compact 8.203ms
[78.738s][info][gc,heap        ] GC(118) PSYoungGen: 1048576K(1223168K)->72948K(1223168K) Eden: 1048576K(1048576K)->72948K(1048576K) From: 0K(174592K)->0K(174592K)
[78.738s][info][gc,heap        ] GC(118) ParOldGen: 2796496K(2796544K)->2796512K(2796544K)
[78.738s][info][gc,metaspace   ] GC(118) Metaspace: 10564K(10816K)->10564K(10816K) NonClass: 9530K(9664K)->9530K(9664K) Class: 1034K(1152K)->1034K(1152K)
[78.738s][info][gc             ] GC(118) Pause Full (Ergonomics) 3754M->2802M(3925M) 167.977ms
[78.738s][info][gc,cpu         ] GC(118) User=1.31s Sys=0.00s Real=0.17s
[79.216s][info][gc,start       ] GC(119) Pause Full (Ergonomics)
[79.216s][info][gc,phases,start] GC(119) Marking Phase
[79.248s][info][gc,phases      ] GC(119) Marking Phase 31.479ms
[79.248s][info][gc,phases,start] GC(119) Summary Phase
[79.248s][info][gc,phases      ] GC(119) Summary Phase 0.064ms
[79.248s][info][gc,phases,start] GC(119) Adjust Roots
[79.248s][info][gc,phases      ] GC(119) Adjust Roots 0.555ms
[79.248s][info][gc,phases,start] GC(119) Compaction Phase
[79.380s][info][gc,phases      ] GC(119) Compaction Phase 131.318ms
[79.380s][info][gc,phases,start] GC(119) Post Compact
[79.389s][info][gc,phases      ] GC(119) Post Compact 9.162ms
[79.389s][info][gc,heap        ] GC(119) PSYoungGen: 1048576K(1223168K)->72931K(1223168K) Eden: 1048576K(1048576K)->72931K(1048576K) From: 0K(174592K)->0K(174592K)
[79.389s][info][gc,heap        ] GC(119) ParOldGen: 2796512K(2796544K)->2796528K(2796544K)
[79.389s][info][gc,metaspace   ] GC(119) Metaspace: 10564K(10816K)->10564K(10816K) NonClass: 9530K(9664K)->9530K(9664K) Class: 1034K(1152K)->1034K(1152K)
[79.389s][info][gc             ] GC(119) Pause Full (Ergonomics) 3754M->2802M(3925M) 172.902ms
[79.389s][info][gc,cpu         ] GC(119) User=1.31s Sys=0.00s Real=0.17s
[79.869s][info][gc,start       ] GC(120) Pause Full (Ergonomics)
[79.869s][info][gc,phases,start] GC(120) Marking Phase
[79.901s][info][gc,phases      ] GC(120) Marking Phase 32.624ms
[79.901s][info][gc,phases,start] GC(120) Summary Phase
[79.901s][info][gc,phases      ] GC(120) Summary Phase 0.064ms
[79.901s][info][gc,phases,start] GC(120) Adjust Roots
[79.902s][info][gc,phases      ] GC(120) Adjust Roots 0.573ms
[79.902s][info][gc,phases,start] GC(120) Compaction Phase
[80.032s][info][gc,phases      ] GC(120) Compaction Phase 130.431ms
[80.032s][info][gc,phases,start] GC(120) Post Compact
[80.043s][info][gc,phases      ] GC(120) Post Compact 10.240ms
[80.043s][info][gc,heap        ] GC(120) PSYoungGen: 1048576K(1223168K)->72960K(1223168K) Eden: 1048576K(1048576K)->72960K(1048576K) From: 0K(174592K)->0K(174592K)
[80.043s][info][gc,heap        ] GC(120) ParOldGen: 2796528K(2796544K)->2796500K(2796544K)
[80.043s][info][gc,metaspace   ] GC(120) Metaspace: 10564K(10816K)->10564K(10816K) NonClass: 9530K(9664K)->9530K(9664K) Class: 1034K(1152K)->1034K(1152K)
[80.043s][info][gc             ] GC(120) Pause Full (Ergonomics) 3754M->2802M(3925M) 174.273ms
[80.043s][info][gc,cpu         ] GC(120) User=1.30s Sys=0.00s Real=0.18s
[80.516s][info][gc,start       ] GC(121) Pause Full (Ergonomics)
[80.517s][info][gc,phases,start] GC(121) Marking Phase
[80.547s][info][gc,phases      ] GC(121) Marking Phase 30.571ms
[80.547s][info][gc,phases,start] GC(121) Summary Phase
[80.547s][info][gc,phases      ] GC(121) Summary Phase 0.063ms
[80.547s][info][gc,phases,start] GC(121) Adjust Roots
[80.548s][info][gc,phases      ] GC(121) Adjust Roots 0.554ms
[80.548s][info][gc,phases,start] GC(121) Compaction Phase
[80.678s][info][gc,phases      ] GC(121) Compaction Phase 130.159ms
[80.678s][info][gc,phases,start] GC(121) Post Compact
[80.690s][info][gc,phases      ] GC(121) Post Compact 12.407ms
[80.691s][info][gc,heap        ] GC(121) PSYoungGen: 1048576K(1223168K)->72964K(1223168K) Eden: 1048576K(1048576K)->72964K(1048576K) From: 0K(174592K)->0K(174592K)
[80.691s][info][gc,heap        ] GC(121) ParOldGen: 2796500K(2796544K)->2796495K(2796544K)
[80.691s][info][gc,metaspace   ] GC(121) Metaspace: 10564K(10816K)->10564K(10816K) NonClass: 9530K(9664K)->9530K(9664K) Class: 1034K(1152K)->1034K(1152K)
[80.691s][info][gc             ] GC(121) Pause Full (Ergonomics) 3754M->2802M(3925M) 174.091ms
[80.691s][info][gc,cpu         ] GC(121) User=1.31s Sys=0.00s Real=0.17s
[81.162s][info][gc,start       ] GC(122) Pause Full (Ergonomics)
[81.162s][info][gc,phases,start] GC(122) Marking Phase
[81.194s][info][gc,phases      ] GC(122) Marking Phase 31.819ms
[81.194s][info][gc,phases,start] GC(122) Summary Phase
[81.194s][info][gc,phases      ] GC(122) Summary Phase 0.064ms
[81.194s][info][gc,phases,start] GC(122) Adjust Roots
[81.195s][info][gc,phases      ] GC(122) Adjust Roots 0.444ms
[81.195s][info][gc,phases,start] GC(122) Compaction Phase
[81.327s][info][gc,phases      ] GC(122) Compaction Phase 131.932ms
[81.327s][info][gc,phases,start] GC(122) Post Compact
[81.334s][info][gc,phases      ] GC(122) Post Compact 7.112ms
[81.334s][info][gc,heap        ] GC(122) PSYoungGen: 1048576K(1223168K)->72984K(1223168K) Eden: 1048576K(1048576K)->72984K(1048576K) From: 0K(174592K)->0K(174592K)
[81.334s][info][gc,heap        ] GC(122) ParOldGen: 2796495K(2796544K)->2796475K(2796544K)
[81.334s][info][gc,metaspace   ] GC(122) Metaspace: 10564K(10816K)->10564K(10816K) NonClass: 9530K(9664K)->9530K(9664K) Class: 1034K(1152K)->1034K(1152K)
[81.334s][info][gc             ] GC(122) Pause Full (Ergonomics) 3754M->2802M(3925M) 171.706ms
[81.334s][info][gc,cpu         ] GC(122) User=1.31s Sys=0.00s Real=0.17s
[81.811s][info][gc,start       ] GC(123) Pause Full (Ergonomics)
[81.811s][info][gc,phases,start] GC(123) Marking Phase
[81.843s][info][gc,phases      ] GC(123) Marking Phase 32.772ms
[81.843s][info][gc,phases,start] GC(123) Summary Phase
[81.844s][info][gc,phases      ] GC(123) Summary Phase 0.064ms
[81.844s][info][gc,phases,start] GC(123) Adjust Roots
[81.844s][info][gc,phases      ] GC(123) Adjust Roots 0.401ms
[81.844s][info][gc,phases,start] GC(123) Compaction Phase
[81.975s][info][gc,phases      ] GC(123) Compaction Phase 130.654ms
[81.975s][info][gc,phases,start] GC(123) Post Compact
[81.985s][info][gc,phases      ] GC(123) Post Compact 10.580ms
[81.985s][info][gc,heap        ] GC(123) PSYoungGen: 1048576K(1223168K)->72931K(1223168K) Eden: 1048576K(1048576K)->72931K(1048576K) From: 0K(174592K)->0K(174592K)
[81.985s][info][gc,heap        ] GC(123) ParOldGen: 2796475K(2796544K)->2796528K(2796544K)
[81.985s][info][gc,metaspace   ] GC(123) Metaspace: 10564K(10816K)->10564K(10816K) NonClass: 9530K(9664K)->9530K(9664K) Class: 1034K(1152K)->1034K(1152K)
[81.985s][info][gc             ] GC(123) Pause Full (Ergonomics) 3754M->2802M(3925M) 174.801ms
[81.985s][info][gc,cpu         ] GC(123) User=1.31s Sys=0.00s Real=0.18s
[82.460s][info][gc,start       ] GC(124) Pause Full (Ergonomics)
[82.460s][info][gc,phases,start] GC(124) Marking Phase
[82.490s][info][gc,phases      ] GC(124) Marking Phase 29.646ms
[82.490s][info][gc,phases,start] GC(124) Summary Phase
[82.490s][info][gc,phases      ] GC(124) Summary Phase 0.064ms
[82.490s][info][gc,phases,start] GC(124) Adjust Roots
[82.490s][info][gc,phases      ] GC(124) Adjust Roots 0.578ms
[82.490s][info][gc,phases,start] GC(124) Compaction Phase
[82.622s][info][gc,phases      ] GC(124) Compaction Phase 131.504ms
[82.622s][info][gc,phases,start] GC(124) Post Compact
[82.631s][info][gc,phases      ] GC(124) Post Compact 9.147ms
[82.631s][info][gc,heap        ] GC(124) PSYoungGen: 1048576K(1223168K)->72952K(1223168K) Eden: 1048576K(1048576K)->72952K(1048576K) From: 0K(174592K)->0K(174592K)
[82.631s][info][gc,heap        ] GC(124) ParOldGen: 2796528K(2796544K)->2796508K(2796544K)
[82.631s][info][gc,metaspace   ] GC(124) Metaspace: 10564K(10816K)->10564K(10816K) NonClass: 9530K(9664K)->9530K(9664K) Class: 1034K(1152K)->1034K(1152K)
[82.631s][info][gc             ] GC(124) Pause Full (Ergonomics) 3754M->2802M(3925M) 171.274ms
[82.631s][info][gc,cpu         ] GC(124) User=1.29s Sys=0.01s Real=0.17s
[83.110s][info][gc,start       ] GC(125) Pause Full (Ergonomics)
[83.110s][info][gc,phases,start] GC(125) Marking Phase
[83.140s][info][gc,phases      ] GC(125) Marking Phase 30.040ms
[83.140s][info][gc,phases,start] GC(125) Summary Phase
[83.140s][info][gc,phases      ] GC(125) Summary Phase 0.063ms
[83.140s][info][gc,phases,start] GC(125) Adjust Roots
[83.141s][info][gc,phases      ] GC(125) Adjust Roots 0.401ms
[83.141s][info][gc,phases,start] GC(125) Compaction Phase
[83.272s][info][gc,phases      ] GC(125) Compaction Phase 130.973ms
[83.272s][info][gc,phases,start] GC(125) Post Compact
[83.281s][info][gc,phases      ] GC(125) Post Compact 9.094ms
[83.281s][info][gc,heap        ] GC(125) PSYoungGen: 1048576K(1223168K)->72964K(1223168K) Eden: 1048576K(1048576K)->72964K(1048576K) From: 0K(174592K)->0K(174592K)
[83.281s][info][gc,heap        ] GC(125) ParOldGen: 2796508K(2796544K)->2796496K(2796544K)
[83.281s][info][gc,metaspace   ] GC(125) Metaspace: 10564K(10816K)->10564K(10816K) NonClass: 9530K(9664K)->9530K(9664K) Class: 1034K(1152K)->1034K(1152K)
[83.281s][info][gc             ] GC(125) Pause Full (Ergonomics) 3754M->2802M(3925M) 170.901ms
[83.281s][info][gc,cpu         ] GC(125) User=1.31s Sys=0.00s Real=0.17s
[83.746s][info][gc,start       ] GC(126) Pause Full (Ergonomics)
[83.746s][info][gc,phases,start] GC(126) Marking Phase
[83.779s][info][gc,phases      ] GC(126) Marking Phase 32.153ms
[83.779s][info][gc,phases,start] GC(126) Summary Phase
[83.779s][info][gc,phases      ] GC(126) Summary Phase 0.064ms
[83.779s][info][gc,phases,start] GC(126) Adjust Roots
[83.779s][info][gc,phases      ] GC(126) Adjust Roots 0.402ms
[83.779s][info][gc,phases,start] GC(126) Compaction Phase
[83.909s][info][gc,phases      ] GC(126) Compaction Phase 130.182ms
[83.909s][info][gc,phases,start] GC(126) Post Compact
[83.918s][info][gc,phases      ] GC(126) Post Compact 8.849ms
[83.918s][info][gc,heap        ] GC(126) PSYoungGen: 1048576K(1223168K)->72952K(1223168K) Eden: 1048576K(1048576K)->72952K(1048576K) From: 0K(174592K)->0K(174592K)
[83.918s][info][gc,heap        ] GC(126) ParOldGen: 2796496K(2796544K)->2796508K(2796544K)
[83.918s][info][gc,metaspace   ] GC(126) Metaspace: 10564K(10816K)->10564K(10816K) NonClass: 9530K(9664K)->9530K(9664K) Class: 1034K(1152K)->1034K(1152K)
[83.918s][info][gc             ] GC(126) Pause Full (Ergonomics) 3754M->2802M(3925M) 171.973ms
[83.918s][info][gc,cpu         ] GC(126) User=1.30s Sys=0.01s Real=0.17s
[84.398s][info][gc,start       ] GC(127) Pause Full (Ergonomics)
[84.398s][info][gc,phases,start] GC(127) Marking Phase
[84.430s][info][gc,phases      ] GC(127) Marking Phase 32.267ms
[84.430s][info][gc,phases,start] GC(127) Summary Phase
[84.430s][info][gc,phases      ] GC(127) Summary Phase 0.063ms
[84.430s][info][gc,phases,start] GC(127) Adjust Roots
[84.431s][info][gc,phases      ] GC(127) Adjust Roots 0.546ms
[84.431s][info][gc,phases,start] GC(127) Compaction Phase
[84.562s][info][gc,phases      ] GC(127) Compaction Phase 131.376ms
[84.562s][info][gc,phases,start] GC(127) Post Compact
[84.569s][info][gc,phases      ] GC(127) Post Compact 6.887ms
[84.569s][info][gc,heap        ] GC(127) PSYoungGen: 1048576K(1223168K)->72964K(1223168K) Eden: 1048576K(1048576K)->72964K(1048576K) From: 0K(174592K)->0K(174592K)
[84.569s][info][gc,heap        ] GC(127) ParOldGen: 2796508K(2796544K)->2796496K(2796544K)
[84.569s][info][gc,metaspace   ] GC(127) Metaspace: 10564K(10816K)->10564K(10816K) NonClass: 9530K(9664K)->9530K(9664K) Class: 1034K(1152K)->1034K(1152K)
[84.569s][info][gc             ] GC(127) Pause Full (Ergonomics) 3754M->2802M(3925M) 171.476ms
[84.569s][info][gc,cpu         ] GC(127) User=1.31s Sys=0.00s Real=0.17s
[85.041s][info][gc,start       ] GC(128) Pause Full (Ergonomics)
[85.041s][info][gc,phases,start] GC(128) Marking Phase
[85.072s][info][gc,phases      ] GC(128) Marking Phase 30.922ms
[85.072s][info][gc,phases,start] GC(128) Summary Phase
[85.072s][info][gc,phases      ] GC(128) Summary Phase 0.064ms
[85.072s][info][gc,phases,start] GC(128) Adjust Roots
[85.073s][info][gc,phases      ] GC(128) Adjust Roots 0.551ms
[85.073s][info][gc,phases,start] GC(128) Compaction Phase
[85.205s][info][gc,phases      ] GC(128) Compaction Phase 131.991ms
[85.205s][info][gc,phases,start] GC(128) Post Compact
[85.212s][info][gc,phases      ] GC(128) Post Compact 6.579ms
[85.212s][info][gc,heap        ] GC(128) PSYoungGen: 1048576K(1223168K)->72972K(1223168K) Eden: 1048576K(1048576K)->72972K(1048576K) From: 0K(174592K)->0K(174592K)
[85.212s][info][gc,heap        ] GC(128) ParOldGen: 2796496K(2796544K)->2796487K(2796544K)
[85.212s][info][gc,metaspace   ] GC(128) Metaspace: 10564K(10816K)->10564K(10816K) NonClass: 9530K(9664K)->9530K(9664K) Class: 1034K(1152K)->1034K(1152K)
[85.212s][info][gc             ] GC(128) Pause Full (Ergonomics) 3754M->2802M(3925M) 170.451ms
[85.212s][info][gc,cpu         ] GC(128) User=1.31s Sys=0.00s Real=0.17s
[85.695s][info][gc,start       ] GC(129) Pause Full (Ergonomics)
[85.695s][info][gc,phases,start] GC(129) Marking Phase
[85.728s][info][gc,phases      ] GC(129) Marking Phase 32.573ms
[85.728s][info][gc,phases,start] GC(129) Summary Phase
[85.728s][info][gc,phases      ] GC(129) Summary Phase 0.064ms
[85.728s][info][gc,phases,start] GC(129) Adjust Roots
[85.728s][info][gc,phases      ] GC(129) Adjust Roots 0.426ms
[85.728s][info][gc,phases,start] GC(129) Compaction Phase
[85.860s][info][gc,phases      ] GC(129) Compaction Phase 131.638ms
[85.860s][info][gc,phases,start] GC(129) Post Compact
[85.869s][info][gc,phases      ] GC(129) Post Compact 9.045ms
[85.869s][info][gc,heap        ] GC(129) PSYoungGen: 1048576K(1223168K)->72919K(1223168K) Eden: 1048576K(1048576K)->72919K(1048576K) From: 0K(174592K)->0K(174592K)
[85.869s][info][gc,heap        ] GC(129) ParOldGen: 2796487K(2796544K)->2796540K(2796544K)
[85.869s][info][gc,metaspace   ] GC(129) Metaspace: 10564K(10816K)->10564K(10816K) NonClass: 9530K(9664K)->9530K(9664K) Class: 1034K(1152K)->1034K(1152K)
[85.869s][info][gc             ] GC(129) Pause Full (Ergonomics) 3754M->2802M(3925M) 174.070ms
[85.869s][info][gc,cpu         ] GC(129) User=1.31s Sys=0.00s Real=0.17s
[86.340s][info][gc,start       ] GC(130) Pause Full (Ergonomics)
[86.340s][info][gc,phases,start] GC(130) Marking Phase
[86.371s][info][gc,phases      ] GC(130) Marking Phase 30.301ms
[86.371s][info][gc,phases,start] GC(130) Summary Phase
[86.371s][info][gc,phases      ] GC(130) Summary Phase 0.064ms
[86.371s][info][gc,phases,start] GC(130) Adjust Roots
[86.371s][info][gc,phases      ] GC(130) Adjust Roots 0.418ms
[86.371s][info][gc,phases,start] GC(130) Compaction Phase
[86.502s][info][gc,phases      ] GC(130) Compaction Phase 130.697ms
[86.502s][info][gc,phases,start] GC(130) Post Compact
[86.511s][info][gc,phases      ] GC(130) Post Compact 8.863ms
[86.511s][info][gc,heap        ] GC(130) PSYoungGen: 1048576K(1223168K)->72968K(1223168K) Eden: 1048576K(1048576K)->72968K(1048576K) From: 0K(174592K)->0K(174592K)
[86.511s][info][gc,heap        ] GC(130) ParOldGen: 2796540K(2796544K)->2796491K(2796544K)
[86.511s][info][gc,metaspace   ] GC(130) Metaspace: 10564K(10816K)->10564K(10816K) NonClass: 9530K(9664K)->9530K(9664K) Class: 1034K(1152K)->1034K(1152K)
[86.511s][info][gc             ] GC(130) Pause Full (Ergonomics) 3754M->2802M(3925M) 170.670ms
[86.511s][info][gc,cpu         ] GC(130) User=1.31s Sys=0.00s Real=0.17s
[86.982s][info][gc,start       ] GC(131) Pause Full (Ergonomics)
[86.982s][info][gc,phases,start] GC(131) Marking Phase
[87.012s][info][gc,phases      ] GC(131) Marking Phase 30.448ms
[87.012s][info][gc,phases,start] GC(131) Summary Phase
[87.012s][info][gc,phases      ] GC(131) Summary Phase 0.065ms
[87.012s][info][gc,phases,start] GC(131) Adjust Roots
[87.013s][info][gc,phases      ] GC(131) Adjust Roots 0.400ms
[87.013s][info][gc,phases,start] GC(131) Compaction Phase
[87.144s][info][gc,phases      ] GC(131) Compaction Phase 131.499ms
[87.144s][info][gc,phases,start] GC(131) Post Compact
[87.154s][info][gc,phases      ] GC(131) Post Compact 9.952ms
[87.154s][info][gc,heap        ] GC(131) PSYoungGen: 1048576K(1223168K)->72972K(1223168K) Eden: 1048576K(1048576K)->72972K(1048576K) From: 0K(174592K)->0K(174592K)
[87.154s][info][gc,heap        ] GC(131) ParOldGen: 2796491K(2796544K)->2796487K(2796544K)
[87.154s][info][gc,metaspace   ] GC(131) Metaspace: 10564K(10816K)->10564K(10816K) NonClass: 9530K(9664K)->9530K(9664K) Class: 1034K(1152K)->1034K(1152K)
[87.154s][info][gc             ] GC(131) Pause Full (Ergonomics) 3754M->2802M(3925M) 172.699ms
[87.154s][info][gc,cpu         ] GC(131) User=1.31s Sys=0.00s Real=0.17s
[87.631s][info][gc,start       ] GC(132) Pause Full (Ergonomics)
[87.631s][info][gc,phases,start] GC(132) Marking Phase
[87.661s][info][gc,phases      ] GC(132) Marking Phase 29.685ms
[87.661s][info][gc,phases,start] GC(132) Summary Phase
[87.661s][info][gc,phases      ] GC(132) Summary Phase 0.064ms
[87.661s][info][gc,phases,start] GC(132) Adjust Roots
[87.661s][info][gc,phases      ] GC(132) Adjust Roots 0.551ms
[87.661s][info][gc,phases,start] GC(132) Compaction Phase
[87.792s][info][gc,phases      ] GC(132) Compaction Phase 130.827ms
[87.792s][info][gc,phases,start] GC(132) Post Compact
[87.802s][info][gc,phases      ] GC(132) Post Compact 9.395ms
[87.802s][info][gc,heap        ] GC(132) PSYoungGen: 1048576K(1223168K)->72968K(1223168K) Eden: 1048576K(1048576K)->72968K(1048576K) From: 0K(174592K)->0K(174592K)
[87.802s][info][gc,heap        ] GC(132) ParOldGen: 2796487K(2796544K)->2796491K(2796544K)
[87.802s][info][gc,metaspace   ] GC(132) Metaspace: 10564K(10816K)->10564K(10816K) NonClass: 9530K(9664K)->9530K(9664K) Class: 1034K(1152K)->1034K(1152K)
[87.802s][info][gc             ] GC(132) Pause Full (Ergonomics) 3754M->2802M(3925M) 170.857ms
[87.802s][info][gc,cpu         ] GC(132) User=1.31s Sys=0.00s Real=0.18s
[88.268s][info][gc,start       ] GC(133) Pause Full (Ergonomics)
[88.268s][info][gc,phases,start] GC(133) Marking Phase
[88.299s][info][gc,phases      ] GC(133) Marking Phase 31.461ms
[88.299s][info][gc,phases,start] GC(133) Summary Phase
[88.299s][info][gc,phases      ] GC(133) Summary Phase 0.070ms
[88.299s][info][gc,phases,start] GC(133) Adjust Roots
[88.300s][info][gc,phases      ] GC(133) Adjust Roots 0.403ms
[88.300s][info][gc,phases,start] GC(133) Compaction Phase
[88.431s][info][gc,phases      ] GC(133) Compaction Phase 131.656ms
[88.431s][info][gc,phases,start] GC(133) Post Compact
[88.443s][info][gc,phases      ] GC(133) Post Compact 11.235ms
[88.443s][info][gc,heap        ] GC(133) PSYoungGen: 1048576K(1223168K)->72931K(1223168K) Eden: 1048576K(1048576K)->72931K(1048576K) From: 0K(174592K)->0K(174592K)
[88.443s][info][gc,heap        ] GC(133) ParOldGen: 2796491K(2796544K)->2796528K(2796544K)
[88.443s][info][gc,metaspace   ] GC(133) Metaspace: 10564K(10816K)->10564K(10816K) NonClass: 9530K(9664K)->9530K(9664K) Class: 1034K(1152K)->1034K(1152K)
[88.443s][info][gc             ] GC(133) Pause Full (Ergonomics) 3754M->2802M(3925M) 175.158ms
[88.443s][info][gc,cpu         ] GC(133) User=1.31s Sys=0.00s Real=0.18s
[88.918s][info][gc,start       ] GC(134) Pause Full (Ergonomics)
[88.918s][info][gc,phases,start] GC(134) Marking Phase
[88.949s][info][gc,phases      ] GC(134) Marking Phase 30.233ms
[88.949s][info][gc,phases,start] GC(134) Summary Phase
[88.949s][info][gc,phases      ] GC(134) Summary Phase 0.078ms
[88.949s][info][gc,phases,start] GC(134) Adjust Roots
[88.949s][info][gc,phases      ] GC(134) Adjust Roots 0.401ms
[88.949s][info][gc,phases,start] GC(134) Compaction Phase
[89.080s][info][gc,phases      ] GC(134) Compaction Phase 131.137ms
[89.080s][info][gc,phases,start] GC(134) Post Compact
[89.088s][info][gc,phases      ] GC(134) Post Compact 7.282ms
[89.088s][info][gc,heap        ] GC(134) PSYoungGen: 1048576K(1223168K)->72988K(1223168K) Eden: 1048576K(1048576K)->72988K(1048576K) From: 0K(174592K)->0K(174592K)
[89.088s][info][gc,heap        ] GC(134) ParOldGen: 2796528K(2796544K)->2796475K(2796544K)
[89.088s][info][gc,metaspace   ] GC(134) Metaspace: 10564K(10816K)->10564K(10816K) NonClass: 9530K(9664K)->9530K(9664K) Class: 1034K(1152K)->1034K(1152K)
[89.088s][info][gc             ] GC(134) Pause Full (Ergonomics) 3754M->2802M(3925M) 169.467ms
[89.088s][info][gc,cpu         ] GC(134) User=1.31s Sys=0.00s Real=0.17s
[89.557s][info][gc,start       ] GC(135) Pause Full (Ergonomics)
[89.557s][info][gc,phases,start] GC(135) Marking Phase
[89.587s][info][gc,phases      ] GC(135) Marking Phase 29.871ms
[89.587s][info][gc,phases,start] GC(135) Summary Phase
[89.587s][info][gc,phases      ] GC(135) Summary Phase 0.063ms
[89.587s][info][gc,phases,start] GC(135) Adjust Roots
[89.588s][info][gc,phases      ] GC(135) Adjust Roots 0.557ms
[89.588s][info][gc,phases,start] GC(135) Compaction Phase
[89.719s][info][gc,phases      ] GC(135) Compaction Phase 131.068ms
[89.719s][info][gc,phases,start] GC(135) Post Compact
[89.726s][info][gc,phases      ] GC(135) Post Compact 7.584ms
[89.726s][info][gc,heap        ] GC(135) PSYoungGen: 1048576K(1223168K)->72968K(1223168K) Eden: 1048576K(1048576K)->72968K(1048576K) From: 0K(174592K)->0K(174592K)
[89.726s][info][gc,heap        ] GC(135) ParOldGen: 2796475K(2796544K)->2796492K(2796544K)
[89.726s][info][gc,metaspace   ] GC(135) Metaspace: 10564K(10816K)->10564K(10816K) NonClass: 9530K(9664K)->9530K(9664K) Class: 1034K(1152K)->1034K(1152K)
[89.726s][info][gc             ] GC(135) Pause Full (Ergonomics) 3754M->2802M(3925M) 169.467ms
[89.726s][info][gc,cpu         ] GC(135) User=1.30s Sys=0.00s Real=0.17s
[90.194s][info][gc,start       ] GC(136) Pause Full (Ergonomics)
[90.194s][info][gc,phases,start] GC(136) Marking Phase
[90.227s][info][gc,phases      ] GC(136) Marking Phase 32.748ms
[90.227s][info][gc,phases,start] GC(136) Summary Phase
[90.227s][info][gc,phases      ] GC(136) Summary Phase 0.064ms
[90.227s][info][gc,phases,start] GC(136) Adjust Roots
[90.228s][info][gc,phases      ] GC(136) Adjust Roots 0.403ms
[90.228s][info][gc,phases,start] GC(136) Compaction Phase
[90.358s][info][gc,phases      ] GC(136) Compaction Phase 130.655ms
[90.358s][info][gc,phases,start] GC(136) Post Compact
[90.367s][info][gc,phases      ] GC(136) Post Compact 8.663ms
[90.367s][info][gc,heap        ] GC(136) PSYoungGen: 1048576K(1223168K)->72964K(1223168K) Eden: 1048576K(1048576K)->72964K(1048576K) From: 0K(174592K)->0K(174592K)
[90.367s][info][gc,heap        ] GC(136) ParOldGen: 2796492K(2796544K)->2796496K(2796544K)
[90.367s][info][gc,metaspace   ] GC(136) Metaspace: 10564K(10816K)->10564K(10816K) NonClass: 9530K(9664K)->9530K(9664K) Class: 1034K(1152K)->1034K(1152K)
[90.367s][info][gc             ] GC(136) Pause Full (Ergonomics) 3754M->2802M(3925M) 172.858ms
[90.367s][info][gc,cpu         ] GC(136) User=1.31s Sys=0.01s Real=0.17s
[90.844s][info][gc,start       ] GC(137) Pause Full (Ergonomics)
[90.844s][info][gc,phases,start] GC(137) Marking Phase
[90.878s][info][gc,phases      ] GC(137) Marking Phase 33.459ms
[90.878s][info][gc,phases,start] GC(137) Summary Phase
[90.878s][info][gc,phases      ] GC(137) Summary Phase 0.064ms
[90.878s][info][gc,phases,start] GC(137) Adjust Roots
[90.878s][info][gc,phases      ] GC(137) Adjust Roots 0.415ms
[90.878s][info][gc,phases,start] GC(137) Compaction Phase
[91.009s][info][gc,phases      ] GC(137) Compaction Phase 131.093ms
[91.010s][info][gc,phases,start] GC(137) Post Compact
[91.019s][info][gc,phases      ] GC(137) Post Compact 8.990ms
[91.019s][info][gc,heap        ] GC(137) PSYoungGen: 1048576K(1223168K)->72935K(1223168K) Eden: 1048576K(1048576K)->72935K(1048576K) From: 0K(174592K)->0K(174592K)
[91.019s][info][gc,heap        ] GC(137) ParOldGen: 2796496K(2796544K)->2796524K(2796544K)
[91.019s][info][gc,metaspace   ] GC(137) Metaspace: 10564K(10816K)->10564K(10816K) NonClass: 9530K(9664K)->9530K(9664K) Class: 1034K(1152K)->1034K(1152K)
[91.019s][info][gc             ] GC(137) Pause Full (Ergonomics) 3754M->2802M(3925M) 174.371ms
[91.019s][info][gc,cpu         ] GC(137) User=1.32s Sys=0.00s Real=0.17s
[91.490s][info][gc,start       ] GC(138) Pause Full (Ergonomics)
[91.490s][info][gc,phases,start] GC(138) Marking Phase
[91.522s][info][gc,phases      ] GC(138) Marking Phase 31.643ms
[91.522s][info][gc,phases,start] GC(138) Summary Phase
[91.522s][info][gc,phases      ] GC(138) Summary Phase 0.065ms
[91.522s][info][gc,phases,start] GC(138) Adjust Roots
[91.522s][info][gc,phases      ] GC(138) Adjust Roots 0.400ms
[91.522s][info][gc,phases,start] GC(138) Compaction Phase
[91.653s][info][gc,phases      ] GC(138) Compaction Phase 131.093ms
[91.653s][info][gc,phases,start] GC(138) Post Compact
[91.662s][info][gc,phases      ] GC(138) Post Compact 8.875ms
[91.662s][info][gc,heap        ] GC(138) PSYoungGen: 1048576K(1223168K)->72988K(1223168K) Eden: 1048576K(1048576K)->72988K(1048576K) From: 0K(174592K)->0K(174592K)
[91.662s][info][gc,heap        ] GC(138) ParOldGen: 2796524K(2796544K)->2796471K(2796544K)
[91.662s][info][gc,metaspace   ] GC(138) Metaspace: 10564K(10816K)->10564K(10816K) NonClass: 9530K(9664K)->9530K(9664K) Class: 1034K(1152K)->1034K(1152K)
[91.662s][info][gc             ] GC(138) Pause Full (Ergonomics) 3754M->2802M(3925M) 172.402ms
[91.662s][info][gc,cpu         ] GC(138) User=1.32s Sys=0.00s Real=0.18s
[92.134s][info][gc,start       ] GC(139) Pause Full (Ergonomics)
[92.134s][info][gc,phases,start] GC(139) Marking Phase
[92.166s][info][gc,phases      ] GC(139) Marking Phase 32.020ms
[92.166s][info][gc,phases,start] GC(139) Summary Phase
[92.166s][info][gc,phases      ] GC(139) Summary Phase 0.064ms
[92.166s][info][gc,phases,start] GC(139) Adjust Roots
[92.167s][info][gc,phases      ] GC(139) Adjust Roots 0.402ms
[92.167s][info][gc,phases,start] GC(139) Compaction Phase
[92.299s][info][gc,phases      ] GC(139) Compaction Phase 131.721ms
[92.299s][info][gc,phases,start] GC(139) Post Compact
[92.309s][info][gc,phases      ] GC(139) Post Compact 10.657ms
[92.309s][info][gc,heap        ] GC(139) PSYoungGen: 1048576K(1223168K)->72984K(1223168K) Eden: 1048576K(1048576K)->72984K(1048576K) From: 0K(174592K)->0K(174592K)
[92.309s][info][gc,heap        ] GC(139) ParOldGen: 2796471K(2796544K)->2796475K(2796544K)
[92.309s][info][gc,metaspace   ] GC(139) Metaspace: 10564K(10816K)->10564K(10816K) NonClass: 9530K(9664K)->9530K(9664K) Class: 1034K(1152K)->1034K(1152K)
[92.309s][info][gc             ] GC(139) Pause Full (Ergonomics) 3754M->2802M(3925M) 175.207ms
[92.309s][info][gc,cpu         ] GC(139) User=1.32s Sys=0.00s Real=0.17s
[92.782s][info][gc,start       ] GC(140) Pause Full (Ergonomics)
[92.782s][info][gc,phases,start] GC(140) Marking Phase
[92.812s][info][gc,phases      ] GC(140) Marking Phase 30.151ms
[92.812s][info][gc,phases,start] GC(140) Summary Phase
[92.812s][info][gc,phases      ] GC(140) Summary Phase 0.065ms
[92.812s][info][gc,phases,start] GC(140) Adjust Roots
[92.812s][info][gc,phases      ] GC(140) Adjust Roots 0.397ms
[92.812s][info][gc,phases,start] GC(140) Compaction Phase
[92.944s][info][gc,phases      ] GC(140) Compaction Phase 131.385ms
[92.944s][info][gc,phases,start] GC(140) Post Compact
[92.953s][info][gc,phases      ] GC(140) Post Compact 9.006ms
[92.953s][info][gc,heap        ] GC(140) PSYoungGen: 1048576K(1223168K)->72952K(1223168K) Eden: 1048576K(1048576K)->72952K(1048576K) From: 0K(174592K)->0K(174592K)
[92.953s][info][gc,heap        ] GC(140) ParOldGen: 2796475K(2796544K)->2796508K(2796544K)
[92.953s][info][gc,metaspace   ] GC(140) Metaspace: 10564K(10816K)->10564K(10816K) NonClass: 9530K(9664K)->9530K(9664K) Class: 1034K(1152K)->1034K(1152K)
[92.953s][info][gc             ] GC(140) Pause Full (Ergonomics) 3754M->2802M(3925M) 171.355ms
[92.953s][info][gc,cpu         ] GC(140) User=1.31s Sys=0.00s Real=0.16s
[93.425s][info][gc,start       ] GC(141) Pause Full (Ergonomics)
[93.425s][info][gc,phases,start] GC(141) Marking Phase
[93.457s][info][gc,phases      ] GC(141) Marking Phase 32.271ms
[93.457s][info][gc,phases,start] GC(141) Summary Phase
[93.457s][info][gc,phases      ] GC(141) Summary Phase 0.063ms
[93.457s][info][gc,phases,start] GC(141) Adjust Roots
[93.458s][info][gc,phases      ] GC(141) Adjust Roots 0.431ms
[93.458s][info][gc,phases,start] GC(141) Compaction Phase
[93.589s][info][gc,phases      ] GC(141) Compaction Phase 131.350ms
[93.589s][info][gc,phases,start] GC(141) Post Compact
[93.598s][info][gc,phases      ] GC(141) Post Compact 8.941ms
[93.598s][info][gc,heap        ] GC(141) PSYoungGen: 1048576K(1223168K)->72952K(1223168K) Eden: 1048576K(1048576K)->72952K(1048576K) From: 0K(174592K)->0K(174592K)
[93.598s][info][gc,heap        ] GC(141) ParOldGen: 2796508K(2796544K)->2796508K(2796544K)
[93.598s][info][gc,metaspace   ] GC(141) Metaspace: 10564K(10816K)->10564K(10816K) NonClass: 9530K(9664K)->9530K(9664K) Class: 1034K(1152K)->1034K(1152K)
[93.598s][info][gc             ] GC(141) Pause Full (Ergonomics) 3754M->2802M(3925M) 173.372ms
[93.598s][info][gc,cpu         ] GC(141) User=1.31s Sys=0.00s Real=0.17s
[94.075s][info][gc,start       ] GC(142) Pause Full (Ergonomics)
[94.075s][info][gc,phases,start] GC(142) Marking Phase
[94.106s][info][gc,phases      ] GC(142) Marking Phase 31.350ms
[94.106s][info][gc,phases,start] GC(142) Summary Phase
[94.106s][info][gc,phases      ] GC(142) Summary Phase 0.063ms
[94.106s][info][gc,phases,start] GC(142) Adjust Roots
[94.107s][info][gc,phases      ] GC(142) Adjust Roots 0.556ms
[94.107s][info][gc,phases,start] GC(142) Compaction Phase
[94.238s][info][gc,phases      ] GC(142) Compaction Phase 131.006ms
[94.238s][info][gc,phases,start] GC(142) Post Compact
[94.247s][info][gc,phases      ] GC(142) Post Compact 8.974ms
[94.247s][info][gc,heap        ] GC(142) PSYoungGen: 1048576K(1223168K)->72988K(1223168K) Eden: 1048576K(1048576K)->72988K(1048576K) From: 0K(174592K)->0K(174592K)
[94.247s][info][gc,heap        ] GC(142) ParOldGen: 2796508K(2796544K)->2796471K(2796544K)
[94.247s][info][gc,metaspace   ] GC(142) Metaspace: 10564K(10816K)->10564K(10816K) NonClass: 9530K(9664K)->9530K(9664K) Class: 1034K(1152K)->1034K(1152K)
[94.247s][info][gc             ] GC(142) Pause Full (Ergonomics) 3754M->2802M(3925M) 172.265ms
[94.247s][info][gc,cpu         ] GC(142) User=1.31s Sys=0.01s Real=0.17s
[94.730s][info][gc,start       ] GC(143) Pause Full (Ergonomics)
[94.730s][info][gc,phases,start] GC(143) Marking Phase
[94.760s][info][gc,phases      ] GC(143) Marking Phase 30.003ms
[94.760s][info][gc,phases,start] GC(143) Summary Phase
[94.760s][info][gc,phases      ] GC(143) Summary Phase 0.063ms
[94.760s][info][gc,phases,start] GC(143) Adjust Roots
[94.760s][info][gc,phases      ] GC(143) Adjust Roots 0.613ms
[94.760s][info][gc,phases,start] GC(143) Compaction Phase
[94.892s][info][gc,phases      ] GC(143) Compaction Phase 131.834ms
[94.892s][info][gc,phases,start] GC(143) Post Compact
[94.900s][info][gc,phases      ] GC(143) Post Compact 7.358ms
[94.900s][info][gc,heap        ] GC(143) PSYoungGen: 1048576K(1223168K)->72984K(1223168K) Eden: 1048576K(1048576K)->72984K(1048576K) From: 0K(174592K)->0K(174592K)
[94.900s][info][gc,heap        ] GC(143) ParOldGen: 2796471K(2796544K)->2796475K(2796544K)
[94.900s][info][gc,metaspace   ] GC(143) Metaspace: 10564K(10816K)->10564K(10816K) NonClass: 9530K(9664K)->9530K(9664K) Class: 1034K(1152K)->1034K(1152K)
[94.900s][info][gc             ] GC(143) Pause Full (Ergonomics) 3754M->2802M(3925M) 170.191ms
[94.900s][info][gc,cpu         ] GC(143) User=1.31s Sys=0.00s Real=0.17s
[95.375s][info][gc,start       ] GC(144) Pause Full (Ergonomics)
[95.375s][info][gc,phases,start] GC(144) Marking Phase
[95.406s][info][gc,phases      ] GC(144) Marking Phase 31.412ms
[95.407s][info][gc,phases,start] GC(144) Summary Phase
[95.407s][info][gc,phases      ] GC(144) Summary Phase 0.064ms
[95.407s][info][gc,phases,start] GC(144) Adjust Roots
[95.407s][info][gc,phases      ] GC(144) Adjust Roots 0.399ms
[95.407s][info][gc,phases,start] GC(144) Compaction Phase
[95.539s][info][gc,phases      ] GC(144) Compaction Phase 131.929ms
[95.539s][info][gc,phases,start] GC(144) Post Compact
[95.547s][info][gc,phases      ] GC(144) Post Compact 7.756ms
[95.547s][info][gc,heap        ] GC(144) PSYoungGen: 1048576K(1223168K)->72997K(1223168K) Eden: 1048576K(1048576K)->72997K(1048576K) From: 0K(174592K)->0K(174592K)
[95.547s][info][gc,heap        ] GC(144) ParOldGen: 2796475K(2796544K)->2796463K(2796544K)
[95.547s][info][gc,metaspace   ] GC(144) Metaspace: 10564K(10816K)->10564K(10816K) NonClass: 9530K(9664K)->9530K(9664K) Class: 1034K(1152K)->1034K(1152K)
[95.547s][info][gc             ] GC(144) Pause Full (Ergonomics) 3754M->2802M(3925M) 171.898ms
[95.547s][info][gc,cpu         ] GC(144) User=1.32s Sys=0.00s Real=0.17s
[96.023s][info][gc,start       ] GC(145) Pause Full (Ergonomics)
[96.023s][info][gc,phases,start] GC(145) Marking Phase
[96.053s][info][gc,phases      ] GC(145) Marking Phase 29.928ms
[96.053s][info][gc,phases,start] GC(145) Summary Phase
[96.053s][info][gc,phases      ] GC(145) Summary Phase 0.064ms
[96.053s][info][gc,phases,start] GC(145) Adjust Roots
[96.054s][info][gc,phases      ] GC(145) Adjust Roots 0.562ms
[96.054s][info][gc,phases,start] GC(145) Compaction Phase
[96.184s][info][gc,phases      ] GC(145) Compaction Phase 130.474ms
[96.184s][info][gc,phases,start] GC(145) Post Compact
[96.194s][info][gc,phases      ] GC(145) Post Compact 9.532ms
[96.194s][info][gc,heap        ] GC(145) PSYoungGen: 1048576K(1223168K)->72992K(1223168K) Eden: 1048576K(1048576K)->72992K(1048576K) From: 0K(174592K)->0K(174592K)
[96.194s][info][gc,heap        ] GC(145) ParOldGen: 2796463K(2796544K)->2796467K(2796544K)
[96.194s][info][gc,metaspace   ] GC(145) Metaspace: 10564K(10816K)->10564K(10816K) NonClass: 9530K(9664K)->9530K(9664K) Class: 1034K(1152K)->1034K(1152K)
[96.194s][info][gc             ] GC(145) Pause Full (Ergonomics) 3754M->2802M(3925M) 170.884ms
[96.194s][info][gc,cpu         ] GC(145) User=1.31s Sys=0.00s Real=0.17s
[96.663s][info][gc,start       ] GC(146) Pause Full (Ergonomics)
[96.663s][info][gc,phases,start] GC(146) Marking Phase
[96.693s][info][gc,phases      ] GC(146) Marking Phase 29.332ms
[96.693s][info][gc,phases,start] GC(146) Summary Phase
[96.693s][info][gc,phases      ] GC(146) Summary Phase 0.063ms
[96.693s][info][gc,phases,start] GC(146) Adjust Roots
[96.693s][info][gc,phases      ] GC(146) Adjust Roots 0.417ms
[96.693s][info][gc,phases,start] GC(146) Compaction Phase
[96.825s][info][gc,phases      ] GC(146) Compaction Phase 131.591ms
[96.825s][info][gc,phases,start] GC(146) Post Compact
[96.833s][info][gc,phases      ] GC(146) Post Compact 8.180ms
[96.833s][info][gc,heap        ] GC(146) PSYoungGen: 1048576K(1223168K)->72980K(1223168K) Eden: 1048576K(1048576K)->72980K(1048576K) From: 0K(174592K)->0K(174592K)
[96.833s][info][gc,heap        ] GC(146) ParOldGen: 2796467K(2796544K)->2796479K(2796544K)
[96.833s][info][gc,metaspace   ] GC(146) Metaspace: 10564K(10816K)->10564K(10816K) NonClass: 9530K(9664K)->9530K(9664K) Class: 1034K(1152K)->1034K(1152K)
[96.833s][info][gc             ] GC(146) Pause Full (Ergonomics) 3754M->2802M(3925M) 169.911ms
[96.833s][info][gc,cpu         ] GC(146) User=1.30s Sys=0.00s Real=0.16s
[97.309s][info][gc,start       ] GC(147) Pause Full (Ergonomics)
[97.309s][info][gc,phases,start] GC(147) Marking Phase
[97.343s][info][gc,phases      ] GC(147) Marking Phase 33.375ms
[97.343s][info][gc,phases,start] GC(147) Summary Phase
[97.343s][info][gc,phases      ] GC(147) Summary Phase 0.064ms
[97.343s][info][gc,phases,start] GC(147) Adjust Roots
[97.343s][info][gc,phases      ] GC(147) Adjust Roots 0.554ms
[97.343s][info][gc,phases,start] GC(147) Compaction Phase
[97.474s][info][gc,phases      ] GC(147) Compaction Phase 130.976ms
[97.474s][info][gc,phases,start] GC(147) Post Compact
[97.481s][info][gc,phases      ] GC(147) Post Compact 7.188ms
[97.482s][info][gc,heap        ] GC(147) PSYoungGen: 1048576K(1223168K)->72968K(1223168K) Eden: 1048576K(1048576K)->72968K(1048576K) From: 0K(174592K)->0K(174592K)
[97.482s][info][gc,heap        ] GC(147) ParOldGen: 2796479K(2796544K)->2796491K(2796544K)
[97.482s][info][gc,metaspace   ] GC(147) Metaspace: 10564K(10816K)->10564K(10816K) NonClass: 9530K(9664K)->9530K(9664K) Class: 1034K(1152K)->1034K(1152K)
[97.482s][info][gc             ] GC(147) Pause Full (Ergonomics) 3754M->2802M(3925M) 172.498ms
[97.482s][info][gc,cpu         ] GC(147) User=1.31s Sys=0.00s Real=0.18s
[97.970s][info][gc,start       ] GC(148) Pause Full (Ergonomics)
[97.970s][info][gc,phases,start] GC(148) Marking Phase
[98.004s][info][gc,phases      ] GC(148) Marking Phase 33.784ms
[98.004s][info][gc,phases,start] GC(148) Summary Phase
[98.004s][info][gc,phases      ] GC(148) Summary Phase 0.064ms
[98.004s][info][gc,phases,start] GC(148) Adjust Roots
[98.004s][info][gc,phases      ] GC(148) Adjust Roots 0.553ms
[98.004s][info][gc,phases,start] GC(148) Compaction Phase
[98.136s][info][gc,phases      ] GC(148) Compaction Phase 131.840ms
[98.136s][info][gc,phases,start] GC(148) Post Compact
[98.143s][info][gc,phases      ] GC(148) Post Compact 7.162ms
[98.143s][info][gc,heap        ] GC(148) PSYoungGen: 1048576K(1223168K)->72976K(1223168K) Eden: 1048576K(1048576K)->72976K(1048576K) From: 0K(174592K)->0K(174592K)
[98.143s][info][gc,heap        ] GC(148) ParOldGen: 2796491K(2796544K)->2796483K(2796544K)
[98.143s][info][gc,metaspace   ] GC(148) Metaspace: 10564K(10816K)->10564K(10816K) NonClass: 9530K(9664K)->9530K(9664K) Class: 1034K(1152K)->1034K(1152K)
[98.143s][info][gc             ] GC(148) Pause Full (Ergonomics) 3754M->2802M(3925M) 173.733ms
[98.144s][info][gc,cpu         ] GC(148) User=1.31s Sys=0.00s Real=0.18s
[98.613s][info][gc,start       ] GC(149) Pause Full (Ergonomics)
[98.613s][info][gc,phases,start] GC(149) Marking Phase
[98.644s][info][gc,phases      ] GC(149) Marking Phase 31.280ms
[98.644s][info][gc,phases,start] GC(149) Summary Phase
[98.644s][info][gc,phases      ] GC(149) Summary Phase 0.064ms
[98.644s][info][gc,phases,start] GC(149) Adjust Roots
[98.645s][info][gc,phases      ] GC(149) Adjust Roots 0.399ms
[98.645s][info][gc,phases,start] GC(149) Compaction Phase
[98.777s][info][gc,phases      ] GC(149) Compaction Phase 132.398ms
[98.777s][info][gc,phases,start] GC(149) Post Compact
[98.785s][info][gc,phases      ] GC(149) Post Compact 8.447ms
[98.786s][info][gc,heap        ] GC(149) PSYoungGen: 1048576K(1223168K)->72984K(1223168K) Eden: 1048576K(1048576K)->72984K(1048576K) From: 0K(174592K)->0K(174592K)
[98.786s][info][gc,heap        ] GC(149) ParOldGen: 2796483K(2796544K)->2796475K(2796544K)
[98.786s][info][gc,metaspace   ] GC(149) Metaspace: 10564K(10816K)->10564K(10816K) NonClass: 9530K(9664K)->9530K(9664K) Class: 1034K(1152K)->1034K(1152K)
[98.786s][info][gc             ] GC(149) Pause Full (Ergonomics) 3754M->2802M(3925M) 172.922ms
[98.786s][info][gc,cpu         ] GC(149) User=1.31s Sys=0.01s Real=0.18s
[99.247s][info][gc,start       ] GC(150) Pause Full (Ergonomics)
[99.247s][info][gc,phases,start] GC(150) Marking Phase
[99.277s][info][gc,phases      ] GC(150) Marking Phase 29.668ms
[99.277s][info][gc,phases,start] GC(150) Summary Phase
[99.277s][info][gc,phases      ] GC(150) Summary Phase 0.063ms
[99.277s][info][gc,phases,start] GC(150) Adjust Roots
[99.278s][info][gc,phases      ] GC(150) Adjust Roots 0.573ms
[99.278s][info][gc,phases,start] GC(150) Compaction Phase
[99.409s][info][gc,phases      ] GC(150) Compaction Phase 131.486ms
[99.409s][info][gc,phases,start] GC(150) Post Compact
[99.418s][info][gc,phases      ] GC(150) Post Compact 8.791ms
[99.418s][info][gc,heap        ] GC(150) PSYoungGen: 1048576K(1223168K)->72972K(1223168K) Eden: 1048576K(1048576K)->72972K(1048576K) From: 0K(174592K)->0K(174592K)
[99.418s][info][gc,heap        ] GC(150) ParOldGen: 2796475K(2796544K)->2796487K(2796544K)
[99.418s][info][gc,metaspace   ] GC(150) Metaspace: 10564K(10816K)->10564K(10816K) NonClass: 9530K(9664K)->9530K(9664K) Class: 1034K(1152K)->1034K(1152K)
[99.418s][info][gc             ] GC(150) Pause Full (Ergonomics) 3754M->2802M(3925M) 170.936ms
[99.418s][info][gc,cpu         ] GC(150) User=1.31s Sys=0.00s Real=0.17s
[99.894s][info][gc,start       ] GC(151) Pause Full (Ergonomics)
[99.894s][info][gc,phases,start] GC(151) Marking Phase
[99.927s][info][gc,phases      ] GC(151) Marking Phase 32.085ms
[99.927s][info][gc,phases,start] GC(151) Summary Phase
[99.927s][info][gc,phases      ] GC(151) Summary Phase 0.064ms
[99.927s][info][gc,phases,start] GC(151) Adjust Roots
[99.927s][info][gc,phases      ] GC(151) Adjust Roots 0.548ms
[99.927s][info][gc,phases,start] GC(151) Compaction Phase
[100.058s][info][gc,phases      ] GC(151) Compaction Phase 130.445ms
[100.058s][info][gc,phases,start] GC(151) Post Compact
[100.067s][info][gc,phases      ] GC(151) Post Compact 9.050ms
[100.067s][info][gc,heap        ] GC(151) PSYoungGen: 1048576K(1223168K)->72939K(1223168K) Eden: 1048576K(1048576K)->72939K(1048576K) From: 0K(174592K)->0K(174592K)
[100.067s][info][gc,heap        ] GC(151) ParOldGen: 2796487K(2796544K)->2796520K(2796544K)
[100.067s][info][gc,metaspace   ] GC(151) Metaspace: 10564K(10816K)->10564K(10816K) NonClass: 9530K(9664K)->9530K(9664K) Class: 1034K(1152K)->1034K(1152K)
[100.067s][info][gc             ] GC(151) Pause Full (Ergonomics) 3754M->2802M(3925M) 172.509ms
[100.067s][info][gc,cpu         ] GC(151) User=1.32s Sys=0.00s Real=0.17s
[100.546s][info][gc,start       ] GC(152) Pause Full (Ergonomics)
[100.546s][info][gc,phases,start] GC(152) Marking Phase
[100.579s][info][gc,phases      ] GC(152) Marking Phase 32.972ms
[100.579s][info][gc,phases,start] GC(152) Summary Phase
[100.579s][info][gc,phases      ] GC(152) Summary Phase 0.064ms
[100.579s][info][gc,phases,start] GC(152) Adjust Roots
[100.579s][info][gc,phases      ] GC(152) Adjust Roots 0.415ms
[100.579s][info][gc,phases,start] GC(152) Compaction Phase
[100.710s][info][gc,phases      ] GC(152) Compaction Phase 131.144ms
[100.710s][info][gc,phases,start] GC(152) Post Compact
[100.718s][info][gc,phases      ] GC(152) Post Compact 7.177ms
[100.718s][info][gc,heap        ] GC(152) PSYoungGen: 1048576K(1223168K)->72960K(1223168K) Eden: 1048576K(1048576K)->72960K(1048576K) From: 0K(174592K)->0K(174592K)
[100.718s][info][gc,heap        ] GC(152) ParOldGen: 2796520K(2796544K)->2796500K(2796544K)
[100.718s][info][gc,metaspace   ] GC(152) Metaspace: 10564K(10816K)->10564K(10816K) NonClass: 9530K(9664K)->9530K(9664K) Class: 1034K(1152K)->1034K(1152K)
[100.718s][info][gc             ] GC(152) Pause Full (Ergonomics) 3754M->2802M(3925M) 172.110ms
[100.718s][info][gc,cpu         ] GC(152) User=1.32s Sys=0.00s Real=0.17s
[101.199s][info][gc,start       ] GC(153) Pause Full (Ergonomics)
[101.200s][info][gc,phases,start] GC(153) Marking Phase
[101.229s][info][gc,phases      ] GC(153) Marking Phase 29.648ms
[101.229s][info][gc,phases,start] GC(153) Summary Phase
[101.229s][info][gc,phases      ] GC(153) Summary Phase 0.064ms
[101.229s][info][gc,phases,start] GC(153) Adjust Roots
[101.230s][info][gc,phases      ] GC(153) Adjust Roots 0.408ms
[101.230s][info][gc,phases,start] GC(153) Compaction Phase
[101.361s][info][gc,phases      ] GC(153) Compaction Phase 131.004ms
[101.361s][info][gc,phases,start] GC(153) Post Compact
[101.374s][info][gc,phases      ] GC(153) Post Compact 13.263ms
[101.374s][info][gc,heap        ] GC(153) PSYoungGen: 1048576K(1223168K)->72948K(1223168K) Eden: 1048576K(1048576K)->72948K(1048576K) From: 0K(174592K)->0K(174592K)
[101.374s][info][gc,heap        ] GC(153) ParOldGen: 2796500K(2796544K)->2796512K(2796544K)
[101.374s][info][gc,metaspace   ] GC(153) Metaspace: 10564K(10816K)->10564K(10816K) NonClass: 9530K(9664K)->9530K(9664K) Class: 1034K(1152K)->1034K(1152K)
[101.374s][info][gc             ] GC(153) Pause Full (Ergonomics) 3754M->2802M(3925M) 174.736ms
[101.374s][info][gc,cpu         ] GC(153) User=1.31s Sys=0.00s Real=0.18s
[101.843s][info][gc,start       ] GC(154) Pause Full (Ergonomics)
[101.843s][info][gc,phases,start] GC(154) Marking Phase
[101.873s][info][gc,phases      ] GC(154) Marking Phase 30.237ms
[101.873s][info][gc,phases,start] GC(154) Summary Phase
[101.873s][info][gc,phases      ] GC(154) Summary Phase 0.063ms
[101.873s][info][gc,phases,start] GC(154) Adjust Roots
[101.874s][info][gc,phases      ] GC(154) Adjust Roots 0.564ms
[101.874s][info][gc,phases,start] GC(154) Compaction Phase
[102.005s][info][gc,phases      ] GC(154) Compaction Phase 131.211ms
[102.005s][info][gc,phases,start] GC(154) Post Compact
[102.013s][info][gc,phases      ] GC(154) Post Compact 8.121ms
[102.013s][info][gc,heap        ] GC(154) PSYoungGen: 1048576K(1223168K)->72952K(1223168K) Eden: 1048576K(1048576K)->72952K(1048576K) From: 0K(174592K)->0K(174592K)
[102.013s][info][gc,heap        ] GC(154) ParOldGen: 2796512K(2796544K)->2796508K(2796544K)
[102.013s][info][gc,metaspace   ] GC(154) Metaspace: 10564K(10816K)->10564K(10816K) NonClass: 9530K(9664K)->9530K(9664K) Class: 1034K(1152K)->1034K(1152K)
[102.013s][info][gc             ] GC(154) Pause Full (Ergonomics) 3754M->2802M(3925M) 170.556ms
[102.013s][info][gc,cpu         ] GC(154) User=1.31s Sys=0.00s Real=0.16s
[102.487s][info][gc,start       ] GC(155) Pause Full (Ergonomics)
[102.487s][info][gc,phases,start] GC(155) Marking Phase
[102.517s][info][gc,phases      ] GC(155) Marking Phase 30.603ms
[102.517s][info][gc,phases,start] GC(155) Summary Phase
[102.518s][info][gc,phases      ] GC(155) Summary Phase 0.064ms
[102.518s][info][gc,phases,start] GC(155) Adjust Roots
[102.518s][info][gc,phases      ] GC(155) Adjust Roots 0.398ms
[102.518s][info][gc,phases,start] GC(155) Compaction Phase
[102.648s][info][gc,phases      ] GC(155) Compaction Phase 130.372ms
[102.648s][info][gc,phases,start] GC(155) Post Compact
[102.658s][info][gc,phases      ] GC(155) Post Compact 10.093ms
[102.659s][info][gc,heap        ] GC(155) PSYoungGen: 1048576K(1223168K)->72923K(1223168K) Eden: 1048576K(1048576K)->72923K(1048576K) From: 0K(174592K)->0K(174592K)
[102.659s][info][gc,heap        ] GC(155) ParOldGen: 2796508K(2796544K)->2796536K(2796544K)
[102.659s][info][gc,metaspace   ] GC(155) Metaspace: 10564K(10816K)->10564K(10816K) NonClass: 9530K(9664K)->9530K(9664K) Class: 1034K(1152K)->1034K(1152K)
[102.659s][info][gc             ] GC(155) Pause Full (Ergonomics) 3754M->2802M(3925M) 171.867ms
[102.659s][info][gc,cpu         ] GC(155) User=1.31s Sys=0.00s Real=0.17s
[103.140s][info][gc,start       ] GC(156) Pause Full (Ergonomics)
[103.140s][info][gc,phases,start] GC(156) Marking Phase
[103.171s][info][gc,phases      ] GC(156) Marking Phase 30.997ms
[103.171s][info][gc,phases,start] GC(156) Summary Phase
[103.172s][info][gc,phases      ] GC(156) Summary Phase 0.065ms
[103.172s][info][gc,phases,start] GC(156) Adjust Roots
[103.172s][info][gc,phases      ] GC(156) Adjust Roots 0.562ms
[103.172s][info][gc,phases,start] GC(156) Compaction Phase
[103.302s][info][gc,phases      ] GC(156) Compaction Phase 130.369ms
[103.303s][info][gc,phases,start] GC(156) Post Compact
[103.312s][info][gc,phases      ] GC(156) Post Compact 9.282ms
[103.312s][info][gc,heap        ] GC(156) PSYoungGen: 1048576K(1223168K)->72968K(1223168K) Eden: 1048576K(1048576K)->72968K(1048576K) From: 0K(174592K)->0K(174592K)
[103.312s][info][gc,heap        ] GC(156) ParOldGen: 2796536K(2796544K)->2796491K(2796544K)
[103.312s][info][gc,metaspace   ] GC(156) Metaspace: 10564K(10816K)->10564K(10816K) NonClass: 9530K(9664K)->9530K(9664K) Class: 1034K(1152K)->1034K(1152K)
[103.312s][info][gc             ] GC(156) Pause Full (Ergonomics) 3754M->2802M(3925M) 171.568ms
[103.312s][info][gc,cpu         ] GC(156) User=1.31s Sys=0.00s Real=0.17s
[103.780s][info][gc,start       ] GC(157) Pause Full (Ergonomics)
[103.780s][info][gc,phases,start] GC(157) Marking Phase
[103.810s][info][gc,phases      ] GC(157) Marking Phase 30.323ms
[103.811s][info][gc,phases,start] GC(157) Summary Phase
[103.811s][info][gc,phases      ] GC(157) Summary Phase 0.065ms
[103.811s][info][gc,phases,start] GC(157) Adjust Roots
[103.811s][info][gc,phases      ] GC(157) Adjust Roots 0.417ms
[103.811s][info][gc,phases,start] GC(157) Compaction Phase
[103.942s][info][gc,phases      ] GC(157) Compaction Phase 131.212ms
[103.942s][info][gc,phases,start] GC(157) Post Compact
[103.949s][info][gc,phases      ] GC(157) Post Compact 7.032ms
[103.949s][info][gc,heap        ] GC(157) PSYoungGen: 1048576K(1223168K)->72968K(1223168K) Eden: 1048576K(1048576K)->72968K(1048576K) From: 0K(174592K)->0K(174592K)
[103.949s][info][gc,heap        ] GC(157) ParOldGen: 2796491K(2796544K)->2796492K(2796544K)
[103.949s][info][gc,metaspace   ] GC(157) Metaspace: 10564K(10816K)->10564K(10816K) NonClass: 9530K(9664K)->9530K(9664K) Class: 1034K(1152K)->1034K(1152K)
[103.949s][info][gc             ] GC(157) Pause Full (Ergonomics) 3754M->2802M(3925M) 169.390ms
[103.950s][info][gc,cpu         ] GC(157) User=1.30s Sys=0.00s Real=0.17s
[104.425s][info][gc,start       ] GC(158) Pause Full (Ergonomics)
[104.425s][info][gc,phases,start] GC(158) Marking Phase
[104.455s][info][gc,phases      ] GC(158) Marking Phase 29.811ms
[104.455s][info][gc,phases,start] GC(158) Summary Phase
[104.455s][info][gc,phases      ] GC(158) Summary Phase 0.064ms
[104.455s][info][gc,phases,start] GC(158) Adjust Roots
[104.456s][info][gc,phases      ] GC(158) Adjust Roots 0.562ms
[104.456s][info][gc,phases,start] GC(158) Compaction Phase
[104.586s][info][gc,phases      ] GC(158) Compaction Phase 130.260ms
[104.586s][info][gc,phases,start] GC(158) Post Compact
[104.595s][info][gc,phases      ] GC(158) Post Compact 9.131ms
[104.595s][info][gc,heap        ] GC(158) PSYoungGen: 1048576K(1223168K)->72964K(1223168K) Eden: 1048576K(1048576K)->72964K(1048576K) From: 0K(174592K)->0K(174592K)
[104.595s][info][gc,heap        ] GC(158) ParOldGen: 2796492K(2796544K)->2796496K(2796544K)
[104.595s][info][gc,metaspace   ] GC(158) Metaspace: 10564K(10816K)->10564K(10816K) NonClass: 9530K(9664K)->9530K(9664K) Class: 1034K(1152K)->1034K(1152K)
[104.595s][info][gc             ] GC(158) Pause Full (Ergonomics) 3754M->2802M(3925M) 170.155ms
[104.595s][info][gc,cpu         ] GC(158) User=1.30s Sys=0.00s Real=0.17s
[105.068s][info][gc,start       ] GC(159) Pause Full (Ergonomics)
[105.068s][info][gc,phases,start] GC(159) Marking Phase
[105.103s][info][gc,phases      ] GC(159) Marking Phase 34.906ms
[105.103s][info][gc,phases,start] GC(159) Summary Phase
[105.104s][info][gc,phases      ] GC(159) Summary Phase 0.064ms
[105.104s][info][gc,phases,start] GC(159) Adjust Roots
[105.104s][info][gc,phases      ] GC(159) Adjust Roots 0.400ms
[105.104s][info][gc,phases,start] GC(159) Compaction Phase
[105.235s][info][gc,phases      ] GC(159) Compaction Phase 131.369ms
[105.235s][info][gc,phases,start] GC(159) Post Compact
[105.244s][info][gc,phases      ] GC(159) Post Compact 9.076ms
[105.245s][info][gc,heap        ] GC(159) PSYoungGen: 1048576K(1223168K)->72948K(1223168K) Eden: 1048576K(1048576K)->72948K(1048576K) From: 0K(174592K)->0K(174592K)
[105.245s][info][gc,heap        ] GC(159) ParOldGen: 2796496K(2796544K)->2796512K(2796544K)
[105.245s][info][gc,metaspace   ] GC(159) Metaspace: 10564K(10816K)->10564K(10816K) NonClass: 9530K(9664K)->9530K(9664K) Class: 1034K(1152K)->1034K(1152K)
[105.245s][info][gc             ] GC(159) Pause Full (Ergonomics) 3754M->2802M(3925M) 176.146ms
[105.245s][info][gc,cpu         ] GC(159) User=1.31s Sys=0.00s Real=0.18s
[105.723s][info][gc,start       ] GC(160) Pause Full (Ergonomics)
[105.723s][info][gc,phases,start] GC(160) Marking Phase
[105.753s][info][gc,phases      ] GC(160) Marking Phase 30.515ms
[105.753s][info][gc,phases,start] GC(160) Summary Phase
[105.753s][info][gc,phases      ] GC(160) Summary Phase 0.064ms
[105.753s][info][gc,phases,start] GC(160) Adjust Roots
[105.754s][info][gc,phases      ] GC(160) Adjust Roots 0.407ms
[105.754s][info][gc,phases,start] GC(160) Compaction Phase
[105.884s][info][gc,phases      ] GC(160) Compaction Phase 130.589ms
[105.884s][info][gc,phases,start] GC(160) Post Compact
[105.895s][info][gc,phases      ] GC(160) Post Compact 10.218ms
[105.895s][info][gc,heap        ] GC(160) PSYoungGen: 1048576K(1223168K)->72988K(1223168K) Eden: 1048576K(1048576K)->72988K(1048576K) From: 0K(174592K)->0K(174592K)
[105.895s][info][gc,heap        ] GC(160) ParOldGen: 2796512K(2796544K)->2796471K(2796544K)
[105.895s][info][gc,metaspace   ] GC(160) Metaspace: 10564K(10816K)->10564K(10816K) NonClass: 9530K(9664K)->9530K(9664K) Class: 1034K(1152K)->1034K(1152K)
[105.895s][info][gc             ] GC(160) Pause Full (Ergonomics) 3754M->2802M(3925M) 172.156ms
[105.895s][info][gc,cpu         ] GC(160) User=1.31s Sys=0.00s Real=0.17s
[106.370s][info][gc,start       ] GC(161) Pause Full (Ergonomics)
[106.370s][info][gc,phases,start] GC(161) Marking Phase
[106.402s][info][gc,phases      ] GC(161) Marking Phase 31.826ms
[106.402s][info][gc,phases,start] GC(161) Summary Phase
[106.402s][info][gc,phases      ] GC(161) Summary Phase 0.063ms
[106.402s][info][gc,phases,start] GC(161) Adjust Roots
[106.403s][info][gc,phases      ] GC(161) Adjust Roots 0.552ms
[106.403s][info][gc,phases,start] GC(161) Compaction Phase
[106.534s][info][gc,phases      ] GC(161) Compaction Phase 131.483ms
[106.534s][info][gc,phases,start] GC(161) Post Compact
[106.541s][info][gc,phases      ] GC(161) Post Compact 7.044ms
[106.541s][info][gc,heap        ] GC(161) PSYoungGen: 1048576K(1223168K)->72964K(1223168K) Eden: 1048576K(1048576K)->72964K(1048576K) From: 0K(174592K)->0K(174592K)
[106.541s][info][gc,heap        ] GC(161) ParOldGen: 2796471K(2796544K)->2796496K(2796544K)
[106.541s][info][gc,metaspace   ] GC(161) Metaspace: 10564K(10816K)->10564K(10816K) NonClass: 9530K(9664K)->9530K(9664K) Class: 1034K(1152K)->1034K(1152K)
[106.541s][info][gc             ] GC(161) Pause Full (Ergonomics) 3754M->2802M(3925M) 171.330ms
[106.541s][info][gc,cpu         ] GC(161) User=1.31s Sys=0.01s Real=0.18s
[107.023s][info][gc,start       ] GC(162) Pause Full (Ergonomics)
[107.023s][info][gc,phases,start] GC(162) Marking Phase
[107.056s][info][gc,phases      ] GC(162) Marking Phase 33.427ms
[107.057s][info][gc,phases,start] GC(162) Summary Phase
[107.057s][info][gc,phases      ] GC(162) Summary Phase 0.063ms
[107.057s][info][gc,phases,start] GC(162) Adjust Roots
[107.057s][info][gc,phases      ] GC(162) Adjust Roots 0.403ms
[107.057s][info][gc,phases,start] GC(162) Compaction Phase
[107.189s][info][gc,phases      ] GC(162) Compaction Phase 131.922ms
[107.189s][info][gc,phases,start] GC(162) Post Compact
[107.197s][info][gc,phases      ] GC(162) Post Compact 8.219ms
[107.197s][info][gc,heap        ] GC(162) PSYoungGen: 1048576K(1223168K)->72976K(1223168K) Eden: 1048576K(1048576K)->72976K(1048576K) From: 0K(174592K)->0K(174592K)
[107.197s][info][gc,heap        ] GC(162) ParOldGen: 2796496K(2796544K)->2796483K(2796544K)
[107.197s][info][gc,metaspace   ] GC(162) Metaspace: 10564K(10816K)->10564K(10816K) NonClass: 9530K(9664K)->9530K(9664K) Class: 1034K(1152K)->1034K(1152K)
[107.197s][info][gc             ] GC(162) Pause Full (Ergonomics) 3754M->2802M(3925M) 174.376ms
[107.197s][info][gc,cpu         ] GC(162) User=1.31s Sys=0.00s Real=0.17s
[107.666s][info][gc,start       ] GC(163) Pause Full (Ergonomics)
[107.666s][info][gc,phases,start] GC(163) Marking Phase
[107.696s][info][gc,phases      ] GC(163) Marking Phase 29.761ms
[107.696s][info][gc,phases,start] GC(163) Summary Phase
[107.696s][info][gc,phases      ] GC(163) Summary Phase 0.064ms
[107.696s][info][gc,phases,start] GC(163) Adjust Roots
[107.696s][info][gc,phases      ] GC(163) Adjust Roots 0.401ms
[107.696s][info][gc,phases,start] GC(163) Compaction Phase
[107.828s][info][gc,phases      ] GC(163) Compaction Phase 131.657ms
[107.828s][info][gc,phases,start] GC(163) Post Compact
[107.835s][info][gc,phases      ] GC(163) Post Compact 6.920ms
[107.835s][info][gc,heap        ] GC(163) PSYoungGen: 1048576K(1223168K)->72927K(1223168K) Eden: 1048576K(1048576K)->72927K(1048576K) From: 0K(174592K)->0K(174592K)
[107.835s][info][gc,heap        ] GC(163) ParOldGen: 2796483K(2796544K)->2796532K(2796544K)
[107.835s][info][gc,metaspace   ] GC(163) Metaspace: 10564K(10816K)->10564K(10816K) NonClass: 9530K(9664K)->9530K(9664K) Class: 1034K(1152K)->1034K(1152K)
[107.835s][info][gc             ] GC(163) Pause Full (Ergonomics) 3754M->2802M(3925M) 169.164ms
[107.835s][info][gc,cpu         ] GC(163) User=1.31s Sys=0.00s Real=0.17s
[108.313s][info][gc,start       ] GC(164) Pause Full (Ergonomics)
[108.313s][info][gc,phases,start] GC(164) Marking Phase
[108.345s][info][gc,phases      ] GC(164) Marking Phase 31.943ms
[108.345s][info][gc,phases,start] GC(164) Summary Phase
[108.345s][info][gc,phases      ] GC(164) Summary Phase 0.063ms
[108.345s][info][gc,phases,start] GC(164) Adjust Roots
[108.345s][info][gc,phases      ] GC(164) Adjust Roots 0.398ms
[108.345s][info][gc,phases,start] GC(164) Compaction Phase
[108.476s][info][gc,phases      ] GC(164) Compaction Phase 131.021ms
[108.476s][info][gc,phases,start] GC(164) Post Compact
[108.484s][info][gc,phases      ] GC(164) Post Compact 7.258ms
[108.484s][info][gc,heap        ] GC(164) PSYoungGen: 1048576K(1223168K)->72952K(1223168K) Eden: 1048576K(1048576K)->72952K(1048576K) From: 0K(174592K)->0K(174592K)
[108.484s][info][gc,heap        ] GC(164) ParOldGen: 2796532K(2796544K)->2796508K(2796544K)
[108.484s][info][gc,metaspace   ] GC(164) Metaspace: 10564K(10816K)->10564K(10816K) NonClass: 9530K(9664K)->9530K(9664K) Class: 1034K(1152K)->1034K(1152K)
[108.484s][info][gc             ] GC(164) Pause Full (Ergonomics) 3754M->2802M(3925M) 171.022ms
[108.484s][info][gc,cpu         ] GC(164) User=1.31s Sys=0.00s Real=0.18s
[108.961s][info][gc,start       ] GC(165) Pause Full (Ergonomics)
[108.961s][info][gc,phases,start] GC(165) Marking Phase
[108.991s][info][gc,phases      ] GC(165) Marking Phase 30.472ms
[108.991s][info][gc,phases,start] GC(165) Summary Phase
[108.991s][info][gc,phases      ] GC(165) Summary Phase 0.064ms
[108.991s][info][gc,phases,start] GC(165) Adjust Roots
[108.992s][info][gc,phases      ] GC(165) Adjust Roots 0.418ms
[108.992s][info][gc,phases,start] GC(165) Compaction Phase
[109.122s][info][gc,phases      ] GC(165) Compaction Phase 130.759ms
[109.123s][info][gc,phases,start] GC(165) Post Compact
[109.132s][info][gc,phases      ] GC(165) Post Compact 9.929ms
[109.133s][info][gc,heap        ] GC(165) PSYoungGen: 1048576K(1223168K)->72940K(1223168K) Eden: 1048576K(1048576K)->72940K(1048576K) From: 0K(174592K)->0K(174592K)
[109.133s][info][gc,heap        ] GC(165) ParOldGen: 2796508K(2796544K)->2796520K(2796544K)
[109.133s][info][gc,metaspace   ] GC(165) Metaspace: 10564K(10816K)->10564K(10816K) NonClass: 9530K(9664K)->9530K(9664K) Class: 1034K(1152K)->1034K(1152K)
[109.133s][info][gc             ] GC(165) Pause Full (Ergonomics) 3754M->2802M(3925M) 171.971ms
[109.133s][info][gc,cpu         ] GC(165) User=1.31s Sys=0.00s Real=0.17s
[109.607s][info][gc,start       ] GC(166) Pause Full (Ergonomics)
[109.607s][info][gc,phases,start] GC(166) Marking Phase
[109.639s][info][gc,phases      ] GC(166) Marking Phase 31.843ms
[109.639s][info][gc,phases,start] GC(166) Summary Phase
[109.639s][info][gc,phases      ] GC(166) Summary Phase 0.064ms
[109.639s][info][gc,phases,start] GC(166) Adjust Roots
[109.640s][info][gc,phases      ] GC(166) Adjust Roots 0.551ms
[109.640s][info][gc,phases,start] GC(166) Compaction Phase
[109.771s][info][gc,phases      ] GC(166) Compaction Phase 131.641ms
[109.771s][info][gc,phases,start] GC(166) Post Compact
[109.780s][info][gc,phases      ] GC(166) Post Compact 8.336ms
[109.780s][info][gc,heap        ] GC(166) PSYoungGen: 1048576K(1223168K)->72944K(1223168K) Eden: 1048576K(1048576K)->72944K(1048576K) From: 0K(174592K)->0K(174592K)
[109.780s][info][gc,heap        ] GC(166) ParOldGen: 2796520K(2796544K)->2796516K(2796544K)
[109.780s][info][gc,metaspace   ] GC(166) Metaspace: 10564K(10816K)->10564K(10816K) NonClass: 9530K(9664K)->9530K(9664K) Class: 1034K(1152K)->1034K(1152K)
[109.780s][info][gc             ] GC(166) Pause Full (Ergonomics) 3754M->2802M(3925M) 172.775ms
[109.780s][info][gc,cpu         ] GC(166) User=1.32s Sys=0.00s Real=0.17s
[110.251s][info][gc,start       ] GC(167) Pause Full (Ergonomics)
[110.251s][info][gc,phases,start] GC(167) Marking Phase
[110.280s][info][gc,phases      ] GC(167) Marking Phase 29.605ms
[110.280s][info][gc,phases,start] GC(167) Summary Phase
[110.281s][info][gc,phases      ] GC(167) Summary Phase 0.065ms
[110.281s][info][gc,phases,start] GC(167) Adjust Roots
[110.281s][info][gc,phases      ] GC(167) Adjust Roots 0.400ms
[110.281s][info][gc,phases,start] GC(167) Compaction Phase
[110.413s][info][gc,phases      ] GC(167) Compaction Phase 131.747ms
[110.413s][info][gc,phases,start] GC(167) Post Compact
[110.426s][info][gc,phases      ] GC(167) Post Compact 12.982ms
[110.426s][info][gc,heap        ] GC(167) PSYoungGen: 1048576K(1223168K)->72968K(1223168K) Eden: 1048576K(1048576K)->72968K(1048576K) From: 0K(174592K)->0K(174592K)
[110.426s][info][gc,heap        ] GC(167) ParOldGen: 2796516K(2796544K)->2796491K(2796544K)
[110.426s][info][gc,metaspace   ] GC(167) Metaspace: 10564K(10816K)->10564K(10816K) NonClass: 9530K(9664K)->9530K(9664K) Class: 1034K(1152K)->1034K(1152K)
[110.426s][info][gc             ] GC(167) Pause Full (Ergonomics) 3754M->2802M(3925M) 175.124ms
[110.426s][info][gc,cpu         ] GC(167) User=1.31s Sys=0.00s Real=0.18s
[110.891s][info][gc,start       ] GC(168) Pause Full (Ergonomics)
[110.891s][info][gc,phases,start] GC(168) Marking Phase
[110.925s][info][gc,phases      ] GC(168) Marking Phase 34.074ms
[110.926s][info][gc,phases,start] GC(168) Summary Phase
[110.926s][info][gc,phases      ] GC(168) Summary Phase 0.065ms
[110.926s][info][gc,phases,start] GC(168) Adjust Roots
[110.926s][info][gc,phases      ] GC(168) Adjust Roots 0.399ms
[110.926s][info][gc,phases,start] GC(168) Compaction Phase
[111.058s][info][gc,phases      ] GC(168) Compaction Phase 132.014ms
[111.058s][info][gc,phases,start] GC(168) Post Compact
[111.067s][info][gc,phases      ] GC(168) Post Compact 9.000ms
[111.067s][info][gc,heap        ] GC(168) PSYoungGen: 1048576K(1223168K)->72952K(1223168K) Eden: 1048576K(1048576K)->72952K(1048576K) From: 0K(174592K)->0K(174592K)
[111.067s][info][gc,heap        ] GC(168) ParOldGen: 2796491K(2796544K)->2796508K(2796544K)
[111.067s][info][gc,metaspace   ] GC(168) Metaspace: 10564K(10816K)->10564K(10816K) NonClass: 9530K(9664K)->9530K(9664K) Class: 1034K(1152K)->1034K(1152K)
[111.067s][info][gc             ] GC(168) Pause Full (Ergonomics) 3754M->2802M(3925M) 175.875ms
[111.067s][info][gc,cpu         ] GC(168) User=1.32s Sys=0.00s Real=0.18s
[111.542s][info][gc,start       ] GC(169) Pause Full (Ergonomics)
[111.542s][info][gc,phases,start] GC(169) Marking Phase
[111.573s][info][gc,phases      ] GC(169) Marking Phase 30.523ms
[111.573s][info][gc,phases,start] GC(169) Summary Phase
[111.573s][info][gc,phases      ] GC(169) Summary Phase 0.065ms
[111.573s][info][gc,phases,start] GC(169) Adjust Roots
[111.573s][info][gc,phases      ] GC(169) Adjust Roots 0.398ms
[111.573s][info][gc,phases,start] GC(169) Compaction Phase
[111.705s][info][gc,phases      ] GC(169) Compaction Phase 131.306ms
[111.705s][info][gc,phases,start] GC(169) Post Compact
[111.713s][info][gc,phases      ] GC(169) Post Compact 7.955ms
[111.713s][info][gc,heap        ] GC(169) PSYoungGen: 1048576K(1223168K)->72939K(1223168K) Eden: 1048576K(1048576K)->72939K(1048576K) From: 0K(174592K)->0K(174592K)
[111.713s][info][gc,heap        ] GC(169) ParOldGen: 2796508K(2796544K)->2796520K(2796544K)
[111.713s][info][gc,metaspace   ] GC(169) Metaspace: 10564K(10816K)->10564K(10816K) NonClass: 9530K(9664K)->9530K(9664K) Class: 1034K(1152K)->1034K(1152K)
[111.713s][info][gc             ] GC(169) Pause Full (Ergonomics) 3754M->2802M(3925M) 170.588ms
[111.713s][info][gc,cpu         ] GC(169) User=1.31s Sys=0.00s Real=0.16s
[112.180s][info][gc,start       ] GC(170) Pause Full (Ergonomics)
[112.180s][info][gc,phases,start] GC(170) Marking Phase
[112.211s][info][gc,phases      ] GC(170) Marking Phase 30.660ms
[112.211s][info][gc,phases,start] GC(170) Summary Phase
[112.211s][info][gc,phases      ] GC(170) Summary Phase 0.064ms
[112.211s][info][gc,phases,start] GC(170) Adjust Roots
[112.212s][info][gc,phases      ] GC(170) Adjust Roots 0.400ms
[112.212s][info][gc,phases,start] GC(170) Compaction Phase
[112.342s][info][gc,phases      ] GC(170) Compaction Phase 130.740ms
[112.343s][info][gc,phases,start] GC(170) Post Compact
[112.352s][info][gc,phases      ] GC(170) Post Compact 9.831ms
[112.352s][info][gc,heap        ] GC(170) PSYoungGen: 1048576K(1223168K)->72931K(1223168K) Eden: 1048576K(1048576K)->72931K(1048576K) From: 0K(174592K)->0K(174592K)
[112.352s][info][gc,heap        ] GC(170) ParOldGen: 2796520K(2796544K)->2796528K(2796544K)
[112.352s][info][gc,metaspace   ] GC(170) Metaspace: 10564K(10816K)->10564K(10816K) NonClass: 9530K(9664K)->9530K(9664K) Class: 1034K(1152K)->1034K(1152K)
[112.352s][info][gc             ] GC(170) Pause Full (Ergonomics) 3754M->2802M(3925M) 172.029ms
[112.352s][info][gc,cpu         ] GC(170) User=1.31s Sys=0.00s Real=0.17s
[112.823s][info][gc,start       ] GC(171) Pause Full (Ergonomics)
[112.823s][info][gc,phases,start] GC(171) Marking Phase
[112.853s][info][gc,phases      ] GC(171) Marking Phase 30.577ms
[112.854s][info][gc,phases,start] GC(171) Summary Phase
[112.854s][info][gc,phases      ] GC(171) Summary Phase 0.064ms
[112.854s][info][gc,phases,start] GC(171) Adjust Roots
[112.854s][info][gc,phases      ] GC(171) Adjust Roots 0.395ms
[112.854s][info][gc,phases,start] GC(171) Compaction Phase
[112.986s][info][gc,phases      ] GC(171) Compaction Phase 131.662ms
[112.986s][info][gc,phases,start] GC(171) Post Compact
[112.993s][info][gc,phases      ] GC(171) Post Compact 6.961ms
[112.993s][info][gc,heap        ] GC(171) PSYoungGen: 1048576K(1223168K)->72992K(1223168K) Eden: 1048576K(1048576K)->72992K(1048576K) From: 0K(174592K)->0K(174592K)
[112.993s][info][gc,heap        ] GC(171) ParOldGen: 2796528K(2796544K)->2796467K(2796544K)
[112.993s][info][gc,metaspace   ] GC(171) Metaspace: 10564K(10816K)->10564K(10816K) NonClass: 9530K(9664K)->9530K(9664K) Class: 1034K(1152K)->1034K(1152K)
[112.993s][info][gc             ] GC(171) Pause Full (Ergonomics) 3754M->2802M(3925M) 169.980ms
[112.993s][info][gc,cpu         ] GC(171) User=1.31s Sys=0.00s Real=0.16s
[113.472s][info][gc,start       ] GC(172) Pause Full (Ergonomics)
[113.472s][info][gc,phases,start] GC(172) Marking Phase
[113.502s][info][gc,phases      ] GC(172) Marking Phase 30.554ms
[113.502s][info][gc,phases,start] GC(172) Summary Phase
[113.502s][info][gc,phases      ] GC(172) Summary Phase 0.063ms
[113.502s][info][gc,phases,start] GC(172) Adjust Roots
[113.503s][info][gc,phases      ] GC(172) Adjust Roots 0.552ms
[113.503s][info][gc,phases,start] GC(172) Compaction Phase
[113.635s][info][gc,phases      ] GC(172) Compaction Phase 131.887ms
[113.635s][info][gc,phases,start] GC(172) Post Compact
[113.643s][info][gc,phases      ] GC(172) Post Compact 7.643ms
[113.643s][info][gc,heap        ] GC(172) PSYoungGen: 1048576K(1223168K)->72956K(1223168K) Eden: 1048576K(1048576K)->72956K(1048576K) From: 0K(174592K)->0K(174592K)
[113.643s][info][gc,heap        ] GC(172) ParOldGen: 2796467K(2796544K)->2796504K(2796544K)
[113.643s][info][gc,metaspace   ] GC(172) Metaspace: 10564K(10816K)->10564K(10816K) NonClass: 9530K(9664K)->9530K(9664K) Class: 1034K(1152K)->1034K(1152K)
[113.643s][info][gc             ] GC(172) Pause Full (Ergonomics) 3754M->2802M(3925M) 171.040ms
[113.643s][info][gc,cpu         ] GC(172) User=1.31s Sys=0.00s Real=0.18s
[114.112s][info][gc,start       ] GC(173) Pause Full (Ergonomics)
[114.113s][info][gc,phases,start] GC(173) Marking Phase
[114.142s][info][gc,phases      ] GC(173) Marking Phase 29.588ms
[114.142s][info][gc,phases,start] GC(173) Summary Phase
[114.142s][info][gc,phases      ] GC(173) Summary Phase 0.063ms
[114.142s][info][gc,phases,start] GC(173) Adjust Roots
[114.143s][info][gc,phases      ] GC(173) Adjust Roots 0.410ms
[114.143s][info][gc,phases,start] GC(173) Compaction Phase
[114.273s][info][gc,phases      ] GC(173) Compaction Phase 130.741ms
[114.274s][info][gc,phases,start] GC(173) Post Compact
[114.283s][info][gc,phases      ] GC(173) Post Compact 9.149ms
[114.283s][info][gc,heap        ] GC(173) PSYoungGen: 1048576K(1223168K)->72984K(1223168K) Eden: 1048576K(1048576K)->72984K(1048576K) From: 0K(174592K)->0K(174592K)
[114.283s][info][gc,heap        ] GC(173) ParOldGen: 2796504K(2796544K)->2796475K(2796544K)
[114.283s][info][gc,metaspace   ] GC(173) Metaspace: 10564K(10816K)->10564K(10816K) NonClass: 9530K(9664K)->9530K(9664K) Class: 1034K(1152K)->1034K(1152K)
[114.283s][info][gc             ] GC(173) Pause Full (Ergonomics) 3754M->2802M(3925M) 170.326ms
[114.283s][info][gc,cpu         ] GC(173) User=1.30s Sys=0.00s Real=0.18s
[114.763s][info][gc,start       ] GC(174) Pause Full (Ergonomics)
[114.763s][info][gc,phases,start] GC(174) Marking Phase
[114.795s][info][gc,phases      ] GC(174) Marking Phase 31.488ms
[114.795s][info][gc,phases,start] GC(174) Summary Phase
[114.795s][info][gc,phases      ] GC(174) Summary Phase 0.065ms
[114.795s][info][gc,phases,start] GC(174) Adjust Roots
[114.796s][info][gc,phases      ] GC(174) Adjust Roots 0.552ms
[114.796s][info][gc,phases,start] GC(174) Compaction Phase
[114.927s][info][gc,phases      ] GC(174) Compaction Phase 131.554ms
[114.927s][info][gc,phases,start] GC(174) Post Compact
[114.939s][info][gc,phases      ] GC(174) Post Compact 11.879ms
[114.939s][info][gc,heap        ] GC(174) PSYoungGen: 1048576K(1223168K)->72960K(1223168K) Eden: 1048576K(1048576K)->72960K(1048576K) From: 0K(174592K)->0K(174592K)
[114.939s][info][gc,heap        ] GC(174) ParOldGen: 2796475K(2796544K)->2796500K(2796544K)
[114.939s][info][gc,metaspace   ] GC(174) Metaspace: 10564K(10816K)->10564K(10816K) NonClass: 9530K(9664K)->9530K(9664K) Class: 1034K(1152K)->1034K(1152K)
[114.939s][info][gc             ] GC(174) Pause Full (Ergonomics) 3754M->2802M(3925M) 175.928ms
[114.939s][info][gc,cpu         ] GC(174) User=1.32s Sys=0.01s Real=0.17s
[115.420s][info][gc,start       ] GC(175) Pause Full (Ergonomics)
[115.420s][info][gc,phases,start] GC(175) Marking Phase
[115.451s][info][gc,phases      ] GC(175) Marking Phase 30.512ms
[115.451s][info][gc,phases,start] GC(175) Summary Phase
[115.451s][info][gc,phases      ] GC(175) Summary Phase 0.063ms
[115.451s][info][gc,phases,start] GC(175) Adjust Roots
[115.451s][info][gc,phases      ] GC(175) Adjust Roots 0.461ms
[115.452s][info][gc,phases,start] GC(175) Compaction Phase
[115.583s][info][gc,phases      ] GC(175) Compaction Phase 131.267ms
[115.583s][info][gc,phases,start] GC(175) Post Compact
[115.591s][info][gc,phases      ] GC(175) Post Compact 7.776ms
[115.591s][info][gc,heap        ] GC(175) PSYoungGen: 1048576K(1223168K)->73408K(1223168K) Eden: 1048576K(1048576K)->73408K(1048576K) From: 0K(174592K)->0K(174592K)
[115.591s][info][gc,heap        ] GC(175) ParOldGen: 2796500K(2796544K)->2796052K(2796544K)
[115.591s][info][gc,metaspace   ] GC(175) Metaspace: 10564K(10816K)->10564K(10816K) NonClass: 9530K(9664K)->9530K(9664K) Class: 1034K(1152K)->1034K(1152K)
[115.591s][info][gc             ] GC(175) Pause Full (Ergonomics) 3754M->2802M(3925M) 170.407ms
[115.591s][info][gc,cpu         ] GC(175) User=1.30s Sys=0.00s Real=0.17s
[116.060s][info][gc,start       ] GC(176) Pause Full (Ergonomics)
[116.060s][info][gc,phases,start] GC(176) Marking Phase
[116.090s][info][gc,phases      ] GC(176) Marking Phase 30.331ms
[116.090s][info][gc,phases,start] GC(176) Summary Phase
[116.090s][info][gc,phases      ] GC(176) Summary Phase 0.064ms
[116.090s][info][gc,phases,start] GC(176) Adjust Roots
[116.091s][info][gc,phases      ] GC(176) Adjust Roots 0.399ms
[116.091s][info][gc,phases,start] GC(176) Compaction Phase
[116.223s][info][gc,phases      ] GC(176) Compaction Phase 131.770ms
[116.223s][info][gc,phases,start] GC(176) Post Compact
[116.230s][info][gc,phases      ] GC(176) Post Compact 7.367ms
[116.230s][info][gc,heap        ] GC(176) PSYoungGen: 1048576K(1223168K)->72952K(1223168K) Eden: 1048576K(1048576K)->72952K(1048576K) From: 0K(174592K)->0K(174592K)
[116.230s][info][gc,heap        ] GC(176) ParOldGen: 2796052K(2796544K)->2796508K(2796544K)
[116.230s][info][gc,metaspace   ] GC(176) Metaspace: 10564K(10816K)->10564K(10816K) NonClass: 9530K(9664K)->9530K(9664K) Class: 1034K(1152K)->1034K(1152K)
[116.230s][info][gc             ] GC(176) Pause Full (Ergonomics) 3754M->2802M(3925M) 170.252ms
[116.230s][info][gc,cpu         ] GC(176) User=1.31s Sys=0.00s Real=0.17s
[116.704s][info][gc,start       ] GC(177) Pause Full (Ergonomics)
[116.704s][info][gc,phases,start] GC(177) Marking Phase
[116.735s][info][gc,phases      ] GC(177) Marking Phase 31.053ms
[116.735s][info][gc,phases,start] GC(177) Summary Phase
[116.735s][info][gc,phases      ] GC(177) Summary Phase 0.063ms
[116.735s][info][gc,phases,start] GC(177) Adjust Roots
[116.735s][info][gc,phases      ] GC(177) Adjust Roots 0.401ms
[116.735s][info][gc,phases,start] GC(177) Compaction Phase
[116.867s][info][gc,phases      ] GC(177) Compaction Phase 131.110ms
[116.867s][info][gc,phases,start] GC(177) Post Compact
[116.874s][info][gc,phases      ] GC(177) Post Compact 7.488ms
[116.874s][info][gc,heap        ] GC(177) PSYoungGen: 1048576K(1223168K)->72944K(1223168K) Eden: 1048576K(1048576K)->72944K(1048576K) From: 0K(174592K)->0K(174592K)
[116.874s][info][gc,heap        ] GC(177) ParOldGen: 2796508K(2796544K)->2796516K(2796544K)
[116.874s][info][gc,metaspace   ] GC(177) Metaspace: 10564K(10816K)->10564K(10816K) NonClass: 9530K(9664K)->9530K(9664K) Class: 1034K(1152K)->1034K(1152K)
[116.874s][info][gc             ] GC(177) Pause Full (Ergonomics) 3754M->2802M(3925M) 170.455ms
[116.874s][info][gc,cpu         ] GC(177) User=1.31s Sys=0.00s Real=0.17s
[117.345s][info][gc,start       ] GC(178) Pause Full (Ergonomics)
[117.345s][info][gc,phases,start] GC(178) Marking Phase
[117.376s][info][gc,phases      ] GC(178) Marking Phase 31.038ms
[117.376s][info][gc,phases,start] GC(178) Summary Phase
[117.376s][info][gc,phases      ] GC(178) Summary Phase 0.063ms
[117.376s][info][gc,phases,start] GC(178) Adjust Roots
[117.376s][info][gc,phases      ] GC(178) Adjust Roots 0.399ms
[117.377s][info][gc,phases,start] GC(178) Compaction Phase
[117.508s][info][gc,phases      ] GC(178) Compaction Phase 131.553ms
[117.508s][info][gc,phases,start] GC(178) Post Compact
[117.516s][info][gc,phases      ] GC(178) Post Compact 7.958ms
[117.516s][info][gc,heap        ] GC(178) PSYoungGen: 1048576K(1223168K)->72952K(1223168K) Eden: 1048576K(1048576K)->72952K(1048576K) From: 0K(174592K)->0K(174592K)
[117.516s][info][gc,heap        ] GC(178) ParOldGen: 2796516K(2796544K)->2796508K(2796544K)
[117.516s][info][gc,metaspace   ] GC(178) Metaspace: 10564K(10816K)->10564K(10816K) NonClass: 9530K(9664K)->9530K(9664K) Class: 1034K(1152K)->1034K(1152K)
[117.516s][info][gc             ] GC(178) Pause Full (Ergonomics) 3754M->2802M(3925M) 171.338ms
[117.516s][info][gc,cpu         ] GC(178) User=1.32s Sys=0.00s Real=0.17s
[117.988s][info][gc,start       ] GC(179) Pause Full (Ergonomics)
[117.988s][info][gc,phases,start] GC(179) Marking Phase
[118.019s][info][gc,phases      ] GC(179) Marking Phase 30.148ms
[118.019s][info][gc,phases,start] GC(179) Summary Phase
[118.019s][info][gc,phases      ] GC(179) Summary Phase 0.063ms
[118.019s][info][gc,phases,start] GC(179) Adjust Roots
[118.019s][info][gc,phases      ] GC(179) Adjust Roots 0.553ms
[118.019s][info][gc,phases,start] GC(179) Compaction Phase
[118.150s][info][gc,phases      ] GC(179) Compaction Phase 130.929ms
[118.150s][info][gc,phases,start] GC(179) Post Compact
[118.158s][info][gc,phases      ] GC(179) Post Compact 7.601ms
[118.158s][info][gc,heap        ] GC(179) PSYoungGen: 1048576K(1223168K)->72984K(1223168K) Eden: 1048576K(1048576K)->72984K(1048576K) From: 0K(174592K)->0K(174592K)
[118.158s][info][gc,heap        ] GC(179) ParOldGen: 2796508K(2796544K)->2796479K(2796544K)
[118.158s][info][gc,metaspace   ] GC(179) Metaspace: 10564K(10816K)->10564K(10816K) NonClass: 9530K(9664K)->9530K(9664K) Class: 1034K(1152K)->1034K(1152K)
[118.158s][info][gc             ] GC(179) Pause Full (Ergonomics) 3754M->2802M(3925M) 169.626ms
[118.158s][info][gc,cpu         ] GC(179) User=1.31s Sys=0.00s Real=0.17s
[118.633s][info][gc,start       ] GC(180) Pause Full (Ergonomics)
[118.633s][info][gc,phases,start] GC(180) Marking Phase
[118.665s][info][gc,phases      ] GC(180) Marking Phase 31.933ms
[118.665s][info][gc,phases,start] GC(180) Summary Phase
[118.665s][info][gc,phases      ] GC(180) Summary Phase 0.083ms
[118.665s][info][gc,phases,start] GC(180) Adjust Roots
[118.665s][info][gc,phases      ] GC(180) Adjust Roots 0.402ms
[118.665s][info][gc,phases,start] GC(180) Compaction Phase
[118.797s][info][gc,phases      ] GC(180) Compaction Phase 131.607ms
[118.797s][info][gc,phases,start] GC(180) Post Compact
[118.810s][info][gc,phases      ] GC(180) Post Compact 13.284ms
[118.810s][info][gc,heap        ] GC(180) PSYoungGen: 1048576K(1223168K)->72968K(1223168K) Eden: 1048576K(1048576K)->72968K(1048576K) From: 0K(174592K)->0K(174592K)
[118.810s][info][gc,heap        ] GC(180) ParOldGen: 2796479K(2796544K)->2796491K(2796544K)
[118.810s][info][gc,metaspace   ] GC(180) Metaspace: 10564K(10816K)->10564K(10816K) NonClass: 9530K(9664K)->9530K(9664K) Class: 1034K(1152K)->1034K(1152K)
[118.810s][info][gc             ] GC(180) Pause Full (Ergonomics) 3754M->2802M(3925M) 177.653ms
[118.810s][info][gc,cpu         ] GC(180) User=1.32s Sys=0.00s Real=0.18s
[119.274s][info][gc,start       ] GC(181) Pause Full (Ergonomics)
[119.274s][info][gc,phases,start] GC(181) Marking Phase
[119.306s][info][gc,phases      ] GC(181) Marking Phase 31.025ms
[119.306s][info][gc,phases,start] GC(181) Summary Phase
[119.306s][info][gc,phases      ] GC(181) Summary Phase 0.064ms
[119.306s][info][gc,phases,start] GC(181) Adjust Roots
[119.306s][info][gc,phases      ] GC(181) Adjust Roots 0.401ms
[119.306s][info][gc,phases,start] GC(181) Compaction Phase
[119.437s][info][gc,phases      ] GC(181) Compaction Phase 130.657ms
[119.437s][info][gc,phases,start] GC(181) Post Compact
[119.445s][info][gc,phases      ] GC(181) Post Compact 8.138ms
[119.445s][info][gc,heap        ] GC(181) PSYoungGen: 1048576K(1223168K)->72980K(1223168K) Eden: 1048576K(1048576K)->72980K(1048576K) From: 0K(174592K)->0K(174592K)
[119.445s][info][gc,heap        ] GC(181) ParOldGen: 2796491K(2796544K)->2796479K(2796544K)
[119.445s][info][gc,metaspace   ] GC(181) Metaspace: 10564K(10816K)->10564K(10816K) NonClass: 9530K(9664K)->9530K(9664K) Class: 1034K(1152K)->1034K(1152K)
[119.445s][info][gc             ] GC(181) Pause Full (Ergonomics) 3754M->2802M(3925M) 170.615ms
[119.445s][info][gc,cpu         ] GC(181) User=1.31s Sys=0.00s Real=0.17s
[119.917s][info][gc,start       ] GC(182) Pause Full (Ergonomics)
[119.917s][info][gc,phases,start] GC(182) Marking Phase
[119.948s][info][gc,phases      ] GC(182) Marking Phase 30.836ms
[119.948s][info][gc,phases,start] GC(182) Summary Phase
[119.948s][info][gc,phases      ] GC(182) Summary Phase 0.065ms
[119.948s][info][gc,phases,start] GC(182) Adjust Roots
[119.949s][info][gc,phases      ] GC(182) Adjust Roots 0.558ms
[119.949s][info][gc,phases,start] GC(182) Compaction Phase
[120.080s][info][gc,phases      ] GC(182) Compaction Phase 131.326ms
[120.080s][info][gc,phases,start] GC(182) Post Compact
[120.091s][info][gc,phases      ] GC(182) Post Compact 10.145ms
[120.091s][info][gc,heap        ] GC(182) PSYoungGen: 1048576K(1223168K)->72940K(1223168K) Eden: 1048576K(1048576K)->72940K(1048576K) From: 0K(174592K)->0K(174592K)
[120.091s][info][gc,heap        ] GC(182) ParOldGen: 2796479K(2796544K)->2796520K(2796544K)
[120.091s][info][gc,metaspace   ] GC(182) Metaspace: 10564K(10816K)->10564K(10816K) NonClass: 9530K(9664K)->9530K(9664K) Class: 1034K(1152K)->1034K(1152K)
[120.091s][info][gc             ] GC(182) Pause Full (Ergonomics) 3754M->2802M(3925M) 173.272ms
[120.091s][info][gc,cpu         ] GC(182) User=1.31s Sys=0.00s Real=0.17s
[120.558s][info][gc,start       ] GC(183) Pause Full (Ergonomics)
[120.558s][info][gc,phases,start] GC(183) Marking Phase
[120.588s][info][gc,phases      ] GC(183) Marking Phase 30.000ms
[120.588s][info][gc,phases,start] GC(183) Summary Phase
[120.588s][info][gc,phases      ] GC(183) Summary Phase 0.063ms
[120.588s][info][gc,phases,start] GC(183) Adjust Roots
[120.589s][info][gc,phases      ] GC(183) Adjust Roots 0.583ms
[120.589s][info][gc,phases,start] GC(183) Compaction Phase
[120.792s][info][gc,phases      ] GC(183) Compaction Phase 203.451ms
[120.792s][info][gc,phases,start] GC(183) Post Compact
[120.798s][info][gc,phases      ] GC(183) Post Compact 6.077ms
[120.798s][info][gc,heap        ] GC(183) PSYoungGen: 1048576K(1223168K)->73025K(1223168K) Eden: 1048576K(1048576K)->73025K(1048576K) From: 0K(174592K)->0K(174592K)
[120.798s][info][gc,heap        ] GC(183) ParOldGen: 2796520K(2796544K)->2796435K(2796544K)
[120.798s][info][gc,metaspace   ] GC(183) Metaspace: 10566K(10816K)->10566K(10816K) NonClass: 9531K(9664K)->9531K(9664K) Class: 1034K(1152K)->1034K(1152K)
[120.798s][info][gc             ] GC(183) Pause Full (Ergonomics) 3754M->2802M(3925M) 240.489ms
[120.798s][info][gc,cpu         ] GC(183) User=1.31s Sys=0.00s Real=0.24s
[121.277s][info][gc,start       ] GC(184) Pause Full (Ergonomics)
[121.277s][info][gc,phases,start] GC(184) Marking Phase
[121.310s][info][gc,phases      ] GC(184) Marking Phase 32.843ms
[121.310s][info][gc,phases,start] GC(184) Summary Phase
[121.310s][info][gc,phases      ] GC(184) Summary Phase 0.060ms
[121.310s][info][gc,phases,start] GC(184) Adjust Roots
[121.311s][info][gc,phases      ] GC(184) Adjust Roots 0.543ms
[121.311s][info][gc,phases,start] GC(184) Compaction Phase
[121.442s][info][gc,phases      ] GC(184) Compaction Phase 131.258ms
[121.442s][info][gc,phases,start] GC(184) Post Compact
[121.451s][info][gc,phases      ] GC(184) Post Compact 8.942ms
[121.451s][info][gc,heap        ] GC(184) PSYoungGen: 1048576K(1223168K)->72964K(1223168K) Eden: 1048576K(1048576K)->72964K(1048576K) From: 0K(174592K)->0K(174592K)
[121.451s][info][gc,heap        ] GC(184) ParOldGen: 2796435K(2796544K)->2796496K(2796544K)
[121.451s][info][gc,metaspace   ] GC(184) Metaspace: 10566K(10816K)->10566K(10816K) NonClass: 9531K(9664K)->9531K(9664K) Class: 1034K(1152K)->1034K(1152K)
[121.451s][info][gc             ] GC(184) Pause Full (Ergonomics) 3754M->2802M(3925M) 173.971ms
[121.451s][info][gc,cpu         ] GC(184) User=1.31s Sys=0.00s Real=0.17s
[121.923s][info][gc,start       ] GC(185) Pause Full (Ergonomics)
[121.924s][info][gc,phases,start] GC(185) Marking Phase
[121.955s][info][gc,phases      ] GC(185) Marking Phase 31.857ms
[121.955s][info][gc,phases,start] GC(185) Summary Phase
[121.955s][info][gc,phases      ] GC(185) Summary Phase 0.064ms
[121.956s][info][gc,phases,start] GC(185) Adjust Roots
[121.956s][info][gc,phases      ] GC(185) Adjust Roots 0.430ms
[121.956s][info][gc,phases,start] GC(185) Compaction Phase
[122.086s][info][gc,phases      ] GC(185) Compaction Phase 129.998ms
[122.086s][info][gc,phases,start] GC(185) Post Compact
[122.095s][info][gc,phases      ] GC(185) Post Compact 9.190ms
[122.095s][info][gc,heap        ] GC(185) PSYoungGen: 1048576K(1223168K)->72968K(1223168K) Eden: 1048576K(1048576K)->72968K(1048576K) From: 0K(174592K)->0K(174592K)
[122.095s][info][gc,heap        ] GC(185) ParOldGen: 2796496K(2796544K)->2796492K(2796544K)
[122.095s][info][gc,metaspace   ] GC(185) Metaspace: 10566K(10816K)->10566K(10816K) NonClass: 9531K(9664K)->9531K(9664K) Class: 1034K(1152K)->1034K(1152K)
[122.095s][info][gc             ] GC(185) Pause Full (Ergonomics) 3754M->2802M(3925M) 171.870ms
[122.095s][info][gc,cpu         ] GC(185) User=1.32s Sys=0.00s Real=0.17s
[122.564s][info][gc,start       ] GC(186) Pause Full (Ergonomics)
[122.564s][info][gc,phases,start] GC(186) Marking Phase
[122.593s][info][gc,phases      ] GC(186) Marking Phase 29.470ms
[122.593s][info][gc,phases,start] GC(186) Summary Phase
[122.593s][info][gc,phases      ] GC(186) Summary Phase 0.064ms
[122.593s][info][gc,phases,start] GC(186) Adjust Roots
[122.594s][info][gc,phases      ] GC(186) Adjust Roots 0.421ms
[122.594s][info][gc,phases,start] GC(186) Compaction Phase
[122.725s][info][gc,phases      ] GC(186) Compaction Phase 130.927ms
[122.725s][info][gc,phases,start] GC(186) Post Compact
[122.736s][info][gc,phases      ] GC(186) Post Compact 11.406ms
[122.736s][info][gc,heap        ] GC(186) PSYoungGen: 1048576K(1223168K)->72988K(1223168K) Eden: 1048576K(1048576K)->72988K(1048576K) From: 0K(174592K)->0K(174592K)
[122.736s][info][gc,heap        ] GC(186) ParOldGen: 2796492K(2796544K)->2796472K(2796544K)
[122.736s][info][gc,metaspace   ] GC(186) Metaspace: 10566K(10816K)->10566K(10816K) NonClass: 9531K(9664K)->9531K(9664K) Class: 1034K(1152K)->1034K(1152K)
[122.736s][info][gc             ] GC(186) Pause Full (Ergonomics) 3754M->2802M(3925M) 172.653ms
[122.736s][info][gc,cpu         ] GC(186) User=1.30s Sys=0.00s Real=0.17s
[123.207s][info][gc,start       ] GC(187) Pause Full (Ergonomics)
[123.207s][info][gc,phases,start] GC(187) Marking Phase
[123.238s][info][gc,phases      ] GC(187) Marking Phase 30.908ms
[123.238s][info][gc,phases,start] GC(187) Summary Phase
[123.238s][info][gc,phases      ] GC(187) Summary Phase 0.063ms
[123.238s][info][gc,phases,start] GC(187) Adjust Roots
[123.238s][info][gc,phases      ] GC(187) Adjust Roots 0.570ms
[123.238s][info][gc,phases,start] GC(187) Compaction Phase
[123.369s][info][gc,phases      ] GC(187) Compaction Phase 130.416ms
[123.369s][info][gc,phases,start] GC(187) Post Compact
[123.381s][info][gc,phases      ] GC(187) Post Compact 11.658ms
[123.381s][info][gc,heap        ] GC(187) PSYoungGen: 1048576K(1223168K)->72976K(1223168K) Eden: 1048576K(1048576K)->72976K(1048576K) From: 0K(174592K)->0K(174592K)
[123.381s][info][gc,heap        ] GC(187) ParOldGen: 2796472K(2796544K)->2796484K(2796544K)
[123.381s][info][gc,metaspace   ] GC(187) Metaspace: 10566K(10816K)->10566K(10816K) NonClass: 9531K(9664K)->9531K(9664K) Class: 1034K(1152K)->1034K(1152K)
[123.381s][info][gc             ] GC(187) Pause Full (Ergonomics) 3754M->2802M(3925M) 173.953ms
[123.381s][info][gc,cpu         ] GC(187) User=1.31s Sys=0.01s Real=0.17s
[123.844s][info][gc,start       ] GC(188) Pause Full (Ergonomics)
[123.844s][info][gc,phases,start] GC(188) Marking Phase
[123.874s][info][gc,phases      ] GC(188) Marking Phase 30.078ms
[123.874s][info][gc,phases,start] GC(188) Summary Phase
[123.874s][info][gc,phases      ] GC(188) Summary Phase 0.064ms
[123.874s][info][gc,phases,start] GC(188) Adjust Roots
[123.874s][info][gc,phases      ] GC(188) Adjust Roots 0.402ms
[123.874s][info][gc,phases,start] GC(188) Compaction Phase
[124.006s][info][gc,phases      ] GC(188) Compaction Phase 131.149ms
[124.006s][info][gc,phases,start] GC(188) Post Compact
[124.015s][info][gc,phases      ] GC(188) Post Compact 9.085ms
[124.015s][info][gc,heap        ] GC(188) PSYoungGen: 1048576K(1223168K)->72952K(1223168K) Eden: 1048576K(1048576K)->72952K(1048576K) From: 0K(174592K)->0K(174592K)
[124.015s][info][gc,heap        ] GC(188) ParOldGen: 2796484K(2796544K)->2796508K(2796544K)
[124.015s][info][gc,metaspace   ] GC(188) Metaspace: 10566K(10816K)->10566K(10816K) NonClass: 9531K(9664K)->9531K(9664K) Class: 1034K(1152K)->1034K(1152K)
[124.015s][info][gc             ] GC(188) Pause Full (Ergonomics) 3754M->2802M(3925M) 171.101ms
[124.015s][info][gc,cpu         ] GC(188) User=1.31s Sys=0.00s Real=0.17s
[124.482s][info][gc,start       ] GC(189) Pause Full (Ergonomics)
[124.482s][info][gc,phases,start] GC(189) Marking Phase
[124.512s][info][gc,phases      ] GC(189) Marking Phase 30.434ms
[124.512s][info][gc,phases,start] GC(189) Summary Phase
[124.512s][info][gc,phases      ] GC(189) Summary Phase 0.064ms
[124.512s][info][gc,phases,start] GC(189) Adjust Roots
[124.513s][info][gc,phases      ] GC(189) Adjust Roots 0.402ms
[124.513s][info][gc,phases,start] GC(189) Compaction Phase
[124.644s][info][gc,phases      ] GC(189) Compaction Phase 130.656ms
[124.644s][info][gc,phases,start] GC(189) Post Compact
[124.655s][info][gc,phases      ] GC(189) Post Compact 11.854ms
[124.656s][info][gc,heap        ] GC(189) PSYoungGen: 1048576K(1223168K)->72988K(1223168K) Eden: 1048576K(1048576K)->72988K(1048576K) From: 0K(174592K)->0K(174592K)
[124.656s][info][gc,heap        ] GC(189) ParOldGen: 2796508K(2796544K)->2796471K(2796544K)
[124.656s][info][gc,metaspace   ] GC(189) Metaspace: 10566K(10816K)->10566K(10816K) NonClass: 9531K(9664K)->9531K(9664K) Class: 1034K(1152K)->1034K(1152K)
[124.656s][info][gc             ] GC(189) Pause Full (Ergonomics) 3754M->2802M(3925M) 173.747ms
[124.656s][info][gc,cpu         ] GC(189) User=1.31s Sys=0.00s Real=0.17s
[125.125s][info][gc,start       ] GC(190) Pause Full (Ergonomics)
[125.125s][info][gc,phases,start] GC(190) Marking Phase
[125.155s][info][gc,phases      ] GC(190) Marking Phase 30.476ms
[125.155s][info][gc,phases,start] GC(190) Summary Phase
[125.155s][info][gc,phases      ] GC(190) Summary Phase 0.064ms
[125.155s][info][gc,phases,start] GC(190) Adjust Roots
[125.156s][info][gc,phases      ] GC(190) Adjust Roots 0.400ms
[125.156s][info][gc,phases,start] GC(190) Compaction Phase
[125.287s][info][gc,phases      ] GC(190) Compaction Phase 131.489ms
[125.287s][info][gc,phases,start] GC(190) Post Compact
[125.299s][info][gc,phases      ] GC(190) Post Compact 11.578ms
[125.299s][info][gc,heap        ] GC(190) PSYoungGen: 1048576K(1223168K)->72976K(1223168K) Eden: 1048576K(1048576K)->72976K(1048576K) From: 0K(174592K)->0K(174592K)
[125.299s][info][gc,heap        ] GC(190) ParOldGen: 2796471K(2796544K)->2796484K(2796544K)
[125.299s][info][gc,metaspace   ] GC(190) Metaspace: 10566K(10816K)->10566K(10816K) NonClass: 9531K(9664K)->9531K(9664K) Class: 1034K(1152K)->1034K(1152K)
[125.299s][info][gc             ] GC(190) Pause Full (Ergonomics) 3754M->2802M(3925M) 174.344ms
[125.299s][info][gc,cpu         ] GC(190) User=1.31s Sys=0.00s Real=0.17s
[125.763s][info][gc,start       ] GC(191) Pause Full (Ergonomics)
[125.763s][info][gc,phases,start] GC(191) Marking Phase
[125.793s][info][gc,phases      ] GC(191) Marking Phase 30.006ms
[125.793s][info][gc,phases,start] GC(191) Summary Phase
[125.793s][info][gc,phases      ] GC(191) Summary Phase 0.083ms
[125.794s][info][gc,phases,start] GC(191) Adjust Roots
[125.794s][info][gc,phases      ] GC(191) Adjust Roots 0.402ms
[125.794s][info][gc,phases,start] GC(191) Compaction Phase
[125.926s][info][gc,phases      ] GC(191) Compaction Phase 131.668ms
[125.926s][info][gc,phases,start] GC(191) Post Compact
[125.933s][info][gc,phases      ] GC(191) Post Compact 6.968ms
[125.933s][info][gc,heap        ] GC(191) PSYoungGen: 1048576K(1223168K)->72944K(1223168K) Eden: 1048576K(1048576K)->72944K(1048576K) From: 0K(174592K)->0K(174592K)
[125.933s][info][gc,heap        ] GC(191) ParOldGen: 2796484K(2796544K)->2796516K(2796544K)
[125.933s][info][gc,metaspace   ] GC(191) Metaspace: 10566K(10816K)->10566K(10816K) NonClass: 9531K(9664K)->9531K(9664K) Class: 1034K(1152K)->1034K(1152K)
[125.933s][info][gc             ] GC(191) Pause Full (Ergonomics) 3754M->2802M(3925M) 169.456ms
[125.933s][info][gc,cpu         ] GC(191) User=1.32s Sys=0.00s Real=0.16s
[126.418s][info][gc,start       ] GC(192) Pause Full (Ergonomics)
[126.418s][info][gc,phases,start] GC(192) Marking Phase
[126.448s][info][gc,phases      ] GC(192) Marking Phase 29.938ms
[126.448s][info][gc,phases,start] GC(192) Summary Phase
[126.448s][info][gc,phases      ] GC(192) Summary Phase 0.063ms
[126.448s][info][gc,phases,start] GC(192) Adjust Roots
[126.448s][info][gc,phases      ] GC(192) Adjust Roots 0.560ms
[126.448s][info][gc,phases,start] GC(192) Compaction Phase
[126.579s][info][gc,phases      ] GC(192) Compaction Phase 130.604ms
[126.579s][info][gc,phases,start] GC(192) Post Compact
[126.590s][info][gc,phases      ] GC(192) Post Compact 10.803ms
[126.590s][info][gc,heap        ] GC(192) PSYoungGen: 1048576K(1223168K)->72927K(1223168K) Eden: 1048576K(1048576K)->72927K(1048576K) From: 0K(174592K)->0K(174592K)
[126.590s][info][gc,heap        ] GC(192) ParOldGen: 2796516K(2796544K)->2796533K(2796544K)
[126.590s][info][gc,metaspace   ] GC(192) Metaspace: 10566K(10816K)->10566K(10816K) NonClass: 9531K(9664K)->9531K(9664K) Class: 1034K(1152K)->1034K(1152K)
[126.590s][info][gc             ] GC(192) Pause Full (Ergonomics) 3754M->2802M(3925M) 172.312ms
[126.590s][info][gc,cpu         ] GC(192) User=1.32s Sys=0.00s Real=0.17s
[127.057s][info][gc,start       ] GC(193) Pause Full (Ergonomics)
[127.057s][info][gc,phases,start] GC(193) Marking Phase
[127.086s][info][gc,phases      ] GC(193) Marking Phase 29.366ms
[127.086s][info][gc,phases,start] GC(193) Summary Phase
[127.086s][info][gc,phases      ] GC(193) Summary Phase 0.064ms
[127.086s][info][gc,phases,start] GC(193) Adjust Roots
[127.087s][info][gc,phases      ] GC(193) Adjust Roots 0.591ms
[127.087s][info][gc,phases,start] GC(193) Compaction Phase
[127.224s][info][gc,phases      ] GC(193) Compaction Phase 136.990ms
[127.224s][info][gc,phases,start] GC(193) Post Compact
[127.232s][info][gc,phases      ] GC(193) Post Compact 7.516ms
[127.232s][info][gc,heap        ] GC(193) PSYoungGen: 1048576K(1223168K)->72952K(1223168K) Eden: 1048576K(1048576K)->72952K(1048576K) From: 0K(174592K)->0K(174592K)
[127.232s][info][gc,heap        ] GC(193) ParOldGen: 2796533K(2796544K)->2796508K(2796544K)
[127.232s][info][gc,metaspace   ] GC(193) Metaspace: 10566K(10816K)->10566K(10816K) NonClass: 9531K(9664K)->9531K(9664K) Class: 1034K(1152K)->1034K(1152K)
[127.232s][info][gc             ] GC(193) Pause Full (Ergonomics) 3754M->2802M(3925M) 174.900ms
[127.232s][info][gc,cpu         ] GC(193) User=1.31s Sys=0.00s Real=0.17s
[127.702s][info][gc,start       ] GC(194) Pause Full (Ergonomics)
[127.702s][info][gc,phases,start] GC(194) Marking Phase
[127.732s][info][gc,phases      ] GC(194) Marking Phase 29.772ms
[127.732s][info][gc,phases,start] GC(194) Summary Phase
[127.732s][info][gc,phases      ] GC(194) Summary Phase 0.064ms
[127.732s][info][gc,phases,start] GC(194) Adjust Roots
[127.732s][info][gc,phases      ] GC(194) Adjust Roots 0.552ms
[127.732s][info][gc,phases,start] GC(194) Compaction Phase
[127.864s][info][gc,phases      ] GC(194) Compaction Phase 131.114ms
[127.864s][info][gc,phases,start] GC(194) Post Compact
[127.875s][info][gc,phases      ] GC(194) Post Compact 11.672ms
[127.875s][info][gc,heap        ] GC(194) PSYoungGen: 1048576K(1223168K)->72972K(1223168K) Eden: 1048576K(1048576K)->72972K(1048576K) From: 0K(174592K)->0K(174592K)
[127.875s][info][gc,heap        ] GC(194) ParOldGen: 2796508K(2796544K)->2796488K(2796544K)
[127.875s][info][gc,metaspace   ] GC(194) Metaspace: 10566K(10816K)->10566K(10816K) NonClass: 9531K(9664K)->9531K(9664K) Class: 1034K(1152K)->1034K(1152K)
[127.875s][info][gc             ] GC(194) Pause Full (Ergonomics) 3754M->2802M(3925M) 173.514ms
[127.875s][info][gc,cpu         ] GC(194) User=1.31s Sys=0.00s Real=0.17s
[128.340s][info][gc,start       ] GC(195) Pause Full (Ergonomics)
[128.340s][info][gc,phases,start] GC(195) Marking Phase
[128.371s][info][gc,phases      ] GC(195) Marking Phase 30.656ms
[128.371s][info][gc,phases,start] GC(195) Summary Phase
[128.371s][info][gc,phases      ] GC(195) Summary Phase 0.064ms
[128.371s][info][gc,phases,start] GC(195) Adjust Roots
[128.372s][info][gc,phases      ] GC(195) Adjust Roots 0.546ms
[128.372s][info][gc,phases,start] GC(195) Compaction Phase
[128.503s][info][gc,phases      ] GC(195) Compaction Phase 131.561ms
[128.503s][info][gc,phases,start] GC(195) Post Compact
[128.515s][info][gc,phases      ] GC(195) Post Compact 11.366ms
[128.515s][info][gc,heap        ] GC(195) PSYoungGen: 1048576K(1223168K)->72976K(1223168K) Eden: 1048576K(1048576K)->72976K(1048576K) From: 0K(174592K)->0K(174592K)
[128.515s][info][gc,heap        ] GC(195) ParOldGen: 2796488K(2796544K)->2796484K(2796544K)
[128.515s][info][gc,metaspace   ] GC(195) Metaspace: 10566K(10816K)->10566K(10816K) NonClass: 9531K(9664K)->9531K(9664K) Class: 1034K(1152K)->1034K(1152K)
[128.515s][info][gc             ] GC(195) Pause Full (Ergonomics) 3754M->2802M(3925M) 174.533ms
[128.515s][info][gc,cpu         ] GC(195) User=1.31s Sys=0.00s Real=0.18s
[128.990s][info][gc,start       ] GC(196) Pause Full (Ergonomics)
[128.990s][info][gc,phases,start] GC(196) Marking Phase
[129.020s][info][gc,phases      ] GC(196) Marking Phase 30.026ms
[129.020s][info][gc,phases,start] GC(196) Summary Phase
[129.020s][info][gc,phases      ] GC(196) Summary Phase 0.064ms
[129.020s][info][gc,phases,start] GC(196) Adjust Roots
[129.021s][info][gc,phases      ] GC(196) Adjust Roots 0.564ms
[129.021s][info][gc,phases,start] GC(196) Compaction Phase
[129.152s][info][gc,phases      ] GC(196) Compaction Phase 131.529ms
[129.152s][info][gc,phases,start] GC(196) Post Compact
[129.162s][info][gc,phases      ] GC(196) Post Compact 9.848ms
[129.162s][info][gc,heap        ] GC(196) PSYoungGen: 1048576K(1223168K)->72968K(1223168K) Eden: 1048576K(1048576K)->72968K(1048576K) From: 0K(174592K)->0K(174592K)
[129.162s][info][gc,heap        ] GC(196) ParOldGen: 2796484K(2796544K)->2796492K(2796544K)
[129.162s][info][gc,metaspace   ] GC(196) Metaspace: 10566K(10816K)->10566K(10816K) NonClass: 9531K(9664K)->9531K(9664K) Class: 1034K(1152K)->1034K(1152K)
[129.162s][info][gc             ] GC(196) Pause Full (Ergonomics) 3754M->2802M(3925M) 172.391ms
[129.162s][info][gc,cpu         ] GC(196) User=1.31s Sys=0.00s Real=0.18s
[129.628s][info][gc,start       ] GC(197) Pause Full (Ergonomics)
[129.628s][info][gc,phases,start] GC(197) Marking Phase
[129.659s][info][gc,phases      ] GC(197) Marking Phase 30.571ms
[129.659s][info][gc,phases,start] GC(197) Summary Phase
[129.659s][info][gc,phases      ] GC(197) Summary Phase 0.063ms
[129.659s][info][gc,phases,start] GC(197) Adjust Roots
[129.659s][info][gc,phases      ] GC(197) Adjust Roots 0.401ms
[129.659s][info][gc,phases,start] GC(197) Compaction Phase
[129.791s][info][gc,phases      ] GC(197) Compaction Phase 131.799ms
[129.791s][info][gc,phases,start] GC(197) Post Compact
[129.799s][info][gc,phases      ] GC(197) Post Compact 8.186ms
[129.800s][info][gc,heap        ] GC(197) PSYoungGen: 1048576K(1223168K)->73001K(1223168K) Eden: 1048576K(1048576K)->73001K(1048576K) From: 0K(174592K)->0K(174592K)
[129.800s][info][gc,heap        ] GC(197) ParOldGen: 2796492K(2796544K)->2796459K(2796544K)
[129.800s][info][gc,metaspace   ] GC(197) Metaspace: 10566K(10816K)->10566K(10816K) NonClass: 9531K(9664K)->9531K(9664K) Class: 1034K(1152K)->1034K(1152K)
[129.800s][info][gc             ] GC(197) Pause Full (Ergonomics) 3754M->2802M(3925M) 171.375ms
[129.800s][info][gc,cpu         ] GC(197) User=1.31s Sys=0.00s Real=0.17s
[130.271s][info][gc,start       ] GC(198) Pause Full (Ergonomics)
[130.271s][info][gc,phases,start] GC(198) Marking Phase
[130.304s][info][gc,phases      ] GC(198) Marking Phase 33.123ms
[130.304s][info][gc,phases,start] GC(198) Summary Phase
[130.304s][info][gc,phases      ] GC(198) Summary Phase 0.063ms
[130.304s][info][gc,phases,start] GC(198) Adjust Roots
[130.305s][info][gc,phases      ] GC(198) Adjust Roots 0.565ms
[130.305s][info][gc,phases,start] GC(198) Compaction Phase
[130.436s][info][gc,phases      ] GC(198) Compaction Phase 131.590ms
[130.436s][info][gc,phases,start] GC(198) Post Compact
[130.447s][info][gc,phases      ] GC(198) Post Compact 10.310ms
[130.447s][info][gc,heap        ] GC(198) PSYoungGen: 1048576K(1223168K)->72964K(1223168K) Eden: 1048576K(1048576K)->72964K(1048576K) From: 0K(174592K)->0K(174592K)
[130.447s][info][gc,heap        ] GC(198) ParOldGen: 2796459K(2796544K)->2796496K(2796544K)
[130.447s][info][gc,metaspace   ] GC(198) Metaspace: 10566K(10816K)->10566K(10816K) NonClass: 9531K(9664K)->9531K(9664K) Class: 1034K(1152K)->1034K(1152K)
[130.447s][info][gc             ] GC(198) Pause Full (Ergonomics) 3754M->2802M(3925M) 176.014ms
[130.447s][info][gc,cpu         ] GC(198) User=1.32s Sys=0.00s Real=0.18s
[130.916s][info][gc,start       ] GC(199) Pause Full (Ergonomics)
[130.916s][info][gc,phases,start] GC(199) Marking Phase
[130.947s][info][gc,phases      ] GC(199) Marking Phase 31.050ms
[130.947s][info][gc,phases,start] GC(199) Summary Phase
[130.947s][info][gc,phases      ] GC(199) Summary Phase 0.064ms
[130.947s][info][gc,phases,start] GC(199) Adjust Roots
[130.948s][info][gc,phases      ] GC(199) Adjust Roots 0.400ms
[130.948s][info][gc,phases,start] GC(199) Compaction Phase
[131.079s][info][gc,phases      ] GC(199) Compaction Phase 131.424ms
[131.079s][info][gc,phases,start] GC(199) Post Compact
[131.090s][info][gc,phases      ] GC(199) Post Compact 10.995ms
[131.090s][info][gc,heap        ] GC(199) PSYoungGen: 1048576K(1223168K)->72984K(1223168K) Eden: 1048576K(1048576K)->72984K(1048576K) From: 0K(174592K)->0K(174592K)
[131.090s][info][gc,heap        ] GC(199) ParOldGen: 2796496K(2796544K)->2796476K(2796544K)
[131.090s][info][gc,metaspace   ] GC(199) Metaspace: 10566K(10816K)->10566K(10816K) NonClass: 9531K(9664K)->9531K(9664K) Class: 1034K(1152K)->1034K(1152K)
[131.090s][info][gc             ] GC(199) Pause Full (Ergonomics) 3754M->2802M(3925M) 174.320ms
[131.091s][info][gc,cpu         ] GC(199) User=1.32s Sys=0.00s Real=0.17s
[131.554s][info][gc,start       ] GC(200) Pause Full (Ergonomics)
[131.554s][info][gc,phases,start] GC(200) Marking Phase
[131.584s][info][gc,phases      ] GC(200) Marking Phase 30.183ms
[131.584s][info][gc,phases,start] GC(200) Summary Phase
[131.584s][info][gc,phases      ] GC(200) Summary Phase 0.064ms
[131.584s][info][gc,phases,start] GC(200) Adjust Roots
[131.585s][info][gc,phases      ] GC(200) Adjust Roots 0.549ms
[131.585s][info][gc,phases,start] GC(200) Compaction Phase
[131.716s][info][gc,phases      ] GC(200) Compaction Phase 130.905ms
[131.716s][info][gc,phases,start] GC(200) Post Compact
[131.725s][info][gc,phases      ] GC(200) Post Compact 9.024ms
[131.725s][info][gc,heap        ] GC(200) PSYoungGen: 1048576K(1223168K)->72944K(1223168K) Eden: 1048576K(1048576K)->72944K(1048576K) From: 0K(174592K)->0K(174592K)
[131.725s][info][gc,heap        ] GC(200) ParOldGen: 2796476K(2796544K)->2796516K(2796544K)
[131.725s][info][gc,metaspace   ] GC(200) Metaspace: 10566K(10816K)->10566K(10816K) NonClass: 9531K(9664K)->9531K(9664K) Class: 1034K(1152K)->1034K(1152K)
[131.725s][info][gc             ] GC(200) Pause Full (Ergonomics) 3754M->2802M(3925M) 171.055ms
[131.725s][info][gc,cpu         ] GC(200) User=1.31s Sys=0.01s Real=0.17s
[132.192s][info][gc,start       ] GC(201) Pause Full (Ergonomics)
[132.192s][info][gc,phases,start] GC(201) Marking Phase
[132.222s][info][gc,phases      ] GC(201) Marking Phase 29.979ms
[132.222s][info][gc,phases,start] GC(201) Summary Phase
[132.222s][info][gc,phases      ] GC(201) Summary Phase 0.064ms
[132.222s][info][gc,phases,start] GC(201) Adjust Roots
[132.222s][info][gc,phases      ] GC(201) Adjust Roots 0.551ms
[132.222s][info][gc,phases,start] GC(201) Compaction Phase
[132.354s][info][gc,phases      ] GC(201) Compaction Phase 131.197ms
[132.354s][info][gc,phases,start] GC(201) Post Compact
[132.361s][info][gc,phases      ] GC(201) Post Compact 7.478ms
[132.361s][info][gc,heap        ] GC(201) PSYoungGen: 1048576K(1223168K)->72988K(1223168K) Eden: 1048576K(1048576K)->72988K(1048576K) From: 0K(174592K)->0K(174592K)
[132.361s][info][gc,heap        ] GC(201) ParOldGen: 2796516K(2796544K)->2796472K(2796544K)
[132.361s][info][gc,metaspace   ] GC(201) Metaspace: 10566K(10816K)->10566K(10816K) NonClass: 9531K(9664K)->9531K(9664K) Class: 1034K(1152K)->1034K(1152K)
[132.361s][info][gc             ] GC(201) Pause Full (Ergonomics) 3754M->2802M(3925M) 169.609ms
[132.361s][info][gc,cpu         ] GC(201) User=1.31s Sys=0.00s Real=0.17s
[132.833s][info][gc,start       ] GC(202) Pause Full (Ergonomics)
[132.833s][info][gc,phases,start] GC(202) Marking Phase
[132.866s][info][gc,phases      ] GC(202) Marking Phase 32.828ms
[132.866s][info][gc,phases,start] GC(202) Summary Phase
[132.866s][info][gc,phases      ] GC(202) Summary Phase 0.065ms
[132.866s][info][gc,phases,start] GC(202) Adjust Roots
[132.866s][info][gc,phases      ] GC(202) Adjust Roots 0.557ms
[132.866s][info][gc,phases,start] GC(202) Compaction Phase
[132.998s][info][gc,phases      ] GC(202) Compaction Phase 132.047ms
[132.998s][info][gc,phases,start] GC(202) Post Compact
[133.005s][info][gc,phases      ] GC(202) Post Compact 7.111ms
[133.006s][info][gc,heap        ] GC(202) PSYoungGen: 1048576K(1223168K)->72952K(1223168K) Eden: 1048576K(1048576K)->72952K(1048576K) From: 0K(174592K)->0K(174592K)
[133.006s][info][gc,heap        ] GC(202) ParOldGen: 2796472K(2796544K)->2796508K(2796544K)
[133.006s][info][gc,metaspace   ] GC(202) Metaspace: 10566K(10816K)->10566K(10816K) NonClass: 9531K(9664K)->9531K(9664K) Class: 1034K(1152K)->1034K(1152K)
[133.006s][info][gc             ] GC(202) Pause Full (Ergonomics) 3754M->2802M(3925M) 172.939ms
[133.006s][info][gc,cpu         ] GC(202) User=1.31s Sys=0.01s Real=0.18s
[133.472s][info][gc,start       ] GC(203) Pause Full (Ergonomics)
[133.473s][info][gc,phases,start] GC(203) Marking Phase
[133.504s][info][gc,phases      ] GC(203) Marking Phase 31.063ms
[133.504s][info][gc,phases,start] GC(203) Summary Phase
[133.504s][info][gc,phases      ] GC(203) Summary Phase 0.065ms
[133.504s][info][gc,phases,start] GC(203) Adjust Roots
[133.504s][info][gc,phases      ] GC(203) Adjust Roots 0.551ms
[133.504s][info][gc,phases,start] GC(203) Compaction Phase
[133.635s][info][gc,phases      ] GC(203) Compaction Phase 131.079ms
[133.635s][info][gc,phases,start] GC(203) Post Compact
[133.644s][info][gc,phases      ] GC(203) Post Compact 8.119ms
[133.644s][info][gc,heap        ] GC(203) PSYoungGen: 1048576K(1223168K)->72964K(1223168K) Eden: 1048576K(1048576K)->72964K(1048576K) From: 0K(174592K)->0K(174592K)
[133.644s][info][gc,heap        ] GC(203) ParOldGen: 2796508K(2796544K)->2796496K(2796544K)
[133.644s][info][gc,metaspace   ] GC(203) Metaspace: 10566K(10816K)->10566K(10816K) NonClass: 9531K(9664K)->9531K(9664K) Class: 1034K(1152K)->1034K(1152K)
[133.644s][info][gc             ] GC(203) Pause Full (Ergonomics) 3754M->2802M(3925M) 171.239ms
[133.644s][info][gc,cpu         ] GC(203) User=1.32s Sys=0.00s Real=0.18s
[134.101s][info][gc,start       ] GC(204) Pause Full (Ergonomics)
[134.101s][info][gc,phases,start] GC(204) Marking Phase
[134.133s][info][gc,phases      ] GC(204) Marking Phase 31.902ms
[134.133s][info][gc,phases,start] GC(204) Summary Phase
[134.133s][info][gc,phases      ] GC(204) Summary Phase 0.065ms
[134.133s][info][gc,phases,start] GC(204) Adjust Roots
[134.134s][info][gc,phases      ] GC(204) Adjust Roots 0.806ms
[134.134s][info][gc,phases,start] GC(204) Compaction Phase
[134.265s][info][gc,phases      ] GC(204) Compaction Phase 131.328ms
[134.265s][info][gc,phases,start] GC(204) Post Compact
[134.274s][info][gc,phases      ] GC(204) Post Compact 9.069ms
[134.274s][info][gc,heap        ] GC(204) PSYoungGen: 1048576K(1223168K)->72976K(1223168K) Eden: 1048576K(1048576K)->72976K(1048576K) From: 0K(174592K)->0K(174592K)
[134.274s][info][gc,heap        ] GC(204) ParOldGen: 2796496K(2796544K)->2796484K(2796544K)
[134.274s][info][gc,metaspace   ] GC(204) Metaspace: 10566K(10816K)->10566K(10816K) NonClass: 9531K(9664K)->9531K(9664K) Class: 1034K(1152K)->1034K(1152K)
[134.274s][info][gc             ] GC(204) Pause Full (Ergonomics) 3754M->2802M(3925M) 173.498ms
[134.274s][info][gc,cpu         ] GC(204) User=1.32s Sys=0.00s Real=0.18s
[134.747s][info][gc,start       ] GC(205) Pause Full (Ergonomics)
[134.748s][info][gc,phases,start] GC(205) Marking Phase
[134.778s][info][gc,phases      ] GC(205) Marking Phase 30.207ms
[134.778s][info][gc,phases,start] GC(205) Summary Phase
[134.778s][info][gc,phases      ] GC(205) Summary Phase 0.064ms
[134.778s][info][gc,phases,start] GC(205) Adjust Roots
[134.778s][info][gc,phases      ] GC(205) Adjust Roots 0.579ms
[134.778s][info][gc,phases,start] GC(205) Compaction Phase
[134.910s][info][gc,phases      ] GC(205) Compaction Phase 131.429ms
[134.910s][info][gc,phases,start] GC(205) Post Compact
[134.919s][info][gc,phases      ] GC(205) Post Compact 9.022ms
[134.919s][info][gc,heap        ] GC(205) PSYoungGen: 1048576K(1223168K)->72960K(1223168K) Eden: 1048576K(1048576K)->72960K(1048576K) From: 0K(174592K)->0K(174592K)
[134.919s][info][gc,heap        ] GC(205) ParOldGen: 2796484K(2796544K)->2796500K(2796544K)
[134.919s][info][gc,metaspace   ] GC(205) Metaspace: 10566K(10816K)->10566K(10816K) NonClass: 9531K(9664K)->9531K(9664K) Class: 1034K(1152K)->1034K(1152K)
[134.919s][info][gc             ] GC(205) Pause Full (Ergonomics) 3754M->2802M(3925M) 171.630ms
[134.919s][info][gc,cpu         ] GC(205) User=1.31s Sys=0.00s Real=0.17s
[135.383s][info][gc,start       ] GC(206) Pause Full (Ergonomics)
[135.383s][info][gc,phases,start] GC(206) Marking Phase
[135.413s][info][gc,phases      ] GC(206) Marking Phase 30.062ms
[135.413s][info][gc,phases,start] GC(206) Summary Phase
[135.413s][info][gc,phases      ] GC(206) Summary Phase 0.065ms
[135.413s][info][gc,phases,start] GC(206) Adjust Roots
[135.414s][info][gc,phases      ] GC(206) Adjust Roots 0.411ms
[135.414s][info][gc,phases,start] GC(206) Compaction Phase
[135.545s][info][gc,phases      ] GC(206) Compaction Phase 131.415ms
[135.545s][info][gc,phases,start] GC(206) Post Compact
[135.554s][info][gc,phases      ] GC(206) Post Compact 9.026ms
[135.554s][info][gc,heap        ] GC(206) PSYoungGen: 1048576K(1223168K)->72976K(1223168K) Eden: 1048576K(1048576K)->72976K(1048576K) From: 0K(174592K)->0K(174592K)
[135.554s][info][gc,heap        ] GC(206) ParOldGen: 2796500K(2796544K)->2796484K(2796544K)
[135.554s][info][gc,metaspace   ] GC(206) Metaspace: 10566K(10816K)->10566K(10816K) NonClass: 9531K(9664K)->9531K(9664K) Class: 1034K(1152K)->1034K(1152K)
[135.554s][info][gc             ] GC(206) Pause Full (Ergonomics) 3754M->2802M(3925M) 171.361ms
[135.554s][info][gc,cpu         ] GC(206) User=1.31s Sys=0.00s Real=0.17s
[136.017s][info][gc,start       ] GC(207) Pause Full (Ergonomics)
[136.017s][info][gc,phases,start] GC(207) Marking Phase
[136.048s][info][gc,phases      ] GC(207) Marking Phase 31.383ms
[136.048s][info][gc,phases,start] GC(207) Summary Phase
[136.048s][info][gc,phases      ] GC(207) Summary Phase 0.064ms
[136.048s][info][gc,phases,start] GC(207) Adjust Roots
[136.049s][info][gc,phases      ] GC(207) Adjust Roots 0.400ms
[136.049s][info][gc,phases,start] GC(207) Compaction Phase
[136.181s][info][gc,phases      ] GC(207) Compaction Phase 131.968ms
[136.181s][info][gc,phases,start] GC(207) Post Compact
[136.189s][info][gc,phases      ] GC(207) Post Compact 8.027ms
[136.189s][info][gc,heap        ] GC(207) PSYoungGen: 1048576K(1223168K)->72976K(1223168K) Eden: 1048576K(1048576K)->72976K(1048576K) From: 0K(174592K)->0K(174592K)
[136.189s][info][gc,heap        ] GC(207) ParOldGen: 2796484K(2796544K)->2796484K(2796544K)
[136.189s][info][gc,metaspace   ] GC(207) Metaspace: 10566K(10816K)->10566K(10816K) NonClass: 9531K(9664K)->9531K(9664K) Class: 1034K(1152K)->1034K(1152K)
[136.189s][info][gc             ] GC(207) Pause Full (Ergonomics) 3754M->2802M(3925M) 172.187ms
[136.189s][info][gc,cpu         ] GC(207) User=1.31s Sys=0.00s Real=0.17s
[136.655s][info][gc,start       ] GC(208) Pause Full (Ergonomics)
[136.655s][info][gc,phases,start] GC(208) Marking Phase
[136.686s][info][gc,phases      ] GC(208) Marking Phase 31.132ms
[136.686s][info][gc,phases,start] GC(208) Summary Phase
[136.686s][info][gc,phases      ] GC(208) Summary Phase 0.064ms
[136.686s][info][gc,phases,start] GC(208) Adjust Roots
[136.687s][info][gc,phases      ] GC(208) Adjust Roots 0.404ms
[136.687s][info][gc,phases,start] GC(208) Compaction Phase
[136.815s][info][gc,phases      ] GC(208) Compaction Phase 128.238ms
[136.815s][info][gc,phases,start] GC(208) Post Compact
[136.824s][info][gc,phases      ] GC(208) Post Compact 8.885ms
[136.824s][info][gc,heap        ] GC(208) PSYoungGen: 1048576K(1223168K)->72968K(1223168K) Eden: 1048576K(1048576K)->72968K(1048576K) From: 0K(174592K)->0K(174592K)
[136.824s][info][gc,heap        ] GC(208) ParOldGen: 2796484K(2796544K)->2796492K(2796544K)
[136.824s][info][gc,metaspace   ] GC(208) Metaspace: 10566K(10816K)->10566K(10816K) NonClass: 9531K(9664K)->9531K(9664K) Class: 1034K(1152K)->1034K(1152K)
[136.824s][info][gc             ] GC(208) Pause Full (Ergonomics) 3754M->2802M(3925M) 169.050ms
[136.824s][info][gc,cpu         ] GC(208) User=1.32s Sys=0.00s Real=0.17s
[137.297s][info][gc,start       ] GC(209) Pause Full (Ergonomics)
[137.297s][info][gc,phases,start] GC(209) Marking Phase
[137.328s][info][gc,phases      ] GC(209) Marking Phase 30.670ms
[137.328s][info][gc,phases,start] GC(209) Summary Phase
[137.328s][info][gc,phases      ] GC(209) Summary Phase 0.064ms
[137.328s][info][gc,phases,start] GC(209) Adjust Roots
[137.329s][info][gc,phases      ] GC(209) Adjust Roots 0.399ms
[137.329s][info][gc,phases,start] GC(209) Compaction Phase
[137.459s][info][gc,phases      ] GC(209) Compaction Phase 130.770ms
[137.459s][info][gc,phases,start] GC(209) Post Compact
[137.468s][info][gc,phases      ] GC(209) Post Compact 8.132ms
[137.468s][info][gc,heap        ] GC(209) PSYoungGen: 1048576K(1223168K)->72944K(1223168K) Eden: 1048576K(1048576K)->72944K(1048576K) From: 0K(174592K)->0K(174592K)
[137.468s][info][gc,heap        ] GC(209) ParOldGen: 2796492K(2796544K)->2796516K(2796544K)
[137.468s][info][gc,metaspace   ] GC(209) Metaspace: 10566K(10816K)->10566K(10816K) NonClass: 9531K(9664K)->9531K(9664K) Class: 1034K(1152K)->1034K(1152K)
[137.468s][info][gc             ] GC(209) Pause Full (Ergonomics) 3754M->2802M(3925M) 170.410ms
[137.468s][info][gc,cpu         ] GC(209) User=1.31s Sys=0.00s Real=0.17s
[137.937s][info][gc,start       ] GC(210) Pause Full (Ergonomics)
[137.937s][info][gc,phases,start] GC(210) Marking Phase
[137.971s][info][gc,phases      ] GC(210) Marking Phase 33.752ms
[137.971s][info][gc,phases,start] GC(210) Summary Phase
[137.971s][info][gc,phases      ] GC(210) Summary Phase 0.064ms
[137.971s][info][gc,phases,start] GC(210) Adjust Roots
[137.972s][info][gc,phases      ] GC(210) Adjust Roots 0.627ms
[137.972s][info][gc,phases,start] GC(210) Compaction Phase
[138.103s][info][gc,phases      ] GC(210) Compaction Phase 131.295ms
[138.103s][info][gc,phases,start] GC(210) Post Compact
[138.111s][info][gc,phases      ] GC(210) Post Compact 7.715ms
[138.111s][info][gc,heap        ] GC(210) PSYoungGen: 1048576K(1223168K)->72948K(1223168K) Eden: 1048576K(1048576K)->72948K(1048576K) From: 0K(174592K)->0K(174592K)
[138.111s][info][gc,heap        ] GC(210) ParOldGen: 2796516K(2796544K)->2796512K(2796544K)
[138.111s][info][gc,metaspace   ] GC(210) Metaspace: 10566K(10816K)->10566K(10816K) NonClass: 9531K(9664K)->9531K(9664K) Class: 1034K(1152K)->1034K(1152K)
[138.111s][info][gc             ] GC(210) Pause Full (Ergonomics) 3754M->2802M(3925M) 173.791ms
[138.111s][info][gc,cpu         ] GC(210) User=1.31s Sys=0.00s Real=0.17s
[138.579s][info][gc,start       ] GC(211) Pause Full (Ergonomics)
[138.579s][info][gc,phases,start] GC(211) Marking Phase
[138.610s][info][gc,phases      ] GC(211) Marking Phase 30.712ms
[138.610s][info][gc,phases,start] GC(211) Summary Phase
[138.610s][info][gc,phases      ] GC(211) Summary Phase 0.063ms
[138.610s][info][gc,phases,start] GC(211) Adjust Roots
[138.611s][info][gc,phases      ] GC(211) Adjust Roots 0.549ms
[138.611s][info][gc,phases,start] GC(211) Compaction Phase
[138.742s][info][gc,phases      ] GC(211) Compaction Phase 131.316ms
[138.742s][info][gc,phases,start] GC(211) Post Compact
[138.749s][info][gc,phases      ] GC(211) Post Compact 6.655ms
[138.749s][info][gc,heap        ] GC(211) PSYoungGen: 1048576K(1223168K)->72980K(1223168K) Eden: 1048576K(1048576K)->72980K(1048576K) From: 0K(174592K)->0K(174592K)
[138.749s][info][gc,heap        ] GC(211) ParOldGen: 2796512K(2796544K)->2796480K(2796544K)
[138.749s][info][gc,metaspace   ] GC(211) Metaspace: 10566K(10816K)->10566K(10816K) NonClass: 9531K(9664K)->9531K(9664K) Class: 1034K(1152K)->1034K(1152K)
[138.749s][info][gc             ] GC(211) Pause Full (Ergonomics) 3754M->2802M(3925M) 169.626ms
[138.749s][info][gc,cpu         ] GC(211) User=1.32s Sys=0.00s Real=0.17s
[139.222s][info][gc,start       ] GC(212) Pause Full (Ergonomics)
[139.222s][info][gc,phases,start] GC(212) Marking Phase
[139.253s][info][gc,phases      ] GC(212) Marking Phase 31.181ms
[139.253s][info][gc,phases,start] GC(212) Summary Phase
[139.253s][info][gc,phases      ] GC(212) Summary Phase 0.064ms
[139.253s][info][gc,phases,start] GC(212) Adjust Roots
[139.254s][info][gc,phases      ] GC(212) Adjust Roots 0.429ms
[139.254s][info][gc,phases,start] GC(212) Compaction Phase
[139.385s][info][gc,phases      ] GC(212) Compaction Phase 131.505ms
[139.385s][info][gc,phases,start] GC(212) Post Compact
[139.394s][info][gc,phases      ] GC(212) Post Compact 8.893ms
[139.394s][info][gc,heap        ] GC(212) PSYoungGen: 1048576K(1223168K)->72976K(1223168K) Eden: 1048576K(1048576K)->72976K(1048576K) From: 0K(174592K)->0K(174592K)
[139.394s][info][gc,heap        ] GC(212) ParOldGen: 2796480K(2796544K)->2796484K(2796544K)
[139.394s][info][gc,metaspace   ] GC(212) Metaspace: 10566K(10816K)->10566K(10816K) NonClass: 9531K(9664K)->9531K(9664K) Class: 1034K(1152K)->1034K(1152K)
[139.394s][info][gc             ] GC(212) Pause Full (Ergonomics) 3754M->2802M(3925M) 172.435ms
[139.395s][info][gc,cpu         ] GC(212) User=1.31s Sys=0.01s Real=0.17s
[139.861s][info][gc,start       ] GC(213) Pause Full (Ergonomics)
[139.861s][info][gc,phases,start] GC(213) Marking Phase
[139.892s][info][gc,phases      ] GC(213) Marking Phase 30.856ms
[139.892s][info][gc,phases,start] GC(213) Summary Phase
[139.892s][info][gc,phases      ] GC(213) Summary Phase 0.063ms
[139.892s][info][gc,phases,start] GC(213) Adjust Roots
[139.893s][info][gc,phases      ] GC(213) Adjust Roots 0.565ms
[139.893s][info][gc,phases,start] GC(213) Compaction Phase
[140.024s][info][gc,phases      ] GC(213) Compaction Phase 131.590ms
[140.024s][info][gc,phases,start] GC(213) Post Compact
[140.032s][info][gc,phases      ] GC(213) Post Compact 7.070ms
[140.032s][info][gc,heap        ] GC(213) PSYoungGen: 1048576K(1223168K)->72931K(1223168K) Eden: 1048576K(1048576K)->72931K(1048576K) From: 0K(174592K)->0K(174592K)
[140.032s][info][gc,heap        ] GC(213) ParOldGen: 2796484K(2796544K)->2796529K(2796544K)
[140.032s][info][gc,metaspace   ] GC(213) Metaspace: 10566K(10816K)->10566K(10816K) NonClass: 9531K(9664K)->9531K(9664K) Class: 1034K(1152K)->1034K(1152K)
[140.032s][info][gc             ] GC(213) Pause Full (Ergonomics) 3754M->2802M(3925M) 170.479ms
[140.032s][info][gc,cpu         ] GC(213) User=1.31s Sys=0.00s Real=0.17s
[140.506s][info][gc,start       ] GC(214) Pause Full (Ergonomics)
[140.506s][info][gc,phases,start] GC(214) Marking Phase
[140.537s][info][gc,phases      ] GC(214) Marking Phase 31.236ms
[140.537s][info][gc,phases,start] GC(214) Summary Phase
[140.537s][info][gc,phases      ] GC(214) Summary Phase 0.063ms
[140.537s][info][gc,phases,start] GC(214) Adjust Roots
[140.538s][info][gc,phases      ] GC(214) Adjust Roots 0.408ms
[140.538s][info][gc,phases,start] GC(214) Compaction Phase
[140.669s][info][gc,phases      ] GC(214) Compaction Phase 131.170ms
[140.669s][info][gc,phases,start] GC(214) Post Compact
[140.683s][info][gc,phases      ] GC(214) Post Compact 13.583ms
[140.683s][info][gc,heap        ] GC(214) PSYoungGen: 1048576K(1223168K)->72931K(1223168K) Eden: 1048576K(1048576K)->72931K(1048576K) From: 0K(174592K)->0K(174592K)
[140.683s][info][gc,heap        ] GC(214) ParOldGen: 2796529K(2796544K)->2796528K(2796544K)
[140.683s][info][gc,metaspace   ] GC(214) Metaspace: 10566K(10816K)->10566K(10816K) NonClass: 9531K(9664K)->9531K(9664K) Class: 1034K(1152K)->1034K(1152K)
[140.683s][info][gc             ] GC(214) Pause Full (Ergonomics) 3754M->2802M(3925M) 176.818ms
[140.683s][info][gc,cpu         ] GC(214) User=1.32s Sys=0.00s Real=0.18s
[141.152s][info][gc,start       ] GC(215) Pause Full (Ergonomics)
[141.153s][info][gc,phases,start] GC(215) Marking Phase
[141.183s][info][gc,phases      ] GC(215) Marking Phase 30.226ms
[141.183s][info][gc,phases,start] GC(215) Summary Phase
[141.183s][info][gc,phases      ] GC(215) Summary Phase 0.064ms
[141.183s][info][gc,phases,start] GC(215) Adjust Roots
[141.183s][info][gc,phases      ] GC(215) Adjust Roots 0.552ms
[141.183s][info][gc,phases,start] GC(215) Compaction Phase
[141.315s][info][gc,phases      ] GC(215) Compaction Phase 131.245ms
[141.315s][info][gc,phases,start] GC(215) Post Compact
[141.325s][info][gc,phases      ] GC(215) Post Compact 10.480ms
[141.325s][info][gc,heap        ] GC(215) PSYoungGen: 1048576K(1223168K)->72935K(1223168K) Eden: 1048576K(1048576K)->72935K(1048576K) From: 0K(174592K)->0K(174592K)
[141.325s][info][gc,heap        ] GC(215) ParOldGen: 2796528K(2796544K)->2796524K(2796544K)
[141.325s][info][gc,metaspace   ] GC(215) Metaspace: 10566K(10816K)->10566K(10816K) NonClass: 9531K(9664K)->9531K(9664K) Class: 1034K(1152K)->1034K(1152K)
[141.325s][info][gc             ] GC(215) Pause Full (Ergonomics) 3754M->2802M(3925M) 172.902ms
[141.325s][info][gc,cpu         ] GC(215) User=1.31s Sys=0.00s Real=0.18s
[141.802s][info][gc,start       ] GC(216) Pause Full (Ergonomics)
[141.802s][info][gc,phases,start] GC(216) Marking Phase
[141.832s][info][gc,phases      ] GC(216) Marking Phase 29.678ms
[141.832s][info][gc,phases,start] GC(216) Summary Phase
[141.832s][info][gc,phases      ] GC(216) Summary Phase 0.063ms
[141.832s][info][gc,phases,start] GC(216) Adjust Roots
[141.833s][info][gc,phases      ] GC(216) Adjust Roots 0.402ms
[141.833s][info][gc,phases,start] GC(216) Compaction Phase
[141.964s][info][gc,phases      ] GC(216) Compaction Phase 131.606ms
[141.964s][info][gc,phases,start] GC(216) Post Compact
[141.971s][info][gc,phases      ] GC(216) Post Compact 6.972ms
[141.971s][info][gc,heap        ] GC(216) PSYoungGen: 1048576K(1223168K)->72984K(1223168K) Eden: 1048576K(1048576K)->72984K(1048576K) From: 0K(174592K)->0K(174592K)
[141.971s][info][gc,heap        ] GC(216) ParOldGen: 2796524K(2796544K)->2796476K(2796544K)
[141.971s][info][gc,metaspace   ] GC(216) Metaspace: 10566K(10816K)->10566K(10816K) NonClass: 9531K(9664K)->9531K(9664K) Class: 1034K(1152K)->1034K(1152K)
[141.971s][info][gc             ] GC(216) Pause Full (Ergonomics) 3754M->2802M(3925M) 169.067ms
[141.971s][info][gc,cpu         ] GC(216) User=1.30s Sys=0.00s Real=0.16s
[142.438s][info][gc,start       ] GC(217) Pause Full (Ergonomics)
[142.438s][info][gc,phases,start] GC(217) Marking Phase
[142.469s][info][gc,phases      ] GC(217) Marking Phase 31.308ms
[142.469s][info][gc,phases,start] GC(217) Summary Phase
[142.470s][info][gc,phases      ] GC(217) Summary Phase 0.065ms
[142.470s][info][gc,phases,start] GC(217) Adjust Roots
[142.470s][info][gc,phases      ] GC(217) Adjust Roots 0.414ms
[142.470s][info][gc,phases,start] GC(217) Compaction Phase
[142.602s][info][gc,phases      ] GC(217) Compaction Phase 131.649ms
[142.602s][info][gc,phases,start] GC(217) Post Compact
[142.608s][info][gc,phases      ] GC(217) Post Compact 6.645ms
[142.608s][info][gc,heap        ] GC(217) PSYoungGen: 1048576K(1223168K)->72952K(1223168K) Eden: 1048576K(1048576K)->72952K(1048576K) From: 0K(174592K)->0K(174592K)
[142.608s][info][gc,heap        ] GC(217) ParOldGen: 2796476K(2796544K)->2796508K(2796544K)
[142.608s][info][gc,metaspace   ] GC(217) Metaspace: 10566K(10816K)->10566K(10816K) NonClass: 9531K(9664K)->9531K(9664K) Class: 1034K(1152K)->1034K(1152K)
[142.608s][info][gc             ] GC(217) Pause Full (Ergonomics) 3754M->2802M(3925M) 170.434ms
[142.608s][info][gc,cpu         ] GC(217) User=1.31s Sys=0.00s Real=0.17s
[143.081s][info][gc,start       ] GC(218) Pause Full (Ergonomics)
[143.081s][info][gc,phases,start] GC(218) Marking Phase
[143.111s][info][gc,phases      ] GC(218) Marking Phase 30.433ms
[143.111s][info][gc,phases,start] GC(218) Summary Phase
[143.111s][info][gc,phases      ] GC(218) Summary Phase 0.065ms
[143.111s][info][gc,phases,start] GC(218) Adjust Roots
[143.112s][info][gc,phases      ] GC(218) Adjust Roots 0.555ms
[143.112s][info][gc,phases,start] GC(218) Compaction Phase
[143.244s][info][gc,phases      ] GC(218) Compaction Phase 132.063ms
[143.244s][info][gc,phases,start] GC(218) Post Compact
[143.251s][info][gc,phases      ] GC(218) Post Compact 7.172ms
[143.251s][info][gc,heap        ] GC(218) PSYoungGen: 1048576K(1223168K)->72960K(1223168K) Eden: 1048576K(1048576K)->72960K(1048576K) From: 0K(174592K)->0K(174592K)
[143.251s][info][gc,heap        ] GC(218) ParOldGen: 2796508K(2796544K)->2796500K(2796544K)
[143.251s][info][gc,metaspace   ] GC(218) Metaspace: 10566K(10816K)->10566K(10816K) NonClass: 9531K(9664K)->9531K(9664K) Class: 1034K(1152K)->1034K(1152K)
[143.252s][info][gc             ] GC(218) Pause Full (Ergonomics) 3754M->2802M(3925M) 170.627ms
[143.252s][info][gc,cpu         ] GC(218) User=1.31s Sys=0.01s Real=0.17s
[143.725s][info][gc,start       ] GC(219) Pause Full (Ergonomics)
[143.725s][info][gc,phases,start] GC(219) Marking Phase
[143.755s][info][gc,phases      ] GC(219) Marking Phase 29.601ms
[143.755s][info][gc,phases,start] GC(219) Summary Phase
[143.755s][info][gc,phases      ] GC(219) Summary Phase 0.063ms
[143.755s][info][gc,phases,start] GC(219) Adjust Roots
[143.755s][info][gc,phases      ] GC(219) Adjust Roots 0.576ms
[143.755s][info][gc,phases,start] GC(219) Compaction Phase
[143.886s][info][gc,phases      ] GC(219) Compaction Phase 130.963ms
[143.886s][info][gc,phases,start] GC(219) Post Compact
[143.893s][info][gc,phases      ] GC(219) Post Compact 6.560ms
[143.893s][info][gc,heap        ] GC(219) PSYoungGen: 1048576K(1223168K)->72948K(1223168K) Eden: 1048576K(1048576K)->72948K(1048576K) From: 0K(174592K)->0K(174592K)
[143.893s][info][gc,heap        ] GC(219) ParOldGen: 2796500K(2796544K)->2796512K(2796544K)
[143.893s][info][gc,metaspace   ] GC(219) Metaspace: 10566K(10816K)->10566K(10816K) NonClass: 9531K(9664K)->9531K(9664K) Class: 1034K(1152K)->1034K(1152K)
[143.893s][info][gc             ] GC(219) Pause Full (Ergonomics) 3754M->2802M(3925M) 168.096ms
[143.893s][info][gc,cpu         ] GC(219) User=1.31s Sys=0.00s Real=0.16s
[144.358s][info][gc,start       ] GC(220) Pause Full (Ergonomics)
[144.358s][info][gc,phases,start] GC(220) Marking Phase
[144.388s][info][gc,phases      ] GC(220) Marking Phase 30.266ms
[144.388s][info][gc,phases,start] GC(220) Summary Phase
[144.388s][info][gc,phases      ] GC(220) Summary Phase 0.064ms
[144.388s][info][gc,phases,start] GC(220) Adjust Roots
[144.389s][info][gc,phases      ] GC(220) Adjust Roots 0.564ms
[144.389s][info][gc,phases,start] GC(220) Compaction Phase
[144.519s][info][gc,phases      ] GC(220) Compaction Phase 130.659ms
[144.519s][info][gc,phases,start] GC(220) Post Compact
[144.531s][info][gc,phases      ] GC(220) Post Compact 11.212ms
[144.531s][info][gc,heap        ] GC(220) PSYoungGen: 1048576K(1223168K)->72968K(1223168K) Eden: 1048576K(1048576K)->72968K(1048576K) From: 0K(174592K)->0K(174592K)
[144.531s][info][gc,heap        ] GC(220) ParOldGen: 2796512K(2796544K)->2796492K(2796544K)
[144.531s][info][gc,metaspace   ] GC(220) Metaspace: 10566K(10816K)->10566K(10816K) NonClass: 9531K(9664K)->9531K(9664K) Class: 1034K(1152K)->1034K(1152K)
[144.531s][info][gc             ] GC(220) Pause Full (Ergonomics) 3754M->2802M(3925M) 173.101ms
[144.531s][info][gc,cpu         ] GC(220) User=1.31s Sys=0.00s Real=0.17s
[145.002s][info][gc,start       ] GC(221) Pause Full (Ergonomics)
[145.002s][info][gc,phases,start] GC(221) Marking Phase
[145.033s][info][gc,phases      ] GC(221) Marking Phase 30.782ms
[145.033s][info][gc,phases,start] GC(221) Summary Phase
[145.033s][info][gc,phases      ] GC(221) Summary Phase 0.064ms
[145.033s][info][gc,phases,start] GC(221) Adjust Roots
[145.034s][info][gc,phases      ] GC(221) Adjust Roots 0.590ms
[145.034s][info][gc,phases,start] GC(221) Compaction Phase
[145.165s][info][gc,phases      ] GC(221) Compaction Phase 131.147ms
[145.165s][info][gc,phases,start] GC(221) Post Compact
[145.177s][info][gc,phases      ] GC(221) Post Compact 12.560ms
[145.177s][info][gc,heap        ] GC(221) PSYoungGen: 1048576K(1223168K)->72948K(1223168K) Eden: 1048576K(1048576K)->72948K(1048576K) From: 0K(174592K)->0K(174592K)
[145.177s][info][gc,heap        ] GC(221) ParOldGen: 2796492K(2796544K)->2796512K(2796544K)
[145.178s][info][gc,metaspace   ] GC(221) Metaspace: 10566K(10816K)->10566K(10816K) NonClass: 9531K(9664K)->9531K(9664K) Class: 1034K(1152K)->1034K(1152K)
[145.178s][info][gc             ] GC(221) Pause Full (Ergonomics) 3754M->2802M(3925M) 175.487ms
[145.178s][info][gc,cpu         ] GC(221) User=1.31s Sys=0.00s Real=0.17s
[145.646s][info][gc,start       ] GC(222) Pause Full (Ergonomics)
[145.647s][info][gc,phases,start] GC(222) Marking Phase
[145.677s][info][gc,phases      ] GC(222) Marking Phase 30.414ms
[145.677s][info][gc,phases,start] GC(222) Summary Phase
[145.677s][info][gc,phases      ] GC(222) Summary Phase 0.064ms
[145.677s][info][gc,phases,start] GC(222) Adjust Roots
[145.677s][info][gc,phases      ] GC(222) Adjust Roots 0.402ms
[145.677s][info][gc,phases,start] GC(222) Compaction Phase
[145.809s][info][gc,phases      ] GC(222) Compaction Phase 131.664ms
[145.809s][info][gc,phases,start] GC(222) Post Compact
[145.818s][info][gc,phases      ] GC(222) Post Compact 8.728ms
[145.818s][info][gc,heap        ] GC(222) PSYoungGen: 1048576K(1223168K)->72976K(1223168K) Eden: 1048576K(1048576K)->72976K(1048576K) From: 0K(174592K)->0K(174592K)
[145.818s][info][gc,heap        ] GC(222) ParOldGen: 2796512K(2796544K)->2796484K(2796544K)
[145.818s][info][gc,metaspace   ] GC(222) Metaspace: 10566K(10816K)->10566K(10816K) NonClass: 9531K(9664K)->9531K(9664K) Class: 1034K(1152K)->1034K(1152K)
[145.818s][info][gc             ] GC(222) Pause Full (Ergonomics) 3754M->2802M(3925M) 171.646ms
[145.818s][info][gc,cpu         ] GC(222) User=1.31s Sys=0.00s Real=0.17s
[146.283s][info][gc,start       ] GC(223) Pause Full (Ergonomics)
[146.283s][info][gc,phases,start] GC(223) Marking Phase
[146.314s][info][gc,phases      ] GC(223) Marking Phase 31.833ms
[146.315s][info][gc,phases,start] GC(223) Summary Phase
[146.315s][info][gc,phases      ] GC(223) Summary Phase 0.065ms
[146.315s][info][gc,phases,start] GC(223) Adjust Roots
[146.315s][info][gc,phases      ] GC(223) Adjust Roots 0.559ms
[146.315s][info][gc,phases,start] GC(223) Compaction Phase
[146.446s][info][gc,phases      ] GC(223) Compaction Phase 131.262ms
[146.446s][info][gc,phases,start] GC(223) Post Compact
[146.457s][info][gc,phases      ] GC(223) Post Compact 10.190ms
[146.457s][info][gc,heap        ] GC(223) PSYoungGen: 1048576K(1223168K)->72976K(1223168K) Eden: 1048576K(1048576K)->72976K(1048576K) From: 0K(174592K)->0K(174592K)
[146.457s][info][gc,heap        ] GC(223) ParOldGen: 2796484K(2796544K)->2796484K(2796544K)
[146.457s][info][gc,metaspace   ] GC(223) Metaspace: 10566K(10816K)->10566K(10816K) NonClass: 9531K(9664K)->9531K(9664K) Class: 1034K(1152K)->1034K(1152K)
[146.457s][info][gc             ] GC(223) Pause Full (Ergonomics) 3754M->2802M(3925M) 174.253ms
[146.457s][info][gc,cpu         ] GC(223) User=1.32s Sys=0.00s Real=0.17s
[146.923s][info][gc,start       ] GC(224) Pause Full (Ergonomics)
[146.923s][info][gc,phases,start] GC(224) Marking Phase
[146.954s][info][gc,phases      ] GC(224) Marking Phase 30.661ms
[146.954s][info][gc,phases,start] GC(224) Summary Phase
[146.954s][info][gc,phases      ] GC(224) Summary Phase 0.063ms
[146.954s][info][gc,phases,start] GC(224) Adjust Roots
[146.955s][info][gc,phases      ] GC(224) Adjust Roots 0.551ms
[146.955s][info][gc,phases,start] GC(224) Compaction Phase
[147.086s][info][gc,phases      ] GC(224) Compaction Phase 131.099ms
[147.086s][info][gc,phases,start] GC(224) Post Compact
[147.093s][info][gc,phases      ] GC(224) Post Compact 6.879ms
[147.093s][info][gc,heap        ] GC(224) PSYoungGen: 1048576K(1223168K)->72956K(1223168K) Eden: 1048576K(1048576K)->72956K(1048576K) From: 0K(174592K)->0K(174592K)
[147.093s][info][gc,heap        ] GC(224) ParOldGen: 2796484K(2796544K)->2796504K(2796544K)
[147.093s][info][gc,metaspace   ] GC(224) Metaspace: 10566K(10816K)->10566K(10816K) NonClass: 9531K(9664K)->9531K(9664K) Class: 1034K(1152K)->1034K(1152K)
[147.093s][info][gc             ] GC(224) Pause Full (Ergonomics) 3754M->2802M(3925M) 169.582ms
[147.093s][info][gc,cpu         ] GC(224) User=1.31s Sys=0.00s Real=0.16s
[147.562s][info][gc,start       ] GC(225) Pause Full (Ergonomics)
[147.562s][info][gc,phases,start] GC(225) Marking Phase
[147.594s][info][gc,phases      ] GC(225) Marking Phase 32.022ms
[147.594s][info][gc,phases,start] GC(225) Summary Phase
[147.594s][info][gc,phases      ] GC(225) Summary Phase 0.065ms
[147.594s][info][gc,phases,start] GC(225) Adjust Roots
[147.594s][info][gc,phases      ] GC(225) Adjust Roots 0.403ms
[147.594s][info][gc,phases,start] GC(225) Compaction Phase
[147.726s][info][gc,phases      ] GC(225) Compaction Phase 131.205ms
[147.726s][info][gc,phases,start] GC(225) Post Compact
[147.732s][info][gc,phases      ] GC(225) Post Compact 6.712ms
[147.732s][info][gc,heap        ] GC(225) PSYoungGen: 1048576K(1223168K)->72988K(1223168K) Eden: 1048576K(1048576K)->72988K(1048576K) From: 0K(174592K)->0K(174592K)
[147.732s][info][gc,heap        ] GC(225) ParOldGen: 2796504K(2796544K)->2796471K(2796544K)
[147.732s][info][gc,metaspace   ] GC(225) Metaspace: 10566K(10816K)->10566K(10816K) NonClass: 9531K(9664K)->9531K(9664K) Class: 1034K(1152K)->1034K(1152K)
[147.732s][info][gc             ] GC(225) Pause Full (Ergonomics) 3754M->2802M(3925M) 170.728ms
[147.732s][info][gc,cpu         ] GC(225) User=1.31s Sys=0.01s Real=0.16s
[148.205s][info][gc,start       ] GC(226) Pause Full (Ergonomics)
[148.205s][info][gc,phases,start] GC(226) Marking Phase
[148.236s][info][gc,phases      ] GC(226) Marking Phase 30.674ms
[148.236s][info][gc,phases,start] GC(226) Summary Phase
[148.236s][info][gc,phases      ] GC(226) Summary Phase 0.064ms
[148.236s][info][gc,phases,start] GC(226) Adjust Roots
[148.237s][info][gc,phases      ] GC(226) Adjust Roots 0.551ms
[148.237s][info][gc,phases,start] GC(226) Compaction Phase
[148.368s][info][gc,phases      ] GC(226) Compaction Phase 131.019ms
[148.368s][info][gc,phases,start] GC(226) Post Compact
[148.375s][info][gc,phases      ] GC(226) Post Compact 6.783ms
[148.375s][info][gc,heap        ] GC(226) PSYoungGen: 1048576K(1223168K)->73412K(1223168K) Eden: 1048576K(1048576K)->73412K(1048576K) From: 0K(174592K)->0K(174592K)
[148.375s][info][gc,heap        ] GC(226) ParOldGen: 2796471K(2796544K)->2796048K(2796544K)
[148.375s][info][gc,metaspace   ] GC(226) Metaspace: 10566K(10816K)->10566K(10816K) NonClass: 9531K(9664K)->9531K(9664K) Class: 1034K(1152K)->1034K(1152K)
[148.375s][info][gc             ] GC(226) Pause Full (Ergonomics) 3754M->2802M(3925M) 169.428ms
[148.375s][info][gc,cpu         ] GC(226) User=1.31s Sys=0.00s Real=0.17s
[148.858s][info][gc,start       ] GC(227) Pause Full (Ergonomics)
[148.858s][info][gc,phases,start] GC(227) Marking Phase
[148.889s][info][gc,phases      ] GC(227) Marking Phase 31.330ms
[148.889s][info][gc,phases,start] GC(227) Summary Phase
[148.889s][info][gc,phases      ] GC(227) Summary Phase 0.064ms
[148.889s][info][gc,phases,start] GC(227) Adjust Roots
[148.889s][info][gc,phases      ] GC(227) Adjust Roots 0.402ms
[148.889s][info][gc,phases,start] GC(227) Compaction Phase
[149.022s][info][gc,phases      ] GC(227) Compaction Phase 132.131ms
[149.022s][info][gc,phases,start] GC(227) Post Compact
[149.028s][info][gc,phases      ] GC(227) Post Compact 6.833ms
[149.029s][info][gc,heap        ] GC(227) PSYoungGen: 1048576K(1223168K)->72956K(1223168K) Eden: 1048576K(1048576K)->72956K(1048576K) From: 0K(174592K)->0K(174592K)
[149.029s][info][gc,heap        ] GC(227) ParOldGen: 2796048K(2796544K)->2796504K(2796544K)
[149.029s][info][gc,metaspace   ] GC(227) Metaspace: 10566K(10816K)->10566K(10816K) NonClass: 9531K(9664K)->9531K(9664K) Class: 1034K(1152K)->1034K(1152K)
[149.029s][info][gc             ] GC(227) Pause Full (Ergonomics) 3754M->2802M(3925M) 171.098ms
[149.029s][info][gc,cpu         ] GC(227) User=1.31s Sys=0.00s Real=0.17s
[149.498s][info][gc,start       ] GC(228) Pause Full (Ergonomics)
[149.498s][info][gc,phases,start] GC(228) Marking Phase
[149.528s][info][gc,phases      ] GC(228) Marking Phase 29.840ms
[149.528s][info][gc,phases,start] GC(228) Summary Phase
[149.528s][info][gc,phases      ] GC(228) Summary Phase 0.064ms
[149.528s][info][gc,phases,start] GC(228) Adjust Roots
[149.528s][info][gc,phases      ] GC(228) Adjust Roots 0.402ms
[149.528s][info][gc,phases,start] GC(228) Compaction Phase
[149.660s][info][gc,phases      ] GC(228) Compaction Phase 131.148ms
[149.660s][info][gc,phases,start] GC(228) Post Compact
[149.669s][info][gc,phases      ] GC(228) Post Compact 9.129ms
[149.669s][info][gc,heap        ] GC(228) PSYoungGen: 1048576K(1223168K)->72984K(1223168K) Eden: 1048576K(1048576K)->72984K(1048576K) From: 0K(174592K)->0K(174592K)
[149.669s][info][gc,heap        ] GC(228) ParOldGen: 2796504K(2796544K)->2796476K(2796544K)
[149.669s][info][gc,metaspace   ] GC(228) Metaspace: 10566K(10816K)->10566K(10816K) NonClass: 9531K(9664K)->9531K(9664K) Class: 1034K(1152K)->1034K(1152K)
[149.669s][info][gc             ] GC(228) Pause Full (Ergonomics) 3754M->2802M(3925M) 170.910ms
[149.669s][info][gc,cpu         ] GC(228) User=1.31s Sys=0.00s Real=0.17s
[150.138s][info][gc,start       ] GC(229) Pause Full (Ergonomics)
[150.138s][info][gc,phases,start] GC(229) Marking Phase
[150.169s][info][gc,phases      ] GC(229) Marking Phase 31.696ms
[150.169s][info][gc,phases,start] GC(229) Summary Phase
[150.169s][info][gc,phases      ] GC(229) Summary Phase 0.081ms
[150.169s][info][gc,phases,start] GC(229) Adjust Roots
[150.170s][info][gc,phases      ] GC(229) Adjust Roots 0.414ms
[150.170s][info][gc,phases,start] GC(229) Compaction Phase
[150.302s][info][gc,phases      ] GC(229) Compaction Phase 131.673ms
[150.302s][info][gc,phases,start] GC(229) Post Compact
[150.314s][info][gc,phases      ] GC(229) Post Compact 12.463ms
[150.314s][info][gc,heap        ] GC(229) PSYoungGen: 1048576K(1223168K)->72960K(1223168K) Eden: 1048576K(1048576K)->72960K(1048576K) From: 0K(174592K)->0K(174592K)
[150.314s][info][gc,heap        ] GC(229) ParOldGen: 2796476K(2796544K)->2796500K(2796544K)
[150.314s][info][gc,metaspace   ] GC(229) Metaspace: 10566K(10816K)->10566K(10816K) NonClass: 9531K(9664K)->9531K(9664K) Class: 1034K(1152K)->1034K(1152K)
[150.314s][info][gc             ] GC(229) Pause Full (Ergonomics) 3754M->2802M(3925M) 176.668ms
[150.314s][info][gc,cpu         ] GC(229) User=1.32s Sys=0.00s Real=0.18s
[150.791s][info][gc,start       ] GC(230) Pause Full (Ergonomics)
[150.791s][info][gc,phases,start] GC(230) Marking Phase
[150.820s][info][gc,phases      ] GC(230) Marking Phase 29.713ms
[150.820s][info][gc,phases,start] GC(230) Summary Phase
[150.821s][info][gc,phases      ] GC(230) Summary Phase 0.064ms
[150.821s][info][gc,phases,start] GC(230) Adjust Roots
[150.821s][info][gc,phases      ] GC(230) Adjust Roots 0.556ms
[150.821s][info][gc,phases,start] GC(230) Compaction Phase
[150.952s][info][gc,phases      ] GC(230) Compaction Phase 130.818ms
[150.952s][info][gc,phases,start] GC(230) Post Compact
[150.961s][info][gc,phases      ] GC(230) Post Compact 9.278ms
[150.961s][info][gc,heap        ] GC(230) PSYoungGen: 1048576K(1223168K)->72956K(1223168K) Eden: 1048576K(1048576K)->72956K(1048576K) From: 0K(174592K)->0K(174592K)
[150.961s][info][gc,heap        ] GC(230) ParOldGen: 2796500K(2796544K)->2796504K(2796544K)
[150.961s][info][gc,metaspace   ] GC(230) Metaspace: 10566K(10816K)->10566K(10816K) NonClass: 9531K(9664K)->9531K(9664K) Class: 1034K(1152K)->1034K(1152K)
[150.961s][info][gc             ] GC(230) Pause Full (Ergonomics) 3754M->2802M(3925M) 170.746ms
[150.961s][info][gc,cpu         ] GC(230) User=1.31s Sys=0.00s Real=0.17s
[151.428s][info][gc,start       ] GC(231) Pause Full (Ergonomics)
[151.428s][info][gc,phases,start] GC(231) Marking Phase
[151.460s][info][gc,phases      ] GC(231) Marking Phase 31.704ms
[151.460s][info][gc,phases,start] GC(231) Summary Phase
[151.460s][info][gc,phases      ] GC(231) Summary Phase 0.064ms
[151.460s][info][gc,phases,start] GC(231) Adjust Roots
[151.460s][info][gc,phases      ] GC(231) Adjust Roots 0.399ms
[151.460s][info][gc,phases,start] GC(231) Compaction Phase
[151.592s][info][gc,phases      ] GC(231) Compaction Phase 131.966ms
[151.592s][info][gc,phases,start] GC(231) Post Compact
[151.602s][info][gc,phases      ] GC(231) Post Compact 9.556ms
[151.602s][info][gc,heap        ] GC(231) PSYoungGen: 1048576K(1223168K)->72980K(1223168K) Eden: 1048576K(1048576K)->72980K(1048576K) From: 0K(174592K)->0K(174592K)
[151.602s][info][gc,heap        ] GC(231) ParOldGen: 2796504K(2796544K)->2796480K(2796544K)
[151.602s][info][gc,metaspace   ] GC(231) Metaspace: 10566K(10816K)->10566K(10816K) NonClass: 9531K(9664K)->9531K(9664K) Class: 1034K(1152K)->1034K(1152K)
[151.602s][info][gc             ] GC(231) Pause Full (Ergonomics) 3754M->2802M(3925M) 174.020ms
[151.602s][info][gc,cpu         ] GC(231) User=1.31s Sys=0.00s Real=0.18s
[152.068s][info][gc,start       ] GC(232) Pause Full (Ergonomics)
[152.068s][info][gc,phases,start] GC(232) Marking Phase
[152.099s][info][gc,phases      ] GC(232) Marking Phase 30.706ms
[152.099s][info][gc,phases,start] GC(232) Summary Phase
[152.099s][info][gc,phases      ] GC(232) Summary Phase 0.064ms
[152.099s][info][gc,phases,start] GC(232) Adjust Roots
[152.099s][info][gc,phases      ] GC(232) Adjust Roots 0.401ms
[152.099s][info][gc,phases,start] GC(232) Compaction Phase
[152.231s][info][gc,phases      ] GC(232) Compaction Phase 131.917ms
[152.231s][info][gc,phases,start] GC(232) Post Compact
[152.239s][info][gc,phases      ] GC(232) Post Compact 7.308ms
[152.239s][info][gc,heap        ] GC(232) PSYoungGen: 1048576K(1223168K)->72956K(1223168K) Eden: 1048576K(1048576K)->72956K(1048576K) From: 0K(174592K)->0K(174592K)
[152.239s][info][gc,heap        ] GC(232) ParOldGen: 2796480K(2796544K)->2796504K(2796544K)
[152.239s][info][gc,metaspace   ] GC(232) Metaspace: 10566K(10816K)->10566K(10816K) NonClass: 9531K(9664K)->9531K(9664K) Class: 1034K(1152K)->1034K(1152K)
[152.239s][info][gc             ] GC(232) Pause Full (Ergonomics) 3754M->2802M(3925M) 170.707ms
[152.239s][info][gc,cpu         ] GC(232) User=1.31s Sys=0.00s Real=0.17s
[152.699s][info][gc,start       ] GC(233) Pause Full (Ergonomics)
[152.699s][info][gc,phases,start] GC(233) Marking Phase
[152.729s][info][gc,phases      ] GC(233) Marking Phase 29.711ms
[152.729s][info][gc,phases,start] GC(233) Summary Phase
[152.729s][info][gc,phases      ] GC(233) Summary Phase 0.063ms
[152.729s][info][gc,phases,start] GC(233) Adjust Roots
[152.730s][info][gc,phases      ] GC(233) Adjust Roots 0.562ms
[152.730s][info][gc,phases,start] GC(233) Compaction Phase
[152.861s][info][gc,phases      ] GC(233) Compaction Phase 131.300ms
[152.861s][info][gc,phases,start] GC(233) Post Compact
[152.873s][info][gc,phases      ] GC(233) Post Compact 11.602ms
[152.873s][info][gc,heap        ] GC(233) PSYoungGen: 1048576K(1223168K)->72980K(1223168K) Eden: 1048576K(1048576K)->72980K(1048576K) From: 0K(174592K)->0K(174592K)
[152.873s][info][gc,heap        ] GC(233) ParOldGen: 2796504K(2796544K)->2796480K(2796544K)
[152.873s][info][gc,metaspace   ] GC(233) Metaspace: 10566K(10816K)->10566K(10816K) NonClass: 9531K(9664K)->9531K(9664K) Class: 1034K(1152K)->1034K(1152K)
[152.873s][info][gc             ] GC(233) Pause Full (Ergonomics) 3754M->2802M(3925M) 173.577ms
[152.873s][info][gc,cpu         ] GC(233) User=1.30s Sys=0.01s Real=0.17s
[153.338s][info][gc,start       ] GC(234) Pause Full (Ergonomics)
[153.338s][info][gc,phases,start] GC(234) Marking Phase
[153.368s][info][gc,phases      ] GC(234) Marking Phase 29.525ms
[153.368s][info][gc,phases,start] GC(234) Summary Phase
[153.368s][info][gc,phases      ] GC(234) Summary Phase 0.065ms
[153.368s][info][gc,phases,start] GC(234) Adjust Roots
[153.368s][info][gc,phases      ] GC(234) Adjust Roots 0.552ms
[153.368s][info][gc,phases,start] GC(234) Compaction Phase
[153.500s][info][gc,phases      ] GC(234) Compaction Phase 131.243ms
[153.500s][info][gc,phases,start] GC(234) Post Compact
[153.506s][info][gc,phases      ] GC(234) Post Compact 6.792ms
[153.506s][info][gc,heap        ] GC(234) PSYoungGen: 1048576K(1223168K)->72976K(1223168K) Eden: 1048576K(1048576K)->72976K(1048576K) From: 0K(174592K)->0K(174592K)
[153.506s][info][gc,heap        ] GC(234) ParOldGen: 2796480K(2796544K)->2796484K(2796544K)
[153.506s][info][gc,metaspace   ] GC(234) Metaspace: 10566K(10816K)->10566K(10816K) NonClass: 9531K(9664K)->9531K(9664K) Class: 1034K(1152K)->1034K(1152K)
[153.507s][info][gc             ] GC(234) Pause Full (Ergonomics) 3754M->2802M(3925M) 168.508ms
[153.507s][info][gc,cpu         ] GC(234) User=1.30s Sys=0.00s Real=0.17s
[153.979s][info][gc,start       ] GC(235) Pause Full (Ergonomics)
[153.979s][info][gc,phases,start] GC(235) Marking Phase
[154.009s][info][gc,phases      ] GC(235) Marking Phase 29.665ms
[154.009s][info][gc,phases,start] GC(235) Summary Phase
[154.009s][info][gc,phases      ] GC(235) Summary Phase 0.064ms
[154.009s][info][gc,phases,start] GC(235) Adjust Roots
[154.010s][info][gc,phases      ] GC(235) Adjust Roots 0.574ms
[154.010s][info][gc,phases,start] GC(235) Compaction Phase
[154.140s][info][gc,phases      ] GC(235) Compaction Phase 130.697ms
[154.140s][info][gc,phases,start] GC(235) Post Compact
[154.150s][info][gc,phases      ] GC(235) Post Compact 9.794ms
[154.150s][info][gc,heap        ] GC(235) PSYoungGen: 1048576K(1223168K)->72960K(1223168K) Eden: 1048576K(1048576K)->72960K(1048576K) From: 0K(174592K)->0K(174592K)
[154.150s][info][gc,heap        ] GC(235) ParOldGen: 2796484K(2796544K)->2796500K(2796544K)
[154.150s][info][gc,metaspace   ] GC(235) Metaspace: 10566K(10816K)->10566K(10816K) NonClass: 9531K(9664K)->9531K(9664K) Class: 1034K(1152K)->1034K(1152K)
[154.150s][info][gc             ] GC(235) Pause Full (Ergonomics) 3754M->2802M(3925M) 171.152ms
[154.150s][info][gc,cpu         ] GC(235) User=1.30s Sys=0.00s Real=0.17s
[154.622s][info][gc,start       ] GC(236) Pause Full (Ergonomics)
[154.622s][info][gc,phases,start] GC(236) Marking Phase
[154.653s][info][gc,phases      ] GC(236) Marking Phase 30.260ms
[154.653s][info][gc,phases,start] GC(236) Summary Phase
[154.653s][info][gc,phases      ] GC(236) Summary Phase 0.064ms
[154.653s][info][gc,phases,start] GC(236) Adjust Roots
[154.653s][info][gc,phases      ] GC(236) Adjust Roots 0.564ms
[154.653s][info][gc,phases,start] GC(236) Compaction Phase
[154.785s][info][gc,phases      ] GC(236) Compaction Phase 131.427ms
[154.785s][info][gc,phases,start] GC(236) Post Compact
[154.798s][info][gc,phases      ] GC(236) Post Compact 13.119ms
[154.798s][info][gc,heap        ] GC(236) PSYoungGen: 1048576K(1223168K)->72968K(1223168K) Eden: 1048576K(1048576K)->72968K(1048576K) From: 0K(174592K)->0K(174592K)
[154.798s][info][gc,heap        ] GC(236) ParOldGen: 2796500K(2796544K)->2796492K(2796544K)
[154.798s][info][gc,metaspace   ] GC(236) Metaspace: 10566K(10816K)->10566K(10816K) NonClass: 9531K(9664K)->9531K(9664K) Class: 1034K(1152K)->1034K(1152K)
[154.798s][info][gc             ] GC(236) Pause Full (Ergonomics) 3754M->2802M(3925M) 175.780ms
[154.798s][info][gc,cpu         ] GC(236) User=1.32s Sys=0.00s Real=0.17s
[155.263s][info][gc,start       ] GC(237) Pause Full (Ergonomics)
[155.263s][info][gc,phases,start] GC(237) Marking Phase
[155.293s][info][gc,phases      ] GC(237) Marking Phase 29.734ms
[155.293s][info][gc,phases,start] GC(237) Summary Phase
[155.293s][info][gc,phases      ] GC(237) Summary Phase 0.064ms
[155.293s][info][gc,phases,start] GC(237) Adjust Roots
[155.294s][info][gc,phases      ] GC(237) Adjust Roots 0.564ms
[155.294s][info][gc,phases,start] GC(237) Compaction Phase
[155.424s][info][gc,phases      ] GC(237) Compaction Phase 130.157ms
[155.424s][info][gc,phases,start] GC(237) Post Compact
[155.433s][info][gc,phases      ] GC(237) Post Compact 9.157ms
[155.433s][info][gc,heap        ] GC(237) PSYoungGen: 1048576K(1223168K)->72996K(1223168K) Eden: 1048576K(1048576K)->72996K(1048576K) From: 0K(174592K)->0K(174592K)
[155.433s][info][gc,heap        ] GC(237) ParOldGen: 2796492K(2796544K)->2796463K(2796544K)
[155.433s][info][gc,metaspace   ] GC(237) Metaspace: 10566K(10816K)->10566K(10816K) NonClass: 9531K(9664K)->9531K(9664K) Class: 1034K(1152K)->1034K(1152K)
[155.433s][info][gc             ] GC(237) Pause Full (Ergonomics) 3754M->2802M(3925M) 170.010ms
[155.433s][info][gc,cpu         ] GC(237) User=1.31s Sys=0.00s Real=0.16s
[155.901s][info][gc,start       ] GC(238) Pause Full (Ergonomics)
[155.901s][info][gc,phases,start] GC(238) Marking Phase
[155.932s][info][gc,phases      ] GC(238) Marking Phase 30.724ms
[155.932s][info][gc,phases,start] GC(238) Summary Phase
[155.932s][info][gc,phases      ] GC(238) Summary Phase 0.064ms
[155.932s][info][gc,phases,start] GC(238) Adjust Roots
[155.932s][info][gc,phases      ] GC(238) Adjust Roots 0.559ms
[155.932s][info][gc,phases,start] GC(238) Compaction Phase
[156.063s][info][gc,phases      ] GC(238) Compaction Phase 131.110ms
[156.063s][info][gc,phases,start] GC(238) Post Compact
[156.072s][info][gc,phases      ] GC(238) Post Compact 8.899ms
[156.072s][info][gc,heap        ] GC(238) PSYoungGen: 1048576K(1223168K)->72964K(1223168K) Eden: 1048576K(1048576K)->72964K(1048576K) From: 0K(174592K)->0K(174592K)
[156.072s][info][gc,heap        ] GC(238) ParOldGen: 2796463K(2796544K)->2796496K(2796544K)
[156.072s][info][gc,metaspace   ] GC(238) Metaspace: 10566K(10816K)->10566K(10816K) NonClass: 9531K(9664K)->9531K(9664K) Class: 1034K(1152K)->1034K(1152K)
[156.072s][info][gc             ] GC(238) Pause Full (Ergonomics) 3754M->2802M(3925M) 171.679ms
[156.073s][info][gc,cpu         ] GC(238) User=1.31s Sys=0.00s Real=0.17s
[156.536s][info][gc,start       ] GC(239) Pause Full (Ergonomics)
[156.536s][info][gc,phases,start] GC(239) Marking Phase
[156.566s][info][gc,phases      ] GC(239) Marking Phase 29.852ms
[156.566s][info][gc,phases,start] GC(239) Summary Phase
[156.566s][info][gc,phases      ] GC(239) Summary Phase 0.064ms
[156.566s][info][gc,phases,start] GC(239) Adjust Roots
[156.567s][info][gc,phases      ] GC(239) Adjust Roots 0.445ms
[156.567s][info][gc,phases,start] GC(239) Compaction Phase
[156.698s][info][gc,phases      ] GC(239) Compaction Phase 131.627ms
[156.698s][info][gc,phases,start] GC(239) Post Compact
[156.705s][info][gc,phases      ] GC(239) Post Compact 6.873ms
[156.705s][info][gc,heap        ] GC(239) PSYoungGen: 1048576K(1223168K)->72944K(1223168K) Eden: 1048576K(1048576K)->72944K(1048576K) From: 0K(174592K)->0K(174592K)
[156.705s][info][gc,heap        ] GC(239) ParOldGen: 2796496K(2796544K)->2796516K(2796544K)
[156.705s][info][gc,metaspace   ] GC(239) Metaspace: 10566K(10816K)->10566K(10816K) NonClass: 9531K(9664K)->9531K(9664K) Class: 1034K(1152K)->1034K(1152K)
[156.705s][info][gc             ] GC(239) Pause Full (Ergonomics) 3754M->2802M(3925M) 169.197ms
[156.705s][info][gc,cpu         ] GC(239) User=1.31s Sys=0.01s Real=0.17s
[157.175s][info][gc,start       ] GC(240) Pause Full (Ergonomics)
[157.175s][info][gc,phases,start] GC(240) Marking Phase
[157.206s][info][gc,phases      ] GC(240) Marking Phase 30.628ms
[157.206s][info][gc,phases,start] GC(240) Summary Phase
[157.206s][info][gc,phases      ] GC(240) Summary Phase 0.065ms
[157.206s][info][gc,phases,start] GC(240) Adjust Roots
[157.207s][info][gc,phases      ] GC(240) Adjust Roots 0.560ms
[157.207s][info][gc,phases,start] GC(240) Compaction Phase
[157.338s][info][gc,phases      ] GC(240) Compaction Phase 130.896ms
[157.338s][info][gc,phases,start] GC(240) Post Compact
[157.347s][info][gc,phases      ] GC(240) Post Compact 8.798ms
[157.347s][info][gc,heap        ] GC(240) PSYoungGen: 1048576K(1223168K)->72992K(1223168K) Eden: 1048576K(1048576K)->72992K(1048576K) From: 0K(174592K)->0K(174592K)
[157.347s][info][gc,heap        ] GC(240) ParOldGen: 2796516K(2796544K)->2796467K(2796544K)
[157.347s][info][gc,metaspace   ] GC(240) Metaspace: 10566K(10816K)->10566K(10816K) NonClass: 9531K(9664K)->9531K(9664K) Class: 1034K(1152K)->1034K(1152K)
[157.347s][info][gc             ] GC(240) Pause Full (Ergonomics) 3754M->2802M(3925M) 171.280ms
[157.347s][info][gc,cpu         ] GC(240) User=1.30s Sys=0.01s Real=0.17s
[157.815s][info][gc,start       ] GC(241) Pause Full (Ergonomics)
[157.815s][info][gc,phases,start] GC(241) Marking Phase
[157.845s][info][gc,phases      ] GC(241) Marking Phase 29.612ms
[157.845s][info][gc,phases,start] GC(241) Summary Phase
[157.845s][info][gc,phases      ] GC(241) Summary Phase 0.064ms
[157.845s][info][gc,phases,start] GC(241) Adjust Roots
[157.846s][info][gc,phases      ] GC(241) Adjust Roots 0.557ms
[157.846s][info][gc,phases,start] GC(241) Compaction Phase
[157.977s][info][gc,phases      ] GC(241) Compaction Phase 131.239ms
[157.977s][info][gc,phases,start] GC(241) Post Compact
[157.989s][info][gc,phases      ] GC(241) Post Compact 11.683ms
[157.989s][info][gc,heap        ] GC(241) PSYoungGen: 1048576K(1223168K)->72976K(1223168K) Eden: 1048576K(1048576K)->72976K(1048576K) From: 0K(174592K)->0K(174592K)
[157.989s][info][gc,heap        ] GC(241) ParOldGen: 2796467K(2796544K)->2796484K(2796544K)
[157.989s][info][gc,metaspace   ] GC(241) Metaspace: 10566K(10816K)->10566K(10816K) NonClass: 9531K(9664K)->9531K(9664K) Class: 1034K(1152K)->1034K(1152K)
[157.989s][info][gc             ] GC(241) Pause Full (Ergonomics) 3754M->2802M(3925M) 173.499ms
[157.989s][info][gc,cpu         ] GC(241) User=1.31s Sys=0.00s Real=0.17s
[158.465s][info][gc,start       ] GC(242) Pause Full (Ergonomics)
[158.465s][info][gc,phases,start] GC(242) Marking Phase
[158.496s][info][gc,phases      ] GC(242) Marking Phase 31.502ms
[158.496s][info][gc,phases,start] GC(242) Summary Phase
[158.497s][info][gc,phases      ] GC(242) Summary Phase 0.064ms
[158.497s][info][gc,phases,start] GC(242) Adjust Roots
[158.497s][info][gc,phases      ] GC(242) Adjust Roots 0.584ms
[158.497s][info][gc,phases,start] GC(242) Compaction Phase
[158.629s][info][gc,phases      ] GC(242) Compaction Phase 131.514ms
[158.629s][info][gc,phases,start] GC(242) Post Compact
[158.637s][info][gc,phases      ] GC(242) Post Compact 7.892ms
[158.637s][info][gc,heap        ] GC(242) PSYoungGen: 1048576K(1223168K)->72996K(1223168K) Eden: 1048576K(1048576K)->72996K(1048576K) From: 0K(174592K)->0K(174592K)
[158.637s][info][gc,heap        ] GC(242) ParOldGen: 2796484K(2796544K)->2796463K(2796544K)
[158.637s][info][gc,metaspace   ] GC(242) Metaspace: 10566K(10816K)->10566K(10816K) NonClass: 9531K(9664K)->9531K(9664K) Class: 1034K(1152K)->1034K(1152K)
[158.637s][info][gc             ] GC(242) Pause Full (Ergonomics) 3754M->2802M(3925M) 171.899ms
[158.637s][info][gc,cpu         ] GC(242) User=1.31s Sys=0.00s Real=0.17s
[159.107s][info][gc,start       ] GC(243) Pause Full (Ergonomics)
[159.107s][info][gc,phases,start] GC(243) Marking Phase
[159.137s][info][gc,phases      ] GC(243) Marking Phase 29.915ms
[159.137s][info][gc,phases,start] GC(243) Summary Phase
[159.137s][info][gc,phases      ] GC(243) Summary Phase 0.063ms
[159.137s][info][gc,phases,start] GC(243) Adjust Roots
[159.138s][info][gc,phases      ] GC(243) Adjust Roots 0.570ms
[159.138s][info][gc,phases,start] GC(243) Compaction Phase
[159.268s][info][gc,phases      ] GC(243) Compaction Phase 130.125ms
[159.268s][info][gc,phases,start] GC(243) Post Compact
[159.277s][info][gc,phases      ] GC(243) Post Compact 9.008ms
[159.277s][info][gc,heap        ] GC(243) PSYoungGen: 1048576K(1223168K)->72964K(1223168K) Eden: 1048576K(1048576K)->72964K(1048576K) From: 0K(174592K)->0K(174592K)
[159.277s][info][gc,heap        ] GC(243) ParOldGen: 2796463K(2796544K)->2796496K(2796544K)
[159.277s][info][gc,metaspace   ] GC(243) Metaspace: 10566K(10816K)->10566K(10816K) NonClass: 9531K(9664K)->9531K(9664K) Class: 1034K(1152K)->1034K(1152K)
[159.277s][info][gc             ] GC(243) Pause Full (Ergonomics) 3754M->2802M(3925M) 170.015ms
[159.277s][info][gc,cpu         ] GC(243) User=1.30s Sys=0.01s Real=0.17s
[159.743s][info][gc,start       ] GC(244) Pause Full (Ergonomics)
[159.743s][info][gc,phases,start] GC(244) Marking Phase
[159.778s][info][gc,phases      ] GC(244) Marking Phase 35.445ms
[159.778s][info][gc,phases,start] GC(244) Summary Phase
[159.778s][info][gc,phases      ] GC(244) Summary Phase 0.065ms
[159.778s][info][gc,phases,start] GC(244) Adjust Roots
[159.779s][info][gc,phases      ] GC(244) Adjust Roots 0.418ms
[159.779s][info][gc,phases,start] GC(244) Compaction Phase
[159.910s][info][gc,phases      ] GC(244) Compaction Phase 131.046ms
[159.910s][info][gc,phases,start] GC(244) Post Compact
[159.919s][info][gc,phases      ] GC(244) Post Compact 8.832ms
[159.919s][info][gc,heap        ] GC(244) PSYoungGen: 1048576K(1223168K)->72968K(1223168K) Eden: 1048576K(1048576K)->72968K(1048576K) From: 0K(174592K)->0K(174592K)
[159.919s][info][gc,heap        ] GC(244) ParOldGen: 2796496K(2796544K)->2796492K(2796544K)
[159.919s][info][gc,metaspace   ] GC(244) Metaspace: 10566K(10816K)->10566K(10816K) NonClass: 9531K(9664K)->9531K(9664K) Class: 1034K(1152K)->1034K(1152K)
[159.919s][info][gc             ] GC(244) Pause Full (Ergonomics) 3754M->2802M(3925M) 176.140ms
[159.919s][info][gc,cpu         ] GC(244) User=1.31s Sys=0.00s Real=0.17s
[160.388s][info][gc,start       ] GC(245) Pause Full (Ergonomics)
[160.388s][info][gc,phases,start] GC(245) Marking Phase
[160.418s][info][gc,phases      ] GC(245) Marking Phase 29.904ms
[160.418s][info][gc,phases,start] GC(245) Summary Phase
[160.418s][info][gc,phases      ] GC(245) Summary Phase 0.064ms
[160.418s][info][gc,phases,start] GC(245) Adjust Roots
[160.419s][info][gc,phases      ] GC(245) Adjust Roots 0.460ms
[160.419s][info][gc,phases,start] GC(245) Compaction Phase
[160.550s][info][gc,phases      ] GC(245) Compaction Phase 131.457ms
[160.550s][info][gc,phases,start] GC(245) Post Compact
[160.560s][info][gc,phases      ] GC(245) Post Compact 9.898ms
[160.560s][info][gc,heap        ] GC(245) PSYoungGen: 1048576K(1223168K)->72976K(1223168K) Eden: 1048576K(1048576K)->72976K(1048576K) From: 0K(174592K)->0K(174592K)
[160.560s][info][gc,heap        ] GC(245) ParOldGen: 2796492K(2796544K)->2796484K(2796544K)
[160.561s][info][gc,metaspace   ] GC(245) Metaspace: 10566K(10816K)->10566K(10816K) NonClass: 9531K(9664K)->9531K(9664K) Class: 1034K(1152K)->1034K(1152K)
[160.561s][info][gc             ] GC(245) Pause Full (Ergonomics) 3754M->2802M(3925M) 172.144ms
[160.561s][info][gc,cpu         ] GC(245) User=1.31s Sys=0.00s Real=0.17s
[161.027s][info][gc,start       ] GC(246) Pause Full (Ergonomics)
[161.027s][info][gc,phases,start] GC(246) Marking Phase
[161.057s][info][gc,phases      ] GC(246) Marking Phase 30.073ms
[161.057s][info][gc,phases,start] GC(246) Summary Phase
[161.057s][info][gc,phases      ] GC(246) Summary Phase 0.064ms
[161.057s][info][gc,phases,start] GC(246) Adjust Roots
[161.057s][info][gc,phases      ] GC(246) Adjust Roots 0.561ms
[161.058s][info][gc,phases,start] GC(246) Compaction Phase
[161.188s][info][gc,phases      ] GC(246) Compaction Phase 130.527ms
[161.188s][info][gc,phases,start] GC(246) Post Compact
[161.198s][info][gc,phases      ] GC(246) Post Compact 9.428ms
[161.198s][info][gc,heap        ] GC(246) PSYoungGen: 1048576K(1223168K)->72968K(1223168K) Eden: 1048576K(1048576K)->72968K(1048576K) From: 0K(174592K)->0K(174592K)
[161.198s][info][gc,heap        ] GC(246) ParOldGen: 2796484K(2796544K)->2796492K(2796544K)
[161.198s][info][gc,metaspace   ] GC(246) Metaspace: 10566K(10816K)->10566K(10816K) NonClass: 9531K(9664K)->9531K(9664K) Class: 1034K(1152K)->1034K(1152K)
[161.198s][info][gc             ] GC(246) Pause Full (Ergonomics) 3754M->2802M(3925M) 170.972ms
[161.198s][info][gc,cpu         ] GC(246) User=1.30s Sys=0.00s Real=0.17s
[161.660s][info][gc,start       ] GC(247) Pause Full (Ergonomics)
[161.660s][info][gc,phases,start] GC(247) Marking Phase
[161.691s][info][gc,phases      ] GC(247) Marking Phase 30.797ms
[161.691s][info][gc,phases,start] GC(247) Summary Phase
[161.691s][info][gc,phases      ] GC(247) Summary Phase 0.064ms
[161.691s][info][gc,phases,start] GC(247) Adjust Roots
[161.692s][info][gc,phases      ] GC(247) Adjust Roots 0.549ms
[161.692s][info][gc,phases,start] GC(247) Compaction Phase
[161.823s][info][gc,phases      ] GC(247) Compaction Phase 131.123ms
[161.823s][info][gc,phases,start] GC(247) Post Compact
[161.833s][info][gc,phases      ] GC(247) Post Compact 10.223ms
[161.833s][info][gc,heap        ] GC(247) PSYoungGen: 1048576K(1223168K)->72960K(1223168K) Eden: 1048576K(1048576K)->72960K(1048576K) From: 0K(174592K)->0K(174592K)
[161.833s][info][gc,heap        ] GC(247) ParOldGen: 2796492K(2796544K)->2796500K(2796544K)
[161.833s][info][gc,metaspace   ] GC(247) Metaspace: 10566K(10816K)->10566K(10816K) NonClass: 9531K(9664K)->9531K(9664K) Class: 1034K(1152K)->1034K(1152K)
[161.833s][info][gc             ] GC(247) Pause Full (Ergonomics) 3754M->2802M(3925M) 173.095ms
[161.833s][info][gc,cpu         ] GC(247) User=1.31s Sys=0.00s Real=0.17s
[162.305s][info][gc,start       ] GC(248) Pause Full (Ergonomics)
[162.306s][info][gc,phases,start] GC(248) Marking Phase
[162.335s][info][gc,phases      ] GC(248) Marking Phase 29.773ms
[162.335s][info][gc,phases,start] GC(248) Summary Phase
[162.335s][info][gc,phases      ] GC(248) Summary Phase 0.063ms
[162.335s][info][gc,phases,start] GC(248) Adjust Roots
[162.336s][info][gc,phases      ] GC(248) Adjust Roots 0.552ms
[162.336s][info][gc,phases,start] GC(248) Compaction Phase
[162.468s][info][gc,phases      ] GC(248) Compaction Phase 132.155ms
[162.468s][info][gc,phases,start] GC(248) Post Compact
[162.479s][info][gc,phases      ] GC(248) Post Compact 10.803ms
[162.479s][info][gc,heap        ] GC(248) PSYoungGen: 1048576K(1223168K)->72976K(1223168K) Eden: 1048576K(1048576K)->72976K(1048576K) From: 0K(174592K)->0K(174592K)
[162.479s][info][gc,heap        ] GC(248) ParOldGen: 2796500K(2796544K)->2796488K(2796544K)
[162.479s][info][gc,metaspace   ] GC(248) Metaspace: 10566K(10816K)->10566K(10816K) NonClass: 9531K(9664K)->9531K(9664K) Class: 1034K(1152K)->1034K(1152K)
[162.479s][info][gc             ] GC(248) Pause Full (Ergonomics) 3754M->2802M(3925M) 173.684ms
[162.479s][info][gc,cpu         ] GC(248) User=1.31s Sys=0.01s Real=0.17s
[162.945s][info][gc,start       ] GC(249) Pause Full (Ergonomics)
[162.945s][info][gc,phases,start] GC(249) Marking Phase
[162.975s][info][gc,phases      ] GC(249) Marking Phase 29.699ms
[162.975s][info][gc,phases,start] GC(249) Summary Phase
[162.975s][info][gc,phases      ] GC(249) Summary Phase 0.064ms
[162.975s][info][gc,phases,start] GC(249) Adjust Roots
[162.975s][info][gc,phases      ] GC(249) Adjust Roots 0.559ms
[162.975s][info][gc,phases,start] GC(249) Compaction Phase
[163.106s][info][gc,phases      ] GC(249) Compaction Phase 130.596ms
[163.106s][info][gc,phases,start] GC(249) Post Compact
[163.118s][info][gc,phases      ] GC(249) Post Compact 11.721ms
[163.118s][info][gc,heap        ] GC(249) PSYoungGen: 1048576K(1223168K)->72940K(1223168K) Eden: 1048576K(1048576K)->72940K(1048576K) From: 0K(174592K)->0K(174592K)
[163.118s][info][gc,heap        ] GC(249) ParOldGen: 2796488K(2796544K)->2796520K(2796544K)
[163.118s][info][gc,metaspace   ] GC(249) Metaspace: 10566K(10816K)->10566K(10816K) NonClass: 9531K(9664K)->9531K(9664K) Class: 1034K(1152K)->1034K(1152K)
[163.118s][info][gc             ] GC(249) Pause Full (Ergonomics) 3754M->2802M(3925M) 172.984ms
[163.118s][info][gc,cpu         ] GC(249) User=1.31s Sys=0.00s Real=0.17s
[163.585s][info][gc,start       ] GC(250) Pause Full (Ergonomics)
[163.585s][info][gc,phases,start] GC(250) Marking Phase
[163.616s][info][gc,phases      ] GC(250) Marking Phase 30.937ms
[163.616s][info][gc,phases,start] GC(250) Summary Phase
[163.617s][info][gc,phases      ] GC(250) Summary Phase 0.064ms
[163.617s][info][gc,phases,start] GC(250) Adjust Roots
[163.617s][info][gc,phases      ] GC(250) Adjust Roots 0.550ms
[163.617s][info][gc,phases,start] GC(250) Compaction Phase
[163.749s][info][gc,phases      ] GC(250) Compaction Phase 131.413ms
[163.749s][info][gc,phases,start] GC(250) Post Compact
[163.759s][info][gc,phases      ] GC(250) Post Compact 10.745ms
[163.759s][info][gc,heap        ] GC(250) PSYoungGen: 1048576K(1223168K)->72956K(1223168K) Eden: 1048576K(1048576K)->72956K(1048576K) From: 0K(174592K)->0K(174592K)
[163.759s][info][gc,heap        ] GC(250) ParOldGen: 2796520K(2796544K)->2796504K(2796544K)
[163.759s][info][gc,metaspace   ] GC(250) Metaspace: 10566K(10816K)->10566K(10816K) NonClass: 9531K(9664K)->9531K(9664K) Class: 1034K(1152K)->1034K(1152K)
[163.759s][info][gc             ] GC(250) Pause Full (Ergonomics) 3754M->2802M(3925M) 174.072ms
[163.760s][info][gc,cpu         ] GC(250) User=1.31s Sys=0.00s Real=0.17s
[164.226s][info][gc,start       ] GC(251) Pause Full (Ergonomics)
[164.226s][info][gc,phases,start] GC(251) Marking Phase
[164.258s][info][gc,phases      ] GC(251) Marking Phase 31.211ms
[164.258s][info][gc,phases,start] GC(251) Summary Phase
[164.258s][info][gc,phases      ] GC(251) Summary Phase 0.064ms
[164.258s][info][gc,phases,start] GC(251) Adjust Roots
[164.258s][info][gc,phases      ] GC(251) Adjust Roots 0.402ms
[164.258s][info][gc,phases,start] GC(251) Compaction Phase
[164.389s][info][gc,phases      ] GC(251) Compaction Phase 131.319ms
[164.389s][info][gc,phases,start] GC(251) Post Compact
[164.398s][info][gc,phases      ] GC(251) Post Compact 8.760ms
[164.398s][info][gc,heap        ] GC(251) PSYoungGen: 1048576K(1223168K)->72976K(1223168K) Eden: 1048576K(1048576K)->72976K(1048576K) From: 0K(174592K)->0K(174592K)
[164.398s][info][gc,heap        ] GC(251) ParOldGen: 2796504K(2796544K)->2796484K(2796544K)
[164.398s][info][gc,metaspace   ] GC(251) Metaspace: 10566K(10816K)->10566K(10816K) NonClass: 9531K(9664K)->9531K(9664K) Class: 1034K(1152K)->1034K(1152K)
[164.398s][info][gc             ] GC(251) Pause Full (Ergonomics) 3754M->2802M(3925M) 172.103ms
[164.398s][info][gc,cpu         ] GC(251) User=1.30s Sys=0.00s Real=0.17s
[164.868s][info][gc,start       ] GC(252) Pause Full (Ergonomics)
[164.868s][info][gc,phases,start] GC(252) Marking Phase
[164.898s][info][gc,phases      ] GC(252) Marking Phase 29.559ms
[164.898s][info][gc,phases,start] GC(252) Summary Phase
[164.898s][info][gc,phases      ] GC(252) Summary Phase 0.063ms
[164.898s][info][gc,phases,start] GC(252) Adjust Roots
[164.899s][info][gc,phases      ] GC(252) Adjust Roots 0.585ms
[164.899s][info][gc,phases,start] GC(252) Compaction Phase
[165.029s][info][gc,phases      ] GC(252) Compaction Phase 130.521ms
[165.029s][info][gc,phases,start] GC(252) Post Compact
[165.036s][info][gc,phases      ] GC(252) Post Compact 6.888ms
[165.036s][info][gc,heap        ] GC(252) PSYoungGen: 1048576K(1223168K)->72972K(1223168K) Eden: 1048576K(1048576K)->72972K(1048576K) From: 0K(174592K)->0K(174592K)
[165.036s][info][gc,heap        ] GC(252) ParOldGen: 2796484K(2796544K)->2796488K(2796544K)
[165.036s][info][gc,metaspace   ] GC(252) Metaspace: 10566K(10816K)->10566K(10816K) NonClass: 9531K(9664K)->9531K(9664K) Class: 1034K(1152K)->1034K(1152K)
[165.036s][info][gc             ] GC(252) Pause Full (Ergonomics) 3754M->2802M(3925M) 167.950ms
[165.036s][info][gc,cpu         ] GC(252) User=1.30s Sys=0.00s Real=0.17s
[165.504s][info][gc,start       ] GC(253) Pause Full (Ergonomics)
[165.504s][info][gc,phases,start] GC(253) Marking Phase
[165.535s][info][gc,phases      ] GC(253) Marking Phase 30.154ms
[165.535s][info][gc,phases,start] GC(253) Summary Phase
[165.535s][info][gc,phases      ] GC(253) Summary Phase 0.064ms
[165.535s][info][gc,phases,start] GC(253) Adjust Roots
[165.535s][info][gc,phases      ] GC(253) Adjust Roots 0.406ms
[165.535s][info][gc,phases,start] GC(253) Compaction Phase
[165.667s][info][gc,phases      ] GC(253) Compaction Phase 131.849ms
[165.667s][info][gc,phases,start] GC(253) Post Compact
[165.675s][info][gc,phases      ] GC(253) Post Compact 8.063ms
[165.675s][info][gc,heap        ] GC(253) PSYoungGen: 1048576K(1223168K)->73005K(1223168K) Eden: 1048576K(1048576K)->73005K(1048576K) From: 0K(174592K)->0K(174592K)
[165.675s][info][gc,heap        ] GC(253) ParOldGen: 2796488K(2796544K)->2796455K(2796544K)
[165.675s][info][gc,metaspace   ] GC(253) Metaspace: 10566K(10816K)->10566K(10816K) NonClass: 9531K(9664K)->9531K(9664K) Class: 1034K(1152K)->1034K(1152K)
[165.675s][info][gc             ] GC(253) Pause Full (Ergonomics) 3754M->2802M(3925M) 170.882ms
[165.675s][info][gc,cpu         ] GC(253) User=1.32s Sys=0.01s Real=0.17s
[166.145s][info][gc,start       ] GC(254) Pause Full (Ergonomics)
[166.145s][info][gc,phases,start] GC(254) Marking Phase
[166.174s][info][gc,phases      ] GC(254) Marking Phase 29.597ms
[166.174s][info][gc,phases,start] GC(254) Summary Phase
[166.174s][info][gc,phases      ] GC(254) Summary Phase 0.064ms
[166.174s][info][gc,phases,start] GC(254) Adjust Roots
[166.175s][info][gc,phases      ] GC(254) Adjust Roots 0.401ms
[166.175s][info][gc,phases,start] GC(254) Compaction Phase
[166.305s][info][gc,phases      ] GC(254) Compaction Phase 130.409ms
[166.305s][info][gc,phases,start] GC(254) Post Compact
[166.314s][info][gc,phases      ] GC(254) Post Compact 8.988ms
[166.314s][info][gc,heap        ] GC(254) PSYoungGen: 1048576K(1223168K)->72972K(1223168K) Eden: 1048576K(1048576K)->72972K(1048576K) From: 0K(174592K)->0K(174592K)
[166.314s][info][gc,heap        ] GC(254) ParOldGen: 2796455K(2796544K)->2796488K(2796544K)
[166.314s][info][gc,metaspace   ] GC(254) Metaspace: 10566K(10816K)->10566K(10816K) NonClass: 9531K(9664K)->9531K(9664K) Class: 1034K(1152K)->1034K(1152K)
[166.314s][info][gc             ] GC(254) Pause Full (Ergonomics) 3754M->2802M(3925M) 169.784ms
[166.314s][info][gc,cpu         ] GC(254) User=1.30s Sys=0.00s Real=0.17s
[166.793s][info][gc,start       ] GC(255) Pause Full (Ergonomics)
[166.793s][info][gc,phases,start] GC(255) Marking Phase
[166.823s][info][gc,phases      ] GC(255) Marking Phase 30.130ms
[166.823s][info][gc,phases,start] GC(255) Summary Phase
[166.823s][info][gc,phases      ] GC(255) Summary Phase 0.064ms
[166.823s][info][gc,phases,start] GC(255) Adjust Roots
[166.823s][info][gc,phases      ] GC(255) Adjust Roots 0.402ms
[166.823s][info][gc,phases,start] GC(255) Compaction Phase
[166.954s][info][gc,phases      ] GC(255) Compaction Phase 130.999ms
[166.954s][info][gc,phases,start] GC(255) Post Compact
[166.965s][info][gc,phases      ] GC(255) Post Compact 10.428ms
[166.965s][info][gc,heap        ] GC(255) PSYoungGen: 1048576K(1223168K)->72980K(1223168K) Eden: 1048576K(1048576K)->72980K(1048576K) From: 0K(174592K)->0K(174592K)
[166.965s][info][gc,heap        ] GC(255) ParOldGen: 2796488K(2796544K)->2796480K(2796544K)
[166.965s][info][gc,metaspace   ] GC(255) Metaspace: 10566K(10816K)->10566K(10816K) NonClass: 9531K(9664K)->9531K(9664K) Class: 1034K(1152K)->1034K(1152K)
[166.965s][info][gc             ] GC(255) Pause Full (Ergonomics) 3754M->2802M(3925M) 172.379ms
[166.965s][info][gc,cpu         ] GC(255) User=1.30s Sys=0.00s Real=0.18s
[167.426s][info][gc,start       ] GC(256) Pause Full (Ergonomics)
[167.426s][info][gc,phases,start] GC(256) Marking Phase
[167.455s][info][gc,phases      ] GC(256) Marking Phase 29.179ms
[167.455s][info][gc,phases,start] GC(256) Summary Phase
[167.455s][info][gc,phases      ] GC(256) Summary Phase 0.064ms
[167.455s][info][gc,phases,start] GC(256) Adjust Roots
[167.456s][info][gc,phases      ] GC(256) Adjust Roots 0.403ms
[167.456s][info][gc,phases,start] GC(256) Compaction Phase
[167.587s][info][gc,phases      ] GC(256) Compaction Phase 131.327ms
[167.587s][info][gc,phases,start] GC(256) Post Compact
[167.595s][info][gc,phases      ] GC(256) Post Compact 7.990ms
[167.595s][info][gc,heap        ] GC(256) PSYoungGen: 1048576K(1223168K)->72968K(1223168K) Eden: 1048576K(1048576K)->72968K(1048576K) From: 0K(174592K)->0K(174592K)
[167.595s][info][gc,heap        ] GC(256) ParOldGen: 2796480K(2796544K)->2796492K(2796544K)
[167.595s][info][gc,metaspace   ] GC(256) Metaspace: 10566K(10816K)->10566K(10816K) NonClass: 9531K(9664K)->9531K(9664K) Class: 1034K(1152K)->1034K(1152K)
[167.595s][info][gc             ] GC(256) Pause Full (Ergonomics) 3754M->2802M(3925M) 169.303ms
[167.595s][info][gc,cpu         ] GC(256) User=1.31s Sys=0.00s Real=0.17s
[168.072s][info][gc,start       ] GC(257) Pause Full (Ergonomics)
[168.073s][info][gc,phases,start] GC(257) Marking Phase
[168.103s][info][gc,phases      ] GC(257) Marking Phase 30.318ms
[168.103s][info][gc,phases,start] GC(257) Summary Phase
[168.103s][info][gc,phases      ] GC(257) Summary Phase 0.063ms
[168.103s][info][gc,phases,start] GC(257) Adjust Roots
[168.103s][info][gc,phases      ] GC(257) Adjust Roots 0.401ms
[168.103s][info][gc,phases,start] GC(257) Compaction Phase
[168.234s][info][gc,phases      ] GC(257) Compaction Phase 130.319ms
[168.234s][info][gc,phases,start] GC(257) Post Compact
[168.243s][info][gc,phases      ] GC(257) Post Compact 8.821ms
[168.243s][info][gc,heap        ] GC(257) PSYoungGen: 1048576K(1223168K)->72935K(1223168K) Eden: 1048576K(1048576K)->72935K(1048576K) From: 0K(174592K)->0K(174592K)
[168.243s][info][gc,heap        ] GC(257) ParOldGen: 2796492K(2796544K)->2796524K(2796544K)
[168.243s][info][gc,metaspace   ] GC(257) Metaspace: 10566K(10816K)->10566K(10816K) NonClass: 9531K(9664K)->9531K(9664K) Class: 1034K(1152K)->1034K(1152K)
[168.243s][info][gc             ] GC(257) Pause Full (Ergonomics) 3754M->2802M(3925M) 170.249ms
[168.243s][info][gc,cpu         ] GC(257) User=1.30s Sys=0.01s Real=0.18s
[168.703s][info][gc,start       ] GC(258) Pause Full (Ergonomics)
[168.703s][info][gc,phases,start] GC(258) Marking Phase
[168.733s][info][gc,phases      ] GC(258) Marking Phase 30.485ms
[168.733s][info][gc,phases,start] GC(258) Summary Phase
[168.734s][info][gc,phases      ] GC(258) Summary Phase 0.063ms
[168.734s][info][gc,phases,start] GC(258) Adjust Roots
[168.734s][info][gc,phases      ] GC(258) Adjust Roots 0.567ms
[168.734s][info][gc,phases,start] GC(258) Compaction Phase
[168.866s][info][gc,phases      ] GC(258) Compaction Phase 131.622ms
[168.866s][info][gc,phases,start] GC(258) Post Compact
[168.875s][info][gc,phases      ] GC(258) Post Compact 8.993ms
[168.875s][info][gc,heap        ] GC(258) PSYoungGen: 1048576K(1223168K)->72960K(1223168K) Eden: 1048576K(1048576K)->72960K(1048576K) From: 0K(174592K)->0K(174592K)
[168.875s][info][gc,heap        ] GC(258) ParOldGen: 2796524K(2796544K)->2796500K(2796544K)
[168.875s][info][gc,metaspace   ] GC(258) Metaspace: 10566K(10816K)->10566K(10816K) NonClass: 9531K(9664K)->9531K(9664K) Class: 1034K(1152K)->1034K(1152K)
[168.875s][info][gc             ] GC(258) Pause Full (Ergonomics) 3754M->2802M(3925M) 172.101ms
[168.875s][info][gc,cpu         ] GC(258) User=1.31s Sys=0.00s Real=0.17s
[169.338s][info][gc,start       ] GC(259) Pause Full (Ergonomics)
[169.338s][info][gc,phases,start] GC(259) Marking Phase
[169.373s][info][gc,phases      ] GC(259) Marking Phase 34.879ms
[169.373s][info][gc,phases,start] GC(259) Summary Phase
[169.373s][info][gc,phases      ] GC(259) Summary Phase 0.064ms
[169.373s][info][gc,phases,start] GC(259) Adjust Roots
[169.373s][info][gc,phases      ] GC(259) Adjust Roots 0.406ms
[169.373s][info][gc,phases,start] GC(259) Compaction Phase
[169.505s][info][gc,phases      ] GC(259) Compaction Phase 132.041ms
[169.505s][info][gc,phases,start] GC(259) Post Compact
[169.512s][info][gc,phases      ] GC(259) Post Compact 6.848ms
[169.512s][info][gc,heap        ] GC(259) PSYoungGen: 1048576K(1223168K)->72964K(1223168K) Eden: 1048576K(1048576K)->72964K(1048576K) From: 0K(174592K)->0K(174592K)
[169.512s][info][gc,heap        ] GC(259) ParOldGen: 2796500K(2796544K)->2796496K(2796544K)
[169.512s][info][gc,metaspace   ] GC(259) Metaspace: 10566K(10816K)->10566K(10816K) NonClass: 9531K(9664K)->9531K(9664K) Class: 1034K(1152K)->1034K(1152K)
[169.512s][info][gc             ] GC(259) Pause Full (Ergonomics) 3754M->2802M(3925M) 174.582ms
[169.512s][info][gc,cpu         ] GC(259) User=1.30s Sys=0.00s Real=0.17s
[169.984s][info][gc,start       ] GC(260) Pause Full (Ergonomics)
[169.985s][info][gc,phases,start] GC(260) Marking Phase
[170.015s][info][gc,phases      ] GC(260) Marking Phase 30.326ms
[170.015s][info][gc,phases,start] GC(260) Summary Phase
[170.015s][info][gc,phases      ] GC(260) Summary Phase 0.064ms
[170.015s][info][gc,phases,start] GC(260) Adjust Roots
[170.016s][info][gc,phases      ] GC(260) Adjust Roots 0.566ms
[170.016s][info][gc,phases,start] GC(260) Compaction Phase
[170.147s][info][gc,phases      ] GC(260) Compaction Phase 131.186ms
[170.147s][info][gc,phases,start] GC(260) Post Compact
[170.157s][info][gc,phases      ] GC(260) Post Compact 10.151ms
[170.157s][info][gc,heap        ] GC(260) PSYoungGen: 1048576K(1223168K)->72960K(1223168K) Eden: 1048576K(1048576K)->72960K(1048576K) From: 0K(174592K)->0K(174592K)
[170.157s][info][gc,heap        ] GC(260) ParOldGen: 2796496K(2796544K)->2796500K(2796544K)
[170.157s][info][gc,metaspace   ] GC(260) Metaspace: 10566K(10816K)->10566K(10816K) NonClass: 9531K(9664K)->9531K(9664K) Class: 1034K(1152K)->1034K(1152K)
[170.157s][info][gc             ] GC(260) Pause Full (Ergonomics) 3754M->2802M(3925M) 172.636ms
[170.157s][info][gc,cpu         ] GC(260) User=1.31s Sys=0.00s Real=0.17s
[170.624s][info][gc,start       ] GC(261) Pause Full (Ergonomics)
[170.624s][info][gc,phases,start] GC(261) Marking Phase
[170.654s][info][gc,phases      ] GC(261) Marking Phase 30.192ms
[170.654s][info][gc,phases,start] GC(261) Summary Phase
[170.654s][info][gc,phases      ] GC(261) Summary Phase 0.064ms
[170.654s][info][gc,phases,start] GC(261) Adjust Roots
[170.654s][info][gc,phases      ] GC(261) Adjust Roots 0.402ms
[170.654s][info][gc,phases,start] GC(261) Compaction Phase
[170.786s][info][gc,phases      ] GC(261) Compaction Phase 131.042ms
[170.786s][info][gc,phases,start] GC(261) Post Compact
[170.792s][info][gc,phases      ] GC(261) Post Compact 6.767ms
[170.792s][info][gc,heap        ] GC(261) PSYoungGen: 1048576K(1223168K)->72935K(1223168K) Eden: 1048576K(1048576K)->72935K(1048576K) From: 0K(174592K)->0K(174592K)
[170.792s][info][gc,heap        ] GC(261) ParOldGen: 2796500K(2796544K)->2796524K(2796544K)
[170.792s][info][gc,metaspace   ] GC(261) Metaspace: 10566K(10816K)->10566K(10816K) NonClass: 9531K(9664K)->9531K(9664K) Class: 1034K(1152K)->1034K(1152K)
[170.793s][info][gc             ] GC(261) Pause Full (Ergonomics) 3754M->2802M(3925M) 168.822ms
[170.793s][info][gc,cpu         ] GC(261) User=1.30s Sys=0.00s Real=0.16s
[171.266s][info][gc,start       ] GC(262) Pause Full (Ergonomics)
[171.266s][info][gc,phases,start] GC(262) Marking Phase
[171.297s][info][gc,phases      ] GC(262) Marking Phase 30.650ms
[171.297s][info][gc,phases,start] GC(262) Summary Phase
[171.297s][info][gc,phases      ] GC(262) Summary Phase 0.064ms
[171.297s][info][gc,phases,start] GC(262) Adjust Roots
[171.297s][info][gc,phases      ] GC(262) Adjust Roots 0.416ms
[171.297s][info][gc,phases,start] GC(262) Compaction Phase
[171.427s][info][gc,phases      ] GC(262) Compaction Phase 130.129ms
[171.427s][info][gc,phases,start] GC(262) Post Compact
[171.439s][info][gc,phases      ] GC(262) Post Compact 11.691ms
[171.439s][info][gc,heap        ] GC(262) PSYoungGen: 1048576K(1223168K)->72997K(1223168K) Eden: 1048576K(1048576K)->72997K(1048576K) From: 0K(174592K)->0K(174592K)
[171.439s][info][gc,heap        ] GC(262) ParOldGen: 2796524K(2796544K)->2796463K(2796544K)
[171.439s][info][gc,metaspace   ] GC(262) Metaspace: 10566K(10816K)->10566K(10816K) NonClass: 9531K(9664K)->9531K(9664K) Class: 1034K(1152K)->1034K(1152K)
[171.439s][info][gc             ] GC(262) Pause Full (Ergonomics) 3754M->2802M(3925M) 173.283ms
[171.439s][info][gc,cpu         ] GC(262) User=1.30s Sys=0.00s Real=0.17s
[171.902s][info][gc,start       ] GC(263) Pause Full (Ergonomics)
[171.902s][info][gc,phases,start] GC(263) Marking Phase
[171.932s][info][gc,phases      ] GC(263) Marking Phase 29.932ms
[171.932s][info][gc,phases,start] GC(263) Summary Phase
[171.932s][info][gc,phases      ] GC(263) Summary Phase 0.064ms
[171.932s][info][gc,phases,start] GC(263) Adjust Roots
[171.932s][info][gc,phases      ] GC(263) Adjust Roots 0.548ms
[171.932s][info][gc,phases,start] GC(263) Compaction Phase
[172.064s][info][gc,phases      ] GC(263) Compaction Phase 131.793ms
[172.064s][info][gc,phases,start] GC(263) Post Compact
[172.073s][info][gc,phases      ] GC(263) Post Compact 9.167ms
[172.073s][info][gc,heap        ] GC(263) PSYoungGen: 1048576K(1223168K)->72976K(1223168K) Eden: 1048576K(1048576K)->72976K(1048576K) From: 0K(174592K)->0K(174592K)
[172.073s][info][gc,heap        ] GC(263) ParOldGen: 2796463K(2796544K)->2796484K(2796544K)
[172.073s][info][gc,metaspace   ] GC(263) Metaspace: 10566K(10816K)->10566K(10816K) NonClass: 9531K(9664K)->9531K(9664K) Class: 1034K(1152K)->1034K(1152K)
[172.073s][info][gc             ] GC(263) Pause Full (Ergonomics) 3754M->2802M(3925M) 171.836ms
[172.073s][info][gc,cpu         ] GC(263) User=1.30s Sys=0.01s Real=0.17s
[172.544s][info][gc,start       ] GC(264) Pause Full (Ergonomics)
[172.544s][info][gc,phases,start] GC(264) Marking Phase
[172.575s][info][gc,phases      ] GC(264) Marking Phase 31.197ms
[172.575s][info][gc,phases,start] GC(264) Summary Phase
[172.575s][info][gc,phases      ] GC(264) Summary Phase 0.064ms
[172.575s][info][gc,phases,start] GC(264) Adjust Roots
[172.576s][info][gc,phases      ] GC(264) Adjust Roots 0.561ms
[172.576s][info][gc,phases,start] GC(264) Compaction Phase
[172.708s][info][gc,phases      ] GC(264) Compaction Phase 131.695ms
[172.708s][info][gc,phases,start] GC(264) Post Compact
[172.715s][info][gc,phases      ] GC(264) Post Compact 6.924ms
[172.715s][info][gc,heap        ] GC(264) PSYoungGen: 1048576K(1223168K)->72972K(1223168K) Eden: 1048576K(1048576K)->72972K(1048576K) From: 0K(174592K)->0K(174592K)
[172.715s][info][gc,heap        ] GC(264) ParOldGen: 2796484K(2796544K)->2796488K(2796544K)
[172.715s][info][gc,metaspace   ] GC(264) Metaspace: 10566K(10816K)->10566K(10816K) NonClass: 9531K(9664K)->9531K(9664K) Class: 1034K(1152K)->1034K(1152K)
[172.715s][info][gc             ] GC(264) Pause Full (Ergonomics) 3754M->2802M(3925M) 170.776ms
[172.715s][info][gc,cpu         ] GC(264) User=1.31s Sys=0.01s Real=0.17s
[173.185s][info][gc,start       ] GC(265) Pause Full (Ergonomics)
[173.185s][info][gc,phases,start] GC(265) Marking Phase
[173.215s][info][gc,phases      ] GC(265) Marking Phase 30.106ms
[173.216s][info][gc,phases,start] GC(265) Summary Phase
[173.216s][info][gc,phases      ] GC(265) Summary Phase 0.064ms
[173.216s][info][gc,phases,start] GC(265) Adjust Roots
[173.216s][info][gc,phases      ] GC(265) Adjust Roots 0.544ms
[173.216s][info][gc,phases,start] GC(265) Compaction Phase
[173.347s][info][gc,phases      ] GC(265) Compaction Phase 130.433ms
[173.347s][info][gc,phases,start] GC(265) Post Compact
[173.354s][info][gc,phases      ] GC(265) Post Compact 6.889ms
[173.354s][info][gc,heap        ] GC(265) PSYoungGen: 1048576K(1223168K)->72968K(1223168K) Eden: 1048576K(1048576K)->72968K(1048576K) From: 0K(174592K)->0K(174592K)
[173.354s][info][gc,heap        ] GC(265) ParOldGen: 2796488K(2796544K)->2796492K(2796544K)
[173.354s][info][gc,metaspace   ] GC(265) Metaspace: 10566K(10816K)->10566K(10816K) NonClass: 9531K(9664K)->9531K(9664K) Class: 1034K(1152K)->1034K(1152K)
[173.354s][info][gc             ] GC(265) Pause Full (Ergonomics) 3754M->2802M(3925M) 168.371ms
[173.354s][info][gc,cpu         ] GC(265) User=1.30s Sys=0.00s Real=0.17s
[173.824s][info][gc,start       ] GC(266) Pause Full (Ergonomics)
[173.825s][info][gc,phases,start] GC(266) Marking Phase
[173.856s][info][gc,phases      ] GC(266) Marking Phase 31.190ms
[173.856s][info][gc,phases,start] GC(266) Summary Phase
[173.856s][info][gc,phases      ] GC(266) Summary Phase 0.064ms
[173.856s][info][gc,phases,start] GC(266) Adjust Roots
[173.856s][info][gc,phases      ] GC(266) Adjust Roots 0.551ms
[173.856s][info][gc,phases,start] GC(266) Compaction Phase
[173.986s][info][gc,phases      ] GC(266) Compaction Phase 129.649ms
[173.986s][info][gc,phases,start] GC(266) Post Compact
[173.992s][info][gc,phases      ] GC(266) Post Compact 5.969ms
[173.992s][info][gc,heap        ] GC(266) PSYoungGen: 1048576K(1223168K)->72956K(1223168K) Eden: 1048576K(1048576K)->72956K(1048576K) From: 0K(174592K)->0K(174592K)
[173.992s][info][gc,heap        ] GC(266) ParOldGen: 2796492K(2796544K)->2796504K(2796544K)
[173.992s][info][gc,metaspace   ] GC(266) Metaspace: 10566K(10816K)->10566K(10816K) NonClass: 9531K(9664K)->9531K(9664K) Class: 1034K(1152K)->1034K(1152K)
[173.992s][info][gc             ] GC(266) Pause Full (Ergonomics) 3754M->2802M(3925M) 167.754ms
[173.992s][info][gc,cpu         ] GC(266) User=1.31s Sys=0.00s Real=0.16s
[174.465s][info][gc,start       ] GC(267) Pause Full (Ergonomics)
[174.466s][info][gc,phases,start] GC(267) Marking Phase
[174.497s][info][gc,phases      ] GC(267) Marking Phase 31.344ms
[174.497s][info][gc,phases,start] GC(267) Summary Phase
[174.497s][info][gc,phases      ] GC(267) Summary Phase 0.064ms
[174.497s][info][gc,phases,start] GC(267) Adjust Roots
[174.497s][info][gc,phases      ] GC(267) Adjust Roots 0.410ms
[174.497s][info][gc,phases,start] GC(267) Compaction Phase
[174.629s][info][gc,phases      ] GC(267) Compaction Phase 132.019ms
[174.629s][info][gc,phases,start] GC(267) Post Compact
[174.636s][info][gc,phases      ] GC(267) Post Compact 6.833ms
[174.636s][info][gc,heap        ] GC(267) PSYoungGen: 1048576K(1223168K)->72968K(1223168K) Eden: 1048576K(1048576K)->72968K(1048576K) From: 0K(174592K)->0K(174592K)
[174.636s][info][gc,heap        ] GC(267) ParOldGen: 2796504K(2796544K)->2796492K(2796544K)
[174.636s][info][gc,metaspace   ] GC(267) Metaspace: 10566K(10816K)->10566K(10816K) NonClass: 9531K(9664K)->9531K(9664K) Class: 1034K(1152K)->1034K(1152K)
[174.636s][info][gc             ] GC(267) Pause Full (Ergonomics) 3754M->2802M(3925M) 170.998ms
[174.636s][info][gc,cpu         ] GC(267) User=1.31s Sys=0.00s Real=0.17s
[175.114s][info][gc,start       ] GC(268) Pause Full (Ergonomics)
[175.114s][info][gc,phases,start] GC(268) Marking Phase
[175.144s][info][gc,phases      ] GC(268) Marking Phase 29.989ms
[175.144s][info][gc,phases,start] GC(268) Summary Phase
[175.144s][info][gc,phases      ] GC(268) Summary Phase 0.066ms
[175.144s][info][gc,phases,start] GC(268) Adjust Roots
[175.145s][info][gc,phases      ] GC(268) Adjust Roots 0.564ms
[175.145s][info][gc,phases,start] GC(268) Compaction Phase
[175.276s][info][gc,phases      ] GC(268) Compaction Phase 131.316ms
[175.276s][info][gc,phases,start] GC(268) Post Compact
[175.286s][info][gc,phases      ] GC(268) Post Compact 9.624ms
[175.286s][info][gc,heap        ] GC(268) PSYoungGen: 1048576K(1223168K)->72960K(1223168K) Eden: 1048576K(1048576K)->72960K(1048576K) From: 0K(174592K)->0K(174592K)
[175.286s][info][gc,heap        ] GC(268) ParOldGen: 2796492K(2796544K)->2796500K(2796544K)
[175.286s][info][gc,metaspace   ] GC(268) Metaspace: 10566K(10816K)->10566K(10816K) NonClass: 9531K(9664K)->9531K(9664K) Class: 1034K(1152K)->1034K(1152K)
[175.286s][info][gc             ] GC(268) Pause Full (Ergonomics) 3754M->2802M(3925M) 171.913ms
[175.286s][info][gc,cpu         ] GC(268) User=1.31s Sys=0.00s Real=0.17s
[175.758s][info][gc,start       ] GC(269) Pause Full (Ergonomics)
[175.758s][info][gc,phases,start] GC(269) Marking Phase
[175.789s][info][gc,phases      ] GC(269) Marking Phase 31.006ms
[175.789s][info][gc,phases,start] GC(269) Summary Phase
[175.789s][info][gc,phases      ] GC(269) Summary Phase 0.064ms
[175.789s][info][gc,phases,start] GC(269) Adjust Roots
[175.790s][info][gc,phases      ] GC(269) Adjust Roots 0.410ms
[175.790s][info][gc,phases,start] GC(269) Compaction Phase
[175.921s][info][gc,phases      ] GC(269) Compaction Phase 131.626ms
[175.921s][info][gc,phases,start] GC(269) Post Compact
[175.928s][info][gc,phases      ] GC(269) Post Compact 6.551ms
[175.928s][info][gc,heap        ] GC(269) PSYoungGen: 1048576K(1223168K)->73399K(1223168K) Eden: 1048576K(1048576K)->73399K(1048576K) From: 0K(174592K)->0K(174592K)
[175.928s][info][gc,heap        ] GC(269) ParOldGen: 2796500K(2796544K)->2796060K(2796544K)
[175.928s][info][gc,metaspace   ] GC(269) Metaspace: 10566K(10816K)->10566K(10816K) NonClass: 9531K(9664K)->9531K(9664K) Class: 1034K(1152K)->1034K(1152K)
[175.928s][info][gc             ] GC(269) Pause Full (Ergonomics) 3754M->2802M(3925M) 169.988ms
[175.928s][info][gc,cpu         ] GC(269) User=1.31s Sys=0.00s Real=0.17s
[176.390s][info][gc,start       ] GC(270) Pause Full (Ergonomics)
[176.390s][info][gc,phases,start] GC(270) Marking Phase
[176.420s][info][gc,phases      ] GC(270) Marking Phase 30.080ms
[176.420s][info][gc,phases,start] GC(270) Summary Phase
[176.420s][info][gc,phases      ] GC(270) Summary Phase 0.063ms
[176.420s][info][gc,phases,start] GC(270) Adjust Roots
[176.421s][info][gc,phases      ] GC(270) Adjust Roots 0.550ms
[176.421s][info][gc,phases,start] GC(270) Compaction Phase
[176.552s][info][gc,phases      ] GC(270) Compaction Phase 131.410ms
[176.552s][info][gc,phases,start] GC(270) Post Compact
[176.559s][info][gc,phases      ] GC(270) Post Compact 7.198ms
[176.559s][info][gc,heap        ] GC(270) PSYoungGen: 1048576K(1223168K)->72931K(1223168K) Eden: 1048576K(1048576K)->72931K(1048576K) From: 0K(174592K)->0K(174592K)
[176.559s][info][gc,heap        ] GC(270) ParOldGen: 2796060K(2796544K)->2796528K(2796544K)
[176.560s][info][gc,metaspace   ] GC(270) Metaspace: 10566K(10816K)->10566K(10816K) NonClass: 9531K(9664K)->9531K(9664K) Class: 1034K(1152K)->1034K(1152K)
[176.560s][info][gc             ] GC(270) Pause Full (Ergonomics) 3754M->2802M(3925M) 169.620ms
[176.560s][info][gc,cpu         ] GC(270) User=1.31s Sys=0.00s Real=0.17s
[177.031s][info][gc,start       ] GC(271) Pause Full (Ergonomics)
[177.031s][info][gc,phases,start] GC(271) Marking Phase
[177.062s][info][gc,phases      ] GC(271) Marking Phase 30.188ms
[177.062s][info][gc,phases,start] GC(271) Summary Phase
[177.062s][info][gc,phases      ] GC(271) Summary Phase 0.064ms
[177.062s][info][gc,phases,start] GC(271) Adjust Roots
[177.062s][info][gc,phases      ] GC(271) Adjust Roots 0.553ms
[177.062s][info][gc,phases,start] GC(271) Compaction Phase
[177.194s][info][gc,phases      ] GC(271) Compaction Phase 131.538ms
[177.194s][info][gc,phases,start] GC(271) Post Compact
[177.203s][info][gc,phases      ] GC(271) Post Compact 8.733ms
[177.203s][info][gc,heap        ] GC(271) PSYoungGen: 1048576K(1223168K)->72964K(1223168K) Eden: 1048576K(1048576K)->72964K(1048576K) From: 0K(174592K)->0K(174592K)
[177.203s][info][gc,heap        ] GC(271) ParOldGen: 2796528K(2796544K)->2796496K(2796544K)
[177.203s][info][gc,metaspace   ] GC(271) Metaspace: 10566K(10816K)->10566K(10816K) NonClass: 9531K(9664K)->9531K(9664K) Class: 1034K(1152K)->1034K(1152K)
[177.203s][info][gc             ] GC(271) Pause Full (Ergonomics) 3754M->2802M(3925M) 171.426ms
[177.203s][info][gc,cpu         ] GC(271) User=1.31s Sys=0.00s Real=0.18s
[177.676s][info][gc,start       ] GC(272) Pause Full (Ergonomics)
[177.676s][info][gc,phases,start] GC(272) Marking Phase
[177.706s][info][gc,phases      ] GC(272) Marking Phase 29.756ms
[177.706s][info][gc,phases,start] GC(272) Summary Phase
[177.706s][info][gc,phases      ] GC(272) Summary Phase 0.063ms
[177.706s][info][gc,phases,start] GC(272) Adjust Roots
[177.707s][info][gc,phases      ] GC(272) Adjust Roots 0.401ms
[177.707s][info][gc,phases,start] GC(272) Compaction Phase
[177.837s][info][gc,phases      ] GC(272) Compaction Phase 130.504ms
[177.837s][info][gc,phases,start] GC(272) Post Compact
[177.846s][info][gc,phases      ] GC(272) Post Compact 8.969ms
[177.846s][info][gc,heap        ] GC(272) PSYoungGen: 1048576K(1223168K)->72968K(1223168K) Eden: 1048576K(1048576K)->72968K(1048576K) From: 0K(174592K)->0K(174592K)
[177.846s][info][gc,heap        ] GC(272) ParOldGen: 2796496K(2796544K)->2796492K(2796544K)
[177.846s][info][gc,metaspace   ] GC(272) Metaspace: 10566K(10816K)->10566K(10816K) NonClass: 9531K(9664K)->9531K(9664K) Class: 1034K(1152K)->1034K(1152K)
[177.846s][info][gc             ] GC(272) Pause Full (Ergonomics) 3754M->2802M(3925M) 170.016ms
[177.846s][info][gc,cpu         ] GC(272) User=1.31s Sys=0.00s Real=0.17s
[178.318s][info][gc,start       ] GC(273) Pause Full (Ergonomics)
[178.318s][info][gc,phases,start] GC(273) Marking Phase
[178.349s][info][gc,phases      ] GC(273) Marking Phase 30.934ms
[178.349s][info][gc,phases,start] GC(273) Summary Phase
[178.349s][info][gc,phases      ] GC(273) Summary Phase 0.066ms
[178.349s][info][gc,phases,start] GC(273) Adjust Roots
[178.349s][info][gc,phases      ] GC(273) Adjust Roots 0.399ms
[178.349s][info][gc,phases,start] GC(273) Compaction Phase
[178.480s][info][gc,phases      ] GC(273) Compaction Phase 130.937ms
[178.480s][info][gc,phases,start] GC(273) Post Compact
[178.490s][info][gc,phases      ] GC(273) Post Compact 9.835ms
[178.490s][info][gc,heap        ] GC(273) PSYoungGen: 1048576K(1223168K)->72964K(1223168K) Eden: 1048576K(1048576K)->72964K(1048576K) From: 0K(174592K)->0K(174592K)
[178.490s][info][gc,heap        ] GC(273) ParOldGen: 2796492K(2796544K)->2796496K(2796544K)
[178.490s][info][gc,metaspace   ] GC(273) Metaspace: 10566K(10816K)->10566K(10816K) NonClass: 9531K(9664K)->9531K(9664K) Class: 1034K(1152K)->1034K(1152K)
[178.490s][info][gc             ] GC(273) Pause Full (Ergonomics) 3754M->2802M(3925M) 172.504ms
[178.490s][info][gc,cpu         ] GC(273) User=1.31s Sys=0.01s Real=0.17s
[178.967s][info][gc,start       ] GC(274) Pause Full (Ergonomics)
[178.967s][info][gc,phases,start] GC(274) Marking Phase
[178.999s][info][gc,phases      ] GC(274) Marking Phase 31.164ms
[178.999s][info][gc,phases,start] GC(274) Summary Phase
[178.999s][info][gc,phases      ] GC(274) Summary Phase 0.064ms
[178.999s][info][gc,phases,start] GC(274) Adjust Roots
[178.999s][info][gc,phases      ] GC(274) Adjust Roots 0.417ms
[178.999s][info][gc,phases,start] GC(274) Compaction Phase
[179.131s][info][gc,phases      ] GC(274) Compaction Phase 131.716ms
[179.131s][info][gc,phases,start] GC(274) Post Compact
[179.142s][info][gc,phases      ] GC(274) Post Compact 10.540ms
[179.142s][info][gc,heap        ] GC(274) PSYoungGen: 1048576K(1223168K)->72968K(1223168K) Eden: 1048576K(1048576K)->72968K(1048576K) From: 0K(174592K)->0K(174592K)
[179.142s][info][gc,heap        ] GC(274) ParOldGen: 2796496K(2796544K)->2796492K(2796544K)
[179.142s][info][gc,metaspace   ] GC(274) Metaspace: 10566K(10816K)->10566K(10816K) NonClass: 9531K(9664K)->9531K(9664K) Class: 1034K(1152K)->1034K(1152K)
[179.142s][info][gc             ] GC(274) Pause Full (Ergonomics) 3754M->2802M(3925M) 174.239ms
[179.142s][info][gc,cpu         ] GC(274) User=1.31s Sys=0.00s Real=0.18s
[179.611s][info][gc,start       ] GC(275) Pause Full (Ergonomics)
[179.611s][info][gc,phases,start] GC(275) Marking Phase
[179.640s][info][gc,phases      ] GC(275) Marking Phase 29.502ms
[179.640s][info][gc,phases,start] GC(275) Summary Phase
[179.641s][info][gc,phases      ] GC(275) Summary Phase 0.064ms
[179.641s][info][gc,phases,start] GC(275) Adjust Roots
[179.641s][info][gc,phases      ] GC(275) Adjust Roots 0.419ms
[179.641s][info][gc,phases,start] GC(275) Compaction Phase
[179.772s][info][gc,phases      ] GC(275) Compaction Phase 131.481ms
[179.773s][info][gc,phases,start] GC(275) Post Compact
[179.780s][info][gc,phases      ] GC(275) Post Compact 7.407ms
[179.780s][info][gc,heap        ] GC(275) PSYoungGen: 1048576K(1223168K)->72927K(1223168K) Eden: 1048576K(1048576K)->72927K(1048576K) From: 0K(174592K)->0K(174592K)
[179.780s][info][gc,heap        ] GC(275) ParOldGen: 2796492K(2796544K)->2796533K(2796544K)
[179.780s][info][gc,metaspace   ] GC(275) Metaspace: 10566K(10816K)->10566K(10816K) NonClass: 9531K(9664K)->9531K(9664K) Class: 1034K(1152K)->1034K(1152K)
[179.780s][info][gc             ] GC(275) Pause Full (Ergonomics) 3754M->2802M(3925M) 169.202ms
[179.780s][info][gc,cpu         ] GC(275) User=1.31s Sys=0.00s Real=0.17s
[180.250s][info][gc,start       ] GC(276) Pause Full (Ergonomics)
[180.250s][info][gc,phases,start] GC(276) Marking Phase
[180.282s][info][gc,phases      ] GC(276) Marking Phase 31.967ms
[180.282s][info][gc,phases,start] GC(276) Summary Phase
[180.282s][info][gc,phases      ] GC(276) Summary Phase 0.063ms
[180.282s][info][gc,phases,start] GC(276) Adjust Roots
[180.282s][info][gc,phases      ] GC(276) Adjust Roots 0.403ms
[180.282s][info][gc,phases,start] GC(276) Compaction Phase
[180.413s][info][gc,phases      ] GC(276) Compaction Phase 131.030ms
[180.413s][info][gc,phases,start] GC(276) Post Compact
[180.423s][info][gc,phases      ] GC(276) Post Compact 9.004ms
[180.423s][info][gc,heap        ] GC(276) PSYoungGen: 1048576K(1223168K)->72992K(1223168K) Eden: 1048576K(1048576K)->72992K(1048576K) From: 0K(174592K)->0K(174592K)
[180.423s][info][gc,heap        ] GC(276) ParOldGen: 2796533K(2796544K)->2796467K(2796544K)
[180.423s][info][gc,metaspace   ] GC(276) Metaspace: 10566K(10816K)->10566K(10816K) NonClass: 9531K(9664K)->9531K(9664K) Class: 1034K(1152K)->1034K(1152K)
[180.423s][info][gc             ] GC(276) Pause Full (Ergonomics) 3754M->2802M(3925M) 172.801ms
[180.423s][info][gc,cpu         ] GC(276) User=1.31s Sys=0.00s Real=0.18s
[180.888s][info][gc,start       ] GC(277) Pause Full (Ergonomics)
[180.888s][info][gc,phases,start] GC(277) Marking Phase
[180.919s][info][gc,phases      ] GC(277) Marking Phase 30.673ms
[180.919s][info][gc,phases,start] GC(277) Summary Phase
[180.919s][info][gc,phases      ] GC(277) Summary Phase 0.064ms
[180.919s][info][gc,phases,start] GC(277) Adjust Roots
[180.920s][info][gc,phases      ] GC(277) Adjust Roots 0.567ms
[180.920s][info][gc,phases,start] GC(277) Compaction Phase
[181.051s][info][gc,phases      ] GC(277) Compaction Phase 131.258ms
[181.051s][info][gc,phases,start] GC(277) Post Compact
[181.059s][info][gc,phases      ] GC(277) Post Compact 8.282ms
[181.059s][info][gc,heap        ] GC(277) PSYoungGen: 1048576K(1223168K)->72956K(1223168K) Eden: 1048576K(1048576K)->72956K(1048576K) From: 0K(174592K)->0K(174592K)
[181.059s][info][gc,heap        ] GC(277) ParOldGen: 2796467K(2796544K)->2796505K(2796544K)
[181.060s][info][gc,metaspace   ] GC(277) Metaspace: 10566K(10816K)->10566K(10816K) NonClass: 9531K(9664K)->9531K(9664K) Class: 1034K(1152K)->1034K(1152K)
[181.060s][info][gc             ] GC(277) Pause Full (Ergonomics) 3754M->2802M(3925M) 171.180ms
[181.060s][info][gc,cpu         ] GC(277) User=1.30s Sys=0.00s Real=0.17s
[181.523s][info][gc,start       ] GC(278) Pause Full (Ergonomics)
[181.523s][info][gc,phases,start] GC(278) Marking Phase
[181.552s][info][gc,phases      ] GC(278) Marking Phase 29.077ms
[181.552s][info][gc,phases,start] GC(278) Summary Phase
[181.552s][info][gc,phases      ] GC(278) Summary Phase 0.062ms
[181.553s][info][gc,phases,start] GC(278) Adjust Roots
[181.553s][info][gc,phases      ] GC(278) Adjust Roots 0.577ms
[181.553s][info][gc,phases,start] GC(278) Compaction Phase
[181.685s][info][gc,phases      ] GC(278) Compaction Phase 131.396ms
[181.685s][info][gc,phases,start] GC(278) Post Compact
[181.692s][info][gc,phases      ] GC(278) Post Compact 7.155ms
[181.692s][info][gc,heap        ] GC(278) PSYoungGen: 1048576K(1223168K)->72968K(1223168K) Eden: 1048576K(1048576K)->72968K(1048576K) From: 0K(174592K)->0K(174592K)
[181.692s][info][gc,heap        ] GC(278) ParOldGen: 2796505K(2796544K)->2796492K(2796544K)
[181.692s][info][gc,metaspace   ] GC(278) Metaspace: 10566K(10816K)->10566K(10816K) NonClass: 9531K(9664K)->9531K(9664K) Class: 1034K(1152K)->1034K(1152K)
[181.692s][info][gc             ] GC(278) Pause Full (Ergonomics) 3754M->2802M(3925M) 168.607ms
[181.692s][info][gc,cpu         ] GC(278) User=1.30s Sys=0.01s Real=0.16s
[182.158s][info][gc,start       ] GC(279) Pause Full (Ergonomics)
[182.158s][info][gc,phases,start] GC(279) Marking Phase
[182.189s][info][gc,phases      ] GC(279) Marking Phase 31.122ms
[182.189s][info][gc,phases,start] GC(279) Summary Phase
[182.189s][info][gc,phases      ] GC(279) Summary Phase 0.064ms
[182.189s][info][gc,phases,start] GC(279) Adjust Roots
[182.189s][info][gc,phases      ] GC(279) Adjust Roots 0.404ms
[182.189s][info][gc,phases,start] GC(279) Compaction Phase
[182.321s][info][gc,phases      ] GC(279) Compaction Phase 131.530ms
[182.321s][info][gc,phases,start] GC(279) Post Compact
[182.333s][info][gc,phases      ] GC(279) Post Compact 11.566ms
[182.333s][info][gc,heap        ] GC(279) PSYoungGen: 1048576K(1223168K)->72980K(1223168K) Eden: 1048576K(1048576K)->72980K(1048576K) From: 0K(174592K)->0K(174592K)
[182.333s][info][gc,heap        ] GC(279) ParOldGen: 2796492K(2796544K)->2796480K(2796544K)
[182.333s][info][gc,metaspace   ] GC(279) Metaspace: 10566K(10816K)->10566K(10816K) NonClass: 9531K(9664K)->9531K(9664K) Class: 1034K(1152K)->1034K(1152K)
[182.333s][info][gc             ] GC(279) Pause Full (Ergonomics) 3754M->2802M(3925M) 175.022ms
[182.333s][info][gc,cpu         ] GC(279) User=1.32s Sys=0.00s Real=0.17s
[182.793s][info][gc,start       ] GC(280) Pause Full (Ergonomics)
[182.794s][info][gc,phases,start] GC(280) Marking Phase
[182.823s][info][gc,phases      ] GC(280) Marking Phase 29.715ms
[182.823s][info][gc,phases,start] GC(280) Summary Phase
[182.823s][info][gc,phases      ] GC(280) Summary Phase 0.064ms
[182.823s][info][gc,phases,start] GC(280) Adjust Roots
[182.824s][info][gc,phases      ] GC(280) Adjust Roots 0.403ms
[182.824s][info][gc,phases,start] GC(280) Compaction Phase
[182.954s][info][gc,phases      ] GC(280) Compaction Phase 130.588ms
[182.954s][info][gc,phases,start] GC(280) Post Compact
[182.964s][info][gc,phases      ] GC(280) Post Compact 9.822ms
[182.964s][info][gc,heap        ] GC(280) PSYoungGen: 1048576K(1223168K)->72960K(1223168K) Eden: 1048576K(1048576K)->72960K(1048576K) From: 0K(174592K)->0K(174592K)
[182.964s][info][gc,heap        ] GC(280) ParOldGen: 2796480K(2796544K)->2796500K(2796544K)
[182.964s][info][gc,metaspace   ] GC(280) Metaspace: 10566K(10816K)->10566K(10816K) NonClass: 9531K(9664K)->9531K(9664K) Class: 1034K(1152K)->1034K(1152K)
[182.964s][info][gc             ] GC(280) Pause Full (Ergonomics) 3754M->2802M(3925M) 170.911ms
[182.964s][info][gc,cpu         ] GC(280) User=1.31s Sys=0.00s Real=0.17s
[183.432s][info][gc,start       ] GC(281) Pause Full (Ergonomics)
[183.432s][info][gc,phases,start] GC(281) Marking Phase
[183.463s][info][gc,phases      ] GC(281) Marking Phase 30.767ms
[183.463s][info][gc,phases,start] GC(281) Summary Phase
[183.463s][info][gc,phases      ] GC(281) Summary Phase 0.064ms
[183.463s][info][gc,phases,start] GC(281) Adjust Roots
[183.464s][info][gc,phases      ] GC(281) Adjust Roots 0.546ms
[183.464s][info][gc,phases,start] GC(281) Compaction Phase
[183.594s][info][gc,phases      ] GC(281) Compaction Phase 130.454ms
[183.594s][info][gc,phases,start] GC(281) Post Compact
[183.604s][info][gc,phases      ] GC(281) Post Compact 9.654ms
[183.604s][info][gc,heap        ] GC(281) PSYoungGen: 1048576K(1223168K)->72972K(1223168K) Eden: 1048576K(1048576K)->72972K(1048576K) From: 0K(174592K)->0K(174592K)
[183.604s][info][gc,heap        ] GC(281) ParOldGen: 2796500K(2796544K)->2796488K(2796544K)
[183.604s][info][gc,metaspace   ] GC(281) Metaspace: 10566K(10816K)->10566K(10816K) NonClass: 9531K(9664K)->9531K(9664K) Class: 1034K(1152K)->1034K(1152K)
[183.604s][info][gc             ] GC(281) Pause Full (Ergonomics) 3754M->2802M(3925M) 171.811ms
[183.604s][info][gc,cpu         ] GC(281) User=1.31s Sys=0.00s Real=0.18s
[184.071s][info][gc,start       ] GC(282) Pause Full (Ergonomics)
[184.071s][info][gc,phases,start] GC(282) Marking Phase
[184.100s][info][gc,phases      ] GC(282) Marking Phase 29.425ms
[184.100s][info][gc,phases,start] GC(282) Summary Phase
[184.100s][info][gc,phases      ] GC(282) Summary Phase 0.063ms
[184.100s][info][gc,phases,start] GC(282) Adjust Roots
[184.101s][info][gc,phases      ] GC(282) Adjust Roots 0.413ms
[184.101s][info][gc,phases,start] GC(282) Compaction Phase
[184.232s][info][gc,phases      ] GC(282) Compaction Phase 131.010ms
[184.232s][info][gc,phases,start] GC(282) Post Compact
[184.241s][info][gc,phases      ] GC(282) Post Compact 9.041ms
[184.241s][info][gc,heap        ] GC(282) PSYoungGen: 1048576K(1223168K)->72960K(1223168K) Eden: 1048576K(1048576K)->72960K(1048576K) From: 0K(174592K)->0K(174592K)
[184.241s][info][gc,heap        ] GC(282) ParOldGen: 2796488K(2796544K)->2796500K(2796544K)
[184.241s][info][gc,metaspace   ] GC(282) Metaspace: 10566K(10816K)->10566K(10816K) NonClass: 9531K(9664K)->9531K(9664K) Class: 1034K(1152K)->1034K(1152K)
[184.241s][info][gc             ] GC(282) Pause Full (Ergonomics) 3754M->2802M(3925M) 170.283ms
[184.241s][info][gc,cpu         ] GC(282) User=1.32s Sys=0.00s Real=0.17s
[184.707s][info][gc,start       ] GC(283) Pause Full (Ergonomics)
[184.707s][info][gc,phases,start] GC(283) Marking Phase
[184.737s][info][gc,phases      ] GC(283) Marking Phase 29.895ms
[184.737s][info][gc,phases,start] GC(283) Summary Phase
[184.737s][info][gc,phases      ] GC(283) Summary Phase 0.063ms
[184.737s][info][gc,phases,start] GC(283) Adjust Roots
[184.738s][info][gc,phases      ] GC(283) Adjust Roots 0.556ms
[184.738s][info][gc,phases,start] GC(283) Compaction Phase
[184.869s][info][gc,phases      ] GC(283) Compaction Phase 130.624ms
[184.869s][info][gc,phases,start] GC(283) Post Compact
[184.876s][info][gc,phases      ] GC(283) Post Compact 7.524ms
[184.876s][info][gc,heap        ] GC(283) PSYoungGen: 1048576K(1223168K)->72948K(1223168K) Eden: 1048576K(1048576K)->72948K(1048576K) From: 0K(174592K)->0K(174592K)
[184.876s][info][gc,heap        ] GC(283) ParOldGen: 2796500K(2796544K)->2796512K(2796544K)
[184.876s][info][gc,metaspace   ] GC(283) Metaspace: 10566K(10816K)->10566K(10816K) NonClass: 9531K(9664K)->9531K(9664K) Class: 1034K(1152K)->1034K(1152K)
[184.876s][info][gc             ] GC(283) Pause Full (Ergonomics) 3754M->2802M(3925M) 169.001ms
[184.876s][info][gc,cpu         ] GC(283) User=1.30s Sys=0.00s Real=0.17s
[185.348s][info][gc,start       ] GC(284) Pause Full (Ergonomics)
[185.348s][info][gc,phases,start] GC(284) Marking Phase
[185.378s][info][gc,phases      ] GC(284) Marking Phase 29.895ms
[185.378s][info][gc,phases,start] GC(284) Summary Phase
[185.378s][info][gc,phases      ] GC(284) Summary Phase 0.065ms
[185.378s][info][gc,phases,start] GC(284) Adjust Roots
[185.378s][info][gc,phases      ] GC(284) Adjust Roots 0.412ms
[185.378s][info][gc,phases,start] GC(284) Compaction Phase
[185.510s][info][gc,phases      ] GC(284) Compaction Phase 131.556ms
[185.510s][info][gc,phases,start] GC(284) Post Compact
[185.517s][info][gc,phases      ] GC(284) Post Compact 6.830ms
[185.517s][info][gc,heap        ] GC(284) PSYoungGen: 1048576K(1223168K)->72952K(1223168K) Eden: 1048576K(1048576K)->72952K(1048576K) From: 0K(174592K)->0K(174592K)
[185.517s][info][gc,heap        ] GC(284) ParOldGen: 2796512K(2796544K)->2796508K(2796544K)
[185.517s][info][gc,metaspace   ] GC(284) Metaspace: 10566K(10816K)->10566K(10816K) NonClass: 9531K(9664K)->9531K(9664K) Class: 1034K(1152K)->1034K(1152K)
[185.517s][info][gc             ] GC(284) Pause Full (Ergonomics) 3754M->2802M(3925M) 169.109ms
[185.517s][info][gc,cpu         ] GC(284) User=1.31s Sys=0.00s Real=0.17s
[185.984s][info][gc,start       ] GC(285) Pause Full (Ergonomics)
[185.984s][info][gc,phases,start] GC(285) Marking Phase
[186.016s][info][gc,phases      ] GC(285) Marking Phase 31.562ms
[186.016s][info][gc,phases,start] GC(285) Summary Phase
[186.016s][info][gc,phases      ] GC(285) Summary Phase 0.065ms
[186.016s][info][gc,phases,start] GC(285) Adjust Roots
[186.017s][info][gc,phases      ] GC(285) Adjust Roots 0.557ms
[186.017s][info][gc,phases,start] GC(285) Compaction Phase
[186.148s][info][gc,phases      ] GC(285) Compaction Phase 131.257ms
[186.148s][info][gc,phases,start] GC(285) Post Compact
[186.155s][info][gc,phases      ] GC(285) Post Compact 6.867ms
[186.155s][info][gc,heap        ] GC(285) PSYoungGen: 1048576K(1223168K)->72948K(1223168K) Eden: 1048576K(1048576K)->72948K(1048576K) From: 0K(174592K)->0K(174592K)
[186.155s][info][gc,heap        ] GC(285) ParOldGen: 2796508K(2796544K)->2796512K(2796544K)
[186.155s][info][gc,metaspace   ] GC(285) Metaspace: 10566K(10816K)->10566K(10816K) NonClass: 9531K(9664K)->9531K(9664K) Class: 1034K(1152K)->1034K(1152K)
[186.155s][info][gc             ] GC(285) Pause Full (Ergonomics) 3754M->2802M(3925M) 170.611ms
[186.155s][info][gc,cpu         ] GC(285) User=1.30s Sys=0.00s Real=0.16s
[186.619s][info][gc,start       ] GC(286) Pause Full (Ergonomics)
[186.619s][info][gc,phases,start] GC(286) Marking Phase
[186.650s][info][gc,phases      ] GC(286) Marking Phase 30.030ms
[186.650s][info][gc,phases,start] GC(286) Summary Phase
[186.650s][info][gc,phases      ] GC(286) Summary Phase 0.064ms
[186.650s][info][gc,phases,start] GC(286) Adjust Roots
[186.650s][info][gc,phases      ] GC(286) Adjust Roots 0.421ms
[186.650s][info][gc,phases,start] GC(286) Compaction Phase
[186.781s][info][gc,phases      ] GC(286) Compaction Phase 131.329ms
[186.781s][info][gc,phases,start] GC(286) Post Compact
[186.788s][info][gc,phases      ] GC(286) Post Compact 6.749ms
[186.788s][info][gc,heap        ] GC(286) PSYoungGen: 1048576K(1223168K)->72940K(1223168K) Eden: 1048576K(1048576K)->72940K(1048576K) From: 0K(174592K)->0K(174592K)
[186.788s][info][gc,heap        ] GC(286) ParOldGen: 2796512K(2796544K)->2796521K(2796544K)
[186.788s][info][gc,metaspace   ] GC(286) Metaspace: 10566K(10816K)->10566K(10816K) NonClass: 9531K(9664K)->9531K(9664K) Class: 1034K(1152K)->1034K(1152K)
[186.788s][info][gc             ] GC(286) Pause Full (Ergonomics) 3754M->2802M(3925M) 168.917ms
[186.788s][info][gc,cpu         ] GC(286) User=1.30s Sys=0.00s Real=0.17s
[187.259s][info][gc,start       ] GC(287) Pause Full (Ergonomics)
[187.260s][info][gc,phases,start] GC(287) Marking Phase
[187.291s][info][gc,phases      ] GC(287) Marking Phase 31.895ms
[187.291s][info][gc,phases,start] GC(287) Summary Phase
[187.292s][info][gc,phases      ] GC(287) Summary Phase 0.063ms
[187.292s][info][gc,phases,start] GC(287) Adjust Roots
[187.292s][info][gc,phases      ] GC(287) Adjust Roots 0.403ms
[187.292s][info][gc,phases,start] GC(287) Compaction Phase
[187.422s][info][gc,phases      ] GC(287) Compaction Phase 130.308ms
[187.422s][info][gc,phases,start] GC(287) Post Compact
[187.432s][info][gc,phases      ] GC(287) Post Compact 9.670ms
[187.432s][info][gc,heap        ] GC(287) PSYoungGen: 1048576K(1223168K)->72972K(1223168K) Eden: 1048576K(1048576K)->72972K(1048576K) From: 0K(174592K)->0K(174592K)
[187.432s][info][gc,heap        ] GC(287) ParOldGen: 2796521K(2796544K)->2796488K(2796544K)
[187.432s][info][gc,metaspace   ] GC(287) Metaspace: 10566K(10816K)->10566K(10816K) NonClass: 9531K(9664K)->9531K(9664K) Class: 1034K(1152K)->1034K(1152K)
[187.432s][info][gc             ] GC(287) Pause Full (Ergonomics) 3754M->2802M(3925M) 172.676ms
[187.432s][info][gc,cpu         ] GC(287) User=1.32s Sys=0.00s Real=0.17s
[187.894s][info][gc,start       ] GC(288) Pause Full (Ergonomics)
[187.894s][info][gc,phases,start] GC(288) Marking Phase
[187.924s][info][gc,phases      ] GC(288) Marking Phase 29.542ms
[187.924s][info][gc,phases,start] GC(288) Summary Phase
[187.924s][info][gc,phases      ] GC(288) Summary Phase 0.064ms
[187.924s][info][gc,phases,start] GC(288) Adjust Roots
[187.925s][info][gc,phases      ] GC(288) Adjust Roots 0.413ms
[187.925s][info][gc,phases,start] GC(288) Compaction Phase
[188.056s][info][gc,phases      ] GC(288) Compaction Phase 131.783ms
[188.056s][info][gc,phases,start] GC(288) Post Compact
[188.069s][info][gc,phases      ] GC(288) Post Compact 12.282ms
[188.069s][info][gc,heap        ] GC(288) PSYoungGen: 1048576K(1223168K)->72964K(1223168K) Eden: 1048576K(1048576K)->72964K(1048576K) From: 0K(174592K)->0K(174592K)
[188.069s][info][gc,heap        ] GC(288) ParOldGen: 2796488K(2796544K)->2796496K(2796544K)
[188.069s][info][gc,metaspace   ] GC(288) Metaspace: 10566K(10816K)->10566K(10816K) NonClass: 9531K(9664K)->9531K(9664K) Class: 1034K(1152K)->1034K(1152K)
[188.069s][info][gc             ] GC(288) Pause Full (Ergonomics) 3754M->2802M(3925M) 174.447ms
[188.069s][info][gc,cpu         ] GC(288) User=1.31s Sys=0.00s Real=0.17s
[188.541s][info][gc,start       ] GC(289) Pause Full (Ergonomics)
[188.541s][info][gc,phases,start] GC(289) Marking Phase
[188.572s][info][gc,phases      ] GC(289) Marking Phase 31.100ms
[188.572s][info][gc,phases,start] GC(289) Summary Phase
[188.572s][info][gc,phases      ] GC(289) Summary Phase 0.064ms
[188.572s][info][gc,phases,start] GC(289) Adjust Roots
[188.572s][info][gc,phases      ] GC(289) Adjust Roots 0.560ms
[188.572s][info][gc,phases,start] GC(289) Compaction Phase
[188.703s][info][gc,phases      ] GC(289) Compaction Phase 131.026ms
[188.703s][info][gc,phases,start] GC(289) Post Compact
[188.715s][info][gc,phases      ] GC(289) Post Compact 11.328ms
[188.715s][info][gc,heap        ] GC(289) PSYoungGen: 1048576K(1223168K)->72935K(1223168K) Eden: 1048576K(1048576K)->72935K(1048576K) From: 0K(174592K)->0K(174592K)
[188.715s][info][gc,heap        ] GC(289) ParOldGen: 2796496K(2796544K)->2796525K(2796544K)
[188.715s][info][gc,metaspace   ] GC(289) Metaspace: 10566K(10816K)->10566K(10816K) NonClass: 9531K(9664K)->9531K(9664K) Class: 1034K(1152K)->1034K(1152K)
[188.715s][info][gc             ] GC(289) Pause Full (Ergonomics) 3754M->2802M(3925M) 174.417ms
[188.715s][info][gc,cpu         ] GC(289) User=1.32s Sys=0.00s Real=0.18s
[189.184s][info][gc,start       ] GC(290) Pause Full (Ergonomics)
[189.184s][info][gc,phases,start] GC(290) Marking Phase
[189.215s][info][gc,phases      ] GC(290) Marking Phase 31.293ms
[189.215s][info][gc,phases,start] GC(290) Summary Phase
[189.215s][info][gc,phases      ] GC(290) Summary Phase 0.064ms
[189.215s][info][gc,phases,start] GC(290) Adjust Roots
[189.216s][info][gc,phases      ] GC(290) Adjust Roots 0.557ms
[189.216s][info][gc,phases,start] GC(290) Compaction Phase
[189.346s][info][gc,phases      ] GC(290) Compaction Phase 130.280ms
[189.346s][info][gc,phases,start] GC(290) Post Compact
[189.355s][info][gc,phases      ] GC(290) Post Compact 9.159ms
[189.355s][info][gc,heap        ] GC(290) PSYoungGen: 1048576K(1223168K)->72960K(1223168K) Eden: 1048576K(1048576K)->72960K(1048576K) From: 0K(174592K)->0K(174592K)
[189.355s][info][gc,heap        ] GC(290) ParOldGen: 2796525K(2796544K)->2796500K(2796544K)
[189.355s][info][gc,metaspace   ] GC(290) Metaspace: 10566K(10816K)->10566K(10816K) NonClass: 9531K(9664K)->9531K(9664K) Class: 1034K(1152K)->1034K(1152K)
[189.355s][info][gc             ] GC(290) Pause Full (Ergonomics) 3754M->2802M(3925M) 171.678ms
[189.355s][info][gc,cpu         ] GC(290) User=1.31s Sys=0.00s Real=0.17s
[189.823s][info][gc,start       ] GC(291) Pause Full (Ergonomics)
[189.823s][info][gc,phases,start] GC(291) Marking Phase
[189.853s][info][gc,phases      ] GC(291) Marking Phase 29.790ms
[189.853s][info][gc,phases,start] GC(291) Summary Phase
[189.853s][info][gc,phases      ] GC(291) Summary Phase 0.065ms
[189.853s][info][gc,phases,start] GC(291) Adjust Roots
[189.853s][info][gc,phases      ] GC(291) Adjust Roots 0.420ms
[189.853s][info][gc,phases,start] GC(291) Compaction Phase
[189.984s][info][gc,phases      ] GC(291) Compaction Phase 131.087ms
[189.984s][info][gc,phases,start] GC(291) Post Compact
[189.994s][info][gc,phases      ] GC(291) Post Compact 9.735ms
[189.994s][info][gc,heap        ] GC(291) PSYoungGen: 1048576K(1223168K)->72976K(1223168K) Eden: 1048576K(1048576K)->72976K(1048576K) From: 0K(174592K)->0K(174592K)
[189.994s][info][gc,heap        ] GC(291) ParOldGen: 2796500K(2796544K)->2796484K(2796544K)
[189.994s][info][gc,metaspace   ] GC(291) Metaspace: 10566K(10816K)->10566K(10816K) NonClass: 9531K(9664K)->9531K(9664K) Class: 1034K(1152K)->1034K(1152K)
[189.994s][info][gc             ] GC(291) Pause Full (Ergonomics) 3754M->2802M(3925M) 171.425ms
[189.994s][info][gc,cpu         ] GC(291) User=1.31s Sys=0.00s Real=0.17s
[190.460s][info][gc,start       ] GC(292) Pause Full (Ergonomics)
[190.460s][info][gc,phases,start] GC(292) Marking Phase
[190.489s][info][gc,phases      ] GC(292) Marking Phase 29.673ms
[190.489s][info][gc,phases,start] GC(292) Summary Phase
[190.489s][info][gc,phases      ] GC(292) Summary Phase 0.080ms
[190.489s][info][gc,phases,start] GC(292) Adjust Roots
[190.490s][info][gc,phases      ] GC(292) Adjust Roots 0.556ms
[190.490s][info][gc,phases,start] GC(292) Compaction Phase
[190.622s][info][gc,phases      ] GC(292) Compaction Phase 131.680ms
[190.622s][info][gc,phases,start] GC(292) Post Compact
[190.629s][info][gc,phases      ] GC(292) Post Compact 6.815ms
[190.629s][info][gc,heap        ] GC(292) PSYoungGen: 1048576K(1223168K)->72939K(1223168K) Eden: 1048576K(1048576K)->72939K(1048576K) From: 0K(174592K)->0K(174592K)
[190.629s][info][gc,heap        ] GC(292) ParOldGen: 2796484K(2796544K)->2796521K(2796544K)
[190.629s][info][gc,metaspace   ] GC(292) Metaspace: 10566K(10816K)->10566K(10816K) NonClass: 9531K(9664K)->9531K(9664K) Class: 1034K(1152K)->1034K(1152K)
[190.629s][info][gc             ] GC(292) Pause Full (Ergonomics) 3754M->2802M(3925M) 169.137ms
[190.629s][info][gc,cpu         ] GC(292) User=1.30s Sys=0.00s Real=0.17s
[191.102s][info][gc,start       ] GC(293) Pause Full (Ergonomics)
[191.102s][info][gc,phases,start] GC(293) Marking Phase
[191.133s][info][gc,phases      ] GC(293) Marking Phase 30.071ms
[191.133s][info][gc,phases,start] GC(293) Summary Phase
[191.133s][info][gc,phases      ] GC(293) Summary Phase 0.063ms
[191.133s][info][gc,phases,start] GC(293) Adjust Roots
[191.133s][info][gc,phases      ] GC(293) Adjust Roots 0.554ms
[191.133s][info][gc,phases,start] GC(293) Compaction Phase
[191.265s][info][gc,phases      ] GC(293) Compaction Phase 132.084ms
[191.265s][info][gc,phases,start] GC(293) Post Compact
[191.274s][info][gc,phases      ] GC(293) Post Compact 9.018ms
[191.274s][info][gc,heap        ] GC(293) PSYoungGen: 1048576K(1223168K)->72968K(1223168K) Eden: 1048576K(1048576K)->72968K(1048576K) From: 0K(174592K)->0K(174592K)
[191.274s][info][gc,heap        ] GC(293) ParOldGen: 2796521K(2796544K)->2796492K(2796544K)
[191.274s][info][gc,metaspace   ] GC(293) Metaspace: 10566K(10816K)->10566K(10816K) NonClass: 9531K(9664K)->9531K(9664K) Class: 1034K(1152K)->1034K(1152K)
[191.274s][info][gc             ] GC(293) Pause Full (Ergonomics) 3754M->2802M(3925M) 172.122ms
[191.275s][info][gc,cpu         ] GC(293) User=1.31s Sys=0.00s Real=0.17s
[191.744s][info][gc,start       ] GC(294) Pause Full (Ergonomics)
[191.744s][info][gc,phases,start] GC(294) Marking Phase
[191.777s][info][gc,phases      ] GC(294) Marking Phase 33.308ms
[191.777s][info][gc,phases,start] GC(294) Summary Phase
[191.777s][info][gc,phases      ] GC(294) Summary Phase 0.064ms
[191.777s][info][gc,phases,start] GC(294) Adjust Roots
[191.778s][info][gc,phases      ] GC(294) Adjust Roots 0.429ms
[191.778s][info][gc,phases,start] GC(294) Compaction Phase
[191.909s][info][gc,phases      ] GC(294) Compaction Phase 131.114ms
[191.909s][info][gc,phases,start] GC(294) Post Compact
[191.921s][info][gc,phases      ] GC(294) Post Compact 11.747ms
[191.921s][info][gc,heap        ] GC(294) PSYoungGen: 1048576K(1223168K)->72931K(1223168K) Eden: 1048576K(1048576K)->72931K(1048576K) From: 0K(174592K)->0K(174592K)
[191.921s][info][gc,heap        ] GC(294) ParOldGen: 2796492K(2796544K)->2796529K(2796544K)
[191.921s][info][gc,metaspace   ] GC(294) Metaspace: 10566K(10816K)->10566K(10816K) NonClass: 9531K(9664K)->9531K(9664K) Class: 1034K(1152K)->1034K(1152K)
[191.921s][info][gc             ] GC(294) Pause Full (Ergonomics) 3754M->2802M(3925M) 177.035ms
[191.921s][info][gc,cpu         ] GC(294) User=1.31s Sys=0.01s Real=0.17s
[192.393s][info][gc,start       ] GC(295) Pause Full (Ergonomics)
[192.393s][info][gc,phases,start] GC(295) Marking Phase
[192.423s][info][gc,phases      ] GC(295) Marking Phase 29.721ms
[192.423s][info][gc,phases,start] GC(295) Summary Phase
[192.423s][info][gc,phases      ] GC(295) Summary Phase 0.063ms
[192.423s][info][gc,phases,start] GC(295) Adjust Roots
[192.423s][info][gc,phases      ] GC(295) Adjust Roots 0.402ms
[192.423s][info][gc,phases,start] GC(295) Compaction Phase
[192.554s][info][gc,phases      ] GC(295) Compaction Phase 130.959ms
[192.554s][info][gc,phases,start] GC(295) Post Compact
[192.564s][info][gc,phases      ] GC(295) Post Compact 9.336ms
[192.564s][info][gc,heap        ] GC(295) PSYoungGen: 1048576K(1223168K)->73001K(1223168K) Eden: 1048576K(1048576K)->73001K(1048576K) From: 0K(174592K)->0K(174592K)
[192.564s][info][gc,heap        ] GC(295) ParOldGen: 2796529K(2796544K)->2796460K(2796544K)
[192.564s][info][gc,metaspace   ] GC(295) Metaspace: 10566K(10816K)->10566K(10816K) NonClass: 9531K(9664K)->9531K(9664K) Class: 1034K(1152K)->1034K(1152K)
[192.564s][info][gc             ] GC(295) Pause Full (Ergonomics) 3754M->2802M(3925M) 170.813ms
[192.564s][info][gc,cpu         ] GC(295) User=1.30s Sys=0.01s Real=0.18s
[193.027s][info][gc,start       ] GC(296) Pause Full (Ergonomics)
[193.027s][info][gc,phases,start] GC(296) Marking Phase
[193.058s][info][gc,phases      ] GC(296) Marking Phase 31.139ms
[193.058s][info][gc,phases,start] GC(296) Summary Phase
[193.058s][info][gc,phases      ] GC(296) Summary Phase 0.064ms
[193.058s][info][gc,phases,start] GC(296) Adjust Roots
[193.059s][info][gc,phases      ] GC(296) Adjust Roots 0.597ms
[193.059s][info][gc,phases,start] GC(296) Compaction Phase
[193.191s][info][gc,phases      ] GC(296) Compaction Phase 132.199ms
[193.191s][info][gc,phases,start] GC(296) Post Compact
[193.199s][info][gc,phases      ] GC(296) Post Compact 7.952ms
[193.199s][info][gc,heap        ] GC(296) PSYoungGen: 1048576K(1223168K)->72968K(1223168K) Eden: 1048576K(1048576K)->72968K(1048576K) From: 0K(174592K)->0K(174592K)
[193.199s][info][gc,heap        ] GC(296) ParOldGen: 2796460K(2796544K)->2796492K(2796544K)
[193.199s][info][gc,metaspace   ] GC(296) Metaspace: 10566K(10816K)->10566K(10816K) NonClass: 9531K(9664K)->9531K(9664K) Class: 1034K(1152K)->1034K(1152K)
[193.199s][info][gc             ] GC(296) Pause Full (Ergonomics) 3754M->2802M(3925M) 172.289ms
[193.199s][info][gc,cpu         ] GC(296) User=1.31s Sys=0.00s Real=0.17s
[193.666s][info][gc,start       ] GC(297) Pause Full (Ergonomics)
[193.666s][info][gc,phases,start] GC(297) Marking Phase
[193.697s][info][gc,phases      ] GC(297) Marking Phase 30.399ms
[193.697s][info][gc,phases,start] GC(297) Summary Phase
[193.697s][info][gc,phases      ] GC(297) Summary Phase 0.065ms
[193.697s][info][gc,phases,start] GC(297) Adjust Roots
[193.697s][info][gc,phases      ] GC(297) Adjust Roots 0.419ms
[193.697s][info][gc,phases,start] GC(297) Compaction Phase
[193.828s][info][gc,phases      ] GC(297) Compaction Phase 130.669ms
[193.828s][info][gc,phases,start] GC(297) Post Compact
[193.835s][info][gc,phases      ] GC(297) Post Compact 6.960ms
[193.835s][info][gc,heap        ] GC(297) PSYoungGen: 1048576K(1223168K)->72980K(1223168K) Eden: 1048576K(1048576K)->72980K(1048576K) From: 0K(174592K)->0K(174592K)
[193.835s][info][gc,heap        ] GC(297) ParOldGen: 2796492K(2796544K)->2796480K(2796544K)
[193.835s][info][gc,metaspace   ] GC(297) Metaspace: 10566K(10816K)->10566K(10816K) NonClass: 9531K(9664K)->9531K(9664K) Class: 1034K(1152K)->1034K(1152K)
[193.835s][info][gc             ] GC(297) Pause Full (Ergonomics) 3754M->2802M(3925M) 168.879ms
[193.835s][info][gc,cpu         ] GC(297) User=1.30s Sys=0.00s Real=0.17s
[194.297s][info][gc,start       ] GC(298) Pause Full (Ergonomics)
[194.297s][info][gc,phases,start] GC(298) Marking Phase
[194.328s][info][gc,phases      ] GC(298) Marking Phase 30.837ms
[194.328s][info][gc,phases,start] GC(298) Summary Phase
[194.328s][info][gc,phases      ] GC(298) Summary Phase 0.064ms
[194.328s][info][gc,phases,start] GC(298) Adjust Roots
[194.328s][info][gc,phases      ] GC(298) Adjust Roots 0.401ms
[194.328s][info][gc,phases,start] GC(298) Compaction Phase
[194.459s][info][gc,phases      ] GC(298) Compaction Phase 130.504ms
[194.459s][info][gc,phases,start] GC(298) Post Compact
[194.470s][info][gc,phases      ] GC(298) Post Compact 11.167ms
[194.470s][info][gc,heap        ] GC(298) PSYoungGen: 1048576K(1223168K)->73399K(1223168K) Eden: 1048576K(1048576K)->73399K(1048576K) From: 0K(174592K)->0K(174592K)
[194.470s][info][gc,heap        ] GC(298) ParOldGen: 2796480K(2796544K)->2796061K(2796544K)
[194.470s][info][gc,metaspace   ] GC(298) Metaspace: 10566K(10816K)->10566K(10816K) NonClass: 9531K(9664K)->9531K(9664K) Class: 1034K(1152K)->1034K(1152K)
[194.470s][info][gc             ] GC(298) Pause Full (Ergonomics) 3754M->2802M(3925M) 173.332ms
[194.470s][info][gc,cpu         ] GC(298) User=1.32s Sys=0.00s Real=0.17s
[194.939s][info][gc,start       ] GC(299) Pause Full (Ergonomics)
[194.939s][info][gc,phases,start] GC(299) Marking Phase
[194.970s][info][gc,phases      ] GC(299) Marking Phase 30.705ms
[194.970s][info][gc,phases,start] GC(299) Summary Phase
[194.970s][info][gc,phases      ] GC(299) Summary Phase 0.064ms
[194.970s][info][gc,phases,start] GC(299) Adjust Roots
[194.970s][info][gc,phases      ] GC(299) Adjust Roots 0.416ms
[194.970s][info][gc,phases,start] GC(299) Compaction Phase
[195.101s][info][gc,phases      ] GC(299) Compaction Phase 130.925ms
[195.101s][info][gc,phases,start] GC(299) Post Compact
[195.108s][info][gc,phases      ] GC(299) Post Compact 6.878ms
[195.108s][info][gc,heap        ] GC(299) PSYoungGen: 1048576K(1223168K)->72964K(1223168K) Eden: 1048576K(1048576K)->72964K(1048576K) From: 0K(174592K)->0K(174592K)
[195.108s][info][gc,heap        ] GC(299) ParOldGen: 2796061K(2796544K)->2796496K(2796544K)
[195.108s][info][gc,metaspace   ] GC(299) Metaspace: 10566K(10816K)->10566K(10816K) NonClass: 9531K(9664K)->9531K(9664K) Class: 1034K(1152K)->1034K(1152K)
[195.108s][info][gc             ] GC(299) Pause Full (Ergonomics) 3754M->2802M(3925M) 169.317ms
[195.108s][info][gc,cpu         ] GC(299) User=1.30s Sys=0.00s Real=0.17s
[195.583s][info][gc,start       ] GC(300) Pause Full (Ergonomics)
[195.583s][info][gc,phases,start] GC(300) Marking Phase
[195.614s][info][gc,phases      ] GC(300) Marking Phase 31.520ms
[195.614s][info][gc,phases,start] GC(300) Summary Phase
[195.614s][info][gc,phases      ] GC(300) Summary Phase 0.064ms
[195.614s][info][gc,phases,start] GC(300) Adjust Roots
[195.615s][info][gc,phases      ] GC(300) Adjust Roots 0.572ms
[195.615s][info][gc,phases,start] GC(300) Compaction Phase
[195.747s][info][gc,phases      ] GC(300) Compaction Phase 131.932ms
[195.747s][info][gc,phases,start] GC(300) Post Compact
[195.754s][info][gc,phases      ] GC(300) Post Compact 7.417ms
[195.754s][info][gc,heap        ] GC(300) PSYoungGen: 1048576K(1223168K)->72972K(1223168K) Eden: 1048576K(1048576K)->72972K(1048576K) From: 0K(174592K)->0K(174592K)
[195.754s][info][gc,heap        ] GC(300) ParOldGen: 2796496K(2796544K)->2796488K(2796544K)
[195.754s][info][gc,metaspace   ] GC(300) Metaspace: 10566K(10816K)->10566K(10816K) NonClass: 9531K(9664K)->9531K(9664K) Class: 1034K(1152K)->1034K(1152K)
[195.754s][info][gc             ] GC(300) Pause Full (Ergonomics) 3754M->2802M(3925M) 171.841ms
[195.754s][info][gc,cpu         ] GC(300) User=1.31s Sys=0.00s Real=0.17s
[196.218s][info][gc,start       ] GC(301) Pause Full (Ergonomics)
[196.218s][info][gc,phases,start] GC(301) Marking Phase
[196.248s][info][gc,phases      ] GC(301) Marking Phase 30.403ms
[196.249s][info][gc,phases,start] GC(301) Summary Phase
[196.249s][info][gc,phases      ] GC(301) Summary Phase 0.064ms
[196.249s][info][gc,phases,start] GC(301) Adjust Roots
[196.249s][info][gc,phases      ] GC(301) Adjust Roots 0.551ms
[196.249s][info][gc,phases,start] GC(301) Compaction Phase
[196.379s][info][gc,phases      ] GC(301) Compaction Phase 129.990ms
[196.379s][info][gc,phases,start] GC(301) Post Compact
[196.390s][info][gc,phases      ] GC(301) Post Compact 10.777ms
[196.390s][info][gc,heap        ] GC(301) PSYoungGen: 1048576K(1223168K)->72956K(1223168K) Eden: 1048576K(1048576K)->72956K(1048576K) From: 0K(174592K)->0K(174592K)
[196.390s][info][gc,heap        ] GC(301) ParOldGen: 2796488K(2796544K)->2796504K(2796544K)
[196.390s][info][gc,metaspace   ] GC(301) Metaspace: 10566K(10816K)->10566K(10816K) NonClass: 9531K(9664K)->9531K(9664K) Class: 1034K(1152K)->1034K(1152K)
[196.390s][info][gc             ] GC(301) Pause Full (Ergonomics) 3754M->2802M(3925M) 172.130ms
[196.390s][info][gc,cpu         ] GC(301) User=1.31s Sys=0.00s Real=0.17s
[196.858s][info][gc,start       ] GC(302) Pause Full (Ergonomics)
[196.859s][info][gc,phases,start] GC(302) Marking Phase
[196.888s][info][gc,phases      ] GC(302) Marking Phase 29.774ms
[196.888s][info][gc,phases,start] GC(302) Summary Phase
[196.888s][info][gc,phases      ] GC(302) Summary Phase 0.063ms
[196.888s][info][gc,phases,start] GC(302) Adjust Roots
[196.889s][info][gc,phases      ] GC(302) Adjust Roots 0.418ms
[196.889s][info][gc,phases,start] GC(302) Compaction Phase
[197.021s][info][gc,phases      ] GC(302) Compaction Phase 131.845ms
[197.021s][info][gc,phases,start] GC(302) Post Compact
[197.030s][info][gc,phases      ] GC(302) Post Compact 8.807ms
[197.030s][info][gc,heap        ] GC(302) PSYoungGen: 1048576K(1223168K)->72927K(1223168K) Eden: 1048576K(1048576K)->72927K(1048576K) From: 0K(174592K)->0K(174592K)
[197.030s][info][gc,heap        ] GC(302) ParOldGen: 2796504K(2796544K)->2796537K(2796544K)
[197.030s][info][gc,metaspace   ] GC(302) Metaspace: 10566K(10816K)->10566K(10816K) NonClass: 9531K(9664K)->9531K(9664K) Class: 1034K(1152K)->1034K(1152K)
[197.030s][info][gc             ] GC(302) Pause Full (Ergonomics) 3754M->2802M(3925M) 171.235ms
[197.030s][info][gc,cpu         ] GC(302) User=1.31s Sys=0.00s Real=0.17s
[197.504s][info][gc,start       ] GC(303) Pause Full (Ergonomics)
[197.504s][info][gc,phases,start] GC(303) Marking Phase
[197.534s][info][gc,phases      ] GC(303) Marking Phase 30.315ms
[197.534s][info][gc,phases,start] GC(303) Summary Phase
[197.534s][info][gc,phases      ] GC(303) Summary Phase 0.064ms
[197.534s][info][gc,phases,start] GC(303) Adjust Roots
[197.535s][info][gc,phases      ] GC(303) Adjust Roots 0.401ms
[197.535s][info][gc,phases,start] GC(303) Compaction Phase
[197.665s][info][gc,phases      ] GC(303) Compaction Phase 130.161ms
[197.665s][info][gc,phases,start] GC(303) Post Compact
[197.674s][info][gc,phases      ] GC(303) Post Compact 9.028ms
[197.674s][info][gc,heap        ] GC(303) PSYoungGen: 1048576K(1223168K)->72944K(1223168K) Eden: 1048576K(1048576K)->72944K(1048576K) From: 0K(174592K)->0K(174592K)
[197.674s][info][gc,heap        ] GC(303) ParOldGen: 2796537K(2796544K)->2796517K(2796544K)
[197.674s][info][gc,metaspace   ] GC(303) Metaspace: 10566K(10816K)->10566K(10816K) NonClass: 9531K(9664K)->9531K(9664K) Class: 1034K(1152K)->1034K(1152K)
[197.674s][info][gc             ] GC(303) Pause Full (Ergonomics) 3754M->2802M(3925M) 170.294ms
[197.674s][info][gc,cpu         ] GC(303) User=1.29s Sys=0.02s Real=0.17s
[198.154s][info][gc,start       ] GC(304) Pause Full (Ergonomics)
[198.154s][info][gc,phases,start] GC(304) Marking Phase
[198.185s][info][gc,phases      ] GC(304) Marking Phase 30.156ms
[198.185s][info][gc,phases,start] GC(304) Summary Phase
[198.185s][info][gc,phases      ] GC(304) Summary Phase 0.064ms
[198.185s][info][gc,phases,start] GC(304) Adjust Roots
[198.185s][info][gc,phases      ] GC(304) Adjust Roots 0.547ms
[198.185s][info][gc,phases,start] GC(304) Compaction Phase
[198.316s][info][gc,phases      ] GC(304) Compaction Phase 130.960ms
[198.316s][info][gc,phases,start] GC(304) Post Compact
[198.326s][info][gc,phases      ] GC(304) Post Compact 10.029ms
[198.326s][info][gc,heap        ] GC(304) PSYoungGen: 1048576K(1223168K)->72997K(1223168K) Eden: 1048576K(1048576K)->72997K(1048576K) From: 0K(174592K)->0K(174592K)
[198.326s][info][gc,heap        ] GC(304) ParOldGen: 2796517K(2796544K)->2796464K(2796544K)
[198.326s][info][gc,metaspace   ] GC(304) Metaspace: 10566K(10816K)->10566K(10816K) NonClass: 9531K(9664K)->9531K(9664K) Class: 1034K(1152K)->1034K(1152K)
[198.327s][info][gc             ] GC(304) Pause Full (Ergonomics) 3754M->2802M(3925M) 172.089ms
[198.327s][info][gc,cpu         ] GC(304) User=1.31s Sys=0.00s Real=0.17s
[198.794s][info][gc,start       ] GC(305) Pause Full (Ergonomics)
[198.794s][info][gc,phases,start] GC(305) Marking Phase
[198.824s][info][gc,phases      ] GC(305) Marking Phase 30.215ms
[198.824s][info][gc,phases,start] GC(305) Summary Phase
[198.824s][info][gc,phases      ] GC(305) Summary Phase 0.064ms
[198.825s][info][gc,phases,start] GC(305) Adjust Roots
[198.825s][info][gc,phases      ] GC(305) Adjust Roots 0.548ms
[198.825s][info][gc,phases,start] GC(305) Compaction Phase
[198.957s][info][gc,phases      ] GC(305) Compaction Phase 131.527ms
[198.957s][info][gc,phases,start] GC(305) Post Compact
[198.965s][info][gc,phases      ] GC(305) Post Compact 8.035ms
[198.965s][info][gc,heap        ] GC(305) PSYoungGen: 1048576K(1223168K)->72976K(1223168K) Eden: 1048576K(1048576K)->72976K(1048576K) From: 0K(174592K)->0K(174592K)
[198.965s][info][gc,heap        ] GC(305) ParOldGen: 2796464K(2796544K)->2796484K(2796544K)
[198.965s][info][gc,metaspace   ] GC(305) Metaspace: 10566K(10816K)->10566K(10816K) NonClass: 9531K(9664K)->9531K(9664K) Class: 1034K(1152K)->1034K(1152K)
[198.965s][info][gc             ] GC(305) Pause Full (Ergonomics) 3754M->2802M(3925M) 170.721ms
[198.965s][info][gc,cpu         ] GC(305) User=1.32s Sys=0.01s Real=0.17s
[199.429s][info][gc,start       ] GC(306) Pause Full (Ergonomics)
[199.429s][info][gc,phases,start] GC(306) Marking Phase
[199.459s][info][gc,phases      ] GC(306) Marking Phase 29.804ms
[199.459s][info][gc,phases,start] GC(306) Summary Phase
[199.459s][info][gc,phases      ] GC(306) Summary Phase 0.064ms
[199.459s][info][gc,phases,start] GC(306) Adjust Roots
[199.460s][info][gc,phases      ] GC(306) Adjust Roots 0.715ms
[199.460s][info][gc,phases,start] GC(306) Compaction Phase
[199.592s][info][gc,phases      ] GC(306) Compaction Phase 131.866ms
[199.592s][info][gc,phases,start] GC(306) Post Compact
[199.601s][info][gc,phases      ] GC(306) Post Compact 9.370ms
[199.602s][info][gc,heap        ] GC(306) PSYoungGen: 1048576K(1223168K)->72976K(1223168K) Eden: 1048576K(1048576K)->72976K(1048576K) From: 0K(174592K)->0K(174592K)
[199.602s][info][gc,heap        ] GC(306) ParOldGen: 2796484K(2796544K)->2796484K(2796544K)
[199.602s][info][gc,metaspace   ] GC(306) Metaspace: 10566K(10816K)->10566K(10816K) NonClass: 9531K(9664K)->9531K(9664K) Class: 1034K(1152K)->1034K(1152K)
[199.602s][info][gc             ] GC(306) Pause Full (Ergonomics) 3754M->2802M(3925M) 172.154ms
[199.602s][info][gc,cpu         ] GC(306) User=1.31s Sys=0.00s Real=0.18s
[200.064s][info][gc,start       ] GC(307) Pause Full (Ergonomics)
[200.064s][info][gc,phases,start] GC(307) Marking Phase
[200.094s][info][gc,phases      ] GC(307) Marking Phase 30.312ms
[200.094s][info][gc,phases,start] GC(307) Summary Phase
[200.095s][info][gc,phases      ] GC(307) Summary Phase 0.064ms
[200.095s][info][gc,phases,start] GC(307) Adjust Roots
[200.095s][info][gc,phases      ] GC(307) Adjust Roots 0.580ms
[200.095s][info][gc,phases,start] GC(307) Compaction Phase
[200.227s][info][gc,phases      ] GC(307) Compaction Phase 131.894ms
[200.227s][info][gc,phases,start] GC(307) Post Compact
[200.238s][info][gc,phases      ] GC(307) Post Compact 10.866ms
[200.238s][info][gc,heap        ] GC(307) PSYoungGen: 1048576K(1223168K)->72952K(1223168K) Eden: 1048576K(1048576K)->72952K(1048576K) From: 0K(174592K)->0K(174592K)
[200.238s][info][gc,heap        ] GC(307) ParOldGen: 2796484K(2796544K)->2796508K(2796544K)
[200.238s][info][gc,metaspace   ] GC(307) Metaspace: 10566K(10816K)->10566K(10816K) NonClass: 9531K(9664K)->9531K(9664K) Class: 1034K(1152K)->1034K(1152K)
[200.238s][info][gc             ] GC(307) Pause Full (Ergonomics) 3754M->2802M(3925M) 174.091ms
[200.238s][info][gc,cpu         ] GC(307) User=1.30s Sys=0.00s Real=0.17s
[200.708s][info][gc,start       ] GC(308) Pause Full (Ergonomics)
[200.708s][info][gc,phases,start] GC(308) Marking Phase
[200.739s][info][gc,phases      ] GC(308) Marking Phase 31.124ms
[200.739s][info][gc,phases,start] GC(308) Summary Phase
[200.739s][info][gc,phases      ] GC(308) Summary Phase 0.064ms
[200.739s][info][gc,phases,start] GC(308) Adjust Roots
[200.740s][info][gc,phases      ] GC(308) Adjust Roots 0.401ms
[200.740s][info][gc,phases,start] GC(308) Compaction Phase
[200.871s][info][gc,phases      ] GC(308) Compaction Phase 131.310ms
[200.871s][info][gc,phases,start] GC(308) Post Compact
[200.883s][info][gc,phases      ] GC(308) Post Compact 11.434ms
[200.883s][info][gc,heap        ] GC(308) PSYoungGen: 1048576K(1223168K)->73400K(1223168K) Eden: 1048576K(1048576K)->73400K(1048576K) From: 0K(174592K)->0K(174592K)
[200.883s][info][gc,heap        ] GC(308) ParOldGen: 2796508K(2796544K)->2796061K(2796544K)
[200.883s][info][gc,metaspace   ] GC(308) Metaspace: 10566K(10816K)->10566K(10816K) NonClass: 9531K(9664K)->9531K(9664K) Class: 1034K(1152K)->1034K(1152K)
[200.883s][info][gc             ] GC(308) Pause Full (Ergonomics) 3754M->2802M(3925M) 174.665ms
[200.883s][info][gc,cpu         ] GC(308) User=1.32s Sys=0.00s Real=0.18s
[201.350s][info][gc,start       ] GC(309) Pause Full (Ergonomics)
[201.350s][info][gc,phases,start] GC(309) Marking Phase
[201.381s][info][gc,phases      ] GC(309) Marking Phase 30.853ms
[201.381s][info][gc,phases,start] GC(309) Summary Phase
[201.381s][info][gc,phases      ] GC(309) Summary Phase 0.064ms
[201.381s][info][gc,phases,start] GC(309) Adjust Roots
[201.381s][info][gc,phases      ] GC(309) Adjust Roots 0.555ms
[201.381s][info][gc,phases,start] GC(309) Compaction Phase
[201.513s][info][gc,phases      ] GC(309) Compaction Phase 131.263ms
[201.513s][info][gc,phases,start] GC(309) Post Compact
[201.520s][info][gc,phases      ] GC(309) Post Compact 7.740ms
[201.521s][info][gc,heap        ] GC(309) PSYoungGen: 1048576K(1223168K)->72968K(1223168K) Eden: 1048576K(1048576K)->72968K(1048576K) From: 0K(174592K)->0K(174592K)
[201.521s][info][gc,heap        ] GC(309) ParOldGen: 2796061K(2796544K)->2796492K(2796544K)
[201.521s][info][gc,metaspace   ] GC(309) Metaspace: 10566K(10816K)->10566K(10816K) NonClass: 9531K(9664K)->9531K(9664K) Class: 1034K(1152K)->1034K(1152K)
[201.521s][info][gc             ] GC(309) Pause Full (Ergonomics) 3754M->2802M(3925M) 170.817ms
[201.521s][info][gc,cpu         ] GC(309) User=1.31s Sys=0.00s Real=0.17s
[201.991s][info][gc,start       ] GC(310) Pause Full (Ergonomics)
[201.991s][info][gc,phases,start] GC(310) Marking Phase
[202.021s][info][gc,phases      ] GC(310) Marking Phase 29.721ms
[202.021s][info][gc,phases,start] GC(310) Summary Phase
[202.021s][info][gc,phases      ] GC(310) Summary Phase 0.062ms
[202.021s][info][gc,phases,start] GC(310) Adjust Roots
[202.022s][info][gc,phases      ] GC(310) Adjust Roots 0.412ms
[202.022s][info][gc,phases,start] GC(310) Compaction Phase
[202.153s][info][gc,phases      ] GC(310) Compaction Phase 131.269ms
[202.153s][info][gc,phases,start] GC(310) Post Compact
[202.164s][info][gc,phases      ] GC(310) Post Compact 11.426ms
[202.164s][info][gc,heap        ] GC(310) PSYoungGen: 1048576K(1223168K)->72972K(1223168K) Eden: 1048576K(1048576K)->72972K(1048576K) From: 0K(174592K)->0K(174592K)
[202.164s][info][gc,heap        ] GC(310) ParOldGen: 2796492K(2796544K)->2796488K(2796544K)
[202.164s][info][gc,metaspace   ] GC(310) Metaspace: 10566K(10816K)->10566K(10816K) NonClass: 9531K(9664K)->9531K(9664K) Class: 1034K(1152K)->1034K(1152K)
[202.164s][info][gc             ] GC(310) Pause Full (Ergonomics) 3754M->2802M(3925M) 173.226ms
[202.165s][info][gc,cpu         ] GC(310) User=1.32s Sys=0.00s Real=0.18s
[202.633s][info][gc,start       ] GC(311) Pause Full (Ergonomics)
[202.633s][info][gc,phases,start] GC(311) Marking Phase
[202.664s][info][gc,phases      ] GC(311) Marking Phase 31.101ms
[202.664s][info][gc,phases,start] GC(311) Summary Phase
[202.664s][info][gc,phases      ] GC(311) Summary Phase 0.063ms
[202.664s][info][gc,phases,start] GC(311) Adjust Roots
[202.665s][info][gc,phases      ] GC(311) Adjust Roots 0.548ms
[202.665s][info][gc,phases,start] GC(311) Compaction Phase
[202.797s][info][gc,phases      ] GC(311) Compaction Phase 131.799ms
[202.797s][info][gc,phases,start] GC(311) Post Compact
[202.810s][info][gc,phases      ] GC(311) Post Compact 13.465ms
[202.810s][info][gc,heap        ] GC(311) PSYoungGen: 1048576K(1223168K)->72992K(1223168K) Eden: 1048576K(1048576K)->72992K(1048576K) From: 0K(174592K)->0K(174592K)
[202.810s][info][gc,heap        ] GC(311) ParOldGen: 2796488K(2796544K)->2796468K(2796544K)
[202.810s][info][gc,metaspace   ] GC(311) Metaspace: 10566K(10816K)->10566K(10816K) NonClass: 9531K(9664K)->9531K(9664K) Class: 1034K(1152K)->1034K(1152K)
[202.810s][info][gc             ] GC(311) Pause Full (Ergonomics) 3754M->2802M(3925M) 177.330ms
[202.810s][info][gc,cpu         ] GC(311) User=1.32s Sys=0.00s Real=0.18s
[203.285s][info][gc,start       ] GC(312) Pause Full (Ergonomics)
[203.285s][info][gc,phases,start] GC(312) Marking Phase
[203.316s][info][gc,phases      ] GC(312) Marking Phase 30.483ms
[203.316s][info][gc,phases,start] GC(312) Summary Phase
[203.316s][info][gc,phases      ] GC(312) Summary Phase 0.063ms
[203.316s][info][gc,phases,start] GC(312) Adjust Roots
[203.316s][info][gc,phases      ] GC(312) Adjust Roots 0.402ms
[203.316s][info][gc,phases,start] GC(312) Compaction Phase
[203.447s][info][gc,phases      ] GC(312) Compaction Phase 131.179ms
[203.447s][info][gc,phases,start] GC(312) Post Compact
[203.459s][info][gc,phases      ] GC(312) Post Compact 11.346ms
[203.459s][info][gc,heap        ] GC(312) PSYoungGen: 1048576K(1223168K)->72944K(1223168K) Eden: 1048576K(1048576K)->72944K(1048576K) From: 0K(174592K)->0K(174592K)
[203.459s][info][gc,heap        ] GC(312) ParOldGen: 2796468K(2796544K)->2796517K(2796544K)
[203.459s][info][gc,metaspace   ] GC(312) Metaspace: 10566K(10816K)->10566K(10816K) NonClass: 9531K(9664K)->9531K(9664K) Class: 1034K(1152K)->1034K(1152K)
[203.459s][info][gc             ] GC(312) Pause Full (Ergonomics) 3754M->2802M(3925M) 173.814ms
[203.459s][info][gc,cpu         ] GC(312) User=1.32s Sys=0.00s Real=0.17s
[203.923s][info][gc,start       ] GC(313) Pause Full (Ergonomics)
[203.923s][info][gc,phases,start] GC(313) Marking Phase
[203.953s][info][gc,phases      ] GC(313) Marking Phase 30.266ms
[203.953s][info][gc,phases,start] GC(313) Summary Phase
[203.953s][info][gc,phases      ] GC(313) Summary Phase 0.064ms
[203.953s][info][gc,phases,start] GC(313) Adjust Roots
[203.954s][info][gc,phases      ] GC(313) Adjust Roots 0.410ms
[203.954s][info][gc,phases,start] GC(313) Compaction Phase
[204.085s][info][gc,phases      ] GC(313) Compaction Phase 131.207ms
[204.085s][info][gc,phases,start] GC(313) Post Compact
[204.094s][info][gc,phases      ] GC(313) Post Compact 8.901ms
[204.094s][info][gc,heap        ] GC(313) PSYoungGen: 1048576K(1223168K)->72923K(1223168K) Eden: 1048576K(1048576K)->72923K(1048576K) From: 0K(174592K)->0K(174592K)
[204.094s][info][gc,heap        ] GC(313) ParOldGen: 2796517K(2796544K)->2796537K(2796544K)
[204.094s][info][gc,metaspace   ] GC(313) Metaspace: 10566K(10816K)->10566K(10816K) NonClass: 9531K(9664K)->9531K(9664K) Class: 1034K(1152K)->1034K(1152K)
[204.094s][info][gc             ] GC(313) Pause Full (Ergonomics) 3754M->2802M(3925M) 171.179ms
[204.094s][info][gc,cpu         ] GC(313) User=1.31s Sys=0.00s Real=0.17s
[204.567s][info][gc,start       ] GC(314) Pause Full (Ergonomics)
[204.567s][info][gc,phases,start] GC(314) Marking Phase
[204.597s][info][gc,phases      ] GC(314) Marking Phase 29.582ms
[204.597s][info][gc,phases,start] GC(314) Summary Phase
[204.597s][info][gc,phases      ] GC(314) Summary Phase 0.084ms
[204.597s][info][gc,phases,start] GC(314) Adjust Roots
[204.597s][info][gc,phases      ] GC(314) Adjust Roots 0.403ms
[204.597s][info][gc,phases,start] GC(314) Compaction Phase
[204.729s][info][gc,phases      ] GC(314) Compaction Phase 131.671ms
[204.729s][info][gc,phases,start] GC(314) Post Compact
[204.738s][info][gc,phases      ] GC(314) Post Compact 9.052ms
[204.738s][info][gc,heap        ] GC(314) PSYoungGen: 1048576K(1223168K)->72939K(1223168K) Eden: 1048576K(1048576K)->72939K(1048576K) From: 0K(174592K)->0K(174592K)
[204.738s][info][gc,heap        ] GC(314) ParOldGen: 2796537K(2796544K)->2796521K(2796544K)
[204.738s][info][gc,metaspace   ] GC(314) Metaspace: 10566K(10816K)->10566K(10816K) NonClass: 9531K(9664K)->9531K(9664K) Class: 1034K(1152K)->1034K(1152K)
[204.738s][info][gc             ] GC(314) Pause Full (Ergonomics) 3754M->2802M(3925M) 171.136ms
[204.738s][info][gc,cpu         ] GC(314) User=1.29s Sys=0.01s Real=0.17s
[205.208s][info][gc,start       ] GC(315) Pause Full (Ergonomics)
[205.208s][info][gc,phases,start] GC(315) Marking Phase
[205.239s][info][gc,phases      ] GC(315) Marking Phase 30.591ms
[205.239s][info][gc,phases,start] GC(315) Summary Phase
[205.239s][info][gc,phases      ] GC(315) Summary Phase 0.065ms
[205.239s][info][gc,phases,start] GC(315) Adjust Roots
[205.240s][info][gc,phases      ] GC(315) Adjust Roots 0.554ms
[205.240s][info][gc,phases,start] GC(315) Compaction Phase
[205.371s][info][gc,phases      ] GC(315) Compaction Phase 131.874ms
[205.372s][info][gc,phases,start] GC(315) Post Compact
[205.379s][info][gc,phases      ] GC(315) Post Compact 7.721ms
[205.379s][info][gc,heap        ] GC(315) PSYoungGen: 1048576K(1223168K)->72960K(1223168K) Eden: 1048576K(1048576K)->72960K(1048576K) From: 0K(174592K)->0K(174592K)
[205.379s][info][gc,heap        ] GC(315) ParOldGen: 2796521K(2796544K)->2796500K(2796544K)
[205.379s][info][gc,metaspace   ] GC(315) Metaspace: 10566K(10816K)->10566K(10816K) NonClass: 9531K(9664K)->9531K(9664K) Class: 1034K(1152K)->1034K(1152K)
[205.379s][info][gc             ] GC(315) Pause Full (Ergonomics) 3754M->2802M(3925M) 171.157ms
[205.379s][info][gc,cpu         ] GC(315) User=1.31s Sys=0.00s Real=0.17s
[205.849s][info][gc,start       ] GC(316) Pause Full (Ergonomics)
[205.850s][info][gc,phases,start] GC(316) Marking Phase
[205.879s][info][gc,phases      ] GC(316) Marking Phase 29.811ms
[205.879s][info][gc,phases,start] GC(316) Summary Phase
[205.879s][info][gc,phases      ] GC(316) Summary Phase 0.063ms
[205.879s][info][gc,phases,start] GC(316) Adjust Roots
[205.880s][info][gc,phases      ] GC(316) Adjust Roots 0.619ms
[205.880s][info][gc,phases,start] GC(316) Compaction Phase
[206.012s][info][gc,phases      ] GC(316) Compaction Phase 131.414ms
[206.012s][info][gc,phases,start] GC(316) Post Compact
[206.019s][info][gc,phases      ] GC(316) Post Compact 7.143ms
[206.019s][info][gc,heap        ] GC(316) PSYoungGen: 1048576K(1223168K)->72992K(1223168K) Eden: 1048576K(1048576K)->72992K(1048576K) From: 0K(174592K)->0K(174592K)
[206.019s][info][gc,heap        ] GC(316) ParOldGen: 2796500K(2796544K)->2796468K(2796544K)
[206.019s][info][gc,metaspace   ] GC(316) Metaspace: 10566K(10816K)->10566K(10816K) NonClass: 9531K(9664K)->9531K(9664K) Class: 1034K(1152K)->1034K(1152K)
[206.019s][info][gc             ] GC(316) Pause Full (Ergonomics) 3754M->2802M(3925M) 169.390ms
[206.019s][info][gc,cpu         ] GC(316) User=1.31s Sys=0.00s Real=0.17s
[206.491s][info][gc,start       ] GC(317) Pause Full (Ergonomics)
[206.491s][info][gc,phases,start] GC(317) Marking Phase
[206.521s][info][gc,phases      ] GC(317) Marking Phase 29.656ms
[206.521s][info][gc,phases,start] GC(317) Summary Phase
[206.521s][info][gc,phases      ] GC(317) Summary Phase 0.063ms
[206.521s][info][gc,phases,start] GC(317) Adjust Roots
[206.521s][info][gc,phases      ] GC(317) Adjust Roots 0.398ms
[206.521s][info][gc,phases,start] GC(317) Compaction Phase
[206.652s][info][gc,phases      ] GC(317) Compaction Phase 131.067ms
[206.652s][info][gc,phases,start] GC(317) Post Compact
[206.663s][info][gc,phases      ] GC(317) Post Compact 10.304ms
[206.663s][info][gc,heap        ] GC(317) PSYoungGen: 1048576K(1223168K)->72980K(1223168K) Eden: 1048576K(1048576K)->72980K(1048576K) From: 0K(174592K)->0K(174592K)
[206.663s][info][gc,heap        ] GC(317) ParOldGen: 2796468K(2796544K)->2796480K(2796544K)
[206.663s][info][gc,metaspace   ] GC(317) Metaspace: 10566K(10816K)->10566K(10816K) NonClass: 9531K(9664K)->9531K(9664K) Class: 1034K(1152K)->1034K(1152K)
[206.663s][info][gc             ] GC(317) Pause Full (Ergonomics) 3754M->2802M(3925M) 171.855ms
[206.663s][info][gc,cpu         ] GC(317) User=1.31s Sys=0.00s Real=0.18s
[207.128s][info][gc,start       ] GC(318) Pause Full (Ergonomics)
[207.128s][info][gc,phases,start] GC(318) Marking Phase
[207.159s][info][gc,phases      ] GC(318) Marking Phase 31.142ms
[207.159s][info][gc,phases,start] GC(318) Summary Phase
[207.159s][info][gc,phases      ] GC(318) Summary Phase 0.064ms
[207.159s][info][gc,phases,start] GC(318) Adjust Roots
[207.159s][info][gc,phases      ] GC(318) Adjust Roots 0.402ms
[207.159s][info][gc,phases,start] GC(318) Compaction Phase
[207.290s][info][gc,phases      ] GC(318) Compaction Phase 131.023ms
[207.290s][info][gc,phases,start] GC(318) Post Compact
[207.300s][info][gc,phases      ] GC(318) Post Compact 10.017ms
[207.301s][info][gc,heap        ] GC(318) PSYoungGen: 1048576K(1223168K)->72956K(1223168K) Eden: 1048576K(1048576K)->72956K(1048576K) From: 0K(174592K)->0K(174592K)
[207.301s][info][gc,heap        ] GC(318) ParOldGen: 2796480K(2796544K)->2796504K(2796544K)
[207.301s][info][gc,metaspace   ] GC(318) Metaspace: 10566K(10816K)->10566K(10816K) NonClass: 9531K(9664K)->9531K(9664K) Class: 1034K(1152K)->1034K(1152K)
[207.301s][info][gc             ] GC(318) Pause Full (Ergonomics) 3754M->2802M(3925M) 172.980ms
[207.301s][info][gc,cpu         ] GC(318) User=1.31s Sys=0.00s Real=0.17s
[207.777s][info][gc,start       ] GC(319) Pause Full (Ergonomics)
[207.777s][info][gc,phases,start] GC(319) Marking Phase
[207.807s][info][gc,phases      ] GC(319) Marking Phase 29.421ms
[207.807s][info][gc,phases,start] GC(319) Summary Phase
[207.807s][info][gc,phases      ] GC(319) Summary Phase 0.063ms
[207.807s][info][gc,phases,start] GC(319) Adjust Roots
[207.807s][info][gc,phases      ] GC(319) Adjust Roots 0.565ms
[207.807s][info][gc,phases,start] GC(319) Compaction Phase
[207.937s][info][gc,phases      ] GC(319) Compaction Phase 130.246ms
[207.938s][info][gc,phases,start] GC(319) Post Compact
[207.951s][info][gc,phases      ] GC(319) Post Compact 13.365ms
[207.951s][info][gc,heap        ] GC(319) PSYoungGen: 1048576K(1223168K)->72997K(1223168K) Eden: 1048576K(1048576K)->72997K(1048576K) From: 0K(174592K)->0K(174592K)
[207.951s][info][gc,heap        ] GC(319) ParOldGen: 2796504K(2796544K)->2796463K(2796544K)
[207.951s][info][gc,metaspace   ] GC(319) Metaspace: 10566K(10816K)->10566K(10816K) NonClass: 9531K(9664K)->9531K(9664K) Class: 1034K(1152K)->1034K(1152K)
[207.951s][info][gc             ] GC(319) Pause Full (Ergonomics) 3754M->2802M(3925M) 173.998ms
[207.951s][info][gc,cpu         ] GC(319) User=1.31s Sys=0.00s Real=0.17s
[208.419s][info][gc,start       ] GC(320) Pause Full (Ergonomics)
[208.419s][info][gc,phases,start] GC(320) Marking Phase
[208.450s][info][gc,phases      ] GC(320) Marking Phase 30.259ms
[208.450s][info][gc,phases,start] GC(320) Summary Phase
[208.450s][info][gc,phases      ] GC(320) Summary Phase 0.065ms
[208.450s][info][gc,phases,start] GC(320) Adjust Roots
[208.450s][info][gc,phases      ] GC(320) Adjust Roots 0.622ms
[208.450s][info][gc,phases,start] GC(320) Compaction Phase
[208.581s][info][gc,phases      ] GC(320) Compaction Phase 130.151ms
[208.581s][info][gc,phases,start] GC(320) Post Compact
[208.592s][info][gc,phases      ] GC(320) Post Compact 11.440ms
[208.592s][info][gc,heap        ] GC(320) PSYoungGen: 1048576K(1223168K)->72927K(1223168K) Eden: 1048576K(1048576K)->72927K(1048576K) From: 0K(174592K)->0K(174592K)
[208.592s][info][gc,heap        ] GC(320) ParOldGen: 2796463K(2796544K)->2796533K(2796544K)
[208.592s][info][gc,metaspace   ] GC(320) Metaspace: 10566K(10816K)->10566K(10816K) NonClass: 9531K(9664K)->9531K(9664K) Class: 1034K(1152K)->1034K(1152K)
[208.592s][info][gc             ] GC(320) Pause Full (Ergonomics) 3754M->2802M(3925M) 172.909ms
[208.592s][info][gc,cpu         ] GC(320) User=1.30s Sys=0.00s Real=0.17s
[209.058s][info][gc,start       ] GC(321) Pause Full (Ergonomics)
[209.058s][info][gc,phases,start] GC(321) Marking Phase
[209.087s][info][gc,phases      ] GC(321) Marking Phase 29.649ms
[209.088s][info][gc,phases,start] GC(321) Summary Phase
[209.088s][info][gc,phases      ] GC(321) Summary Phase 0.064ms
[209.088s][info][gc,phases,start] GC(321) Adjust Roots
[209.088s][info][gc,phases      ] GC(321) Adjust Roots 0.402ms
[209.088s][info][gc,phases,start] GC(321) Compaction Phase
[209.219s][info][gc,phases      ] GC(321) Compaction Phase 130.837ms
[209.219s][info][gc,phases,start] GC(321) Post Compact
[209.227s][info][gc,phases      ] GC(321) Post Compact 7.616ms
[209.227s][info][gc,heap        ] GC(321) PSYoungGen: 1048576K(1223168K)->72944K(1223168K) Eden: 1048576K(1048576K)->72944K(1048576K) From: 0K(174592K)->0K(174592K)
[209.227s][info][gc,heap        ] GC(321) ParOldGen: 2796533K(2796544K)->2796517K(2796544K)
[209.227s][info][gc,metaspace   ] GC(321) Metaspace: 10566K(10816K)->10566K(10816K) NonClass: 9531K(9664K)->9531K(9664K) Class: 1034K(1152K)->1034K(1152K)
[209.227s][info][gc             ] GC(321) Pause Full (Ergonomics) 3754M->2802M(3925M) 168.908ms
[209.227s][info][gc,cpu         ] GC(321) User=1.30s Sys=0.00s Real=0.17s
[209.696s][info][gc,start       ] GC(322) Pause Full (Ergonomics)
[209.696s][info][gc,phases,start] GC(322) Marking Phase
[209.726s][info][gc,phases      ] GC(322) Marking Phase 30.009ms
[209.726s][info][gc,phases,start] GC(322) Summary Phase
[209.727s][info][gc,phases      ] GC(322) Summary Phase 0.064ms
[209.727s][info][gc,phases,start] GC(322) Adjust Roots
[209.727s][info][gc,phases      ] GC(322) Adjust Roots 0.622ms
[209.727s][info][gc,phases,start] GC(322) Compaction Phase
[209.859s][info][gc,phases      ] GC(322) Compaction Phase 131.822ms
[209.859s][info][gc,phases,start] GC(322) Post Compact
[209.867s][info][gc,phases      ] GC(322) Post Compact 7.725ms
[209.867s][info][gc,heap        ] GC(322) PSYoungGen: 1048576K(1223168K)->72960K(1223168K) Eden: 1048576K(1048576K)->72960K(1048576K) From: 0K(174592K)->0K(174592K)
[209.867s][info][gc,heap        ] GC(322) ParOldGen: 2796517K(2796544K)->2796500K(2796544K)
[209.867s][info][gc,metaspace   ] GC(322) Metaspace: 10566K(10816K)->10566K(10816K) NonClass: 9531K(9664K)->9531K(9664K) Class: 1034K(1152K)->1034K(1152K)
[209.867s][info][gc             ] GC(322) Pause Full (Ergonomics) 3754M->2802M(3925M) 170.577ms
[209.867s][info][gc,cpu         ] GC(322) User=1.31s Sys=0.00s Real=0.17s
[210.342s][info][gc,start       ] GC(323) Pause Full (Ergonomics)
[210.342s][info][gc,phases,start] GC(323) Marking Phase
[210.372s][info][gc,phases      ] GC(323) Marking Phase 30.024ms
[210.372s][info][gc,phases,start] GC(323) Summary Phase
[210.372s][info][gc,phases      ] GC(323) Summary Phase 0.063ms
[210.372s][info][gc,phases,start] GC(323) Adjust Roots
[210.373s][info][gc,phases      ] GC(323) Adjust Roots 0.552ms
[210.373s][info][gc,phases,start] GC(323) Compaction Phase
[210.503s][info][gc,phases      ] GC(323) Compaction Phase 130.248ms
[210.503s][info][gc,phases,start] GC(323) Post Compact
[210.514s][info][gc,phases      ] GC(323) Post Compact 10.477ms
[210.514s][info][gc,heap        ] GC(323) PSYoungGen: 1048576K(1223168K)->72964K(1223168K) Eden: 1048576K(1048576K)->72964K(1048576K) From: 0K(174592K)->0K(174592K)
[210.514s][info][gc,heap        ] GC(323) ParOldGen: 2796500K(2796544K)->2796496K(2796544K)
[210.514s][info][gc,metaspace   ] GC(323) Metaspace: 10566K(10816K)->10566K(10816K) NonClass: 9531K(9664K)->9531K(9664K) Class: 1034K(1152K)->1034K(1152K)
[210.514s][info][gc             ] GC(323) Pause Full (Ergonomics) 3754M->2802M(3925M) 171.708ms
[210.514s][info][gc,cpu         ] GC(323) User=1.30s Sys=0.02s Real=0.17s
[210.980s][info][gc,start       ] GC(324) Pause Full (Ergonomics)
[210.980s][info][gc,phases,start] GC(324) Marking Phase
[211.009s][info][gc,phases      ] GC(324) Marking Phase 29.292ms
[211.009s][info][gc,phases,start] GC(324) Summary Phase
[211.009s][info][gc,phases      ] GC(324) Summary Phase 0.063ms
[211.009s][info][gc,phases,start] GC(324) Adjust Roots
[211.010s][info][gc,phases      ] GC(324) Adjust Roots 0.406ms
[211.010s][info][gc,phases,start] GC(324) Compaction Phase
[211.141s][info][gc,phases      ] GC(324) Compaction Phase 131.355ms
[211.141s][info][gc,phases,start] GC(324) Post Compact
[211.153s][info][gc,phases      ] GC(324) Post Compact 12.093ms
[211.153s][info][gc,heap        ] GC(324) PSYoungGen: 1048576K(1223168K)->72952K(1223168K) Eden: 1048576K(1048576K)->72952K(1048576K) From: 0K(174592K)->0K(174592K)
[211.153s][info][gc,heap        ] GC(324) ParOldGen: 2796496K(2796544K)->2796508K(2796544K)
[211.153s][info][gc,metaspace   ] GC(324) Metaspace: 10566K(10816K)->10566K(10816K) NonClass: 9531K(9664K)->9531K(9664K) Class: 1034K(1152K)->1034K(1152K)
[211.153s][info][gc             ] GC(324) Pause Full (Ergonomics) 3754M->2802M(3925M) 173.568ms
[211.153s][info][gc,cpu         ] GC(324) User=1.31s Sys=0.00s Real=0.17s
[211.626s][info][gc,start       ] GC(325) Pause Full (Ergonomics)
[211.626s][info][gc,phases,start] GC(325) Marking Phase
[211.657s][info][gc,phases      ] GC(325) Marking Phase 30.530ms
[211.657s][info][gc,phases,start] GC(325) Summary Phase
[211.657s][info][gc,phases      ] GC(325) Summary Phase 0.064ms
[211.657s][info][gc,phases,start] GC(325) Adjust Roots
[211.658s][info][gc,phases      ] GC(325) Adjust Roots 0.558ms
[211.658s][info][gc,phases,start] GC(325) Compaction Phase
[211.789s][info][gc,phases      ] GC(325) Compaction Phase 130.929ms
[211.789s][info][gc,phases,start] GC(325) Post Compact
[211.800s][info][gc,phases      ] GC(325) Post Compact 11.728ms
[211.800s][info][gc,heap        ] GC(325) PSYoungGen: 1048576K(1223168K)->72976K(1223168K) Eden: 1048576K(1048576K)->72976K(1048576K) From: 0K(174592K)->0K(174592K)
[211.800s][info][gc,heap        ] GC(325) ParOldGen: 2796508K(2796544K)->2796484K(2796544K)
[211.801s][info][gc,metaspace   ] GC(325) Metaspace: 10566K(10816K)->10566K(10816K) NonClass: 9531K(9664K)->9531K(9664K) Class: 1034K(1152K)->1034K(1152K)
[211.801s][info][gc             ] GC(325) Pause Full (Ergonomics) 3754M->2802M(3925M) 174.155ms
[211.801s][info][gc,cpu         ] GC(325) User=1.31s Sys=0.00s Real=0.17s
[212.267s][info][gc,start       ] GC(326) Pause Full (Ergonomics)
[212.267s][info][gc,phases,start] GC(326) Marking Phase
[212.297s][info][gc,phases      ] GC(326) Marking Phase 29.791ms
[212.297s][info][gc,phases,start] GC(326) Summary Phase
[212.297s][info][gc,phases      ] GC(326) Summary Phase 0.065ms
[212.297s][info][gc,phases,start] GC(326) Adjust Roots
[212.298s][info][gc,phases      ] GC(326) Adjust Roots 0.601ms
[212.298s][info][gc,phases,start] GC(326) Compaction Phase
[212.429s][info][gc,phases      ] GC(326) Compaction Phase 131.271ms
[212.429s][info][gc,phases,start] GC(326) Post Compact
[212.438s][info][gc,phases      ] GC(326) Post Compact 9.036ms
[212.438s][info][gc,heap        ] GC(326) PSYoungGen: 1048576K(1223168K)->72948K(1223168K) Eden: 1048576K(1048576K)->72948K(1048576K) From: 0K(174592K)->0K(174592K)
[212.438s][info][gc,heap        ] GC(326) ParOldGen: 2796484K(2796544K)->2796513K(2796544K)
[212.438s][info][gc,metaspace   ] GC(326) Metaspace: 10566K(10816K)->10566K(10816K) NonClass: 9531K(9664K)->9531K(9664K) Class: 1034K(1152K)->1034K(1152K)
[212.438s][info][gc             ] GC(326) Pause Full (Ergonomics) 3754M->2802M(3925M) 171.090ms
[212.438s][info][gc,cpu         ] GC(326) User=1.31s Sys=0.00s Real=0.17s
[212.909s][info][gc,start       ] GC(327) Pause Full (Ergonomics)
[212.909s][info][gc,phases,start] GC(327) Marking Phase
[212.938s][info][gc,phases      ] GC(327) Marking Phase 29.683ms
[212.938s][info][gc,phases,start] GC(327) Summary Phase
[212.939s][info][gc,phases      ] GC(327) Summary Phase 0.064ms
[212.939s][info][gc,phases,start] GC(327) Adjust Roots
[212.939s][info][gc,phases      ] GC(327) Adjust Roots 0.577ms
[212.939s][info][gc,phases,start] GC(327) Compaction Phase
[213.071s][info][gc,phases      ] GC(327) Compaction Phase 131.925ms
[213.071s][info][gc,phases,start] GC(327) Post Compact
[213.082s][info][gc,phases      ] GC(327) Post Compact 10.602ms
[213.082s][info][gc,heap        ] GC(327) PSYoungGen: 1048576K(1223168K)->72948K(1223168K) Eden: 1048576K(1048576K)->72948K(1048576K) From: 0K(174592K)->0K(174592K)
[213.082s][info][gc,heap        ] GC(327) ParOldGen: 2796513K(2796544K)->2796512K(2796544K)
[213.082s][info][gc,metaspace   ] GC(327) Metaspace: 10566K(10816K)->10566K(10816K) NonClass: 9531K(9664K)->9531K(9664K) Class: 1034K(1152K)->1034K(1152K)
[213.082s][info][gc             ] GC(327) Pause Full (Ergonomics) 3754M->2802M(3925M) 173.208ms
[213.082s][info][gc,cpu         ] GC(327) User=1.31s Sys=0.00s Real=0.18s
[213.557s][info][gc,start       ] GC(328) Pause Full (Ergonomics)
[213.557s][info][gc,phases,start] GC(328) Marking Phase
[213.587s][info][gc,phases      ] GC(328) Marking Phase 29.986ms
[213.587s][info][gc,phases,start] GC(328) Summary Phase
[213.588s][info][gc,phases      ] GC(328) Summary Phase 0.063ms
[213.588s][info][gc,phases,start] GC(328) Adjust Roots
[213.588s][info][gc,phases      ] GC(328) Adjust Roots 0.402ms
[213.588s][info][gc,phases,start] GC(328) Compaction Phase
[213.718s][info][gc,phases      ] GC(328) Compaction Phase 130.151ms
[213.718s][info][gc,phases,start] GC(328) Post Compact
[213.727s][info][gc,phases      ] GC(328) Post Compact 9.041ms
[213.727s][info][gc,heap        ] GC(328) PSYoungGen: 1048576K(1223168K)->72931K(1223168K) Eden: 1048576K(1048576K)->72931K(1048576K) From: 0K(174592K)->0K(174592K)
[213.727s][info][gc,heap        ] GC(328) ParOldGen: 2796512K(2796544K)->2796529K(2796544K)
[213.727s][info][gc,metaspace   ] GC(328) Metaspace: 10566K(10816K)->10566K(10816K) NonClass: 9531K(9664K)->9531K(9664K) Class: 1034K(1152K)->1034K(1152K)
[213.727s][info][gc             ] GC(328) Pause Full (Ergonomics) 3754M->2802M(3925M) 169.993ms
[213.727s][info][gc,cpu         ] GC(328) User=1.30s Sys=0.00s Real=0.17s
[214.195s][info][gc,start       ] GC(329) Pause Full (Ergonomics)
[214.195s][info][gc,phases,start] GC(329) Marking Phase
[214.226s][info][gc,phases      ] GC(329) Marking Phase 30.167ms
[214.226s][info][gc,phases,start] GC(329) Summary Phase
[214.226s][info][gc,phases      ] GC(329) Summary Phase 0.064ms
[214.226s][info][gc,phases,start] GC(329) Adjust Roots
[214.226s][info][gc,phases      ] GC(329) Adjust Roots 0.406ms
[214.226s][info][gc,phases,start] GC(329) Compaction Phase
[214.356s][info][gc,phases      ] GC(329) Compaction Phase 130.262ms
[214.356s][info][gc,phases,start] GC(329) Post Compact
[214.367s][info][gc,phases      ] GC(329) Post Compact 10.304ms
[214.367s][info][gc,heap        ] GC(329) PSYoungGen: 1048576K(1223168K)->72956K(1223168K) Eden: 1048576K(1048576K)->72956K(1048576K) From: 0K(174592K)->0K(174592K)
[214.367s][info][gc,heap        ] GC(329) ParOldGen: 2796529K(2796544K)->2796504K(2796544K)
[214.367s][info][gc,metaspace   ] GC(329) Metaspace: 10566K(10816K)->10566K(10816K) NonClass: 9531K(9664K)->9531K(9664K) Class: 1034K(1152K)->1034K(1152K)
[214.367s][info][gc             ] GC(329) Pause Full (Ergonomics) 3754M->2802M(3925M) 171.533ms
[214.367s][info][gc,cpu         ] GC(329) User=1.31s Sys=0.00s Real=0.17s
[214.831s][info][gc,start       ] GC(330) Pause Full (Ergonomics)
[214.831s][info][gc,phases,start] GC(330) Marking Phase
[214.862s][info][gc,phases      ] GC(330) Marking Phase 31.400ms
[214.862s][info][gc,phases,start] GC(330) Summary Phase
[214.862s][info][gc,phases      ] GC(330) Summary Phase 0.064ms
[214.862s][info][gc,phases,start] GC(330) Adjust Roots
[214.863s][info][gc,phases      ] GC(330) Adjust Roots 0.404ms
[214.863s][info][gc,phases,start] GC(330) Compaction Phase
[214.993s][info][gc,phases      ] GC(330) Compaction Phase 130.252ms
[214.993s][info][gc,phases,start] GC(330) Post Compact
[215.007s][info][gc,phases      ] GC(330) Post Compact 13.854ms
[215.007s][info][gc,heap        ] GC(330) PSYoungGen: 1048576K(1223168K)->72984K(1223168K) Eden: 1048576K(1048576K)->72984K(1048576K) From: 0K(174592K)->0K(174592K)
[215.007s][info][gc,heap        ] GC(330) ParOldGen: 2796504K(2796544K)->2796476K(2796544K)
[215.007s][info][gc,metaspace   ] GC(330) Metaspace: 10566K(10816K)->10566K(10816K) NonClass: 9531K(9664K)->9531K(9664K) Class: 1034K(1152K)->1034K(1152K)
[215.007s][info][gc             ] GC(330) Pause Full (Ergonomics) 3754M->2802M(3925M) 176.342ms
[215.007s][info][gc,cpu         ] GC(330) User=1.31s Sys=0.00s Real=0.18s
[215.468s][info][gc,start       ] GC(331) Pause Full (Ergonomics)
[215.468s][info][gc,phases,start] GC(331) Marking Phase
[215.499s][info][gc,phases      ] GC(331) Marking Phase 30.533ms
[215.499s][info][gc,phases,start] GC(331) Summary Phase
[215.499s][info][gc,phases      ] GC(331) Summary Phase 0.064ms
[215.499s][info][gc,phases,start] GC(331) Adjust Roots
[215.500s][info][gc,phases      ] GC(331) Adjust Roots 0.551ms
[215.500s][info][gc,phases,start] GC(331) Compaction Phase
[215.631s][info][gc,phases      ] GC(331) Compaction Phase 131.708ms
[215.631s][info][gc,phases,start] GC(331) Post Compact
[215.643s][info][gc,phases      ] GC(331) Post Compact 11.787ms
[215.643s][info][gc,heap        ] GC(331) PSYoungGen: 1048576K(1223168K)->73009K(1223168K) Eden: 1048576K(1048576K)->73009K(1048576K) From: 0K(174592K)->0K(174592K)
[215.643s][info][gc,heap        ] GC(331) ParOldGen: 2796476K(2796544K)->2796451K(2796544K)
[215.643s][info][gc,metaspace   ] GC(331) Metaspace: 10566K(10816K)->10566K(10816K) NonClass: 9531K(9664K)->9531K(9664K) Class: 1034K(1152K)->1034K(1152K)
[215.643s][info][gc             ] GC(331) Pause Full (Ergonomics) 3754M->2802M(3925M) 174.979ms
[215.643s][info][gc,cpu         ] GC(331) User=1.32s Sys=0.00s Real=0.18s
[216.112s][info][gc,start       ] GC(332) Pause Full (Ergonomics)
[216.112s][info][gc,phases,start] GC(332) Marking Phase
[216.144s][info][gc,phases      ] GC(332) Marking Phase 31.591ms
[216.144s][info][gc,phases,start] GC(332) Summary Phase
[216.144s][info][gc,phases      ] GC(332) Summary Phase 0.064ms
[216.144s][info][gc,phases,start] GC(332) Adjust Roots
[216.145s][info][gc,phases      ] GC(332) Adjust Roots 0.570ms
[216.145s][info][gc,phases,start] GC(332) Compaction Phase
[216.275s][info][gc,phases      ] GC(332) Compaction Phase 130.455ms
[216.275s][info][gc,phases,start] GC(332) Post Compact
[216.284s][info][gc,phases      ] GC(332) Post Compact 8.226ms
[216.284s][info][gc,heap        ] GC(332) PSYoungGen: 1048576K(1223168K)->72976K(1223168K) Eden: 1048576K(1048576K)->72976K(1048576K) From: 0K(174592K)->0K(174592K)
[216.284s][info][gc,heap        ] GC(332) ParOldGen: 2796451K(2796544K)->2796484K(2796544K)
[216.284s][info][gc,metaspace   ] GC(332) Metaspace: 10566K(10816K)->10566K(10816K) NonClass: 9531K(9664K)->9531K(9664K) Class: 1034K(1152K)->1034K(1152K)
[216.284s][info][gc             ] GC(332) Pause Full (Ergonomics) 3754M->2802M(3925M) 171.246ms
[216.284s][info][gc,cpu         ] GC(332) User=1.30s Sys=0.00s Real=0.18s
[216.752s][info][gc,start       ] GC(333) Pause Full (Ergonomics)
[216.752s][info][gc,phases,start] GC(333) Marking Phase
[216.782s][info][gc,phases      ] GC(333) Marking Phase 29.746ms
[216.782s][info][gc,phases,start] GC(333) Summary Phase
[216.782s][info][gc,phases      ] GC(333) Summary Phase 0.063ms
[216.782s][info][gc,phases,start] GC(333) Adjust Roots
[216.782s][info][gc,phases      ] GC(333) Adjust Roots 0.551ms
[216.782s][info][gc,phases,start] GC(333) Compaction Phase
[216.913s][info][gc,phases      ] GC(333) Compaction Phase 130.828ms
[216.913s][info][gc,phases,start] GC(333) Post Compact
[216.920s][info][gc,phases      ] GC(333) Post Compact 6.955ms
[216.920s][info][gc,heap        ] GC(333) PSYoungGen: 1048576K(1223168K)->72976K(1223168K) Eden: 1048576K(1048576K)->72976K(1048576K) From: 0K(174592K)->0K(174592K)
[216.920s][info][gc,heap        ] GC(333) ParOldGen: 2796484K(2796544K)->2796484K(2796544K)
[216.920s][info][gc,metaspace   ] GC(333) Metaspace: 10566K(10816K)->10566K(10816K) NonClass: 9531K(9664K)->9531K(9664K) Class: 1034K(1152K)->1034K(1152K)
[216.920s][info][gc             ] GC(333) Pause Full (Ergonomics) 3754M->2802M(3925M) 168.507ms
[216.920s][info][gc,cpu         ] GC(333) User=1.32s Sys=0.00s Real=0.17s
[217.389s][info][gc,start       ] GC(334) Pause Full (Ergonomics)
[217.389s][info][gc,phases,start] GC(334) Marking Phase
[217.420s][info][gc,phases      ] GC(334) Marking Phase 30.844ms
[217.420s][info][gc,phases,start] GC(334) Summary Phase
[217.420s][info][gc,phases      ] GC(334) Summary Phase 0.063ms
[217.420s][info][gc,phases,start] GC(334) Adjust Roots
[217.421s][info][gc,phases      ] GC(334) Adjust Roots 0.403ms
[217.421s][info][gc,phases,start] GC(334) Compaction Phase
[217.552s][info][gc,phases      ] GC(334) Compaction Phase 131.250ms
[217.552s][info][gc,phases,start] GC(334) Post Compact
[217.559s][info][gc,phases      ] GC(334) Post Compact 7.224ms
[217.559s][info][gc,heap        ] GC(334) PSYoungGen: 1048576K(1223168K)->72964K(1223168K) Eden: 1048576K(1048576K)->72964K(1048576K) From: 0K(174592K)->0K(174592K)
[217.560s][info][gc,heap        ] GC(334) ParOldGen: 2796484K(2796544K)->2796496K(2796544K)
[217.560s][info][gc,metaspace   ] GC(334) Metaspace: 10566K(10816K)->10566K(10816K) NonClass: 9531K(9664K)->9531K(9664K) Class: 1034K(1152K)->1034K(1152K)
[217.560s][info][gc             ] GC(334) Pause Full (Ergonomics) 3754M->2802M(3925M) 170.108ms
[217.560s][info][gc,cpu         ] GC(334) User=1.31s Sys=0.00s Real=0.17s
[218.024s][info][gc,start       ] GC(335) Pause Full (Ergonomics)
[218.024s][info][gc,phases,start] GC(335) Marking Phase
[218.054s][info][gc,phases      ] GC(335) Marking Phase 29.686ms
[218.054s][info][gc,phases,start] GC(335) Summary Phase
[218.054s][info][gc,phases      ] GC(335) Summary Phase 0.064ms
[218.054s][info][gc,phases,start] GC(335) Adjust Roots
[218.055s][info][gc,phases      ] GC(335) Adjust Roots 0.553ms
[218.055s][info][gc,phases,start] GC(335) Compaction Phase
[218.184s][info][gc,phases      ] GC(335) Compaction Phase 129.913ms
[218.185s][info][gc,phases,start] GC(335) Post Compact
[218.195s][info][gc,phases      ] GC(335) Post Compact 10.476ms
[218.195s][info][gc,heap        ] GC(335) PSYoungGen: 1048576K(1223168K)->72939K(1223168K) Eden: 1048576K(1048576K)->72939K(1048576K) From: 0K(174592K)->0K(174592K)
[218.195s][info][gc,heap        ] GC(335) ParOldGen: 2796496K(2796544K)->2796521K(2796544K)
[218.195s][info][gc,metaspace   ] GC(335) Metaspace: 10566K(10816K)->10566K(10816K) NonClass: 9531K(9664K)->9531K(9664K) Class: 1034K(1152K)->1034K(1152K)
[218.195s][info][gc             ] GC(335) Pause Full (Ergonomics) 3754M->2802M(3925M) 171.023ms
[218.195s][info][gc,cpu         ] GC(335) User=1.31s Sys=0.00s Real=0.17s
[218.660s][info][gc,start       ] GC(336) Pause Full (Ergonomics)
[218.660s][info][gc,phases,start] GC(336) Marking Phase
[218.690s][info][gc,phases      ] GC(336) Marking Phase 30.138ms
[218.690s][info][gc,phases,start] GC(336) Summary Phase
[218.690s][info][gc,phases      ] GC(336) Summary Phase 0.063ms
[218.690s][info][gc,phases,start] GC(336) Adjust Roots
[218.690s][info][gc,phases      ] GC(336) Adjust Roots 0.564ms
[218.690s][info][gc,phases,start] GC(336) Compaction Phase
[218.822s][info][gc,phases      ] GC(336) Compaction Phase 131.158ms
[218.822s][info][gc,phases,start] GC(336) Post Compact
[218.829s][info][gc,phases      ] GC(336) Post Compact 6.879ms
[218.829s][info][gc,heap        ] GC(336) PSYoungGen: 1048576K(1223168K)->72964K(1223168K) Eden: 1048576K(1048576K)->72964K(1048576K) From: 0K(174592K)->0K(174592K)
[218.829s][info][gc,heap        ] GC(336) ParOldGen: 2796521K(2796544K)->2796496K(2796544K)
[218.829s][info][gc,metaspace   ] GC(336) Metaspace: 10566K(10816K)->10566K(10816K) NonClass: 9531K(9664K)->9531K(9664K) Class: 1034K(1152K)->1034K(1152K)
[218.829s][info][gc             ] GC(336) Pause Full (Ergonomics) 3754M->2802M(3925M) 169.132ms
[218.829s][info][gc,cpu         ] GC(336) User=1.31s Sys=0.00s Real=0.17s
[219.293s][info][gc,start       ] GC(337) Pause Full (Ergonomics)
[219.293s][info][gc,phases,start] GC(337) Marking Phase
[219.322s][info][gc,phases      ] GC(337) Marking Phase 29.216ms
[219.322s][info][gc,phases,start] GC(337) Summary Phase
[219.322s][info][gc,phases      ] GC(337) Summary Phase 0.063ms
[219.322s][info][gc,phases,start] GC(337) Adjust Roots
[219.323s][info][gc,phases      ] GC(337) Adjust Roots 0.553ms
[219.323s][info][gc,phases,start] GC(337) Compaction Phase
[219.454s][info][gc,phases      ] GC(337) Compaction Phase 131.244ms
[219.454s][info][gc,phases,start] GC(337) Post Compact
[219.464s][info][gc,phases      ] GC(337) Post Compact 9.227ms
[219.464s][info][gc,heap        ] GC(337) PSYoungGen: 1048576K(1223168K)->72935K(1223168K) Eden: 1048576K(1048576K)->72935K(1048576K) From: 0K(174592K)->0K(174592K)
[219.464s][info][gc,heap        ] GC(337) ParOldGen: 2796496K(2796544K)->2796525K(2796544K)
[219.464s][info][gc,metaspace   ] GC(337) Metaspace: 10566K(10816K)->10566K(10816K) NonClass: 9531K(9664K)->9531K(9664K) Class: 1034K(1152K)->1034K(1152K)
[219.464s][info][gc             ] GC(337) Pause Full (Ergonomics) 3754M->2802M(3925M) 170.647ms
[219.464s][info][gc,cpu         ] GC(337) User=1.30s Sys=0.00s Real=0.18s
[219.930s][info][gc,start       ] GC(338) Pause Full (Ergonomics)
[219.931s][info][gc,phases,start] GC(338) Marking Phase
[219.961s][info][gc,phases      ] GC(338) Marking Phase 30.525ms
[219.961s][info][gc,phases,start] GC(338) Summary Phase
[219.961s][info][gc,phases      ] GC(338) Summary Phase 0.064ms
[219.961s][info][gc,phases,start] GC(338) Adjust Roots
[219.962s][info][gc,phases      ] GC(338) Adjust Roots 0.404ms
[219.962s][info][gc,phases,start] GC(338) Compaction Phase
[220.093s][info][gc,phases      ] GC(338) Compaction Phase 131.519ms
[220.093s][info][gc,phases,start] GC(338) Post Compact
[220.102s][info][gc,phases      ] GC(338) Post Compact 9.071ms
[220.102s][info][gc,heap        ] GC(338) PSYoungGen: 1048576K(1223168K)->73017K(1223168K) Eden: 1048576K(1048576K)->73017K(1048576K) From: 0K(174592K)->0K(174592K)
[220.102s][info][gc,heap        ] GC(338) ParOldGen: 2796525K(2796544K)->2796443K(2796544K)
[220.102s][info][gc,metaspace   ] GC(338) Metaspace: 10566K(10816K)->10566K(10816K) NonClass: 9531K(9664K)->9531K(9664K) Class: 1034K(1152K)->1034K(1152K)
[220.102s][info][gc             ] GC(338) Pause Full (Ergonomics) 3754M->2802M(3925M) 171.916ms
[220.102s][info][gc,cpu         ] GC(338) User=1.31s Sys=0.00s Real=0.18s
[220.585s][info][gc,start       ] GC(339) Pause Full (Ergonomics)
[220.585s][info][gc,phases,start] GC(339) Marking Phase
[220.615s][info][gc,phases      ] GC(339) Marking Phase 30.097ms
[220.615s][info][gc,phases,start] GC(339) Summary Phase
[220.615s][info][gc,phases      ] GC(339) Summary Phase 0.064ms
[220.615s][info][gc,phases,start] GC(339) Adjust Roots
[220.615s][info][gc,phases      ] GC(339) Adjust Roots 0.403ms
[220.615s][info][gc,phases,start] GC(339) Compaction Phase
[220.746s][info][gc,phases      ] GC(339) Compaction Phase 131.082ms
[220.746s][info][gc,phases,start] GC(339) Post Compact
[220.756s][info][gc,phases      ] GC(339) Post Compact 10.053ms
[220.757s][info][gc,heap        ] GC(339) PSYoungGen: 1048576K(1223168K)->72927K(1223168K) Eden: 1048576K(1048576K)->72927K(1048576K) From: 0K(174592K)->0K(174592K)
[220.757s][info][gc,heap        ] GC(339) ParOldGen: 2796443K(2796544K)->2796533K(2796544K)
[220.757s][info][gc,metaspace   ] GC(339) Metaspace: 10566K(10816K)->10566K(10816K) NonClass: 9531K(9664K)->9531K(9664K) Class: 1034K(1152K)->1034K(1152K)
[220.757s][info][gc             ] GC(339) Pause Full (Ergonomics) 3754M->2802M(3925M) 172.033ms
[220.757s][info][gc,cpu         ] GC(339) User=1.32s Sys=0.00s Real=0.17s
[221.225s][info][gc,start       ] GC(340) Pause Full (Ergonomics)
[221.225s][info][gc,phases,start] GC(340) Marking Phase
[221.255s][info][gc,phases      ] GC(340) Marking Phase 29.776ms
[221.255s][info][gc,phases,start] GC(340) Summary Phase
[221.255s][info][gc,phases      ] GC(340) Summary Phase 0.064ms
[221.255s][info][gc,phases,start] GC(340) Adjust Roots
[221.255s][info][gc,phases      ] GC(340) Adjust Roots 0.565ms
[221.255s][info][gc,phases,start] GC(340) Compaction Phase
[221.386s][info][gc,phases      ] GC(340) Compaction Phase 130.986ms
[221.386s][info][gc,phases,start] GC(340) Post Compact
[221.394s][info][gc,phases      ] GC(340) Post Compact 7.350ms
[221.394s][info][gc,heap        ] GC(340) PSYoungGen: 1048576K(1223168K)->72952K(1223168K) Eden: 1048576K(1048576K)->72952K(1048576K) From: 0K(174592K)->0K(174592K)
[221.394s][info][gc,heap        ] GC(340) ParOldGen: 2796533K(2796544K)->2796508K(2796544K)
[221.394s][info][gc,metaspace   ] GC(340) Metaspace: 10566K(10816K)->10566K(10816K) NonClass: 9531K(9664K)->9531K(9664K) Class: 1034K(1152K)->1034K(1152K)
[221.394s][info][gc             ] GC(340) Pause Full (Ergonomics) 3754M->2802M(3925M) 169.113ms
[221.394s][info][gc,cpu         ] GC(340) User=1.31s Sys=0.00s Real=0.17s
[221.859s][info][gc,start       ] GC(341) Pause Full (Ergonomics)
[221.859s][info][gc,phases,start] GC(341) Marking Phase
[221.891s][info][gc,phases      ] GC(341) Marking Phase 31.303ms
[221.891s][info][gc,phases,start] GC(341) Summary Phase
[221.891s][info][gc,phases      ] GC(341) Summary Phase 0.065ms
[221.891s][info][gc,phases,start] GC(341) Adjust Roots
[221.891s][info][gc,phases      ] GC(341) Adjust Roots 0.552ms
[221.891s][info][gc,phases,start] GC(341) Compaction Phase
[222.023s][info][gc,phases      ] GC(341) Compaction Phase 131.834ms
[222.023s][info][gc,phases,start] GC(341) Post Compact
[222.031s][info][gc,phases      ] GC(341) Post Compact 7.738ms
[222.031s][info][gc,heap        ] GC(341) PSYoungGen: 1048576K(1223168K)->72935K(1223168K) Eden: 1048576K(1048576K)->72935K(1048576K) From: 0K(174592K)->0K(174592K)
[222.031s][info][gc,heap        ] GC(341) ParOldGen: 2796508K(2796544K)->2796525K(2796544K)
[222.031s][info][gc,metaspace   ] GC(341) Metaspace: 10566K(10816K)->10566K(10816K) NonClass: 9531K(9664K)->9531K(9664K) Class: 1034K(1152K)->1034K(1152K)
[222.031s][info][gc             ] GC(341) Pause Full (Ergonomics) 3754M->2802M(3925M) 171.838ms
[222.031s][info][gc,cpu         ] GC(341) User=1.32s Sys=0.00s Real=0.17s
[222.502s][info][gc,start       ] GC(342) Pause Full (Ergonomics)
[222.502s][info][gc,phases,start] GC(342) Marking Phase
[222.532s][info][gc,phases      ] GC(342) Marking Phase 30.554ms
[222.532s][info][gc,phases,start] GC(342) Summary Phase
[222.532s][info][gc,phases      ] GC(342) Summary Phase 0.064ms
[222.532s][info][gc,phases,start] GC(342) Adjust Roots
[222.533s][info][gc,phases      ] GC(342) Adjust Roots 0.398ms
[222.533s][info][gc,phases,start] GC(342) Compaction Phase
[222.664s][info][gc,phases      ] GC(342) Compaction Phase 131.585ms
[222.664s][info][gc,phases,start] GC(342) Post Compact
[222.673s][info][gc,phases      ] GC(342) Post Compact 8.803ms
[222.673s][info][gc,heap        ] GC(342) PSYoungGen: 1048576K(1223168K)->72976K(1223168K) Eden: 1048576K(1048576K)->72976K(1048576K) From: 0K(174592K)->0K(174592K)
[222.673s][info][gc,heap        ] GC(342) ParOldGen: 2796525K(2796544K)->2796484K(2796544K)
[222.673s][info][gc,metaspace   ] GC(342) Metaspace: 10566K(10816K)->10566K(10816K) NonClass: 9531K(9664K)->9531K(9664K) Class: 1034K(1152K)->1034K(1152K)
[222.673s][info][gc             ] GC(342) Pause Full (Ergonomics) 3754M->2802M(3925M) 171.754ms
[222.673s][info][gc,cpu         ] GC(342) User=1.31s Sys=0.00s Real=0.17s
[223.146s][info][gc,start       ] GC(343) Pause Full (Ergonomics)
[223.146s][info][gc,phases,start] GC(343) Marking Phase
[223.177s][info][gc,phases      ] GC(343) Marking Phase 30.295ms
[223.177s][info][gc,phases,start] GC(343) Summary Phase
[223.177s][info][gc,phases      ] GC(343) Summary Phase 0.064ms
[223.177s][info][gc,phases,start] GC(343) Adjust Roots
[223.177s][info][gc,phases      ] GC(343) Adjust Roots 0.575ms
[223.177s][info][gc,phases,start] GC(343) Compaction Phase
[223.308s][info][gc,phases      ] GC(343) Compaction Phase 130.510ms
[223.308s][info][gc,phases,start] GC(343) Post Compact
[223.317s][info][gc,phases      ] GC(343) Post Compact 8.655ms
[223.317s][info][gc,heap        ] GC(343) PSYoungGen: 1048576K(1223168K)->72960K(1223168K) Eden: 1048576K(1048576K)->72960K(1048576K) From: 0K(174592K)->0K(174592K)
[223.317s][info][gc,heap        ] GC(343) ParOldGen: 2796484K(2796544K)->2796500K(2796544K)
[223.317s][info][gc,metaspace   ] GC(343) Metaspace: 10566K(10816K)->10566K(10816K) NonClass: 9531K(9664K)->9531K(9664K) Class: 1034K(1152K)->1034K(1152K)
[223.317s][info][gc             ] GC(343) Pause Full (Ergonomics) 3754M->2802M(3925M) 170.478ms
[223.317s][info][gc,cpu         ] GC(343) User=1.31s Sys=0.00s Real=0.17s
[223.781s][info][gc,start       ] GC(344) Pause Full (Ergonomics)
[223.781s][info][gc,phases,start] GC(344) Marking Phase
[223.811s][info][gc,phases      ] GC(344) Marking Phase 30.198ms
[223.811s][info][gc,phases,start] GC(344) Summary Phase
[223.811s][info][gc,phases      ] GC(344) Summary Phase 0.064ms
[223.811s][info][gc,phases,start] GC(344) Adjust Roots
[223.811s][info][gc,phases      ] GC(344) Adjust Roots 0.403ms
[223.811s][info][gc,phases,start] GC(344) Compaction Phase
[223.943s][info][gc,phases      ] GC(344) Compaction Phase 131.545ms
[223.943s][info][gc,phases,start] GC(344) Post Compact
[223.950s][info][gc,phases      ] GC(344) Post Compact 7.373ms
[223.950s][info][gc,heap        ] GC(344) PSYoungGen: 1048576K(1223168K)->72988K(1223168K) Eden: 1048576K(1048576K)->72988K(1048576K) From: 0K(174592K)->0K(174592K)
[223.950s][info][gc,heap        ] GC(344) ParOldGen: 2796500K(2796544K)->2796472K(2796544K)
[223.950s][info][gc,metaspace   ] GC(344) Metaspace: 10566K(10816K)->10566K(10816K) NonClass: 9531K(9664K)->9531K(9664K) Class: 1034K(1152K)->1034K(1152K)
[223.950s][info][gc             ] GC(344) Pause Full (Ergonomics) 3754M->2802M(3925M) 169.898ms
[223.950s][info][gc,cpu         ] GC(344) User=1.31s Sys=0.00s Real=0.17s
[224.416s][info][gc,start       ] GC(345) Pause Full (Ergonomics)
[224.416s][info][gc,phases,start] GC(345) Marking Phase
[224.448s][info][gc,phases      ] GC(345) Marking Phase 31.457ms
[224.448s][info][gc,phases,start] GC(345) Summary Phase
[224.448s][info][gc,phases      ] GC(345) Summary Phase 0.064ms
[224.448s][info][gc,phases,start] GC(345) Adjust Roots
[224.448s][info][gc,phases      ] GC(345) Adjust Roots 0.545ms
[224.448s][info][gc,phases,start] GC(345) Compaction Phase
[224.580s][info][gc,phases      ] GC(345) Compaction Phase 131.847ms
[224.580s][info][gc,phases,start] GC(345) Post Compact
[224.589s][info][gc,phases      ] GC(345) Post Compact 9.266ms
[224.589s][info][gc,heap        ] GC(345) PSYoungGen: 1048576K(1223168K)->72972K(1223168K) Eden: 1048576K(1048576K)->72972K(1048576K) From: 0K(174592K)->0K(174592K)
[224.589s][info][gc,heap        ] GC(345) ParOldGen: 2796472K(2796544K)->2796488K(2796544K)
[224.589s][info][gc,metaspace   ] GC(345) Metaspace: 10566K(10816K)->10566K(10816K) NonClass: 9531K(9664K)->9531K(9664K) Class: 1034K(1152K)->1034K(1152K)
[224.590s][info][gc             ] GC(345) Pause Full (Ergonomics) 3754M->2802M(3925M) 173.524ms
[224.590s][info][gc,cpu         ] GC(345) User=1.31s Sys=0.00s Real=0.17s
[225.053s][info][gc,start       ] GC(346) Pause Full (Ergonomics)
[225.054s][info][gc,phases,start] GC(346) Marking Phase
[225.085s][info][gc,phases      ] GC(346) Marking Phase 31.255ms
[225.085s][info][gc,phases,start] GC(346) Summary Phase
[225.085s][info][gc,phases      ] GC(346) Summary Phase 0.064ms
[225.085s][info][gc,phases,start] GC(346) Adjust Roots
[225.085s][info][gc,phases      ] GC(346) Adjust Roots 0.561ms
[225.085s][info][gc,phases,start] GC(346) Compaction Phase
[225.217s][info][gc,phases      ] GC(346) Compaction Phase 131.759ms
[225.217s][info][gc,phases,start] GC(346) Post Compact
[225.224s][info][gc,phases      ] GC(346) Post Compact 6.845ms
[225.224s][info][gc,heap        ] GC(346) PSYoungGen: 1048576K(1223168K)->72972K(1223168K) Eden: 1048576K(1048576K)->72972K(1048576K) From: 0K(174592K)->0K(174592K)
[225.224s][info][gc,heap        ] GC(346) ParOldGen: 2796488K(2796544K)->2796488K(2796544K)
[225.224s][info][gc,metaspace   ] GC(346) Metaspace: 10566K(10816K)->10566K(10816K) NonClass: 9531K(9664K)->9531K(9664K) Class: 1034K(1152K)->1034K(1152K)
[225.224s][info][gc             ] GC(346) Pause Full (Ergonomics) 3754M->2802M(3925M) 170.843ms
[225.224s][info][gc,cpu         ] GC(346) User=1.31s Sys=0.01s Real=0.17s
[225.688s][info][gc,start       ] GC(347) Pause Full (Ergonomics)
[225.688s][info][gc,phases,start] GC(347) Marking Phase
[225.717s][info][gc,phases      ] GC(347) Marking Phase 29.380ms
[225.717s][info][gc,phases,start] GC(347) Summary Phase
[225.717s][info][gc,phases      ] GC(347) Summary Phase 0.063ms
[225.717s][info][gc,phases,start] GC(347) Adjust Roots
[225.718s][info][gc,phases      ] GC(347) Adjust Roots 0.558ms
[225.718s][info][gc,phases,start] GC(347) Compaction Phase
[225.849s][info][gc,phases      ] GC(347) Compaction Phase 131.461ms
[225.849s][info][gc,phases,start] GC(347) Post Compact
[225.858s][info][gc,phases      ] GC(347) Post Compact 9.016ms
[225.858s][info][gc,heap        ] GC(347) PSYoungGen: 1048576K(1223168K)->72984K(1223168K) Eden: 1048576K(1048576K)->72984K(1048576K) From: 0K(174592K)->0K(174592K)
[225.858s][info][gc,heap        ] GC(347) ParOldGen: 2796488K(2796544K)->2796476K(2796544K)
[225.858s][info][gc,metaspace   ] GC(347) Metaspace: 10566K(10816K)->10566K(10816K) NonClass: 9531K(9664K)->9531K(9664K) Class: 1034K(1152K)->1034K(1152K)
[225.858s][info][gc             ] GC(347) Pause Full (Ergonomics) 3754M->2802M(3925M) 170.798ms
[225.858s][info][gc,cpu         ] GC(347) User=1.31s Sys=0.00s Real=0.17s
[226.327s][info][gc,start       ] GC(348) Pause Full (Ergonomics)
[226.327s][info][gc,phases,start] GC(348) Marking Phase
[226.357s][info][gc,phases      ] GC(348) Marking Phase 30.154ms
[226.357s][info][gc,phases,start] GC(348) Summary Phase
[226.358s][info][gc,phases      ] GC(348) Summary Phase 0.064ms
[226.358s][info][gc,phases,start] GC(348) Adjust Roots
[226.358s][info][gc,phases      ] GC(348) Adjust Roots 0.553ms
[226.358s][info][gc,phases,start] GC(348) Compaction Phase
[226.490s][info][gc,phases      ] GC(348) Compaction Phase 131.423ms
[226.490s][info][gc,phases,start] GC(348) Post Compact
[226.497s][info][gc,phases      ] GC(348) Post Compact 7.095ms
[226.497s][info][gc,heap        ] GC(348) PSYoungGen: 1048576K(1223168K)->72968K(1223168K) Eden: 1048576K(1048576K)->72968K(1048576K) From: 0K(174592K)->0K(174592K)
[226.497s][info][gc,heap        ] GC(348) ParOldGen: 2796476K(2796544K)->2796492K(2796544K)
[226.497s][info][gc,metaspace   ] GC(348) Metaspace: 10566K(10816K)->10566K(10816K) NonClass: 9531K(9664K)->9531K(9664K) Class: 1034K(1152K)->1034K(1152K)
[226.497s][info][gc             ] GC(348) Pause Full (Ergonomics) 3754M->2802M(3925M) 169.638ms
[226.497s][info][gc,cpu         ] GC(348) User=1.31s Sys=0.00s Real=0.17s
[226.973s][info][gc,start       ] GC(349) Pause Full (Ergonomics)
[226.973s][info][gc,phases,start] GC(349) Marking Phase
[227.002s][info][gc,phases      ] GC(349) Marking Phase 29.684ms
[227.002s][info][gc,phases,start] GC(349) Summary Phase
[227.002s][info][gc,phases      ] GC(349) Summary Phase 0.064ms
[227.002s][info][gc,phases,start] GC(349) Adjust Roots
[227.003s][info][gc,phases      ] GC(349) Adjust Roots 0.446ms
[227.003s][info][gc,phases,start] GC(349) Compaction Phase
[227.133s][info][gc,phases      ] GC(349) Compaction Phase 130.145ms
[227.133s][info][gc,phases,start] GC(349) Post Compact
[227.142s][info][gc,phases      ] GC(349) Post Compact 8.987ms
[227.142s][info][gc,heap        ] GC(349) PSYoungGen: 1048576K(1223168K)->72952K(1223168K) Eden: 1048576K(1048576K)->72952K(1048576K) From: 0K(174592K)->0K(174592K)
[227.142s][info][gc,heap        ] GC(349) ParOldGen: 2796492K(2796544K)->2796508K(2796544K)
[227.142s][info][gc,metaspace   ] GC(349) Metaspace: 10566K(10816K)->10566K(10816K) NonClass: 9531K(9664K)->9531K(9664K) Class: 1034K(1152K)->1034K(1152K)
[227.142s][info][gc             ] GC(349) Pause Full (Ergonomics) 3754M->2802M(3925M) 169.654ms
[227.142s][info][gc,cpu         ] GC(349) User=1.30s Sys=0.00s Real=0.18s
[227.610s][info][gc,start       ] GC(350) Pause Full (Ergonomics)
[227.610s][info][gc,phases,start] GC(350) Marking Phase
[227.642s][info][gc,phases      ] GC(350) Marking Phase 31.692ms
[227.642s][info][gc,phases,start] GC(350) Summary Phase
[227.642s][info][gc,phases      ] GC(350) Summary Phase 0.063ms
[227.642s][info][gc,phases,start] GC(350) Adjust Roots
[227.642s][info][gc,phases      ] GC(350) Adjust Roots 0.402ms
[227.642s][info][gc,phases,start] GC(350) Compaction Phase
[227.773s][info][gc,phases      ] GC(350) Compaction Phase 130.338ms
[227.773s][info][gc,phases,start] GC(350) Post Compact
[227.785s][info][gc,phases      ] GC(350) Post Compact 12.021ms
[227.785s][info][gc,heap        ] GC(350) PSYoungGen: 1048576K(1223168K)->72976K(1223168K) Eden: 1048576K(1048576K)->72976K(1048576K) From: 0K(174592K)->0K(174592K)
[227.785s][info][gc,heap        ] GC(350) ParOldGen: 2796508K(2796544K)->2796484K(2796544K)
[227.785s][info][gc,metaspace   ] GC(350) Metaspace: 10566K(10816K)->10566K(10816K) NonClass: 9531K(9664K)->9531K(9664K) Class: 1034K(1152K)->1034K(1152K)
[227.785s][info][gc             ] GC(350) Pause Full (Ergonomics) 3754M->2802M(3925M) 174.862ms
[227.785s][info][gc,cpu         ] GC(350) User=1.31s Sys=0.00s Real=0.18s
[228.250s][info][gc,start       ] GC(351) Pause Full (Ergonomics)
[228.251s][info][gc,phases,start] GC(351) Marking Phase
[228.281s][info][gc,phases      ] GC(351) Marking Phase 30.550ms
[228.281s][info][gc,phases,start] GC(351) Summary Phase
[228.281s][info][gc,phases      ] GC(351) Summary Phase 0.065ms
[228.281s][info][gc,phases,start] GC(351) Adjust Roots
[228.282s][info][gc,phases      ] GC(351) Adjust Roots 0.566ms
[228.282s][info][gc,phases,start] GC(351) Compaction Phase
[228.409s][info][gc,phases      ] GC(351) Compaction Phase 127.524ms
[228.409s][info][gc,phases,start] GC(351) Post Compact
[228.415s][info][gc,phases      ] GC(351) Post Compact 5.805ms
[228.415s][info][gc,heap        ] GC(351) PSYoungGen: 1048576K(1223168K)->72984K(1223168K) Eden: 1048576K(1048576K)->72984K(1048576K) From: 0K(174592K)->0K(174592K)
[228.415s][info][gc,heap        ] GC(351) ParOldGen: 2796484K(2796544K)->2796476K(2796544K)
[228.415s][info][gc,metaspace   ] GC(351) Metaspace: 10566K(10816K)->10566K(10816K) NonClass: 9531K(9664K)->9531K(9664K) Class: 1034K(1152K)->1034K(1152K)
[228.415s][info][gc             ] GC(351) Pause Full (Ergonomics) 3754M->2802M(3925M) 164.833ms
[228.415s][info][gc,cpu         ] GC(351) User=1.30s Sys=0.00s Real=0.17s
[228.882s][info][gc,start       ] GC(352) Pause Full (Ergonomics)
[228.882s][info][gc,phases,start] GC(352) Marking Phase
[228.912s][info][gc,phases      ] GC(352) Marking Phase 30.288ms
[228.913s][info][gc,phases,start] GC(352) Summary Phase
[228.913s][info][gc,phases      ] GC(352) Summary Phase 0.064ms
[228.913s][info][gc,phases,start] GC(352) Adjust Roots
[228.913s][info][gc,phases      ] GC(352) Adjust Roots 0.400ms
[228.913s][info][gc,phases,start] GC(352) Compaction Phase
[229.044s][info][gc,phases      ] GC(352) Compaction Phase 130.541ms
[229.044s][info][gc,phases,start] GC(352) Post Compact
[229.053s][info][gc,phases      ] GC(352) Post Compact 8.951ms
[229.053s][info][gc,heap        ] GC(352) PSYoungGen: 1048576K(1223168K)->72984K(1223168K) Eden: 1048576K(1048576K)->72984K(1048576K) From: 0K(174592K)->0K(174592K)
[229.053s][info][gc,heap        ] GC(352) ParOldGen: 2796476K(2796544K)->2796476K(2796544K)
[229.053s][info][gc,metaspace   ] GC(352) Metaspace: 10566K(10816K)->10566K(10816K) NonClass: 9531K(9664K)->9531K(9664K) Class: 1034K(1152K)->1034K(1152K)
[229.053s][info][gc             ] GC(352) Pause Full (Ergonomics) 3754M->2802M(3925M) 170.568ms
[229.053s][info][gc,cpu         ] GC(352) User=1.31s Sys=0.00s Real=0.16s
[229.523s][info][gc,start       ] GC(353) Pause Full (Ergonomics)
[229.523s][info][gc,phases,start] GC(353) Marking Phase
[229.553s][info][gc,phases      ] GC(353) Marking Phase 30.310ms
[229.553s][info][gc,phases,start] GC(353) Summary Phase
[229.554s][info][gc,phases      ] GC(353) Summary Phase 0.065ms
[229.554s][info][gc,phases,start] GC(353) Adjust Roots
[229.554s][info][gc,phases      ] GC(353) Adjust Roots 0.402ms
[229.554s][info][gc,phases,start] GC(353) Compaction Phase
[229.686s][info][gc,phases      ] GC(353) Compaction Phase 131.603ms
[229.686s][info][gc,phases,start] GC(353) Post Compact
[229.695s][info][gc,phases      ] GC(353) Post Compact 9.152ms
[229.695s][info][gc,heap        ] GC(353) PSYoungGen: 1048576K(1223168K)->72996K(1223168K) Eden: 1048576K(1048576K)->72996K(1048576K) From: 0K(174592K)->0K(174592K)
[229.695s][info][gc,heap        ] GC(353) ParOldGen: 2796476K(2796544K)->2796464K(2796544K)
[229.695s][info][gc,metaspace   ] GC(353) Metaspace: 10566K(10816K)->10566K(10816K) NonClass: 9531K(9664K)->9531K(9664K) Class: 1034K(1152K)->1034K(1152K)
[229.695s][info][gc             ] GC(353) Pause Full (Ergonomics) 3754M->2802M(3925M) 171.872ms
[229.695s][info][gc,cpu         ] GC(353) User=1.30s Sys=0.01s Real=0.17s
[230.162s][info][gc,start       ] GC(354) Pause Full (Ergonomics)
[230.162s][info][gc,phases,start] GC(354) Marking Phase
[230.193s][info][gc,phases      ] GC(354) Marking Phase 31.073ms
[230.193s][info][gc,phases,start] GC(354) Summary Phase
[230.193s][info][gc,phases      ] GC(354) Summary Phase 0.063ms
[230.193s][info][gc,phases,start] GC(354) Adjust Roots
[230.194s][info][gc,phases      ] GC(354) Adjust Roots 0.559ms
[230.194s][info][gc,phases,start] GC(354) Compaction Phase
[230.324s][info][gc,phases      ] GC(354) Compaction Phase 130.412ms
[230.324s][info][gc,phases,start] GC(354) Post Compact
[230.333s][info][gc,phases      ] GC(354) Post Compact 9.373ms
[230.334s][info][gc,heap        ] GC(354) PSYoungGen: 1048576K(1223168K)->72927K(1223168K) Eden: 1048576K(1048576K)->72927K(1048576K) From: 0K(174592K)->0K(174592K)
[230.334s][info][gc,heap        ] GC(354) ParOldGen: 2796464K(2796544K)->2796533K(2796544K)
[230.334s][info][gc,metaspace   ] GC(354) Metaspace: 10566K(10816K)->10566K(10816K) NonClass: 9531K(9664K)->9531K(9664K) Class: 1034K(1152K)->1034K(1152K)
[230.334s][info][gc             ] GC(354) Pause Full (Ergonomics) 3754M->2802M(3925M) 171.806ms
[230.334s][info][gc,cpu         ] GC(354) User=1.31s Sys=0.00s Real=0.17s
[230.799s][info][gc,start       ] GC(355) Pause Full (Ergonomics)
[230.799s][info][gc,phases,start] GC(355) Marking Phase
[230.830s][info][gc,phases      ] GC(355) Marking Phase 30.543ms
[230.830s][info][gc,phases,start] GC(355) Summary Phase
[230.830s][info][gc,phases      ] GC(355) Summary Phase 0.065ms
[230.830s][info][gc,phases,start] GC(355) Adjust Roots
[230.830s][info][gc,phases      ] GC(355) Adjust Roots 0.615ms
[230.830s][info][gc,phases,start] GC(355) Compaction Phase
[230.962s][info][gc,phases      ] GC(355) Compaction Phase 131.864ms
[230.962s][info][gc,phases,start] GC(355) Post Compact
[230.969s][info][gc,phases      ] GC(355) Post Compact 6.863ms
[230.969s][info][gc,heap        ] GC(355) PSYoungGen: 1048572K(1223168K)->72988K(1223168K) Eden: 1048572K(1048576K)->72988K(1048576K) From: 0K(174592K)->0K(174592K)
[230.969s][info][gc,heap        ] GC(355) ParOldGen: 2796533K(2796544K)->2796472K(2796544K)
[230.969s][info][gc,metaspace   ] GC(355) Metaspace: 10566K(10816K)->10566K(10816K) NonClass: 9531K(9664K)->9531K(9664K) Class: 1034K(1152K)->1034K(1152K)
[230.969s][info][gc             ] GC(355) Pause Full (Ergonomics) 3754M->2802M(3925M) 170.281ms
[230.969s][info][gc,cpu         ] GC(355) User=1.32s Sys=0.00s Real=0.17s
[231.437s][info][gc,start       ] GC(356) Pause Full (Ergonomics)
[231.437s][info][gc,phases,start] GC(356) Marking Phase
[231.468s][info][gc,phases      ] GC(356) Marking Phase 31.458ms
[231.468s][info][gc,phases,start] GC(356) Summary Phase
[231.468s][info][gc,phases      ] GC(356) Summary Phase 0.065ms
[231.468s][info][gc,phases,start] GC(356) Adjust Roots
[231.469s][info][gc,phases      ] GC(356) Adjust Roots 0.402ms
[231.469s][info][gc,phases,start] GC(356) Compaction Phase
[231.601s][info][gc,phases      ] GC(356) Compaction Phase 131.971ms
[231.601s][info][gc,phases,start] GC(356) Post Compact
[231.608s][info][gc,phases      ] GC(356) Post Compact 7.779ms
[231.609s][info][gc,heap        ] GC(356) PSYoungGen: 1048576K(1223168K)->72948K(1223168K) Eden: 1048576K(1048576K)->72948K(1048576K) From: 0K(174592K)->0K(174592K)
[231.609s][info][gc,heap        ] GC(356) ParOldGen: 2796472K(2796544K)->2796513K(2796544K)
[231.609s][info][gc,metaspace   ] GC(356) Metaspace: 10566K(10816K)->10566K(10816K) NonClass: 9531K(9664K)->9531K(9664K) Class: 1034K(1152K)->1034K(1152K)
[231.609s][info][gc             ] GC(356) Pause Full (Ergonomics) 3754M->2802M(3925M) 172.053ms
[231.609s][info][gc,cpu         ] GC(356) User=1.32s Sys=0.00s Real=0.17s
[232.076s][info][gc,start       ] GC(357) Pause Full (Ergonomics)
[232.076s][info][gc,phases,start] GC(357) Marking Phase
[232.106s][info][gc,phases      ] GC(357) Marking Phase 30.020ms
[232.107s][info][gc,phases,start] GC(357) Summary Phase
[232.107s][info][gc,phases      ] GC(357) Summary Phase 0.064ms
[232.107s][info][gc,phases,start] GC(357) Adjust Roots
[232.107s][info][gc,phases      ] GC(357) Adjust Roots 0.399ms
[232.107s][info][gc,phases,start] GC(357) Compaction Phase
[232.238s][info][gc,phases      ] GC(357) Compaction Phase 131.268ms
[232.238s][info][gc,phases,start] GC(357) Post Compact
[232.248s][info][gc,phases      ] GC(357) Post Compact 9.780ms
[232.248s][info][gc,heap        ] GC(357) PSYoungGen: 1048576K(1223168K)->72972K(1223168K) Eden: 1048576K(1048576K)->72972K(1048576K) From: 0K(174592K)->0K(174592K)
[232.248s][info][gc,heap        ] GC(357) ParOldGen: 2796513K(2796544K)->2796488K(2796544K)
[232.248s][info][gc,metaspace   ] GC(357) Metaspace: 10566K(10816K)->10566K(10816K) NonClass: 9531K(9664K)->9531K(9664K) Class: 1034K(1152K)->1034K(1152K)
[232.248s][info][gc             ] GC(357) Pause Full (Ergonomics) 3754M->2802M(3925M) 171.870ms
[232.248s][info][gc,cpu         ] GC(357) User=1.30s Sys=0.00s Real=0.17s
[232.720s][info][gc,start       ] GC(358) Pause Full (Ergonomics)
[232.720s][info][gc,phases,start] GC(358) Marking Phase
[232.751s][info][gc,phases      ] GC(358) Marking Phase 30.553ms
[232.751s][info][gc,phases,start] GC(358) Summary Phase
[232.751s][info][gc,phases      ] GC(358) Summary Phase 0.064ms
[232.751s][info][gc,phases,start] GC(358) Adjust Roots
[232.751s][info][gc,phases      ] GC(358) Adjust Roots 0.400ms
[232.751s][info][gc,phases,start] GC(358) Compaction Phase
[232.882s][info][gc,phases      ] GC(358) Compaction Phase 130.579ms
[232.882s][info][gc,phases,start] GC(358) Post Compact
[232.891s][info][gc,phases      ] GC(358) Post Compact 8.995ms
[232.891s][info][gc,heap        ] GC(358) PSYoungGen: 1048576K(1223168K)->72944K(1223168K) Eden: 1048576K(1048576K)->72944K(1048576K) From: 0K(174592K)->0K(174592K)
[232.891s][info][gc,heap        ] GC(358) ParOldGen: 2796488K(2796544K)->2796517K(2796544K)
[232.891s][info][gc,metaspace   ] GC(358) Metaspace: 10566K(10816K)->10566K(10816K) NonClass: 9531K(9664K)->9531K(9664K) Class: 1034K(1152K)->1034K(1152K)
[232.891s][info][gc             ] GC(358) Pause Full (Ergonomics) 3754M->2802M(3925M) 170.884ms
[232.891s][info][gc,cpu         ] GC(358) User=1.30s Sys=0.00s Real=0.17s
[233.361s][info][gc,start       ] GC(359) Pause Full (Ergonomics)
[233.362s][info][gc,phases,start] GC(359) Marking Phase
[233.392s][info][gc,phases      ] GC(359) Marking Phase 30.392ms
[233.392s][info][gc,phases,start] GC(359) Summary Phase
[233.392s][info][gc,phases      ] GC(359) Summary Phase 0.064ms
[233.392s][info][gc,phases,start] GC(359) Adjust Roots
[233.393s][info][gc,phases      ] GC(359) Adjust Roots 0.550ms
[233.393s][info][gc,phases,start] GC(359) Compaction Phase
[233.524s][info][gc,phases      ] GC(359) Compaction Phase 131.607ms
[233.524s][info][gc,phases,start] GC(359) Post Compact
[233.534s][info][gc,phases      ] GC(359) Post Compact 9.656ms
[233.534s][info][gc,heap        ] GC(359) PSYoungGen: 1048576K(1223168K)->72960K(1223168K) Eden: 1048576K(1048576K)->72960K(1048576K) From: 0K(174592K)->0K(174592K)
[233.534s][info][gc,heap        ] GC(359) ParOldGen: 2796517K(2796544K)->2796500K(2796544K)
[233.534s][info][gc,metaspace   ] GC(359) Metaspace: 10566K(10816K)->10566K(10816K) NonClass: 9531K(9664K)->9531K(9664K) Class: 1034K(1152K)->1034K(1152K)
[233.534s][info][gc             ] GC(359) Pause Full (Ergonomics) 3754M->2802M(3925M) 172.600ms
[233.534s][info][gc,cpu         ] GC(359) User=1.32s Sys=0.00s Real=0.17s
[234.001s][info][gc,start       ] GC(360) Pause Full (Ergonomics)
[234.001s][info][gc,phases,start] GC(360) Marking Phase
[234.030s][info][gc,phases      ] GC(360) Marking Phase 29.490ms
[234.030s][info][gc,phases,start] GC(360) Summary Phase
[234.030s][info][gc,phases      ] GC(360) Summary Phase 0.064ms
[234.030s][info][gc,phases,start] GC(360) Adjust Roots
[234.031s][info][gc,phases      ] GC(360) Adjust Roots 0.402ms
[234.031s][info][gc,phases,start] GC(360) Compaction Phase
[234.161s][info][gc,phases      ] GC(360) Compaction Phase 130.070ms
[234.161s][info][gc,phases,start] GC(360) Post Compact
[234.174s][info][gc,phases      ] GC(360) Post Compact 13.426ms
[234.174s][info][gc,heap        ] GC(360) PSYoungGen: 1048576K(1223168K)->72956K(1223168K) Eden: 1048576K(1048576K)->72956K(1048576K) From: 0K(174592K)->0K(174592K)
[234.174s][info][gc,heap        ] GC(360) ParOldGen: 2796500K(2796544K)->2796505K(2796544K)
[234.174s][info][gc,metaspace   ] GC(360) Metaspace: 10566K(10816K)->10566K(10816K) NonClass: 9531K(9664K)->9531K(9664K) Class: 1034K(1152K)->1034K(1152K)
[234.174s][info][gc             ] GC(360) Pause Full (Ergonomics) 3754M->2802M(3925M) 173.796ms
[234.174s][info][gc,cpu         ] GC(360) User=1.30s Sys=0.00s Real=0.18s
[234.646s][info][gc,start       ] GC(361) Pause Full (Ergonomics)
[234.646s][info][gc,phases,start] GC(361) Marking Phase
[234.678s][info][gc,phases      ] GC(361) Marking Phase 31.388ms
[234.678s][info][gc,phases,start] GC(361) Summary Phase
[234.678s][info][gc,phases      ] GC(361) Summary Phase 0.064ms
[234.678s][info][gc,phases,start] GC(361) Adjust Roots
[234.678s][info][gc,phases      ] GC(361) Adjust Roots 0.399ms
[234.678s][info][gc,phases,start] GC(361) Compaction Phase
[234.809s][info][gc,phases      ] GC(361) Compaction Phase 130.515ms
[234.809s][info][gc,phases,start] GC(361) Post Compact
[234.822s][info][gc,phases      ] GC(361) Post Compact 12.945ms
[234.822s][info][gc,heap        ] GC(361) PSYoungGen: 1048576K(1223168K)->72944K(1223168K) Eden: 1048576K(1048576K)->72944K(1048576K) From: 0K(174592K)->0K(174592K)
[234.822s][info][gc,heap        ] GC(361) ParOldGen: 2796505K(2796544K)->2796517K(2796544K)
[234.822s][info][gc,metaspace   ] GC(361) Metaspace: 10566K(10816K)->10566K(10816K) NonClass: 9531K(9664K)->9531K(9664K) Class: 1034K(1152K)->1034K(1152K)
[234.822s][info][gc             ] GC(361) Pause Full (Ergonomics) 3754M->2802M(3925M) 175.661ms
[234.822s][info][gc,cpu         ] GC(361) User=1.32s Sys=0.00s Real=0.18s
[235.290s][info][gc,start       ] GC(362) Pause Full (Ergonomics)
[235.290s][info][gc,phases,start] GC(362) Marking Phase
[235.320s][info][gc,phases      ] GC(362) Marking Phase 30.405ms
[235.320s][info][gc,phases,start] GC(362) Summary Phase
[235.321s][info][gc,phases      ] GC(362) Summary Phase 0.064ms
[235.321s][info][gc,phases,start] GC(362) Adjust Roots
[235.321s][info][gc,phases      ] GC(362) Adjust Roots 0.404ms
[235.321s][info][gc,phases,start] GC(362) Compaction Phase
[235.452s][info][gc,phases      ] GC(362) Compaction Phase 131.453ms
[235.453s][info][gc,phases,start] GC(362) Post Compact
[235.460s][info][gc,phases      ] GC(362) Post Compact 7.713ms
[235.460s][info][gc,heap        ] GC(362) PSYoungGen: 1048576K(1223168K)->72931K(1223168K) Eden: 1048576K(1048576K)->72931K(1048576K) From: 0K(174592K)->0K(174592K)
[235.460s][info][gc,heap        ] GC(362) ParOldGen: 2796517K(2796544K)->2796529K(2796544K)
[235.460s][info][gc,metaspace   ] GC(362) Metaspace: 10566K(10816K)->10566K(10816K) NonClass: 9531K(9664K)->9531K(9664K) Class: 1034K(1152K)->1034K(1152K)
[235.460s][info][gc             ] GC(362) Pause Full (Ergonomics) 3754M->2802M(3925M) 170.371ms
[235.460s][info][gc,cpu         ] GC(362) User=1.31s Sys=0.01s Real=0.17s
[235.931s][info][gc,start       ] GC(363) Pause Full (Ergonomics)
[235.931s][info][gc,phases,start] GC(363) Marking Phase
[235.962s][info][gc,phases      ] GC(363) Marking Phase 31.523ms
[235.962s][info][gc,phases,start] GC(363) Summary Phase
[235.963s][info][gc,phases      ] GC(363) Summary Phase 0.083ms
[235.963s][info][gc,phases,start] GC(363) Adjust Roots
[235.963s][info][gc,phases      ] GC(363) Adjust Roots 0.573ms
[235.963s][info][gc,phases,start] GC(363) Compaction Phase
[236.093s][info][gc,phases      ] GC(363) Compaction Phase 129.885ms
[236.093s][info][gc,phases,start] GC(363) Post Compact
[236.106s][info][gc,phases      ] GC(363) Post Compact 12.464ms
[236.106s][info][gc,heap        ] GC(363) PSYoungGen: 1048576K(1223168K)->72948K(1223168K) Eden: 1048576K(1048576K)->72948K(1048576K) From: 0K(174592K)->0K(174592K)
[236.106s][info][gc,heap        ] GC(363) ParOldGen: 2796529K(2796544K)->2796512K(2796544K)
[236.106s][info][gc,metaspace   ] GC(363) Metaspace: 10566K(10816K)->10566K(10816K) NonClass: 9531K(9664K)->9531K(9664K) Class: 1034K(1152K)->1034K(1152K)
[236.106s][info][gc             ] GC(363) Pause Full (Ergonomics) 3754M->2802M(3925M) 174.870ms
[236.106s][info][gc,cpu         ] GC(363) User=1.31s Sys=0.00s Real=0.18s
[236.568s][info][gc,start       ] GC(364) Pause Full (Ergonomics)
[236.568s][info][gc,phases,start] GC(364) Marking Phase
[236.599s][info][gc,phases      ] GC(364) Marking Phase 31.435ms
[236.599s][info][gc,phases,start] GC(364) Summary Phase
[236.600s][info][gc,phases      ] GC(364) Summary Phase 0.064ms
[236.600s][info][gc,phases,start] GC(364) Adjust Roots
[236.600s][info][gc,phases      ] GC(364) Adjust Roots 0.558ms
[236.600s][info][gc,phases,start] GC(364) Compaction Phase
[236.731s][info][gc,phases      ] GC(364) Compaction Phase 130.710ms
[236.731s][info][gc,phases,start] GC(364) Post Compact
[236.742s][info][gc,phases      ] GC(364) Post Compact 11.183ms
[236.742s][info][gc,heap        ] GC(364) PSYoungGen: 1048576K(1223168K)->72968K(1223168K) Eden: 1048576K(1048576K)->72968K(1048576K) From: 0K(174592K)->0K(174592K)
[236.742s][info][gc,heap        ] GC(364) ParOldGen: 2796512K(2796544K)->2796492K(2796544K)
[236.742s][info][gc,metaspace   ] GC(364) Metaspace: 10566K(10816K)->10566K(10816K) NonClass: 9531K(9664K)->9531K(9664K) Class: 1034K(1152K)->1034K(1152K)
[236.742s][info][gc             ] GC(364) Pause Full (Ergonomics) 3754M->2802M(3925M) 174.281ms
[236.742s][info][gc,cpu         ] GC(364) User=1.31s Sys=0.00s Real=0.18s
[237.213s][info][gc,start       ] GC(365) Pause Full (Ergonomics)
[237.214s][info][gc,phases,start] GC(365) Marking Phase
[237.245s][info][gc,phases      ] GC(365) Marking Phase 31.513ms
[237.245s][info][gc,phases,start] GC(365) Summary Phase
[237.245s][info][gc,phases      ] GC(365) Summary Phase 0.064ms
[237.245s][info][gc,phases,start] GC(365) Adjust Roots
[237.246s][info][gc,phases      ] GC(365) Adjust Roots 0.619ms
[237.246s][info][gc,phases,start] GC(365) Compaction Phase
[237.377s][info][gc,phases      ] GC(365) Compaction Phase 130.801ms
[237.377s][info][gc,phases,start] GC(365) Post Compact
[237.388s][info][gc,phases      ] GC(365) Post Compact 10.843ms
[237.388s][info][gc,heap        ] GC(365) PSYoungGen: 1048576K(1223168K)->72960K(1223168K) Eden: 1048576K(1048576K)->72960K(1048576K) From: 0K(174592K)->0K(174592K)
[237.388s][info][gc,heap        ] GC(365) ParOldGen: 2796492K(2796544K)->2796500K(2796544K)
[237.388s][info][gc,metaspace   ] GC(365) Metaspace: 10566K(10816K)->10566K(10816K) NonClass: 9531K(9664K)->9531K(9664K) Class: 1034K(1152K)->1034K(1152K)
[237.388s][info][gc             ] GC(365) Pause Full (Ergonomics) 3754M->2802M(3925M) 174.186ms
[237.388s][info][gc,cpu         ] GC(365) User=1.32s Sys=0.00s Real=0.17s
[237.857s][info][gc,start       ] GC(366) Pause Full (Ergonomics)
[237.858s][info][gc,phases,start] GC(366) Marking Phase
[237.887s][info][gc,phases      ] GC(366) Marking Phase 29.891ms
[237.887s][info][gc,phases,start] GC(366) Summary Phase
[237.888s][info][gc,phases      ] GC(366) Summary Phase 0.064ms
[237.888s][info][gc,phases,start] GC(366) Adjust Roots
[237.888s][info][gc,phases      ] GC(366) Adjust Roots 0.563ms
[237.888s][info][gc,phases,start] GC(366) Compaction Phase
[238.019s][info][gc,phases      ] GC(366) Compaction Phase 130.711ms
[238.019s][info][gc,phases,start] GC(366) Post Compact
[238.029s][info][gc,phases      ] GC(366) Post Compact 9.936ms
[238.029s][info][gc,heap        ] GC(366) PSYoungGen: 1048576K(1223168K)->72944K(1223168K) Eden: 1048576K(1048576K)->72944K(1048576K) From: 0K(174592K)->0K(174592K)
[238.029s][info][gc,heap        ] GC(366) ParOldGen: 2796500K(2796544K)->2796517K(2796544K)
[238.029s][info][gc,metaspace   ] GC(366) Metaspace: 10566K(10816K)->10566K(10816K) NonClass: 9531K(9664K)->9531K(9664K) Class: 1034K(1152K)->1034K(1152K)
[238.029s][info][gc             ] GC(366) Pause Full (Ergonomics) 3754M->2802M(3925M) 171.478ms
[238.029s][info][gc,cpu         ] GC(366) User=1.30s Sys=0.00s Real=0.17s
[238.495s][info][gc,start       ] GC(367) Pause Full (Ergonomics)
[238.495s][info][gc,phases,start] GC(367) Marking Phase
[238.525s][info][gc,phases      ] GC(367) Marking Phase 30.254ms
[238.525s][info][gc,phases,start] GC(367) Summary Phase
[238.525s][info][gc,phases      ] GC(367) Summary Phase 0.065ms
[238.525s][info][gc,phases,start] GC(367) Adjust Roots
[238.526s][info][gc,phases      ] GC(367) Adjust Roots 0.569ms
[238.526s][info][gc,phases,start] GC(367) Compaction Phase
[238.657s][info][gc,phases      ] GC(367) Compaction Phase 130.957ms
[238.657s][info][gc,phases,start] GC(367) Post Compact
[238.667s][info][gc,phases      ] GC(367) Post Compact 10.781ms
[238.667s][info][gc,heap        ] GC(367) PSYoungGen: 1048576K(1223168K)->72948K(1223168K) Eden: 1048576K(1048576K)->72948K(1048576K) From: 0K(174592K)->0K(174592K)
[238.667s][info][gc,heap        ] GC(367) ParOldGen: 2796517K(2796544K)->2796512K(2796544K)
[238.667s][info][gc,metaspace   ] GC(367) Metaspace: 10566K(10816K)->10566K(10816K) NonClass: 9531K(9664K)->9531K(9664K) Class: 1034K(1152K)->1034K(1152K)
[238.668s][info][gc             ] GC(367) Pause Full (Ergonomics) 3754M->2802M(3925M) 172.964ms
[238.668s][info][gc,cpu         ] GC(367) User=1.31s Sys=0.01s Real=0.17s
[239.130s][info][gc,start       ] GC(368) Pause Full (Ergonomics)
[239.130s][info][gc,phases,start] GC(368) Marking Phase
[239.160s][info][gc,phases      ] GC(368) Marking Phase 29.858ms
[239.160s][info][gc,phases,start] GC(368) Summary Phase
[239.160s][info][gc,phases      ] GC(368) Summary Phase 0.064ms
[239.160s][info][gc,phases,start] GC(368) Adjust Roots
[239.161s][info][gc,phases      ] GC(368) Adjust Roots 0.402ms
[239.161s][info][gc,phases,start] GC(368) Compaction Phase
[239.292s][info][gc,phases      ] GC(368) Compaction Phase 131.344ms
[239.292s][info][gc,phases,start] GC(368) Post Compact
[239.302s][info][gc,phases      ] GC(368) Post Compact 9.488ms
[239.302s][info][gc,heap        ] GC(368) PSYoungGen: 1048576K(1223168K)->72984K(1223168K) Eden: 1048576K(1048576K)->72984K(1048576K) From: 0K(174592K)->0K(174592K)
[239.302s][info][gc,heap        ] GC(368) ParOldGen: 2796512K(2796544K)->2796476K(2796544K)
[239.302s][info][gc,metaspace   ] GC(368) Metaspace: 10566K(10816K)->10566K(10816K) NonClass: 9531K(9664K)->9531K(9664K) Class: 1034K(1152K)->1034K(1152K)
[239.302s][info][gc             ] GC(368) Pause Full (Ergonomics) 3754M->2802M(3925M) 171.493ms
[239.302s][info][gc,cpu         ] GC(368) User=1.30s Sys=0.00s Real=0.18s
[239.773s][info][gc,start       ] GC(369) Pause Full (Ergonomics)
[239.773s][info][gc,phases,start] GC(369) Marking Phase
[239.805s][info][gc,phases      ] GC(369) Marking Phase 31.994ms
[239.805s][info][gc,phases,start] GC(369) Summary Phase
[239.805s][info][gc,phases      ] GC(369) Summary Phase 0.064ms
[239.805s][info][gc,phases,start] GC(369) Adjust Roots
[239.806s][info][gc,phases      ] GC(369) Adjust Roots 0.413ms
[239.806s][info][gc,phases,start] GC(369) Compaction Phase
[239.937s][info][gc,phases      ] GC(369) Compaction Phase 131.393ms
[239.937s][info][gc,phases,start] GC(369) Post Compact
[239.946s][info][gc,phases      ] GC(369) Post Compact 8.921ms
[239.946s][info][gc,heap        ] GC(369) PSYoungGen: 1048576K(1223168K)->72935K(1223168K) Eden: 1048576K(1048576K)->72935K(1048576K) From: 0K(174592K)->0K(174592K)
[239.946s][info][gc,heap        ] GC(369) ParOldGen: 2796476K(2796544K)->2796525K(2796544K)
[239.946s][info][gc,metaspace   ] GC(369) Metaspace: 10566K(10816K)->10566K(10816K) NonClass: 9531K(9664K)->9531K(9664K) Class: 1034K(1152K)->1034K(1152K)
[239.946s][info][gc             ] GC(369) Pause Full (Ergonomics) 3754M->2802M(3925M) 173.145ms
[239.946s][info][gc,cpu         ] GC(369) User=1.31s Sys=0.00s Real=0.18s
[240.416s][info][gc,start       ] GC(370) Pause Full (Ergonomics)
[240.416s][info][gc,phases,start] GC(370) Marking Phase
[240.446s][info][gc,phases      ] GC(370) Marking Phase 30.388ms
[240.446s][info][gc,phases,start] GC(370) Summary Phase
[240.446s][info][gc,phases      ] GC(370) Summary Phase 0.064ms
[240.446s][info][gc,phases,start] GC(370) Adjust Roots
[240.447s][info][gc,phases      ] GC(370) Adjust Roots 0.405ms
[240.447s][info][gc,phases,start] GC(370) Compaction Phase
[240.578s][info][gc,phases      ] GC(370) Compaction Phase 131.498ms
[240.578s][info][gc,phases,start] GC(370) Post Compact
[240.586s][info][gc,phases      ] GC(370) Post Compact 7.313ms
[240.586s][info][gc,heap        ] GC(370) PSYoungGen: 1048576K(1223168K)->72960K(1223168K) Eden: 1048576K(1048576K)->72960K(1048576K) From: 0K(174592K)->0K(174592K)
[240.586s][info][gc,heap        ] GC(370) ParOldGen: 2796525K(2796544K)->2796500K(2796544K)
[240.586s][info][gc,metaspace   ] GC(370) Metaspace: 10566K(10816K)->10566K(10816K) NonClass: 9531K(9664K)->9531K(9664K) Class: 1034K(1152K)->1034K(1152K)
[240.586s][info][gc             ] GC(370) Pause Full (Ergonomics) 3754M->2802M(3925M) 169.998ms
[240.586s][info][gc,cpu         ] GC(370) User=1.31s Sys=0.00s Real=0.17s
[241.056s][info][gc,start       ] GC(371) Pause Full (Ergonomics)
[241.056s][info][gc,phases,start] GC(371) Marking Phase
[241.087s][info][gc,phases      ] GC(371) Marking Phase 30.588ms
[241.087s][info][gc,phases,start] GC(371) Summary Phase
[241.087s][info][gc,phases      ] GC(371) Summary Phase 0.064ms
[241.087s][info][gc,phases,start] GC(371) Adjust Roots
[241.087s][info][gc,phases      ] GC(371) Adjust Roots 0.416ms
[241.087s][info][gc,phases,start] GC(371) Compaction Phase
[241.219s][info][gc,phases      ] GC(371) Compaction Phase 131.926ms
[241.219s][info][gc,phases,start] GC(371) Post Compact
[241.228s][info][gc,phases      ] GC(371) Post Compact 8.381ms
[241.228s][info][gc,heap        ] GC(371) PSYoungGen: 1048576K(1223168K)->72972K(1223168K) Eden: 1048576K(1048576K)->72972K(1048576K) From: 0K(174592K)->0K(174592K)
[241.228s][info][gc,heap        ] GC(371) ParOldGen: 2796500K(2796544K)->2796488K(2796544K)
[241.228s][info][gc,metaspace   ] GC(371) Metaspace: 10566K(10816K)->10566K(10816K) NonClass: 9531K(9664K)->9531K(9664K) Class: 1034K(1152K)->1034K(1152K)
[241.228s][info][gc             ] GC(371) Pause Full (Ergonomics) 3754M->2802M(3925M) 171.718ms
[241.228s][info][gc,cpu         ] GC(371) User=1.31s Sys=0.00s Real=0.17s
[241.695s][info][gc,start       ] GC(372) Pause Full (Ergonomics)
[241.695s][info][gc,phases,start] GC(372) Marking Phase
[241.726s][info][gc,phases      ] GC(372) Marking Phase 31.052ms
[241.727s][info][gc,phases,start] GC(372) Summary Phase
[241.727s][info][gc,phases      ] GC(372) Summary Phase 0.065ms
[241.727s][info][gc,phases,start] GC(372) Adjust Roots
[241.727s][info][gc,phases      ] GC(372) Adjust Roots 0.399ms
[241.727s][info][gc,phases,start] GC(372) Compaction Phase
[241.858s][info][gc,phases      ] GC(372) Compaction Phase 131.249ms
[241.858s][info][gc,phases,start] GC(372) Post Compact
[241.865s][info][gc,phases      ] GC(372) Post Compact 6.485ms
[241.865s][info][gc,heap        ] GC(372) PSYoungGen: 1048576K(1223168K)->72952K(1223168K) Eden: 1048576K(1048576K)->72952K(1048576K) From: 0K(174592K)->0K(174592K)
[241.865s][info][gc,heap        ] GC(372) ParOldGen: 2796488K(2796544K)->2796509K(2796544K)
[241.865s][info][gc,metaspace   ] GC(372) Metaspace: 10566K(10816K)->10566K(10816K) NonClass: 9531K(9664K)->9531K(9664K) Class: 1034K(1152K)->1034K(1152K)
[241.865s][info][gc             ] GC(372) Pause Full (Ergonomics) 3754M->2802M(3925M) 169.584ms
[241.865s][info][gc,cpu         ] GC(372) User=1.31s Sys=0.00s Real=0.17s
[242.335s][info][gc,start       ] GC(373) Pause Full (Ergonomics)
[242.335s][info][gc,phases,start] GC(373) Marking Phase
[242.366s][info][gc,phases      ] GC(373) Marking Phase 30.525ms
[242.366s][info][gc,phases,start] GC(373) Summary Phase
[242.366s][info][gc,phases      ] GC(373) Summary Phase 0.064ms
[242.366s][info][gc,phases,start] GC(373) Adjust Roots
[242.366s][info][gc,phases      ] GC(373) Adjust Roots 0.574ms
[242.366s][info][gc,phases,start] GC(373) Compaction Phase
[242.497s][info][gc,phases      ] GC(373) Compaction Phase 130.734ms
[242.497s][info][gc,phases,start] GC(373) Post Compact
[242.504s][info][gc,phases      ] GC(373) Post Compact 6.908ms
[242.504s][info][gc,heap        ] GC(373) PSYoungGen: 1048576K(1223168K)->72984K(1223168K) Eden: 1048576K(1048576K)->72984K(1048576K) From: 0K(174592K)->0K(174592K)
[242.504s][info][gc,heap        ] GC(373) ParOldGen: 2796509K(2796544K)->2796476K(2796544K)
[242.504s][info][gc,metaspace   ] GC(373) Metaspace: 10566K(10816K)->10566K(10816K) NonClass: 9531K(9664K)->9531K(9664K) Class: 1034K(1152K)->1034K(1152K)
[242.504s][info][gc             ] GC(373) Pause Full (Ergonomics) 3754M->2802M(3925M) 169.133ms
[242.504s][info][gc,cpu         ] GC(373) User=1.31s Sys=0.00s Real=0.17s
[242.977s][info][gc,start       ] GC(374) Pause Full (Ergonomics)
[242.977s][info][gc,phases,start] GC(374) Marking Phase
[243.008s][info][gc,phases      ] GC(374) Marking Phase 31.395ms
[243.009s][info][gc,phases,start] GC(374) Summary Phase
[243.009s][info][gc,phases      ] GC(374) Summary Phase 0.064ms
[243.009s][info][gc,phases,start] GC(374) Adjust Roots
[243.009s][info][gc,phases      ] GC(374) Adjust Roots 0.564ms
[243.009s][info][gc,phases,start] GC(374) Compaction Phase
[243.140s][info][gc,phases      ] GC(374) Compaction Phase 130.894ms
[243.140s][info][gc,phases,start] GC(374) Post Compact
[243.150s][info][gc,phases      ] GC(374) Post Compact 9.409ms
[243.150s][info][gc,heap        ] GC(374) PSYoungGen: 1048576K(1223168K)->72968K(1223168K) Eden: 1048576K(1048576K)->72968K(1048576K) From: 0K(174592K)->0K(174592K)
[243.150s][info][gc,heap        ] GC(374) ParOldGen: 2796476K(2796544K)->2796492K(2796544K)
[243.150s][info][gc,metaspace   ] GC(374) Metaspace: 10566K(10816K)->10566K(10816K) NonClass: 9531K(9664K)->9531K(9664K) Class: 1034K(1152K)->1034K(1152K)
[243.150s][info][gc             ] GC(374) Pause Full (Ergonomics) 3754M->2802M(3925M) 172.650ms
[243.150s][info][gc,cpu         ] GC(374) User=1.32s Sys=0.00s Real=0.17s
[243.611s][info][gc,start       ] GC(375) Pause Full (Ergonomics)
[243.612s][info][gc,phases,start] GC(375) Marking Phase
[243.642s][info][gc,phases      ] GC(375) Marking Phase 30.710ms
[243.642s][info][gc,phases,start] GC(375) Summary Phase
[243.642s][info][gc,phases      ] GC(375) Summary Phase 0.064ms
[243.642s][info][gc,phases,start] GC(375) Adjust Roots
[243.643s][info][gc,phases      ] GC(375) Adjust Roots 0.402ms
[243.643s][info][gc,phases,start] GC(375) Compaction Phase
[243.774s][info][gc,phases      ] GC(375) Compaction Phase 130.823ms
[243.774s][info][gc,phases,start] GC(375) Post Compact
[243.781s][info][gc,phases      ] GC(375) Post Compact 6.834ms
[243.781s][info][gc,heap        ] GC(375) PSYoungGen: 1048576K(1223168K)->72972K(1223168K) Eden: 1048576K(1048576K)->72972K(1048576K) From: 0K(174592K)->0K(174592K)
[243.781s][info][gc,heap        ] GC(375) ParOldGen: 2796492K(2796544K)->2796488K(2796544K)
[243.781s][info][gc,metaspace   ] GC(375) Metaspace: 10566K(10816K)->10566K(10816K) NonClass: 9531K(9664K)->9531K(9664K) Class: 1034K(1152K)->1034K(1152K)
[243.781s][info][gc             ] GC(375) Pause Full (Ergonomics) 3754M->2802M(3925M) 169.156ms
[243.781s][info][gc,cpu         ] GC(375) User=1.30s Sys=0.00s Real=0.17s
[244.251s][info][gc,start       ] GC(376) Pause Full (Ergonomics)
[244.251s][info][gc,phases,start] GC(376) Marking Phase
[244.280s][info][gc,phases      ] GC(376) Marking Phase 29.164ms
[244.280s][info][gc,phases,start] GC(376) Summary Phase
[244.280s][info][gc,phases      ] GC(376) Summary Phase 0.063ms
[244.280s][info][gc,phases,start] GC(376) Adjust Roots
[244.281s][info][gc,phases      ] GC(376) Adjust Roots 0.573ms
[244.281s][info][gc,phases,start] GC(376) Compaction Phase
[244.413s][info][gc,phases      ] GC(376) Compaction Phase 131.563ms
[244.413s][info][gc,phases,start] GC(376) Post Compact
[244.424s][info][gc,phases      ] GC(376) Post Compact 11.452ms
[244.424s][info][gc,heap        ] GC(376) PSYoungGen: 1048576K(1223168K)->73001K(1223168K) Eden: 1048576K(1048576K)->73001K(1048576K) From: 0K(174592K)->0K(174592K)
[244.424s][info][gc,heap        ] GC(376) ParOldGen: 2796488K(2796544K)->2796460K(2796544K)
[244.424s][info][gc,metaspace   ] GC(376) Metaspace: 10566K(10816K)->10566K(10816K) NonClass: 9531K(9664K)->9531K(9664K) Class: 1034K(1152K)->1034K(1152K)
[244.424s][info][gc             ] GC(376) Pause Full (Ergonomics) 3754M->2802M(3925M) 173.158ms
[244.424s][info][gc,cpu         ] GC(376) User=1.31s Sys=0.00s Real=0.18s
[244.888s][info][gc,start       ] GC(377) Pause Full (Ergonomics)
[244.888s][info][gc,phases,start] GC(377) Marking Phase
[244.919s][info][gc,phases      ] GC(377) Marking Phase 30.642ms
[244.919s][info][gc,phases,start] GC(377) Summary Phase
[244.919s][info][gc,phases      ] GC(377) Summary Phase 0.064ms
[244.919s][info][gc,phases,start] GC(377) Adjust Roots
[244.920s][info][gc,phases      ] GC(377) Adjust Roots 0.569ms
[244.920s][info][gc,phases,start] GC(377) Compaction Phase
[245.052s][info][gc,phases      ] GC(377) Compaction Phase 131.696ms
[245.052s][info][gc,phases,start] GC(377) Post Compact
[245.060s][info][gc,phases      ] GC(377) Post Compact 8.853ms
[245.061s][info][gc,heap        ] GC(377) PSYoungGen: 1048576K(1223168K)->72988K(1223168K) Eden: 1048576K(1048576K)->72988K(1048576K) From: 0K(174592K)->0K(174592K)
[245.061s][info][gc,heap        ] GC(377) ParOldGen: 2796460K(2796544K)->2796472K(2796544K)
[245.061s][info][gc,metaspace   ] GC(377) Metaspace: 10566K(10816K)->10566K(10816K) NonClass: 9531K(9664K)->9531K(9664K) Class: 1034K(1152K)->1034K(1152K)
[245.061s][info][gc             ] GC(377) Pause Full (Ergonomics) 3754M->2802M(3925M) 172.153ms
[245.061s][info][gc,cpu         ] GC(377) User=1.31s Sys=0.00s Real=0.17s
[245.527s][info][gc,start       ] GC(378) Pause Full (Ergonomics)
[245.528s][info][gc,phases,start] GC(378) Marking Phase
[245.557s][info][gc,phases      ] GC(378) Marking Phase 29.355ms
[245.557s][info][gc,phases,start] GC(378) Summary Phase
[245.557s][info][gc,phases      ] GC(378) Summary Phase 0.064ms
[245.557s][info][gc,phases,start] GC(378) Adjust Roots
[245.558s][info][gc,phases      ] GC(378) Adjust Roots 0.570ms
[245.558s][info][gc,phases,start] GC(378) Compaction Phase
[245.689s][info][gc,phases      ] GC(378) Compaction Phase 131.474ms
[245.689s][info][gc,phases,start] GC(378) Post Compact
[245.698s][info][gc,phases      ] GC(378) Post Compact 8.904ms
[245.698s][info][gc,heap        ] GC(378) PSYoungGen: 1048576K(1223168K)->72964K(1223168K) Eden: 1048576K(1048576K)->72964K(1048576K) From: 0K(174592K)->0K(174592K)
[245.698s][info][gc,heap        ] GC(378) ParOldGen: 2796472K(2796544K)->2796496K(2796544K)
[245.698s][info][gc,metaspace   ] GC(378) Metaspace: 10566K(10816K)->10566K(10816K) NonClass: 9531K(9664K)->9531K(9664K) Class: 1034K(1152K)->1034K(1152K)
[245.698s][info][gc             ] GC(378) Pause Full (Ergonomics) 3754M->2802M(3925M) 170.701ms
[245.698s][info][gc,cpu         ] GC(378) User=1.31s Sys=0.00s Real=0.17s
[246.166s][info][gc,start       ] GC(379) Pause Full (Ergonomics)
[246.166s][info][gc,phases,start] GC(379) Marking Phase
[246.199s][info][gc,phases      ] GC(379) Marking Phase 32.960ms
[246.199s][info][gc,phases,start] GC(379) Summary Phase
[246.199s][info][gc,phases      ] GC(379) Summary Phase 0.064ms
[246.199s][info][gc,phases,start] GC(379) Adjust Roots
[246.200s][info][gc,phases      ] GC(379) Adjust Roots 0.401ms
[246.200s][info][gc,phases,start] GC(379) Compaction Phase
[246.332s][info][gc,phases      ] GC(379) Compaction Phase 131.949ms
[246.332s][info][gc,phases,start] GC(379) Post Compact
[246.341s][info][gc,phases      ] GC(379) Post Compact 8.996ms
[246.341s][info][gc,heap        ] GC(379) PSYoungGen: 1048572K(1223168K)->72976K(1223168K) Eden: 1048572K(1048576K)->72976K(1048576K) From: 0K(174592K)->0K(174592K)
[246.341s][info][gc,heap        ] GC(379) ParOldGen: 2796496K(2796544K)->2796484K(2796544K)
[246.341s][info][gc,metaspace   ] GC(379) Metaspace: 10566K(10816K)->10566K(10816K) NonClass: 9531K(9664K)->9531K(9664K) Class: 1034K(1152K)->1034K(1152K)
[246.341s][info][gc             ] GC(379) Pause Full (Ergonomics) 3754M->2802M(3925M) 174.737ms
[246.341s][info][gc,cpu         ] GC(379) User=1.31s Sys=0.00s Real=0.17s
[246.807s][info][gc,start       ] GC(380) Pause Full (Ergonomics)
[246.807s][info][gc,phases,start] GC(380) Marking Phase
[246.838s][info][gc,phases      ] GC(380) Marking Phase 30.699ms
[246.838s][info][gc,phases,start] GC(380) Summary Phase
[246.838s][info][gc,phases      ] GC(380) Summary Phase 0.065ms
[246.838s][info][gc,phases,start] GC(380) Adjust Roots
[246.838s][info][gc,phases      ] GC(380) Adjust Roots 0.399ms
[246.838s][info][gc,phases,start] GC(380) Compaction Phase
[246.969s][info][gc,phases      ] GC(380) Compaction Phase 131.324ms
[246.969s][info][gc,phases,start] GC(380) Post Compact
[246.979s][info][gc,phases      ] GC(380) Post Compact 9.062ms
[246.979s][info][gc,heap        ] GC(380) PSYoungGen: 1048576K(1223168K)->72923K(1223168K) Eden: 1048576K(1048576K)->72923K(1048576K) From: 0K(174592K)->0K(174592K)
[246.979s][info][gc,heap        ] GC(380) ParOldGen: 2796484K(2796544K)->2796537K(2796544K)
[246.979s][info][gc,metaspace   ] GC(380) Metaspace: 10566K(10816K)->10566K(10816K) NonClass: 9531K(9664K)->9531K(9664K) Class: 1034K(1152K)->1034K(1152K)
[246.979s][info][gc             ] GC(380) Pause Full (Ergonomics) 3754M->2802M(3925M) 171.884ms
[246.979s][info][gc,cpu         ] GC(380) User=1.31s Sys=0.00s Real=0.17s
[247.452s][info][gc,start       ] GC(381) Pause Full (Ergonomics)
[247.452s][info][gc,phases,start] GC(381) Marking Phase
[247.483s][info][gc,phases      ] GC(381) Marking Phase 31.211ms
[247.483s][info][gc,phases,start] GC(381) Summary Phase
[247.483s][info][gc,phases      ] GC(381) Summary Phase 0.065ms
[247.483s][info][gc,phases,start] GC(381) Adjust Roots
[247.484s][info][gc,phases      ] GC(381) Adjust Roots 0.557ms
[247.484s][info][gc,phases,start] GC(381) Compaction Phase
[247.615s][info][gc,phases      ] GC(381) Compaction Phase 131.675ms
[247.615s][info][gc,phases,start] GC(381) Post Compact
[247.624s][info][gc,phases      ] GC(381) Post Compact 8.222ms
[247.624s][info][gc,heap        ] GC(381) PSYoungGen: 1048576K(1223168K)->72972K(1223168K) Eden: 1048576K(1048576K)->72972K(1048576K) From: 0K(174592K)->0K(174592K)
[247.624s][info][gc,heap        ] GC(381) ParOldGen: 2796537K(2796544K)->2796488K(2796544K)
[247.624s][info][gc,metaspace   ] GC(381) Metaspace: 10566K(10816K)->10566K(10816K) NonClass: 9531K(9664K)->9531K(9664K) Class: 1034K(1152K)->1034K(1152K)
[247.624s][info][gc             ] GC(381) Pause Full (Ergonomics) 3754M->2802M(3925M) 172.066ms
[247.624s][info][gc,cpu         ] GC(381) User=1.32s Sys=0.00s Real=0.18s
[248.107s][info][gc,start       ] GC(382) Pause Full (Ergonomics)
[248.107s][info][gc,phases,start] GC(382) Marking Phase
[248.139s][info][gc,phases      ] GC(382) Marking Phase 31.687ms
[248.139s][info][gc,phases,start] GC(382) Summary Phase
[248.139s][info][gc,phases      ] GC(382) Summary Phase 0.064ms
[248.139s][info][gc,phases,start] GC(382) Adjust Roots
[248.140s][info][gc,phases      ] GC(382) Adjust Roots 0.554ms
[248.140s][info][gc,phases,start] GC(382) Compaction Phase
[248.270s][info][gc,phases      ] GC(382) Compaction Phase 130.465ms
[248.270s][info][gc,phases,start] GC(382) Post Compact
[248.280s][info][gc,phases      ] GC(382) Post Compact 9.388ms
[248.280s][info][gc,heap        ] GC(382) PSYoungGen: 1048576K(1223168K)->72944K(1223168K) Eden: 1048576K(1048576K)->72944K(1048576K) From: 0K(174592K)->0K(174592K)
[248.280s][info][gc,heap        ] GC(382) ParOldGen: 2796488K(2796544K)->2796517K(2796544K)
[248.280s][info][gc,metaspace   ] GC(382) Metaspace: 10566K(10816K)->10566K(10816K) NonClass: 9531K(9664K)->9531K(9664K) Class: 1034K(1152K)->1034K(1152K)
[248.280s][info][gc             ] GC(382) Pause Full (Ergonomics) 3754M->2802M(3925M) 172.506ms
[248.280s][info][gc,cpu         ] GC(382) User=1.31s Sys=0.00s Real=0.17s
[248.746s][info][gc,start       ] GC(383) Pause Full (Ergonomics)
[248.746s][info][gc,phases,start] GC(383) Marking Phase
[248.776s][info][gc,phases      ] GC(383) Marking Phase 30.132ms
[248.776s][info][gc,phases,start] GC(383) Summary Phase
[248.776s][info][gc,phases      ] GC(383) Summary Phase 0.064ms
[248.776s][info][gc,phases,start] GC(383) Adjust Roots
[248.777s][info][gc,phases      ] GC(383) Adjust Roots 0.416ms
[248.777s][info][gc,phases,start] GC(383) Compaction Phase
[248.908s][info][gc,phases      ] GC(383) Compaction Phase 131.307ms
[248.908s][info][gc,phases,start] GC(383) Post Compact
[248.918s][info][gc,phases      ] GC(383) Post Compact 9.574ms
[248.918s][info][gc,heap        ] GC(383) PSYoungGen: 1048576K(1223168K)->72944K(1223168K) Eden: 1048576K(1048576K)->72944K(1048576K) From: 0K(174592K)->0K(174592K)
[248.918s][info][gc,heap        ] GC(383) ParOldGen: 2796517K(2796544K)->2796517K(2796544K)
[248.918s][info][gc,metaspace   ] GC(383) Metaspace: 10566K(10816K)->10566K(10816K) NonClass: 9531K(9664K)->9531K(9664K) Class: 1034K(1152K)->1034K(1152K)
[248.918s][info][gc             ] GC(383) Pause Full (Ergonomics) 3754M->2802M(3925M) 171.823ms
[248.918s][info][gc,cpu         ] GC(383) User=1.31s Sys=0.00s Real=0.17s
[249.385s][info][gc,start       ] GC(384) Pause Full (Ergonomics)
[249.385s][info][gc,phases,start] GC(384) Marking Phase
[249.416s][info][gc,phases      ] GC(384) Marking Phase 30.524ms
[249.416s][info][gc,phases,start] GC(384) Summary Phase
[249.416s][info][gc,phases      ] GC(384) Summary Phase 0.064ms
[249.416s][info][gc,phases,start] GC(384) Adjust Roots
[249.416s][info][gc,phases      ] GC(384) Adjust Roots 0.403ms
[249.416s][info][gc,phases,start] GC(384) Compaction Phase
[249.548s][info][gc,phases      ] GC(384) Compaction Phase 131.091ms
[249.548s][info][gc,phases,start] GC(384) Post Compact
[249.557s][info][gc,phases      ] GC(384) Post Compact 9.020ms
[249.557s][info][gc,heap        ] GC(384) PSYoungGen: 1048576K(1223168K)->72988K(1223168K) Eden: 1048576K(1048576K)->72988K(1048576K) From: 0K(174592K)->0K(174592K)
[249.557s][info][gc,heap        ] GC(384) ParOldGen: 2796517K(2796544K)->2796472K(2796544K)
[249.557s][info][gc,metaspace   ] GC(384) Metaspace: 10566K(10816K)->10566K(10816K) NonClass: 9531K(9664K)->9531K(9664K) Class: 1034K(1152K)->1034K(1152K)
[249.557s][info][gc             ] GC(384) Pause Full (Ergonomics) 3754M->2802M(3925M) 171.427ms
[249.557s][info][gc,cpu         ] GC(384) User=1.31s Sys=0.00s Real=0.17s
[250.031s][info][gc,start       ] GC(385) Pause Full (Ergonomics)
[250.031s][info][gc,phases,start] GC(385) Marking Phase
[250.064s][info][gc,phases      ] GC(385) Marking Phase 32.251ms
[250.064s][info][gc,phases,start] GC(385) Summary Phase
[250.064s][info][gc,phases      ] GC(385) Summary Phase 0.065ms
[250.064s][info][gc,phases,start] GC(385) Adjust Roots
[250.064s][info][gc,phases      ] GC(385) Adjust Roots 0.553ms
[250.064s][info][gc,phases,start] GC(385) Compaction Phase
[250.195s][info][gc,phases      ] GC(385) Compaction Phase 130.846ms
[250.195s][info][gc,phases,start] GC(385) Post Compact
[250.206s][info][gc,phases      ] GC(385) Post Compact 10.890ms
[250.206s][info][gc,heap        ] GC(385) PSYoungGen: 1048576K(1223168K)->72976K(1223168K) Eden: 1048576K(1048576K)->72976K(1048576K) From: 0K(174592K)->0K(174592K)
[250.206s][info][gc,heap        ] GC(385) ParOldGen: 2796472K(2796544K)->2796484K(2796544K)
[250.206s][info][gc,metaspace   ] GC(385) Metaspace: 10566K(10816K)->10566K(10816K) NonClass: 9531K(9664K)->9531K(9664K) Class: 1034K(1152K)->1034K(1152K)
[250.206s][info][gc             ] GC(385) Pause Full (Ergonomics) 3754M->2802M(3925M) 174.944ms
[250.206s][info][gc,cpu         ] GC(385) User=1.31s Sys=0.00s Real=0.18s
[250.669s][info][gc,start       ] GC(386) Pause Full (Ergonomics)
[250.670s][info][gc,phases,start] GC(386) Marking Phase
[250.699s][info][gc,phases      ] GC(386) Marking Phase 29.622ms
[250.699s][info][gc,phases,start] GC(386) Summary Phase
[250.699s][info][gc,phases      ] GC(386) Summary Phase 0.065ms
[250.699s][info][gc,phases,start] GC(386) Adjust Roots
[250.700s][info][gc,phases      ] GC(386) Adjust Roots 0.559ms
[250.700s][info][gc,phases,start] GC(386) Compaction Phase
[250.831s][info][gc,phases      ] GC(386) Compaction Phase 131.474ms
[250.831s][info][gc,phases,start] GC(386) Post Compact
[250.843s][info][gc,phases      ] GC(386) Post Compact 11.452ms
[250.843s][info][gc,heap        ] GC(386) PSYoungGen: 1048576K(1223168K)->72988K(1223168K) Eden: 1048576K(1048576K)->72988K(1048576K) From: 0K(174592K)->0K(174592K)
[250.843s][info][gc,heap        ] GC(386) ParOldGen: 2796484K(2796544K)->2796472K(2796544K)
[250.843s][info][gc,metaspace   ] GC(386) Metaspace: 10566K(10816K)->10566K(10816K) NonClass: 9531K(9664K)->9531K(9664K) Class: 1034K(1152K)->1034K(1152K)
[250.843s][info][gc             ] GC(386) Pause Full (Ergonomics) 3754M->2802M(3925M) 173.512ms
[250.843s][info][gc,cpu         ] GC(386) User=1.31s Sys=0.00s Real=0.18s
[251.309s][info][gc,start       ] GC(387) Pause Full (Ergonomics)
[251.309s][info][gc,phases,start] GC(387) Marking Phase
[251.339s][info][gc,phases      ] GC(387) Marking Phase 30.589ms
[251.339s][info][gc,phases,start] GC(387) Summary Phase
[251.339s][info][gc,phases      ] GC(387) Summary Phase 0.064ms
[251.339s][info][gc,phases,start] GC(387) Adjust Roots
[251.340s][info][gc,phases      ] GC(387) Adjust Roots 0.561ms
[251.340s][info][gc,phases,start] GC(387) Compaction Phase
[251.470s][info][gc,phases      ] GC(387) Compaction Phase 130.558ms
[251.471s][info][gc,phases,start] GC(387) Post Compact
[251.481s][info][gc,phases      ] GC(387) Post Compact 10.011ms
[251.481s][info][gc,heap        ] GC(387) PSYoungGen: 1048576K(1223168K)->72956K(1223168K) Eden: 1048576K(1048576K)->72956K(1048576K) From: 0K(174592K)->0K(174592K)
[251.481s][info][gc,heap        ] GC(387) ParOldGen: 2796472K(2796544K)->2796505K(2796544K)
[251.481s][info][gc,metaspace   ] GC(387) Metaspace: 10566K(10816K)->10566K(10816K) NonClass: 9531K(9664K)->9531K(9664K) Class: 1034K(1152K)->1034K(1152K)
[251.481s][info][gc             ] GC(387) Pause Full (Ergonomics) 3754M->2802M(3925M) 172.129ms
[251.481s][info][gc,cpu         ] GC(387) User=1.31s Sys=0.00s Real=0.17s
[251.950s][info][gc,start       ] GC(388) Pause Full (Ergonomics)
[251.950s][info][gc,phases,start] GC(388) Marking Phase
[251.981s][info][gc,phases      ] GC(388) Marking Phase 30.508ms
[251.981s][info][gc,phases,start] GC(388) Summary Phase
[251.981s][info][gc,phases      ] GC(388) Summary Phase 0.064ms
[251.981s][info][gc,phases,start] GC(388) Adjust Roots
[251.981s][info][gc,phases      ] GC(388) Adjust Roots 0.397ms
[251.981s][info][gc,phases,start] GC(388) Compaction Phase
[252.113s][info][gc,phases      ] GC(388) Compaction Phase 131.389ms
[252.113s][info][gc,phases,start] GC(388) Post Compact
[252.126s][info][gc,phases      ] GC(388) Post Compact 12.766ms
[252.126s][info][gc,heap        ] GC(388) PSYoungGen: 1048576K(1223168K)->72935K(1223168K) Eden: 1048576K(1048576K)->72935K(1048576K) From: 0K(174592K)->0K(174592K)
[252.126s][info][gc,heap        ] GC(388) ParOldGen: 2796505K(2796544K)->2796525K(2796544K)
[252.126s][info][gc,metaspace   ] GC(388) Metaspace: 10566K(10816K)->10566K(10816K) NonClass: 9531K(9664K)->9531K(9664K) Class: 1034K(1152K)->1034K(1152K)
[252.126s][info][gc             ] GC(388) Pause Full (Ergonomics) 3754M->2802M(3925M) 175.474ms
[252.126s][info][gc,cpu         ] GC(388) User=1.32s Sys=0.00s Real=0.18s
[252.595s][info][gc,start       ] GC(389) Pause Full (Ergonomics)
[252.595s][info][gc,phases,start] GC(389) Marking Phase
[252.624s][info][gc,phases      ] GC(389) Marking Phase 29.576ms
[252.624s][info][gc,phases,start] GC(389) Summary Phase
[252.624s][info][gc,phases      ] GC(389) Summary Phase 0.063ms
[252.624s][info][gc,phases,start] GC(389) Adjust Roots
[252.625s][info][gc,phases      ] GC(389) Adjust Roots 0.554ms
[252.625s][info][gc,phases,start] GC(389) Compaction Phase
[252.756s][info][gc,phases      ] GC(389) Compaction Phase 130.827ms
[252.756s][info][gc,phases,start] GC(389) Post Compact
[252.763s][info][gc,phases      ] GC(389) Post Compact 6.820ms
[252.763s][info][gc,heap        ] GC(389) PSYoungGen: 1048576K(1223168K)->72996K(1223168K) Eden: 1048576K(1048576K)->72996K(1048576K) From: 0K(174592K)->0K(174592K)
[252.763s][info][gc,heap        ] GC(389) ParOldGen: 2796525K(2796544K)->2796464K(2796544K)
[252.763s][info][gc,metaspace   ] GC(389) Metaspace: 10566K(10816K)->10566K(10816K) NonClass: 9531K(9664K)->9531K(9664K) Class: 1034K(1152K)->1034K(1152K)
[252.763s][info][gc             ] GC(389) Pause Full (Ergonomics) 3754M->2802M(3925M) 168.201ms
[252.763s][info][gc,cpu         ] GC(389) User=1.30s Sys=0.00s Real=0.17s
[253.231s][info][gc,start       ] GC(390) Pause Full (Ergonomics)
[253.231s][info][gc,phases,start] GC(390) Marking Phase
[253.262s][info][gc,phases      ] GC(390) Marking Phase 31.141ms
[253.262s][info][gc,phases,start] GC(390) Summary Phase
[253.262s][info][gc,phases      ] GC(390) Summary Phase 0.064ms
[253.262s][info][gc,phases,start] GC(390) Adjust Roots
[253.262s][info][gc,phases      ] GC(390) Adjust Roots 0.403ms
[253.262s][info][gc,phases,start] GC(390) Compaction Phase
[253.393s][info][gc,phases      ] GC(390) Compaction Phase 130.392ms
[253.393s][info][gc,phases,start] GC(390) Post Compact
[253.406s][info][gc,phases      ] GC(390) Post Compact 13.595ms
[253.407s][info][gc,heap        ] GC(390) PSYoungGen: 1048576K(1223168K)->72948K(1223168K) Eden: 1048576K(1048576K)->72948K(1048576K) From: 0K(174592K)->0K(174592K)
[253.407s][info][gc,heap        ] GC(390) ParOldGen: 2796464K(2796544K)->2796513K(2796544K)
[253.407s][info][gc,metaspace   ] GC(390) Metaspace: 10566K(10816K)->10566K(10816K) NonClass: 9531K(9664K)->9531K(9664K) Class: 1034K(1152K)->1034K(1152K)
[253.407s][info][gc             ] GC(390) Pause Full (Ergonomics) 3754M->2802M(3925M) 175.934ms
[253.407s][info][gc,cpu         ] GC(390) User=1.32s Sys=0.00s Real=0.18s
[253.871s][info][gc,start       ] GC(391) Pause Full (Ergonomics)
[253.872s][info][gc,phases,start] GC(391) Marking Phase
[253.902s][info][gc,phases      ] GC(391) Marking Phase 30.284ms
[253.902s][info][gc,phases,start] GC(391) Summary Phase
[253.902s][info][gc,phases      ] GC(391) Summary Phase 0.064ms
[253.902s][info][gc,phases,start] GC(391) Adjust Roots
[253.902s][info][gc,phases      ] GC(391) Adjust Roots 0.553ms
[253.902s][info][gc,phases,start] GC(391) Compaction Phase
[254.034s][info][gc,phases      ] GC(391) Compaction Phase 131.583ms
[254.034s][info][gc,phases,start] GC(391) Post Compact
[254.041s][info][gc,phases      ] GC(391) Post Compact 6.803ms
[254.041s][info][gc,heap        ] GC(391) PSYoungGen: 1048576K(1223168K)->72960K(1223168K) Eden: 1048576K(1048576K)->72960K(1048576K) From: 0K(174592K)->0K(174592K)
[254.041s][info][gc,heap        ] GC(391) ParOldGen: 2796513K(2796544K)->2796501K(2796544K)
[254.041s][info][gc,metaspace   ] GC(391) Metaspace: 10566K(10816K)->10566K(10816K) NonClass: 9531K(9664K)->9531K(9664K) Class: 1034K(1152K)->1034K(1152K)
[254.041s][info][gc             ] GC(391) Pause Full (Ergonomics) 3754M->2802M(3925M) 169.624ms
[254.041s][info][gc,cpu         ] GC(391) User=1.30s Sys=0.00s Real=0.17s
[254.518s][info][gc,start       ] GC(392) Pause Full (Ergonomics)
[254.518s][info][gc,phases,start] GC(392) Marking Phase
[254.548s][info][gc,phases      ] GC(392) Marking Phase 30.558ms
[254.548s][info][gc,phases,start] GC(392) Summary Phase
[254.548s][info][gc,phases      ] GC(392) Summary Phase 0.064ms
[254.548s][info][gc,phases,start] GC(392) Adjust Roots
[254.549s][info][gc,phases      ] GC(392) Adjust Roots 0.420ms
[254.549s][info][gc,phases,start] GC(392) Compaction Phase
[254.681s][info][gc,phases      ] GC(392) Compaction Phase 131.717ms
[254.681s][info][gc,phases,start] GC(392) Post Compact
[254.689s][info][gc,phases      ] GC(392) Post Compact 7.791ms
[254.689s][info][gc,heap        ] GC(392) PSYoungGen: 1048576K(1223168K)->72976K(1223168K) Eden: 1048576K(1048576K)->72976K(1048576K) From: 0K(174592K)->0K(174592K)
[254.689s][info][gc,heap        ] GC(392) ParOldGen: 2796501K(2796544K)->2796484K(2796544K)
[254.689s][info][gc,metaspace   ] GC(392) Metaspace: 10566K(10816K)->10566K(10816K) NonClass: 9531K(9664K)->9531K(9664K) Class: 1034K(1152K)->1034K(1152K)
[254.689s][info][gc             ] GC(392) Pause Full (Ergonomics) 3754M->2802M(3925M) 170.911ms
[254.689s][info][gc,cpu         ] GC(392) User=1.30s Sys=0.01s Real=0.17s
[255.150s][info][gc,start       ] GC(393) Pause Full (Ergonomics)
[255.150s][info][gc,phases,start] GC(393) Marking Phase
[255.180s][info][gc,phases      ] GC(393) Marking Phase 29.642ms
[255.180s][info][gc,phases,start] GC(393) Summary Phase
[255.180s][info][gc,phases      ] GC(393) Summary Phase 0.064ms
[255.180s][info][gc,phases,start] GC(393) Adjust Roots
[255.181s][info][gc,phases      ] GC(393) Adjust Roots 0.401ms
[255.181s][info][gc,phases,start] GC(393) Compaction Phase
[255.311s][info][gc,phases      ] GC(393) Compaction Phase 130.539ms
[255.311s][info][gc,phases,start] GC(393) Post Compact
[255.322s][info][gc,phases      ] GC(393) Post Compact 11.166ms
[255.322s][info][gc,heap        ] GC(393) PSYoungGen: 1048576K(1223168K)->72997K(1223168K) Eden: 1048576K(1048576K)->72997K(1048576K) From: 0K(174592K)->0K(174592K)
[255.322s][info][gc,heap        ] GC(393) ParOldGen: 2796484K(2796544K)->2796464K(2796544K)
[255.322s][info][gc,metaspace   ] GC(393) Metaspace: 10566K(10816K)->10566K(10816K) NonClass: 9531K(9664K)->9531K(9664K) Class: 1034K(1152K)->1034K(1152K)
[255.323s][info][gc             ] GC(393) Pause Full (Ergonomics) 3754M->2802M(3925M) 172.157ms
[255.323s][info][gc,cpu         ] GC(393) User=1.31s Sys=0.00s Real=0.18s
[255.875s][info][gc,start       ] GC(394) Pause Full (Ergonomics)
[255.875s][info][gc,phases,start] GC(394) Marking Phase
[255.905s][info][gc,phases      ] GC(394) Marking Phase 29.971ms
[255.905s][info][gc,phases,start] GC(394) Summary Phase
[255.905s][info][gc,phases      ] GC(394) Summary Phase 0.064ms
[255.905s][info][gc,phases,start] GC(394) Adjust Roots
[255.906s][info][gc,phases      ] GC(394) Adjust Roots 0.421ms
[255.906s][info][gc,phases,start] GC(394) Compaction Phase
[256.037s][info][gc,phases      ] GC(394) Compaction Phase 131.334ms
[256.037s][info][gc,phases,start] GC(394) Post Compact
[256.044s][info][gc,phases      ] GC(394) Post Compact 6.668ms
[256.044s][info][gc,heap        ] GC(394) PSYoungGen: 1048576K(1223168K)->72927K(1223168K) Eden: 1048576K(1048576K)->72927K(1048576K) From: 0K(174592K)->0K(174592K)
[256.044s][info][gc,heap        ] GC(394) ParOldGen: 2796464K(2796544K)->2796533K(2796544K)
[256.044s][info][gc,metaspace   ] GC(394) Metaspace: 10566K(10816K)->10566K(10816K) NonClass: 9531K(9664K)->9531K(9664K) Class: 1034K(1152K)->1034K(1152K)
[256.044s][info][gc             ] GC(394) Pause Full (Ergonomics) 3754M->2802M(3925M) 168.789ms
[256.044s][info][gc,cpu         ] GC(394) User=1.30s Sys=0.00s Real=0.17s
[256.526s][info][gc,start       ] GC(395) Pause Full (Ergonomics)
[256.526s][info][gc,phases,start] GC(395) Marking Phase
[256.557s][info][gc,phases      ] GC(395) Marking Phase 30.877ms
[256.557s][info][gc,phases,start] GC(395) Summary Phase
[256.557s][info][gc,phases      ] GC(395) Summary Phase 0.064ms
[256.557s][info][gc,phases,start] GC(395) Adjust Roots
[256.557s][info][gc,phases      ] GC(395) Adjust Roots 0.548ms
[256.557s][info][gc,phases,start] GC(395) Compaction Phase
[256.689s][info][gc,phases      ] GC(395) Compaction Phase 131.872ms
[256.689s][info][gc,phases,start] GC(395) Post Compact
[256.695s][info][gc,phases      ] GC(395) Post Compact 6.312ms
[256.696s][info][gc,heap        ] GC(395) PSYoungGen: 1048576K(1223168K)->72980K(1223168K) Eden: 1048576K(1048576K)->72980K(1048576K) From: 0K(174592K)->0K(174592K)
[256.696s][info][gc,heap        ] GC(395) ParOldGen: 2796533K(2796544K)->2796480K(2796544K)
[256.696s][info][gc,metaspace   ] GC(395) Metaspace: 10566K(10816K)->10566K(10816K) NonClass: 9531K(9664K)->9531K(9664K) Class: 1034K(1152K)->1034K(1152K)
[256.696s][info][gc             ] GC(395) Pause Full (Ergonomics) 3754M->2802M(3925M) 170.006ms
[256.696s][info][gc,cpu         ] GC(395) User=1.31s Sys=0.00s Real=0.17s
[257.163s][info][gc,start       ] GC(396) Pause Full (Ergonomics)
[257.163s][info][gc,phases,start] GC(396) Marking Phase
[257.193s][info][gc,phases      ] GC(396) Marking Phase 29.815ms
[257.193s][info][gc,phases,start] GC(396) Summary Phase
[257.193s][info][gc,phases      ] GC(396) Summary Phase 0.064ms
[257.193s][info][gc,phases,start] GC(396) Adjust Roots
[257.193s][info][gc,phases      ] GC(396) Adjust Roots 0.400ms
[257.193s][info][gc,phases,start] GC(396) Compaction Phase
[257.321s][info][gc,phases      ] GC(396) Compaction Phase 127.148ms
[257.321s][info][gc,phases,start] GC(396) Post Compact
[257.330s][info][gc,phases      ] GC(396) Post Compact 9.761ms
[257.331s][info][gc,heap        ] GC(396) PSYoungGen: 1048576K(1223168K)->72940K(1223168K) Eden: 1048576K(1048576K)->72940K(1048576K) From: 0K(174592K)->0K(174592K)
[257.331s][info][gc,heap        ] GC(396) ParOldGen: 2796480K(2796544K)->2796521K(2796544K)
[257.331s][info][gc,metaspace   ] GC(396) Metaspace: 10566K(10816K)->10566K(10816K) NonClass: 9531K(9664K)->9531K(9664K) Class: 1034K(1152K)->1034K(1152K)
[257.331s][info][gc             ] GC(396) Pause Full (Ergonomics) 3754M->2802M(3925M) 167.524ms
[257.331s][info][gc,cpu         ] GC(396) User=1.30s Sys=0.00s Real=0.16s
[257.796s][info][gc,start       ] GC(397) Pause Full (Ergonomics)
[257.796s][info][gc,phases,start] GC(397) Marking Phase
[257.826s][info][gc,phases      ] GC(397) Marking Phase 29.729ms
[257.826s][info][gc,phases,start] GC(397) Summary Phase
[257.826s][info][gc,phases      ] GC(397) Summary Phase 0.064ms
[257.826s][info][gc,phases,start] GC(397) Adjust Roots
[257.826s][info][gc,phases      ] GC(397) Adjust Roots 0.401ms
[257.826s][info][gc,phases,start] GC(397) Compaction Phase
[257.958s][info][gc,phases      ] GC(397) Compaction Phase 131.346ms
[257.958s][info][gc,phases,start] GC(397) Post Compact
[257.967s][info][gc,phases      ] GC(397) Post Compact 8.997ms
[257.967s][info][gc,heap        ] GC(397) PSYoungGen: 1048576K(1223168K)->72964K(1223168K) Eden: 1048576K(1048576K)->72964K(1048576K) From: 0K(174592K)->0K(174592K)
[257.967s][info][gc,heap        ] GC(397) ParOldGen: 2796521K(2796544K)->2796496K(2796544K)
[257.967s][info][gc,metaspace   ] GC(397) Metaspace: 10566K(10816K)->10566K(10816K) NonClass: 9531K(9664K)->9531K(9664K) Class: 1034K(1152K)->1034K(1152K)
[257.967s][info][gc             ] GC(397) Pause Full (Ergonomics) 3754M->2802M(3925M) 170.867ms
[257.967s][info][gc,cpu         ] GC(397) User=1.30s Sys=0.00s Real=0.17s
[258.433s][info][gc,start       ] GC(398) Pause Full (Ergonomics)
[258.433s][info][gc,phases,start] GC(398) Marking Phase
[258.463s][info][gc,phases      ] GC(398) Marking Phase 30.349ms
[258.463s][info][gc,phases,start] GC(398) Summary Phase
[258.463s][info][gc,phases      ] GC(398) Summary Phase 0.063ms
[258.463s][info][gc,phases,start] GC(398) Adjust Roots
[258.463s][info][gc,phases      ] GC(398) Adjust Roots 0.398ms
[258.464s][info][gc,phases,start] GC(398) Compaction Phase
[258.592s][info][gc,phases      ] GC(398) Compaction Phase 128.655ms
[258.592s][info][gc,phases,start] GC(398) Post Compact
[258.601s][info][gc,phases      ] GC(398) Post Compact 8.458ms
[258.601s][info][gc,heap        ] GC(398) PSYoungGen: 1048576K(1223168K)->72940K(1223168K) Eden: 1048576K(1048576K)->72940K(1048576K) From: 0K(174592K)->0K(174592K)
[258.601s][info][gc,heap        ] GC(398) ParOldGen: 2796496K(2796544K)->2796521K(2796544K)
[258.601s][info][gc,metaspace   ] GC(398) Metaspace: 10566K(10816K)->10566K(10816K) NonClass: 9531K(9664K)->9531K(9664K) Class: 1034K(1152K)->1034K(1152K)
[258.601s][info][gc             ] GC(398) Pause Full (Ergonomics) 3754M->2802M(3925M) 168.240ms
[258.601s][info][gc,cpu         ] GC(398) User=1.31s Sys=0.00s Real=0.17s
[259.064s][info][gc,start       ] GC(399) Pause Full (Ergonomics)
[259.064s][info][gc,phases,start] GC(399) Marking Phase
[259.095s][info][gc,phases      ] GC(399) Marking Phase 31.104ms
[259.095s][info][gc,phases,start] GC(399) Summary Phase
[259.095s][info][gc,phases      ] GC(399) Summary Phase 0.066ms
[259.095s][info][gc,phases,start] GC(399) Adjust Roots
[259.096s][info][gc,phases      ] GC(399) Adjust Roots 0.399ms
[259.096s][info][gc,phases,start] GC(399) Compaction Phase
[259.227s][info][gc,phases      ] GC(399) Compaction Phase 131.741ms
[259.227s][info][gc,phases,start] GC(399) Post Compact
[259.237s][info][gc,phases      ] GC(399) Post Compact 9.071ms
[259.237s][info][gc,heap        ] GC(399) PSYoungGen: 1048576K(1223168K)->72944K(1223168K) Eden: 1048576K(1048576K)->72944K(1048576K) From: 0K(174592K)->0K(174592K)
[259.237s][info][gc,heap        ] GC(399) ParOldGen: 2796521K(2796544K)->2796517K(2796544K)
[259.237s][info][gc,metaspace   ] GC(399) Metaspace: 10566K(10816K)->10566K(10816K) NonClass: 9531K(9664K)->9531K(9664K) Class: 1034K(1152K)->1034K(1152K)
[259.237s][info][gc             ] GC(399) Pause Full (Ergonomics) 3754M->2802M(3925M) 172.730ms
[259.237s][info][gc,cpu         ] GC(399) User=1.32s Sys=0.00s Real=0.17s
[259.712s][info][gc,start       ] GC(400) Pause Full (Ergonomics)
[259.712s][info][gc,phases,start] GC(400) Marking Phase
[259.742s][info][gc,phases      ] GC(400) Marking Phase 30.364ms
[259.742s][info][gc,phases,start] GC(400) Summary Phase
[259.742s][info][gc,phases      ] GC(400) Summary Phase 0.064ms
[259.742s][info][gc,phases,start] GC(400) Adjust Roots
[259.743s][info][gc,phases      ] GC(400) Adjust Roots 0.558ms
[259.743s][info][gc,phases,start] GC(400) Compaction Phase
[259.874s][info][gc,phases      ] GC(400) Compaction Phase 131.116ms
[259.874s][info][gc,phases,start] GC(400) Post Compact
[259.884s][info][gc,phases      ] GC(400) Post Compact 9.355ms
[259.884s][info][gc,heap        ] GC(400) PSYoungGen: 1048576K(1223168K)->72940K(1223168K) Eden: 1048576K(1048576K)->72940K(1048576K) From: 0K(174592K)->0K(174592K)
[259.884s][info][gc,heap        ] GC(400) ParOldGen: 2796517K(2796544K)->2796521K(2796544K)
[259.884s][info][gc,metaspace   ] GC(400) Metaspace: 10566K(10816K)->10566K(10816K) NonClass: 9531K(9664K)->9531K(9664K) Class: 1034K(1152K)->1034K(1152K)
[259.884s][info][gc             ] GC(400) Pause Full (Ergonomics) 3754M->2802M(3925M) 171.785ms
[259.884s][info][gc,cpu         ] GC(400) User=1.31s Sys=0.00s Real=0.18s
[260.356s][info][gc,start       ] GC(401) Pause Full (Ergonomics)
[260.356s][info][gc,phases,start] GC(401) Marking Phase
[260.388s][info][gc,phases      ] GC(401) Marking Phase 32.360ms
[260.388s][info][gc,phases,start] GC(401) Summary Phase
[260.388s][info][gc,phases      ] GC(401) Summary Phase 0.064ms
[260.388s][info][gc,phases,start] GC(401) Adjust Roots
[260.389s][info][gc,phases      ] GC(401) Adjust Roots 0.474ms
[260.389s][info][gc,phases,start] GC(401) Compaction Phase
[260.522s][info][gc,phases      ] GC(401) Compaction Phase 132.891ms
[260.522s][info][gc,phases,start] GC(401) Post Compact
[260.529s][info][gc,phases      ] GC(401) Post Compact 6.835ms
[260.529s][info][gc,heap        ] GC(401) PSYoungGen: 1048576K(1223168K)->72968K(1223168K) Eden: 1048576K(1048576K)->72968K(1048576K) From: 0K(174592K)->0K(174592K)
[260.529s][info][gc,heap        ] GC(401) ParOldGen: 2796521K(2796544K)->2796492K(2796544K)
[260.529s][info][gc,metaspace   ] GC(401) Metaspace: 10566K(10816K)->10566K(10816K) NonClass: 9531K(9664K)->9531K(9664K) Class: 1034K(1152K)->1034K(1152K)
[260.529s][info][gc             ] GC(401) Pause Full (Ergonomics) 3754M->2802M(3925M) 172.960ms
[260.529s][info][gc,cpu         ] GC(401) User=1.32s Sys=0.00s Real=0.17s
[260.999s][info][gc,start       ] GC(402) Pause Full (Ergonomics)
[260.999s][info][gc,phases,start] GC(402) Marking Phase
[261.030s][info][gc,phases      ] GC(402) Marking Phase 31.162ms
[261.030s][info][gc,phases,start] GC(402) Summary Phase
[261.030s][info][gc,phases      ] GC(402) Summary Phase 0.064ms
[261.030s][info][gc,phases,start] GC(402) Adjust Roots
[261.030s][info][gc,phases      ] GC(402) Adjust Roots 0.553ms
[261.030s][info][gc,phases,start] GC(402) Compaction Phase
[261.162s][info][gc,phases      ] GC(402) Compaction Phase 131.665ms
[261.162s][info][gc,phases,start] GC(402) Post Compact
[261.169s][info][gc,phases      ] GC(402) Post Compact 7.148ms
[261.169s][info][gc,heap        ] GC(402) PSYoungGen: 1048576K(1223168K)->72960K(1223168K) Eden: 1048576K(1048576K)->72960K(1048576K) From: 0K(174592K)->0K(174592K)
[261.169s][info][gc,heap        ] GC(402) ParOldGen: 2796492K(2796544K)->2796500K(2796544K)
[261.170s][info][gc,metaspace   ] GC(402) Metaspace: 10566K(10816K)->10566K(10816K) NonClass: 9531K(9664K)->9531K(9664K) Class: 1034K(1152K)->1034K(1152K)
[261.170s][info][gc             ] GC(402) Pause Full (Ergonomics) 3754M->2802M(3925M) 170.966ms
[261.170s][info][gc,cpu         ] GC(402) User=1.31s Sys=0.00s Real=0.17s
[261.639s][info][gc,start       ] GC(403) Pause Full (Ergonomics)
[261.639s][info][gc,phases,start] GC(403) Marking Phase
[261.669s][info][gc,phases      ] GC(403) Marking Phase 30.136ms
[261.670s][info][gc,phases,start] GC(403) Summary Phase
[261.670s][info][gc,phases      ] GC(403) Summary Phase 0.064ms
[261.670s][info][gc,phases,start] GC(403) Adjust Roots
[261.670s][info][gc,phases      ] GC(403) Adjust Roots 0.559ms
[261.670s][info][gc,phases,start] GC(403) Compaction Phase
[261.801s][info][gc,phases      ] GC(403) Compaction Phase 130.560ms
[261.801s][info][gc,phases,start] GC(403) Post Compact
[261.813s][info][gc,phases      ] GC(403) Post Compact 12.514ms
[261.813s][info][gc,heap        ] GC(403) PSYoungGen: 1048576K(1223168K)->72952K(1223168K) Eden: 1048576K(1048576K)->72952K(1048576K) From: 0K(174592K)->0K(174592K)
[261.813s][info][gc,heap        ] GC(403) ParOldGen: 2796500K(2796544K)->2796509K(2796544K)
[261.813s][info][gc,metaspace   ] GC(403) Metaspace: 10566K(10816K)->10566K(10816K) NonClass: 9531K(9664K)->9531K(9664K) Class: 1034K(1152K)->1034K(1152K)
[261.813s][info][gc             ] GC(403) Pause Full (Ergonomics) 3754M->2802M(3925M) 174.191ms
[261.813s][info][gc,cpu         ] GC(403) User=1.31s Sys=0.01s Real=0.18s
[262.296s][info][gc,start       ] GC(404) Pause Full (Ergonomics)
[262.296s][info][gc,phases,start] GC(404) Marking Phase
[262.326s][info][gc,phases      ] GC(404) Marking Phase 30.190ms
[262.326s][info][gc,phases,start] GC(404) Summary Phase
[262.326s][info][gc,phases      ] GC(404) Summary Phase 0.065ms
[262.326s][info][gc,phases,start] GC(404) Adjust Roots
[262.327s][info][gc,phases      ] GC(404) Adjust Roots 0.415ms
[262.327s][info][gc,phases,start] GC(404) Compaction Phase
[262.458s][info][gc,phases      ] GC(404) Compaction Phase 131.366ms
[262.458s][info][gc,phases,start] GC(404) Post Compact
[262.468s][info][gc,phases      ] GC(404) Post Compact 9.379ms
[262.468s][info][gc,heap        ] GC(404) PSYoungGen: 1048576K(1223168K)->72956K(1223168K) Eden: 1048576K(1048576K)->72956K(1048576K) From: 0K(174592K)->0K(174592K)
[262.468s][info][gc,heap        ] GC(404) ParOldGen: 2796509K(2796544K)->2796505K(2796544K)
[262.468s][info][gc,metaspace   ] GC(404) Metaspace: 10566K(10816K)->10566K(10816K) NonClass: 9531K(9664K)->9531K(9664K) Class: 1034K(1152K)->1034K(1152K)
[262.468s][info][gc             ] GC(404) Pause Full (Ergonomics) 3754M->2802M(3925M) 171.749ms
[262.468s][info][gc,cpu         ] GC(404) User=1.31s Sys=0.00s Real=0.17s
[262.941s][info][gc,start       ] GC(405) Pause Full (Ergonomics)
[262.941s][info][gc,phases,start] GC(405) Marking Phase
[262.971s][info][gc,phases      ] GC(405) Marking Phase 30.649ms
[262.971s][info][gc,phases,start] GC(405) Summary Phase
[262.971s][info][gc,phases      ] GC(405) Summary Phase 0.064ms
[262.971s][info][gc,phases,start] GC(405) Adjust Roots
[262.972s][info][gc,phases      ] GC(405) Adjust Roots 0.402ms
[262.972s][info][gc,phases,start] GC(405) Compaction Phase
[263.103s][info][gc,phases      ] GC(405) Compaction Phase 131.101ms
[263.103s][info][gc,phases,start] GC(405) Post Compact
[263.114s][info][gc,phases      ] GC(405) Post Compact 11.088ms
[263.114s][info][gc,heap        ] GC(405) PSYoungGen: 1048576K(1223168K)->72931K(1223168K) Eden: 1048576K(1048576K)->72931K(1048576K) From: 0K(174592K)->0K(174592K)
[263.114s][info][gc,heap        ] GC(405) ParOldGen: 2796505K(2796544K)->2796529K(2796544K)
[263.114s][info][gc,metaspace   ] GC(405) Metaspace: 10566K(10816K)->10566K(10816K) NonClass: 9531K(9664K)->9531K(9664K) Class: 1034K(1152K)->1034K(1152K)
[263.114s][info][gc             ] GC(405) Pause Full (Ergonomics) 3754M->2802M(3925M) 173.669ms
[263.114s][info][gc,cpu         ] GC(405) User=1.31s Sys=0.00s Real=0.18s
[263.586s][info][gc,start       ] GC(406) Pause Full (Ergonomics)
[263.586s][info][gc,phases,start] GC(406) Marking Phase
[263.617s][info][gc,phases      ] GC(406) Marking Phase 30.959ms
[263.617s][info][gc,phases,start] GC(406) Summary Phase
[263.617s][info][gc,phases      ] GC(406) Summary Phase 0.065ms
[263.617s][info][gc,phases,start] GC(406) Adjust Roots
[263.617s][info][gc,phases      ] GC(406) Adjust Roots 0.551ms
[263.617s][info][gc,phases,start] GC(406) Compaction Phase
[263.749s][info][gc,phases      ] GC(406) Compaction Phase 131.488ms
[263.749s][info][gc,phases,start] GC(406) Post Compact
[263.762s][info][gc,phases      ] GC(406) Post Compact 12.787ms
[263.762s][info][gc,heap        ] GC(406) PSYoungGen: 1048576K(1223168K)->72988K(1223168K) Eden: 1048576K(1048576K)->72988K(1048576K) From: 0K(174592K)->0K(174592K)
[263.762s][info][gc,heap        ] GC(406) ParOldGen: 2796529K(2796544K)->2796472K(2796544K)
[263.762s][info][gc,metaspace   ] GC(406) Metaspace: 10566K(10816K)->10566K(10816K) NonClass: 9531K(9664K)->9531K(9664K) Class: 1034K(1152K)->1034K(1152K)
[263.762s][info][gc             ] GC(406) Pause Full (Ergonomics) 3754M->2802M(3925M) 176.189ms
[263.762s][info][gc,cpu         ] GC(406) User=1.32s Sys=0.00s Real=0.18s
[264.230s][info][gc,start       ] GC(407) Pause Full (Ergonomics)
[264.230s][info][gc,phases,start] GC(407) Marking Phase
[264.260s][info][gc,phases      ] GC(407) Marking Phase 30.207ms
[264.260s][info][gc,phases,start] GC(407) Summary Phase
[264.261s][info][gc,phases      ] GC(407) Summary Phase 0.063ms
[264.261s][info][gc,phases,start] GC(407) Adjust Roots
[264.261s][info][gc,phases      ] GC(407) Adjust Roots 0.474ms
[264.261s][info][gc,phases,start] GC(407) Compaction Phase
[264.393s][info][gc,phases      ] GC(407) Compaction Phase 131.639ms
[264.393s][info][gc,phases,start] GC(407) Post Compact
[264.401s][info][gc,phases      ] GC(407) Post Compact 7.835ms
[264.401s][info][gc,heap        ] GC(407) PSYoungGen: 1048576K(1223168K)->72952K(1223168K) Eden: 1048576K(1048576K)->72952K(1048576K) From: 0K(174592K)->0K(174592K)
[264.401s][info][gc,heap        ] GC(407) ParOldGen: 2796472K(2796544K)->2796509K(2796544K)
[264.401s][info][gc,metaspace   ] GC(407) Metaspace: 10566K(10816K)->10566K(10816K) NonClass: 9531K(9664K)->9531K(9664K) Class: 1034K(1152K)->1034K(1152K)
[264.401s][info][gc             ] GC(407) Pause Full (Ergonomics) 3754M->2802M(3925M) 170.563ms
[264.401s][info][gc,cpu         ] GC(407) User=1.32s Sys=0.00s Real=0.17s
[264.870s][info][gc,start       ] GC(408) Pause Full (Ergonomics)
[264.870s][info][gc,phases,start] GC(408) Marking Phase
[264.900s][info][gc,phases      ] GC(408) Marking Phase 29.656ms
[264.900s][info][gc,phases,start] GC(408) Summary Phase
[264.900s][info][gc,phases      ] GC(408) Summary Phase 0.065ms
[264.900s][info][gc,phases,start] GC(408) Adjust Roots
[264.900s][info][gc,phases      ] GC(408) Adjust Roots 0.401ms
[264.900s][info][gc,phases,start] GC(408) Compaction Phase
[265.032s][info][gc,phases      ] GC(408) Compaction Phase 131.390ms
[265.032s][info][gc,phases,start] GC(408) Post Compact
[265.041s][info][gc,phases      ] GC(408) Post Compact 8.802ms
[265.041s][info][gc,heap        ] GC(408) PSYoungGen: 1048576K(1223168K)->72952K(1223168K) Eden: 1048576K(1048576K)->72952K(1048576K) From: 0K(174592K)->0K(174592K)
[265.041s][info][gc,heap        ] GC(408) ParOldGen: 2796509K(2796544K)->2796509K(2796544K)
[265.041s][info][gc,metaspace   ] GC(408) Metaspace: 10566K(10816K)->10566K(10816K) NonClass: 9531K(9664K)->9531K(9664K) Class: 1034K(1152K)->1034K(1152K)
[265.041s][info][gc             ] GC(408) Pause Full (Ergonomics) 3754M->2802M(3925M) 170.638ms
[265.041s][info][gc,cpu         ] GC(408) User=1.31s Sys=0.00s Real=0.17s
[265.509s][info][gc,start       ] GC(409) Pause Full (Ergonomics)
[265.509s][info][gc,phases,start] GC(409) Marking Phase
[265.541s][info][gc,phases      ] GC(409) Marking Phase 31.564ms
[265.541s][info][gc,phases,start] GC(409) Summary Phase
[265.541s][info][gc,phases      ] GC(409) Summary Phase 0.065ms
[265.541s][info][gc,phases,start] GC(409) Adjust Roots
[265.541s][info][gc,phases      ] GC(409) Adjust Roots 0.406ms
[265.541s][info][gc,phases,start] GC(409) Compaction Phase
[265.673s][info][gc,phases      ] GC(409) Compaction Phase 131.909ms
[265.673s][info][gc,phases,start] GC(409) Post Compact
[265.684s][info][gc,phases      ] GC(409) Post Compact 10.625ms
[265.684s][info][gc,heap        ] GC(409) PSYoungGen: 1048576K(1223168K)->72923K(1223168K) Eden: 1048576K(1048576K)->72923K(1048576K) From: 0K(174592K)->0K(174592K)
[265.684s][info][gc,heap        ] GC(409) ParOldGen: 2796509K(2796544K)->2796537K(2796544K)
[265.684s][info][gc,metaspace   ] GC(409) Metaspace: 10566K(10816K)->10566K(10816K) NonClass: 9531K(9664K)->9531K(9664K) Class: 1034K(1152K)->1034K(1152K)
[265.684s][info][gc             ] GC(409) Pause Full (Ergonomics) 3754M->2802M(3925M) 174.901ms
[265.684s][info][gc,cpu         ] GC(409) User=1.31s Sys=0.00s Real=0.18s
[266.155s][info][gc,start       ] GC(410) Pause Full (Ergonomics)
[266.156s][info][gc,phases,start] GC(410) Marking Phase
[266.186s][info][gc,phases      ] GC(410) Marking Phase 30.665ms
[266.186s][info][gc,phases,start] GC(410) Summary Phase
[266.186s][info][gc,phases      ] GC(410) Summary Phase 0.065ms
[266.186s][info][gc,phases,start] GC(410) Adjust Roots
[266.187s][info][gc,phases      ] GC(410) Adjust Roots 0.573ms
[266.187s][info][gc,phases,start] GC(410) Compaction Phase
[266.318s][info][gc,phases      ] GC(410) Compaction Phase 131.264ms
[266.318s][info][gc,phases,start] GC(410) Post Compact
[266.325s][info][gc,phases      ] GC(410) Post Compact 6.537ms
[266.325s][info][gc,heap        ] GC(410) PSYoungGen: 1048576K(1223168K)->72952K(1223168K) Eden: 1048576K(1048576K)->72952K(1048576K) From: 0K(174592K)->0K(174592K)
[266.325s][info][gc,heap        ] GC(410) ParOldGen: 2796537K(2796544K)->2796509K(2796544K)
[266.325s][info][gc,metaspace   ] GC(410) Metaspace: 10566K(10816K)->10566K(10816K) NonClass: 9531K(9664K)->9531K(9664K) Class: 1034K(1152K)->1034K(1152K)
[266.325s][info][gc             ] GC(410) Pause Full (Ergonomics) 3754M->2802M(3925M) 169.447ms
[266.325s][info][gc,cpu         ] GC(410) User=1.31s Sys=0.00s Real=0.17s
[266.799s][info][gc,start       ] GC(411) Pause Full (Ergonomics)
[266.799s][info][gc,phases,start] GC(411) Marking Phase
[266.829s][info][gc,phases      ] GC(411) Marking Phase 30.564ms
[266.830s][info][gc,phases,start] GC(411) Summary Phase
[266.830s][info][gc,phases      ] GC(411) Summary Phase 0.065ms
[266.830s][info][gc,phases,start] GC(411) Adjust Roots
[266.830s][info][gc,phases      ] GC(411) Adjust Roots 0.398ms
[266.830s][info][gc,phases,start] GC(411) Compaction Phase
[266.961s][info][gc,phases      ] GC(411) Compaction Phase 131.293ms
[266.961s][info][gc,phases,start] GC(411) Post Compact
[266.970s][info][gc,phases      ] GC(411) Post Compact 8.305ms
[266.970s][info][gc,heap        ] GC(411) PSYoungGen: 1048576K(1223168K)->72964K(1223168K) Eden: 1048576K(1048576K)->72964K(1048576K) From: 0K(174592K)->0K(174592K)
[266.970s][info][gc,heap        ] GC(411) ParOldGen: 2796509K(2796544K)->2796496K(2796544K)
[266.970s][info][gc,metaspace   ] GC(411) Metaspace: 10566K(10816K)->10566K(10816K) NonClass: 9531K(9664K)->9531K(9664K) Class: 1034K(1152K)->1034K(1152K)
[266.970s][info][gc             ] GC(411) Pause Full (Ergonomics) 3754M->2802M(3925M) 170.963ms
[266.970s][info][gc,cpu         ] GC(411) User=1.31s Sys=0.00s Real=0.17s
[267.450s][info][gc,start       ] GC(412) Pause Full (Ergonomics)
[267.450s][info][gc,phases,start] GC(412) Marking Phase
[267.480s][info][gc,phases      ] GC(412) Marking Phase 30.675ms
[267.480s][info][gc,phases,start] GC(412) Summary Phase
[267.481s][info][gc,phases      ] GC(412) Summary Phase 0.064ms
[267.481s][info][gc,phases,start] GC(412) Adjust Roots
[267.481s][info][gc,phases      ] GC(412) Adjust Roots 0.546ms
[267.481s][info][gc,phases,start] GC(412) Compaction Phase
[267.612s][info][gc,phases      ] GC(412) Compaction Phase 130.806ms
[267.612s][info][gc,phases,start] GC(412) Post Compact
[267.621s][info][gc,phases      ] GC(412) Post Compact 9.160ms
[267.621s][info][gc,heap        ] GC(412) PSYoungGen: 1048576K(1223168K)->72948K(1223168K) Eden: 1048576K(1048576K)->72948K(1048576K) From: 0K(174592K)->0K(174592K)
[267.621s][info][gc,heap        ] GC(412) ParOldGen: 2796496K(2796544K)->2796513K(2796544K)
[267.621s][info][gc,metaspace   ] GC(412) Metaspace: 10566K(10816K)->10566K(10816K) NonClass: 9531K(9664K)->9531K(9664K) Class: 1034K(1152K)->1034K(1152K)
[267.621s][info][gc             ] GC(412) Pause Full (Ergonomics) 3754M->2802M(3925M) 171.597ms
[267.621s][info][gc,cpu         ] GC(412) User=1.31s Sys=0.00s Real=0.17s
[268.087s][info][gc,start       ] GC(413) Pause Full (Ergonomics)
[268.087s][info][gc,phases,start] GC(413) Marking Phase
[268.117s][info][gc,phases      ] GC(413) Marking Phase 29.802ms
[268.117s][info][gc,phases,start] GC(413) Summary Phase
[268.117s][info][gc,phases      ] GC(413) Summary Phase 0.059ms
[268.117s][info][gc,phases,start] GC(413) Adjust Roots
[268.118s][info][gc,phases      ] GC(413) Adjust Roots 0.499ms
[268.118s][info][gc,phases,start] GC(413) Compaction Phase
[268.248s][info][gc,phases      ] GC(413) Compaction Phase 130.542ms
[268.248s][info][gc,phases,start] GC(413) Post Compact
[268.258s][info][gc,phases      ] GC(413) Post Compact 10.050ms
[268.259s][info][gc,heap        ] GC(413) PSYoungGen: 1048576K(1223168K)->72948K(1223168K) Eden: 1048576K(1048576K)->72948K(1048576K) From: 0K(174592K)->0K(174592K)
[268.259s][info][gc,heap        ] GC(413) ParOldGen: 2796513K(2796544K)->2796513K(2796544K)
[268.259s][info][gc,metaspace   ] GC(413) Metaspace: 10566K(10816K)->10566K(10816K) NonClass: 9531K(9664K)->9531K(9664K) Class: 1034K(1152K)->1034K(1152K)
[268.259s][info][gc             ] GC(413) Pause Full (Ergonomics) 3754M->2802M(3925M) 171.275ms
[268.259s][info][gc,cpu         ] GC(413) User=1.30s Sys=0.00s Real=0.17s
[268.729s][info][gc,start       ] GC(414) Pause Full (Ergonomics)
[268.729s][info][gc,phases,start] GC(414) Marking Phase
[268.762s][info][gc,phases      ] GC(414) Marking Phase 33.543ms
[268.762s][info][gc,phases,start] GC(414) Summary Phase
[268.763s][info][gc,phases      ] GC(414) Summary Phase 0.064ms
[268.763s][info][gc,phases,start] GC(414) Adjust Roots
[268.763s][info][gc,phases      ] GC(414) Adjust Roots 0.400ms
[268.763s][info][gc,phases,start] GC(414) Compaction Phase
[268.894s][info][gc,phases      ] GC(414) Compaction Phase 131.494ms
[268.895s][info][gc,phases,start] GC(414) Post Compact
[268.904s][info][gc,phases      ] GC(414) Post Compact 9.346ms
[268.904s][info][gc,heap        ] GC(414) PSYoungGen: 1048576K(1223168K)->72944K(1223168K) Eden: 1048576K(1048576K)->72944K(1048576K) From: 0K(174592K)->0K(174592K)
[268.904s][info][gc,heap        ] GC(414) ParOldGen: 2796513K(2796544K)->2796517K(2796544K)
[268.904s][info][gc,metaspace   ] GC(414) Metaspace: 10566K(10816K)->10566K(10816K) NonClass: 9531K(9664K)->9531K(9664K) Class: 1034K(1152K)->1034K(1152K)
[268.904s][info][gc             ] GC(414) Pause Full (Ergonomics) 3754M->2802M(3925M) 175.177ms
[268.904s][info][gc,cpu         ] GC(414) User=1.31s Sys=0.00s Real=0.18s
[269.373s][info][gc,start       ] GC(415) Pause Full (Ergonomics)
[269.373s][info][gc,phases,start] GC(415) Marking Phase
[269.404s][info][gc,phases      ] GC(415) Marking Phase 30.404ms
[269.404s][info][gc,phases,start] GC(415) Summary Phase
[269.404s][info][gc,phases      ] GC(415) Summary Phase 0.064ms
[269.404s][info][gc,phases,start] GC(415) Adjust Roots
[269.405s][info][gc,phases      ] GC(415) Adjust Roots 0.555ms
[269.405s][info][gc,phases,start] GC(415) Compaction Phase
[269.536s][info][gc,phases      ] GC(415) Compaction Phase 131.419ms
[269.536s][info][gc,phases,start] GC(415) Post Compact
[269.545s][info][gc,phases      ] GC(415) Post Compact 9.260ms
[269.545s][info][gc,heap        ] GC(415) PSYoungGen: 1048576K(1223168K)->72944K(1223168K) Eden: 1048576K(1048576K)->72944K(1048576K) From: 0K(174592K)->0K(174592K)
[269.545s][info][gc,heap        ] GC(415) ParOldGen: 2796517K(2796544K)->2796517K(2796544K)
[269.545s][info][gc,metaspace   ] GC(415) Metaspace: 10566K(10816K)->10566K(10816K) NonClass: 9531K(9664K)->9531K(9664K) Class: 1034K(1152K)->1034K(1152K)
[269.545s][info][gc             ] GC(415) Pause Full (Ergonomics) 3754M->2802M(3925M) 172.058ms
[269.545s][info][gc,cpu         ] GC(415) User=1.31s Sys=0.00s Real=0.18s
[270.018s][info][gc,start       ] GC(416) Pause Full (Ergonomics)
[270.018s][info][gc,phases,start] GC(416) Marking Phase
[270.048s][info][gc,phases      ] GC(416) Marking Phase 29.822ms
[270.048s][info][gc,phases,start] GC(416) Summary Phase
[270.048s][info][gc,phases      ] GC(416) Summary Phase 0.065ms
[270.048s][info][gc,phases,start] GC(416) Adjust Roots
[270.048s][info][gc,phases      ] GC(416) Adjust Roots 0.410ms
[270.048s][info][gc,phases,start] GC(416) Compaction Phase
[270.179s][info][gc,phases      ] GC(416) Compaction Phase 130.380ms
[270.179s][info][gc,phases,start] GC(416) Post Compact
[270.189s][info][gc,phases      ] GC(416) Post Compact 9.620ms
[270.189s][info][gc,heap        ] GC(416) PSYoungGen: 1048576K(1223168K)->72984K(1223168K) Eden: 1048576K(1048576K)->72984K(1048576K) From: 0K(174592K)->0K(174592K)
[270.189s][info][gc,heap        ] GC(416) ParOldGen: 2796517K(2796544K)->2796476K(2796544K)
[270.189s][info][gc,metaspace   ] GC(416) Metaspace: 10566K(10816K)->10566K(10816K) NonClass: 9531K(9664K)->9531K(9664K) Class: 1034K(1152K)->1034K(1152K)
[270.189s][info][gc             ] GC(416) Pause Full (Ergonomics) 3754M->2802M(3925M) 170.619ms
[270.189s][info][gc,cpu         ] GC(416) User=1.31s Sys=0.00s Real=0.17s
[270.655s][info][gc,start       ] GC(417) Pause Full (Ergonomics)
[270.655s][info][gc,phases,start] GC(417) Marking Phase
[270.685s][info][gc,phases      ] GC(417) Marking Phase 29.755ms
[270.685s][info][gc,phases,start] GC(417) Summary Phase
[270.685s][info][gc,phases      ] GC(417) Summary Phase 0.064ms
[270.685s][info][gc,phases,start] GC(417) Adjust Roots
[270.686s][info][gc,phases      ] GC(417) Adjust Roots 0.396ms
[270.686s][info][gc,phases,start] GC(417) Compaction Phase
[270.816s][info][gc,phases      ] GC(417) Compaction Phase 130.233ms
[270.816s][info][gc,phases,start] GC(417) Post Compact
[270.827s][info][gc,phases      ] GC(417) Post Compact 10.930ms
[270.827s][info][gc,heap        ] GC(417) PSYoungGen: 1048576K(1223168K)->72956K(1223168K) Eden: 1048576K(1048576K)->72956K(1048576K) From: 0K(174592K)->0K(174592K)
[270.827s][info][gc,heap        ] GC(417) ParOldGen: 2796476K(2796544K)->2796505K(2796544K)
[270.827s][info][gc,metaspace   ] GC(417) Metaspace: 10566K(10816K)->10566K(10816K) NonClass: 9531K(9664K)->9531K(9664K) Class: 1034K(1152K)->1034K(1152K)
[270.827s][info][gc             ] GC(417) Pause Full (Ergonomics) 3754M->2802M(3925M) 171.714ms
[270.827s][info][gc,cpu         ] GC(417) User=1.31s Sys=0.01s Real=0.17s
[271.303s][info][gc,start       ] GC(418) Pause Full (Ergonomics)
[271.303s][info][gc,phases,start] GC(418) Marking Phase
[271.334s][info][gc,phases      ] GC(418) Marking Phase 31.414ms
[271.334s][info][gc,phases,start] GC(418) Summary Phase
[271.334s][info][gc,phases      ] GC(418) Summary Phase 0.064ms
[271.334s][info][gc,phases,start] GC(418) Adjust Roots
[271.335s][info][gc,phases      ] GC(418) Adjust Roots 0.550ms
[271.335s][info][gc,phases,start] GC(418) Compaction Phase
[271.466s][info][gc,phases      ] GC(418) Compaction Phase 130.843ms
[271.466s][info][gc,phases,start] GC(418) Post Compact
[271.473s][info][gc,phases      ] GC(418) Post Compact 6.852ms
[271.473s][info][gc,heap        ] GC(418) PSYoungGen: 1048576K(1223168K)->72972K(1223168K) Eden: 1048576K(1048576K)->72972K(1048576K) From: 0K(174592K)->0K(174592K)
[271.473s][info][gc,heap        ] GC(418) ParOldGen: 2796505K(2796544K)->2796488K(2796544K)
[271.473s][info][gc,metaspace   ] GC(418) Metaspace: 10566K(10816K)->10566K(10816K) NonClass: 9531K(9664K)->9531K(9664K) Class: 1034K(1152K)->1034K(1152K)
[271.473s][info][gc             ] GC(418) Pause Full (Ergonomics) 3754M->2802M(3925M) 170.083ms
[271.473s][info][gc,cpu         ] GC(418) User=1.31s Sys=0.00s Real=0.16s
[271.940s][info][gc,start       ] GC(419) Pause Full (Ergonomics)
[271.940s][info][gc,phases,start] GC(419) Marking Phase
[271.972s][info][gc,phases      ] GC(419) Marking Phase 31.639ms
[271.972s][info][gc,phases,start] GC(419) Summary Phase
[271.972s][info][gc,phases      ] GC(419) Summary Phase 0.064ms
[271.972s][info][gc,phases,start] GC(419) Adjust Roots
[271.973s][info][gc,phases      ] GC(419) Adjust Roots 0.550ms
[271.973s][info][gc,phases,start] GC(419) Compaction Phase
[272.105s][info][gc,phases      ] GC(419) Compaction Phase 132.018ms
[272.105s][info][gc,phases,start] GC(419) Post Compact
[272.113s][info][gc,phases      ] GC(419) Post Compact 7.751ms
[272.113s][info][gc,heap        ] GC(419) PSYoungGen: 1048576K(1223168K)->72927K(1223168K) Eden: 1048576K(1048576K)->72927K(1048576K) From: 0K(174592K)->0K(174592K)
[272.113s][info][gc,heap        ] GC(419) ParOldGen: 2796488K(2796544K)->2796533K(2796544K)
[272.113s][info][gc,metaspace   ] GC(419) Metaspace: 10566K(10816K)->10566K(10816K) NonClass: 9531K(9664K)->9531K(9664K) Class: 1034K(1152K)->1034K(1152K)
[272.113s][info][gc             ] GC(419) Pause Full (Ergonomics) 3754M->2802M(3925M) 172.366ms
[272.113s][info][gc,cpu         ] GC(419) User=1.31s Sys=0.00s Real=0.17s
[272.579s][info][gc,start       ] GC(420) Pause Full (Ergonomics)
[272.579s][info][gc,phases,start] GC(420) Marking Phase
[272.609s][info][gc,phases      ] GC(420) Marking Phase 30.166ms
[272.609s][info][gc,phases,start] GC(420) Summary Phase
[272.609s][info][gc,phases      ] GC(420) Summary Phase 0.064ms
[272.609s][info][gc,phases,start] GC(420) Adjust Roots
[272.610s][info][gc,phases      ] GC(420) Adjust Roots 0.410ms
[272.610s][info][gc,phases,start] GC(420) Compaction Phase
[272.740s][info][gc,phases      ] GC(420) Compaction Phase 130.234ms
[272.740s][info][gc,phases,start] GC(420) Post Compact
[272.750s][info][gc,phases      ] GC(420) Post Compact 10.016ms
[272.750s][info][gc,heap        ] GC(420) PSYoungGen: 1048576K(1223168K)->72931K(1223168K) Eden: 1048576K(1048576K)->72931K(1048576K) From: 0K(174592K)->0K(174592K)
[272.750s][info][gc,heap        ] GC(420) ParOldGen: 2796533K(2796544K)->2796529K(2796544K)
[272.750s][info][gc,metaspace   ] GC(420) Metaspace: 10566K(10816K)->10566K(10816K) NonClass: 9531K(9664K)->9531K(9664K) Class: 1034K(1152K)->1034K(1152K)
[272.750s][info][gc             ] GC(420) Pause Full (Ergonomics) 3754M->2802M(3925M) 171.223ms
[272.750s][info][gc,cpu         ] GC(420) User=1.31s Sys=0.00s Real=0.17s
[273.218s][info][gc,start       ] GC(421) Pause Full (Ergonomics)
[273.218s][info][gc,phases,start] GC(421) Marking Phase
[273.248s][info][gc,phases      ] GC(421) Marking Phase 29.282ms
[273.248s][info][gc,phases,start] GC(421) Summary Phase
[273.248s][info][gc,phases      ] GC(421) Summary Phase 0.063ms
[273.248s][info][gc,phases,start] GC(421) Adjust Roots
[273.248s][info][gc,phases      ] GC(421) Adjust Roots 0.400ms
[273.248s][info][gc,phases,start] GC(421) Compaction Phase
[273.378s][info][gc,phases      ] GC(421) Compaction Phase 130.359ms
[273.378s][info][gc,phases,start] GC(421) Post Compact
[273.388s][info][gc,phases      ] GC(421) Post Compact 9.792ms
[273.388s][info][gc,heap        ] GC(421) PSYoungGen: 1048576K(1223168K)->72952K(1223168K) Eden: 1048576K(1048576K)->72952K(1048576K) From: 0K(174592K)->0K(174592K)
[273.388s][info][gc,heap        ] GC(421) ParOldGen: 2796529K(2796544K)->2796509K(2796544K)
[273.388s][info][gc,metaspace   ] GC(421) Metaspace: 10566K(10816K)->10566K(10816K) NonClass: 9531K(9664K)->9531K(9664K) Class: 1034K(1152K)->1034K(1152K)
[273.388s][info][gc             ] GC(421) Pause Full (Ergonomics) 3754M->2802M(3925M) 170.221ms
[273.388s][info][gc,cpu         ] GC(421) User=1.31s Sys=0.00s Real=0.17s
[273.847s][info][gc,start       ] GC(422) Pause Full (Ergonomics)
[273.847s][info][gc,phases,start] GC(422) Marking Phase
[273.878s][info][gc,phases      ] GC(422) Marking Phase 31.381ms
[273.878s][info][gc,phases,start] GC(422) Summary Phase
[273.878s][info][gc,phases      ] GC(422) Summary Phase 0.065ms
[273.878s][info][gc,phases,start] GC(422) Adjust Roots
[273.879s][info][gc,phases      ] GC(422) Adjust Roots 0.400ms
[273.879s][info][gc,phases,start] GC(422) Compaction Phase
[274.010s][info][gc,phases      ] GC(422) Compaction Phase 131.397ms
[274.010s][info][gc,phases,start] GC(422) Post Compact
[274.019s][info][gc,phases      ] GC(422) Post Compact 8.830ms
[274.019s][info][gc,heap        ] GC(422) PSYoungGen: 1048576K(1223168K)->72984K(1223168K) Eden: 1048576K(1048576K)->72984K(1048576K) From: 0K(174592K)->0K(174592K)
[274.019s][info][gc,heap        ] GC(422) ParOldGen: 2796509K(2796544K)->2796476K(2796544K)
[274.019s][info][gc,metaspace   ] GC(422) Metaspace: 10566K(10816K)->10566K(10816K) NonClass: 9531K(9664K)->9531K(9664K) Class: 1034K(1152K)->1034K(1152K)
[274.019s][info][gc             ] GC(422) Pause Full (Ergonomics) 3754M->2802M(3925M) 172.409ms
[274.019s][info][gc,cpu         ] GC(422) User=1.31s Sys=0.00s Real=0.17s
[274.494s][info][gc,start       ] GC(423) Pause Full (Ergonomics)
[274.494s][info][gc,phases,start] GC(423) Marking Phase
[274.524s][info][gc,phases      ] GC(423) Marking Phase 30.069ms
[274.524s][info][gc,phases,start] GC(423) Summary Phase
[274.524s][info][gc,phases      ] GC(423) Summary Phase 0.064ms
[274.524s][info][gc,phases,start] GC(423) Adjust Roots
[274.525s][info][gc,phases      ] GC(423) Adjust Roots 0.569ms
[274.525s][info][gc,phases,start] GC(423) Compaction Phase
[274.654s][info][gc,phases      ] GC(423) Compaction Phase 128.741ms
[274.654s][info][gc,phases,start] GC(423) Post Compact
[274.660s][info][gc,phases      ] GC(423) Post Compact 6.269ms
[274.660s][info][gc,heap        ] GC(423) PSYoungGen: 1048576K(1223168K)->72984K(1223168K) Eden: 1048576K(1048576K)->72984K(1048576K) From: 0K(174592K)->0K(174592K)
[274.660s][info][gc,heap        ] GC(423) ParOldGen: 2796476K(2796544K)->2796476K(2796544K)
[274.660s][info][gc,metaspace   ] GC(423) Metaspace: 10566K(10816K)->10566K(10816K) NonClass: 9531K(9664K)->9531K(9664K) Class: 1034K(1152K)->1034K(1152K)
[274.660s][info][gc             ] GC(423) Pause Full (Ergonomics) 3754M->2802M(3925M) 166.033ms
[274.660s][info][gc,cpu         ] GC(423) User=1.30s Sys=0.00s Real=0.16s
[275.133s][info][gc,start       ] GC(424) Pause Full (Ergonomics)
[275.133s][info][gc,phases,start] GC(424) Marking Phase
[275.164s][info][gc,phases      ] GC(424) Marking Phase 31.129ms
[275.164s][info][gc,phases,start] GC(424) Summary Phase
[275.164s][info][gc,phases      ] GC(424) Summary Phase 0.065ms
[275.164s][info][gc,phases,start] GC(424) Adjust Roots
[275.164s][info][gc,phases      ] GC(424) Adjust Roots 0.402ms
[275.164s][info][gc,phases,start] GC(424) Compaction Phase
[275.296s][info][gc,phases      ] GC(424) Compaction Phase 131.540ms
[275.296s][info][gc,phases,start] GC(424) Post Compact
[275.303s][info][gc,phases      ] GC(424) Post Compact 6.992ms
[275.303s][info][gc,heap        ] GC(424) PSYoungGen: 1048576K(1223168K)->72944K(1223168K) Eden: 1048576K(1048576K)->72944K(1048576K) From: 0K(174592K)->0K(174592K)
[275.303s][info][gc,heap        ] GC(424) ParOldGen: 2796476K(2796544K)->2796517K(2796544K)
[275.303s][info][gc,metaspace   ] GC(424) Metaspace: 10566K(10816K)->10566K(10816K) NonClass: 9531K(9664K)->9531K(9664K) Class: 1034K(1152K)->1034K(1152K)
[275.303s][info][gc             ] GC(424) Pause Full (Ergonomics) 3754M->2802M(3925M) 170.448ms
[275.303s][info][gc,cpu         ] GC(424) User=1.31s Sys=0.00s Real=0.18s
[275.769s][info][gc,start       ] GC(425) Pause Full (Ergonomics)
[275.770s][info][gc,phases,start] GC(425) Marking Phase
[275.802s][info][gc,phases      ] GC(425) Marking Phase 32.868ms
[275.802s][info][gc,phases,start] GC(425) Summary Phase
[275.803s][info][gc,phases      ] GC(425) Summary Phase 0.064ms
[275.803s][info][gc,phases,start] GC(425) Adjust Roots
[275.803s][info][gc,phases      ] GC(425) Adjust Roots 0.572ms
[275.803s][info][gc,phases,start] GC(425) Compaction Phase
[275.934s][info][gc,phases      ] GC(425) Compaction Phase 131.109ms
[275.934s][info][gc,phases,start] GC(425) Post Compact
[275.946s][info][gc,phases      ] GC(425) Post Compact 11.538ms
[275.946s][info][gc,heap        ] GC(425) PSYoungGen: 1048576K(1223168K)->72984K(1223168K) Eden: 1048576K(1048576K)->72984K(1048576K) From: 0K(174592K)->0K(174592K)
[275.946s][info][gc,heap        ] GC(425) ParOldGen: 2796517K(2796544K)->2796476K(2796544K)
[275.946s][info][gc,metaspace   ] GC(425) Metaspace: 10566K(10816K)->10566K(10816K) NonClass: 9531K(9664K)->9531K(9664K) Class: 1034K(1152K)->1034K(1152K)
[275.946s][info][gc             ] GC(425) Pause Full (Ergonomics) 3754M->2802M(3925M) 176.487ms
[275.946s][info][gc,cpu         ] GC(425) User=1.32s Sys=0.00s Real=0.18s
[276.413s][info][gc,start       ] GC(426) Pause Full (Ergonomics)
[276.413s][info][gc,phases,start] GC(426) Marking Phase
[276.444s][info][gc,phases      ] GC(426) Marking Phase 31.744ms
[276.444s][info][gc,phases,start] GC(426) Summary Phase
[276.444s][info][gc,phases      ] GC(426) Summary Phase 0.064ms
[276.444s][info][gc,phases,start] GC(426) Adjust Roots
[276.445s][info][gc,phases      ] GC(426) Adjust Roots 0.579ms
[276.445s][info][gc,phases,start] GC(426) Compaction Phase
[276.575s][info][gc,phases      ] GC(426) Compaction Phase 130.367ms
[276.576s][info][gc,phases,start] GC(426) Post Compact
[276.586s][info][gc,phases      ] GC(426) Post Compact 10.251ms
[276.586s][info][gc,heap        ] GC(426) PSYoungGen: 1048576K(1223168K)->72956K(1223168K) Eden: 1048576K(1048576K)->72956K(1048576K) From: 0K(174592K)->0K(174592K)
[276.586s][info][gc,heap        ] GC(426) ParOldGen: 2796476K(2796544K)->2796505K(2796544K)
[276.586s][info][gc,metaspace   ] GC(426) Metaspace: 10566K(10816K)->10566K(10816K) NonClass: 9531K(9664K)->9531K(9664K) Class: 1034K(1152K)->1034K(1152K)
[276.586s][info][gc             ] GC(426) Pause Full (Ergonomics) 3754M->2802M(3925M) 173.340ms
[276.586s][info][gc,cpu         ] GC(426) User=1.31s Sys=0.00s Real=0.18s
[277.052s][info][gc,start       ] GC(427) Pause Full (Ergonomics)
[277.052s][info][gc,phases,start] GC(427) Marking Phase
[277.083s][info][gc,phases      ] GC(427) Marking Phase 30.527ms
[277.083s][info][gc,phases,start] GC(427) Summary Phase
[277.083s][info][gc,phases      ] GC(427) Summary Phase 0.064ms
[277.083s][info][gc,phases,start] GC(427) Adjust Roots
[277.083s][info][gc,phases      ] GC(427) Adjust Roots 0.550ms
[277.083s][info][gc,phases,start] GC(427) Compaction Phase
[277.215s][info][gc,phases      ] GC(427) Compaction Phase 131.621ms
[277.215s][info][gc,phases,start] GC(427) Post Compact
[277.223s][info][gc,phases      ] GC(427) Post Compact 8.177ms
[277.223s][info][gc,heap        ] GC(427) PSYoungGen: 1048576K(1223168K)->72952K(1223168K) Eden: 1048576K(1048576K)->72952K(1048576K) From: 0K(174592K)->0K(174592K)
[277.223s][info][gc,heap        ] GC(427) ParOldGen: 2796505K(2796544K)->2796509K(2796544K)
[277.223s][info][gc,metaspace   ] GC(427) Metaspace: 10566K(10816K)->10566K(10816K) NonClass: 9531K(9664K)->9531K(9664K) Class: 1034K(1152K)->1034K(1152K)
[277.223s][info][gc             ] GC(427) Pause Full (Ergonomics) 3754M->2802M(3925M) 171.277ms
[277.223s][info][gc,cpu         ] GC(427) User=1.31s Sys=0.00s Real=0.18s
[277.688s][info][gc,start       ] GC(428) Pause Full (Ergonomics)
[277.688s][info][gc,phases,start] GC(428) Marking Phase
[277.718s][info][gc,phases      ] GC(428) Marking Phase 29.945ms
[277.718s][info][gc,phases,start] GC(428) Summary Phase
[277.718s][info][gc,phases      ] GC(428) Summary Phase 0.063ms
[277.718s][info][gc,phases,start] GC(428) Adjust Roots
[277.718s][info][gc,phases      ] GC(428) Adjust Roots 0.579ms
[277.718s][info][gc,phases,start] GC(428) Compaction Phase
[277.849s][info][gc,phases      ] GC(428) Compaction Phase 130.984ms
[277.849s][info][gc,phases,start] GC(428) Post Compact
[277.856s][info][gc,phases      ] GC(428) Post Compact 6.598ms
[277.856s][info][gc,heap        ] GC(428) PSYoungGen: 1048576K(1223168K)->72964K(1223168K) Eden: 1048576K(1048576K)->72964K(1048576K) From: 0K(174592K)->0K(174592K)
[277.856s][info][gc,heap        ] GC(428) ParOldGen: 2796509K(2796544K)->2796497K(2796544K)
[277.856s][info][gc,metaspace   ] GC(428) Metaspace: 10566K(10816K)->10566K(10816K) NonClass: 9531K(9664K)->9531K(9664K) Class: 1034K(1152K)->1034K(1152K)
[277.856s][info][gc             ] GC(428) Pause Full (Ergonomics) 3754M->2802M(3925M) 168.522ms
[277.856s][info][gc,cpu         ] GC(428) User=1.30s Sys=0.00s Real=0.17s
[278.327s][info][gc,start       ] GC(429) Pause Full (Ergonomics)
[278.327s][info][gc,phases,start] GC(429) Marking Phase
[278.357s][info][gc,phases      ] GC(429) Marking Phase 30.230ms
[278.357s][info][gc,phases,start] GC(429) Summary Phase
[278.357s][info][gc,phases      ] GC(429) Summary Phase 0.064ms
[278.357s][info][gc,phases,start] GC(429) Adjust Roots
[278.358s][info][gc,phases      ] GC(429) Adjust Roots 0.406ms
[278.358s][info][gc,phases,start] GC(429) Compaction Phase
[278.491s][info][gc,phases      ] GC(429) Compaction Phase 132.659ms
[278.491s][info][gc,phases,start] GC(429) Post Compact
[278.498s][info][gc,phases      ] GC(429) Post Compact 7.500ms
[278.498s][info][gc,heap        ] GC(429) PSYoungGen: 1048576K(1223168K)->72960K(1223168K) Eden: 1048576K(1048576K)->72960K(1048576K) From: 0K(174592K)->0K(174592K)
[278.498s][info][gc,heap        ] GC(429) ParOldGen: 2796497K(2796544K)->2796501K(2796544K)
[278.498s][info][gc,metaspace   ] GC(429) Metaspace: 10566K(10816K)->10566K(10816K) NonClass: 9531K(9664K)->9531K(9664K) Class: 1034K(1152K)->1034K(1152K)
[278.498s][info][gc             ] GC(429) Pause Full (Ergonomics) 3754M->2802M(3925M) 171.193ms
[278.498s][info][gc,cpu         ] GC(429) User=1.32s Sys=0.00s Real=0.17s
[278.968s][info][gc,start       ] GC(430) Pause Full (Ergonomics)
[278.969s][info][gc,phases,start] GC(430) Marking Phase
[278.998s][info][gc,phases      ] GC(430) Marking Phase 29.923ms
[278.999s][info][gc,phases,start] GC(430) Summary Phase
[278.999s][info][gc,phases      ] GC(430) Summary Phase 0.063ms
[278.999s][info][gc,phases,start] GC(430) Adjust Roots
[278.999s][info][gc,phases      ] GC(430) Adjust Roots 0.403ms
[278.999s][info][gc,phases,start] GC(430) Compaction Phase
[279.131s][info][gc,phases      ] GC(430) Compaction Phase 131.629ms
[279.131s][info][gc,phases,start] GC(430) Post Compact
[279.139s][info][gc,phases      ] GC(430) Post Compact 8.065ms
[279.139s][info][gc,heap        ] GC(430) PSYoungGen: 1048576K(1223168K)->72960K(1223168K) Eden: 1048576K(1048576K)->72960K(1048576K) From: 0K(174592K)->0K(174592K)
[279.139s][info][gc,heap        ] GC(430) ParOldGen: 2796501K(2796544K)->2796501K(2796544K)
[279.139s][info][gc,metaspace   ] GC(430) Metaspace: 10566K(10816K)->10566K(10816K) NonClass: 9531K(9664K)->9531K(9664K) Class: 1034K(1152K)->1034K(1152K)
[279.139s][info][gc             ] GC(430) Pause Full (Ergonomics) 3754M->2802M(3925M) 170.402ms
[279.139s][info][gc,cpu         ] GC(430) User=1.30s Sys=0.00s Real=0.17s
[279.612s][info][gc,start       ] GC(431) Pause Full (Ergonomics)
[279.612s][info][gc,phases,start] GC(431) Marking Phase
[279.642s][info][gc,phases      ] GC(431) Marking Phase 30.039ms
[279.642s][info][gc,phases,start] GC(431) Summary Phase
[279.643s][info][gc,phases      ] GC(431) Summary Phase 0.063ms
[279.643s][info][gc,phases,start] GC(431) Adjust Roots
[279.643s][info][gc,phases      ] GC(431) Adjust Roots 0.551ms
[279.643s][info][gc,phases,start] GC(431) Compaction Phase
[279.774s][info][gc,phases      ] GC(431) Compaction Phase 131.068ms
[279.774s][info][gc,phases,start] GC(431) Post Compact
[279.784s][info][gc,phases      ] GC(431) Post Compact 9.331ms
[279.784s][info][gc,heap        ] GC(431) PSYoungGen: 1048576K(1223168K)->72931K(1223168K) Eden: 1048576K(1048576K)->72931K(1048576K) From: 0K(174592K)->0K(174592K)
[279.784s][info][gc,heap        ] GC(431) ParOldGen: 2796501K(2796544K)->2796529K(2796544K)
[279.784s][info][gc,metaspace   ] GC(431) Metaspace: 10566K(10816K)->10566K(10816K) NonClass: 9531K(9664K)->9531K(9664K) Class: 1034K(1152K)->1034K(1152K)
[279.784s][info][gc             ] GC(431) Pause Full (Ergonomics) 3754M->2802M(3925M) 171.404ms
[279.784s][info][gc,cpu         ] GC(431) User=1.30s Sys=0.00s Real=0.18s
[280.262s][info][gc,start       ] GC(432) Pause Full (Ergonomics)
[280.262s][info][gc,phases,start] GC(432) Marking Phase
[280.292s][info][gc,phases      ] GC(432) Marking Phase 30.147ms
[280.292s][info][gc,phases,start] GC(432) Summary Phase
[280.292s][info][gc,phases      ] GC(432) Summary Phase 0.064ms
[280.292s][info][gc,phases,start] GC(432) Adjust Roots
[280.292s][info][gc,phases      ] GC(432) Adjust Roots 0.550ms
[280.292s][info][gc,phases,start] GC(432) Compaction Phase
[280.424s][info][gc,phases      ] GC(432) Compaction Phase 131.695ms
[280.424s][info][gc,phases,start] GC(432) Post Compact
[280.431s][info][gc,phases      ] GC(432) Post Compact 7.111ms
[280.431s][info][gc,heap        ] GC(432) PSYoungGen: 1048576K(1223168K)->73013K(1223168K) Eden: 1048576K(1048576K)->73013K(1048576K) From: 0K(174592K)->0K(174592K)
[280.431s][info][gc,heap        ] GC(432) ParOldGen: 2796529K(2796544K)->2796448K(2796544K)
[280.431s][info][gc,metaspace   ] GC(432) Metaspace: 10566K(10816K)->10566K(10816K) NonClass: 9531K(9664K)->9531K(9664K) Class: 1034K(1152K)->1034K(1152K)
[280.431s][info][gc             ] GC(432) Pause Full (Ergonomics) 3754M->2802M(3925M) 169.894ms
[280.431s][info][gc,cpu         ] GC(432) User=1.31s Sys=0.00s Real=0.16s
[280.896s][info][gc,start       ] GC(433) Pause Full (Ergonomics)
[280.896s][info][gc,phases,start] GC(433) Marking Phase
[280.925s][info][gc,phases      ] GC(433) Marking Phase 29.707ms
[280.925s][info][gc,phases,start] GC(433) Summary Phase
[280.925s][info][gc,phases      ] GC(433) Summary Phase 0.065ms
[280.925s][info][gc,phases,start] GC(433) Adjust Roots
[280.926s][info][gc,phases      ] GC(433) Adjust Roots 0.557ms
[280.926s][info][gc,phases,start] GC(433) Compaction Phase
[281.057s][info][gc,phases      ] GC(433) Compaction Phase 131.161ms
[281.057s][info][gc,phases,start] GC(433) Post Compact
[281.069s][info][gc,phases      ] GC(433) Post Compact 11.734ms
[281.069s][info][gc,heap        ] GC(433) PSYoungGen: 1048576K(1223168K)->72935K(1223168K) Eden: 1048576K(1048576K)->72935K(1048576K) From: 0K(174592K)->0K(174592K)
[281.069s][info][gc,heap        ] GC(433) ParOldGen: 2796448K(2796544K)->2796525K(2796544K)
[281.069s][info][gc,metaspace   ] GC(433) Metaspace: 10566K(10816K)->10566K(10816K) NonClass: 9531K(9664K)->9531K(9664K) Class: 1034K(1152K)->1034K(1152K)
[281.069s][info][gc             ] GC(433) Pause Full (Ergonomics) 3754M->2802M(3925M) 173.564ms
[281.069s][info][gc,cpu         ] GC(433) User=1.31s Sys=0.00s Real=0.17s
[281.539s][info][gc,start       ] GC(434) Pause Full (Ergonomics)
[281.540s][info][gc,phases,start] GC(434) Marking Phase
[281.571s][info][gc,phases      ] GC(434) Marking Phase 31.925ms
[281.572s][info][gc,phases,start] GC(434) Summary Phase
[281.572s][info][gc,phases      ] GC(434) Summary Phase 0.064ms
[281.572s][info][gc,phases,start] GC(434) Adjust Roots
[281.572s][info][gc,phases      ] GC(434) Adjust Roots 0.400ms
[281.572s][info][gc,phases,start] GC(434) Compaction Phase
[281.703s][info][gc,phases      ] GC(434) Compaction Phase 130.617ms
[281.703s][info][gc,phases,start] GC(434) Post Compact
[281.713s][info][gc,phases      ] GC(434) Post Compact 10.560ms
[281.713s][info][gc,heap        ] GC(434) PSYoungGen: 1048576K(1223168K)->72988K(1223168K) Eden: 1048576K(1048576K)->72988K(1048576K) From: 0K(174592K)->0K(174592K)
[281.713s][info][gc,heap        ] GC(434) ParOldGen: 2796525K(2796544K)->2796472K(2796544K)
[281.713s][info][gc,metaspace   ] GC(434) Metaspace: 10566K(10816K)->10566K(10816K) NonClass: 9531K(9664K)->9531K(9664K) Class: 1034K(1152K)->1034K(1152K)
[281.713s][info][gc             ] GC(434) Pause Full (Ergonomics) 3754M->2802M(3925M) 173.905ms
[281.713s][info][gc,cpu         ] GC(434) User=1.31s Sys=0.00s Real=0.17s
[282.179s][info][gc,start       ] GC(435) Pause Full (Ergonomics)
[282.179s][info][gc,phases,start] GC(435) Marking Phase
[282.208s][info][gc,phases      ] GC(435) Marking Phase 29.390ms
[282.208s][info][gc,phases,start] GC(435) Summary Phase
[282.208s][info][gc,phases      ] GC(435) Summary Phase 0.063ms
[282.208s][info][gc,phases,start] GC(435) Adjust Roots
[282.209s][info][gc,phases      ] GC(435) Adjust Roots 0.400ms
[282.209s][info][gc,phases,start] GC(435) Compaction Phase
[282.340s][info][gc,phases      ] GC(435) Compaction Phase 131.808ms
[282.340s][info][gc,phases,start] GC(435) Post Compact
[282.348s][info][gc,phases      ] GC(435) Post Compact 7.140ms
[282.348s][info][gc,heap        ] GC(435) PSYoungGen: 1048576K(1223168K)->72960K(1223168K) Eden: 1048576K(1048576K)->72960K(1048576K) From: 0K(174592K)->0K(174592K)
[282.348s][info][gc,heap        ] GC(435) ParOldGen: 2796472K(2796544K)->2796500K(2796544K)
[282.348s][info][gc,metaspace   ] GC(435) Metaspace: 10566K(10816K)->10566K(10816K) NonClass: 9531K(9664K)->9531K(9664K) Class: 1034K(1152K)->1034K(1152K)
[282.348s][info][gc             ] GC(435) Pause Full (Ergonomics) 3754M->2802M(3925M) 169.130ms
[282.348s][info][gc,cpu         ] GC(435) User=1.31s Sys=0.00s Real=0.17s
[282.817s][info][gc,start       ] GC(436) Pause Full (Ergonomics)
[282.817s][info][gc,phases,start] GC(436) Marking Phase
[282.848s][info][gc,phases      ] GC(436) Marking Phase 30.521ms
[282.848s][info][gc,phases,start] GC(436) Summary Phase
[282.848s][info][gc,phases      ] GC(436) Summary Phase 0.064ms
[282.848s][info][gc,phases,start] GC(436) Adjust Roots
[282.848s][info][gc,phases      ] GC(436) Adjust Roots 0.403ms
[282.848s][info][gc,phases,start] GC(436) Compaction Phase
[282.979s][info][gc,phases      ] GC(436) Compaction Phase 130.234ms
[282.979s][info][gc,phases,start] GC(436) Post Compact
[282.989s][info][gc,phases      ] GC(436) Post Compact 10.173ms
[282.989s][info][gc,heap        ] GC(436) PSYoungGen: 1048576K(1223168K)->72980K(1223168K) Eden: 1048576K(1048576K)->72980K(1048576K) From: 0K(174592K)->0K(174592K)
[282.989s][info][gc,heap        ] GC(436) ParOldGen: 2796500K(2796544K)->2796480K(2796544K)
[282.989s][info][gc,metaspace   ] GC(436) Metaspace: 10566K(10816K)->10566K(10816K) NonClass: 9531K(9664K)->9531K(9664K) Class: 1034K(1152K)->1034K(1152K)
[282.989s][info][gc             ] GC(436) Pause Full (Ergonomics) 3754M->2802M(3925M) 171.727ms
[282.989s][info][gc,cpu         ] GC(436) User=1.31s Sys=0.00s Real=0.17s
[283.454s][info][gc,start       ] GC(437) Pause Full (Ergonomics)
[283.454s][info][gc,phases,start] GC(437) Marking Phase
[283.485s][info][gc,phases      ] GC(437) Marking Phase 30.500ms
[283.485s][info][gc,phases,start] GC(437) Summary Phase
[283.485s][info][gc,phases      ] GC(437) Summary Phase 0.064ms
[283.485s][info][gc,phases,start] GC(437) Adjust Roots
[283.485s][info][gc,phases      ] GC(437) Adjust Roots 0.406ms
[283.485s][info][gc,phases,start] GC(437) Compaction Phase
[283.617s][info][gc,phases      ] GC(437) Compaction Phase 131.713ms
[283.617s][info][gc,phases,start] GC(437) Post Compact
[283.626s][info][gc,phases      ] GC(437) Post Compact 9.042ms
[283.626s][info][gc,heap        ] GC(437) PSYoungGen: 1048576K(1223168K)->72935K(1223168K) Eden: 1048576K(1048576K)->72935K(1048576K) From: 0K(174592K)->0K(174592K)
[283.626s][info][gc,heap        ] GC(437) ParOldGen: 2796480K(2796544K)->2796525K(2796544K)
[283.626s][info][gc,metaspace   ] GC(437) Metaspace: 10566K(10816K)->10566K(10816K) NonClass: 9531K(9664K)->9531K(9664K) Class: 1034K(1152K)->1034K(1152K)
[283.626s][info][gc             ] GC(437) Pause Full (Ergonomics) 3754M->2802M(3925M) 172.052ms
[283.626s][info][gc,cpu         ] GC(437) User=1.31s Sys=0.00s Real=0.17s
[284.087s][info][gc,start       ] GC(438) Pause Full (Ergonomics)
[284.087s][info][gc,phases,start] GC(438) Marking Phase
[284.116s][info][gc,phases      ] GC(438) Marking Phase 29.635ms
[284.116s][info][gc,phases,start] GC(438) Summary Phase
[284.116s][info][gc,phases      ] GC(438) Summary Phase 0.064ms
[284.116s][info][gc,phases,start] GC(438) Adjust Roots
[284.117s][info][gc,phases      ] GC(438) Adjust Roots 0.551ms
[284.117s][info][gc,phases,start] GC(438) Compaction Phase
[284.248s][info][gc,phases      ] GC(438) Compaction Phase 131.404ms
[284.249s][info][gc,phases,start] GC(438) Post Compact
[284.259s][info][gc,phases      ] GC(438) Post Compact 10.533ms
[284.259s][info][gc,heap        ] GC(438) PSYoungGen: 1048576K(1223168K)->72931K(1223168K) Eden: 1048576K(1048576K)->72931K(1048576K) From: 0K(174592K)->0K(174592K)
[284.259s][info][gc,heap        ] GC(438) ParOldGen: 2796525K(2796544K)->2796529K(2796544K)
[284.259s][info][gc,metaspace   ] GC(438) Metaspace: 10566K(10816K)->10566K(10816K) NonClass: 9531K(9664K)->9531K(9664K) Class: 1034K(1152K)->1034K(1152K)
[284.259s][info][gc             ] GC(438) Pause Full (Ergonomics) 3754M->2802M(3925M) 172.506ms
[284.259s][info][gc,cpu         ] GC(438) User=1.31s Sys=0.00s Real=0.17s
[284.731s][info][gc,start       ] GC(439) Pause Full (Ergonomics)
[284.731s][info][gc,phases,start] GC(439) Marking Phase
[284.762s][info][gc,phases      ] GC(439) Marking Phase 30.568ms
[284.762s][info][gc,phases,start] GC(439) Summary Phase
[284.762s][info][gc,phases      ] GC(439) Summary Phase 0.065ms
[284.762s][info][gc,phases,start] GC(439) Adjust Roots
[284.763s][info][gc,phases      ] GC(439) Adjust Roots 0.558ms
[284.763s][info][gc,phases,start] GC(439) Compaction Phase
[284.895s][info][gc,phases      ] GC(439) Compaction Phase 131.757ms
[284.895s][info][gc,phases,start] GC(439) Post Compact
[284.906s][info][gc,phases      ] GC(439) Post Compact 11.271ms
[284.906s][info][gc,heap        ] GC(439) PSYoungGen: 1048576K(1223168K)->72940K(1223168K) Eden: 1048576K(1048576K)->72940K(1048576K) From: 0K(174592K)->0K(174592K)
[284.906s][info][gc,heap        ] GC(439) ParOldGen: 2796529K(2796544K)->2796521K(2796544K)
[284.906s][info][gc,metaspace   ] GC(439) Metaspace: 10566K(10816K)->10566K(10816K) NonClass: 9531K(9664K)->9531K(9664K) Class: 1034K(1152K)->1034K(1152K)
[284.906s][info][gc             ] GC(439) Pause Full (Ergonomics) 3754M->2802M(3925M) 174.560ms
[284.906s][info][gc,cpu         ] GC(439) User=1.32s Sys=0.00s Real=0.18s
[285.371s][info][gc,start       ] GC(440) Pause Full (Ergonomics)
[285.371s][info][gc,phases,start] GC(440) Marking Phase
[285.401s][info][gc,phases      ] GC(440) Marking Phase 30.070ms
[285.401s][info][gc,phases,start] GC(440) Summary Phase
[285.401s][info][gc,phases      ] GC(440) Summary Phase 0.063ms
[285.401s][info][gc,phases,start] GC(440) Adjust Roots
[285.402s][info][gc,phases      ] GC(440) Adjust Roots 0.408ms
[285.402s][info][gc,phases,start] GC(440) Compaction Phase
[285.534s][info][gc,phases      ] GC(440) Compaction Phase 132.090ms
[285.534s][info][gc,phases,start] GC(440) Post Compact
[285.541s][info][gc,phases      ] GC(440) Post Compact 6.876ms
[285.541s][info][gc,heap        ] GC(440) PSYoungGen: 1048576K(1223168K)->72964K(1223168K) Eden: 1048576K(1048576K)->72964K(1048576K) From: 0K(174592K)->0K(174592K)
[285.541s][info][gc,heap        ] GC(440) ParOldGen: 2796521K(2796544K)->2796496K(2796544K)
[285.541s][info][gc,metaspace   ] GC(440) Metaspace: 10566K(10816K)->10566K(10816K) NonClass: 9531K(9664K)->9531K(9664K) Class: 1034K(1152K)->1034K(1152K)
[285.541s][info][gc             ] GC(440) Pause Full (Ergonomics) 3754M->2802M(3925M) 169.845ms
[285.541s][info][gc,cpu         ] GC(440) User=1.31s Sys=0.00s Real=0.17s
[286.013s][info][gc,start       ] GC(441) Pause Full (Ergonomics)
[286.013s][info][gc,phases,start] GC(441) Marking Phase
[286.043s][info][gc,phases      ] GC(441) Marking Phase 30.681ms
[286.043s][info][gc,phases,start] GC(441) Summary Phase
[286.044s][info][gc,phases      ] GC(441) Summary Phase 0.064ms
[286.044s][info][gc,phases,start] GC(441) Adjust Roots
[286.044s][info][gc,phases      ] GC(441) Adjust Roots 0.420ms
[286.044s][info][gc,phases,start] GC(441) Compaction Phase
[286.174s][info][gc,phases      ] GC(441) Compaction Phase 130.178ms
[286.174s][info][gc,phases,start] GC(441) Post Compact
[286.184s][info][gc,phases      ] GC(441) Post Compact 9.332ms
[286.184s][info][gc,heap        ] GC(441) PSYoungGen: 1048576K(1223168K)->72944K(1223168K) Eden: 1048576K(1048576K)->72944K(1048576K) From: 0K(174592K)->0K(174592K)
[286.184s][info][gc,heap        ] GC(441) ParOldGen: 2796496K(2796544K)->2796517K(2796544K)
[286.184s][info][gc,metaspace   ] GC(441) Metaspace: 10566K(10816K)->10566K(10816K) NonClass: 9531K(9664K)->9531K(9664K) Class: 1034K(1152K)->1034K(1152K)
[286.184s][info][gc             ] GC(441) Pause Full (Ergonomics) 3754M->2802M(3925M) 171.056ms
[286.184s][info][gc,cpu         ] GC(441) User=1.31s Sys=0.00s Real=0.18s
[286.650s][info][gc,start       ] GC(442) Pause Full (Ergonomics)
[286.650s][info][gc,phases,start] GC(442) Marking Phase
[286.680s][info][gc,phases      ] GC(442) Marking Phase 30.279ms
[286.680s][info][gc,phases,start] GC(442) Summary Phase
[286.680s][info][gc,phases      ] GC(442) Summary Phase 0.064ms
[286.680s][info][gc,phases,start] GC(442) Adjust Roots
[286.680s][info][gc,phases      ] GC(442) Adjust Roots 0.420ms
[286.680s][info][gc,phases,start] GC(442) Compaction Phase
[286.811s][info][gc,phases      ] GC(442) Compaction Phase 130.504ms
[286.811s][info][gc,phases,start] GC(442) Post Compact
[286.822s][info][gc,phases      ] GC(442) Post Compact 10.476ms
[286.822s][info][gc,heap        ] GC(442) PSYoungGen: 1048576K(1223168K)->73001K(1223168K) Eden: 1048576K(1048576K)->73001K(1048576K) From: 0K(174592K)->0K(174592K)
[286.822s][info][gc,heap        ] GC(442) ParOldGen: 2796517K(2796544K)->2796460K(2796544K)
[286.822s][info][gc,metaspace   ] GC(442) Metaspace: 10566K(10816K)->10566K(10816K) NonClass: 9531K(9664K)->9531K(9664K) Class: 1034K(1152K)->1034K(1152K)
[286.822s][info][gc             ] GC(442) Pause Full (Ergonomics) 3754M->2802M(3925M) 172.086ms
[286.822s][info][gc,cpu         ] GC(442) User=1.31s Sys=0.00s Real=0.18s
[287.298s][info][gc,start       ] GC(443) Pause Full (Ergonomics)
[287.298s][info][gc,phases,start] GC(443) Marking Phase
[287.327s][info][gc,phases      ] GC(443) Marking Phase 29.540ms
[287.327s][info][gc,phases,start] GC(443) Summary Phase
[287.327s][info][gc,phases      ] GC(443) Summary Phase 0.062ms
[287.327s][info][gc,phases,start] GC(443) Adjust Roots
[287.328s][info][gc,phases      ] GC(443) Adjust Roots 0.549ms
[287.328s][info][gc,phases,start] GC(443) Compaction Phase
[287.459s][info][gc,phases      ] GC(443) Compaction Phase 130.959ms
[287.459s][info][gc,phases,start] GC(443) Post Compact
[287.467s][info][gc,phases      ] GC(443) Post Compact 7.661ms
[287.467s][info][gc,heap        ] GC(443) PSYoungGen: 1048576K(1223168K)->72927K(1223168K) Eden: 1048576K(1048576K)->72927K(1048576K) From: 0K(174592K)->0K(174592K)
[287.467s][info][gc,heap        ] GC(443) ParOldGen: 2796460K(2796544K)->2796533K(2796544K)
[287.467s][info][gc,metaspace   ] GC(443) Metaspace: 10566K(10816K)->10566K(10816K) NonClass: 9531K(9664K)->9531K(9664K) Class: 1034K(1152K)->1034K(1152K)
[287.467s][info][gc             ] GC(443) Pause Full (Ergonomics) 3754M->2802M(3925M) 169.113ms
[287.467s][info][gc,cpu         ] GC(443) User=1.30s Sys=0.00s Real=0.17s
[287.944s][info][gc,start       ] GC(444) Pause Full (Ergonomics)
[287.944s][info][gc,phases,start] GC(444) Marking Phase
[287.975s][info][gc,phases      ] GC(444) Marking Phase 31.634ms
[287.976s][info][gc,phases,start] GC(444) Summary Phase
[287.976s][info][gc,phases      ] GC(444) Summary Phase 0.065ms
[287.976s][info][gc,phases,start] GC(444) Adjust Roots
[287.976s][info][gc,phases      ] GC(444) Adjust Roots 0.551ms
[287.976s][info][gc,phases,start] GC(444) Compaction Phase
[288.107s][info][gc,phases      ] GC(444) Compaction Phase 130.764ms
[288.107s][info][gc,phases,start] GC(444) Post Compact
[288.118s][info][gc,phases      ] GC(444) Post Compact 10.947ms
[288.118s][info][gc,heap        ] GC(444) PSYoungGen: 1048576K(1223168K)->72972K(1223168K) Eden: 1048576K(1048576K)->72972K(1048576K) From: 0K(174592K)->0K(174592K)
[288.118s][info][gc,heap        ] GC(444) ParOldGen: 2796533K(2796544K)->2796488K(2796544K)
[288.118s][info][gc,metaspace   ] GC(444) Metaspace: 10566K(10816K)->10566K(10816K) NonClass: 9531K(9664K)->9531K(9664K) Class: 1034K(1152K)->1034K(1152K)
[288.118s][info][gc             ] GC(444) Pause Full (Ergonomics) 3754M->2802M(3925M) 174.301ms
[288.118s][info][gc,cpu         ] GC(444) User=1.31s Sys=0.01s Real=0.17s
[288.582s][info][gc,start       ] GC(445) Pause Full (Ergonomics)
[288.582s][info][gc,phases,start] GC(445) Marking Phase
[288.613s][info][gc,phases      ] GC(445) Marking Phase 30.475ms
[288.613s][info][gc,phases,start] GC(445) Summary Phase
[288.613s][info][gc,phases      ] GC(445) Summary Phase 0.065ms
[288.613s][info][gc,phases,start] GC(445) Adjust Roots
[288.613s][info][gc,phases      ] GC(445) Adjust Roots 0.407ms
[288.613s][info][gc,phases,start] GC(445) Compaction Phase
[288.745s][info][gc,phases      ] GC(445) Compaction Phase 131.687ms
[288.745s][info][gc,phases,start] GC(445) Post Compact
[288.757s][info][gc,phases      ] GC(445) Post Compact 11.955ms
[288.757s][info][gc,heap        ] GC(445) PSYoungGen: 1048576K(1223168K)->72960K(1223168K) Eden: 1048576K(1048576K)->72960K(1048576K) From: 0K(174592K)->0K(174592K)
[288.757s][info][gc,heap        ] GC(445) ParOldGen: 2796488K(2796544K)->2796500K(2796544K)
[288.757s][info][gc,metaspace   ] GC(445) Metaspace: 10566K(10816K)->10566K(10816K) NonClass: 9531K(9664K)->9531K(9664K) Class: 1034K(1152K)->1034K(1152K)
[288.757s][info][gc             ] GC(445) Pause Full (Ergonomics) 3754M->2802M(3925M) 174.927ms
[288.757s][info][gc,cpu         ] GC(445) User=1.31s Sys=0.00s Real=0.17s
[289.228s][info][gc,start       ] GC(446) Pause Full (Ergonomics)
[289.228s][info][gc,phases,start] GC(446) Marking Phase
[289.258s][info][gc,phases      ] GC(446) Marking Phase 30.207ms
[289.258s][info][gc,phases,start] GC(446) Summary Phase
[289.258s][info][gc,phases      ] GC(446) Summary Phase 0.064ms
[289.258s][info][gc,phases,start] GC(446) Adjust Roots
[289.259s][info][gc,phases      ] GC(446) Adjust Roots 0.403ms
[289.259s][info][gc,phases,start] GC(446) Compaction Phase
[289.390s][info][gc,phases      ] GC(446) Compaction Phase 131.307ms
[289.390s][info][gc,phases,start] GC(446) Post Compact
[289.400s][info][gc,phases      ] GC(446) Post Compact 9.406ms
[289.400s][info][gc,heap        ] GC(446) PSYoungGen: 1048576K(1223168K)->72948K(1223168K) Eden: 1048576K(1048576K)->72948K(1048576K) From: 0K(174592K)->0K(174592K)
[289.400s][info][gc,heap        ] GC(446) ParOldGen: 2796500K(2796544K)->2796517K(2796544K)
[289.400s][info][gc,metaspace   ] GC(446) Metaspace: 10566K(10816K)->10566K(10816K) NonClass: 9531K(9664K)->9531K(9664K) Class: 1034K(1152K)->1034K(1152K)
[289.400s][info][gc             ] GC(446) Pause Full (Ergonomics) 3754M->2802M(3925M) 171.708ms
[289.400s][info][gc,cpu         ] GC(446) User=1.31s Sys=0.00s Real=0.17s
[289.871s][info][gc,start       ] GC(447) Pause Full (Ergonomics)
[289.871s][info][gc,phases,start] GC(447) Marking Phase
[289.901s][info][gc,phases      ] GC(447) Marking Phase 29.565ms
[289.901s][info][gc,phases,start] GC(447) Summary Phase
[289.901s][info][gc,phases      ] GC(447) Summary Phase 0.062ms
[289.901s][info][gc,phases,start] GC(447) Adjust Roots
[289.901s][info][gc,phases      ] GC(447) Adjust Roots 0.401ms
[289.901s][info][gc,phases,start] GC(447) Compaction Phase
[290.033s][info][gc,phases      ] GC(447) Compaction Phase 131.988ms
[290.033s][info][gc,phases,start] GC(447) Post Compact
[290.048s][info][gc,phases      ] GC(447) Post Compact 15.060ms
[290.049s][info][gc,heap        ] GC(447) PSYoungGen: 1048576K(1223168K)->72952K(1223168K) Eden: 1048576K(1048576K)->72952K(1048576K) From: 0K(174592K)->0K(174592K)
[290.049s][info][gc,heap        ] GC(447) ParOldGen: 2796517K(2796544K)->2796509K(2796544K)
[290.049s][info][gc,metaspace   ] GC(447) Metaspace: 10566K(10816K)->10566K(10816K) NonClass: 9531K(9664K)->9531K(9664K) Class: 1034K(1152K)->1034K(1152K)
[290.049s][info][gc             ] GC(447) Pause Full (Ergonomics) 3754M->2802M(3925M) 177.419ms
[290.049s][info][gc,cpu         ] GC(447) User=1.32s Sys=0.00s Real=0.18s
[290.519s][info][gc,start       ] GC(448) Pause Full (Ergonomics)
[290.519s][info][gc,phases,start] GC(448) Marking Phase
[290.551s][info][gc,phases      ] GC(448) Marking Phase 31.589ms
[290.551s][info][gc,phases,start] GC(448) Summary Phase
[290.551s][info][gc,phases      ] GC(448) Summary Phase 0.064ms
[290.551s][info][gc,phases,start] GC(448) Adjust Roots
[290.552s][info][gc,phases      ] GC(448) Adjust Roots 0.553ms
[290.552s][info][gc,phases,start] GC(448) Compaction Phase
[290.683s][info][gc,phases      ] GC(448) Compaction Phase 131.477ms
[290.683s][info][gc,phases,start] GC(448) Post Compact
[290.694s][info][gc,phases      ] GC(448) Post Compact 10.684ms
[290.694s][info][gc,heap        ] GC(448) PSYoungGen: 1048576K(1223168K)->72935K(1223168K) Eden: 1048576K(1048576K)->72935K(1048576K) From: 0K(174592K)->0K(174592K)
[290.694s][info][gc,heap        ] GC(448) ParOldGen: 2796509K(2796544K)->2796525K(2796544K)
[290.694s][info][gc,metaspace   ] GC(448) Metaspace: 10566K(10816K)->10566K(10816K) NonClass: 9531K(9664K)->9531K(9664K) Class: 1034K(1152K)->1034K(1152K)
[290.694s][info][gc             ] GC(448) Pause Full (Ergonomics) 3754M->2802M(3925M) 174.728ms
[290.694s][info][gc,cpu         ] GC(448) User=1.32s Sys=0.00s Real=0.18s
[291.160s][info][gc,start       ] GC(449) Pause Full (Ergonomics)
[291.160s][info][gc,phases,start] GC(449) Marking Phase
[291.191s][info][gc,phases      ] GC(449) Marking Phase 30.501ms
[291.191s][info][gc,phases,start] GC(449) Summary Phase
[291.191s][info][gc,phases      ] GC(449) Summary Phase 0.064ms
[291.191s][info][gc,phases,start] GC(449) Adjust Roots
[291.191s][info][gc,phases      ] GC(449) Adjust Roots 0.402ms
[291.191s][info][gc,phases,start] GC(449) Compaction Phase
[291.322s][info][gc,phases      ] GC(449) Compaction Phase 130.571ms
[291.322s][info][gc,phases,start] GC(449) Post Compact
[291.330s][info][gc,phases      ] GC(449) Post Compact 8.257ms
[291.330s][info][gc,heap        ] GC(449) PSYoungGen: 1048576K(1223168K)->72976K(1223168K) Eden: 1048576K(1048576K)->72976K(1048576K) From: 0K(174592K)->0K(174592K)
[291.330s][info][gc,heap        ] GC(449) ParOldGen: 2796525K(2796544K)->2796484K(2796544K)
[291.330s][info][gc,metaspace   ] GC(449) Metaspace: 10566K(10816K)->10566K(10816K) NonClass: 9531K(9664K)->9531K(9664K) Class: 1034K(1152K)->1034K(1152K)
[291.330s][info][gc             ] GC(449) Pause Full (Ergonomics) 3754M->2802M(3925M) 170.123ms
[291.330s][info][gc,cpu         ] GC(449) User=1.30s Sys=0.00s Real=0.17s
[291.796s][info][gc,start       ] GC(450) Pause Full (Ergonomics)
[291.796s][info][gc,phases,start] GC(450) Marking Phase
[291.826s][info][gc,phases      ] GC(450) Marking Phase 29.684ms
[291.826s][info][gc,phases,start] GC(450) Summary Phase
[291.826s][info][gc,phases      ] GC(450) Summary Phase 0.064ms
[291.826s][info][gc,phases,start] GC(450) Adjust Roots
[291.827s][info][gc,phases      ] GC(450) Adjust Roots 0.550ms
[291.827s][info][gc,phases,start] GC(450) Compaction Phase
[291.958s][info][gc,phases      ] GC(450) Compaction Phase 130.930ms
[291.958s][info][gc,phases,start] GC(450) Post Compact
[291.964s][info][gc,phases      ] GC(450) Post Compact 6.841ms
[291.965s][info][gc,heap        ] GC(450) PSYoungGen: 1048576K(1223168K)->72972K(1223168K) Eden: 1048576K(1048576K)->72972K(1048576K) From: 0K(174592K)->0K(174592K)
[291.965s][info][gc,heap        ] GC(450) ParOldGen: 2796484K(2796544K)->2796488K(2796544K)
[291.965s][info][gc,metaspace   ] GC(450) Metaspace: 10566K(10816K)->10566K(10816K) NonClass: 9531K(9664K)->9531K(9664K) Class: 1034K(1152K)->1034K(1152K)
[291.965s][info][gc             ] GC(450) Pause Full (Ergonomics) 3754M->2802M(3925M) 168.404ms
[291.965s][info][gc,cpu         ] GC(450) User=1.30s Sys=0.00s Real=0.17s
[292.428s][info][gc,start       ] GC(451) Pause Full (Ergonomics)
[292.428s][info][gc,phases,start] GC(451) Marking Phase
[292.460s][info][gc,phases      ] GC(451) Marking Phase 31.489ms
[292.460s][info][gc,phases,start] GC(451) Summary Phase
[292.460s][info][gc,phases      ] GC(451) Summary Phase 0.065ms
[292.460s][info][gc,phases,start] GC(451) Adjust Roots
[292.460s][info][gc,phases      ] GC(451) Adjust Roots 0.403ms
[292.460s][info][gc,phases,start] GC(451) Compaction Phase
[292.591s][info][gc,phases      ] GC(451) Compaction Phase 131.360ms
[292.592s][info][gc,phases,start] GC(451) Post Compact
[292.605s][info][gc,phases      ] GC(451) Post Compact 13.672ms
[292.605s][info][gc,heap        ] GC(451) PSYoungGen: 1048576K(1223168K)->72935K(1223168K) Eden: 1048576K(1048576K)->72935K(1048576K) From: 0K(174592K)->0K(174592K)
[292.605s][info][gc,heap        ] GC(451) ParOldGen: 2796488K(2796544K)->2796525K(2796544K)
[292.605s][info][gc,metaspace   ] GC(451) Metaspace: 10566K(10816K)->10566K(10816K) NonClass: 9531K(9664K)->9531K(9664K) Class: 1034K(1152K)->1034K(1152K)
[292.605s][info][gc             ] GC(451) Pause Full (Ergonomics) 3754M->2802M(3925M) 177.354ms
[292.605s][info][gc,cpu         ] GC(451) User=1.31s Sys=0.00s Real=0.18s
[293.075s][info][gc,start       ] GC(452) Pause Full (Ergonomics)
[293.075s][info][gc,phases,start] GC(452) Marking Phase
[293.105s][info][gc,phases      ] GC(452) Marking Phase 30.391ms
[293.105s][info][gc,phases,start] GC(452) Summary Phase
[293.105s][info][gc,phases      ] GC(452) Summary Phase 0.064ms
[293.105s][info][gc,phases,start] GC(452) Adjust Roots
[293.107s][info][gc,phases      ] GC(452) Adjust Roots 1.559ms
[293.107s][info][gc,phases,start] GC(452) Compaction Phase
[293.239s][info][gc,phases      ] GC(452) Compaction Phase 132.114ms
[293.239s][info][gc,phases,start] GC(452) Post Compact
[293.250s][info][gc,phases      ] GC(452) Post Compact 10.854ms
[293.250s][info][gc,heap        ] GC(452) PSYoungGen: 1048576K(1223168K)->72956K(1223168K) Eden: 1048576K(1048576K)->72956K(1048576K) From: 0K(174592K)->0K(174592K)
[293.250s][info][gc,heap        ] GC(452) ParOldGen: 2796525K(2796544K)->2796505K(2796544K)
[293.250s][info][gc,metaspace   ] GC(452) Metaspace: 10566K(10816K)->10566K(10816K) NonClass: 9531K(9664K)->9531K(9664K) Class: 1034K(1152K)->1034K(1152K)
[293.250s][info][gc             ] GC(452) Pause Full (Ergonomics) 3754M->2802M(3925M) 175.324ms
[293.250s][info][gc,cpu         ] GC(452) User=1.31s Sys=0.00s Real=0.17s
[293.715s][info][gc,start       ] GC(453) Pause Full (Ergonomics)
[293.715s][info][gc,phases,start] GC(453) Marking Phase
[293.746s][info][gc,phases      ] GC(453) Marking Phase 30.273ms
[293.746s][info][gc,phases,start] GC(453) Summary Phase
[293.746s][info][gc,phases      ] GC(453) Summary Phase 0.064ms
[293.746s][info][gc,phases,start] GC(453) Adjust Roots
[293.746s][info][gc,phases      ] GC(453) Adjust Roots 0.549ms
[293.746s][info][gc,phases,start] GC(453) Compaction Phase
[293.877s][info][gc,phases      ] GC(453) Compaction Phase 130.641ms
[293.877s][info][gc,phases,start] GC(453) Post Compact
[293.885s][info][gc,phases      ] GC(453) Post Compact 8.181ms
[293.885s][info][gc,heap        ] GC(453) PSYoungGen: 1048576K(1223168K)->72956K(1223168K) Eden: 1048576K(1048576K)->72956K(1048576K) From: 0K(174592K)->0K(174592K)
[293.885s][info][gc,heap        ] GC(453) ParOldGen: 2796505K(2796544K)->2796505K(2796544K)
[293.885s][info][gc,metaspace   ] GC(453) Metaspace: 10566K(10816K)->10566K(10816K) NonClass: 9531K(9664K)->9531K(9664K) Class: 1034K(1152K)->1034K(1152K)
[293.885s][info][gc             ] GC(453) Pause Full (Ergonomics) 3754M->2802M(3925M) 170.039ms
[293.885s][info][gc,cpu         ] GC(453) User=1.31s Sys=0.00s Real=0.17s
[294.347s][info][gc,start       ] GC(454) Pause Full (Ergonomics)
[294.347s][info][gc,phases,start] GC(454) Marking Phase
[294.378s][info][gc,phases      ] GC(454) Marking Phase 31.354ms
[294.378s][info][gc,phases,start] GC(454) Summary Phase
[294.378s][info][gc,phases      ] GC(454) Summary Phase 0.065ms
[294.378s][info][gc,phases,start] GC(454) Adjust Roots
[294.379s][info][gc,phases      ] GC(454) Adjust Roots 0.623ms
[294.379s][info][gc,phases,start] GC(454) Compaction Phase
[294.510s][info][gc,phases      ] GC(454) Compaction Phase 130.718ms
[294.510s][info][gc,phases,start] GC(454) Post Compact
[294.519s][info][gc,phases      ] GC(454) Post Compact 8.986ms
[294.519s][info][gc,heap        ] GC(454) PSYoungGen: 1048576K(1223168K)->72972K(1223168K) Eden: 1048576K(1048576K)->72972K(1048576K) From: 0K(174592K)->0K(174592K)
[294.519s][info][gc,heap        ] GC(454) ParOldGen: 2796505K(2796544K)->2796488K(2796544K)
[294.519s][info][gc,metaspace   ] GC(454) Metaspace: 10566K(10816K)->10566K(10816K) NonClass: 9531K(9664K)->9531K(9664K) Class: 1034K(1152K)->1034K(1152K)
[294.519s][info][gc             ] GC(454) Pause Full (Ergonomics) 3754M->2802M(3925M) 172.098ms
[294.519s][info][gc,cpu         ] GC(454) User=1.30s Sys=0.00s Real=0.17s
[294.981s][info][gc,start       ] GC(455) Pause Full (Ergonomics)
[294.981s][info][gc,phases,start] GC(455) Marking Phase
[295.011s][info][gc,phases      ] GC(455) Marking Phase 29.842ms
[295.011s][info][gc,phases,start] GC(455) Summary Phase
[295.011s][info][gc,phases      ] GC(455) Summary Phase 0.064ms
[295.011s][info][gc,phases,start] GC(455) Adjust Roots
[295.011s][info][gc,phases      ] GC(455) Adjust Roots 0.400ms
[295.011s][info][gc,phases,start] GC(455) Compaction Phase
[295.143s][info][gc,phases      ] GC(455) Compaction Phase 131.038ms
[295.143s][info][gc,phases,start] GC(455) Post Compact
[295.150s][info][gc,phases      ] GC(455) Post Compact 7.644ms
[295.150s][info][gc,heap        ] GC(455) PSYoungGen: 1048576K(1223168K)->72964K(1223168K) Eden: 1048576K(1048576K)->72964K(1048576K) From: 0K(174592K)->0K(174592K)
[295.150s][info][gc,heap        ] GC(455) ParOldGen: 2796488K(2796544K)->2796496K(2796544K)
[295.150s][info][gc,metaspace   ] GC(455) Metaspace: 10566K(10816K)->10566K(10816K) NonClass: 9531K(9664K)->9531K(9664K) Class: 1034K(1152K)->1034K(1152K)
[295.150s][info][gc             ] GC(455) Pause Full (Ergonomics) 3754M->2802M(3925M) 169.320ms
[295.150s][info][gc,cpu         ] GC(455) User=1.30s Sys=0.00s Real=0.17s
[295.617s][info][gc,start       ] GC(456) Pause Full (Ergonomics)
[295.618s][info][gc,phases,start] GC(456) Marking Phase
[295.649s][info][gc,phases      ] GC(456) Marking Phase 31.357ms
[295.649s][info][gc,phases,start] GC(456) Summary Phase
[295.649s][info][gc,phases      ] GC(456) Summary Phase 0.064ms
[295.649s][info][gc,phases,start] GC(456) Adjust Roots
[295.649s][info][gc,phases      ] GC(456) Adjust Roots 0.401ms
[295.649s][info][gc,phases,start] GC(456) Compaction Phase
[295.781s][info][gc,phases      ] GC(456) Compaction Phase 132.044ms
[295.782s][info][gc,phases,start] GC(456) Post Compact
[295.791s][info][gc,phases      ] GC(456) Post Compact 8.967ms
[295.791s][info][gc,heap        ] GC(456) PSYoungGen: 1048576K(1223168K)->72980K(1223168K) Eden: 1048576K(1048576K)->72980K(1048576K) From: 0K(174592K)->0K(174592K)
[295.791s][info][gc,heap        ] GC(456) ParOldGen: 2796496K(2796544K)->2796480K(2796544K)
[295.791s][info][gc,metaspace   ] GC(456) Metaspace: 10566K(10816K)->10566K(10816K) NonClass: 9531K(9664K)->9531K(9664K) Class: 1034K(1152K)->1034K(1152K)
[295.791s][info][gc             ] GC(456) Pause Full (Ergonomics) 3754M->2802M(3925M) 173.169ms
[295.791s][info][gc,cpu         ] GC(456) User=1.32s Sys=0.01s Real=0.17s
[296.260s][info][gc,start       ] GC(457) Pause Full (Ergonomics)
[296.260s][info][gc,phases,start] GC(457) Marking Phase
[296.290s][info][gc,phases      ] GC(457) Marking Phase 30.736ms
[296.290s][info][gc,phases,start] GC(457) Summary Phase
[296.290s][info][gc,phases      ] GC(457) Summary Phase 0.065ms
[296.290s][info][gc,phases,start] GC(457) Adjust Roots
[296.291s][info][gc,phases      ] GC(457) Adjust Roots 0.571ms
[296.291s][info][gc,phases,start] GC(457) Compaction Phase
[296.422s][info][gc,phases      ] GC(457) Compaction Phase 130.727ms
[296.422s][info][gc,phases,start] GC(457) Post Compact
[296.429s][info][gc,phases      ] GC(457) Post Compact 6.860ms
[296.429s][info][gc,heap        ] GC(457) PSYoungGen: 1048576K(1223168K)->72935K(1223168K) Eden: 1048576K(1048576K)->72935K(1048576K) From: 0K(174592K)->0K(174592K)
[296.429s][info][gc,heap        ] GC(457) ParOldGen: 2796480K(2796544K)->2796525K(2796544K)
[296.429s][info][gc,metaspace   ] GC(457) Metaspace: 10566K(10816K)->10566K(10816K) NonClass: 9531K(9664K)->9531K(9664K) Class: 1034K(1152K)->1034K(1152K)
[296.429s][info][gc             ] GC(457) Pause Full (Ergonomics) 3754M->2802M(3925M) 169.292ms
[296.429s][info][gc,cpu         ] GC(457) User=1.30s Sys=0.00s Real=0.17s
[296.897s][info][gc,start       ] GC(458) Pause Full (Ergonomics)
[296.897s][info][gc,phases,start] GC(458) Marking Phase
[296.928s][info][gc,phases      ] GC(458) Marking Phase 31.088ms
[296.928s][info][gc,phases,start] GC(458) Summary Phase
[296.928s][info][gc,phases      ] GC(458) Summary Phase 0.063ms
[296.928s][info][gc,phases,start] GC(458) Adjust Roots
[296.929s][info][gc,phases      ] GC(458) Adjust Roots 0.400ms
[296.929s][info][gc,phases,start] GC(458) Compaction Phase
[297.060s][info][gc,phases      ] GC(458) Compaction Phase 130.897ms
[297.060s][info][gc,phases,start] GC(458) Post Compact
[297.067s][info][gc,phases      ] GC(458) Post Compact 7.019ms
[297.067s][info][gc,heap        ] GC(458) PSYoungGen: 1048576K(1223168K)->72939K(1223168K) Eden: 1048576K(1048576K)->72939K(1048576K) From: 0K(174592K)->0K(174592K)
[297.067s][info][gc,heap        ] GC(458) ParOldGen: 2796525K(2796544K)->2796521K(2796544K)
[297.067s][info][gc,metaspace   ] GC(458) Metaspace: 10566K(10816K)->10566K(10816K) NonClass: 9531K(9664K)->9531K(9664K) Class: 1034K(1152K)->1034K(1152K)
[297.067s][info][gc             ] GC(458) Pause Full (Ergonomics) 3754M->2802M(3925M) 169.798ms
[297.067s][info][gc,cpu         ] GC(458) User=1.31s Sys=0.00s Real=0.17s
[297.526s][info][gc,start       ] GC(459) Pause Full (Ergonomics)
[297.526s][info][gc,phases,start] GC(459) Marking Phase
[297.556s][info][gc,phases      ] GC(459) Marking Phase 29.408ms
[297.556s][info][gc,phases,start] GC(459) Summary Phase
[297.556s][info][gc,phases      ] GC(459) Summary Phase 0.064ms
[297.556s][info][gc,phases,start] GC(459) Adjust Roots
[297.556s][info][gc,phases      ] GC(459) Adjust Roots 0.400ms
[297.556s][info][gc,phases,start] GC(459) Compaction Phase
[297.687s][info][gc,phases      ] GC(459) Compaction Phase 130.273ms
[297.687s][info][gc,phases,start] GC(459) Post Compact
[297.694s][info][gc,phases      ] GC(459) Post Compact 6.969ms
[297.694s][info][gc,heap        ] GC(459) PSYoungGen: 1048576K(1223168K)->72952K(1223168K) Eden: 1048576K(1048576K)->72952K(1048576K) From: 0K(174592K)->0K(174592K)
[297.694s][info][gc,heap        ] GC(459) ParOldGen: 2796521K(2796544K)->2796509K(2796544K)
[297.694s][info][gc,metaspace   ] GC(459) Metaspace: 10566K(10816K)->10566K(10816K) NonClass: 9531K(9664K)->9531K(9664K) Class: 1034K(1152K)->1034K(1152K)
[297.694s][info][gc             ] GC(459) Pause Full (Ergonomics) 3754M->2802M(3925M) 167.450ms
[297.694s][info][gc,cpu         ] GC(459) User=1.30s Sys=0.00s Real=0.17s
[298.159s][info][gc,start       ] GC(460) Pause Full (Ergonomics)
[298.159s][info][gc,phases,start] GC(460) Marking Phase
[298.189s][info][gc,phases      ] GC(460) Marking Phase 30.045ms
[298.189s][info][gc,phases,start] GC(460) Summary Phase
[298.189s][info][gc,phases      ] GC(460) Summary Phase 0.064ms
[298.189s][info][gc,phases,start] GC(460) Adjust Roots
[298.190s][info][gc,phases      ] GC(460) Adjust Roots 0.558ms
[298.190s][info][gc,phases,start] GC(460) Compaction Phase
[298.322s][info][gc,phases      ] GC(460) Compaction Phase 131.847ms
[298.322s][info][gc,phases,start] GC(460) Post Compact
[298.328s][info][gc,phases      ] GC(460) Post Compact 6.862ms
[298.329s][info][gc,heap        ] GC(460) PSYoungGen: 1048576K(1223168K)->72992K(1223168K) Eden: 1048576K(1048576K)->72992K(1048576K) From: 0K(174592K)->0K(174592K)
[298.329s][info][gc,heap        ] GC(460) ParOldGen: 2796509K(2796544K)->2796468K(2796544K)
[298.329s][info][gc,metaspace   ] GC(460) Metaspace: 10566K(10816K)->10566K(10816K) NonClass: 9531K(9664K)->9531K(9664K) Class: 1034K(1152K)->1034K(1152K)
[298.329s][info][gc             ] GC(460) Pause Full (Ergonomics) 3754M->2802M(3925M) 169.706ms
[298.329s][info][gc,cpu         ] GC(460) User=1.31s Sys=0.00s Real=0.17s
[298.805s][info][gc,start       ] GC(461) Pause Full (Ergonomics)
[298.805s][info][gc,phases,start] GC(461) Marking Phase
[298.835s][info][gc,phases      ] GC(461) Marking Phase 30.557ms
[298.836s][info][gc,phases,start] GC(461) Summary Phase
[298.836s][info][gc,phases      ] GC(461) Summary Phase 0.065ms
[298.836s][info][gc,phases,start] GC(461) Adjust Roots
[298.836s][info][gc,phases      ] GC(461) Adjust Roots 0.552ms
[298.836s][info][gc,phases,start] GC(461) Compaction Phase
[298.968s][info][gc,phases      ] GC(461) Compaction Phase 131.284ms
[298.968s][info][gc,phases,start] GC(461) Post Compact
[298.974s][info][gc,phases      ] GC(461) Post Compact 6.921ms
[298.975s][info][gc,heap        ] GC(461) PSYoungGen: 1048576K(1223168K)->72960K(1223168K) Eden: 1048576K(1048576K)->72960K(1048576K) From: 0K(174592K)->0K(174592K)
[298.975s][info][gc,heap        ] GC(461) ParOldGen: 2796468K(2796544K)->2796500K(2796544K)
[298.975s][info][gc,metaspace   ] GC(461) Metaspace: 10566K(10816K)->10566K(10816K) NonClass: 9531K(9664K)->9531K(9664K) Class: 1034K(1152K)->1034K(1152K)
[298.975s][info][gc             ] GC(461) Pause Full (Ergonomics) 3754M->2802M(3925M) 169.729ms
[298.975s][info][gc,cpu         ] GC(461) User=1.32s Sys=0.00s Real=0.17s
[299.445s][info][gc,start       ] GC(462) Pause Full (Ergonomics)
[299.445s][info][gc,phases,start] GC(462) Marking Phase
[299.477s][info][gc,phases      ] GC(462) Marking Phase 31.906ms
[299.477s][info][gc,phases,start] GC(462) Summary Phase
[299.477s][info][gc,phases      ] GC(462) Summary Phase 0.064ms
[299.477s][info][gc,phases,start] GC(462) Adjust Roots
[299.478s][info][gc,phases      ] GC(462) Adjust Roots 0.562ms
[299.478s][info][gc,phases,start] GC(462) Compaction Phase
[299.609s][info][gc,phases      ] GC(462) Compaction Phase 130.991ms
[299.609s][info][gc,phases,start] GC(462) Post Compact
[299.617s][info][gc,phases      ] GC(462) Post Compact 7.471ms
[299.617s][info][gc,heap        ] GC(462) PSYoungGen: 1048576K(1223168K)->72956K(1223168K) Eden: 1048576K(1048576K)->72956K(1048576K) From: 0K(174592K)->0K(174592K)
[299.617s][info][gc,heap        ] GC(462) ParOldGen: 2796500K(2796544K)->2796505K(2796544K)
[299.617s][info][gc,metaspace   ] GC(462) Metaspace: 10566K(10816K)->10566K(10816K) NonClass: 9531K(9664K)->9531K(9664K) Class: 1034K(1152K)->1034K(1152K)
[299.617s][info][gc             ] GC(462) Pause Full (Ergonomics) 3754M->2802M(3925M) 171.324ms
[299.617s][info][gc,cpu         ] GC(462) User=1.30s Sys=0.01s Real=0.17s
[300.087s][info][gc,start       ] GC(463) Pause Full (Ergonomics)
[300.087s][info][gc,phases,start] GC(463) Marking Phase
[300.117s][info][gc,phases      ] GC(463) Marking Phase 29.739ms
[300.117s][info][gc,phases,start] GC(463) Summary Phase
[300.117s][info][gc,phases      ] GC(463) Summary Phase 0.063ms
[300.117s][info][gc,phases,start] GC(463) Adjust Roots
[300.118s][info][gc,phases      ] GC(463) Adjust Roots 0.411ms
[300.118s][info][gc,phases,start] GC(463) Compaction Phase
[300.249s][info][gc,phases      ] GC(463) Compaction Phase 131.022ms
[300.249s][info][gc,phases,start] GC(463) Post Compact
[300.262s][info][gc,phases      ] GC(463) Post Compact 12.985ms
[300.262s][info][gc,heap        ] GC(463) PSYoungGen: 1048576K(1223168K)->72972K(1223168K) Eden: 1048576K(1048576K)->72972K(1048576K) From: 0K(174592K)->0K(174592K)
[300.262s][info][gc,heap        ] GC(463) ParOldGen: 2796505K(2796544K)->2796488K(2796544K)
[300.262s][info][gc,metaspace   ] GC(463) Metaspace: 10566K(10816K)->10566K(10816K) NonClass: 9531K(9664K)->9531K(9664K) Class: 1034K(1152K)->1034K(1152K)
[300.262s][info][gc             ] GC(463) Pause Full (Ergonomics) 3754M->2802M(3925M) 174.563ms
[300.262s][info][gc,cpu         ] GC(463) User=1.32s Sys=0.00s Real=0.18s
[300.728s][info][gc,start       ] GC(464) Pause Full (Ergonomics)
[300.728s][info][gc,phases,start] GC(464) Marking Phase
[300.758s][info][gc,phases      ] GC(464) Marking Phase 29.724ms
[300.758s][info][gc,phases,start] GC(464) Summary Phase
[300.758s][info][gc,phases      ] GC(464) Summary Phase 0.063ms
[300.758s][info][gc,phases,start] GC(464) Adjust Roots
[300.758s][info][gc,phases      ] GC(464) Adjust Roots 0.403ms
[300.758s][info][gc,phases,start] GC(464) Compaction Phase
[300.889s][info][gc,phases      ] GC(464) Compaction Phase 130.900ms
[300.889s][info][gc,phases,start] GC(464) Post Compact
[300.898s][info][gc,phases      ] GC(464) Post Compact 8.806ms
[300.898s][info][gc,heap        ] GC(464) PSYoungGen: 1048576K(1223168K)->72927K(1223168K) Eden: 1048576K(1048576K)->72927K(1048576K) From: 0K(174592K)->0K(174592K)
[300.898s][info][gc,heap        ] GC(464) ParOldGen: 2796488K(2796544K)->2796533K(2796544K)
[300.898s][info][gc,metaspace   ] GC(464) Metaspace: 10566K(10816K)->10566K(10816K) NonClass: 9531K(9664K)->9531K(9664K) Class: 1034K(1152K)->1034K(1152K)
[300.898s][info][gc             ] GC(464) Pause Full (Ergonomics) 3754M->2802M(3925M) 170.259ms
[300.898s][info][gc,cpu         ] GC(464) User=1.31s Sys=0.00s Real=0.17s
[301.374s][info][gc,start       ] GC(465) Pause Full (Ergonomics)
[301.374s][info][gc,phases,start] GC(465) Marking Phase
[301.404s][info][gc,phases      ] GC(465) Marking Phase 30.024ms
[301.404s][info][gc,phases,start] GC(465) Summary Phase
[301.404s][info][gc,phases      ] GC(465) Summary Phase 0.064ms
[301.404s][info][gc,phases,start] GC(465) Adjust Roots
[301.405s][info][gc,phases      ] GC(465) Adjust Roots 0.555ms
[301.405s][info][gc,phases,start] GC(465) Compaction Phase
[301.536s][info][gc,phases      ] GC(465) Compaction Phase 131.249ms
[301.536s][info][gc,phases,start] GC(465) Post Compact
[301.546s][info][gc,phases      ] GC(465) Post Compact 9.586ms
[301.546s][info][gc,heap        ] GC(465) PSYoungGen: 1048576K(1223168K)->72972K(1223168K) Eden: 1048576K(1048576K)->72972K(1048576K) From: 0K(174592K)->0K(174592K)
[301.546s][info][gc,heap        ] GC(465) ParOldGen: 2796533K(2796544K)->2796489K(2796544K)
[301.546s][info][gc,metaspace   ] GC(465) Metaspace: 10566K(10816K)->10566K(10816K) NonClass: 9531K(9664K)->9531K(9664K) Class: 1034K(1152K)->1034K(1152K)
[301.546s][info][gc             ] GC(465) Pause Full (Ergonomics) 3754M->2802M(3925M) 171.812ms
[301.546s][info][gc,cpu         ] GC(465) User=1.30s Sys=0.00s Real=0.17s
[302.017s][info][gc,start       ] GC(466) Pause Full (Ergonomics)
[302.017s][info][gc,phases,start] GC(466) Marking Phase
[302.048s][info][gc,phases      ] GC(466) Marking Phase 31.155ms
[302.049s][info][gc,phases,start] GC(466) Summary Phase
[302.049s][info][gc,phases      ] GC(466) Summary Phase 0.064ms
[302.049s][info][gc,phases,start] GC(466) Adjust Roots
[302.049s][info][gc,phases      ] GC(466) Adjust Roots 0.687ms
[302.049s][info][gc,phases,start] GC(466) Compaction Phase
[302.180s][info][gc,phases      ] GC(466) Compaction Phase 130.977ms
[302.180s][info][gc,phases,start] GC(466) Post Compact
[302.190s][info][gc,phases      ] GC(466) Post Compact 9.663ms
[302.190s][info][gc,heap        ] GC(466) PSYoungGen: 1048576K(1223168K)->72984K(1223168K) Eden: 1048576K(1048576K)->72984K(1048576K) From: 0K(174592K)->0K(174592K)
[302.190s][info][gc,heap        ] GC(466) ParOldGen: 2796489K(2796544K)->2796476K(2796544K)
[302.190s][info][gc,metaspace   ] GC(466) Metaspace: 10566K(10816K)->10566K(10816K) NonClass: 9531K(9664K)->9531K(9664K) Class: 1034K(1152K)->1034K(1152K)
[302.190s][info][gc             ] GC(466) Pause Full (Ergonomics) 3754M->2802M(3925M) 172.886ms
[302.190s][info][gc,cpu         ] GC(466) User=1.31s Sys=0.00s Real=0.17s
[302.656s][info][gc,start       ] GC(467) Pause Full (Ergonomics)
[302.657s][info][gc,phases,start] GC(467) Marking Phase
[302.687s][info][gc,phases      ] GC(467) Marking Phase 30.139ms
[302.687s][info][gc,phases,start] GC(467) Summary Phase
[302.687s][info][gc,phases      ] GC(467) Summary Phase 0.064ms
[302.687s][info][gc,phases,start] GC(467) Adjust Roots
[302.687s][info][gc,phases      ] GC(467) Adjust Roots 0.413ms
[302.687s][info][gc,phases,start] GC(467) Compaction Phase
[302.819s][info][gc,phases      ] GC(467) Compaction Phase 132.137ms
[302.819s][info][gc,phases,start] GC(467) Post Compact
[302.828s][info][gc,phases      ] GC(467) Post Compact 8.260ms
[302.828s][info][gc,heap        ] GC(467) PSYoungGen: 1048576K(1223168K)->72948K(1223168K) Eden: 1048576K(1048576K)->72948K(1048576K) From: 0K(174592K)->0K(174592K)
[302.828s][info][gc,heap        ] GC(467) ParOldGen: 2796476K(2796544K)->2796513K(2796544K)
[302.828s][info][gc,metaspace   ] GC(467) Metaspace: 10566K(10816K)->10566K(10816K) NonClass: 9531K(9664K)->9531K(9664K) Class: 1034K(1152K)->1034K(1152K)
[302.828s][info][gc             ] GC(467) Pause Full (Ergonomics) 3754M->2802M(3925M) 171.404ms
[302.828s][info][gc,cpu         ] GC(467) User=1.31s Sys=0.00s Real=0.17s
[303.291s][info][gc,start       ] GC(468) Pause Full (Ergonomics)
[303.291s][info][gc,phases,start] GC(468) Marking Phase
[303.320s][info][gc,phases      ] GC(468) Marking Phase 29.697ms
[303.320s][info][gc,phases,start] GC(468) Summary Phase
[303.320s][info][gc,phases      ] GC(468) Summary Phase 0.063ms
[303.320s][info][gc,phases,start] GC(468) Adjust Roots
[303.321s][info][gc,phases      ] GC(468) Adjust Roots 0.569ms
[303.321s][info][gc,phases,start] GC(468) Compaction Phase
[303.453s][info][gc,phases      ] GC(468) Compaction Phase 131.864ms
[303.453s][info][gc,phases,start] GC(468) Post Compact
[303.461s][info][gc,phases      ] GC(468) Post Compact 8.069ms
[303.461s][info][gc,heap        ] GC(468) PSYoungGen: 1048576K(1223168K)->72964K(1223168K) Eden: 1048576K(1048576K)->72964K(1048576K) From: 0K(174592K)->0K(174592K)
[303.461s][info][gc,heap        ] GC(468) ParOldGen: 2796513K(2796544K)->2796497K(2796544K)
[303.461s][info][gc,metaspace   ] GC(468) Metaspace: 10566K(10816K)->10566K(10816K) NonClass: 9531K(9664K)->9531K(9664K) Class: 1034K(1152K)->1034K(1152K)
[303.461s][info][gc             ] GC(468) Pause Full (Ergonomics) 3754M->2802M(3925M) 170.597ms
[303.461s][info][gc,cpu         ] GC(468) User=1.31s Sys=0.00s Real=0.17s
[303.939s][info][gc,start       ] GC(469) Pause Full (Ergonomics)
[303.939s][info][gc,phases,start] GC(469) Marking Phase
[303.970s][info][gc,phases      ] GC(469) Marking Phase 30.764ms
[303.970s][info][gc,phases,start] GC(469) Summary Phase
[303.970s][info][gc,phases      ] GC(469) Summary Phase 0.064ms
[303.970s][info][gc,phases,start] GC(469) Adjust Roots
[303.971s][info][gc,phases      ] GC(469) Adjust Roots 0.553ms
[303.971s][info][gc,phases,start] GC(469) Compaction Phase
[304.102s][info][gc,phases      ] GC(469) Compaction Phase 131.425ms
[304.102s][info][gc,phases,start] GC(469) Post Compact
[304.112s][info][gc,phases      ] GC(469) Post Compact 9.559ms
[304.112s][info][gc,heap        ] GC(469) PSYoungGen: 1048576K(1223168K)->72980K(1223168K) Eden: 1048576K(1048576K)->72980K(1048576K) From: 0K(174592K)->0K(174592K)
[304.112s][info][gc,heap        ] GC(469) ParOldGen: 2796497K(2796544K)->2796480K(2796544K)
[304.112s][info][gc,metaspace   ] GC(469) Metaspace: 10566K(10816K)->10566K(10816K) NonClass: 9531K(9664K)->9531K(9664K) Class: 1034K(1152K)->1034K(1152K)
[304.112s][info][gc             ] GC(469) Pause Full (Ergonomics) 3754M->2802M(3925M) 172.697ms
[304.112s][info][gc,cpu         ] GC(469) User=1.31s Sys=0.00s Real=0.17s
[304.578s][info][gc,start       ] GC(470) Pause Full (Ergonomics)
[304.578s][info][gc,phases,start] GC(470) Marking Phase
[304.608s][info][gc,phases      ] GC(470) Marking Phase 30.261ms
[304.608s][info][gc,phases,start] GC(470) Summary Phase
[304.608s][info][gc,phases      ] GC(470) Summary Phase 0.065ms
[304.608s][info][gc,phases,start] GC(470) Adjust Roots
[304.609s][info][gc,phases      ] GC(470) Adjust Roots 0.554ms
[304.609s][info][gc,phases,start] GC(470) Compaction Phase
[304.740s][info][gc,phases      ] GC(470) Compaction Phase 130.891ms
[304.740s][info][gc,phases,start] GC(470) Post Compact
[304.747s][info][gc,phases      ] GC(470) Post Compact 7.111ms
[304.747s][info][gc,heap        ] GC(470) PSYoungGen: 1048576K(1223168K)->72976K(1223168K) Eden: 1048576K(1048576K)->72976K(1048576K) From: 0K(174592K)->0K(174592K)
[304.747s][info][gc,heap        ] GC(470) ParOldGen: 2796480K(2796544K)->2796485K(2796544K)
[304.747s][info][gc,metaspace   ] GC(470) Metaspace: 10566K(10816K)->10566K(10816K) NonClass: 9531K(9664K)->9531K(9664K) Class: 1034K(1152K)->1034K(1152K)
[304.747s][info][gc             ] GC(470) Pause Full (Ergonomics) 3754M->2802M(3925M) 169.202ms
[304.747s][info][gc,cpu         ] GC(470) User=1.30s Sys=0.00s Real=0.17s
[305.212s][info][gc,start       ] GC(471) Pause Full (Ergonomics)
[305.212s][info][gc,phases,start] GC(471) Marking Phase
[305.243s][info][gc,phases      ] GC(471) Marking Phase 30.576ms
[305.243s][info][gc,phases,start] GC(471) Summary Phase
[305.243s][info][gc,phases      ] GC(471) Summary Phase 0.064ms
[305.243s][info][gc,phases,start] GC(471) Adjust Roots
[305.243s][info][gc,phases      ] GC(471) Adjust Roots 0.401ms
[305.243s][info][gc,phases,start] GC(471) Compaction Phase
[305.375s][info][gc,phases      ] GC(471) Compaction Phase 131.440ms
[305.375s][info][gc,phases,start] GC(471) Post Compact
[305.385s][info][gc,phases      ] GC(471) Post Compact 10.252ms
[305.385s][info][gc,heap        ] GC(471) PSYoungGen: 1048576K(1223168K)->72923K(1223168K) Eden: 1048576K(1048576K)->72923K(1048576K) From: 0K(174592K)->0K(174592K)
[305.385s][info][gc,heap        ] GC(471) ParOldGen: 2796485K(2796544K)->2796537K(2796544K)
[305.385s][info][gc,metaspace   ] GC(471) Metaspace: 10566K(10816K)->10566K(10816K) NonClass: 9531K(9664K)->9531K(9664K) Class: 1034K(1152K)->1034K(1152K)
[305.385s][info][gc             ] GC(471) Pause Full (Ergonomics) 3754M->2802M(3925M) 173.068ms
[305.385s][info][gc,cpu         ] GC(471) User=1.32s Sys=0.00s Real=0.18s
[305.851s][info][gc,start       ] GC(472) Pause Full (Ergonomics)
[305.851s][info][gc,phases,start] GC(472) Marking Phase
[305.881s][info][gc,phases      ] GC(472) Marking Phase 30.152ms
[305.881s][info][gc,phases,start] GC(472) Summary Phase
[305.881s][info][gc,phases      ] GC(472) Summary Phase 0.063ms
[305.881s][info][gc,phases,start] GC(472) Adjust Roots
[305.882s][info][gc,phases      ] GC(472) Adjust Roots 0.414ms
[305.882s][info][gc,phases,start] GC(472) Compaction Phase
[306.012s][info][gc,phases      ] GC(472) Compaction Phase 130.436ms
[306.012s][info][gc,phases,start] GC(472) Post Compact
[306.022s][info][gc,phases      ] GC(472) Post Compact 9.712ms
[306.022s][info][gc,heap        ] GC(472) PSYoungGen: 1048572K(1223168K)->72968K(1223168K) Eden: 1048572K(1048576K)->72968K(1048576K) From: 0K(174592K)->0K(174592K)
[306.022s][info][gc,heap        ] GC(472) ParOldGen: 2796537K(2796544K)->2796493K(2796544K)
[306.022s][info][gc,metaspace   ] GC(472) Metaspace: 10566K(10816K)->10566K(10816K) NonClass: 9531K(9664K)->9531K(9664K) Class: 1034K(1152K)->1034K(1152K)
[306.022s][info][gc             ] GC(472) Pause Full (Ergonomics) 3754M->2802M(3925M) 171.107ms
[306.022s][info][gc,cpu         ] GC(472) User=1.31s Sys=0.00s Real=0.18s
[306.493s][info][gc,start       ] GC(473) Pause Full (Ergonomics)
[306.493s][info][gc,phases,start] GC(473) Marking Phase
[306.524s][info][gc,phases      ] GC(473) Marking Phase 31.030ms
[306.524s][info][gc,phases,start] GC(473) Summary Phase
[306.524s][info][gc,phases      ] GC(473) Summary Phase 0.064ms
[306.524s][info][gc,phases,start] GC(473) Adjust Roots
[306.525s][info][gc,phases      ] GC(473) Adjust Roots 0.399ms
[306.525s][info][gc,phases,start] GC(473) Compaction Phase
[306.655s][info][gc,phases      ] GC(473) Compaction Phase 130.811ms
[306.655s][info][gc,phases,start] GC(473) Post Compact
[306.665s][info][gc,phases      ] GC(473) Post Compact 9.044ms
[306.665s][info][gc,heap        ] GC(473) PSYoungGen: 1048576K(1223168K)->72980K(1223168K) Eden: 1048576K(1048576K)->72980K(1048576K) From: 0K(174592K)->0K(174592K)
[306.665s][info][gc,heap        ] GC(473) ParOldGen: 2796493K(2796544K)->2796480K(2796544K)
[306.665s][info][gc,metaspace   ] GC(473) Metaspace: 10566K(10816K)->10566K(10816K) NonClass: 9531K(9664K)->9531K(9664K) Class: 1034K(1152K)->1034K(1152K)
[306.665s][info][gc             ] GC(473) Pause Full (Ergonomics) 3754M->2802M(3925M) 171.685ms
[306.665s][info][gc,cpu         ] GC(473) User=1.31s Sys=0.00s Real=0.18s
[307.132s][info][gc,start       ] GC(474) Pause Full (Ergonomics)
[307.132s][info][gc,phases,start] GC(474) Marking Phase
[307.163s][info][gc,phases      ] GC(474) Marking Phase 30.706ms
[307.163s][info][gc,phases,start] GC(474) Summary Phase
[307.163s][info][gc,phases      ] GC(474) Summary Phase 0.064ms
[307.163s][info][gc,phases,start] GC(474) Adjust Roots
[307.163s][info][gc,phases      ] GC(474) Adjust Roots 0.556ms
[307.163s][info][gc,phases,start] GC(474) Compaction Phase
[307.295s][info][gc,phases      ] GC(474) Compaction Phase 131.300ms
[307.295s][info][gc,phases,start] GC(474) Post Compact
[307.305s][info][gc,phases      ] GC(474) Post Compact 10.555ms
[307.305s][info][gc,heap        ] GC(474) PSYoungGen: 1048576K(1223168K)->72984K(1223168K) Eden: 1048576K(1048576K)->72984K(1048576K) From: 0K(174592K)->0K(174592K)
[307.305s][info][gc,heap        ] GC(474) ParOldGen: 2796480K(2796544K)->2796476K(2796544K)
[307.305s][info][gc,metaspace   ] GC(474) Metaspace: 10566K(10816K)->10566K(10816K) NonClass: 9531K(9664K)->9531K(9664K) Class: 1034K(1152K)->1034K(1152K)
[307.305s][info][gc             ] GC(474) Pause Full (Ergonomics) 3754M->2802M(3925M) 173.549ms
[307.305s][info][gc,cpu         ] GC(474) User=1.31s Sys=0.00s Real=0.18s
[307.768s][info][gc,start       ] GC(475) Pause Full (Ergonomics)
[307.768s][info][gc,phases,start] GC(475) Marking Phase
[307.798s][info][gc,phases      ] GC(475) Marking Phase 30.813ms
[307.798s][info][gc,phases,start] GC(475) Summary Phase
[307.799s][info][gc,phases      ] GC(475) Summary Phase 0.065ms
[307.799s][info][gc,phases,start] GC(475) Adjust Roots
[307.799s][info][gc,phases      ] GC(475) Adjust Roots 0.555ms
[307.799s][info][gc,phases,start] GC(475) Compaction Phase
[307.930s][info][gc,phases      ] GC(475) Compaction Phase 130.678ms
[307.930s][info][gc,phases,start] GC(475) Post Compact
[307.937s][info][gc,phases      ] GC(475) Post Compact 6.856ms
[307.937s][info][gc,heap        ] GC(475) PSYoungGen: 1048576K(1223168K)->72960K(1223168K) Eden: 1048576K(1048576K)->72960K(1048576K) From: 0K(174592K)->0K(174592K)
[307.937s][info][gc,heap        ] GC(475) ParOldGen: 2796476K(2796544K)->2796501K(2796544K)
[307.937s][info][gc,metaspace   ] GC(475) Metaspace: 10566K(10816K)->10566K(10816K) NonClass: 9531K(9664K)->9531K(9664K) Class: 1034K(1152K)->1034K(1152K)
[307.937s][info][gc             ] GC(475) Pause Full (Ergonomics) 3754M->2802M(3925M) 169.293ms
[307.937s][info][gc,cpu         ] GC(475) User=1.31s Sys=0.00s Real=0.17s
[308.413s][info][gc,start       ] GC(476) Pause Full (Ergonomics)
[308.414s][info][gc,phases,start] GC(476) Marking Phase
[308.444s][info][gc,phases      ] GC(476) Marking Phase 30.690ms
[308.444s][info][gc,phases,start] GC(476) Summary Phase
[308.444s][info][gc,phases      ] GC(476) Summary Phase 0.063ms
[308.444s][info][gc,phases,start] GC(476) Adjust Roots
[308.445s][info][gc,phases      ] GC(476) Adjust Roots 0.549ms
[308.445s][info][gc,phases,start] GC(476) Compaction Phase
[308.576s][info][gc,phases      ] GC(476) Compaction Phase 131.495ms
[308.576s][info][gc,phases,start] GC(476) Post Compact
[308.587s][info][gc,phases      ] GC(476) Post Compact 10.309ms
[308.587s][info][gc,heap        ] GC(476) PSYoungGen: 1048576K(1223168K)->72968K(1223168K) Eden: 1048576K(1048576K)->72968K(1048576K) From: 0K(174592K)->0K(174592K)
[308.587s][info][gc,heap        ] GC(476) ParOldGen: 2796501K(2796544K)->2796493K(2796544K)
[308.587s][info][gc,metaspace   ] GC(476) Metaspace: 10566K(10816K)->10566K(10816K) NonClass: 9531K(9664K)->9531K(9664K) Class: 1034K(1152K)->1034K(1152K)
[308.587s][info][gc             ] GC(476) Pause Full (Ergonomics) 3754M->2802M(3925M) 173.433ms
[308.587s][info][gc,cpu         ] GC(476) User=1.32s Sys=0.00s Real=0.17s
[309.062s][info][gc,start       ] GC(477) Pause Full (Ergonomics)
[309.062s][info][gc,phases,start] GC(477) Marking Phase
[309.092s][info][gc,phases      ] GC(477) Marking Phase 29.356ms
[309.092s][info][gc,phases,start] GC(477) Summary Phase
[309.092s][info][gc,phases      ] GC(477) Summary Phase 0.063ms
[309.092s][info][gc,phases,start] GC(477) Adjust Roots
[309.093s][info][gc,phases      ] GC(477) Adjust Roots 0.545ms
[309.093s][info][gc,phases,start] GC(477) Compaction Phase
[309.224s][info][gc,phases      ] GC(477) Compaction Phase 131.040ms
[309.224s][info][gc,phases,start] GC(477) Post Compact
[309.232s][info][gc,phases      ] GC(477) Post Compact 8.113ms
[309.232s][info][gc,heap        ] GC(477) PSYoungGen: 1048576K(1223168K)->72968K(1223168K) Eden: 1048576K(1048576K)->72968K(1048576K) From: 0K(174592K)->0K(174592K)
[309.232s][info][gc,heap        ] GC(477) ParOldGen: 2796493K(2796544K)->2796493K(2796544K)
[309.232s][info][gc,metaspace   ] GC(477) Metaspace: 10566K(10816K)->10566K(10816K) NonClass: 9531K(9664K)->9531K(9664K) Class: 1034K(1152K)->1034K(1152K)
[309.232s][info][gc             ] GC(477) Pause Full (Ergonomics) 3754M->2802M(3925M) 169.483ms
[309.232s][info][gc,cpu         ] GC(477) User=1.30s Sys=0.00s Real=0.16s
[309.695s][info][gc,start       ] GC(478) Pause Full (Ergonomics)
[309.695s][info][gc,phases,start] GC(478) Marking Phase
[309.725s][info][gc,phases      ] GC(478) Marking Phase 29.543ms
[309.725s][info][gc,phases,start] GC(478) Summary Phase
[309.725s][info][gc,phases      ] GC(478) Summary Phase 0.059ms
[309.725s][info][gc,phases,start] GC(478) Adjust Roots
[309.725s][info][gc,phases      ] GC(478) Adjust Roots 0.387ms
[309.725s][info][gc,phases,start] GC(478) Compaction Phase
[309.856s][info][gc,phases      ] GC(478) Compaction Phase 130.679ms
[309.856s][info][gc,phases,start] GC(478) Post Compact
[309.863s][info][gc,phases      ] GC(478) Post Compact 7.049ms
[309.863s][info][gc,heap        ] GC(478) PSYoungGen: 1048576K(1223168K)->72964K(1223168K) Eden: 1048576K(1048576K)->72964K(1048576K) From: 0K(174592K)->0K(174592K)
[309.863s][info][gc,heap        ] GC(478) ParOldGen: 2796493K(2796544K)->2796497K(2796544K)
[309.863s][info][gc,metaspace   ] GC(478) Metaspace: 10566K(10816K)->10566K(10816K) NonClass: 9531K(9664K)->9531K(9664K) Class: 1034K(1152K)->1034K(1152K)
[309.863s][info][gc             ] GC(478) Pause Full (Ergonomics) 3754M->2802M(3925M) 168.012ms
[309.863s][info][gc,cpu         ] GC(478) User=1.30s Sys=0.00s Real=0.17s
[310.334s][info][gc,start       ] GC(479) Pause Full (Ergonomics)
[310.334s][info][gc,phases,start] GC(479) Marking Phase
[310.364s][info][gc,phases      ] GC(479) Marking Phase 30.730ms
[310.365s][info][gc,phases,start] GC(479) Summary Phase
[310.365s][info][gc,phases      ] GC(479) Summary Phase 0.064ms
[310.365s][info][gc,phases,start] GC(479) Adjust Roots
[310.365s][info][gc,phases      ] GC(479) Adjust Roots 0.520ms
[310.365s][info][gc,phases,start] GC(479) Compaction Phase
[310.497s][info][gc,phases      ] GC(479) Compaction Phase 131.890ms
[310.497s][info][gc,phases,start] GC(479) Post Compact
[310.507s][info][gc,phases      ] GC(479) Post Compact 9.844ms
[310.507s][info][gc,heap        ] GC(479) PSYoungGen: 1048576K(1223168K)->72935K(1223168K) Eden: 1048576K(1048576K)->72935K(1048576K) From: 0K(174592K)->0K(174592K)
[310.507s][info][gc,heap        ] GC(479) ParOldGen: 2796497K(2796544K)->2796525K(2796544K)
[310.507s][info][gc,metaspace   ] GC(479) Metaspace: 10566K(10816K)->10566K(10816K) NonClass: 9531K(9664K)->9531K(9664K) Class: 1034K(1152K)->1034K(1152K)
[310.507s][info][gc             ] GC(479) Pause Full (Ergonomics) 3754M->2802M(3925M) 173.394ms
[310.507s][info][gc,cpu         ] GC(479) User=1.32s Sys=0.00s Real=0.17s
[310.971s][info][gc,start       ] GC(480) Pause Full (Ergonomics)
[310.971s][info][gc,phases,start] GC(480) Marking Phase
[311.002s][info][gc,phases      ] GC(480) Marking Phase 31.387ms
[311.002s][info][gc,phases,start] GC(480) Summary Phase
[311.002s][info][gc,phases      ] GC(480) Summary Phase 0.065ms
[311.002s][info][gc,phases,start] GC(480) Adjust Roots
[311.003s][info][gc,phases      ] GC(480) Adjust Roots 0.402ms
[311.003s][info][gc,phases,start] GC(480) Compaction Phase
[311.134s][info][gc,phases      ] GC(480) Compaction Phase 131.412ms
[311.134s][info][gc,phases,start] GC(480) Post Compact
[311.142s][info][gc,phases      ] GC(480) Post Compact 7.331ms
[311.142s][info][gc,heap        ] GC(480) PSYoungGen: 1048576K(1223168K)->72980K(1223168K) Eden: 1048576K(1048576K)->72980K(1048576K) From: 0K(174592K)->0K(174592K)
[311.142s][info][gc,heap        ] GC(480) ParOldGen: 2796525K(2796544K)->2796480K(2796544K)
[311.142s][info][gc,metaspace   ] GC(480) Metaspace: 10566K(10816K)->10566K(10816K) NonClass: 9531K(9664K)->9531K(9664K) Class: 1034K(1152K)->1034K(1152K)
[311.142s][info][gc             ] GC(480) Pause Full (Ergonomics) 3754M->2802M(3925M) 170.966ms
[311.142s][info][gc,cpu         ] GC(480) User=1.31s Sys=0.00s Real=0.18s
[311.613s][info][gc,start       ] GC(481) Pause Full (Ergonomics)
[311.613s][info][gc,phases,start] GC(481) Marking Phase
[311.643s][info][gc,phases      ] GC(481) Marking Phase 29.647ms
[311.643s][info][gc,phases,start] GC(481) Summary Phase
[311.643s][info][gc,phases      ] GC(481) Summary Phase 0.064ms
[311.643s][info][gc,phases,start] GC(481) Adjust Roots
[311.644s][info][gc,phases      ] GC(481) Adjust Roots 0.568ms
[311.644s][info][gc,phases,start] GC(481) Compaction Phase
[311.775s][info][gc,phases      ] GC(481) Compaction Phase 131.176ms
[311.775s][info][gc,phases,start] GC(481) Post Compact
[311.782s][info][gc,phases      ] GC(481) Post Compact 7.362ms
[311.782s][info][gc,heap        ] GC(481) PSYoungGen: 1048576K(1223168K)->72956K(1223168K) Eden: 1048576K(1048576K)->72956K(1048576K) From: 0K(174592K)->0K(174592K)
[311.782s][info][gc,heap        ] GC(481) ParOldGen: 2796480K(2796544K)->2796505K(2796544K)
[311.782s][info][gc,metaspace   ] GC(481) Metaspace: 10566K(10816K)->10566K(10816K) NonClass: 9531K(9664K)->9531K(9664K) Class: 1034K(1152K)->1034K(1152K)
[311.782s][info][gc             ] GC(481) Pause Full (Ergonomics) 3754M->2802M(3925M) 169.155ms
[311.782s][info][gc,cpu         ] GC(481) User=1.30s Sys=0.01s Real=0.18s
[312.244s][info][gc,start       ] GC(482) Pause Full (Ergonomics)
[312.244s][info][gc,phases,start] GC(482) Marking Phase
[312.274s][info][gc,phases      ] GC(482) Marking Phase 30.169ms
[312.274s][info][gc,phases,start] GC(482) Summary Phase
[312.274s][info][gc,phases      ] GC(482) Summary Phase 0.064ms
[312.274s][info][gc,phases,start] GC(482) Adjust Roots
[312.275s][info][gc,phases      ] GC(482) Adjust Roots 0.715ms
[312.275s][info][gc,phases,start] GC(482) Compaction Phase
[312.406s][info][gc,phases      ] GC(482) Compaction Phase 130.814ms
[312.406s][info][gc,phases,start] GC(482) Post Compact
[312.414s][info][gc,phases      ] GC(482) Post Compact 7.990ms
[312.414s][info][gc,heap        ] GC(482) PSYoungGen: 1048576K(1223168K)->72980K(1223168K) Eden: 1048576K(1048576K)->72980K(1048576K) From: 0K(174592K)->0K(174592K)
[312.414s][info][gc,heap        ] GC(482) ParOldGen: 2796505K(2796544K)->2796480K(2796544K)
[312.414s][info][gc,metaspace   ] GC(482) Metaspace: 10566K(10816K)->10566K(10816K) NonClass: 9531K(9664K)->9531K(9664K) Class: 1034K(1152K)->1034K(1152K)
[312.414s][info][gc             ] GC(482) Pause Full (Ergonomics) 3754M->2802M(3925M) 170.055ms
[312.414s][info][gc,cpu         ] GC(482) User=1.31s Sys=0.00s Real=0.17s
[312.887s][info][gc,start       ] GC(483) Pause Full (Ergonomics)
[312.887s][info][gc,phases,start] GC(483) Marking Phase
[312.918s][info][gc,phases      ] GC(483) Marking Phase 30.977ms
[312.918s][info][gc,phases,start] GC(483) Summary Phase
[312.918s][info][gc,phases      ] GC(483) Summary Phase 0.064ms
[312.918s][info][gc,phases,start] GC(483) Adjust Roots
[312.919s][info][gc,phases      ] GC(483) Adjust Roots 0.424ms
[312.919s][info][gc,phases,start] GC(483) Compaction Phase
[313.049s][info][gc,phases      ] GC(483) Compaction Phase 130.597ms
[313.050s][info][gc,phases,start] GC(483) Post Compact
[313.060s][info][gc,phases      ] GC(483) Post Compact 10.271ms
[313.060s][info][gc,heap        ] GC(483) PSYoungGen: 1048576K(1223168K)->72984K(1223168K) Eden: 1048576K(1048576K)->72984K(1048576K) From: 0K(174592K)->0K(174592K)
[313.060s][info][gc,heap        ] GC(483) ParOldGen: 2796480K(2796544K)->2796476K(2796544K)
[313.060s][info][gc,metaspace   ] GC(483) Metaspace: 10566K(10816K)->10566K(10816K) NonClass: 9531K(9664K)->9531K(9664K) Class: 1034K(1152K)->1034K(1152K)
[313.060s][info][gc             ] GC(483) Pause Full (Ergonomics) 3754M->2802M(3925M) 172.670ms
[313.060s][info][gc,cpu         ] GC(483) User=1.31s Sys=0.00s Real=0.17s
[313.519s][info][gc,start       ] GC(484) Pause Full (Ergonomics)
[313.519s][info][gc,phases,start] GC(484) Marking Phase
[313.549s][info][gc,phases      ] GC(484) Marking Phase 30.148ms
[313.549s][info][gc,phases,start] GC(484) Summary Phase
[313.549s][info][gc,phases      ] GC(484) Summary Phase 0.071ms
[313.549s][info][gc,phases,start] GC(484) Adjust Roots
[313.550s][info][gc,phases      ] GC(484) Adjust Roots 0.400ms
[313.550s][info][gc,phases,start] GC(484) Compaction Phase
[313.682s][info][gc,phases      ] GC(484) Compaction Phase 131.867ms
[313.682s][info][gc,phases,start] GC(484) Post Compact
[313.691s][info][gc,phases      ] GC(484) Post Compact 9.044ms
[313.691s][info][gc,heap        ] GC(484) PSYoungGen: 1048576K(1223168K)->72956K(1223168K) Eden: 1048576K(1048576K)->72956K(1048576K) From: 0K(174592K)->0K(174592K)
[313.691s][info][gc,heap        ] GC(484) ParOldGen: 2796476K(2796544K)->2796505K(2796544K)
[313.691s][info][gc,metaspace   ] GC(484) Metaspace: 10566K(10816K)->10566K(10816K) NonClass: 9531K(9664K)->9531K(9664K) Class: 1034K(1152K)->1034K(1152K)
[313.691s][info][gc             ] GC(484) Pause Full (Ergonomics) 3754M->2802M(3925M) 171.888ms
[313.691s][info][gc,cpu         ] GC(484) User=1.30s Sys=0.01s Real=0.17s
[314.161s][info][gc,start       ] GC(485) Pause Full (Ergonomics)
[314.161s][info][gc,phases,start] GC(485) Marking Phase
[314.192s][info][gc,phases      ] GC(485) Marking Phase 30.743ms
[314.192s][info][gc,phases,start] GC(485) Summary Phase
[314.192s][info][gc,phases      ] GC(485) Summary Phase 0.064ms
[314.192s][info][gc,phases,start] GC(485) Adjust Roots
[314.192s][info][gc,phases      ] GC(485) Adjust Roots 0.409ms
[314.192s][info][gc,phases,start] GC(485) Compaction Phase
[314.322s][info][gc,phases      ] GC(485) Compaction Phase 130.004ms
[314.322s][info][gc,phases,start] GC(485) Post Compact
[314.332s][info][gc,phases      ] GC(485) Post Compact 9.401ms
[314.332s][info][gc,heap        ] GC(485) PSYoungGen: 1048576K(1223168K)->72984K(1223168K) Eden: 1048576K(1048576K)->72984K(1048576K) From: 0K(174592K)->0K(174592K)
[314.332s][info][gc,heap        ] GC(485) ParOldGen: 2796505K(2796544K)->2796476K(2796544K)
[314.332s][info][gc,metaspace   ] GC(485) Metaspace: 10566K(10816K)->10566K(10816K) NonClass: 9531K(9664K)->9531K(9664K) Class: 1034K(1152K)->1034K(1152K)
[314.332s][info][gc             ] GC(485) Pause Full (Ergonomics) 3754M->2802M(3925M) 170.945ms
[314.332s][info][gc,cpu         ] GC(485) User=1.31s Sys=0.00s Real=0.17s
[314.809s][info][gc,start       ] GC(486) Pause Full (Ergonomics)
[314.809s][info][gc,phases,start] GC(486) Marking Phase
[314.839s][info][gc,phases      ] GC(486) Marking Phase 30.167ms
[314.839s][info][gc,phases,start] GC(486) Summary Phase
[314.839s][info][gc,phases      ] GC(486) Summary Phase 0.064ms
[314.839s][info][gc,phases,start] GC(486) Adjust Roots
[314.840s][info][gc,phases      ] GC(486) Adjust Roots 0.554ms
[314.840s][info][gc,phases,start] GC(486) Compaction Phase
[314.971s][info][gc,phases      ] GC(486) Compaction Phase 131.508ms
[314.971s][info][gc,phases,start] GC(486) Post Compact
[314.980s][info][gc,phases      ] GC(486) Post Compact 8.566ms
[314.980s][info][gc,heap        ] GC(486) PSYoungGen: 1048576K(1223168K)->72952K(1223168K) Eden: 1048576K(1048576K)->72952K(1048576K) From: 0K(174592K)->0K(174592K)
[314.980s][info][gc,heap        ] GC(486) ParOldGen: 2796476K(2796544K)->2796509K(2796544K)
[314.980s][info][gc,metaspace   ] GC(486) Metaspace: 10566K(10816K)->10566K(10816K) NonClass: 9531K(9664K)->9531K(9664K) Class: 1034K(1152K)->1034K(1152K)
[314.980s][info][gc             ] GC(486) Pause Full (Ergonomics) 3754M->2802M(3925M) 171.180ms
[314.980s][info][gc,cpu         ] GC(486) User=1.31s Sys=0.00s Real=0.17s
[315.459s][info][gc,start       ] GC(487) Pause Full (Ergonomics)
[315.459s][info][gc,phases,start] GC(487) Marking Phase
[315.489s][info][gc,phases      ] GC(487) Marking Phase 30.711ms
[315.489s][info][gc,phases,start] GC(487) Summary Phase
[315.490s][info][gc,phases      ] GC(487) Summary Phase 0.066ms
[315.490s][info][gc,phases,start] GC(487) Adjust Roots
[315.490s][info][gc,phases      ] GC(487) Adjust Roots 0.599ms
[315.490s][info][gc,phases,start] GC(487) Compaction Phase
[315.621s][info][gc,phases      ] GC(487) Compaction Phase 131.087ms
[315.621s][info][gc,phases,start] GC(487) Post Compact
[315.630s][info][gc,phases      ] GC(487) Post Compact 9.020ms
[315.630s][info][gc,heap        ] GC(487) PSYoungGen: 1048576K(1223168K)->72964K(1223168K) Eden: 1048576K(1048576K)->72964K(1048576K) From: 0K(174592K)->0K(174592K)
[315.630s][info][gc,heap        ] GC(487) ParOldGen: 2796509K(2796544K)->2796497K(2796544K)
[315.630s][info][gc,metaspace   ] GC(487) Metaspace: 10566K(10816K)->10566K(10816K) NonClass: 9531K(9664K)->9531K(9664K) Class: 1034K(1152K)->1034K(1152K)
[315.630s][info][gc             ] GC(487) Pause Full (Ergonomics) 3754M->2802M(3925M) 171.823ms
[315.630s][info][gc,cpu         ] GC(487) User=1.30s Sys=0.00s Real=0.17s
[316.095s][info][gc,start       ] GC(488) Pause Full (Ergonomics)
[316.095s][info][gc,phases,start] GC(488) Marking Phase
[316.127s][info][gc,phases      ] GC(488) Marking Phase 32.245ms
[316.127s][info][gc,phases,start] GC(488) Summary Phase
[316.127s][info][gc,phases      ] GC(488) Summary Phase 0.064ms
[316.127s][info][gc,phases,start] GC(488) Adjust Roots
[316.128s][info][gc,phases      ] GC(488) Adjust Roots 0.552ms
[316.128s][info][gc,phases,start] GC(488) Compaction Phase
[316.259s][info][gc,phases      ] GC(488) Compaction Phase 131.331ms
[316.259s][info][gc,phases,start] GC(488) Post Compact
[316.271s][info][gc,phases      ] GC(488) Post Compact 11.332ms
[316.271s][info][gc,heap        ] GC(488) PSYoungGen: 1048576K(1223168K)->72988K(1223168K) Eden: 1048576K(1048576K)->72988K(1048576K) From: 0K(174592K)->0K(174592K)
[316.271s][info][gc,heap        ] GC(488) ParOldGen: 2796497K(2796544K)->2796472K(2796544K)
[316.271s][info][gc,metaspace   ] GC(488) Metaspace: 10566K(10816K)->10566K(10816K) NonClass: 9531K(9664K)->9531K(9664K) Class: 1034K(1152K)->1034K(1152K)
[316.271s][info][gc             ] GC(488) Pause Full (Ergonomics) 3754M->2802M(3925M) 175.872ms
[316.271s][info][gc,cpu         ] GC(488) User=1.31s Sys=0.00s Real=0.17s
[316.741s][info][gc,start       ] GC(489) Pause Full (Ergonomics)
[316.741s][info][gc,phases,start] GC(489) Marking Phase
[316.772s][info][gc,phases      ] GC(489) Marking Phase 30.499ms
[316.772s][info][gc,phases,start] GC(489) Summary Phase
[316.772s][info][gc,phases      ] GC(489) Summary Phase 0.064ms
[316.772s][info][gc,phases,start] GC(489) Adjust Roots
[316.772s][info][gc,phases      ] GC(489) Adjust Roots 0.550ms
[316.773s][info][gc,phases,start] GC(489) Compaction Phase
[316.904s][info][gc,phases      ] GC(489) Compaction Phase 131.542ms
[316.904s][info][gc,phases,start] GC(489) Post Compact
[316.914s][info][gc,phases      ] GC(489) Post Compact 9.452ms
[316.914s][info][gc,heap        ] GC(489) PSYoungGen: 1048576K(1223168K)->72972K(1223168K) Eden: 1048576K(1048576K)->72972K(1048576K) From: 0K(174592K)->0K(174592K)
[316.914s][info][gc,heap        ] GC(489) ParOldGen: 2796472K(2796544K)->2796489K(2796544K)
[316.914s][info][gc,metaspace   ] GC(489) Metaspace: 10566K(10816K)->10566K(10816K) NonClass: 9531K(9664K)->9531K(9664K) Class: 1034K(1152K)->1034K(1152K)
[316.914s][info][gc             ] GC(489) Pause Full (Ergonomics) 3754M->2802M(3925M) 172.437ms
[316.914s][info][gc,cpu         ] GC(489) User=1.31s Sys=0.00s Real=0.18s
[317.391s][info][gc,start       ] GC(490) Pause Full (Ergonomics)
[317.391s][info][gc,phases,start] GC(490) Marking Phase
[317.422s][info][gc,phases      ] GC(490) Marking Phase 31.231ms
[317.422s][info][gc,phases,start] GC(490) Summary Phase
[317.422s][info][gc,phases      ] GC(490) Summary Phase 0.064ms
[317.422s][info][gc,phases,start] GC(490) Adjust Roots
[317.422s][info][gc,phases      ] GC(490) Adjust Roots 0.402ms
[317.422s][info][gc,phases,start] GC(490) Compaction Phase
[317.554s][info][gc,phases      ] GC(490) Compaction Phase 131.111ms
[317.554s][info][gc,phases,start] GC(490) Post Compact
[317.563s][info][gc,phases      ] GC(490) Post Compact 9.030ms
[317.563s][info][gc,heap        ] GC(490) PSYoungGen: 1048576K(1223168K)->72944K(1223168K) Eden: 1048576K(1048576K)->72944K(1048576K) From: 0K(174592K)->0K(174592K)
[317.563s][info][gc,heap        ] GC(490) ParOldGen: 2796489K(2796544K)->2796517K(2796544K)
[317.563s][info][gc,metaspace   ] GC(490) Metaspace: 10566K(10816K)->10566K(10816K) NonClass: 9531K(9664K)->9531K(9664K) Class: 1034K(1152K)->1034K(1152K)
[317.563s][info][gc             ] GC(490) Pause Full (Ergonomics) 3754M->2802M(3925M) 172.190ms
[317.563s][info][gc,cpu         ] GC(490) User=1.32s Sys=0.00s Real=0.18s
[318.029s][info][gc,start       ] GC(491) Pause Full (Ergonomics)
[318.029s][info][gc,phases,start] GC(491) Marking Phase
[318.059s][info][gc,phases      ] GC(491) Marking Phase 30.394ms
[318.059s][info][gc,phases,start] GC(491) Summary Phase
[318.059s][info][gc,phases      ] GC(491) Summary Phase 0.064ms
[318.060s][info][gc,phases,start] GC(491) Adjust Roots
[318.060s][info][gc,phases      ] GC(491) Adjust Roots 0.560ms
[318.060s][info][gc,phases,start] GC(491) Compaction Phase
[318.191s][info][gc,phases      ] GC(491) Compaction Phase 130.952ms
[318.191s][info][gc,phases,start] GC(491) Post Compact
[318.203s][info][gc,phases      ] GC(491) Post Compact 12.102ms
[318.203s][info][gc,heap        ] GC(491) PSYoungGen: 1048576K(1223168K)->72984K(1223168K) Eden: 1048576K(1048576K)->72984K(1048576K) From: 0K(174592K)->0K(174592K)
[318.203s][info][gc,heap        ] GC(491) ParOldGen: 2796517K(2796544K)->2796476K(2796544K)
[318.203s][info][gc,metaspace   ] GC(491) Metaspace: 10566K(10816K)->10566K(10816K) NonClass: 9531K(9664K)->9531K(9664K) Class: 1034K(1152K)->1034K(1152K)
[318.203s][info][gc             ] GC(491) Pause Full (Ergonomics) 3754M->2802M(3925M) 174.395ms
[318.203s][info][gc,cpu         ] GC(491) User=1.32s Sys=0.00s Real=0.18s
[318.679s][info][gc,start       ] GC(492) Pause Full (Ergonomics)
[318.679s][info][gc,phases,start] GC(492) Marking Phase
[318.709s][info][gc,phases      ] GC(492) Marking Phase 29.541ms
[318.709s][info][gc,phases,start] GC(492) Summary Phase
[318.709s][info][gc,phases      ] GC(492) Summary Phase 0.063ms
[318.709s][info][gc,phases,start] GC(492) Adjust Roots
[318.709s][info][gc,phases      ] GC(492) Adjust Roots 0.398ms
[318.709s][info][gc,phases,start] GC(492) Compaction Phase
[318.841s][info][gc,phases      ] GC(492) Compaction Phase 131.122ms
[318.841s][info][gc,phases,start] GC(492) Post Compact
[318.851s][info][gc,phases      ] GC(492) Post Compact 10.673ms
[318.851s][info][gc,heap        ] GC(492) PSYoungGen: 1048576K(1223168K)->72919K(1223168K) Eden: 1048576K(1048576K)->72919K(1048576K) From: 0K(174592K)->0K(174592K)
[318.851s][info][gc,heap        ] GC(492) ParOldGen: 2796476K(2796544K)->2796542K(2796544K)
[318.851s][info][gc,metaspace   ] GC(492) Metaspace: 10566K(10816K)->10566K(10816K) NonClass: 9531K(9664K)->9531K(9664K) Class: 1034K(1152K)->1034K(1152K)
[318.851s][info][gc             ] GC(492) Pause Full (Ergonomics) 3754M->2802M(3925M) 172.134ms
[318.851s][info][gc,cpu         ] GC(492) User=1.31s Sys=0.00s Real=0.17s
[319.317s][info][gc,start       ] GC(493) Pause Full (Ergonomics)
[319.317s][info][gc,phases,start] GC(493) Marking Phase
[319.347s][info][gc,phases      ] GC(493) Marking Phase 30.024ms
[319.347s][info][gc,phases,start] GC(493) Summary Phase
[319.347s][info][gc,phases      ] GC(493) Summary Phase 0.063ms
[319.347s][info][gc,phases,start] GC(493) Adjust Roots
[319.347s][info][gc,phases      ] GC(493) Adjust Roots 0.551ms
[319.347s][info][gc,phases,start] GC(493) Compaction Phase
[319.478s][info][gc,phases      ] GC(493) Compaction Phase 130.903ms
[319.478s][info][gc,phases,start] GC(493) Post Compact
[319.488s][info][gc,phases      ] GC(493) Post Compact 9.137ms
[319.488s][info][gc,heap        ] GC(493) PSYoungGen: 1048576K(1223168K)->72960K(1223168K) Eden: 1048576K(1048576K)->72960K(1048576K) From: 0K(174592K)->0K(174592K)
[319.488s][info][gc,heap        ] GC(493) ParOldGen: 2796542K(2796544K)->2796501K(2796544K)
[319.488s][info][gc,metaspace   ] GC(493) Metaspace: 10566K(10816K)->10566K(10816K) NonClass: 9531K(9664K)->9531K(9664K) Class: 1034K(1152K)->1034K(1152K)
[319.488s][info][gc             ] GC(493) Pause Full (Ergonomics) 3754M->2802M(3925M) 171.001ms
[319.488s][info][gc,cpu         ] GC(493) User=1.31s Sys=0.00s Real=0.17s
[319.960s][info][gc,start       ] GC(494) Pause Full (Ergonomics)
[319.960s][info][gc,phases,start] GC(494) Marking Phase
[319.990s][info][gc,phases      ] GC(494) Marking Phase 29.751ms
[319.990s][info][gc,phases,start] GC(494) Summary Phase
[319.990s][info][gc,phases      ] GC(494) Summary Phase 0.064ms
[319.990s][info][gc,phases,start] GC(494) Adjust Roots
[319.991s][info][gc,phases      ] GC(494) Adjust Roots 0.637ms
[319.991s][info][gc,phases,start] GC(494) Compaction Phase
[320.123s][info][gc,phases      ] GC(494) Compaction Phase 131.687ms
[320.123s][info][gc,phases,start] GC(494) Post Compact
[320.130s][info][gc,phases      ] GC(494) Post Compact 7.288ms
[320.130s][info][gc,heap        ] GC(494) PSYoungGen: 1048576K(1223168K)->72964K(1223168K) Eden: 1048576K(1048576K)->72964K(1048576K) From: 0K(174592K)->0K(174592K)
[320.130s][info][gc,heap        ] GC(494) ParOldGen: 2796501K(2796544K)->2796497K(2796544K)
[320.130s][info][gc,metaspace   ] GC(494) Metaspace: 10566K(10816K)->10566K(10816K) NonClass: 9531K(9664K)->9531K(9664K) Class: 1034K(1152K)->1034K(1152K)
[320.130s][info][gc             ] GC(494) Pause Full (Ergonomics) 3754M->2802M(3925M) 169.749ms
[320.130s][info][gc,cpu         ] GC(494) User=1.30s Sys=0.02s Real=0.17s
[320.610s][info][gc,start       ] GC(495) Pause Full (Ergonomics)
[320.610s][info][gc,phases,start] GC(495) Marking Phase
[320.641s][info][gc,phases      ] GC(495) Marking Phase 31.185ms
[320.642s][info][gc,phases,start] GC(495) Summary Phase
[320.642s][info][gc,phases      ] GC(495) Summary Phase 0.064ms
[320.642s][info][gc,phases,start] GC(495) Adjust Roots
[320.642s][info][gc,phases      ] GC(495) Adjust Roots 0.624ms
[320.642s][info][gc,phases,start] GC(495) Compaction Phase
[320.774s][info][gc,phases      ] GC(495) Compaction Phase 131.898ms
[320.774s][info][gc,phases,start] GC(495) Post Compact
[320.783s][info][gc,phases      ] GC(495) Post Compact 9.059ms
[320.783s][info][gc,heap        ] GC(495) PSYoungGen: 1048576K(1223168K)->72976K(1223168K) Eden: 1048576K(1048576K)->72976K(1048576K) From: 0K(174592K)->0K(174592K)
[320.783s][info][gc,heap        ] GC(495) ParOldGen: 2796497K(2796544K)->2796484K(2796544K)
[320.783s][info][gc,metaspace   ] GC(495) Metaspace: 10566K(10816K)->10566K(10816K) NonClass: 9531K(9664K)->9531K(9664K) Class: 1034K(1152K)->1034K(1152K)
[320.783s][info][gc             ] GC(495) Pause Full (Ergonomics) 3754M->2802M(3925M) 173.149ms
[320.783s][info][gc,cpu         ] GC(495) User=1.32s Sys=0.00s Real=0.18s
[321.247s][info][gc,start       ] GC(496) Pause Full (Ergonomics)
[321.247s][info][gc,phases,start] GC(496) Marking Phase
[321.276s][info][gc,phases      ] GC(496) Marking Phase 29.684ms
[321.277s][info][gc,phases,start] GC(496) Summary Phase
[321.277s][info][gc,phases      ] GC(496) Summary Phase 0.065ms
[321.277s][info][gc,phases,start] GC(496) Adjust Roots
[321.277s][info][gc,phases      ] GC(496) Adjust Roots 0.423ms
[321.277s][info][gc,phases,start] GC(496) Compaction Phase
[321.408s][info][gc,phases      ] GC(496) Compaction Phase 131.317ms
[321.408s][info][gc,phases,start] GC(496) Post Compact
[321.419s][info][gc,phases      ] GC(496) Post Compact 10.141ms
[321.419s][info][gc,heap        ] GC(496) PSYoungGen: 1048576K(1223168K)->72992K(1223168K) Eden: 1048576K(1048576K)->72992K(1048576K) From: 0K(174592K)->0K(174592K)
[321.419s][info][gc,heap        ] GC(496) ParOldGen: 2796484K(2796544K)->2796468K(2796544K)
[321.419s][info][gc,metaspace   ] GC(496) Metaspace: 10566K(10816K)->10566K(10816K) NonClass: 9531K(9664K)->9531K(9664K) Class: 1034K(1152K)->1034K(1152K)
[321.419s][info][gc             ] GC(496) Pause Full (Ergonomics) 3754M->2802M(3925M) 171.966ms
[321.419s][info][gc,cpu         ] GC(496) User=1.31s Sys=0.00s Real=0.17s
[321.883s][info][gc,start       ] GC(497) Pause Full (Ergonomics)
[321.883s][info][gc,phases,start] GC(497) Marking Phase
[321.913s][info][gc,phases      ] GC(497) Marking Phase 30.563ms
[321.913s][info][gc,phases,start] GC(497) Summary Phase
[321.913s][info][gc,phases      ] GC(497) Summary Phase 0.092ms
[321.913s][info][gc,phases,start] GC(497) Adjust Roots
[321.914s][info][gc,phases      ] GC(497) Adjust Roots 0.391ms
[321.914s][info][gc,phases,start] GC(497) Compaction Phase
[322.045s][info][gc,phases      ] GC(497) Compaction Phase 131.182ms
[322.045s][info][gc,phases,start] GC(497) Post Compact
[322.054s][info][gc,phases      ] GC(497) Post Compact 9.172ms
[322.054s][info][gc,heap        ] GC(497) PSYoungGen: 1048576K(1223168K)->72944K(1223168K) Eden: 1048576K(1048576K)->72944K(1048576K) From: 0K(174592K)->0K(174592K)
[322.054s][info][gc,heap        ] GC(497) ParOldGen: 2796468K(2796544K)->2796517K(2796544K)
[322.054s][info][gc,metaspace   ] GC(497) Metaspace: 10566K(10816K)->10566K(10816K) NonClass: 9531K(9664K)->9531K(9664K) Class: 1034K(1152K)->1034K(1152K)
[322.054s][info][gc             ] GC(497) Pause Full (Ergonomics) 3754M->2802M(3925M) 171.713ms
[322.054s][info][gc,cpu         ] GC(497) User=1.31s Sys=0.00s Real=0.17s
[322.518s][info][gc,start       ] GC(498) Pause Full (Ergonomics)
[322.518s][info][gc,phases,start] GC(498) Marking Phase
[322.548s][info][gc,phases      ] GC(498) Marking Phase 30.519ms
[322.548s][info][gc,phases,start] GC(498) Summary Phase
[322.548s][info][gc,phases      ] GC(498) Summary Phase 0.064ms
[322.548s][info][gc,phases,start] GC(498) Adjust Roots
[322.549s][info][gc,phases      ] GC(498) Adjust Roots 0.558ms
[322.549s][info][gc,phases,start] GC(498) Compaction Phase
[322.680s][info][gc,phases      ] GC(498) Compaction Phase 130.702ms
[322.680s][info][gc,phases,start] GC(498) Post Compact
[322.689s][info][gc,phases      ] GC(498) Post Compact 9.018ms
[322.689s][info][gc,heap        ] GC(498) PSYoungGen: 1048576K(1223168K)->72964K(1223168K) Eden: 1048576K(1048576K)->72964K(1048576K) From: 0K(174592K)->0K(174592K)
[322.689s][info][gc,heap        ] GC(498) ParOldGen: 2796517K(2796544K)->2796497K(2796544K)
[322.689s][info][gc,metaspace   ] GC(498) Metaspace: 10566K(10816K)->10566K(10816K) NonClass: 9531K(9664K)->9531K(9664K) Class: 1034K(1152K)->1034K(1152K)
[322.689s][info][gc             ] GC(498) Pause Full (Ergonomics) 3754M->2802M(3925M) 171.166ms
[322.689s][info][gc,cpu         ] GC(498) User=1.30s Sys=0.00s Real=0.17s
[323.157s][info][gc,start       ] GC(499) Pause Full (Ergonomics)
[323.157s][info][gc,phases,start] GC(499) Marking Phase
[323.187s][info][gc,phases      ] GC(499) Marking Phase 29.624ms
[323.187s][info][gc,phases,start] GC(499) Summary Phase
[323.187s][info][gc,phases      ] GC(499) Summary Phase 0.063ms
[323.187s][info][gc,phases,start] GC(499) Adjust Roots
[323.187s][info][gc,phases      ] GC(499) Adjust Roots 0.552ms
[323.187s][info][gc,phases,start] GC(499) Compaction Phase
[323.318s][info][gc,phases      ] GC(499) Compaction Phase 131.096ms
[323.319s][info][gc,phases,start] GC(499) Post Compact
[323.326s][info][gc,phases      ] GC(499) Post Compact 7.270ms
[323.326s][info][gc,heap        ] GC(499) PSYoungGen: 1048576K(1223168K)->72935K(1223168K) Eden: 1048576K(1048576K)->72935K(1048576K) From: 0K(174592K)->0K(174592K)
[323.326s][info][gc,heap        ] GC(499) ParOldGen: 2796497K(2796544K)->2796525K(2796544K)
[323.326s][info][gc,metaspace   ] GC(499) Metaspace: 10566K(10816K)->10566K(10816K) NonClass: 9531K(9664K)->9531K(9664K) Class: 1034K(1152K)->1034K(1152K)
[323.326s][info][gc             ] GC(499) Pause Full (Ergonomics) 3754M->2802M(3925M) 168.943ms
[323.326s][info][gc,cpu         ] GC(499) User=1.31s Sys=0.00s Real=0.17s
[323.806s][info][gc,start       ] GC(500) Pause Full (Ergonomics)
[323.806s][info][gc,phases,start] GC(500) Marking Phase
[323.836s][info][gc,phases      ] GC(500) Marking Phase 29.898ms
[323.836s][info][gc,phases,start] GC(500) Summary Phase
[323.836s][info][gc,phases      ] GC(500) Summary Phase 0.064ms
[323.836s][info][gc,phases,start] GC(500) Adjust Roots
[323.836s][info][gc,phases      ] GC(500) Adjust Roots 0.402ms
[323.836s][info][gc,phases,start] GC(500) Compaction Phase
[323.967s][info][gc,phases      ] GC(500) Compaction Phase 130.887ms
[323.967s][info][gc,phases,start] GC(500) Post Compact
[323.975s][info][gc,phases      ] GC(500) Post Compact 7.981ms
[323.975s][info][gc,heap        ] GC(500) PSYoungGen: 1048576K(1223168K)->72972K(1223168K) Eden: 1048576K(1048576K)->72972K(1048576K) From: 0K(174592K)->0K(174592K)
[323.975s][info][gc,heap        ] GC(500) ParOldGen: 2796525K(2796544K)->2796489K(2796544K)
[323.975s][info][gc,metaspace   ] GC(500) Metaspace: 10566K(10816K)->10566K(10816K) NonClass: 9531K(9664K)->9531K(9664K) Class: 1034K(1152K)->1034K(1152K)
[323.975s][info][gc             ] GC(500) Pause Full (Ergonomics) 3754M->2802M(3925M) 169.586ms
[323.975s][info][gc,cpu         ] GC(500) User=1.31s Sys=0.00s Real=0.17s
[324.441s][info][gc,start       ] GC(501) Pause Full (Ergonomics)
[324.441s][info][gc,phases,start] GC(501) Marking Phase
[324.471s][info][gc,phases      ] GC(501) Marking Phase 30.180ms
[324.471s][info][gc,phases,start] GC(501) Summary Phase
[324.471s][info][gc,phases      ] GC(501) Summary Phase 0.063ms
[324.471s][info][gc,phases,start] GC(501) Adjust Roots
[324.471s][info][gc,phases      ] GC(501) Adjust Roots 0.399ms
[324.471s][info][gc,phases,start] GC(501) Compaction Phase
[324.603s][info][gc,phases      ] GC(501) Compaction Phase 131.467ms
[324.603s][info][gc,phases,start] GC(501) Post Compact
[324.611s][info][gc,phases      ] GC(501) Post Compact 7.856ms
[324.611s][info][gc,heap        ] GC(501) PSYoungGen: 1048576K(1223168K)->72964K(1223168K) Eden: 1048576K(1048576K)->72964K(1048576K) From: 0K(174592K)->0K(174592K)
[324.611s][info][gc,heap        ] GC(501) ParOldGen: 2796489K(2796544K)->2796497K(2796544K)
[324.611s][info][gc,metaspace   ] GC(501) Metaspace: 10566K(10816K)->10566K(10816K) NonClass: 9531K(9664K)->9531K(9664K) Class: 1034K(1152K)->1034K(1152K)
[324.611s][info][gc             ] GC(501) Pause Full (Ergonomics) 3754M->2802M(3925M) 170.302ms
[324.611s][info][gc,cpu         ] GC(501) User=1.31s Sys=0.00s Real=0.17s
[325.083s][info][gc,start       ] GC(502) Pause Full (Ergonomics)
[325.083s][info][gc,phases,start] GC(502) Marking Phase
[325.114s][info][gc,phases      ] GC(502) Marking Phase 30.767ms
[325.114s][info][gc,phases,start] GC(502) Summary Phase
[325.114s][info][gc,phases      ] GC(502) Summary Phase 0.064ms
[325.114s][info][gc,phases,start] GC(502) Adjust Roots
[325.115s][info][gc,phases      ] GC(502) Adjust Roots 0.561ms
[325.115s][info][gc,phases,start] GC(502) Compaction Phase
[325.246s][info][gc,phases      ] GC(502) Compaction Phase 131.235ms
[325.246s][info][gc,phases,start] GC(502) Post Compact
[325.254s][info][gc,phases      ] GC(502) Post Compact 7.386ms
[325.254s][info][gc,heap        ] GC(502) PSYoungGen: 1048576K(1223168K)->72964K(1223168K) Eden: 1048576K(1048576K)->72964K(1048576K) From: 0K(174592K)->0K(174592K)
[325.254s][info][gc,heap        ] GC(502) ParOldGen: 2796497K(2796544K)->2796497K(2796544K)
[325.254s][info][gc,metaspace   ] GC(502) Metaspace: 10566K(10816K)->10566K(10816K) NonClass: 9531K(9664K)->9531K(9664K) Class: 1034K(1152K)->1034K(1152K)
[325.254s][info][gc             ] GC(502) Pause Full (Ergonomics) 3754M->2802M(3925M) 170.333ms
[325.254s][info][gc,cpu         ] GC(502) User=1.30s Sys=0.00s Real=0.17s
[325.715s][info][gc,start       ] GC(503) Pause Full (Ergonomics)
[325.715s][info][gc,phases,start] GC(503) Marking Phase
[325.745s][info][gc,phases      ] GC(503) Marking Phase 29.353ms
[325.745s][info][gc,phases,start] GC(503) Summary Phase
[325.745s][info][gc,phases      ] GC(503) Summary Phase 0.064ms
[325.745s][info][gc,phases,start] GC(503) Adjust Roots
[325.745s][info][gc,phases      ] GC(503) Adjust Roots 0.402ms
[325.745s][info][gc,phases,start] GC(503) Compaction Phase
[325.877s][info][gc,phases      ] GC(503) Compaction Phase 132.004ms
[325.877s][info][gc,phases,start] GC(503) Post Compact
[325.884s][info][gc,phases      ] GC(503) Post Compact 6.905ms
[325.884s][info][gc,heap        ] GC(503) PSYoungGen: 1048576K(1223168K)->72956K(1223168K) Eden: 1048576K(1048576K)->72956K(1048576K) From: 0K(174592K)->0K(174592K)
[325.884s][info][gc,heap        ] GC(503) ParOldGen: 2796497K(2796544K)->2796505K(2796544K)
[325.884s][info][gc,metaspace   ] GC(503) Metaspace: 10566K(10816K)->10566K(10816K) NonClass: 9531K(9664K)->9531K(9664K) Class: 1034K(1152K)->1034K(1152K)
[325.884s][info][gc             ] GC(503) Pause Full (Ergonomics) 3754M->2802M(3925M) 169.085ms
[325.884s][info][gc,cpu         ] GC(503) User=1.31s Sys=0.00s Real=0.17s
[326.353s][info][gc,start       ] GC(504) Pause Full (Ergonomics)
[326.353s][info][gc,phases,start] GC(504) Marking Phase
[326.385s][info][gc,phases      ] GC(504) Marking Phase 31.978ms
[326.385s][info][gc,phases,start] GC(504) Summary Phase
[326.385s][info][gc,phases      ] GC(504) Summary Phase 0.064ms
[326.385s][info][gc,phases,start] GC(504) Adjust Roots
[326.386s][info][gc,phases      ] GC(504) Adjust Roots 0.570ms
[326.386s][info][gc,phases,start] GC(504) Compaction Phase
[326.517s][info][gc,phases      ] GC(504) Compaction Phase 131.881ms
[326.518s][info][gc,phases,start] GC(504) Post Compact
[326.526s][info][gc,phases      ] GC(504) Post Compact 7.974ms
[326.526s][info][gc,heap        ] GC(504) PSYoungGen: 1048576K(1223168K)->72997K(1223168K) Eden: 1048576K(1048576K)->72997K(1048576K) From: 0K(174592K)->0K(174592K)
[326.526s][info][gc,heap        ] GC(504) ParOldGen: 2796505K(2796544K)->2796464K(2796544K)
[326.526s][info][gc,metaspace   ] GC(504) Metaspace: 10566K(10816K)->10566K(10816K) NonClass: 9531K(9664K)->9531K(9664K) Class: 1034K(1152K)->1034K(1152K)
[326.526s][info][gc             ] GC(504) Pause Full (Ergonomics) 3754M->2802M(3925M) 172.803ms
[326.526s][info][gc,cpu         ] GC(504) User=1.32s Sys=0.00s Real=0.18s
[326.993s][info][gc,start       ] GC(505) Pause Full (Ergonomics)
[326.993s][info][gc,phases,start] GC(505) Marking Phase
[327.022s][info][gc,phases      ] GC(505) Marking Phase 29.298ms
[327.023s][info][gc,phases,start] GC(505) Summary Phase
[327.023s][info][gc,phases      ] GC(505) Summary Phase 0.064ms
[327.023s][info][gc,phases,start] GC(505) Adjust Roots
[327.023s][info][gc,phases      ] GC(505) Adjust Roots 0.401ms
[327.023s][info][gc,phases,start] GC(505) Compaction Phase
[327.153s][info][gc,phases      ] GC(505) Compaction Phase 130.215ms
[327.153s][info][gc,phases,start] GC(505) Post Compact
[327.168s][info][gc,phases      ] GC(505) Post Compact 15.021ms
[327.168s][info][gc,heap        ] GC(505) PSYoungGen: 1048576K(1223168K)->72972K(1223168K) Eden: 1048576K(1048576K)->72972K(1048576K) From: 0K(174592K)->0K(174592K)
[327.168s][info][gc,heap        ] GC(505) ParOldGen: 2796464K(2796544K)->2796489K(2796544K)
[327.168s][info][gc,metaspace   ] GC(505) Metaspace: 10566K(10816K)->10566K(10816K) NonClass: 9531K(9664K)->9531K(9664K) Class: 1034K(1152K)->1034K(1152K)
[327.168s][info][gc             ] GC(505) Pause Full (Ergonomics) 3754M->2802M(3925M) 175.341ms
[327.168s][info][gc,cpu         ] GC(505) User=1.31s Sys=0.00s Real=0.18s
[327.644s][info][gc,start       ] GC(506) Pause Full (Ergonomics)
[327.644s][info][gc,phases,start] GC(506) Marking Phase
[327.674s][info][gc,phases      ] GC(506) Marking Phase 29.662ms
[327.674s][info][gc,phases,start] GC(506) Summary Phase
[327.674s][info][gc,phases      ] GC(506) Summary Phase 0.064ms
[327.674s][info][gc,phases,start] GC(506) Adjust Roots
[327.675s][info][gc,phases      ] GC(506) Adjust Roots 0.549ms
[327.675s][info][gc,phases,start] GC(506) Compaction Phase
[327.806s][info][gc,phases      ] GC(506) Compaction Phase 131.206ms
[327.806s][info][gc,phases,start] GC(506) Post Compact
[327.815s][info][gc,phases      ] GC(506) Post Compact 9.091ms
[327.815s][info][gc,heap        ] GC(506) PSYoungGen: 1048576K(1223168K)->72972K(1223168K) Eden: 1048576K(1048576K)->72972K(1048576K) From: 0K(174592K)->0K(174592K)
[327.815s][info][gc,heap        ] GC(506) ParOldGen: 2796489K(2796544K)->2796489K(2796544K)
[327.815s][info][gc,metaspace   ] GC(506) Metaspace: 10566K(10816K)->10566K(10816K) NonClass: 9531K(9664K)->9531K(9664K) Class: 1034K(1152K)->1034K(1152K)
[327.815s][info][gc             ] GC(506) Pause Full (Ergonomics) 3754M->2802M(3925M) 170.895ms
[327.815s][info][gc,cpu         ] GC(506) User=1.31s Sys=0.00s Real=0.17s
[328.288s][info][gc,start       ] GC(507) Pause Full (Ergonomics)
[328.288s][info][gc,phases,start] GC(507) Marking Phase
[328.320s][info][gc,phases      ] GC(507) Marking Phase 32.079ms
[328.320s][info][gc,phases,start] GC(507) Summary Phase
[328.320s][info][gc,phases      ] GC(507) Summary Phase 0.064ms
[328.320s][info][gc,phases,start] GC(507) Adjust Roots
[328.321s][info][gc,phases      ] GC(507) Adjust Roots 0.619ms
[328.321s][info][gc,phases,start] GC(507) Compaction Phase
[328.452s][info][gc,phases      ] GC(507) Compaction Phase 130.932ms
[328.452s][info][gc,phases,start] GC(507) Post Compact
[328.463s][info][gc,phases      ] GC(507) Post Compact 11.081ms
[328.463s][info][gc,heap        ] GC(507) PSYoungGen: 1048576K(1223168K)->72960K(1223168K) Eden: 1048576K(1048576K)->72960K(1048576K) From: 0K(174592K)->0K(174592K)
[328.463s][info][gc,heap        ] GC(507) ParOldGen: 2796489K(2796544K)->2796501K(2796544K)
[328.463s][info][gc,metaspace   ] GC(507) Metaspace: 10566K(10816K)->10566K(10816K) NonClass: 9531K(9664K)->9531K(9664K) Class: 1034K(1152K)->1034K(1152K)
[328.463s][info][gc             ] GC(507) Pause Full (Ergonomics) 3754M->2802M(3925M) 175.113ms
[328.463s][info][gc,cpu         ] GC(507) User=1.31s Sys=0.01s Real=0.18s
[328.932s][info][gc,start       ] GC(508) Pause Full (Ergonomics)
[328.932s][info][gc,phases,start] GC(508) Marking Phase
[328.962s][info][gc,phases      ] GC(508) Marking Phase 29.751ms
[328.962s][info][gc,phases,start] GC(508) Summary Phase
[328.962s][info][gc,phases      ] GC(508) Summary Phase 0.063ms
[328.962s][info][gc,phases,start] GC(508) Adjust Roots
[328.962s][info][gc,phases      ] GC(508) Adjust Roots 0.400ms
[328.962s][info][gc,phases,start] GC(508) Compaction Phase
[329.094s][info][gc,phases      ] GC(508) Compaction Phase 132.005ms
[329.095s][info][gc,phases,start] GC(508) Post Compact
[329.102s][info][gc,phases      ] GC(508) Post Compact 7.412ms
[329.102s][info][gc,heap        ] GC(508) PSYoungGen: 1048576K(1223168K)->72992K(1223168K) Eden: 1048576K(1048576K)->72992K(1048576K) From: 0K(174592K)->0K(174592K)
[329.102s][info][gc,heap        ] GC(508) ParOldGen: 2796501K(2796544K)->2796468K(2796544K)
[329.102s][info][gc,metaspace   ] GC(508) Metaspace: 10566K(10816K)->10566K(10816K) NonClass: 9531K(9664K)->9531K(9664K) Class: 1034K(1152K)->1034K(1152K)
[329.102s][info][gc             ] GC(508) Pause Full (Ergonomics) 3754M->2802M(3925M) 169.960ms
[329.102s][info][gc,cpu         ] GC(508) User=1.31s Sys=0.00s Real=0.18s
[329.571s][info][gc,start       ] GC(509) Pause Full (Ergonomics)
[329.571s][info][gc,phases,start] GC(509) Marking Phase
[329.601s][info][gc,phases      ] GC(509) Marking Phase 30.064ms
[329.601s][info][gc,phases,start] GC(509) Summary Phase
[329.601s][info][gc,phases      ] GC(509) Summary Phase 0.063ms
[329.601s][info][gc,phases,start] GC(509) Adjust Roots
[329.602s][info][gc,phases      ] GC(509) Adjust Roots 0.422ms
[329.602s][info][gc,phases,start] GC(509) Compaction Phase
[329.733s][info][gc,phases      ] GC(509) Compaction Phase 130.881ms
[329.733s][info][gc,phases,start] GC(509) Post Compact
[329.740s][info][gc,phases      ] GC(509) Post Compact 7.763ms
[329.741s][info][gc,heap        ] GC(509) PSYoungGen: 1048576K(1223168K)->72948K(1223168K) Eden: 1048576K(1048576K)->72948K(1048576K) From: 0K(174592K)->0K(174592K)
[329.741s][info][gc,heap        ] GC(509) ParOldGen: 2796468K(2796544K)->2796513K(2796544K)
[329.741s][info][gc,metaspace   ] GC(509) Metaspace: 10566K(10816K)->10566K(10816K) NonClass: 9531K(9664K)->9531K(9664K) Class: 1034K(1152K)->1034K(1152K)
[329.741s][info][gc             ] GC(509) Pause Full (Ergonomics) 3754M->2802M(3925M) 169.523ms
[329.741s][info][gc,cpu         ] GC(509) User=1.31s Sys=0.00s Real=0.17s
[330.213s][info][gc,start       ] GC(510) Pause Full (Ergonomics)
[330.213s][info][gc,phases,start] GC(510) Marking Phase
[330.243s][info][gc,phases      ] GC(510) Marking Phase 29.767ms
[330.243s][info][gc,phases,start] GC(510) Summary Phase
[330.243s][info][gc,phases      ] GC(510) Summary Phase 0.064ms
[330.243s][info][gc,phases,start] GC(510) Adjust Roots
[330.243s][info][gc,phases      ] GC(510) Adjust Roots 0.422ms
[330.243s][info][gc,phases,start] GC(510) Compaction Phase
[330.374s][info][gc,phases      ] GC(510) Compaction Phase 130.156ms
[330.374s][info][gc,phases,start] GC(510) Post Compact
[330.383s][info][gc,phases      ] GC(510) Post Compact 9.223ms
[330.383s][info][gc,heap        ] GC(510) PSYoungGen: 1048576K(1223168K)->72948K(1223168K) Eden: 1048576K(1048576K)->72948K(1048576K) From: 0K(174592K)->0K(174592K)
[330.383s][info][gc,heap        ] GC(510) ParOldGen: 2796513K(2796544K)->2796513K(2796544K)
[330.383s][info][gc,metaspace   ] GC(510) Metaspace: 10566K(10816K)->10566K(10816K) NonClass: 9531K(9664K)->9531K(9664K) Class: 1034K(1152K)->1034K(1152K)
[330.383s][info][gc             ] GC(510) Pause Full (Ergonomics) 3754M->2802M(3925M) 169.966ms
[330.383s][info][gc,cpu         ] GC(510) User=1.30s Sys=0.00s Real=0.18s
[330.856s][info][gc,start       ] GC(511) Pause Full (Ergonomics)
[330.856s][info][gc,phases,start] GC(511) Marking Phase
[330.889s][info][gc,phases      ] GC(511) Marking Phase 32.939ms
[330.889s][info][gc,phases,start] GC(511) Summary Phase
[330.889s][info][gc,phases      ] GC(511) Summary Phase 0.064ms
[330.889s][info][gc,phases,start] GC(511) Adjust Roots
[330.889s][info][gc,phases      ] GC(511) Adjust Roots 0.419ms
[330.889s][info][gc,phases,start] GC(511) Compaction Phase
[331.020s][info][gc,phases      ] GC(511) Compaction Phase 130.816ms
[331.020s][info][gc,phases,start] GC(511) Post Compact
[331.027s][info][gc,phases      ] GC(511) Post Compact 7.260ms
[331.027s][info][gc,heap        ] GC(511) PSYoungGen: 1048576K(1223168K)->72972K(1223168K) Eden: 1048576K(1048576K)->72972K(1048576K) From: 0K(174592K)->0K(174592K)
[331.027s][info][gc,heap        ] GC(511) ParOldGen: 2796513K(2796544K)->2796489K(2796544K)
[331.027s][info][gc,metaspace   ] GC(511) Metaspace: 10566K(10816K)->10566K(10816K) NonClass: 9531K(9664K)->9531K(9664K) Class: 1034K(1152K)->1034K(1152K)
[331.027s][info][gc             ] GC(511) Pause Full (Ergonomics) 3754M->2802M(3925M) 171.827ms
[331.027s][info][gc,cpu         ] GC(511) User=1.31s Sys=0.00s Real=0.17s
[331.487s][info][gc,start       ] GC(512) Pause Full (Ergonomics)
[331.487s][info][gc,phases,start] GC(512) Marking Phase
[331.518s][info][gc,phases      ] GC(512) Marking Phase 30.696ms
[331.518s][info][gc,phases,start] GC(512) Summary Phase
[331.518s][info][gc,phases      ] GC(512) Summary Phase 0.064ms
[331.518s][info][gc,phases,start] GC(512) Adjust Roots
[331.518s][info][gc,phases      ] GC(512) Adjust Roots 0.559ms
[331.518s][info][gc,phases,start] GC(512) Compaction Phase
[331.650s][info][gc,phases      ] GC(512) Compaction Phase 131.956ms
[331.650s][info][gc,phases,start] GC(512) Post Compact
[331.657s][info][gc,phases      ] GC(512) Post Compact 6.966ms
[331.657s][info][gc,heap        ] GC(512) PSYoungGen: 1048576K(1223168K)->72972K(1223168K) Eden: 1048576K(1048576K)->72972K(1048576K) From: 0K(174592K)->0K(174592K)
[331.657s][info][gc,heap        ] GC(512) ParOldGen: 2796489K(2796544K)->2796489K(2796544K)
[331.657s][info][gc,metaspace   ] GC(512) Metaspace: 10566K(10816K)->10566K(10816K) NonClass: 9531K(9664K)->9531K(9664K) Class: 1034K(1152K)->1034K(1152K)
[331.657s][info][gc             ] GC(512) Pause Full (Ergonomics) 3754M->2802M(3925M) 170.565ms
[331.657s][info][gc,cpu         ] GC(512) User=1.30s Sys=0.01s Real=0.17s
[332.125s][info][gc,start       ] GC(513) Pause Full (Ergonomics)
[332.125s][info][gc,phases,start] GC(513) Marking Phase
[332.155s][info][gc,phases      ] GC(513) Marking Phase 30.090ms
[332.155s][info][gc,phases,start] GC(513) Summary Phase
[332.156s][info][gc,phases      ] GC(513) Summary Phase 0.064ms
[332.156s][info][gc,phases,start] GC(513) Adjust Roots
[332.156s][info][gc,phases      ] GC(513) Adjust Roots 0.549ms
[332.156s][info][gc,phases,start] GC(513) Compaction Phase
[332.287s][info][gc,phases      ] GC(513) Compaction Phase 131.168ms
[332.287s][info][gc,phases,start] GC(513) Post Compact
[332.298s][info][gc,phases      ] GC(513) Post Compact 11.148ms
[332.299s][info][gc,heap        ] GC(513) PSYoungGen: 1048576K(1223168K)->72968K(1223168K) Eden: 1048576K(1048576K)->72968K(1048576K) From: 0K(174592K)->0K(174592K)
[332.299s][info][gc,heap        ] GC(513) ParOldGen: 2796489K(2796544K)->2796493K(2796544K)
[332.299s][info][gc,metaspace   ] GC(513) Metaspace: 10566K(10816K)->10566K(10816K) NonClass: 9531K(9664K)->9531K(9664K) Class: 1034K(1152K)->1034K(1152K)
[332.299s][info][gc             ] GC(513) Pause Full (Ergonomics) 3754M->2802M(3925M) 173.383ms
[332.299s][info][gc,cpu         ] GC(513) User=1.32s Sys=0.00s Real=0.17s
[332.764s][info][gc,start       ] GC(514) Pause Full (Ergonomics)
[332.764s][info][gc,phases,start] GC(514) Marking Phase
[332.795s][info][gc,phases      ] GC(514) Marking Phase 30.971ms
[332.795s][info][gc,phases,start] GC(514) Summary Phase
[332.795s][info][gc,phases      ] GC(514) Summary Phase 0.062ms
[332.795s][info][gc,phases,start] GC(514) Adjust Roots
[332.795s][info][gc,phases      ] GC(514) Adjust Roots 0.553ms
[332.795s][info][gc,phases,start] GC(514) Compaction Phase
[332.927s][info][gc,phases      ] GC(514) Compaction Phase 131.475ms
[332.927s][info][gc,phases,start] GC(514) Post Compact
[332.938s][info][gc,phases      ] GC(514) Post Compact 10.978ms
[332.938s][info][gc,heap        ] GC(514) PSYoungGen: 1048576K(1223168K)->72976K(1223168K) Eden: 1048576K(1048576K)->72976K(1048576K) From: 0K(174592K)->0K(174592K)
[332.938s][info][gc,heap        ] GC(514) ParOldGen: 2796493K(2796544K)->2796484K(2796544K)
[332.938s][info][gc,metaspace   ] GC(514) Metaspace: 10566K(10816K)->10566K(10816K) NonClass: 9531K(9664K)->9531K(9664K) Class: 1034K(1152K)->1034K(1152K)
[332.938s][info][gc             ] GC(514) Pause Full (Ergonomics) 3754M->2802M(3925M) 174.374ms
[332.938s][info][gc,cpu         ] GC(514) User=1.32s Sys=0.00s Real=0.17s
[333.408s][info][gc,start       ] GC(515) Pause Full (Ergonomics)
[333.408s][info][gc,phases,start] GC(515) Marking Phase
[333.439s][info][gc,phases      ] GC(515) Marking Phase 30.639ms
[333.439s][info][gc,phases,start] GC(515) Summary Phase
[333.439s][info][gc,phases      ] GC(515) Summary Phase 0.064ms
[333.439s][info][gc,phases,start] GC(515) Adjust Roots
[333.439s][info][gc,phases      ] GC(515) Adjust Roots 0.403ms
[333.439s][info][gc,phases,start] GC(515) Compaction Phase
[333.571s][info][gc,phases      ] GC(515) Compaction Phase 131.046ms
[333.571s][info][gc,phases,start] GC(515) Post Compact
[333.581s][info][gc,phases      ] GC(515) Post Compact 10.007ms
[333.581s][info][gc,heap        ] GC(515) PSYoungGen: 1048576K(1223168K)->72923K(1223168K) Eden: 1048576K(1048576K)->72923K(1048576K) From: 0K(174592K)->0K(174592K)
[333.581s][info][gc,heap        ] GC(515) ParOldGen: 2796484K(2796544K)->2796537K(2796544K)
[333.581s][info][gc,metaspace   ] GC(515) Metaspace: 10566K(10816K)->10566K(10816K) NonClass: 9531K(9664K)->9531K(9664K) Class: 1034K(1152K)->1034K(1152K)
[333.581s][info][gc             ] GC(515) Pause Full (Ergonomics) 3754M->2802M(3925M) 172.496ms
[333.581s][info][gc,cpu         ] GC(515) User=1.31s Sys=0.00s Real=0.17s
[334.046s][info][gc,start       ] GC(516) Pause Full (Ergonomics)
[334.046s][info][gc,phases,start] GC(516) Marking Phase
[334.076s][info][gc,phases      ] GC(516) Marking Phase 29.985ms
[334.076s][info][gc,phases,start] GC(516) Summary Phase
[334.076s][info][gc,phases      ] GC(516) Summary Phase 0.064ms
[334.076s][info][gc,phases,start] GC(516) Adjust Roots
[334.076s][info][gc,phases      ] GC(516) Adjust Roots 0.413ms
[334.076s][info][gc,phases,start] GC(516) Compaction Phase
[334.208s][info][gc,phases      ] GC(516) Compaction Phase 131.551ms
[334.208s][info][gc,phases,start] GC(516) Post Compact
[334.217s][info][gc,phases      ] GC(516) Post Compact 8.943ms
[334.217s][info][gc,heap        ] GC(516) PSYoungGen: 1048576K(1223168K)->72935K(1223168K) Eden: 1048576K(1048576K)->72935K(1048576K) From: 0K(174592K)->0K(174592K)
[334.217s][info][gc,heap        ] GC(516) ParOldGen: 2796537K(2796544K)->2796525K(2796544K)
[334.217s][info][gc,metaspace   ] GC(516) Metaspace: 10566K(10816K)->10566K(10816K) NonClass: 9531K(9664K)->9531K(9664K) Class: 1034K(1152K)->1034K(1152K)
[334.217s][info][gc             ] GC(516) Pause Full (Ergonomics) 3754M->2802M(3925M) 171.306ms
[334.217s][info][gc,cpu         ] GC(516) User=1.30s Sys=0.00s Real=0.17s
[334.691s][info][gc,start       ] GC(517) Pause Full (Ergonomics)
[334.691s][info][gc,phases,start] GC(517) Marking Phase
[334.721s][info][gc,phases      ] GC(517) Marking Phase 30.077ms
[334.721s][info][gc,phases,start] GC(517) Summary Phase
[334.722s][info][gc,phases      ] GC(517) Summary Phase 0.064ms
[334.722s][info][gc,phases,start] GC(517) Adjust Roots
[334.722s][info][gc,phases      ] GC(517) Adjust Roots 0.404ms
[334.722s][info][gc,phases,start] GC(517) Compaction Phase
[334.853s][info][gc,phases      ] GC(517) Compaction Phase 131.082ms
[334.853s][info][gc,phases,start] GC(517) Post Compact
[334.862s][info][gc,phases      ] GC(517) Post Compact 8.946ms
[334.862s][info][gc,heap        ] GC(517) PSYoungGen: 1048576K(1223168K)->72948K(1223168K) Eden: 1048576K(1048576K)->72948K(1048576K) From: 0K(174592K)->0K(174592K)
[334.862s][info][gc,heap        ] GC(517) ParOldGen: 2796525K(2796544K)->2796513K(2796544K)
[334.862s][info][gc,metaspace   ] GC(517) Metaspace: 10566K(10816K)->10566K(10816K) NonClass: 9531K(9664K)->9531K(9664K) Class: 1034K(1152K)->1034K(1152K)
[334.862s][info][gc             ] GC(517) Pause Full (Ergonomics) 3754M->2802M(3925M) 170.917ms
[334.862s][info][gc,cpu         ] GC(517) User=1.31s Sys=0.00s Real=0.18s
[335.328s][info][gc,start       ] GC(518) Pause Full (Ergonomics)
[335.328s][info][gc,phases,start] GC(518) Marking Phase
[335.358s][info][gc,phases      ] GC(518) Marking Phase 29.980ms
[335.358s][info][gc,phases,start] GC(518) Summary Phase
[335.358s][info][gc,phases      ] GC(518) Summary Phase 0.063ms
[335.358s][info][gc,phases,start] GC(518) Adjust Roots
[335.359s][info][gc,phases      ] GC(518) Adjust Roots 0.554ms
[335.359s][info][gc,phases,start] GC(518) Compaction Phase
[335.490s][info][gc,phases      ] GC(518) Compaction Phase 131.710ms
[335.491s][info][gc,phases,start] GC(518) Post Compact
[335.498s][info][gc,phases      ] GC(518) Post Compact 7.330ms
[335.498s][info][gc,heap        ] GC(518) PSYoungGen: 1048576K(1223168K)->72976K(1223168K) Eden: 1048576K(1048576K)->72976K(1048576K) From: 0K(174592K)->0K(174592K)
[335.498s][info][gc,heap        ] GC(518) ParOldGen: 2796513K(2796544K)->2796484K(2796544K)
[335.498s][info][gc,metaspace   ] GC(518) Metaspace: 10566K(10816K)->10566K(10816K) NonClass: 9531K(9664K)->9531K(9664K) Class: 1034K(1152K)->1034K(1152K)
[335.498s][info][gc             ] GC(518) Pause Full (Ergonomics) 3754M->2802M(3925M) 169.965ms
[335.498s][info][gc,cpu         ] GC(518) User=1.31s Sys=0.00s Real=0.17s
[335.962s][info][gc,start       ] GC(519) Pause Full (Ergonomics)
[335.962s][info][gc,phases,start] GC(519) Marking Phase
[335.993s][info][gc,phases      ] GC(519) Marking Phase 30.563ms
[335.993s][info][gc,phases,start] GC(519) Summary Phase
[335.993s][info][gc,phases      ] GC(519) Summary Phase 0.064ms
[335.993s][info][gc,phases,start] GC(519) Adjust Roots
[335.993s][info][gc,phases      ] GC(519) Adjust Roots 0.552ms
[335.993s][info][gc,phases,start] GC(519) Compaction Phase
[336.125s][info][gc,phases      ] GC(519) Compaction Phase 131.435ms
[336.125s][info][gc,phases,start] GC(519) Post Compact
[336.133s][info][gc,phases      ] GC(519) Post Compact 7.895ms
[336.137s][info][gc,heap        ] GC(519) PSYoungGen: 1048576K(1223168K)->72968K(1223168K) Eden: 1048576K(1048576K)->72968K(1048576K) From: 0K(174592K)->0K(174592K)
[336.137s][info][gc,heap        ] GC(519) ParOldGen: 2796484K(2796544K)->2796493K(2796544K)
[336.137s][info][gc,metaspace   ] GC(519) Metaspace: 10566K(10816K)->10566K(10816K) NonClass: 9531K(9664K)->9531K(9664K) Class: 1034K(1152K)->1034K(1152K)
[336.138s][info][gc             ] GC(519) Pause Full (Ergonomics) 3754M->2802M(3925M) 175.471ms
[336.138s][info][gc,cpu         ] GC(519) User=1.31s Sys=0.00s Real=0.17s
[336.604s][info][gc,start       ] GC(520) Pause Full (Ergonomics)
[336.604s][info][gc,phases,start] GC(520) Marking Phase
[336.636s][info][gc,phases      ] GC(520) Marking Phase 31.744ms
[336.636s][info][gc,phases,start] GC(520) Summary Phase
[336.636s][info][gc,phases      ] GC(520) Summary Phase 0.065ms
[336.636s][info][gc,phases,start] GC(520) Adjust Roots
[336.636s][info][gc,phases      ] GC(520) Adjust Roots 0.403ms
[336.636s][info][gc,phases,start] GC(520) Compaction Phase
[336.768s][info][gc,phases      ] GC(520) Compaction Phase 131.623ms
[336.768s][info][gc,phases,start] GC(520) Post Compact
[336.777s][info][gc,phases      ] GC(520) Post Compact 9.111ms
[336.777s][info][gc,heap        ] GC(520) PSYoungGen: 1048576K(1223168K)->72952K(1223168K) Eden: 1048576K(1048576K)->72952K(1048576K) From: 0K(174592K)->0K(174592K)
[336.777s][info][gc,heap        ] GC(520) ParOldGen: 2796493K(2796544K)->2796509K(2796544K)
[336.777s][info][gc,metaspace   ] GC(520) Metaspace: 10566K(10816K)->10566K(10816K) NonClass: 9531K(9664K)->9531K(9664K) Class: 1034K(1152K)->1034K(1152K)
[336.777s][info][gc             ] GC(520) Pause Full (Ergonomics) 3754M->2802M(3925M) 173.292ms
[336.777s][info][gc,cpu         ] GC(520) User=1.31s Sys=0.00s Real=0.17s
[337.244s][info][gc,start       ] GC(521) Pause Full (Ergonomics)
[337.244s][info][gc,phases,start] GC(521) Marking Phase
[337.273s][info][gc,phases      ] GC(521) Marking Phase 29.685ms
[337.273s][info][gc,phases,start] GC(521) Summary Phase
[337.274s][info][gc,phases      ] GC(521) Summary Phase 0.064ms
[337.274s][info][gc,phases,start] GC(521) Adjust Roots
[337.274s][info][gc,phases      ] GC(521) Adjust Roots 0.402ms
[337.274s][info][gc,phases,start] GC(521) Compaction Phase
[337.405s][info][gc,phases      ] GC(521) Compaction Phase 130.774ms
[337.405s][info][gc,phases,start] GC(521) Post Compact
[337.418s][info][gc,phases      ] GC(521) Post Compact 12.952ms
[337.418s][info][gc,heap        ] GC(521) PSYoungGen: 1048576K(1223168K)->72956K(1223168K) Eden: 1048576K(1048576K)->72956K(1048576K) From: 0K(174592K)->0K(174592K)
[337.418s][info][gc,heap        ] GC(521) ParOldGen: 2796509K(2796544K)->2796505K(2796544K)
[337.418s][info][gc,metaspace   ] GC(521) Metaspace: 10566K(10816K)->10566K(10816K) NonClass: 9531K(9664K)->9531K(9664K) Class: 1034K(1152K)->1034K(1152K)
[337.418s][info][gc             ] GC(521) Pause Full (Ergonomics) 3754M->2802M(3925M) 174.235ms
[337.418s][info][gc,cpu         ] GC(521) User=1.31s Sys=0.00s Real=0.17s
[337.887s][info][gc,start       ] GC(522) Pause Full (Ergonomics)
[337.887s][info][gc,phases,start] GC(522) Marking Phase
[337.917s][info][gc,phases      ] GC(522) Marking Phase 29.650ms
[337.917s][info][gc,phases,start] GC(522) Summary Phase
[337.917s][info][gc,phases      ] GC(522) Summary Phase 0.064ms
[337.917s][info][gc,phases,start] GC(522) Adjust Roots
[337.917s][info][gc,phases      ] GC(522) Adjust Roots 0.546ms
[337.917s][info][gc,phases,start] GC(522) Compaction Phase
[338.049s][info][gc,phases      ] GC(522) Compaction Phase 131.884ms
[338.049s][info][gc,phases,start] GC(522) Post Compact
[338.056s][info][gc,phases      ] GC(522) Post Compact 6.654ms
[338.056s][info][gc,heap        ] GC(522) PSYoungGen: 1048576K(1223168K)->72952K(1223168K) Eden: 1048576K(1048576K)->72952K(1048576K) From: 0K(174592K)->0K(174592K)
[338.056s][info][gc,heap        ] GC(522) ParOldGen: 2796505K(2796544K)->2796509K(2796544K)
[338.056s][info][gc,metaspace   ] GC(522) Metaspace: 10566K(10816K)->10566K(10816K) NonClass: 9531K(9664K)->9531K(9664K) Class: 1034K(1152K)->1034K(1152K)
[338.056s][info][gc             ] GC(522) Pause Full (Ergonomics) 3754M->2802M(3925M) 169.130ms
[338.056s][info][gc,cpu         ] GC(522) User=1.30s Sys=0.01s Real=0.17s
[338.523s][info][gc,start       ] GC(523) Pause Full (Ergonomics)
[338.523s][info][gc,phases,start] GC(523) Marking Phase
[338.553s][info][gc,phases      ] GC(523) Marking Phase 30.047ms
[338.553s][info][gc,phases,start] GC(523) Summary Phase
[338.553s][info][gc,phases      ] GC(523) Summary Phase 0.064ms
[338.553s][info][gc,phases,start] GC(523) Adjust Roots
[338.554s][info][gc,phases      ] GC(523) Adjust Roots 0.409ms
[338.554s][info][gc,phases,start] GC(523) Compaction Phase
[338.685s][info][gc,phases      ] GC(523) Compaction Phase 131.007ms
[338.685s][info][gc,phases,start] GC(523) Post Compact
[338.692s][info][gc,phases      ] GC(523) Post Compact 7.661ms
[338.692s][info][gc,heap        ] GC(523) PSYoungGen: 1048576K(1223168K)->72923K(1223168K) Eden: 1048576K(1048576K)->72923K(1048576K) From: 0K(174592K)->0K(174592K)
[338.692s][info][gc,heap        ] GC(523) ParOldGen: 2796509K(2796544K)->2796537K(2796544K)
[338.692s][info][gc,metaspace   ] GC(523) Metaspace: 10566K(10816K)->10566K(10816K) NonClass: 9531K(9664K)->9531K(9664K) Class: 1034K(1152K)->1034K(1152K)
[338.692s][info][gc             ] GC(523) Pause Full (Ergonomics) 3754M->2802M(3925M) 169.539ms
[338.692s][info][gc,cpu         ] GC(523) User=1.31s Sys=0.00s Real=0.16s
[339.170s][info][gc,start       ] GC(524) Pause Full (Ergonomics)
[339.170s][info][gc,phases,start] GC(524) Marking Phase
[339.202s][info][gc,phases      ] GC(524) Marking Phase 31.653ms
[339.202s][info][gc,phases,start] GC(524) Summary Phase
[339.202s][info][gc,phases      ] GC(524) Summary Phase 0.065ms
[339.202s][info][gc,phases,start] GC(524) Adjust Roots
[339.202s][info][gc,phases      ] GC(524) Adjust Roots 0.552ms
[339.202s][info][gc,phases,start] GC(524) Compaction Phase
[339.334s][info][gc,phases      ] GC(524) Compaction Phase 131.920ms
[339.334s][info][gc,phases,start] GC(524) Post Compact
[339.342s][info][gc,phases      ] GC(524) Post Compact 7.168ms
[339.342s][info][gc,heap        ] GC(524) PSYoungGen: 1048576K(1223168K)->72988K(1223168K) Eden: 1048576K(1048576K)->72988K(1048576K) From: 0K(174592K)->0K(174592K)
[339.342s][info][gc,heap        ] GC(524) ParOldGen: 2796537K(2796544K)->2796472K(2796544K)
[339.342s][info][gc,metaspace   ] GC(524) Metaspace: 10566K(10816K)->10566K(10816K) NonClass: 9531K(9664K)->9531K(9664K) Class: 1034K(1152K)->1034K(1152K)
[339.342s][info][gc             ] GC(524) Pause Full (Ergonomics) 3754M->2802M(3925M) 171.691ms
[339.342s][info][gc,cpu         ] GC(524) User=1.32s Sys=0.00s Real=0.18s
[339.819s][info][gc,start       ] GC(525) Pause Full (Ergonomics)
[339.819s][info][gc,phases,start] GC(525) Marking Phase
[339.850s][info][gc,phases      ] GC(525) Marking Phase 30.559ms
[339.850s][info][gc,phases,start] GC(525) Summary Phase
[339.850s][info][gc,phases      ] GC(525) Summary Phase 0.064ms
[339.850s][info][gc,phases,start] GC(525) Adjust Roots
[339.850s][info][gc,phases      ] GC(525) Adjust Roots 0.403ms
[339.851s][info][gc,phases,start] GC(525) Compaction Phase
[339.982s][info][gc,phases      ] GC(525) Compaction Phase 131.042ms
[339.982s][info][gc,phases,start] GC(525) Post Compact
[339.991s][info][gc,phases      ] GC(525) Post Compact 9.004ms
[339.991s][info][gc,heap        ] GC(525) PSYoungGen: 1048576K(1223168K)->72980K(1223168K) Eden: 1048576K(1048576K)->72980K(1048576K) From: 0K(174592K)->0K(174592K)
[339.991s][info][gc,heap        ] GC(525) ParOldGen: 2796472K(2796544K)->2796480K(2796544K)
[339.991s][info][gc,metaspace   ] GC(525) Metaspace: 10566K(10816K)->10566K(10816K) NonClass: 9531K(9664K)->9531K(9664K) Class: 1034K(1152K)->1034K(1152K)
[339.991s][info][gc             ] GC(525) Pause Full (Ergonomics) 3754M->2802M(3925M) 171.402ms
[339.991s][info][gc,cpu         ] GC(525) User=1.31s Sys=0.00s Real=0.17s
[340.461s][info][gc,start       ] GC(526) Pause Full (Ergonomics)
[340.461s][info][gc,phases,start] GC(526) Marking Phase
[340.491s][info][gc,phases      ] GC(526) Marking Phase 29.403ms
[340.491s][info][gc,phases,start] GC(526) Summary Phase
[340.491s][info][gc,phases      ] GC(526) Summary Phase 0.064ms
[340.491s][info][gc,phases,start] GC(526) Adjust Roots
[340.492s][info][gc,phases      ] GC(526) Adjust Roots 0.548ms
[340.492s][info][gc,phases,start] GC(526) Compaction Phase
[340.623s][info][gc,phases      ] GC(526) Compaction Phase 131.397ms
[340.623s][info][gc,phases,start] GC(526) Post Compact
[340.634s][info][gc,phases      ] GC(526) Post Compact 11.035ms
[340.634s][info][gc,heap        ] GC(526) PSYoungGen: 1048576K(1223168K)->72972K(1223168K) Eden: 1048576K(1048576K)->72972K(1048576K) From: 0K(174592K)->0K(174592K)
[340.634s][info][gc,heap        ] GC(526) ParOldGen: 2796480K(2796544K)->2796489K(2796544K)
[340.634s][info][gc,metaspace   ] GC(526) Metaspace: 10566K(10816K)->10566K(10816K) NonClass: 9531K(9664K)->9531K(9664K) Class: 1034K(1152K)->1034K(1152K)
[340.634s][info][gc             ] GC(526) Pause Full (Ergonomics) 3754M->2802M(3925M) 172.806ms
[340.634s][info][gc,cpu         ] GC(526) User=1.31s Sys=0.00s Real=0.18s
[341.100s][info][gc,start       ] GC(527) Pause Full (Ergonomics)
[341.100s][info][gc,phases,start] GC(527) Marking Phase
[341.131s][info][gc,phases      ] GC(527) Marking Phase 30.614ms
[341.131s][info][gc,phases,start] GC(527) Summary Phase
[341.131s][info][gc,phases      ] GC(527) Summary Phase 0.063ms
[341.139s][info][gc,phases,start] GC(527) Adjust Roots
[341.140s][info][gc,phases      ] GC(527) Adjust Roots 0.995ms
[341.140s][info][gc,phases,start] GC(527) Compaction Phase
[341.272s][info][gc,phases      ] GC(527) Compaction Phase 131.469ms
[341.272s][info][gc,phases,start] GC(527) Post Compact
[341.280s][info][gc,phases      ] GC(527) Post Compact 7.783ms
[341.280s][info][gc,heap        ] GC(527) PSYoungGen: 1048576K(1223168K)->72940K(1223168K) Eden: 1048576K(1048576K)->72940K(1048576K) From: 0K(174592K)->0K(174592K)
[341.280s][info][gc,heap        ] GC(527) ParOldGen: 2796489K(2796544K)->2796521K(2796544K)
[341.280s][info][gc,metaspace   ] GC(527) Metaspace: 10566K(10816K)->10566K(10816K) NonClass: 9531K(9664K)->9531K(9664K) Class: 1034K(1152K)->1034K(1152K)
[341.280s][info][gc             ] GC(527) Pause Full (Ergonomics) 3754M->2802M(3925M) 179.857ms
[341.280s][info][gc,cpu         ] GC(527) User=1.31s Sys=0.01s Real=0.18s
[341.750s][info][gc,start       ] GC(528) Pause Full (Ergonomics)
[341.750s][info][gc,phases,start] GC(528) Marking Phase
[341.782s][info][gc,phases      ] GC(528) Marking Phase 31.651ms
[341.782s][info][gc,phases,start] GC(528) Summary Phase
[341.782s][info][gc,phases      ] GC(528) Summary Phase 0.065ms
[341.782s][info][gc,phases,start] GC(528) Adjust Roots
[341.782s][info][gc,phases      ] GC(528) Adjust Roots 0.399ms
[341.782s][info][gc,phases,start] GC(528) Compaction Phase
[341.913s][info][gc,phases      ] GC(528) Compaction Phase 131.309ms
[341.913s][info][gc,phases,start] GC(528) Post Compact
[341.920s][info][gc,phases      ] GC(528) Post Compact 6.754ms
[341.920s][info][gc,heap        ] GC(528) PSYoungGen: 1048576K(1223168K)->72996K(1223168K) Eden: 1048576K(1048576K)->72996K(1048576K) From: 0K(174592K)->0K(174592K)
[341.920s][info][gc,heap        ] GC(528) ParOldGen: 2796521K(2796544K)->2796464K(2796544K)
[341.920s][info][gc,metaspace   ] GC(528) Metaspace: 10566K(10816K)->10566K(10816K) NonClass: 9531K(9664K)->9531K(9664K) Class: 1034K(1152K)->1034K(1152K)
[341.920s][info][gc             ] GC(528) Pause Full (Ergonomics) 3754M->2802M(3925M) 170.525ms
[341.920s][info][gc,cpu         ] GC(528) User=1.30s Sys=0.00s Real=0.17s
[342.379s][info][gc,start       ] GC(529) Pause Full (Ergonomics)
[342.379s][info][gc,phases,start] GC(529) Marking Phase
[342.411s][info][gc,phases      ] GC(529) Marking Phase 31.554ms
[342.411s][info][gc,phases,start] GC(529) Summary Phase
[342.411s][info][gc,phases      ] GC(529) Summary Phase 0.065ms
[342.411s][info][gc,phases,start] GC(529) Adjust Roots
[342.412s][info][gc,phases      ] GC(529) Adjust Roots 0.553ms
[342.412s][info][gc,phases,start] GC(529) Compaction Phase
[342.543s][info][gc,phases      ] GC(529) Compaction Phase 131.443ms
[342.543s][info][gc,phases,start] GC(529) Post Compact
[342.554s][info][gc,phases      ] GC(529) Post Compact 10.514ms
[342.554s][info][gc,heap        ] GC(529) PSYoungGen: 1048576K(1223168K)->72988K(1223168K) Eden: 1048576K(1048576K)->72988K(1048576K) From: 0K(174592K)->0K(174592K)
[342.554s][info][gc,heap        ] GC(529) ParOldGen: 2796464K(2796544K)->2796472K(2796544K)
[342.554s][info][gc,metaspace   ] GC(529) Metaspace: 10566K(10816K)->10566K(10816K) NonClass: 9531K(9664K)->9531K(9664K) Class: 1034K(1152K)->1034K(1152K)
[342.554s][info][gc             ] GC(529) Pause Full (Ergonomics) 3754M->2802M(3925M) 174.496ms
[342.554s][info][gc,cpu         ] GC(529) User=1.32s Sys=0.00s Real=0.18s
[343.022s][info][gc,start       ] GC(530) Pause Full (Ergonomics)
[343.022s][info][gc,phases,start] GC(530) Marking Phase
[343.052s][info][gc,phases      ] GC(530) Marking Phase 30.145ms
[343.052s][info][gc,phases,start] GC(530) Summary Phase
[343.052s][info][gc,phases      ] GC(530) Summary Phase 0.064ms
[343.052s][info][gc,phases,start] GC(530) Adjust Roots
[343.053s][info][gc,phases      ] GC(530) Adjust Roots 0.405ms
[343.053s][info][gc,phases,start] GC(530) Compaction Phase
[343.184s][info][gc,phases      ] GC(530) Compaction Phase 131.277ms
[343.184s][info][gc,phases,start] GC(530) Post Compact
[343.190s][info][gc,phases      ] GC(530) Post Compact 5.852ms
[343.190s][info][gc,heap        ] GC(530) PSYoungGen: 1048576K(1223168K)->72948K(1223168K) Eden: 1048576K(1048576K)->72948K(1048576K) From: 0K(174592K)->0K(174592K)
[343.190s][info][gc,heap        ] GC(530) ParOldGen: 2796472K(2796544K)->2796513K(2796544K)
[343.190s][info][gc,metaspace   ] GC(530) Metaspace: 10566K(10816K)->10566K(10816K) NonClass: 9531K(9664K)->9531K(9664K) Class: 1034K(1152K)->1034K(1152K)
[343.190s][info][gc             ] GC(530) Pause Full (Ergonomics) 3754M->2802M(3925M) 168.079ms
[343.190s][info][gc,cpu         ] GC(530) User=1.30s Sys=0.00s Real=0.16s
[343.665s][info][gc,start       ] GC(531) Pause Full (Ergonomics)
[343.665s][info][gc,phases,start] GC(531) Marking Phase
[343.695s][info][gc,phases      ] GC(531) Marking Phase 29.989ms
[343.696s][info][gc,phases,start] GC(531) Summary Phase
[343.696s][info][gc,phases      ] GC(531) Summary Phase 0.064ms
[343.696s][info][gc,phases,start] GC(531) Adjust Roots
[343.696s][info][gc,phases      ] GC(531) Adjust Roots 0.561ms
[343.696s][info][gc,phases,start] GC(531) Compaction Phase
[343.828s][info][gc,phases      ] GC(531) Compaction Phase 131.604ms
[343.828s][info][gc,phases,start] GC(531) Post Compact
[343.835s][info][gc,phases      ] GC(531) Post Compact 6.762ms
[343.835s][info][gc,heap        ] GC(531) PSYoungGen: 1048576K(1223168K)->72956K(1223168K) Eden: 1048576K(1048576K)->72956K(1048576K) From: 0K(174592K)->0K(174592K)
[343.835s][info][gc,heap        ] GC(531) ParOldGen: 2796513K(2796544K)->2796505K(2796544K)
[343.835s][info][gc,metaspace   ] GC(531) Metaspace: 10566K(10816K)->10566K(10816K) NonClass: 9531K(9664K)->9531K(9664K) Class: 1034K(1152K)->1034K(1152K)
[343.835s][info][gc             ] GC(531) Pause Full (Ergonomics) 3754M->2802M(3925M) 169.334ms
[343.835s][info][gc,cpu         ] GC(531) User=1.30s Sys=0.01s Real=0.17s
[344.307s][info][gc,start       ] GC(532) Pause Full (Ergonomics)
[344.307s][info][gc,phases,start] GC(532) Marking Phase
[344.339s][info][gc,phases      ] GC(532) Marking Phase 32.019ms
[344.340s][info][gc,phases,start] GC(532) Summary Phase
[344.340s][info][gc,phases      ] GC(532) Summary Phase 0.065ms
[344.340s][info][gc,phases,start] GC(532) Adjust Roots
[344.340s][info][gc,phases      ] GC(532) Adjust Roots 0.402ms
[344.340s][info][gc,phases,start] GC(532) Compaction Phase
[344.472s][info][gc,phases      ] GC(532) Compaction Phase 131.545ms
[344.472s][info][gc,phases,start] GC(532) Post Compact
[344.480s][info][gc,phases      ] GC(532) Post Compact 8.774ms
[344.480s][info][gc,heap        ] GC(532) PSYoungGen: 1048576K(1223168K)->72948K(1223168K) Eden: 1048576K(1048576K)->72948K(1048576K) From: 0K(174592K)->0K(174592K)
[344.481s][info][gc,heap        ] GC(532) ParOldGen: 2796505K(2796544K)->2796513K(2796544K)
[344.481s][info][gc,metaspace   ] GC(532) Metaspace: 10566K(10816K)->10566K(10816K) NonClass: 9531K(9664K)->9531K(9664K) Class: 1034K(1152K)->1034K(1152K)
[344.481s][info][gc             ] GC(532) Pause Full (Ergonomics) 3754M->2802M(3925M) 173.135ms
[344.481s][info][gc,cpu         ] GC(532) User=1.31s Sys=0.00s Real=0.17s
[344.941s][info][gc,start       ] GC(533) Pause Full (Ergonomics)
[344.941s][info][gc,phases,start] GC(533) Marking Phase
[344.971s][info][gc,phases      ] GC(533) Marking Phase 30.051ms
[344.972s][info][gc,phases,start] GC(533) Summary Phase
[344.972s][info][gc,phases      ] GC(533) Summary Phase 0.064ms
[344.972s][info][gc,phases,start] GC(533) Adjust Roots
[344.972s][info][gc,phases      ] GC(533) Adjust Roots 0.405ms
[344.972s][info][gc,phases,start] GC(533) Compaction Phase
[345.103s][info][gc,phases      ] GC(533) Compaction Phase 130.699ms
[345.103s][info][gc,phases,start] GC(533) Post Compact
[345.112s][info][gc,phases      ] GC(533) Post Compact 9.692ms
[345.113s][info][gc,heap        ] GC(533) PSYoungGen: 1048576K(1223168K)->72931K(1223168K) Eden: 1048576K(1048576K)->72931K(1048576K) From: 0K(174592K)->0K(174592K)
[345.113s][info][gc,heap        ] GC(533) ParOldGen: 2796513K(2796544K)->2796529K(2796544K)
[345.113s][info][gc,metaspace   ] GC(533) Metaspace: 10566K(10816K)->10566K(10816K) NonClass: 9531K(9664K)->9531K(9664K) Class: 1034K(1152K)->1034K(1152K)
[345.113s][info][gc             ] GC(533) Pause Full (Ergonomics) 3754M->2802M(3925M) 171.259ms
[345.113s][info][gc,cpu         ] GC(533) User=1.31s Sys=0.00s Real=0.17s
[345.581s][info][gc,start       ] GC(534) Pause Full (Ergonomics)
[345.581s][info][gc,phases,start] GC(534) Marking Phase
[345.612s][info][gc,phases      ] GC(534) Marking Phase 30.439ms
[345.612s][info][gc,phases,start] GC(534) Summary Phase
[345.612s][info][gc,phases      ] GC(534) Summary Phase 0.064ms
[345.612s][info][gc,phases,start] GC(534) Adjust Roots
[345.612s][info][gc,phases      ] GC(534) Adjust Roots 0.402ms
[345.612s][info][gc,phases,start] GC(534) Compaction Phase
[345.743s][info][gc,phases      ] GC(534) Compaction Phase 131.118ms
[345.743s][info][gc,phases,start] GC(534) Post Compact
[345.754s][info][gc,phases      ] GC(534) Post Compact 10.911ms
[345.754s][info][gc,heap        ] GC(534) PSYoungGen: 1048576K(1223168K)->72960K(1223168K) Eden: 1048576K(1048576K)->72960K(1048576K) From: 0K(174592K)->0K(174592K)
[345.754s][info][gc,heap        ] GC(534) ParOldGen: 2796529K(2796544K)->2796501K(2796544K)
[345.754s][info][gc,metaspace   ] GC(534) Metaspace: 10566K(10816K)->10566K(10816K) NonClass: 9531K(9664K)->9531K(9664K) Class: 1034K(1152K)->1034K(1152K)
[345.754s][info][gc             ] GC(534) Pause Full (Ergonomics) 3754M->2802M(3925M) 173.262ms
[345.754s][info][gc,cpu         ] GC(534) User=1.32s Sys=0.00s Real=0.18s
[346.223s][info][gc,start       ] GC(535) Pause Full (Ergonomics)
[346.223s][info][gc,phases,start] GC(535) Marking Phase
[346.255s][info][gc,phases      ] GC(535) Marking Phase 31.974ms
[346.255s][info][gc,phases,start] GC(535) Summary Phase
[346.255s][info][gc,phases      ] GC(535) Summary Phase 0.065ms
[346.255s][info][gc,phases,start] GC(535) Adjust Roots
[346.256s][info][gc,phases      ] GC(535) Adjust Roots 0.403ms
[346.256s][info][gc,phases,start] GC(535) Compaction Phase
[346.388s][info][gc,phases      ] GC(535) Compaction Phase 132.016ms
[346.388s][info][gc,phases,start] GC(535) Post Compact
[346.396s][info][gc,phases      ] GC(535) Post Compact 8.132ms
[346.396s][info][gc,heap        ] GC(535) PSYoungGen: 1048576K(1223168K)->72940K(1223168K) Eden: 1048576K(1048576K)->72940K(1048576K) From: 0K(174592K)->0K(174592K)
[346.396s][info][gc,heap        ] GC(535) ParOldGen: 2796501K(2796544K)->2796521K(2796544K)
[346.396s][info][gc,metaspace   ] GC(535) Metaspace: 10566K(10816K)->10566K(10816K) NonClass: 9531K(9664K)->9531K(9664K) Class: 1034K(1152K)->1034K(1152K)
[346.396s][info][gc             ] GC(535) Pause Full (Ergonomics) 3754M->2802M(3925M) 172.925ms
[346.396s][info][gc,cpu         ] GC(535) User=1.31s Sys=0.00s Real=0.17s
[346.867s][info][gc,start       ] GC(536) Pause Full (Ergonomics)
[346.867s][info][gc,phases,start] GC(536) Marking Phase
[346.897s][info][gc,phases      ] GC(536) Marking Phase 29.751ms
[346.897s][info][gc,phases,start] GC(536) Summary Phase
[346.897s][info][gc,phases      ] GC(536) Summary Phase 0.063ms
[346.897s][info][gc,phases,start] GC(536) Adjust Roots
[346.897s][info][gc,phases      ] GC(536) Adjust Roots 0.578ms
[346.897s][info][gc,phases,start] GC(536) Compaction Phase
[347.029s][info][gc,phases      ] GC(536) Compaction Phase 131.694ms
[347.029s][info][gc,phases,start] GC(536) Post Compact
[347.036s][info][gc,phases      ] GC(536) Post Compact 6.678ms
[347.036s][info][gc,heap        ] GC(536) PSYoungGen: 1048576K(1223168K)->72927K(1223168K) Eden: 1048576K(1048576K)->72927K(1048576K) From: 0K(174592K)->0K(174592K)
[347.036s][info][gc,heap        ] GC(536) ParOldGen: 2796521K(2796544K)->2796533K(2796544K)
[347.036s][info][gc,metaspace   ] GC(536) Metaspace: 10566K(10816K)->10566K(10816K) NonClass: 9531K(9664K)->9531K(9664K) Class: 1034K(1152K)->1034K(1152K)
[347.036s][info][gc             ] GC(536) Pause Full (Ergonomics) 3754M->2802M(3925M) 169.118ms
[347.036s][info][gc,cpu         ] GC(536) User=1.31s Sys=0.00s Real=0.17s
[347.502s][info][gc,start       ] GC(537) Pause Full (Ergonomics)
[347.502s][info][gc,phases,start] GC(537) Marking Phase
[347.532s][info][gc,phases      ] GC(537) Marking Phase 29.517ms
[347.532s][info][gc,phases,start] GC(537) Summary Phase
[347.532s][info][gc,phases      ] GC(537) Summary Phase 0.063ms
[347.532s][info][gc,phases,start] GC(537) Adjust Roots
[347.532s][info][gc,phases      ] GC(537) Adjust Roots 0.563ms
[347.532s][info][gc,phases,start] GC(537) Compaction Phase
[347.664s][info][gc,phases      ] GC(537) Compaction Phase 131.289ms
[347.664s][info][gc,phases,start] GC(537) Post Compact
[347.670s][info][gc,phases      ] GC(537) Post Compact 6.648ms
[347.671s][info][gc,heap        ] GC(537) PSYoungGen: 1048576K(1223168K)->72948K(1223168K) Eden: 1048576K(1048576K)->72948K(1048576K) From: 0K(174592K)->0K(174592K)
[347.671s][info][gc,heap        ] GC(537) ParOldGen: 2796533K(2796544K)->2796513K(2796544K)
[347.671s][info][gc,metaspace   ] GC(537) Metaspace: 10566K(10816K)->10566K(10816K) NonClass: 9531K(9664K)->9531K(9664K) Class: 1034K(1152K)->1034K(1152K)
[347.671s][info][gc             ] GC(537) Pause Full (Ergonomics) 3754M->2802M(3925M) 168.410ms
[347.671s][info][gc,cpu         ] GC(537) User=1.30s Sys=0.01s Real=0.16s
[348.136s][info][gc,start       ] GC(538) Pause Full (Ergonomics)
[348.136s][info][gc,phases,start] GC(538) Marking Phase
[348.166s][info][gc,phases      ] GC(538) Marking Phase 30.022ms
[348.166s][info][gc,phases,start] GC(538) Summary Phase
[348.166s][info][gc,phases      ] GC(538) Summary Phase 0.065ms
[348.167s][info][gc,phases,start] GC(538) Adjust Roots
[348.167s][info][gc,phases      ] GC(538) Adjust Roots 0.550ms
[348.167s][info][gc,phases,start] GC(538) Compaction Phase
[348.299s][info][gc,phases      ] GC(538) Compaction Phase 131.634ms
[348.299s][info][gc,phases,start] GC(538) Post Compact
[348.309s][info][gc,phases      ] GC(538) Post Compact 10.335ms
[348.309s][info][gc,heap        ] GC(538) PSYoungGen: 1048576K(1223168K)->72944K(1223168K) Eden: 1048576K(1048576K)->72944K(1048576K) From: 0K(174592K)->0K(174592K)
[348.309s][info][gc,heap        ] GC(538) ParOldGen: 2796513K(2796544K)->2796517K(2796544K)
[348.309s][info][gc,metaspace   ] GC(538) Metaspace: 10566K(10816K)->10566K(10816K) NonClass: 9531K(9664K)->9531K(9664K) Class: 1034K(1152K)->1034K(1152K)
[348.309s][info][gc             ] GC(538) Pause Full (Ergonomics) 3754M->2802M(3925M) 172.944ms
[348.309s][info][gc,cpu         ] GC(538) User=1.29s Sys=0.01s Real=0.17s
[348.788s][info][gc,start       ] GC(539) Pause Full (Ergonomics)
[348.788s][info][gc,phases,start] GC(539) Marking Phase
[348.818s][info][gc,phases      ] GC(539) Marking Phase 30.083ms
[348.818s][info][gc,phases,start] GC(539) Summary Phase
[348.818s][info][gc,phases      ] GC(539) Summary Phase 0.064ms
[348.818s][info][gc,phases,start] GC(539) Adjust Roots
[348.818s][info][gc,phases      ] GC(539) Adjust Roots 0.556ms
[348.818s][info][gc,phases,start] GC(539) Compaction Phase
[348.950s][info][gc,phases      ] GC(539) Compaction Phase 131.568ms
[348.950s][info][gc,phases,start] GC(539) Post Compact
[348.957s][info][gc,phases      ] GC(539) Post Compact 6.564ms
[348.957s][info][gc,heap        ] GC(539) PSYoungGen: 1048576K(1223168K)->72923K(1223168K) Eden: 1048576K(1048576K)->72923K(1048576K) From: 0K(174592K)->0K(174592K)
[348.957s][info][gc,heap        ] GC(539) ParOldGen: 2796517K(2796544K)->2796537K(2796544K)
[348.957s][info][gc,metaspace   ] GC(539) Metaspace: 10566K(10816K)->10566K(10816K) NonClass: 9531K(9664K)->9531K(9664K) Class: 1034K(1152K)->1034K(1152K)
[348.957s][info][gc             ] GC(539) Pause Full (Ergonomics) 3754M->2802M(3925M) 169.189ms
[348.957s][info][gc,cpu         ] GC(539) User=1.31s Sys=0.00s Real=0.17s
[349.422s][info][gc,start       ] GC(540) Pause Full (Ergonomics)
[349.422s][info][gc,phases,start] GC(540) Marking Phase
[349.453s][info][gc,phases      ] GC(540) Marking Phase 30.603ms
[349.453s][info][gc,phases,start] GC(540) Summary Phase
[349.453s][info][gc,phases      ] GC(540) Summary Phase 0.064ms
[349.453s][info][gc,phases,start] GC(540) Adjust Roots
[349.453s][info][gc,phases      ] GC(540) Adjust Roots 0.566ms
[349.453s][info][gc,phases,start] GC(540) Compaction Phase
[349.584s][info][gc,phases      ] GC(540) Compaction Phase 131.114ms
[349.585s][info][gc,phases,start] GC(540) Post Compact
[349.595s][info][gc,phases      ] GC(540) Post Compact 10.288ms
[349.595s][info][gc,heap        ] GC(540) PSYoungGen: 1048576K(1223168K)->72952K(1223168K) Eden: 1048576K(1048576K)->72952K(1048576K) From: 0K(174592K)->0K(174592K)
[349.595s][info][gc,heap        ] GC(540) ParOldGen: 2796537K(2796544K)->2796509K(2796544K)
[349.595s][info][gc,metaspace   ] GC(540) Metaspace: 10566K(10816K)->10566K(10816K) NonClass: 9531K(9664K)->9531K(9664K) Class: 1034K(1152K)->1034K(1152K)
[349.595s][info][gc             ] GC(540) Pause Full (Ergonomics) 3754M->2802M(3925M) 172.973ms
[349.595s][info][gc,cpu         ] GC(540) User=1.32s Sys=0.00s Real=0.17s
[350.056s][info][gc,start       ] GC(541) Pause Full (Ergonomics)
[350.056s][info][gc,phases,start] GC(541) Marking Phase
[350.086s][info][gc,phases      ] GC(541) Marking Phase 30.625ms
[350.086s][info][gc,phases,start] GC(541) Summary Phase
[350.086s][info][gc,phases      ] GC(541) Summary Phase 0.064ms
[350.086s][info][gc,phases,start] GC(541) Adjust Roots
[350.087s][info][gc,phases      ] GC(541) Adjust Roots 0.400ms
[350.087s][info][gc,phases,start] GC(541) Compaction Phase
[350.217s][info][gc,phases      ] GC(541) Compaction Phase 130.672ms
[350.218s][info][gc,phases,start] GC(541) Post Compact
[350.226s][info][gc,phases      ] GC(541) Post Compact 8.981ms
[350.227s][info][gc,heap        ] GC(541) PSYoungGen: 1048576K(1223168K)->72952K(1223168K) Eden: 1048576K(1048576K)->72952K(1048576K) From: 0K(174592K)->0K(174592K)
[350.227s][info][gc,heap        ] GC(541) ParOldGen: 2796509K(2796544K)->2796509K(2796544K)
[350.227s][info][gc,metaspace   ] GC(541) Metaspace: 10566K(10816K)->10566K(10816K) NonClass: 9531K(9664K)->9531K(9664K) Class: 1034K(1152K)->1034K(1152K)
[350.227s][info][gc             ] GC(541) Pause Full (Ergonomics) 3754M->2802M(3925M) 171.069ms
[350.227s][info][gc,cpu         ] GC(541) User=1.31s Sys=0.00s Real=0.17s
[350.688s][info][gc,start       ] GC(542) Pause Full (Ergonomics)
[350.688s][info][gc,phases,start] GC(542) Marking Phase
[350.718s][info][gc,phases      ] GC(542) Marking Phase 29.988ms
[350.718s][info][gc,phases,start] GC(542) Summary Phase
[350.719s][info][gc,phases      ] GC(542) Summary Phase 0.064ms
[350.719s][info][gc,phases,start] GC(542) Adjust Roots
[350.719s][info][gc,phases      ] GC(542) Adjust Roots 0.550ms
[350.719s][info][gc,phases,start] GC(542) Compaction Phase
[350.850s][info][gc,phases      ] GC(542) Compaction Phase 131.313ms
[350.850s][info][gc,phases,start] GC(542) Post Compact
[350.860s][info][gc,phases      ] GC(542) Post Compact 10.007ms
[350.861s][info][gc,heap        ] GC(542) PSYoungGen: 1048576K(1223168K)->72968K(1223168K) Eden: 1048576K(1048576K)->72968K(1048576K) From: 0K(174592K)->0K(174592K)
[350.861s][info][gc,heap        ] GC(542) ParOldGen: 2796509K(2796544K)->2796493K(2796544K)
[350.861s][info][gc,metaspace   ] GC(542) Metaspace: 10566K(10816K)->10566K(10816K) NonClass: 9531K(9664K)->9531K(9664K) Class: 1034K(1152K)->1034K(1152K)
[350.861s][info][gc             ] GC(542) Pause Full (Ergonomics) 3754M->2802M(3925M) 172.212ms
[350.861s][info][gc,cpu         ] GC(542) User=1.31s Sys=0.00s Real=0.17s
[351.331s][info][gc,start       ] GC(543) Pause Full (Ergonomics)
[351.331s][info][gc,phases,start] GC(543) Marking Phase
[351.361s][info][gc,phases      ] GC(543) Marking Phase 29.929ms
[351.361s][info][gc,phases,start] GC(543) Summary Phase
[351.361s][info][gc,phases      ] GC(543) Summary Phase 0.064ms
[351.361s][info][gc,phases,start] GC(543) Adjust Roots
[351.361s][info][gc,phases      ] GC(543) Adjust Roots 0.564ms
[351.361s][info][gc,phases,start] GC(543) Compaction Phase
[351.493s][info][gc,phases      ] GC(543) Compaction Phase 131.480ms
[351.493s][info][gc,phases,start] GC(543) Post Compact
[351.507s][info][gc,phases      ] GC(543) Post Compact 13.847ms
[351.507s][info][gc,heap        ] GC(543) PSYoungGen: 1048576K(1223168K)->72968K(1223168K) Eden: 1048576K(1048576K)->72968K(1048576K) From: 0K(174592K)->0K(174592K)
[351.507s][info][gc,heap        ] GC(543) ParOldGen: 2796493K(2796544K)->2796493K(2796544K)
[351.507s][info][gc,metaspace   ] GC(543) Metaspace: 10566K(10816K)->10566K(10816K) NonClass: 9531K(9664K)->9531K(9664K) Class: 1034K(1152K)->1034K(1152K)
[351.507s][info][gc             ] GC(543) Pause Full (Ergonomics) 3754M->2802M(3925M) 176.223ms
[351.507s][info][gc,cpu         ] GC(543) User=1.31s Sys=0.00s Real=0.18s
[351.977s][info][gc,start       ] GC(544) Pause Full (Ergonomics)
[351.977s][info][gc,phases,start] GC(544) Marking Phase
[352.008s][info][gc,phases      ] GC(544) Marking Phase 31.238ms
[352.008s][info][gc,phases,start] GC(544) Summary Phase
[352.008s][info][gc,phases      ] GC(544) Summary Phase 0.064ms
[352.008s][info][gc,phases,start] GC(544) Adjust Roots
[352.009s][info][gc,phases      ] GC(544) Adjust Roots 0.569ms
[352.009s][info][gc,phases,start] GC(544) Compaction Phase
[352.140s][info][gc,phases      ] GC(544) Compaction Phase 131.755ms
[352.140s][info][gc,phases,start] GC(544) Post Compact
[352.150s][info][gc,phases      ] GC(544) Post Compact 9.834ms
[352.150s][info][gc,heap        ] GC(544) PSYoungGen: 1048576K(1223168K)->72960K(1223168K) Eden: 1048576K(1048576K)->72960K(1048576K) From: 0K(174592K)->0K(174592K)
[352.150s][info][gc,heap        ] GC(544) ParOldGen: 2796493K(2796544K)->2796501K(2796544K)
[352.150s][info][gc,metaspace   ] GC(544) Metaspace: 10566K(10816K)->10566K(10816K) NonClass: 9531K(9664K)->9531K(9664K) Class: 1034K(1152K)->1034K(1152K)
[352.150s][info][gc             ] GC(544) Pause Full (Ergonomics) 3754M->2802M(3925M) 173.776ms
[352.150s][info][gc,cpu         ] GC(544) User=1.32s Sys=0.00s Real=0.17s
[352.619s][info][gc,start       ] GC(545) Pause Full (Ergonomics)
[352.619s][info][gc,phases,start] GC(545) Marking Phase
[352.649s][info][gc,phases      ] GC(545) Marking Phase 29.807ms
[352.649s][info][gc,phases,start] GC(545) Summary Phase
[352.649s][info][gc,phases      ] GC(545) Summary Phase 0.064ms
[352.649s][info][gc,phases,start] GC(545) Adjust Roots
[352.649s][info][gc,phases      ] GC(545) Adjust Roots 0.549ms
[352.649s][info][gc,phases,start] GC(545) Compaction Phase
[352.781s][info][gc,phases      ] GC(545) Compaction Phase 131.550ms
[352.781s][info][gc,phases,start] GC(545) Post Compact
[352.793s][info][gc,phases      ] GC(545) Post Compact 11.641ms
[352.793s][info][gc,heap        ] GC(545) PSYoungGen: 1048576K(1223168K)->72956K(1223168K) Eden: 1048576K(1048576K)->72956K(1048576K) From: 0K(174592K)->0K(174592K)
[352.793s][info][gc,heap        ] GC(545) ParOldGen: 2796501K(2796544K)->2796505K(2796544K)
[352.793s][info][gc,metaspace   ] GC(545) Metaspace: 10566K(10816K)->10566K(10816K) NonClass: 9531K(9664K)->9531K(9664K) Class: 1034K(1152K)->1034K(1152K)
[352.793s][info][gc             ] GC(545) Pause Full (Ergonomics) 3754M->2802M(3925M) 173.942ms
[352.793s][info][gc,cpu         ] GC(545) User=1.31s Sys=0.00s Real=0.17s
[353.263s][info][gc,start       ] GC(546) Pause Full (Ergonomics)
[353.263s][info][gc,phases,start] GC(546) Marking Phase
[353.294s][info][gc,phases      ] GC(546) Marking Phase 31.566ms
[353.294s][info][gc,phases,start] GC(546) Summary Phase
[353.294s][info][gc,phases      ] GC(546) Summary Phase 0.064ms
[353.294s][info][gc,phases,start] GC(546) Adjust Roots
[353.295s][info][gc,phases      ] GC(546) Adjust Roots 0.560ms
[353.295s][info][gc,phases,start] GC(546) Compaction Phase
[353.425s][info][gc,phases      ] GC(546) Compaction Phase 130.590ms
[353.426s][info][gc,phases,start] GC(546) Post Compact
[353.435s][info][gc,phases      ] GC(546) Post Compact 8.984ms
[353.435s][info][gc,heap        ] GC(546) PSYoungGen: 1048576K(1223168K)->72931K(1223168K) Eden: 1048576K(1048576K)->72931K(1048576K) From: 0K(174592K)->0K(174592K)
[353.435s][info][gc,heap        ] GC(546) ParOldGen: 2796505K(2796544K)->2796529K(2796544K)
[353.435s][info][gc,metaspace   ] GC(546) Metaspace: 10566K(10816K)->10566K(10816K) NonClass: 9531K(9664K)->9531K(9664K) Class: 1034K(1152K)->1034K(1152K)
[353.435s][info][gc             ] GC(546) Pause Full (Ergonomics) 3754M->2802M(3925M) 172.104ms
[353.435s][info][gc,cpu         ] GC(546) User=1.31s Sys=0.00s Real=0.17s
[353.899s][info][gc,start       ] GC(547) Pause Full (Ergonomics)
[353.899s][info][gc,phases,start] GC(547) Marking Phase
[353.929s][info][gc,phases      ] GC(547) Marking Phase 30.633ms
[353.929s][info][gc,phases,start] GC(547) Summary Phase
[353.930s][info][gc,phases      ] GC(547) Summary Phase 0.066ms
[353.930s][info][gc,phases,start] GC(547) Adjust Roots
[353.930s][info][gc,phases      ] GC(547) Adjust Roots 0.553ms
[353.930s][info][gc,phases,start] GC(547) Compaction Phase
[354.061s][info][gc,phases      ] GC(547) Compaction Phase 131.154ms
[354.061s][info][gc,phases,start] GC(547) Post Compact
[354.073s][info][gc,phases      ] GC(547) Post Compact 11.428ms
[354.073s][info][gc,heap        ] GC(547) PSYoungGen: 1048576K(1223168K)->72960K(1223168K) Eden: 1048576K(1048576K)->72960K(1048576K) From: 0K(174592K)->0K(174592K)
[354.073s][info][gc,heap        ] GC(547) ParOldGen: 2796529K(2796544K)->2796501K(2796544K)
[354.073s][info][gc,metaspace   ] GC(547) Metaspace: 10566K(10816K)->10566K(10816K) NonClass: 9531K(9664K)->9531K(9664K) Class: 1034K(1152K)->1034K(1152K)
[354.073s][info][gc             ] GC(547) Pause Full (Ergonomics) 3754M->2802M(3925M) 174.186ms
[354.073s][info][gc,cpu         ] GC(547) User=1.31s Sys=0.01s Real=0.17s
[354.539s][info][gc,start       ] GC(548) Pause Full (Ergonomics)
[354.539s][info][gc,phases,start] GC(548) Marking Phase
[354.570s][info][gc,phases      ] GC(548) Marking Phase 30.873ms
[354.570s][info][gc,phases,start] GC(548) Summary Phase
[354.570s][info][gc,phases      ] GC(548) Summary Phase 0.065ms
[354.570s][info][gc,phases,start] GC(548) Adjust Roots
[354.570s][info][gc,phases      ] GC(548) Adjust Roots 0.404ms
[354.570s][info][gc,phases,start] GC(548) Compaction Phase
[354.702s][info][gc,phases      ] GC(548) Compaction Phase 131.886ms
[354.702s][info][gc,phases,start] GC(548) Post Compact
[354.712s][info][gc,phases      ] GC(548) Post Compact 9.110ms
[354.712s][info][gc,heap        ] GC(548) PSYoungGen: 1048576K(1223168K)->72984K(1223168K) Eden: 1048576K(1048576K)->72984K(1048576K) From: 0K(174592K)->0K(174592K)
[354.712s][info][gc,heap        ] GC(548) ParOldGen: 2796501K(2796544K)->2796476K(2796544K)
[354.712s][info][gc,metaspace   ] GC(548) Metaspace: 10566K(10816K)->10566K(10816K) NonClass: 9531K(9664K)->9531K(9664K) Class: 1034K(1152K)->1034K(1152K)
[354.712s][info][gc             ] GC(548) Pause Full (Ergonomics) 3754M->2802M(3925M) 172.664ms
[354.712s][info][gc,cpu         ] GC(548) User=1.31s Sys=0.00s Real=0.17s
[355.177s][info][gc,start       ] GC(549) Pause Full (Ergonomics)
[355.177s][info][gc,phases,start] GC(549) Marking Phase
[355.208s][info][gc,phases      ] GC(549) Marking Phase 30.911ms
[355.208s][info][gc,phases,start] GC(549) Summary Phase
[355.208s][info][gc,phases      ] GC(549) Summary Phase 0.064ms
[355.208s][info][gc,phases,start] GC(549) Adjust Roots
[355.208s][info][gc,phases      ] GC(549) Adjust Roots 0.475ms
[355.208s][info][gc,phases,start] GC(549) Compaction Phase
[355.340s][info][gc,phases      ] GC(549) Compaction Phase 131.259ms
[355.340s][info][gc,phases,start] GC(549) Post Compact
[355.349s][info][gc,phases      ] GC(549) Post Compact 8.949ms
[355.349s][info][gc,heap        ] GC(549) PSYoungGen: 1048576K(1223168K)->72935K(1223168K) Eden: 1048576K(1048576K)->72935K(1048576K) From: 0K(174592K)->0K(174592K)
[355.349s][info][gc,heap        ] GC(549) ParOldGen: 2796476K(2796544K)->2796525K(2796544K)
[355.349s][info][gc,metaspace   ] GC(549) Metaspace: 10566K(10816K)->10566K(10816K) NonClass: 9531K(9664K)->9531K(9664K) Class: 1034K(1152K)->1034K(1152K)
[355.349s][info][gc             ] GC(549) Pause Full (Ergonomics) 3754M->2802M(3925M) 171.982ms
[355.349s][info][gc,cpu         ] GC(549) User=1.32s Sys=0.00s Real=0.17s
[355.817s][info][gc,start       ] GC(550) Pause Full (Ergonomics)
[355.817s][info][gc,phases,start] GC(550) Marking Phase
[355.849s][info][gc,phases      ] GC(550) Marking Phase 31.462ms
[355.849s][info][gc,phases,start] GC(550) Summary Phase
[355.849s][info][gc,phases      ] GC(550) Summary Phase 0.065ms
[355.849s][info][gc,phases,start] GC(550) Adjust Roots
[355.849s][info][gc,phases      ] GC(550) Adjust Roots 0.449ms
[355.849s][info][gc,phases,start] GC(550) Compaction Phase
[355.981s][info][gc,phases      ] GC(550) Compaction Phase 131.016ms
[355.981s][info][gc,phases,start] GC(550) Post Compact
[355.988s][info][gc,phases      ] GC(550) Post Compact 7.578ms
[355.988s][info][gc,heap        ] GC(550) PSYoungGen: 1048576K(1223168K)->72992K(1223168K) Eden: 1048576K(1048576K)->72992K(1048576K) From: 0K(174592K)->0K(174592K)
[355.988s][info][gc,heap        ] GC(550) ParOldGen: 2796525K(2796544K)->2796468K(2796544K)
[355.988s][info][gc,metaspace   ] GC(550) Metaspace: 10566K(10816K)->10566K(10816K) NonClass: 9531K(9664K)->9531K(9664K) Class: 1034K(1152K)->1034K(1152K)
[355.988s][info][gc             ] GC(550) Pause Full (Ergonomics) 3754M->2802M(3925M) 170.910ms
[355.988s][info][gc,cpu         ] GC(550) User=1.31s Sys=0.00s Real=0.17s
[356.455s][info][gc,start       ] GC(551) Pause Full (Ergonomics)
[356.455s][info][gc,phases,start] GC(551) Marking Phase
[356.485s][info][gc,phases      ] GC(551) Marking Phase 30.088ms
[356.485s][info][gc,phases,start] GC(551) Summary Phase
[356.485s][info][gc,phases      ] GC(551) Summary Phase 0.064ms
[356.485s][info][gc,phases,start] GC(551) Adjust Roots
[356.485s][info][gc,phases      ] GC(551) Adjust Roots 0.550ms
[356.485s][info][gc,phases,start] GC(551) Compaction Phase
[356.617s][info][gc,phases      ] GC(551) Compaction Phase 131.443ms
[356.617s][info][gc,phases,start] GC(551) Post Compact
[356.625s][info][gc,phases      ] GC(551) Post Compact 7.899ms
[356.625s][info][gc,heap        ] GC(551) PSYoungGen: 1048576K(1223168K)->72952K(1223168K) Eden: 1048576K(1048576K)->72952K(1048576K) From: 0K(174592K)->0K(174592K)
[356.625s][info][gc,heap        ] GC(551) ParOldGen: 2796468K(2796544K)->2796509K(2796544K)
[356.625s][info][gc,metaspace   ] GC(551) Metaspace: 10566K(10816K)->10566K(10816K) NonClass: 9531K(9664K)->9531K(9664K) Class: 1034K(1152K)->1034K(1152K)
[356.625s][info][gc             ] GC(551) Pause Full (Ergonomics) 3754M->2802M(3925M) 170.373ms
[356.625s][info][gc,cpu         ] GC(551) User=1.31s Sys=0.00s Real=0.17s
[357.092s][info][gc,start       ] GC(552) Pause Full (Ergonomics)
[357.092s][info][gc,phases,start] GC(552) Marking Phase
[357.122s][info][gc,phases      ] GC(552) Marking Phase 29.643ms
[357.122s][info][gc,phases,start] GC(552) Summary Phase
[357.122s][info][gc,phases      ] GC(552) Summary Phase 0.065ms
[357.122s][info][gc,phases,start] GC(552) Adjust Roots
[357.122s][info][gc,phases      ] GC(552) Adjust Roots 0.563ms
[357.122s][info][gc,phases,start] GC(552) Compaction Phase
[357.254s][info][gc,phases      ] GC(552) Compaction Phase 131.501ms
[357.254s][info][gc,phases,start] GC(552) Post Compact
[357.261s][info][gc,phases      ] GC(552) Post Compact 6.885ms
[357.261s][info][gc,heap        ] GC(552) PSYoungGen: 1048576K(1223168K)->72992K(1223168K) Eden: 1048576K(1048576K)->72992K(1048576K) From: 0K(174592K)->0K(174592K)
[357.261s][info][gc,heap        ] GC(552) ParOldGen: 2796509K(2796544K)->2796468K(2796544K)
[357.261s][info][gc,metaspace   ] GC(552) Metaspace: 10566K(10816K)->10566K(10816K) NonClass: 9531K(9664K)->9531K(9664K) Class: 1034K(1152K)->1034K(1152K)
[357.261s][info][gc             ] GC(552) Pause Full (Ergonomics) 3754M->2802M(3925M) 169.012ms
[357.261s][info][gc,cpu         ] GC(552) User=1.31s Sys=0.00s Real=0.17s
[357.727s][info][gc,start       ] GC(553) Pause Full (Ergonomics)
[357.727s][info][gc,phases,start] GC(553) Marking Phase
[357.758s][info][gc,phases      ] GC(553) Marking Phase 30.503ms
[357.758s][info][gc,phases,start] GC(553) Summary Phase
[357.758s][info][gc,phases      ] GC(553) Summary Phase 0.065ms
[357.758s][info][gc,phases,start] GC(553) Adjust Roots
[357.758s][info][gc,phases      ] GC(553) Adjust Roots 0.433ms
[357.758s][info][gc,phases,start] GC(553) Compaction Phase
[357.889s][info][gc,phases      ] GC(553) Compaction Phase 131.253ms
[357.889s][info][gc,phases,start] GC(553) Post Compact
[357.898s][info][gc,phases      ] GC(553) Post Compact 8.786ms
[357.898s][info][gc,heap        ] GC(553) PSYoungGen: 1048576K(1223168K)->72976K(1223168K) Eden: 1048576K(1048576K)->72976K(1048576K) From: 0K(174592K)->0K(174592K)
[357.898s][info][gc,heap        ] GC(553) ParOldGen: 2796468K(2796544K)->2796484K(2796544K)
[357.898s][info][gc,metaspace   ] GC(553) Metaspace: 10566K(10816K)->10566K(10816K) NonClass: 9531K(9664K)->9531K(9664K) Class: 1034K(1152K)->1034K(1152K)
[357.898s][info][gc             ] GC(553) Pause Full (Ergonomics) 3754M->2802M(3925M) 171.384ms
[357.898s][info][gc,cpu         ] GC(553) User=1.31s Sys=0.00s Real=0.17s
[358.364s][info][gc,start       ] GC(554) Pause Full (Ergonomics)
[358.364s][info][gc,phases,start] GC(554) Marking Phase
[358.394s][info][gc,phases      ] GC(554) Marking Phase 29.652ms
[358.394s][info][gc,phases,start] GC(554) Summary Phase
[358.394s][info][gc,phases      ] GC(554) Summary Phase 0.064ms
[358.394s][info][gc,phases,start] GC(554) Adjust Roots
[358.394s][info][gc,phases      ] GC(554) Adjust Roots 0.555ms
[358.394s][info][gc,phases,start] GC(554) Compaction Phase
[358.526s][info][gc,phases      ] GC(554) Compaction Phase 131.806ms
[358.526s][info][gc,phases,start] GC(554) Post Compact
[358.533s][info][gc,phases      ] GC(554) Post Compact 6.937ms
[358.533s][info][gc,heap        ] GC(554) PSYoungGen: 1048576K(1223168K)->72976K(1223168K) Eden: 1048576K(1048576K)->72976K(1048576K) From: 0K(174592K)->0K(174592K)
[358.533s][info][gc,heap        ] GC(554) ParOldGen: 2796484K(2796544K)->2796485K(2796544K)
[358.533s][info][gc,metaspace   ] GC(554) Metaspace: 10566K(10816K)->10566K(10816K) NonClass: 9531K(9664K)->9531K(9664K) Class: 1034K(1152K)->1034K(1152K)
[358.533s][info][gc             ] GC(554) Pause Full (Ergonomics) 3754M->2802M(3925M) 169.344ms
[358.533s][info][gc,cpu         ] GC(554) User=1.31s Sys=0.00s Real=0.16s
[358.999s][info][gc,start       ] GC(555) Pause Full (Ergonomics)
[358.999s][info][gc,phases,start] GC(555) Marking Phase
[359.030s][info][gc,phases      ] GC(555) Marking Phase 31.258ms
[359.030s][info][gc,phases,start] GC(555) Summary Phase
[359.030s][info][gc,phases      ] GC(555) Summary Phase 0.064ms
[359.030s][info][gc,phases,start] GC(555) Adjust Roots
[359.031s][info][gc,phases      ] GC(555) Adjust Roots 0.400ms
[359.031s][info][gc,phases,start] GC(555) Compaction Phase
[359.161s][info][gc,phases      ] GC(555) Compaction Phase 130.387ms
[359.161s][info][gc,phases,start] GC(555) Post Compact
[359.170s][info][gc,phases      ] GC(555) Post Compact 8.977ms
[359.170s][info][gc,heap        ] GC(555) PSYoungGen: 1048576K(1223168K)->72972K(1223168K) Eden: 1048576K(1048576K)->72972K(1048576K) From: 0K(174592K)->0K(174592K)
[359.170s][info][gc,heap        ] GC(555) ParOldGen: 2796485K(2796544K)->2796489K(2796544K)
[359.170s][info][gc,metaspace   ] GC(555) Metaspace: 10566K(10816K)->10566K(10816K) NonClass: 9531K(9664K)->9531K(9664K) Class: 1034K(1152K)->1034K(1152K)
[359.170s][info][gc             ] GC(555) Pause Full (Ergonomics) 3754M->2802M(3925M) 171.413ms
[359.170s][info][gc,cpu         ] GC(555) User=1.31s Sys=0.00s Real=0.17s
[359.644s][info][gc,start       ] GC(556) Pause Full (Ergonomics)
[359.644s][info][gc,phases,start] GC(556) Marking Phase
[359.673s][info][gc,phases      ] GC(556) Marking Phase 29.111ms
[359.673s][info][gc,phases,start] GC(556) Summary Phase
[359.673s][info][gc,phases      ] GC(556) Summary Phase 0.063ms
[359.673s][info][gc,phases,start] GC(556) Adjust Roots
[359.674s][info][gc,phases      ] GC(556) Adjust Roots 0.577ms
[359.674s][info][gc,phases,start] GC(556) Compaction Phase
[359.806s][info][gc,phases      ] GC(556) Compaction Phase 132.326ms
[359.806s][info][gc,phases,start] GC(556) Post Compact
[359.814s][info][gc,phases      ] GC(556) Post Compact 7.754ms
[359.814s][info][gc,heap        ] GC(556) PSYoungGen: 1048576K(1223168K)->72931K(1223168K) Eden: 1048576K(1048576K)->72931K(1048576K) From: 0K(174592K)->0K(174592K)
[359.814s][info][gc,heap        ] GC(556) ParOldGen: 2796489K(2796544K)->2796529K(2796544K)
[359.814s][info][gc,metaspace   ] GC(556) Metaspace: 10566K(10816K)->10566K(10816K) NonClass: 9531K(9664K)->9531K(9664K) Class: 1034K(1152K)->1034K(1152K)
[359.814s][info][gc             ] GC(556) Pause Full (Ergonomics) 3754M->2802M(3925M) 170.178ms
[359.814s][info][gc,cpu         ] GC(556) User=1.31s Sys=0.00s Real=0.17s
[360.283s][info][gc,start       ] GC(557) Pause Full (Ergonomics)
[360.283s][info][gc,phases,start] GC(557) Marking Phase
[360.313s][info][gc,phases      ] GC(557) Marking Phase 29.705ms
[360.313s][info][gc,phases,start] GC(557) Summary Phase
[360.313s][info][gc,phases      ] GC(557) Summary Phase 0.064ms
[360.313s][info][gc,phases,start] GC(557) Adjust Roots
[360.314s][info][gc,phases      ] GC(557) Adjust Roots 0.563ms
[360.314s][info][gc,phases,start] GC(557) Compaction Phase
[360.444s][info][gc,phases      ] GC(557) Compaction Phase 130.290ms
[360.444s][info][gc,phases,start] GC(557) Post Compact
[360.453s][info][gc,phases      ] GC(557) Post Compact 9.136ms
[360.453s][info][gc,heap        ] GC(557) PSYoungGen: 1048576K(1223168K)->72992K(1223168K) Eden: 1048576K(1048576K)->72992K(1048576K) From: 0K(174592K)->0K(174592K)
[360.453s][info][gc,heap        ] GC(557) ParOldGen: 2796529K(2796544K)->2796468K(2796544K)
[360.453s][info][gc,metaspace   ] GC(557) Metaspace: 10566K(10816K)->10566K(10816K) NonClass: 9531K(9664K)->9531K(9664K) Class: 1034K(1152K)->1034K(1152K)
[360.453s][info][gc             ] GC(557) Pause Full (Ergonomics) 3754M->2802M(3925M) 170.090ms
[360.453s][info][gc,cpu         ] GC(557) User=1.31s Sys=0.00s Real=0.16s
[360.923s][info][gc,start       ] GC(558) Pause Full (Ergonomics)
[360.923s][info][gc,phases,start] GC(558) Marking Phase
[360.954s][info][gc,phases      ] GC(558) Marking Phase 30.629ms
[360.954s][info][gc,phases,start] GC(558) Summary Phase
[360.954s][info][gc,phases      ] GC(558) Summary Phase 0.065ms
[360.954s][info][gc,phases,start] GC(558) Adjust Roots
[360.955s][info][gc,phases      ] GC(558) Adjust Roots 0.510ms
[360.955s][info][gc,phases,start] GC(558) Compaction Phase
[361.159s][info][gc,phases      ] GC(558) Compaction Phase 204.168ms
[361.159s][info][gc,phases,start] GC(558) Post Compact
[361.165s][info][gc,phases      ] GC(558) Post Compact 6.577ms
[361.165s][info][gc,heap        ] GC(558) PSYoungGen: 1048576K(1223168K)->72956K(1223168K) Eden: 1048576K(1048576K)->72956K(1048576K) From: 0K(174592K)->0K(174592K)
[361.165s][info][gc,heap        ] GC(558) ParOldGen: 2796468K(2796544K)->2796510K(2796544K)
[361.165s][info][gc,metaspace   ] GC(558) Metaspace: 10571K(10816K)->10571K(10816K) NonClass: 9535K(9664K)->9535K(9664K) Class: 1035K(1152K)->1035K(1152K)
[361.166s][info][gc             ] GC(558) Pause Full (Ergonomics) 3754M->2802M(3925M) 242.256ms
[361.166s][info][gc,cpu         ] GC(558) User=1.31s Sys=0.00s Real=0.24s
[361.633s][info][gc,start       ] GC(559) Pause Full (Ergonomics)
[361.633s][info][gc,phases,start] GC(559) Marking Phase
[361.663s][info][gc,phases      ] GC(559) Marking Phase 30.245ms
[361.663s][info][gc,phases,start] GC(559) Summary Phase
[361.663s][info][gc,phases      ] GC(559) Summary Phase 0.063ms
[361.663s][info][gc,phases,start] GC(559) Adjust Roots
[361.664s][info][gc,phases      ] GC(559) Adjust Roots 0.569ms
[361.664s][info][gc,phases,start] GC(559) Compaction Phase
[361.794s][info][gc,phases      ] GC(559) Compaction Phase 130.423ms
[361.794s][info][gc,phases,start] GC(559) Post Compact
[361.803s][info][gc,phases      ] GC(559) Post Compact 8.695ms
[361.803s][info][gc,heap        ] GC(559) PSYoungGen: 1048576K(1223168K)->72984K(1223168K) Eden: 1048576K(1048576K)->72984K(1048576K) From: 0K(174592K)->0K(174592K)
[361.803s][info][gc,heap        ] GC(559) ParOldGen: 2796510K(2796544K)->2796481K(2796544K)
[361.803s][info][gc,metaspace   ] GC(559) Metaspace: 10571K(10816K)->10571K(10816K) NonClass: 9535K(9664K)->9535K(9664K) Class: 1035K(1152K)->1035K(1152K)
[361.803s][info][gc             ] GC(559) Pause Full (Ergonomics) 3754M->2802M(3925M) 170.325ms
[361.803s][info][gc,cpu         ] GC(559) User=1.30s Sys=0.01s Real=0.18s
[362.268s][info][gc,start       ] GC(560) Pause Full (Ergonomics)
[362.269s][info][gc,phases,start] GC(560) Marking Phase
[362.299s][info][gc,phases      ] GC(560) Marking Phase 30.524ms
[362.299s][info][gc,phases,start] GC(560) Summary Phase
[362.299s][info][gc,phases      ] GC(560) Summary Phase 0.065ms
[362.299s][info][gc,phases,start] GC(560) Adjust Roots
[362.300s][info][gc,phases      ] GC(560) Adjust Roots 0.556ms
[362.300s][info][gc,phases,start] GC(560) Compaction Phase
[362.431s][info][gc,phases      ] GC(560) Compaction Phase 130.885ms
[362.431s][info][gc,phases,start] GC(560) Post Compact
[362.439s][info][gc,phases      ] GC(560) Post Compact 8.800ms
[362.440s][info][gc,heap        ] GC(560) PSYoungGen: 1048576K(1223168K)->72976K(1223168K) Eden: 1048576K(1048576K)->72976K(1048576K) From: 0K(174592K)->0K(174592K)
[362.440s][info][gc,heap        ] GC(560) ParOldGen: 2796481K(2796544K)->2796490K(2796544K)
[362.440s][info][gc,metaspace   ] GC(560) Metaspace: 10571K(10816K)->10571K(10816K) NonClass: 9535K(9664K)->9535K(9664K) Class: 1035K(1152K)->1035K(1152K)
[362.440s][info][gc             ] GC(560) Pause Full (Ergonomics) 3754M->2802M(3925M) 171.136ms
[362.440s][info][gc,cpu         ] GC(560) User=1.30s Sys=0.00s Real=0.17s
[362.914s][info][gc,start       ] GC(561) Pause Full (Ergonomics)
[362.915s][info][gc,phases,start] GC(561) Marking Phase
[362.945s][info][gc,phases      ] GC(561) Marking Phase 30.710ms
[362.945s][info][gc,phases,start] GC(561) Summary Phase
[362.945s][info][gc,phases      ] GC(561) Summary Phase 0.064ms
[362.945s][info][gc,phases,start] GC(561) Adjust Roots
[362.946s][info][gc,phases      ] GC(561) Adjust Roots 0.425ms
[362.946s][info][gc,phases,start] GC(561) Compaction Phase
[363.077s][info][gc,phases      ] GC(561) Compaction Phase 131.352ms
[363.077s][info][gc,phases,start] GC(561) Post Compact
[363.086s][info][gc,phases      ] GC(561) Post Compact 8.820ms
[363.086s][info][gc,heap        ] GC(561) PSYoungGen: 1048576K(1223168K)->72980K(1223168K) Eden: 1048576K(1048576K)->72980K(1048576K) From: 0K(174592K)->0K(174592K)
[363.086s][info][gc,heap        ] GC(561) ParOldGen: 2796490K(2796544K)->2796486K(2796544K)
[363.086s][info][gc,metaspace   ] GC(561) Metaspace: 10571K(10816K)->10571K(10816K) NonClass: 9535K(9664K)->9535K(9664K) Class: 1035K(1152K)->1035K(1152K)
[363.086s][info][gc             ] GC(561) Pause Full (Ergonomics) 3754M->2802M(3925M) 171.701ms
[363.086s][info][gc,cpu         ] GC(561) User=1.31s Sys=0.00s Real=0.17s
[363.546s][info][gc,start       ] GC(562) Pause Full (Ergonomics)
[363.546s][info][gc,phases,start] GC(562) Marking Phase
[363.576s][info][gc,phases      ] GC(562) Marking Phase 30.181ms
[363.576s][info][gc,phases,start] GC(562) Summary Phase
[363.576s][info][gc,phases      ] GC(562) Summary Phase 0.065ms
[363.576s][info][gc,phases,start] GC(562) Adjust Roots
[363.576s][info][gc,phases      ] GC(562) Adjust Roots 0.428ms
[363.576s][info][gc,phases,start] GC(562) Compaction Phase
[363.707s][info][gc,phases      ] GC(562) Compaction Phase 130.864ms
[363.707s][info][gc,phases,start] GC(562) Post Compact
[363.718s][info][gc,phases      ] GC(562) Post Compact 11.123ms
[363.718s][info][gc,heap        ] GC(562) PSYoungGen: 1048576K(1223168K)->72952K(1223168K) Eden: 1048576K(1048576K)->72952K(1048576K) From: 0K(174592K)->0K(174592K)
[363.719s][info][gc,heap        ] GC(562) ParOldGen: 2796486K(2796544K)->2796514K(2796544K)
[363.719s][info][gc,metaspace   ] GC(562) Metaspace: 10571K(10816K)->10571K(10816K) NonClass: 9535K(9664K)->9535K(9664K) Class: 1035K(1152K)->1035K(1152K)
[363.719s][info][gc             ] GC(562) Pause Full (Ergonomics) 3754M->2802M(3925M) 173.024ms
[363.719s][info][gc,cpu         ] GC(562) User=1.31s Sys=0.00s Real=0.17s
[364.184s][info][gc,start       ] GC(563) Pause Full (Ergonomics)
[364.184s][info][gc,phases,start] GC(563) Marking Phase
[364.214s][info][gc,phases      ] GC(563) Marking Phase 29.698ms
[364.214s][info][gc,phases,start] GC(563) Summary Phase
[364.214s][info][gc,phases      ] GC(563) Summary Phase 0.065ms
[364.214s][info][gc,phases,start] GC(563) Adjust Roots
[364.214s][info][gc,phases      ] GC(563) Adjust Roots 0.421ms
[364.214s][info][gc,phases,start] GC(563) Compaction Phase
[364.345s][info][gc,phases      ] GC(563) Compaction Phase 131.229ms
[364.345s][info][gc,phases,start] GC(563) Post Compact
[364.354s][info][gc,phases      ] GC(563) Post Compact 8.846ms
[364.354s][info][gc,heap        ] GC(563) PSYoungGen: 1048576K(1223168K)->72988K(1223168K) Eden: 1048576K(1048576K)->72988K(1048576K) From: 0K(174592K)->0K(174592K)
[364.354s][info][gc,heap        ] GC(563) ParOldGen: 2796514K(2796544K)->2796477K(2796544K)
[364.354s][info][gc,metaspace   ] GC(563) Metaspace: 10571K(10816K)->10571K(10816K) NonClass: 9535K(9664K)->9535K(9664K) Class: 1035K(1152K)->1035K(1152K)
[364.354s][info][gc             ] GC(563) Pause Full (Ergonomics) 3754M->2802M(3925M) 170.609ms
[364.354s][info][gc,cpu         ] GC(563) User=1.30s Sys=0.01s Real=0.17s
[364.820s][info][gc,start       ] GC(564) Pause Full (Ergonomics)
[364.821s][info][gc,phases,start] GC(564) Marking Phase
[364.852s][info][gc,phases      ] GC(564) Marking Phase 31.961ms
[364.853s][info][gc,phases,start] GC(564) Summary Phase
[364.853s][info][gc,phases      ] GC(564) Summary Phase 0.064ms
[364.853s][info][gc,phases,start] GC(564) Adjust Roots
[364.853s][info][gc,phases      ] GC(564) Adjust Roots 0.419ms
[364.853s][info][gc,phases,start] GC(564) Compaction Phase
[364.985s][info][gc,phases      ] GC(564) Compaction Phase 132.028ms
[364.985s][info][gc,phases,start] GC(564) Post Compact
[364.992s][info][gc,phases      ] GC(564) Post Compact 6.531ms
[364.992s][info][gc,heap        ] GC(564) PSYoungGen: 1048576K(1223168K)->73001K(1223168K) Eden: 1048576K(1048576K)->73001K(1048576K) From: 0K(174592K)->0K(174592K)
[364.992s][info][gc,heap        ] GC(564) ParOldGen: 2796477K(2796544K)->2796465K(2796544K)
[364.992s][info][gc,metaspace   ] GC(564) Metaspace: 10571K(10816K)->10571K(10816K) NonClass: 9535K(9664K)->9535K(9664K) Class: 1035K(1152K)->1035K(1152K)
[364.992s][info][gc             ] GC(564) Pause Full (Ergonomics) 3754M->2802M(3925M) 171.330ms
[364.992s][info][gc,cpu         ] GC(564) User=1.31s Sys=0.00s Real=0.17s
[365.467s][info][gc,start       ] GC(565) Pause Full (Ergonomics)
[365.467s][info][gc,phases,start] GC(565) Marking Phase
[365.497s][info][gc,phases      ] GC(565) Marking Phase 30.674ms
[365.497s][info][gc,phases,start] GC(565) Summary Phase
[365.498s][info][gc,phases      ] GC(565) Summary Phase 0.064ms
[365.498s][info][gc,phases,start] GC(565) Adjust Roots
[365.498s][info][gc,phases      ] GC(565) Adjust Roots 0.406ms
[365.498s][info][gc,phases,start] GC(565) Compaction Phase
[365.630s][info][gc,phases      ] GC(565) Compaction Phase 131.576ms
[365.630s][info][gc,phases,start] GC(565) Post Compact
[365.639s][info][gc,phases      ] GC(565) Post Compact 8.956ms
[365.639s][info][gc,heap        ] GC(565) PSYoungGen: 1048576K(1223168K)->72952K(1223168K) Eden: 1048576K(1048576K)->72952K(1048576K) From: 0K(174592K)->0K(174592K)
[365.639s][info][gc,heap        ] GC(565) ParOldGen: 2796465K(2796544K)->2796514K(2796544K)
[365.639s][info][gc,metaspace   ] GC(565) Metaspace: 10571K(10816K)->10571K(10816K) NonClass: 9535K(9664K)->9535K(9664K) Class: 1035K(1152K)->1035K(1152K)
[365.639s][info][gc             ] GC(565) Pause Full (Ergonomics) 3754M->2802M(3925M) 172.039ms
[365.639s][info][gc,cpu         ] GC(565) User=1.32s Sys=0.00s Real=0.17s
[366.116s][info][gc,start       ] GC(566) Pause Full (Ergonomics)
[366.116s][info][gc,phases,start] GC(566) Marking Phase
[366.146s][info][gc,phases      ] GC(566) Marking Phase 29.964ms
[366.151s][info][gc,phases,start] GC(566) Summary Phase
[366.151s][info][gc,phases      ] GC(566) Summary Phase 0.116ms
[366.151s][info][gc,phases,start] GC(566) Adjust Roots
[366.152s][info][gc,phases      ] GC(566) Adjust Roots 0.807ms
[366.152s][info][gc,phases,start] GC(566) Compaction Phase
[366.284s][info][gc,phases      ] GC(566) Compaction Phase 132.102ms
[366.284s][info][gc,phases,start] GC(566) Post Compact
[366.292s][info][gc,phases      ] GC(566) Post Compact 7.288ms
[366.292s][info][gc,heap        ] GC(566) PSYoungGen: 1048576K(1223168K)->72935K(1223168K) Eden: 1048576K(1048576K)->72935K(1048576K) From: 0K(174592K)->0K(174592K)
[366.292s][info][gc,heap        ] GC(566) ParOldGen: 2796514K(2796544K)->2796530K(2796544K)
[366.292s][info][gc,metaspace   ] GC(566) Metaspace: 10571K(10816K)->10571K(10816K) NonClass: 9535K(9664K)->9535K(9664K) Class: 1035K(1152K)->1035K(1152K)
[366.292s][info][gc             ] GC(566) Pause Full (Ergonomics) 3754M->2802M(3925M) 175.846ms
[366.292s][info][gc,cpu         ] GC(566) User=1.31s Sys=0.00s Real=0.17s
[366.763s][info][gc,start       ] GC(567) Pause Full (Ergonomics)
[366.763s][info][gc,phases,start] GC(567) Marking Phase
[366.795s][info][gc,phases      ] GC(567) Marking Phase 31.488ms
[366.795s][info][gc,phases,start] GC(567) Summary Phase
[366.795s][info][gc,phases      ] GC(567) Summary Phase 0.063ms
[366.795s][info][gc,phases,start] GC(567) Adjust Roots
[366.795s][info][gc,phases      ] GC(567) Adjust Roots 0.557ms
[366.795s][info][gc,phases,start] GC(567) Compaction Phase
[366.927s][info][gc,phases      ] GC(567) Compaction Phase 131.297ms
[366.927s][info][gc,phases,start] GC(567) Post Compact
[366.936s][info][gc,phases      ] GC(567) Post Compact 9.432ms
[366.936s][info][gc,heap        ] GC(567) PSYoungGen: 1048576K(1223168K)->72956K(1223168K) Eden: 1048576K(1048576K)->72956K(1048576K) From: 0K(174592K)->0K(174592K)
[366.936s][info][gc,heap        ] GC(567) ParOldGen: 2796530K(2796544K)->2796510K(2796544K)
[366.936s][info][gc,metaspace   ] GC(567) Metaspace: 10571K(10816K)->10571K(10816K) NonClass: 9535K(9664K)->9535K(9664K) Class: 1035K(1152K)->1035K(1152K)
[366.936s][info][gc             ] GC(567) Pause Full (Ergonomics) 3754M->2802M(3925M) 173.168ms
[366.936s][info][gc,cpu         ] GC(567) User=1.31s Sys=0.00s Real=0.17s
[367.398s][info][gc,start       ] GC(568) Pause Full (Ergonomics)
[367.398s][info][gc,phases,start] GC(568) Marking Phase
[367.427s][info][gc,phases      ] GC(568) Marking Phase 29.213ms
[367.427s][info][gc,phases,start] GC(568) Summary Phase
[367.427s][info][gc,phases      ] GC(568) Summary Phase 0.063ms
[367.427s][info][gc,phases,start] GC(568) Adjust Roots
[367.428s][info][gc,phases      ] GC(568) Adjust Roots 0.404ms
[367.428s][info][gc,phases,start] GC(568) Compaction Phase
[367.558s][info][gc,phases      ] GC(568) Compaction Phase 130.541ms
[367.558s][info][gc,phases,start] GC(568) Post Compact
[367.568s][info][gc,phases      ] GC(568) Post Compact 9.762ms
[367.568s][info][gc,heap        ] GC(568) PSYoungGen: 1048576K(1223168K)->72992K(1223168K) Eden: 1048576K(1048576K)->72992K(1048576K) From: 0K(174592K)->0K(174592K)
[367.568s][info][gc,heap        ] GC(568) ParOldGen: 2796510K(2796544K)->2796473K(2796544K)
[367.568s][info][gc,metaspace   ] GC(568) Metaspace: 10571K(10816K)->10571K(10816K) NonClass: 9535K(9664K)->9535K(9664K) Class: 1035K(1152K)->1035K(1152K)
[367.568s][info][gc             ] GC(568) Pause Full (Ergonomics) 3754M->2802M(3925M) 170.310ms
[367.568s][info][gc,cpu         ] GC(568) User=1.31s Sys=0.00s Real=0.17s
[368.044s][info][gc,start       ] GC(569) Pause Full (Ergonomics)
[368.044s][info][gc,phases,start] GC(569) Marking Phase
[368.075s][info][gc,phases      ] GC(569) Marking Phase 31.129ms
[368.075s][info][gc,phases,start] GC(569) Summary Phase
[368.076s][info][gc,phases      ] GC(569) Summary Phase 0.064ms
[368.076s][info][gc,phases,start] GC(569) Adjust Roots
[368.076s][info][gc,phases      ] GC(569) Adjust Roots 0.554ms
[368.076s][info][gc,phases,start] GC(569) Compaction Phase
[368.208s][info][gc,phases      ] GC(569) Compaction Phase 131.440ms
[368.208s][info][gc,phases,start] GC(569) Post Compact
[368.214s][info][gc,phases      ] GC(569) Post Compact 6.858ms
[368.215s][info][gc,heap        ] GC(569) PSYoungGen: 1048576K(1223168K)->72984K(1223168K) Eden: 1048576K(1048576K)->72984K(1048576K) From: 0K(174592K)->0K(174592K)
[368.215s][info][gc,heap        ] GC(569) ParOldGen: 2796473K(2796544K)->2796482K(2796544K)
[368.215s][info][gc,metaspace   ] GC(569) Metaspace: 10571K(10816K)->10571K(10816K) NonClass: 9535K(9664K)->9535K(9664K) Class: 1035K(1152K)->1035K(1152K)
[368.215s][info][gc             ] GC(569) Pause Full (Ergonomics) 3754M->2802M(3925M) 170.375ms
[368.215s][info][gc,cpu         ] GC(569) User=1.31s Sys=0.00s Real=0.17s
[368.672s][info][gc,start       ] GC(570) Pause Full (Ergonomics)
[368.672s][info][gc,phases,start] GC(570) Marking Phase
[368.703s][info][gc,phases      ] GC(570) Marking Phase 30.748ms
[368.703s][info][gc,phases,start] GC(570) Summary Phase
[368.703s][info][gc,phases      ] GC(570) Summary Phase 0.065ms
[368.703s][info][gc,phases,start] GC(570) Adjust Roots
[368.703s][info][gc,phases      ] GC(570) Adjust Roots 0.405ms
[368.703s][info][gc,phases,start] GC(570) Compaction Phase
[368.835s][info][gc,phases      ] GC(570) Compaction Phase 131.160ms
[368.835s][info][gc,phases,start] GC(570) Post Compact
[368.844s][info][gc,phases      ] GC(570) Post Compact 9.670ms
[368.844s][info][gc,heap        ] GC(570) PSYoungGen: 1048576K(1223168K)->72964K(1223168K) Eden: 1048576K(1048576K)->72964K(1048576K) From: 0K(174592K)->0K(174592K)
[368.844s][info][gc,heap        ] GC(570) ParOldGen: 2796482K(2796544K)->2796502K(2796544K)
[368.844s][info][gc,metaspace   ] GC(570) Metaspace: 10571K(10816K)->10571K(10816K) NonClass: 9535K(9664K)->9535K(9664K) Class: 1035K(1152K)->1035K(1152K)
[368.844s][info][gc             ] GC(570) Pause Full (Ergonomics) 3754M->2802M(3925M) 172.382ms
[368.844s][info][gc,cpu         ] GC(570) User=1.31s Sys=0.00s Real=0.18s
[369.311s][info][gc,start       ] GC(571) Pause Full (Ergonomics)
[369.311s][info][gc,phases,start] GC(571) Marking Phase
[369.343s][info][gc,phases      ] GC(571) Marking Phase 31.841ms
[369.343s][info][gc,phases,start] GC(571) Summary Phase
[369.343s][info][gc,phases      ] GC(571) Summary Phase 0.065ms
[369.343s][info][gc,phases,start] GC(571) Adjust Roots
[369.344s][info][gc,phases      ] GC(571) Adjust Roots 0.555ms
[369.344s][info][gc,phases,start] GC(571) Compaction Phase
[369.475s][info][gc,phases      ] GC(571) Compaction Phase 130.657ms
[369.475s][info][gc,phases,start] GC(571) Post Compact
[369.484s][info][gc,phases      ] GC(571) Post Compact 9.518ms
[369.484s][info][gc,heap        ] GC(571) PSYoungGen: 1048576K(1223168K)->72956K(1223168K) Eden: 1048576K(1048576K)->72956K(1048576K) From: 0K(174592K)->0K(174592K)
[369.484s][info][gc,heap        ] GC(571) ParOldGen: 2796502K(2796544K)->2796510K(2796544K)
[369.484s][info][gc,metaspace   ] GC(571) Metaspace: 10571K(10816K)->10571K(10816K) NonClass: 9535K(9664K)->9535K(9664K) Class: 1035K(1152K)->1035K(1152K)
[369.484s][info][gc             ] GC(571) Pause Full (Ergonomics) 3754M->2802M(3925M) 172.970ms
[369.484s][info][gc,cpu         ] GC(571) User=1.31s Sys=0.00s Real=0.18s
[369.948s][info][gc,start       ] GC(572) Pause Full (Ergonomics)
[369.948s][info][gc,phases,start] GC(572) Marking Phase
[369.978s][info][gc,phases      ] GC(572) Marking Phase 30.473ms
[369.978s][info][gc,phases,start] GC(572) Summary Phase
[369.978s][info][gc,phases      ] GC(572) Summary Phase 0.063ms
[369.978s][info][gc,phases,start] GC(572) Adjust Roots
[369.979s][info][gc,phases      ] GC(572) Adjust Roots 0.407ms
[369.979s][info][gc,phases,start] GC(572) Compaction Phase
[370.107s][info][gc,phases      ] GC(572) Compaction Phase 128.607ms
[370.107s][info][gc,phases,start] GC(572) Post Compact
[370.117s][info][gc,phases      ] GC(572) Post Compact 9.779ms
[370.117s][info][gc,heap        ] GC(572) PSYoungGen: 1048576K(1223168K)->72964K(1223168K) Eden: 1048576K(1048576K)->72964K(1048576K) From: 0K(174592K)->0K(174592K)
[370.117s][info][gc,heap        ] GC(572) ParOldGen: 2796510K(2796544K)->2796502K(2796544K)
[370.117s][info][gc,metaspace   ] GC(572) Metaspace: 10571K(10816K)->10571K(10816K) NonClass: 9535K(9664K)->9535K(9664K) Class: 1035K(1152K)->1035K(1152K)
[370.117s][info][gc             ] GC(572) Pause Full (Ergonomics) 3754M->2802M(3925M) 169.654ms
[370.117s][info][gc,cpu         ] GC(572) User=1.31s Sys=0.00s Real=0.17s
[370.583s][info][gc,start       ] GC(573) Pause Full (Ergonomics)
[370.583s][info][gc,phases,start] GC(573) Marking Phase
[370.613s][info][gc,phases      ] GC(573) Marking Phase 29.981ms
[370.613s][info][gc,phases,start] GC(573) Summary Phase
[370.613s][info][gc,phases      ] GC(573) Summary Phase 0.064ms
[370.613s][info][gc,phases,start] GC(573) Adjust Roots
[370.614s][info][gc,phases      ] GC(573) Adjust Roots 0.562ms
[370.614s][info][gc,phases,start] GC(573) Compaction Phase
[370.745s][info][gc,phases      ] GC(573) Compaction Phase 131.363ms
[370.745s][info][gc,phases,start] GC(573) Post Compact
[370.756s][info][gc,phases      ] GC(573) Post Compact 11.352ms
[370.756s][info][gc,heap        ] GC(573) PSYoungGen: 1048576K(1223168K)->72972K(1223168K) Eden: 1048576K(1048576K)->72972K(1048576K) From: 0K(174592K)->0K(174592K)
[370.756s][info][gc,heap        ] GC(573) ParOldGen: 2796502K(2796544K)->2796494K(2796544K)
[370.756s][info][gc,metaspace   ] GC(573) Metaspace: 10571K(10816K)->10571K(10816K) NonClass: 9535K(9664K)->9535K(9664K) Class: 1035K(1152K)->1035K(1152K)
[370.756s][info][gc             ] GC(573) Pause Full (Ergonomics) 3754M->2802M(3925M) 173.657ms
[370.756s][info][gc,cpu         ] GC(573) User=1.31s Sys=0.00s Real=0.17s
[371.223s][info][gc,start       ] GC(574) Pause Full (Ergonomics)
[371.223s][info][gc,phases,start] GC(574) Marking Phase
[371.253s][info][gc,phases      ] GC(574) Marking Phase 29.962ms
[371.253s][info][gc,phases,start] GC(574) Summary Phase
[371.253s][info][gc,phases      ] GC(574) Summary Phase 0.064ms
[371.253s][info][gc,phases,start] GC(574) Adjust Roots
[371.254s][info][gc,phases      ] GC(574) Adjust Roots 0.576ms
[371.254s][info][gc,phases,start] GC(574) Compaction Phase
[371.385s][info][gc,phases      ] GC(574) Compaction Phase 131.742ms
[371.385s][info][gc,phases,start] GC(574) Post Compact
[371.392s][info][gc,phases      ] GC(574) Post Compact 6.524ms
[371.392s][info][gc,heap        ] GC(574) PSYoungGen: 1048576K(1223168K)->72956K(1223168K) Eden: 1048576K(1048576K)->72956K(1048576K) From: 0K(174592K)->0K(174592K)
[371.392s][info][gc,heap        ] GC(574) ParOldGen: 2796494K(2796544K)->2796510K(2796544K)
[371.392s][info][gc,metaspace   ] GC(574) Metaspace: 10571K(10816K)->10571K(10816K) NonClass: 9535K(9664K)->9535K(9664K) Class: 1035K(1152K)->1035K(1152K)
[371.392s][info][gc             ] GC(574) Pause Full (Ergonomics) 3754M->2802M(3925M) 169.197ms
[371.392s][info][gc,cpu         ] GC(574) User=1.30s Sys=0.00s Real=0.16s
[371.865s][info][gc,start       ] GC(575) Pause Full (Ergonomics)
[371.865s][info][gc,phases,start] GC(575) Marking Phase
[371.896s][info][gc,phases      ] GC(575) Marking Phase 30.514ms
[371.896s][info][gc,phases,start] GC(575) Summary Phase
[371.896s][info][gc,phases      ] GC(575) Summary Phase 0.065ms
[371.896s][info][gc,phases,start] GC(575) Adjust Roots
[371.896s][info][gc,phases      ] GC(575) Adjust Roots 0.401ms
[371.896s][info][gc,phases,start] GC(575) Compaction Phase
[372.028s][info][gc,phases      ] GC(575) Compaction Phase 131.301ms
[372.028s][info][gc,phases,start] GC(575) Post Compact
[372.039s][info][gc,phases      ] GC(575) Post Compact 11.188ms
[372.039s][info][gc,heap        ] GC(575) PSYoungGen: 1048576K(1223168K)->72976K(1223168K) Eden: 1048576K(1048576K)->72976K(1048576K) From: 0K(174592K)->0K(174592K)
[372.039s][info][gc,heap        ] GC(575) ParOldGen: 2796510K(2796544K)->2796490K(2796544K)
[372.039s][info][gc,metaspace   ] GC(575) Metaspace: 10571K(10816K)->10571K(10816K) NonClass: 9535K(9664K)->9535K(9664K) Class: 1035K(1152K)->1035K(1152K)
[372.039s][info][gc             ] GC(575) Pause Full (Ergonomics) 3754M->2802M(3925M) 173.846ms
[372.039s][info][gc,cpu         ] GC(575) User=1.31s Sys=0.00s Real=0.17s
[372.510s][info][gc,start       ] GC(576) Pause Full (Ergonomics)
[372.510s][info][gc,phases,start] GC(576) Marking Phase
[372.540s][info][gc,phases      ] GC(576) Marking Phase 30.080ms
[372.540s][info][gc,phases,start] GC(576) Summary Phase
[372.540s][info][gc,phases      ] GC(576) Summary Phase 0.064ms
[372.540s][info][gc,phases,start] GC(576) Adjust Roots
[372.541s][info][gc,phases      ] GC(576) Adjust Roots 0.571ms
[372.541s][info][gc,phases,start] GC(576) Compaction Phase
[372.672s][info][gc,phases      ] GC(576) Compaction Phase 130.960ms
[372.672s][info][gc,phases,start] GC(576) Post Compact
[372.681s][info][gc,phases      ] GC(576) Post Compact 8.969ms
[372.681s][info][gc,heap        ] GC(576) PSYoungGen: 1048576K(1223168K)->72956K(1223168K) Eden: 1048576K(1048576K)->72956K(1048576K) From: 0K(174592K)->0K(174592K)
[372.681s][info][gc,heap        ] GC(576) ParOldGen: 2796490K(2796544K)->2796510K(2796544K)
[372.681s][info][gc,metaspace   ] GC(576) Metaspace: 10571K(10816K)->10571K(10816K) NonClass: 9535K(9664K)->9535K(9664K) Class: 1035K(1152K)->1035K(1152K)
[372.681s][info][gc             ] GC(576) Pause Full (Ergonomics) 3754M->2802M(3925M) 170.971ms
[372.681s][info][gc,cpu         ] GC(576) User=1.31s Sys=0.00s Real=0.17s
[373.150s][info][gc,start       ] GC(577) Pause Full (Ergonomics)
[373.150s][info][gc,phases,start] GC(577) Marking Phase
[373.183s][info][gc,phases      ] GC(577) Marking Phase 32.530ms
[373.183s][info][gc,phases,start] GC(577) Summary Phase
[373.183s][info][gc,phases      ] GC(577) Summary Phase 0.065ms
[373.183s][info][gc,phases,start] GC(577) Adjust Roots
[373.183s][info][gc,phases      ] GC(577) Adjust Roots 0.403ms
[373.183s][info][gc,phases,start] GC(577) Compaction Phase
[373.315s][info][gc,phases      ] GC(577) Compaction Phase 131.713ms
[373.315s][info][gc,phases,start] GC(577) Post Compact
[373.323s][info][gc,phases      ] GC(577) Post Compact 7.525ms
[373.323s][info][gc,heap        ] GC(577) PSYoungGen: 1048576K(1223168K)->72960K(1223168K) Eden: 1048576K(1048576K)->72960K(1048576K) From: 0K(174592K)->0K(174592K)
[373.323s][info][gc,heap        ] GC(577) ParOldGen: 2796510K(2796544K)->2796506K(2796544K)
[373.323s][info][gc,metaspace   ] GC(577) Metaspace: 10571K(10816K)->10571K(10816K) NonClass: 9535K(9664K)->9535K(9664K) Class: 1035K(1152K)->1035K(1152K)
[373.323s][info][gc             ] GC(577) Pause Full (Ergonomics) 3754M->2802M(3925M) 172.566ms
[373.323s][info][gc,cpu         ] GC(577) User=1.31s Sys=0.00s Real=0.18s
[373.790s][info][gc,start       ] GC(578) Pause Full (Ergonomics)
[373.790s][info][gc,phases,start] GC(578) Marking Phase
[373.821s][info][gc,phases      ] GC(578) Marking Phase 30.158ms
[373.821s][info][gc,phases,start] GC(578) Summary Phase
[373.821s][info][gc,phases      ] GC(578) Summary Phase 0.064ms
[373.821s][info][gc,phases,start] GC(578) Adjust Roots
[373.821s][info][gc,phases      ] GC(578) Adjust Roots 0.624ms
[373.821s][info][gc,phases,start] GC(578) Compaction Phase
[373.953s][info][gc,phases      ] GC(578) Compaction Phase 131.483ms
[373.953s][info][gc,phases,start] GC(578) Post Compact
[373.966s][info][gc,phases      ] GC(578) Post Compact 13.613ms
[373.967s][info][gc,heap        ] GC(578) PSYoungGen: 1048576K(1223168K)->72980K(1223168K) Eden: 1048576K(1048576K)->72980K(1048576K) From: 0K(174592K)->0K(174592K)
[373.967s][info][gc,heap        ] GC(578) ParOldGen: 2796506K(2796544K)->2796486K(2796544K)
[373.967s][info][gc,metaspace   ] GC(578) Metaspace: 10571K(10816K)->10571K(10816K) NonClass: 9535K(9664K)->9535K(9664K) Class: 1035K(1152K)->1035K(1152K)
[373.967s][info][gc             ] GC(578) Pause Full (Ergonomics) 3754M->2802M(3925M) 176.279ms
[373.967s][info][gc,cpu         ] GC(578) User=1.31s Sys=0.00s Real=0.18s
[374.434s][info][gc,start       ] GC(579) Pause Full (Ergonomics)
[374.434s][info][gc,phases,start] GC(579) Marking Phase
[374.464s][info][gc,phases      ] GC(579) Marking Phase 29.716ms
[374.464s][info][gc,phases,start] GC(579) Summary Phase
[374.464s][info][gc,phases      ] GC(579) Summary Phase 0.063ms
[374.464s][info][gc,phases,start] GC(579) Adjust Roots
[374.464s][info][gc,phases      ] GC(579) Adjust Roots 0.557ms
[374.464s][info][gc,phases,start] GC(579) Compaction Phase
[374.595s][info][gc,phases      ] GC(579) Compaction Phase 130.586ms
[374.595s][info][gc,phases,start] GC(579) Post Compact
[374.606s][info][gc,phases      ] GC(579) Post Compact 11.238ms
[374.606s][info][gc,heap        ] GC(579) PSYoungGen: 1048576K(1223168K)->72980K(1223168K) Eden: 1048576K(1048576K)->72980K(1048576K) From: 0K(174592K)->0K(174592K)
[374.606s][info][gc,heap        ] GC(579) ParOldGen: 2796486K(2796544K)->2796485K(2796544K)
[374.606s][info][gc,metaspace   ] GC(579) Metaspace: 10571K(10816K)->10571K(10816K) NonClass: 9535K(9664K)->9535K(9664K) Class: 1035K(1152K)->1035K(1152K)
[374.606s][info][gc             ] GC(579) Pause Full (Ergonomics) 3754M->2802M(3925M) 172.502ms
[374.606s][info][gc,cpu         ] GC(579) User=1.31s Sys=0.00s Real=0.17s
[375.086s][info][gc,start       ] GC(580) Pause Full (Ergonomics)
[375.086s][info][gc,phases,start] GC(580) Marking Phase
[375.118s][info][gc,phases      ] GC(580) Marking Phase 31.428ms
[375.118s][info][gc,phases,start] GC(580) Summary Phase
[375.118s][info][gc,phases      ] GC(580) Summary Phase 0.064ms
[375.118s][info][gc,phases,start] GC(580) Adjust Roots
[375.119s][info][gc,phases      ] GC(580) Adjust Roots 0.558ms
[375.119s][info][gc,phases,start] GC(580) Compaction Phase
[375.251s][info][gc,phases      ] GC(580) Compaction Phase 131.928ms
[375.251s][info][gc,phases,start] GC(580) Post Compact
[375.261s][info][gc,phases      ] GC(580) Post Compact 10.191ms
[375.261s][info][gc,heap        ] GC(580) PSYoungGen: 1048576K(1223168K)->72984K(1223168K) Eden: 1048576K(1048576K)->72984K(1048576K) From: 0K(174592K)->0K(174592K)
[375.261s][info][gc,heap        ] GC(580) ParOldGen: 2796485K(2796544K)->2796482K(2796544K)
[375.261s][info][gc,metaspace   ] GC(580) Metaspace: 10571K(10816K)->10571K(10816K) NonClass: 9535K(9664K)->9535K(9664K) Class: 1035K(1152K)->1035K(1152K)
[375.261s][info][gc             ] GC(580) Pause Full (Ergonomics) 3754M->2802M(3925M) 174.492ms
[375.261s][info][gc,cpu         ] GC(580) User=1.32s Sys=0.00s Real=0.17s
[375.741s][info][gc,start       ] GC(581) Pause Full (Ergonomics)
[375.741s][info][gc,phases,start] GC(581) Marking Phase
[375.771s][info][gc,phases      ] GC(581) Marking Phase 29.972ms
[375.771s][info][gc,phases,start] GC(581) Summary Phase
[375.772s][info][gc,phases      ] GC(581) Summary Phase 0.064ms
[375.772s][info][gc,phases,start] GC(581) Adjust Roots
[375.772s][info][gc,phases      ] GC(581) Adjust Roots 0.402ms
[375.772s][info][gc,phases,start] GC(581) Compaction Phase
[375.902s][info][gc,phases      ] GC(581) Compaction Phase 130.437ms
[375.902s][info][gc,phases,start] GC(581) Post Compact
[375.910s][info][gc,phases      ] GC(581) Post Compact 7.326ms
[375.910s][info][gc,heap        ] GC(581) PSYoungGen: 1048576K(1223168K)->72964K(1223168K) Eden: 1048576K(1048576K)->72964K(1048576K) From: 0K(174592K)->0K(174592K)
[375.910s][info][gc,heap        ] GC(581) ParOldGen: 2796482K(2796544K)->2796502K(2796544K)
[375.910s][info][gc,metaspace   ] GC(581) Metaspace: 10571K(10816K)->10571K(10816K) NonClass: 9535K(9664K)->9535K(9664K) Class: 1035K(1152K)->1035K(1152K)
[375.910s][info][gc             ] GC(581) Pause Full (Ergonomics) 3754M->2802M(3925M) 168.537ms
[375.910s][info][gc,cpu         ] GC(581) User=1.29s Sys=0.00s Real=0.17s
[376.378s][info][gc,start       ] GC(582) Pause Full (Ergonomics)
[376.378s][info][gc,phases,start] GC(582) Marking Phase
[376.409s][info][gc,phases      ] GC(582) Marking Phase 31.508ms
[376.409s][info][gc,phases,start] GC(582) Summary Phase
[376.409s][info][gc,phases      ] GC(582) Summary Phase 0.080ms
[376.409s][info][gc,phases,start] GC(582) Adjust Roots
[376.410s][info][gc,phases      ] GC(582) Adjust Roots 0.553ms
[376.410s][info][gc,phases,start] GC(582) Compaction Phase
[376.542s][info][gc,phases      ] GC(582) Compaction Phase 131.680ms
[376.542s][info][gc,phases,start] GC(582) Post Compact
[376.551s][info][gc,phases      ] GC(582) Post Compact 9.042ms
[376.551s][info][gc,heap        ] GC(582) PSYoungGen: 1048576K(1223168K)->72927K(1223168K) Eden: 1048576K(1048576K)->72927K(1048576K) From: 0K(174592K)->0K(174592K)
[376.551s][info][gc,heap        ] GC(582) ParOldGen: 2796502K(2796544K)->2796538K(2796544K)
[376.551s][info][gc,metaspace   ] GC(582) Metaspace: 10571K(10816K)->10571K(10816K) NonClass: 9535K(9664K)->9535K(9664K) Class: 1035K(1152K)->1035K(1152K)
[376.551s][info][gc             ] GC(582) Pause Full (Ergonomics) 3754M->2802M(3925M) 173.197ms
[376.551s][info][gc,cpu         ] GC(582) User=1.32s Sys=0.00s Real=0.17s
[377.024s][info][gc,start       ] GC(583) Pause Full (Ergonomics)
[377.024s][info][gc,phases,start] GC(583) Marking Phase
[377.058s][info][gc,phases      ] GC(583) Marking Phase 33.201ms
[377.058s][info][gc,phases,start] GC(583) Summary Phase
[377.058s][info][gc,phases      ] GC(583) Summary Phase 0.064ms
[377.058s][info][gc,phases,start] GC(583) Adjust Roots
[377.058s][info][gc,phases      ] GC(583) Adjust Roots 0.428ms
[377.058s][info][gc,phases,start] GC(583) Compaction Phase
[377.190s][info][gc,phases      ] GC(583) Compaction Phase 131.686ms
[377.190s][info][gc,phases,start] GC(583) Post Compact
[377.197s][info][gc,phases      ] GC(583) Post Compact 6.827ms
[377.197s][info][gc,heap        ] GC(583) PSYoungGen: 1048576K(1223168K)->72960K(1223168K) Eden: 1048576K(1048576K)->72960K(1048576K) From: 0K(174592K)->0K(174592K)
[377.197s][info][gc,heap        ] GC(583) ParOldGen: 2796538K(2796544K)->2796506K(2796544K)
[377.197s][info][gc,metaspace   ] GC(583) Metaspace: 10571K(10816K)->10571K(10816K) NonClass: 9535K(9664K)->9535K(9664K) Class: 1035K(1152K)->1035K(1152K)
[377.197s][info][gc             ] GC(583) Pause Full (Ergonomics) 3754M->2802M(3925M) 172.526ms
[377.197s][info][gc,cpu         ] GC(583) User=1.31s Sys=0.01s Real=0.17s
[377.668s][info][gc,start       ] GC(584) Pause Full (Ergonomics)
[377.668s][info][gc,phases,start] GC(584) Marking Phase
[377.699s][info][gc,phases      ] GC(584) Marking Phase 31.294ms
[377.699s][info][gc,phases,start] GC(584) Summary Phase
[377.699s][info][gc,phases      ] GC(584) Summary Phase 0.064ms
[377.699s][info][gc,phases,start] GC(584) Adjust Roots
[377.700s][info][gc,phases      ] GC(584) Adjust Roots 0.417ms
[377.700s][info][gc,phases,start] GC(584) Compaction Phase
[377.831s][info][gc,phases      ] GC(584) Compaction Phase 131.162ms
[377.831s][info][gc,phases,start] GC(584) Post Compact
[377.842s][info][gc,phases      ] GC(584) Post Compact 10.731ms
[377.842s][info][gc,heap        ] GC(584) PSYoungGen: 1048576K(1223168K)->72927K(1223168K) Eden: 1048576K(1048576K)->72927K(1048576K) From: 0K(174592K)->0K(174592K)
[377.842s][info][gc,heap        ] GC(584) ParOldGen: 2796506K(2796544K)->2796538K(2796544K)
[377.842s][info][gc,metaspace   ] GC(584) Metaspace: 10571K(10816K)->10571K(10816K) NonClass: 9535K(9664K)->9535K(9664K) Class: 1035K(1152K)->1035K(1152K)
[377.842s][info][gc             ] GC(584) Pause Full (Ergonomics) 3754M->2802M(3925M) 173.995ms
[377.842s][info][gc,cpu         ] GC(584) User=1.31s Sys=0.00s Real=0.18s
[378.305s][info][gc,start       ] GC(585) Pause Full (Ergonomics)
[378.305s][info][gc,phases,start] GC(585) Marking Phase
[378.335s][info][gc,phases      ] GC(585) Marking Phase 30.212ms
[378.335s][info][gc,phases,start] GC(585) Summary Phase
[378.335s][info][gc,phases      ] GC(585) Summary Phase 0.063ms
[378.335s][info][gc,phases,start] GC(585) Adjust Roots
[378.335s][info][gc,phases      ] GC(585) Adjust Roots 0.416ms
[378.335s][info][gc,phases,start] GC(585) Compaction Phase
[378.466s][info][gc,phases      ] GC(585) Compaction Phase 130.923ms
[378.466s][info][gc,phases,start] GC(585) Post Compact
[378.476s][info][gc,phases      ] GC(585) Post Compact 9.546ms
[378.476s][info][gc,heap        ] GC(585) PSYoungGen: 1048576K(1223168K)->72968K(1223168K) Eden: 1048576K(1048576K)->72968K(1048576K) From: 0K(174592K)->0K(174592K)
[378.476s][info][gc,heap        ] GC(585) ParOldGen: 2796538K(2796544K)->2796498K(2796544K)
[378.476s][info][gc,metaspace   ] GC(585) Metaspace: 10571K(10816K)->10571K(10816K) NonClass: 9535K(9664K)->9535K(9664K) Class: 1035K(1152K)->1035K(1152K)
[378.476s][info][gc             ] GC(585) Pause Full (Ergonomics) 3754M->2802M(3925M) 171.508ms
[378.476s][info][gc,cpu         ] GC(585) User=1.32s Sys=0.00s Real=0.17s
[378.943s][info][gc,start       ] GC(586) Pause Full (Ergonomics)
[378.943s][info][gc,phases,start] GC(586) Marking Phase
[378.973s][info][gc,phases      ] GC(586) Marking Phase 30.078ms
[378.973s][info][gc,phases,start] GC(586) Summary Phase
[378.973s][info][gc,phases      ] GC(586) Summary Phase 0.065ms
[378.973s][info][gc,phases,start] GC(586) Adjust Roots
[378.974s][info][gc,phases      ] GC(586) Adjust Roots 0.411ms
[378.974s][info][gc,phases,start] GC(586) Compaction Phase
[379.104s][info][gc,phases      ] GC(586) Compaction Phase 130.795ms
[379.104s][info][gc,phases,start] GC(586) Post Compact
[379.112s][info][gc,phases      ] GC(586) Post Compact 7.307ms
[379.112s][info][gc,heap        ] GC(586) PSYoungGen: 1048576K(1223168K)->72976K(1223168K) Eden: 1048576K(1048576K)->72976K(1048576K) From: 0K(174592K)->0K(174592K)
[379.112s][info][gc,heap        ] GC(586) ParOldGen: 2796498K(2796544K)->2796490K(2796544K)
[379.112s][info][gc,metaspace   ] GC(586) Metaspace: 10571K(10816K)->10571K(10816K) NonClass: 9535K(9664K)->9535K(9664K) Class: 1035K(1152K)->1035K(1152K)
[379.112s][info][gc             ] GC(586) Pause Full (Ergonomics) 3754M->2802M(3925M) 168.991ms
[379.112s][info][gc,cpu         ] GC(586) User=1.30s Sys=0.00s Real=0.16s
[379.571s][info][gc,start       ] GC(587) Pause Full (Ergonomics)
[379.571s][info][gc,phases,start] GC(587) Marking Phase
[379.603s][info][gc,phases      ] GC(587) Marking Phase 31.494ms
[379.603s][info][gc,phases,start] GC(587) Summary Phase
[379.603s][info][gc,phases      ] GC(587) Summary Phase 0.064ms
[379.603s][info][gc,phases,start] GC(587) Adjust Roots
[379.603s][info][gc,phases      ] GC(587) Adjust Roots 0.562ms
[379.603s][info][gc,phases,start] GC(587) Compaction Phase
[379.735s][info][gc,phases      ] GC(587) Compaction Phase 131.181ms
[379.735s][info][gc,phases,start] GC(587) Post Compact
[379.742s][info][gc,phases      ] GC(587) Post Compact 7.157ms
[379.742s][info][gc,heap        ] GC(587) PSYoungGen: 1048576K(1223168K)->73412K(1223168K) Eden: 1048576K(1048576K)->73412K(1048576K) From: 0K(174592K)->0K(174592K)
[379.742s][info][gc,heap        ] GC(587) ParOldGen: 2796490K(2796544K)->2796054K(2796544K)
[379.742s][info][gc,metaspace   ] GC(587) Metaspace: 10571K(10816K)->10571K(10816K) NonClass: 9535K(9664K)->9535K(9664K) Class: 1035K(1152K)->1035K(1152K)
[379.742s][info][gc             ] GC(587) Pause Full (Ergonomics) 3754M->2802M(3925M) 170.782ms
[379.742s][info][gc,cpu         ] GC(587) User=1.31s Sys=0.00s Real=0.18s
[380.203s][info][gc,start       ] GC(588) Pause Full (Ergonomics)
[380.203s][info][gc,phases,start] GC(588) Marking Phase
[380.233s][info][gc,phases      ] GC(588) Marking Phase 29.459ms
[380.233s][info][gc,phases,start] GC(588) Summary Phase
[380.233s][info][gc,phases      ] GC(588) Summary Phase 0.065ms
[380.233s][info][gc,phases,start] GC(588) Adjust Roots
[380.233s][info][gc,phases      ] GC(588) Adjust Roots 0.405ms
[380.233s][info][gc,phases,start] GC(588) Compaction Phase
[380.364s][info][gc,phases      ] GC(588) Compaction Phase 131.252ms
[380.364s][info][gc,phases,start] GC(588) Post Compact
[380.374s][info][gc,phases      ] GC(588) Post Compact 10.100ms
[380.375s][info][gc,heap        ] GC(588) PSYoungGen: 1048576K(1223168K)->72940K(1223168K) Eden: 1048576K(1048576K)->72940K(1048576K) From: 0K(174592K)->0K(174592K)
[380.375s][info][gc,heap        ] GC(588) ParOldGen: 2796054K(2796544K)->2796526K(2796544K)
[380.375s][info][gc,metaspace   ] GC(588) Metaspace: 10571K(10816K)->10571K(10816K) NonClass: 9535K(9664K)->9535K(9664K) Class: 1035K(1152K)->1035K(1152K)
[380.375s][info][gc             ] GC(588) Pause Full (Ergonomics) 3754M->2802M(3925M) 171.628ms
[380.375s][info][gc,cpu         ] GC(588) User=1.31s Sys=0.00s Real=0.17s
[380.845s][info][gc,start       ] GC(589) Pause Full (Ergonomics)
[380.845s][info][gc,phases,start] GC(589) Marking Phase
[380.875s][info][gc,phases      ] GC(589) Marking Phase 30.364ms
[380.875s][info][gc,phases,start] GC(589) Summary Phase
[380.875s][info][gc,phases      ] GC(589) Summary Phase 0.065ms
[380.875s][info][gc,phases,start] GC(589) Adjust Roots
[380.876s][info][gc,phases      ] GC(589) Adjust Roots 0.406ms
[380.876s][info][gc,phases,start] GC(589) Compaction Phase
[381.007s][info][gc,phases      ] GC(589) Compaction Phase 131.368ms
[381.007s][info][gc,phases,start] GC(589) Post Compact
[381.015s][info][gc,phases      ] GC(589) Post Compact 7.980ms
[381.015s][info][gc,heap        ] GC(589) PSYoungGen: 1048576K(1223168K)->72948K(1223168K) Eden: 1048576K(1048576K)->72948K(1048576K) From: 0K(174592K)->0K(174592K)
[381.015s][info][gc,heap        ] GC(589) ParOldGen: 2796526K(2796544K)->2796518K(2796544K)
[381.015s][info][gc,metaspace   ] GC(589) Metaspace: 10571K(10816K)->10571K(10816K) NonClass: 9535K(9664K)->9535K(9664K) Class: 1035K(1152K)->1035K(1152K)
[381.015s][info][gc             ] GC(589) Pause Full (Ergonomics) 3754M->2802M(3925M) 170.513ms
[381.015s][info][gc,cpu         ] GC(589) User=1.30s Sys=0.00s Real=0.17s
[381.484s][info][gc,start       ] GC(590) Pause Full (Ergonomics)
[381.485s][info][gc,phases,start] GC(590) Marking Phase
[381.516s][info][gc,phases      ] GC(590) Marking Phase 31.431ms
[381.516s][info][gc,phases,start] GC(590) Summary Phase
[381.516s][info][gc,phases      ] GC(590) Summary Phase 0.064ms
[381.516s][info][gc,phases,start] GC(590) Adjust Roots
[381.517s][info][gc,phases      ] GC(590) Adjust Roots 0.552ms
[381.517s][info][gc,phases,start] GC(590) Compaction Phase
[381.648s][info][gc,phases      ] GC(590) Compaction Phase 131.352ms
[381.648s][info][gc,phases,start] GC(590) Post Compact
[381.655s][info][gc,phases      ] GC(590) Post Compact 7.014ms
[381.655s][info][gc,heap        ] GC(590) PSYoungGen: 1048576K(1223168K)->72948K(1223168K) Eden: 1048576K(1048576K)->72948K(1048576K) From: 0K(174592K)->0K(174592K)
[381.655s][info][gc,heap        ] GC(590) ParOldGen: 2796518K(2796544K)->2796518K(2796544K)
[381.655s][info][gc,metaspace   ] GC(590) Metaspace: 10571K(10816K)->10571K(10816K) NonClass: 9535K(9664K)->9535K(9664K) Class: 1035K(1152K)->1035K(1152K)
[381.655s][info][gc             ] GC(590) Pause Full (Ergonomics) 3754M->2802M(3925M) 170.747ms
[381.655s][info][gc,cpu         ] GC(590) User=1.31s Sys=0.00s Real=0.17s
[382.135s][info][gc,start       ] GC(591) Pause Full (Ergonomics)
[382.135s][info][gc,phases,start] GC(591) Marking Phase
[382.165s][info][gc,phases      ] GC(591) Marking Phase 30.393ms
[382.165s][info][gc,phases,start] GC(591) Summary Phase
[382.165s][info][gc,phases      ] GC(591) Summary Phase 0.064ms
[382.165s][info][gc,phases,start] GC(591) Adjust Roots
[382.166s][info][gc,phases      ] GC(591) Adjust Roots 0.412ms
[382.166s][info][gc,phases,start] GC(591) Compaction Phase
[382.297s][info][gc,phases      ] GC(591) Compaction Phase 131.089ms
[382.297s][info][gc,phases,start] GC(591) Post Compact
[382.311s][info][gc,phases      ] GC(591) Post Compact 13.614ms
[382.311s][info][gc,heap        ] GC(591) PSYoungGen: 1048573K(1223168K)->72952K(1223168K) Eden: 1048573K(1048576K)->72952K(1048576K) From: 0K(174592K)->0K(174592K)
[382.311s][info][gc,heap        ] GC(591) ParOldGen: 2796518K(2796544K)->2796514K(2796544K)
[382.311s][info][gc,metaspace   ] GC(591) Metaspace: 10571K(10816K)->10571K(10816K) NonClass: 9535K(9664K)->9535K(9664K) Class: 1035K(1152K)->1035K(1152K)
[382.311s][info][gc             ] GC(591) Pause Full (Ergonomics) 3754M->2802M(3925M) 175.919ms
[382.311s][info][gc,cpu         ] GC(591) User=1.31s Sys=0.00s Real=0.17s
[382.777s][info][gc,start       ] GC(592) Pause Full (Ergonomics)
[382.777s][info][gc,phases,start] GC(592) Marking Phase
[382.808s][info][gc,phases      ] GC(592) Marking Phase 30.959ms
[382.808s][info][gc,phases,start] GC(592) Summary Phase
[382.808s][info][gc,phases      ] GC(592) Summary Phase 0.064ms
[382.808s][info][gc,phases,start] GC(592) Adjust Roots
[382.809s][info][gc,phases      ] GC(592) Adjust Roots 0.404ms
[382.809s][info][gc,phases,start] GC(592) Compaction Phase
[382.940s][info][gc,phases      ] GC(592) Compaction Phase 130.814ms
[382.940s][info][gc,phases,start] GC(592) Post Compact
[382.951s][info][gc,phases      ] GC(592) Post Compact 11.571ms
[382.951s][info][gc,heap        ] GC(592) PSYoungGen: 1048576K(1223168K)->72976K(1223168K) Eden: 1048576K(1048576K)->72976K(1048576K) From: 0K(174592K)->0K(174592K)
[382.951s][info][gc,heap        ] GC(592) ParOldGen: 2796514K(2796544K)->2796490K(2796544K)
[382.951s][info][gc,metaspace   ] GC(592) Metaspace: 10571K(10816K)->10571K(10816K) NonClass: 9535K(9664K)->9535K(9664K) Class: 1035K(1152K)->1035K(1152K)
[382.951s][info][gc             ] GC(592) Pause Full (Ergonomics) 3754M->2802M(3925M) 174.142ms
[382.951s][info][gc,cpu         ] GC(592) User=1.32s Sys=0.00s Real=0.17s
[383.417s][info][gc,start       ] GC(593) Pause Full (Ergonomics)
[383.417s][info][gc,phases,start] GC(593) Marking Phase
[383.447s][info][gc,phases      ] GC(593) Marking Phase 29.929ms
[383.447s][info][gc,phases,start] GC(593) Summary Phase
[383.447s][info][gc,phases      ] GC(593) Summary Phase 0.059ms
[383.447s][info][gc,phases,start] GC(593) Adjust Roots
[383.448s][info][gc,phases      ] GC(593) Adjust Roots 0.411ms
[383.448s][info][gc,phases,start] GC(593) Compaction Phase
[383.579s][info][gc,phases      ] GC(593) Compaction Phase 131.298ms
[383.579s][info][gc,phases,start] GC(593) Post Compact
[383.589s][info][gc,phases      ] GC(593) Post Compact 10.325ms
[383.589s][info][gc,heap        ] GC(593) PSYoungGen: 1048576K(1223168K)->72968K(1223168K) Eden: 1048576K(1048576K)->72968K(1048576K) From: 0K(174592K)->0K(174592K)
[383.589s][info][gc,heap        ] GC(593) ParOldGen: 2796490K(2796544K)->2796498K(2796544K)
[383.589s][info][gc,metaspace   ] GC(593) Metaspace: 10571K(10816K)->10571K(10816K) NonClass: 9535K(9664K)->9535K(9664K) Class: 1035K(1152K)->1035K(1152K)
[383.589s][info][gc             ] GC(593) Pause Full (Ergonomics) 3754M->2802M(3925M) 172.367ms
[383.589s][info][gc,cpu         ] GC(593) User=1.32s Sys=0.00s Real=0.17s
[384.054s][info][gc,start       ] GC(594) Pause Full (Ergonomics)
[384.055s][info][gc,phases,start] GC(594) Marking Phase
[384.084s][info][gc,phases      ] GC(594) Marking Phase 29.157ms
[384.084s][info][gc,phases,start] GC(594) Summary Phase
[384.084s][info][gc,phases      ] GC(594) Summary Phase 0.063ms
[384.084s][info][gc,phases,start] GC(594) Adjust Roots
[384.084s][info][gc,phases      ] GC(594) Adjust Roots 0.566ms
[384.084s][info][gc,phases,start] GC(594) Compaction Phase
[384.215s][info][gc,phases      ] GC(594) Compaction Phase 130.189ms
[384.215s][info][gc,phases,start] GC(594) Post Compact
[384.225s][info][gc,phases      ] GC(594) Post Compact 10.363ms
[384.225s][info][gc,heap        ] GC(594) PSYoungGen: 1048576K(1223168K)->72960K(1223168K) Eden: 1048576K(1048576K)->72960K(1048576K) From: 0K(174592K)->0K(174592K)
[384.225s][info][gc,heap        ] GC(594) ParOldGen: 2796498K(2796544K)->2796506K(2796544K)
[384.225s][info][gc,metaspace   ] GC(594) Metaspace: 10571K(10816K)->10571K(10816K) NonClass: 9535K(9664K)->9535K(9664K) Class: 1035K(1152K)->1035K(1152K)
[384.225s][info][gc             ] GC(594) Pause Full (Ergonomics) 3754M->2802M(3925M) 170.669ms
[384.225s][info][gc,cpu         ] GC(594) User=1.30s Sys=0.00s Real=0.17s
[384.703s][info][gc,start       ] GC(595) Pause Full (Ergonomics)
[384.703s][info][gc,phases,start] GC(595) Marking Phase
[384.733s][info][gc,phases      ] GC(595) Marking Phase 29.724ms
[384.733s][info][gc,phases,start] GC(595) Summary Phase
[384.733s][info][gc,phases      ] GC(595) Summary Phase 0.063ms
[384.733s][info][gc,phases,start] GC(595) Adjust Roots
[384.733s][info][gc,phases      ] GC(595) Adjust Roots 0.399ms
[384.733s][info][gc,phases,start] GC(595) Compaction Phase
[384.865s][info][gc,phases      ] GC(595) Compaction Phase 131.850ms
[384.865s][info][gc,phases,start] GC(595) Post Compact
[384.876s][info][gc,phases      ] GC(595) Post Compact 11.181ms
[384.876s][info][gc,heap        ] GC(595) PSYoungGen: 1048576K(1223168K)->72968K(1223168K) Eden: 1048576K(1048576K)->72968K(1048576K) From: 0K(174592K)->0K(174592K)
[384.876s][info][gc,heap        ] GC(595) ParOldGen: 2796506K(2796544K)->2796498K(2796544K)
[384.876s][info][gc,metaspace   ] GC(595) Metaspace: 10571K(10816K)->10571K(10816K) NonClass: 9535K(9664K)->9535K(9664K) Class: 1035K(1152K)->1035K(1152K)
[384.876s][info][gc             ] GC(595) Pause Full (Ergonomics) 3754M->2802M(3925M) 173.568ms
[384.876s][info][gc,cpu         ] GC(595) User=1.31s Sys=0.00s Real=0.17s
[385.344s][info][gc,start       ] GC(596) Pause Full (Ergonomics)
[385.344s][info][gc,phases,start] GC(596) Marking Phase
[385.377s][info][gc,phases      ] GC(596) Marking Phase 32.857ms
[385.377s][info][gc,phases,start] GC(596) Summary Phase
[385.377s][info][gc,phases      ] GC(596) Summary Phase 0.073ms
[385.377s][info][gc,phases,start] GC(596) Adjust Roots
[385.378s][info][gc,phases      ] GC(596) Adjust Roots 0.554ms
[385.378s][info][gc,phases,start] GC(596) Compaction Phase
[385.509s][info][gc,phases      ] GC(596) Compaction Phase 130.542ms
[385.509s][info][gc,phases,start] GC(596) Post Compact
[385.520s][info][gc,phases      ] GC(596) Post Compact 11.491ms
[385.520s][info][gc,heap        ] GC(596) PSYoungGen: 1048576K(1223168K)->72972K(1223168K) Eden: 1048576K(1048576K)->72972K(1048576K) From: 0K(174592K)->0K(174592K)
[385.520s][info][gc,heap        ] GC(596) ParOldGen: 2796498K(2796544K)->2796494K(2796544K)
[385.520s][info][gc,metaspace   ] GC(596) Metaspace: 10571K(10816K)->10571K(10816K) NonClass: 9535K(9664K)->9535K(9664K) Class: 1035K(1152K)->1035K(1152K)
[385.520s][info][gc             ] GC(596) Pause Full (Ergonomics) 3754M->2802M(3925M) 175.843ms
[385.520s][info][gc,cpu         ] GC(596) User=1.32s Sys=0.00s Real=0.17s
[385.988s][info][gc,start       ] GC(597) Pause Full (Ergonomics)
[385.988s][info][gc,phases,start] GC(597) Marking Phase
[386.018s][info][gc,phases      ] GC(597) Marking Phase 29.787ms
[386.018s][info][gc,phases,start] GC(597) Summary Phase
[386.018s][info][gc,phases      ] GC(597) Summary Phase 0.063ms
[386.018s][info][gc,phases,start] GC(597) Adjust Roots
[386.018s][info][gc,phases      ] GC(597) Adjust Roots 0.400ms
[386.018s][info][gc,phases,start] GC(597) Compaction Phase
[386.149s][info][gc,phases      ] GC(597) Compaction Phase 130.421ms
[386.149s][info][gc,phases,start] GC(597) Post Compact
[386.161s][info][gc,phases      ] GC(597) Post Compact 12.113ms
[386.165s][info][gc,heap        ] GC(597) PSYoungGen: 1048576K(1223168K)->72952K(1223168K) Eden: 1048576K(1048576K)->72952K(1048576K) From: 0K(174592K)->0K(174592K)
[386.165s][info][gc,heap        ] GC(597) ParOldGen: 2796494K(2796544K)->2796514K(2796544K)
[386.165s][info][gc,metaspace   ] GC(597) Metaspace: 10571K(10816K)->10571K(10816K) NonClass: 9535K(9664K)->9535K(9664K) Class: 1035K(1152K)->1035K(1152K)
[386.165s][info][gc             ] GC(597) Pause Full (Ergonomics) 3754M->2802M(3925M) 176.901ms
[386.165s][info][gc,cpu         ] GC(597) User=1.31s Sys=0.00s Real=0.18s
[386.628s][info][gc,start       ] GC(598) Pause Full (Ergonomics)
[386.628s][info][gc,phases,start] GC(598) Marking Phase
[386.658s][info][gc,phases      ] GC(598) Marking Phase 29.987ms
[386.658s][info][gc,phases,start] GC(598) Summary Phase
[386.658s][info][gc,phases      ] GC(598) Summary Phase 0.064ms
[386.658s][info][gc,phases,start] GC(598) Adjust Roots
[386.658s][info][gc,phases      ] GC(598) Adjust Roots 0.402ms
[386.658s][info][gc,phases,start] GC(598) Compaction Phase
[386.790s][info][gc,phases      ] GC(598) Compaction Phase 131.661ms
[386.790s][info][gc,phases,start] GC(598) Post Compact
[386.796s][info][gc,phases      ] GC(598) Post Compact 6.605ms
[386.797s][info][gc,heap        ] GC(598) PSYoungGen: 1048576K(1223168K)->72939K(1223168K) Eden: 1048576K(1048576K)->72939K(1048576K) From: 0K(174592K)->0K(174592K)
[386.797s][info][gc,heap        ] GC(598) ParOldGen: 2796514K(2796544K)->2796526K(2796544K)
[386.797s][info][gc,metaspace   ] GC(598) Metaspace: 10571K(10816K)->10571K(10816K) NonClass: 9535K(9664K)->9535K(9664K) Class: 1035K(1152K)->1035K(1152K)
[386.797s][info][gc             ] GC(598) Pause Full (Ergonomics) 3754M->2802M(3925M) 169.041ms
[386.797s][info][gc,cpu         ] GC(598) User=1.30s Sys=0.01s Real=0.17s
[387.265s][info][gc,start       ] GC(599) Pause Full (Ergonomics)
[387.265s][info][gc,phases,start] GC(599) Marking Phase
[387.296s][info][gc,phases      ] GC(599) Marking Phase 30.565ms
[387.296s][info][gc,phases,start] GC(599) Summary Phase
[387.296s][info][gc,phases      ] GC(599) Summary Phase 0.064ms
[387.296s][info][gc,phases,start] GC(599) Adjust Roots
[387.296s][info][gc,phases      ] GC(599) Adjust Roots 0.551ms
[387.296s][info][gc,phases,start] GC(599) Compaction Phase
[387.427s][info][gc,phases      ] GC(599) Compaction Phase 130.590ms
[387.427s][info][gc,phases,start] GC(599) Post Compact
[387.438s][info][gc,phases      ] GC(599) Post Compact 10.858ms
[387.438s][info][gc,heap        ] GC(599) PSYoungGen: 1048576K(1223168K)->72960K(1223168K) Eden: 1048576K(1048576K)->72960K(1048576K) From: 0K(174592K)->0K(174592K)
[387.438s][info][gc,heap        ] GC(599) ParOldGen: 2796526K(2796544K)->2796506K(2796544K)
[387.438s][info][gc,metaspace   ] GC(599) Metaspace: 10571K(10816K)->10571K(10816K) NonClass: 9535K(9664K)->9535K(9664K) Class: 1035K(1152K)->1035K(1152K)
[387.438s][info][gc             ] GC(599) Pause Full (Ergonomics) 3754M->2802M(3925M) 172.961ms
[387.438s][info][gc,cpu         ] GC(599) User=1.31s Sys=0.00s Real=0.17s
[387.911s][info][gc,start       ] GC(600) Pause Full (Ergonomics)
[387.911s][info][gc,phases,start] GC(600) Marking Phase
[387.941s][info][gc,phases      ] GC(600) Marking Phase 30.145ms
[387.941s][info][gc,phases,start] GC(600) Summary Phase
[387.941s][info][gc,phases      ] GC(600) Summary Phase 0.064ms
[387.941s][info][gc,phases,start] GC(600) Adjust Roots
[387.942s][info][gc,phases      ] GC(600) Adjust Roots 0.563ms
[387.942s][info][gc,phases,start] GC(600) Compaction Phase
[388.074s][info][gc,phases      ] GC(600) Compaction Phase 131.967ms
[388.074s][info][gc,phases,start] GC(600) Post Compact
[388.081s][info][gc,phases      ] GC(600) Post Compact 7.003ms
[388.081s][info][gc,heap        ] GC(600) PSYoungGen: 1048576K(1223168K)->72976K(1223168K) Eden: 1048576K(1048576K)->72976K(1048576K) From: 0K(174592K)->0K(174592K)
[388.081s][info][gc,heap        ] GC(600) ParOldGen: 2796506K(2796544K)->2796490K(2796544K)
[388.081s][info][gc,metaspace   ] GC(600) Metaspace: 10571K(10816K)->10571K(10816K) NonClass: 9535K(9664K)->9535K(9664K) Class: 1035K(1152K)->1035K(1152K)
[388.081s][info][gc             ] GC(600) Pause Full (Ergonomics) 3754M->2802M(3925M) 170.068ms
[388.081s][info][gc,cpu         ] GC(600) User=1.30s Sys=0.01s Real=0.17s
[388.551s][info][gc,start       ] GC(601) Pause Full (Ergonomics)
[388.551s][info][gc,phases,start] GC(601) Marking Phase
[388.583s][info][gc,phases      ] GC(601) Marking Phase 31.571ms
[388.583s][info][gc,phases,start] GC(601) Summary Phase
[388.583s][info][gc,phases      ] GC(601) Summary Phase 0.064ms
[388.583s][info][gc,phases,start] GC(601) Adjust Roots
[388.583s][info][gc,phases      ] GC(601) Adjust Roots 0.562ms
[388.583s][info][gc,phases,start] GC(601) Compaction Phase
[388.715s][info][gc,phases      ] GC(601) Compaction Phase 131.299ms
[388.715s][info][gc,phases,start] GC(601) Post Compact
[388.725s][info][gc,phases      ] GC(601) Post Compact 10.006ms
[388.725s][info][gc,heap        ] GC(601) PSYoungGen: 1048576K(1223168K)->72996K(1223168K) Eden: 1048576K(1048576K)->72996K(1048576K) From: 0K(174592K)->0K(174592K)
[388.725s][info][gc,heap        ] GC(601) ParOldGen: 2796490K(2796544K)->2796469K(2796544K)
[388.725s][info][gc,metaspace   ] GC(601) Metaspace: 10571K(10816K)->10571K(10816K) NonClass: 9535K(9664K)->9535K(9664K) Class: 1035K(1152K)->1035K(1152K)
[388.725s][info][gc             ] GC(601) Pause Full (Ergonomics) 3754M->2802M(3925M) 173.847ms
[388.725s][info][gc,cpu         ] GC(601) User=1.31s Sys=0.00s Real=0.18s
[389.191s][info][gc,start       ] GC(602) Pause Full (Ergonomics)
[389.191s][info][gc,phases,start] GC(602) Marking Phase
[389.222s][info][gc,phases      ] GC(602) Marking Phase 31.046ms
[389.222s][info][gc,phases,start] GC(602) Summary Phase
[389.222s][info][gc,phases      ] GC(602) Summary Phase 0.063ms
[389.222s][info][gc,phases,start] GC(602) Adjust Roots
[389.223s][info][gc,phases      ] GC(602) Adjust Roots 0.603ms
[389.223s][info][gc,phases,start] GC(602) Compaction Phase
[389.354s][info][gc,phases      ] GC(602) Compaction Phase 130.847ms
[389.354s][info][gc,phases,start] GC(602) Post Compact
[389.361s][info][gc,phases      ] GC(602) Post Compact 6.871ms
[389.361s][info][gc,heap        ] GC(602) PSYoungGen: 1048576K(1223168K)->72972K(1223168K) Eden: 1048576K(1048576K)->72972K(1048576K) From: 0K(174592K)->0K(174592K)
[389.361s][info][gc,heap        ] GC(602) ParOldGen: 2796469K(2796544K)->2796494K(2796544K)
[389.361s][info][gc,metaspace   ] GC(602) Metaspace: 10571K(10816K)->10571K(10816K) NonClass: 9535K(9664K)->9535K(9664K) Class: 1035K(1152K)->1035K(1152K)
[389.361s][info][gc             ] GC(602) Pause Full (Ergonomics) 3754M->2802M(3925M) 169.747ms
[389.361s][info][gc,cpu         ] GC(602) User=1.30s Sys=0.00s Real=0.17s
[389.830s][info][gc,start       ] GC(603) Pause Full (Ergonomics)
[389.830s][info][gc,phases,start] GC(603) Marking Phase
[389.860s][info][gc,phases      ] GC(603) Marking Phase 29.881ms
[389.860s][info][gc,phases,start] GC(603) Summary Phase
[389.860s][info][gc,phases      ] GC(603) Summary Phase 0.063ms
[389.860s][info][gc,phases,start] GC(603) Adjust Roots
[389.861s][info][gc,phases      ] GC(603) Adjust Roots 0.551ms
[389.861s][info][gc,phases,start] GC(603) Compaction Phase
[389.992s][info][gc,phases      ] GC(603) Compaction Phase 131.516ms
[389.992s][info][gc,phases,start] GC(603) Post Compact
[389.999s][info][gc,phases      ] GC(603) Post Compact 7.206ms
[389.999s][info][gc,heap        ] GC(603) PSYoungGen: 1048576K(1223168K)->72960K(1223168K) Eden: 1048576K(1048576K)->72960K(1048576K) From: 0K(174592K)->0K(174592K)
[389.999s][info][gc,heap        ] GC(603) ParOldGen: 2796494K(2796544K)->2796506K(2796544K)
[390.000s][info][gc,metaspace   ] GC(603) Metaspace: 10571K(10816K)->10571K(10816K) NonClass: 9535K(9664K)->9535K(9664K) Class: 1035K(1152K)->1035K(1152K)
[390.000s][info][gc             ] GC(603) Pause Full (Ergonomics) 3754M->2802M(3925M) 169.547ms
[390.000s][info][gc,cpu         ] GC(603) User=1.31s Sys=0.00s Real=0.17s
[390.473s][info][gc,start       ] GC(604) Pause Full (Ergonomics)
[390.473s][info][gc,phases,start] GC(604) Marking Phase
[390.504s][info][gc,phases      ] GC(604) Marking Phase 31.589ms
[390.504s][info][gc,phases,start] GC(604) Summary Phase
[390.505s][info][gc,phases      ] GC(604) Summary Phase 0.064ms
[390.505s][info][gc,phases,start] GC(604) Adjust Roots
[390.505s][info][gc,phases      ] GC(604) Adjust Roots 0.399ms
[390.505s][info][gc,phases,start] GC(604) Compaction Phase
[390.636s][info][gc,phases      ] GC(604) Compaction Phase 130.593ms
[390.636s][info][gc,phases,start] GC(604) Post Compact
[390.645s][info][gc,phases      ] GC(604) Post Compact 9.075ms
[390.645s][info][gc,heap        ] GC(604) PSYoungGen: 1048576K(1223168K)->72956K(1223168K) Eden: 1048576K(1048576K)->72956K(1048576K) From: 0K(174592K)->0K(174592K)
[390.645s][info][gc,heap        ] GC(604) ParOldGen: 2796506K(2796544K)->2796510K(2796544K)
[390.645s][info][gc,metaspace   ] GC(604) Metaspace: 10571K(10816K)->10571K(10816K) NonClass: 9535K(9664K)->9535K(9664K) Class: 1035K(1152K)->1035K(1152K)
[390.645s][info][gc             ] GC(604) Pause Full (Ergonomics) 3754M->2802M(3925M) 172.048ms
[390.645s][info][gc,cpu         ] GC(604) User=1.30s Sys=0.00s Real=0.18s
[391.121s][info][gc,start       ] GC(605) Pause Full (Ergonomics)
[391.121s][info][gc,phases,start] GC(605) Marking Phase
[391.153s][info][gc,phases      ] GC(605) Marking Phase 31.835ms
[391.153s][info][gc,phases,start] GC(605) Summary Phase
[391.153s][info][gc,phases      ] GC(605) Summary Phase 0.065ms
[391.153s][info][gc,phases,start] GC(605) Adjust Roots
[391.154s][info][gc,phases      ] GC(605) Adjust Roots 1.253ms
[391.154s][info][gc,phases,start] GC(605) Compaction Phase
[391.285s][info][gc,phases      ] GC(605) Compaction Phase 130.967ms
[391.285s][info][gc,phases,start] GC(605) Post Compact
[391.292s][info][gc,phases      ] GC(605) Post Compact 6.772ms
[391.292s][info][gc,heap        ] GC(605) PSYoungGen: 1048576K(1223168K)->72972K(1223168K) Eden: 1048576K(1048576K)->72972K(1048576K) From: 0K(174592K)->0K(174592K)
[391.292s][info][gc,heap        ] GC(605) ParOldGen: 2796510K(2796544K)->2796494K(2796544K)
[391.292s][info][gc,metaspace   ] GC(605) Metaspace: 10571K(10816K)->10571K(10816K) NonClass: 9535K(9664K)->9535K(9664K) Class: 1035K(1152K)->1035K(1152K)
[391.292s][info][gc             ] GC(605) Pause Full (Ergonomics) 3754M->2802M(3925M) 171.248ms
[391.292s][info][gc,cpu         ] GC(605) User=1.31s Sys=0.00s Real=0.17s
[391.756s][info][gc,start       ] GC(606) Pause Full (Ergonomics)
[391.756s][info][gc,phases,start] GC(606) Marking Phase
[391.787s][info][gc,phases      ] GC(606) Marking Phase 30.518ms
[391.787s][info][gc,phases,start] GC(606) Summary Phase
[391.787s][info][gc,phases      ] GC(606) Summary Phase 0.064ms
[391.787s][info][gc,phases,start] GC(606) Adjust Roots
[391.787s][info][gc,phases      ] GC(606) Adjust Roots 0.549ms
[391.787s][info][gc,phases,start] GC(606) Compaction Phase
[391.918s][info][gc,phases      ] GC(606) Compaction Phase 130.852ms
[391.918s][info][gc,phases,start] GC(606) Post Compact
[391.928s][info][gc,phases      ] GC(606) Post Compact 9.626ms
[391.928s][info][gc,heap        ] GC(606) PSYoungGen: 1048576K(1223168K)->72988K(1223168K) Eden: 1048576K(1048576K)->72988K(1048576K) From: 0K(174592K)->0K(174592K)
[391.928s][info][gc,heap        ] GC(606) ParOldGen: 2796494K(2796544K)->2796477K(2796544K)
[391.928s][info][gc,metaspace   ] GC(606) Metaspace: 10571K(10816K)->10571K(10816K) NonClass: 9535K(9664K)->9535K(9664K) Class: 1035K(1152K)->1035K(1152K)
[391.928s][info][gc             ] GC(606) Pause Full (Ergonomics) 3754M->2802M(3925M) 171.927ms
[391.928s][info][gc,cpu         ] GC(606) User=1.31s Sys=0.00s Real=0.17s
[392.396s][info][gc,start       ] GC(607) Pause Full (Ergonomics)
[392.396s][info][gc,phases,start] GC(607) Marking Phase
[392.427s][info][gc,phases      ] GC(607) Marking Phase 30.956ms
[392.427s][info][gc,phases,start] GC(607) Summary Phase
[392.427s][info][gc,phases      ] GC(607) Summary Phase 0.063ms
[392.427s][info][gc,phases,start] GC(607) Adjust Roots
[392.428s][info][gc,phases      ] GC(607) Adjust Roots 0.546ms
[392.428s][info][gc,phases,start] GC(607) Compaction Phase
[392.560s][info][gc,phases      ] GC(607) Compaction Phase 131.671ms
[392.560s][info][gc,phases,start] GC(607) Post Compact
[392.569s][info][gc,phases      ] GC(607) Post Compact 9.038ms
[392.569s][info][gc,heap        ] GC(607) PSYoungGen: 1048576K(1223168K)->72992K(1223168K) Eden: 1048576K(1048576K)->72992K(1048576K) From: 0K(174592K)->0K(174592K)
[392.569s][info][gc,heap        ] GC(607) ParOldGen: 2796477K(2796544K)->2796473K(2796544K)
[392.569s][info][gc,metaspace   ] GC(607) Metaspace: 10571K(10816K)->10571K(10816K) NonClass: 9535K(9664K)->9535K(9664K) Class: 1035K(1152K)->1035K(1152K)
[392.569s][info][gc             ] GC(607) Pause Full (Ergonomics) 3754M->2802M(3925M) 172.603ms
[392.569s][info][gc,cpu         ] GC(607) User=1.31s Sys=0.00s Real=0.17s
[393.034s][info][gc,start       ] GC(608) Pause Full (Ergonomics)
[393.034s][info][gc,phases,start] GC(608) Marking Phase
[393.063s][info][gc,phases      ] GC(608) Marking Phase 29.285ms
[393.063s][info][gc,phases,start] GC(608) Summary Phase
[393.063s][info][gc,phases      ] GC(608) Summary Phase 0.064ms
[393.063s][info][gc,phases,start] GC(608) Adjust Roots
[393.064s][info][gc,phases      ] GC(608) Adjust Roots 0.406ms
[393.064s][info][gc,phases,start] GC(608) Compaction Phase
[393.195s][info][gc,phases      ] GC(608) Compaction Phase 130.984ms
[393.195s][info][gc,phases,start] GC(608) Post Compact
[393.205s][info][gc,phases      ] GC(608) Post Compact 10.441ms
[393.205s][info][gc,heap        ] GC(608) PSYoungGen: 1048576K(1223168K)->72976K(1223168K) Eden: 1048576K(1048576K)->72976K(1048576K) From: 0K(174592K)->0K(174592K)
[393.205s][info][gc,heap        ] GC(608) ParOldGen: 2796473K(2796544K)->2796490K(2796544K)
[393.205s][info][gc,metaspace   ] GC(608) Metaspace: 10571K(10816K)->10571K(10816K) NonClass: 9535K(9664K)->9535K(9664K) Class: 1035K(1152K)->1035K(1152K)
[393.205s][info][gc             ] GC(608) Pause Full (Ergonomics) 3754M->2802M(3925M) 171.515ms
[393.205s][info][gc,cpu         ] GC(608) User=1.31s Sys=0.00s Real=0.17s
[393.674s][info][gc,start       ] GC(609) Pause Full (Ergonomics)
[393.674s][info][gc,phases,start] GC(609) Marking Phase
[393.704s][info][gc,phases      ] GC(609) Marking Phase 30.741ms
[393.704s][info][gc,phases,start] GC(609) Summary Phase
[393.704s][info][gc,phases      ] GC(609) Summary Phase 0.064ms
[393.704s][info][gc,phases,start] GC(609) Adjust Roots
[393.705s][info][gc,phases      ] GC(609) Adjust Roots 0.554ms
[393.705s][info][gc,phases,start] GC(609) Compaction Phase
[393.837s][info][gc,phases      ] GC(609) Compaction Phase 131.807ms
[393.837s][info][gc,phases,start] GC(609) Post Compact
[393.845s][info][gc,phases      ] GC(609) Post Compact 8.091ms
[393.845s][info][gc,heap        ] GC(609) PSYoungGen: 1048576K(1223168K)->72944K(1223168K) Eden: 1048576K(1048576K)->72944K(1048576K) From: 0K(174592K)->0K(174592K)
[393.845s][info][gc,heap        ] GC(609) ParOldGen: 2796490K(2796544K)->2796522K(2796544K)
[393.845s][info][gc,metaspace   ] GC(609) Metaspace: 10571K(10816K)->10571K(10816K) NonClass: 9535K(9664K)->9535K(9664K) Class: 1035K(1152K)->1035K(1152K)
[393.845s][info][gc             ] GC(609) Pause Full (Ergonomics) 3754M->2802M(3925M) 171.592ms
[393.845s][info][gc,cpu         ] GC(609) User=1.32s Sys=0.00s Real=0.17s
[394.309s][info][gc,start       ] GC(610) Pause Full (Ergonomics)
[394.309s][info][gc,phases,start] GC(610) Marking Phase
[394.340s][info][gc,phases      ] GC(610) Marking Phase 30.700ms
[394.340s][info][gc,phases,start] GC(610) Summary Phase
[394.340s][info][gc,phases      ] GC(610) Summary Phase 0.065ms
[394.340s][info][gc,phases,start] GC(610) Adjust Roots
[394.340s][info][gc,phases      ] GC(610) Adjust Roots 0.550ms
[394.340s][info][gc,phases,start] GC(610) Compaction Phase
[394.469s][info][gc,phases      ] GC(610) Compaction Phase 128.282ms
[394.469s][info][gc,phases,start] GC(610) Post Compact
[394.479s][info][gc,phases      ] GC(610) Post Compact 10.087ms
[394.479s][info][gc,heap        ] GC(610) PSYoungGen: 1048576K(1223168K)->72980K(1223168K) Eden: 1048576K(1048576K)->72980K(1048576K) From: 0K(174592K)->0K(174592K)
[394.479s][info][gc,heap        ] GC(610) ParOldGen: 2796522K(2796544K)->2796486K(2796544K)
[394.479s][info][gc,metaspace   ] GC(610) Metaspace: 10571K(10816K)->10571K(10816K) NonClass: 9535K(9664K)->9535K(9664K) Class: 1035K(1152K)->1035K(1152K)
[394.479s][info][gc             ] GC(610) Pause Full (Ergonomics) 3754M->2802M(3925M) 170.014ms
[394.479s][info][gc,cpu         ] GC(610) User=1.30s Sys=0.00s Real=0.17s
[394.945s][info][gc,start       ] GC(611) Pause Full (Ergonomics)
[394.946s][info][gc,phases,start] GC(611) Marking Phase
[394.975s][info][gc,phases      ] GC(611) Marking Phase 29.630ms
[394.975s][info][gc,phases,start] GC(611) Summary Phase
[394.975s][info][gc,phases      ] GC(611) Summary Phase 0.063ms
[394.975s][info][gc,phases,start] GC(611) Adjust Roots
[394.976s][info][gc,phases      ] GC(611) Adjust Roots 0.421ms
[394.976s][info][gc,phases,start] GC(611) Compaction Phase
[395.106s][info][gc,phases      ] GC(611) Compaction Phase 130.470ms
[395.106s][info][gc,phases,start] GC(611) Post Compact
[395.116s][info][gc,phases      ] GC(611) Post Compact 9.255ms
[395.116s][info][gc,heap        ] GC(611) PSYoungGen: 1048576K(1223168K)->72984K(1223168K) Eden: 1048576K(1048576K)->72984K(1048576K) From: 0K(174592K)->0K(174592K)
[395.116s][info][gc,heap        ] GC(611) ParOldGen: 2796486K(2796544K)->2796481K(2796544K)
[395.116s][info][gc,metaspace   ] GC(611) Metaspace: 10571K(10816K)->10571K(10816K) NonClass: 9535K(9664K)->9535K(9664K) Class: 1035K(1152K)->1035K(1152K)
[395.116s][info][gc             ] GC(611) Pause Full (Ergonomics) 3754M->2802M(3925M) 170.199ms
[395.116s][info][gc,cpu         ] GC(611) User=1.30s Sys=0.00s Real=0.17s
[395.589s][info][gc,start       ] GC(612) Pause Full (Ergonomics)
[395.589s][info][gc,phases,start] GC(612) Marking Phase
[395.620s][info][gc,phases      ] GC(612) Marking Phase 31.252ms
[395.620s][info][gc,phases,start] GC(612) Summary Phase
[395.620s][info][gc,phases      ] GC(612) Summary Phase 0.065ms
[395.620s][info][gc,phases,start] GC(612) Adjust Roots
[395.621s][info][gc,phases      ] GC(612) Adjust Roots 0.402ms
[395.621s][info][gc,phases,start] GC(612) Compaction Phase
[395.752s][info][gc,phases      ] GC(612) Compaction Phase 131.213ms
[395.752s][info][gc,phases,start] GC(612) Post Compact
[395.761s][info][gc,phases      ] GC(612) Post Compact 9.125ms
[395.761s][info][gc,heap        ] GC(612) PSYoungGen: 1048576K(1223168K)->72944K(1223168K) Eden: 1048576K(1048576K)->72944K(1048576K) From: 0K(174592K)->0K(174592K)
[395.761s][info][gc,heap        ] GC(612) ParOldGen: 2796481K(2796544K)->2796522K(2796544K)
[395.761s][info][gc,metaspace   ] GC(612) Metaspace: 10571K(10816K)->10571K(10816K) NonClass: 9535K(9664K)->9535K(9664K) Class: 1035K(1152K)->1035K(1152K)
[395.761s][info][gc             ] GC(612) Pause Full (Ergonomics) 3754M->2802M(3925M) 172.383ms
[395.761s][info][gc,cpu         ] GC(612) User=1.30s Sys=0.00s Real=0.17s
[396.230s][info][gc,start       ] GC(613) Pause Full (Ergonomics)
[396.230s][info][gc,phases,start] GC(613) Marking Phase
[396.260s][info][gc,phases      ] GC(613) Marking Phase 30.597ms
[396.260s][info][gc,phases,start] GC(613) Summary Phase
[396.260s][info][gc,phases      ] GC(613) Summary Phase 0.064ms
[396.260s][info][gc,phases,start] GC(613) Adjust Roots
[396.261s][info][gc,phases      ] GC(613) Adjust Roots 0.400ms
[396.261s][info][gc,phases,start] GC(613) Compaction Phase
[396.393s][info][gc,phases      ] GC(613) Compaction Phase 132.040ms
[396.393s][info][gc,phases,start] GC(613) Post Compact
[396.401s][info][gc,phases      ] GC(613) Post Compact 8.056ms
[396.401s][info][gc,heap        ] GC(613) PSYoungGen: 1048576K(1223168K)->72984K(1223168K) Eden: 1048576K(1048576K)->72984K(1048576K) From: 0K(174592K)->0K(174592K)
[396.401s][info][gc,heap        ] GC(613) ParOldGen: 2796522K(2796544K)->2796482K(2796544K)
[396.401s][info][gc,metaspace   ] GC(613) Metaspace: 10571K(10816K)->10571K(10816K) NonClass: 9535K(9664K)->9535K(9664K) Class: 1035K(1152K)->1035K(1152K)
[396.401s][info][gc             ] GC(613) Pause Full (Ergonomics) 3754M->2802M(3925M) 171.502ms
[396.401s][info][gc,cpu         ] GC(613) User=1.31s Sys=0.00s Real=0.17s
[396.865s][info][gc,start       ] GC(614) Pause Full (Ergonomics)
[396.865s][info][gc,phases,start] GC(614) Marking Phase
[396.896s][info][gc,phases      ] GC(614) Marking Phase 30.566ms
[396.896s][info][gc,phases,start] GC(614) Summary Phase
[396.896s][info][gc,phases      ] GC(614) Summary Phase 0.065ms
[396.896s][info][gc,phases,start] GC(614) Adjust Roots
[396.897s][info][gc,phases      ] GC(614) Adjust Roots 0.557ms
[396.897s][info][gc,phases,start] GC(614) Compaction Phase
[397.028s][info][gc,phases      ] GC(614) Compaction Phase 131.621ms
[397.028s][info][gc,phases,start] GC(614) Post Compact
[397.037s][info][gc,phases      ] GC(614) Post Compact 8.774ms
[397.037s][info][gc,heap        ] GC(614) PSYoungGen: 1048576K(1223168K)->72952K(1223168K) Eden: 1048576K(1048576K)->72952K(1048576K) From: 0K(174592K)->0K(174592K)
[397.037s][info][gc,heap        ] GC(614) ParOldGen: 2796482K(2796544K)->2796514K(2796544K)
[397.037s][info][gc,metaspace   ] GC(614) Metaspace: 10571K(10816K)->10571K(10816K) NonClass: 9535K(9664K)->9535K(9664K) Class: 1035K(1152K)->1035K(1152K)
[397.037s][info][gc             ] GC(614) Pause Full (Ergonomics) 3754M->2802M(3925M) 171.890ms
[397.037s][info][gc,cpu         ] GC(614) User=1.31s Sys=0.00s Real=0.17s
[397.506s][info][gc,start       ] GC(615) Pause Full (Ergonomics)
[397.506s][info][gc,phases,start] GC(615) Marking Phase
[397.541s][info][gc,phases      ] GC(615) Marking Phase 34.264ms
[397.541s][info][gc,phases,start] GC(615) Summary Phase
[397.541s][info][gc,phases      ] GC(615) Summary Phase 0.064ms
[397.541s][info][gc,phases,start] GC(615) Adjust Roots
[397.541s][info][gc,phases      ] GC(615) Adjust Roots 0.401ms
[397.541s][info][gc,phases,start] GC(615) Compaction Phase
[397.673s][info][gc,phases      ] GC(615) Compaction Phase 131.702ms
[397.673s][info][gc,phases,start] GC(615) Post Compact
[397.680s][info][gc,phases      ] GC(615) Post Compact 6.828ms
[397.680s][info][gc,heap        ] GC(615) PSYoungGen: 1048576K(1223168K)->72952K(1223168K) Eden: 1048576K(1048576K)->72952K(1048576K) From: 0K(174592K)->0K(174592K)
[397.680s][info][gc,heap        ] GC(615) ParOldGen: 2796514K(2796544K)->2796514K(2796544K)
[397.680s][info][gc,metaspace   ] GC(615) Metaspace: 10571K(10816K)->10571K(10816K) NonClass: 9535K(9664K)->9535K(9664K) Class: 1035K(1152K)->1035K(1152K)
[397.680s][info][gc             ] GC(615) Pause Full (Ergonomics) 3754M->2802M(3925M) 173.543ms
[397.680s][info][gc,cpu         ] GC(615) User=1.31s Sys=0.01s Real=0.17s
[398.146s][info][gc,start       ] GC(616) Pause Full (Ergonomics)
[398.146s][info][gc,phases,start] GC(616) Marking Phase
[398.176s][info][gc,phases      ] GC(616) Marking Phase 30.723ms
[398.176s][info][gc,phases,start] GC(616) Summary Phase
[398.177s][info][gc,phases      ] GC(616) Summary Phase 0.064ms
[398.177s][info][gc,phases,start] GC(616) Adjust Roots
[398.177s][info][gc,phases      ] GC(616) Adjust Roots 0.618ms
[398.177s][info][gc,phases,start] GC(616) Compaction Phase
[398.309s][info][gc,phases      ] GC(616) Compaction Phase 131.867ms
[398.309s][info][gc,phases,start] GC(616) Post Compact
[398.316s][info][gc,phases      ] GC(616) Post Compact 6.782ms
[398.316s][info][gc,heap        ] GC(616) PSYoungGen: 1048576K(1223168K)->72964K(1223168K) Eden: 1048576K(1048576K)->72964K(1048576K) From: 0K(174592K)->0K(174592K)
[398.316s][info][gc,heap        ] GC(616) ParOldGen: 2796514K(2796544K)->2796502K(2796544K)
[398.316s][info][gc,metaspace   ] GC(616) Metaspace: 10571K(10816K)->10571K(10816K) NonClass: 9535K(9664K)->9535K(9664K) Class: 1035K(1152K)->1035K(1152K)
[398.316s][info][gc             ] GC(616) Pause Full (Ergonomics) 3754M->2802M(3925M) 170.388ms
[398.316s][info][gc,cpu         ] GC(616) User=1.31s Sys=0.00s Real=0.17s
[398.779s][info][gc,start       ] GC(617) Pause Full (Ergonomics)
[398.779s][info][gc,phases,start] GC(617) Marking Phase
[398.809s][info][gc,phases      ] GC(617) Marking Phase 30.578ms
[398.809s][info][gc,phases,start] GC(617) Summary Phase
[398.809s][info][gc,phases      ] GC(617) Summary Phase 0.064ms
[398.809s][info][gc,phases,start] GC(617) Adjust Roots
[398.810s][info][gc,phases      ] GC(617) Adjust Roots 0.404ms
[398.810s][info][gc,phases,start] GC(617) Compaction Phase
[398.941s][info][gc,phases      ] GC(617) Compaction Phase 131.113ms
[398.941s][info][gc,phases,start] GC(617) Post Compact
[398.955s][info][gc,phases      ] GC(617) Post Compact 13.726ms
[398.955s][info][gc,heap        ] GC(617) PSYoungGen: 1048576K(1223168K)->72944K(1223168K) Eden: 1048576K(1048576K)->72944K(1048576K) From: 0K(174592K)->0K(174592K)
[398.955s][info][gc,heap        ] GC(617) ParOldGen: 2796502K(2796544K)->2796522K(2796544K)
[398.955s][info][gc,metaspace   ] GC(617) Metaspace: 10571K(10816K)->10571K(10816K) NonClass: 9535K(9664K)->9535K(9664K) Class: 1035K(1152K)->1035K(1152K)
[398.955s][info][gc             ] GC(617) Pause Full (Ergonomics) 3754M->2802M(3925M) 176.233ms
[398.955s][info][gc,cpu         ] GC(617) User=1.31s Sys=0.00s Real=0.18s
[399.423s][info][gc,start       ] GC(618) Pause Full (Ergonomics)
[399.423s][info][gc,phases,start] GC(618) Marking Phase
[399.453s][info][gc,phases      ] GC(618) Marking Phase 30.687ms
[399.453s][info][gc,phases,start] GC(618) Summary Phase
[399.453s][info][gc,phases      ] GC(618) Summary Phase 0.064ms
[399.453s][info][gc,phases,start] GC(618) Adjust Roots
[399.454s][info][gc,phases      ] GC(618) Adjust Roots 0.570ms
[399.454s][info][gc,phases,start] GC(618) Compaction Phase
[399.585s][info][gc,phases      ] GC(618) Compaction Phase 131.017ms
[399.585s][info][gc,phases,start] GC(618) Post Compact
[399.594s][info][gc,phases      ] GC(618) Post Compact 8.966ms
[399.594s][info][gc,heap        ] GC(618) PSYoungGen: 1048576K(1223168K)->72968K(1223168K) Eden: 1048576K(1048576K)->72968K(1048576K) From: 0K(174592K)->0K(174592K)
[399.594s][info][gc,heap        ] GC(618) ParOldGen: 2796522K(2796544K)->2796498K(2796544K)
[399.594s][info][gc,metaspace   ] GC(618) Metaspace: 10571K(10816K)->10571K(10816K) NonClass: 9535K(9664K)->9535K(9664K) Class: 1035K(1152K)->1035K(1152K)
[399.594s][info][gc             ] GC(618) Pause Full (Ergonomics) 3754M->2802M(3925M) 171.635ms
[399.594s][info][gc,cpu         ] GC(618) User=1.31s Sys=0.00s Real=0.17s
[400.065s][info][gc,start       ] GC(619) Pause Full (Ergonomics)
[400.065s][info][gc,phases,start] GC(619) Marking Phase
[400.095s][info][gc,phases      ] GC(619) Marking Phase 30.104ms
[400.095s][info][gc,phases,start] GC(619) Summary Phase
[400.095s][info][gc,phases      ] GC(619) Summary Phase 0.063ms
[400.095s][info][gc,phases,start] GC(619) Adjust Roots
[400.096s][info][gc,phases      ] GC(619) Adjust Roots 0.417ms
[400.096s][info][gc,phases,start] GC(619) Compaction Phase
[400.227s][info][gc,phases      ] GC(619) Compaction Phase 131.572ms
[400.227s][info][gc,phases,start] GC(619) Post Compact
[400.238s][info][gc,phases      ] GC(619) Post Compact 11.066ms
[400.238s][info][gc,heap        ] GC(619) PSYoungGen: 1048576K(1223168K)->72960K(1223168K) Eden: 1048576K(1048576K)->72960K(1048576K) From: 0K(174592K)->0K(174592K)
[400.238s][info][gc,heap        ] GC(619) ParOldGen: 2796498K(2796544K)->2796506K(2796544K)
[400.238s][info][gc,metaspace   ] GC(619) Metaspace: 10571K(10816K)->10571K(10816K) NonClass: 9535K(9664K)->9535K(9664K) Class: 1035K(1152K)->1035K(1152K)
[400.238s][info][gc             ] GC(619) Pause Full (Ergonomics) 3754M->2802M(3925M) 173.568ms
[400.238s][info][gc,cpu         ] GC(619) User=1.32s Sys=0.00s Real=0.17s
[400.712s][info][gc,start       ] GC(620) Pause Full (Ergonomics)
[400.712s][info][gc,phases,start] GC(620) Marking Phase
[400.741s][info][gc,phases      ] GC(620) Marking Phase 29.666ms
[400.742s][info][gc,phases,start] GC(620) Summary Phase
[400.742s][info][gc,phases      ] GC(620) Summary Phase 0.064ms
[400.742s][info][gc,phases,start] GC(620) Adjust Roots
[400.742s][info][gc,phases      ] GC(620) Adjust Roots 0.556ms
[400.742s][info][gc,phases,start] GC(620) Compaction Phase
[400.874s][info][gc,phases      ] GC(620) Compaction Phase 131.878ms
[400.874s][info][gc,phases,start] GC(620) Post Compact
[400.881s][info][gc,phases      ] GC(620) Post Compact 6.831ms
[400.881s][info][gc,heap        ] GC(620) PSYoungGen: 1048576K(1223168K)->72960K(1223168K) Eden: 1048576K(1048576K)->72960K(1048576K) From: 0K(174592K)->0K(174592K)
[400.881s][info][gc,heap        ] GC(620) ParOldGen: 2796506K(2796544K)->2796506K(2796544K)
[400.881s][info][gc,metaspace   ] GC(620) Metaspace: 10571K(10816K)->10571K(10816K) NonClass: 9535K(9664K)->9535K(9664K) Class: 1035K(1152K)->1035K(1152K)
[400.881s][info][gc             ] GC(620) Pause Full (Ergonomics) 3754M->2802M(3925M) 169.323ms
[400.881s][info][gc,cpu         ] GC(620) User=1.30s Sys=0.00s Real=0.17s
[401.359s][info][gc,start       ] GC(621) Pause Full (Ergonomics)
[401.359s][info][gc,phases,start] GC(621) Marking Phase
[401.390s][info][gc,phases      ] GC(621) Marking Phase 30.155ms
[401.390s][info][gc,phases,start] GC(621) Summary Phase
[401.390s][info][gc,phases      ] GC(621) Summary Phase 0.064ms
[401.390s][info][gc,phases,start] GC(621) Adjust Roots
[401.390s][info][gc,phases      ] GC(621) Adjust Roots 0.554ms
[401.390s][info][gc,phases,start] GC(621) Compaction Phase
[401.521s][info][gc,phases      ] GC(621) Compaction Phase 131.164ms
[401.521s][info][gc,phases,start] GC(621) Post Compact
[401.530s][info][gc,phases      ] GC(621) Post Compact 8.931ms
[401.530s][info][gc,heap        ] GC(621) PSYoungGen: 1048576K(1223168K)->72972K(1223168K) Eden: 1048576K(1048576K)->72972K(1048576K) From: 0K(174592K)->0K(174592K)
[401.531s][info][gc,heap        ] GC(621) ParOldGen: 2796506K(2796544K)->2796494K(2796544K)
[401.531s][info][gc,metaspace   ] GC(621) Metaspace: 10571K(10816K)->10571K(10816K) NonClass: 9535K(9664K)->9535K(9664K) Class: 1035K(1152K)->1035K(1152K)
[401.531s][info][gc             ] GC(621) Pause Full (Ergonomics) 3754M->2802M(3925M) 171.214ms
[401.531s][info][gc,cpu         ] GC(621) User=1.31s Sys=0.00s Real=0.17s
[401.995s][info][gc,start       ] GC(622) Pause Full (Ergonomics)
[401.995s][info][gc,phases,start] GC(622) Marking Phase
[402.025s][info][gc,phases      ] GC(622) Marking Phase 29.972ms
[402.025s][info][gc,phases,start] GC(622) Summary Phase
[402.025s][info][gc,phases      ] GC(622) Summary Phase 0.064ms
[402.025s][info][gc,phases,start] GC(622) Adjust Roots
[402.025s][info][gc,phases      ] GC(622) Adjust Roots 0.401ms
[402.025s][info][gc,phases,start] GC(622) Compaction Phase
[402.156s][info][gc,phases      ] GC(622) Compaction Phase 130.648ms
[402.156s][info][gc,phases,start] GC(622) Post Compact
[402.166s][info][gc,phases      ] GC(622) Post Compact 10.369ms
[402.166s][info][gc,heap        ] GC(622) PSYoungGen: 1048576K(1223168K)->72964K(1223168K) Eden: 1048576K(1048576K)->72964K(1048576K) From: 0K(174592K)->0K(174592K)
[402.166s][info][gc,heap        ] GC(622) ParOldGen: 2796494K(2796544K)->2796502K(2796544K)
[402.166s][info][gc,metaspace   ] GC(622) Metaspace: 10571K(10816K)->10571K(10816K) NonClass: 9535K(9664K)->9535K(9664K) Class: 1035K(1152K)->1035K(1152K)
[402.166s][info][gc             ] GC(622) Pause Full (Ergonomics) 3754M->2802M(3925M) 171.790ms
[402.166s][info][gc,cpu         ] GC(622) User=1.31s Sys=0.00s Real=0.17s
[402.636s][info][gc,start       ] GC(623) Pause Full (Ergonomics)
[402.636s][info][gc,phases,start] GC(623) Marking Phase
[402.666s][info][gc,phases      ] GC(623) Marking Phase 29.885ms
[402.666s][info][gc,phases,start] GC(623) Summary Phase
[402.666s][info][gc,phases      ] GC(623) Summary Phase 0.062ms
[402.666s][info][gc,phases,start] GC(623) Adjust Roots
[402.667s][info][gc,phases      ] GC(623) Adjust Roots 0.554ms
[402.667s][info][gc,phases,start] GC(623) Compaction Phase
[402.794s][info][gc,phases      ] GC(623) Compaction Phase 127.816ms
[402.795s][info][gc,phases,start] GC(623) Post Compact
[402.803s][info][gc,phases      ] GC(623) Post Compact 8.081ms
[402.803s][info][gc,heap        ] GC(623) PSYoungGen: 1048576K(1223168K)->72972K(1223168K) Eden: 1048576K(1048576K)->72972K(1048576K) From: 0K(174592K)->0K(174592K)
[402.803s][info][gc,heap        ] GC(623) ParOldGen: 2796502K(2796544K)->2796494K(2796544K)
[402.803s][info][gc,metaspace   ] GC(623) Metaspace: 10571K(10816K)->10571K(10816K) NonClass: 9535K(9664K)->9535K(9664K) Class: 1035K(1152K)->1035K(1152K)
[402.803s][info][gc             ] GC(623) Pause Full (Ergonomics) 3754M->2802M(3925M) 166.721ms
[402.803s][info][gc,cpu         ] GC(623) User=1.30s Sys=0.00s Real=0.17s
[403.269s][info][gc,start       ] GC(624) Pause Full (Ergonomics)
[403.269s][info][gc,phases,start] GC(624) Marking Phase
[403.300s][info][gc,phases      ] GC(624) Marking Phase 31.173ms
[403.300s][info][gc,phases,start] GC(624) Summary Phase
[403.300s][info][gc,phases      ] GC(624) Summary Phase 0.065ms
[403.300s][info][gc,phases,start] GC(624) Adjust Roots
[403.301s][info][gc,phases      ] GC(624) Adjust Roots 0.423ms
[403.301s][info][gc,phases,start] GC(624) Compaction Phase
[403.432s][info][gc,phases      ] GC(624) Compaction Phase 130.850ms
[403.432s][info][gc,phases,start] GC(624) Post Compact
[403.438s][info][gc,phases      ] GC(624) Post Compact 6.875ms
[403.439s][info][gc,heap        ] GC(624) PSYoungGen: 1048576K(1223168K)->72988K(1223168K) Eden: 1048576K(1048576K)->72988K(1048576K) From: 0K(174592K)->0K(174592K)
[403.439s][info][gc,heap        ] GC(624) ParOldGen: 2796494K(2796544K)->2796477K(2796544K)
[403.439s][info][gc,metaspace   ] GC(624) Metaspace: 10571K(10816K)->10571K(10816K) NonClass: 9535K(9664K)->9535K(9664K) Class: 1035K(1152K)->1035K(1152K)
[403.439s][info][gc             ] GC(624) Pause Full (Ergonomics) 3754M->2802M(3925M) 169.749ms
[403.439s][info][gc,cpu         ] GC(624) User=1.30s Sys=0.01s Real=0.17s
[403.905s][info][gc,start       ] GC(625) Pause Full (Ergonomics)
[403.905s][info][gc,phases,start] GC(625) Marking Phase
[403.935s][info][gc,phases      ] GC(625) Marking Phase 30.598ms
[403.935s][info][gc,phases,start] GC(625) Summary Phase
[403.935s][info][gc,phases      ] GC(625) Summary Phase 0.065ms
[403.935s][info][gc,phases,start] GC(625) Adjust Roots
[403.936s][info][gc,phases      ] GC(625) Adjust Roots 0.613ms
[403.936s][info][gc,phases,start] GC(625) Compaction Phase
[404.068s][info][gc,phases      ] GC(625) Compaction Phase 131.577ms
[404.068s][info][gc,phases,start] GC(625) Post Compact
[404.076s][info][gc,phases      ] GC(625) Post Compact 8.091ms
[404.076s][info][gc,heap        ] GC(625) PSYoungGen: 1048576K(1223168K)->72972K(1223168K) Eden: 1048576K(1048576K)->72972K(1048576K) From: 0K(174592K)->0K(174592K)
[404.076s][info][gc,heap        ] GC(625) ParOldGen: 2796477K(2796544K)->2796494K(2796544K)
[404.076s][info][gc,metaspace   ] GC(625) Metaspace: 10571K(10816K)->10571K(10816K) NonClass: 9535K(9664K)->9535K(9664K) Class: 1035K(1152K)->1035K(1152K)
[404.076s][info][gc             ] GC(625) Pause Full (Ergonomics) 3754M->2802M(3925M) 171.285ms
[404.076s][info][gc,cpu         ] GC(625) User=1.30s Sys=0.00s Real=0.17s
[404.544s][info][gc,start       ] GC(626) Pause Full (Ergonomics)
[404.544s][info][gc,phases,start] GC(626) Marking Phase
[404.574s][info][gc,phases      ] GC(626) Marking Phase 29.986ms
[404.574s][info][gc,phases,start] GC(626) Summary Phase
[404.574s][info][gc,phases      ] GC(626) Summary Phase 0.064ms
[404.574s][info][gc,phases,start] GC(626) Adjust Roots
[404.575s][info][gc,phases      ] GC(626) Adjust Roots 0.413ms
[404.575s][info][gc,phases,start] GC(626) Compaction Phase
[404.706s][info][gc,phases      ] GC(626) Compaction Phase 130.844ms
[404.706s][info][gc,phases,start] GC(626) Post Compact
[404.713s][info][gc,phases      ] GC(626) Post Compact 6.795ms
[404.713s][info][gc,heap        ] GC(626) PSYoungGen: 1048576K(1223168K)->72931K(1223168K) Eden: 1048576K(1048576K)->72931K(1048576K) From: 0K(174592K)->0K(174592K)
[404.713s][info][gc,heap        ] GC(626) ParOldGen: 2796494K(2796544K)->2796534K(2796544K)
[404.713s][info][gc,metaspace   ] GC(626) Metaspace: 10571K(10816K)->10571K(10816K) NonClass: 9535K(9664K)->9535K(9664K) Class: 1035K(1152K)->1035K(1152K)
[404.713s][info][gc             ] GC(626) Pause Full (Ergonomics) 3754M->2802M(3925M) 168.426ms
[404.713s][info][gc,cpu         ] GC(626) User=1.30s Sys=0.01s Real=0.16s
[405.175s][info][gc,start       ] GC(627) Pause Full (Ergonomics)
[405.175s][info][gc,phases,start] GC(627) Marking Phase
[405.207s][info][gc,phases      ] GC(627) Marking Phase 31.122ms
[405.207s][info][gc,phases,start] GC(627) Summary Phase
[405.207s][info][gc,phases      ] GC(627) Summary Phase 0.064ms
[405.207s][info][gc,phases,start] GC(627) Adjust Roots
[405.207s][info][gc,phases      ] GC(627) Adjust Roots 0.420ms
[405.207s][info][gc,phases,start] GC(627) Compaction Phase
[405.338s][info][gc,phases      ] GC(627) Compaction Phase 130.872ms
[405.338s][info][gc,phases,start] GC(627) Post Compact
[405.347s][info][gc,phases      ] GC(627) Post Compact 9.119ms
[405.347s][info][gc,heap        ] GC(627) PSYoungGen: 1048576K(1223168K)->72935K(1223168K) Eden: 1048576K(1048576K)->72935K(1048576K) From: 0K(174592K)->0K(174592K)
[405.347s][info][gc,heap        ] GC(627) ParOldGen: 2796534K(2796544K)->2796530K(2796544K)
[405.347s][info][gc,metaspace   ] GC(627) Metaspace: 10571K(10816K)->10571K(10816K) NonClass: 9535K(9664K)->9535K(9664K) Class: 1035K(1152K)->1035K(1152K)
[405.347s][info][gc             ] GC(627) Pause Full (Ergonomics) 3754M->2802M(3925M) 171.939ms
[405.347s][info][gc,cpu         ] GC(627) User=1.32s Sys=0.00s Real=0.17s
[405.819s][info][gc,start       ] GC(628) Pause Full (Ergonomics)
[405.819s][info][gc,phases,start] GC(628) Marking Phase
[405.850s][info][gc,phases      ] GC(628) Marking Phase 31.142ms
[405.850s][info][gc,phases,start] GC(628) Summary Phase
[405.850s][info][gc,phases      ] GC(628) Summary Phase 0.063ms
[405.850s][info][gc,phases,start] GC(628) Adjust Roots
[405.851s][info][gc,phases      ] GC(628) Adjust Roots 0.419ms
[405.851s][info][gc,phases,start] GC(628) Compaction Phase
[405.982s][info][gc,phases      ] GC(628) Compaction Phase 131.481ms
[405.982s][info][gc,phases,start] GC(628) Post Compact
[405.991s][info][gc,phases      ] GC(628) Post Compact 9.013ms
[405.991s][info][gc,heap        ] GC(628) PSYoungGen: 1048576K(1223168K)->72931K(1223168K) Eden: 1048576K(1048576K)->72931K(1048576K) From: 0K(174592K)->0K(174592K)
[405.991s][info][gc,heap        ] GC(628) ParOldGen: 2796530K(2796544K)->2796534K(2796544K)
[405.991s][info][gc,metaspace   ] GC(628) Metaspace: 10571K(10816K)->10571K(10816K) NonClass: 9535K(9664K)->9535K(9664K) Class: 1035K(1152K)->1035K(1152K)
[405.991s][info][gc             ] GC(628) Pause Full (Ergonomics) 3754M->2802M(3925M) 172.460ms
[405.991s][info][gc,cpu         ] GC(628) User=1.31s Sys=0.00s Real=0.17s
[406.458s][info][gc,start       ] GC(629) Pause Full (Ergonomics)
[406.458s][info][gc,phases,start] GC(629) Marking Phase
[406.488s][info][gc,phases      ] GC(629) Marking Phase 30.022ms
[406.488s][info][gc,phases,start] GC(629) Summary Phase
[406.488s][info][gc,phases      ] GC(629) Summary Phase 0.064ms
[406.488s][info][gc,phases,start] GC(629) Adjust Roots
[406.488s][info][gc,phases      ] GC(629) Adjust Roots 0.553ms
[406.489s][info][gc,phases,start] GC(629) Compaction Phase
[406.619s][info][gc,phases      ] GC(629) Compaction Phase 130.471ms
[406.619s][info][gc,phases,start] GC(629) Post Compact
[406.630s][info][gc,phases      ] GC(629) Post Compact 10.598ms
[406.630s][info][gc,heap        ] GC(629) PSYoungGen: 1048576K(1223168K)->72972K(1223168K) Eden: 1048576K(1048576K)->72972K(1048576K) From: 0K(174592K)->0K(174592K)
[406.630s][info][gc,heap        ] GC(629) ParOldGen: 2796534K(2796544K)->2796494K(2796544K)
[406.630s][info][gc,metaspace   ] GC(629) Metaspace: 10571K(10816K)->10571K(10816K) NonClass: 9535K(9664K)->9535K(9664K) Class: 1035K(1152K)->1035K(1152K)
[406.630s][info][gc             ] GC(629) Pause Full (Ergonomics) 3754M->2802M(3925M) 172.047ms
[406.630s][info][gc,cpu         ] GC(629) User=1.30s Sys=0.00s Real=0.17s
[407.095s][info][gc,start       ] GC(630) Pause Full (Ergonomics)
[407.095s][info][gc,phases,start] GC(630) Marking Phase
[407.126s][info][gc,phases      ] GC(630) Marking Phase 30.209ms
[407.126s][info][gc,phases,start] GC(630) Summary Phase
[407.126s][info][gc,phases      ] GC(630) Summary Phase 0.064ms
[407.126s][info][gc,phases,start] GC(630) Adjust Roots
[407.126s][info][gc,phases      ] GC(630) Adjust Roots 0.563ms
[407.126s][info][gc,phases,start] GC(630) Compaction Phase
[407.258s][info][gc,phases      ] GC(630) Compaction Phase 131.303ms
[407.258s][info][gc,phases,start] GC(630) Post Compact
[407.267s][info][gc,phases      ] GC(630) Post Compact 9.115ms
[407.267s][info][gc,heap        ] GC(630) PSYoungGen: 1048576K(1223168K)->73412K(1223168K) Eden: 1048576K(1048576K)->73412K(1048576K) From: 0K(174592K)->0K(174592K)
[407.267s][info][gc,heap        ] GC(630) ParOldGen: 2796494K(2796544K)->2796054K(2796544K)
[407.267s][info][gc,metaspace   ] GC(630) Metaspace: 10571K(10816K)->10571K(10816K) NonClass: 9535K(9664K)->9535K(9664K) Class: 1035K(1152K)->1035K(1152K)
[407.267s][info][gc             ] GC(630) Pause Full (Ergonomics) 3754M->2802M(3925M) 171.573ms
[407.267s][info][gc,cpu         ] GC(630) User=1.31s Sys=0.00s Real=0.17s
[407.735s][info][gc,start       ] GC(631) Pause Full (Ergonomics)
[407.736s][info][gc,phases,start] GC(631) Marking Phase
[407.765s][info][gc,phases      ] GC(631) Marking Phase 29.543ms
[407.765s][info][gc,phases,start] GC(631) Summary Phase
[407.765s][info][gc,phases      ] GC(631) Summary Phase 0.084ms
[407.765s][info][gc,phases,start] GC(631) Adjust Roots
[407.766s][info][gc,phases      ] GC(631) Adjust Roots 0.561ms
[407.766s][info][gc,phases,start] GC(631) Compaction Phase
[407.897s][info][gc,phases      ] GC(631) Compaction Phase 131.693ms
[407.898s][info][gc,phases,start] GC(631) Post Compact
[407.904s][info][gc,phases      ] GC(631) Post Compact 6.823ms
[407.904s][info][gc,heap        ] GC(631) PSYoungGen: 1048576K(1223168K)->72956K(1223168K) Eden: 1048576K(1048576K)->72956K(1048576K) From: 0K(174592K)->0K(174592K)
[407.904s][info][gc,heap        ] GC(631) ParOldGen: 2796054K(2796544K)->2796510K(2796544K)
[407.904s][info][gc,metaspace   ] GC(631) Metaspace: 10571K(10816K)->10571K(10816K) NonClass: 9535K(9664K)->9535K(9664K) Class: 1035K(1152K)->1035K(1152K)
[407.905s][info][gc             ] GC(631) Pause Full (Ergonomics) 3754M->2802M(3925M) 169.039ms
[407.905s][info][gc,cpu         ] GC(631) User=1.30s Sys=0.00s Real=0.17s
[408.368s][info][gc,start       ] GC(632) Pause Full (Ergonomics)
[408.368s][info][gc,phases,start] GC(632) Marking Phase
[408.398s][info][gc,phases      ] GC(632) Marking Phase 30.005ms
[408.398s][info][gc,phases,start] GC(632) Summary Phase
[408.398s][info][gc,phases      ] GC(632) Summary Phase 0.064ms
[408.398s][info][gc,phases,start] GC(632) Adjust Roots
[408.399s][info][gc,phases      ] GC(632) Adjust Roots 0.571ms
[408.399s][info][gc,phases,start] GC(632) Compaction Phase
[408.530s][info][gc,phases      ] GC(632) Compaction Phase 131.423ms
[408.530s][info][gc,phases,start] GC(632) Post Compact
[408.538s][info][gc,phases      ] GC(632) Post Compact 7.549ms
[408.538s][info][gc,heap        ] GC(632) PSYoungGen: 1048576K(1223168K)->72948K(1223168K) Eden: 1048576K(1048576K)->72948K(1048576K) From: 0K(174592K)->0K(174592K)
[408.538s][info][gc,heap        ] GC(632) ParOldGen: 2796510K(2796544K)->2796518K(2796544K)
[408.538s][info][gc,metaspace   ] GC(632) Metaspace: 10571K(10816K)->10571K(10816K) NonClass: 9535K(9664K)->9535K(9664K) Class: 1035K(1152K)->1035K(1152K)
[408.538s][info][gc             ] GC(632) Pause Full (Ergonomics) 3754M->2802M(3925M) 169.956ms
[408.538s][info][gc,cpu         ] GC(632) User=1.30s Sys=0.00s Real=0.17s
[409.007s][info][gc,start       ] GC(633) Pause Full (Ergonomics)
[409.007s][info][gc,phases,start] GC(633) Marking Phase
[409.038s][info][gc,phases      ] GC(633) Marking Phase 30.966ms
[409.038s][info][gc,phases,start] GC(633) Summary Phase
[409.038s][info][gc,phases      ] GC(633) Summary Phase 0.065ms
[409.038s][info][gc,phases,start] GC(633) Adjust Roots
[409.039s][info][gc,phases      ] GC(633) Adjust Roots 0.419ms
[409.039s][info][gc,phases,start] GC(633) Compaction Phase
[409.170s][info][gc,phases      ] GC(633) Compaction Phase 131.483ms
[409.170s][info][gc,phases,start] GC(633) Post Compact
[409.180s][info][gc,phases      ] GC(633) Post Compact 9.739ms
[409.180s][info][gc,heap        ] GC(633) PSYoungGen: 1048576K(1223168K)->73001K(1223168K) Eden: 1048576K(1048576K)->73001K(1048576K) From: 0K(174592K)->0K(174592K)
[409.180s][info][gc,heap        ] GC(633) ParOldGen: 2796518K(2796544K)->2796465K(2796544K)
[409.180s][info][gc,metaspace   ] GC(633) Metaspace: 10571K(10816K)->10571K(10816K) NonClass: 9535K(9664K)->9535K(9664K) Class: 1035K(1152K)->1035K(1152K)
[409.180s][info][gc             ] GC(633) Pause Full (Ergonomics) 3754M->2802M(3925M) 173.006ms
[409.180s][info][gc,cpu         ] GC(633) User=1.30s Sys=0.01s Real=0.17s
[409.648s][info][gc,start       ] GC(634) Pause Full (Ergonomics)
[409.648s][info][gc,phases,start] GC(634) Marking Phase
[409.679s][info][gc,phases      ] GC(634) Marking Phase 30.920ms
[409.679s][info][gc,phases,start] GC(634) Summary Phase
[409.679s][info][gc,phases      ] GC(634) Summary Phase 0.065ms
[409.679s][info][gc,phases,start] GC(634) Adjust Roots
[409.679s][info][gc,phases      ] GC(634) Adjust Roots 0.400ms
[409.679s][info][gc,phases,start] GC(634) Compaction Phase
[409.811s][info][gc,phases      ] GC(634) Compaction Phase 131.871ms
[409.811s][info][gc,phases,start] GC(634) Post Compact
[409.820s][info][gc,phases      ] GC(634) Post Compact 8.215ms
[409.820s][info][gc,heap        ] GC(634) PSYoungGen: 1048576K(1223168K)->72960K(1223168K) Eden: 1048576K(1048576K)->72960K(1048576K) From: 0K(174592K)->0K(174592K)
[409.820s][info][gc,heap        ] GC(634) ParOldGen: 2796465K(2796544K)->2796506K(2796544K)
[409.820s][info][gc,metaspace   ] GC(634) Metaspace: 10571K(10816K)->10571K(10816K) NonClass: 9535K(9664K)->9535K(9664K) Class: 1035K(1152K)->1035K(1152K)
[409.820s][info][gc             ] GC(634) Pause Full (Ergonomics) 3754M->2802M(3925M) 171.839ms
[409.820s][info][gc,cpu         ] GC(634) User=1.32s Sys=0.00s Real=0.17s
[410.290s][info][gc,start       ] GC(635) Pause Full (Ergonomics)
[410.290s][info][gc,phases,start] GC(635) Marking Phase
[410.321s][info][gc,phases      ] GC(635) Marking Phase 30.191ms
[410.321s][info][gc,phases,start] GC(635) Summary Phase
[410.321s][info][gc,phases      ] GC(635) Summary Phase 0.064ms
[410.321s][info][gc,phases,start] GC(635) Adjust Roots
[410.321s][info][gc,phases      ] GC(635) Adjust Roots 0.402ms
[410.321s][info][gc,phases,start] GC(635) Compaction Phase
[410.452s][info][gc,phases      ] GC(635) Compaction Phase 131.261ms
[410.453s][info][gc,phases,start] GC(635) Post Compact
[410.463s][info][gc,phases      ] GC(635) Post Compact 10.322ms
[410.463s][info][gc,heap        ] GC(635) PSYoungGen: 1048576K(1223168K)->72956K(1223168K) Eden: 1048576K(1048576K)->72956K(1048576K) From: 0K(174592K)->0K(174592K)
[410.463s][info][gc,heap        ] GC(635) ParOldGen: 2796506K(2796544K)->2796510K(2796544K)
[410.463s][info][gc,metaspace   ] GC(635) Metaspace: 10571K(10816K)->10571K(10816K) NonClass: 9535K(9664K)->9535K(9664K) Class: 1035K(1152K)->1035K(1152K)
[410.463s][info][gc             ] GC(635) Pause Full (Ergonomics) 3754M->2802M(3925M) 172.575ms
[410.463s][info][gc,cpu         ] GC(635) User=1.31s Sys=0.00s Real=0.18s
[410.929s][info][gc,start       ] GC(636) Pause Full (Ergonomics)
[410.929s][info][gc,phases,start] GC(636) Marking Phase
[410.960s][info][gc,phases      ] GC(636) Marking Phase 30.778ms
[410.960s][info][gc,phases,start] GC(636) Summary Phase
[410.960s][info][gc,phases      ] GC(636) Summary Phase 0.065ms
[410.960s][info][gc,phases,start] GC(636) Adjust Roots
[410.961s][info][gc,phases      ] GC(636) Adjust Roots 0.586ms
[410.961s][info][gc,phases,start] GC(636) Compaction Phase
[411.091s][info][gc,phases      ] GC(636) Compaction Phase 130.851ms
[411.091s][info][gc,phases,start] GC(636) Post Compact
[411.103s][info][gc,phases      ] GC(636) Post Compact 11.442ms
[411.103s][info][gc,heap        ] GC(636) PSYoungGen: 1048576K(1223168K)->72931K(1223168K) Eden: 1048576K(1048576K)->72931K(1048576K) From: 0K(174592K)->0K(174592K)
[411.103s][info][gc,heap        ] GC(636) ParOldGen: 2796510K(2796544K)->2796534K(2796544K)
[411.103s][info][gc,metaspace   ] GC(636) Metaspace: 10571K(10816K)->10571K(10816K) NonClass: 9535K(9664K)->9535K(9664K) Class: 1035K(1152K)->1035K(1152K)
[411.103s][info][gc             ] GC(636) Pause Full (Ergonomics) 3754M->2802M(3925M) 174.061ms
[411.103s][info][gc,cpu         ] GC(636) User=1.31s Sys=0.00s Real=0.18s
[411.575s][info][gc,start       ] GC(637) Pause Full (Ergonomics)
[411.575s][info][gc,phases,start] GC(637) Marking Phase
[411.605s][info][gc,phases      ] GC(637) Marking Phase 29.978ms
[411.606s][info][gc,phases,start] GC(637) Summary Phase
[411.606s][info][gc,phases      ] GC(637) Summary Phase 0.064ms
[411.606s][info][gc,phases,start] GC(637) Adjust Roots
[411.606s][info][gc,phases      ] GC(637) Adjust Roots 0.403ms
[411.606s][info][gc,phases,start] GC(637) Compaction Phase
[411.738s][info][gc,phases      ] GC(637) Compaction Phase 131.705ms
[411.738s][info][gc,phases,start] GC(637) Post Compact
[411.747s][info][gc,phases      ] GC(637) Post Compact 8.825ms
[411.747s][info][gc,heap        ] GC(637) PSYoungGen: 1048576K(1223168K)->72968K(1223168K) Eden: 1048576K(1048576K)->72968K(1048576K) From: 0K(174592K)->0K(174592K)
[411.747s][info][gc,heap        ] GC(637) ParOldGen: 2796534K(2796544K)->2796498K(2796544K)
[411.747s][info][gc,metaspace   ] GC(637) Metaspace: 10571K(10816K)->10571K(10816K) NonClass: 9535K(9664K)->9535K(9664K) Class: 1035K(1152K)->1035K(1152K)
[411.747s][info][gc             ] GC(637) Pause Full (Ergonomics) 3754M->2802M(3925M) 171.334ms
[411.747s][info][gc,cpu         ] GC(637) User=1.32s Sys=0.00s Real=0.17s
[412.222s][info][gc,start       ] GC(638) Pause Full (Ergonomics)
[412.222s][info][gc,phases,start] GC(638) Marking Phase
[412.252s][info][gc,phases      ] GC(638) Marking Phase 30.528ms
[412.252s][info][gc,phases,start] GC(638) Summary Phase
[412.252s][info][gc,phases      ] GC(638) Summary Phase 0.063ms
[412.252s][info][gc,phases,start] GC(638) Adjust Roots
[412.253s][info][gc,phases      ] GC(638) Adjust Roots 0.567ms
[412.253s][info][gc,phases,start] GC(638) Compaction Phase
[412.384s][info][gc,phases      ] GC(638) Compaction Phase 130.882ms
[412.384s][info][gc,phases,start] GC(638) Post Compact
[412.394s][info][gc,phases      ] GC(638) Post Compact 9.675ms
[412.394s][info][gc,heap        ] GC(638) PSYoungGen: 1048576K(1223168K)->72927K(1223168K) Eden: 1048576K(1048576K)->72927K(1048576K) From: 0K(174592K)->0K(174592K)
[412.394s][info][gc,heap        ] GC(638) ParOldGen: 2796498K(2796544K)->2796539K(2796544K)
[412.394s][info][gc,metaspace   ] GC(638) Metaspace: 10571K(10816K)->10571K(10816K) NonClass: 9535K(9664K)->9535K(9664K) Class: 1035K(1152K)->1035K(1152K)
[412.394s][info][gc             ] GC(638) Pause Full (Ergonomics) 3754M->2802M(3925M) 172.042ms
[412.394s][info][gc,cpu         ] GC(638) User=1.32s Sys=0.00s Real=0.17s
[412.864s][info][gc,start       ] GC(639) Pause Full (Ergonomics)
[412.864s][info][gc,phases,start] GC(639) Marking Phase
[412.894s][info][gc,phases      ] GC(639) Marking Phase 29.753ms
[412.894s][info][gc,phases,start] GC(639) Summary Phase
[412.894s][info][gc,phases      ] GC(639) Summary Phase 0.064ms
[412.894s][info][gc,phases,start] GC(639) Adjust Roots
[412.894s][info][gc,phases      ] GC(639) Adjust Roots 0.555ms
[412.894s][info][gc,phases,start] GC(639) Compaction Phase
[413.025s][info][gc,phases      ] GC(639) Compaction Phase 130.773ms
[413.025s][info][gc,phases,start] GC(639) Post Compact
[413.034s][info][gc,phases      ] GC(639) Post Compact 8.588ms
[413.034s][info][gc,heap        ] GC(639) PSYoungGen: 1048576K(1223168K)->72956K(1223168K) Eden: 1048576K(1048576K)->72956K(1048576K) From: 0K(174592K)->0K(174592K)
[413.034s][info][gc,heap        ] GC(639) ParOldGen: 2796539K(2796544K)->2796510K(2796544K)
[413.034s][info][gc,metaspace   ] GC(639) Metaspace: 10571K(10816K)->10571K(10816K) NonClass: 9535K(9664K)->9535K(9664K) Class: 1035K(1152K)->1035K(1152K)
[413.034s][info][gc             ] GC(639) Pause Full (Ergonomics) 3754M->2802M(3925M) 170.057ms
[413.034s][info][gc,cpu         ] GC(639) User=1.30s Sys=0.01s Real=0.17s
[413.503s][info][gc,start       ] GC(640) Pause Full (Ergonomics)
[413.503s][info][gc,phases,start] GC(640) Marking Phase
[413.533s][info][gc,phases      ] GC(640) Marking Phase 30.155ms
[413.533s][info][gc,phases,start] GC(640) Summary Phase
[413.533s][info][gc,phases      ] GC(640) Summary Phase 0.064ms
[413.533s][info][gc,phases,start] GC(640) Adjust Roots
[413.534s][info][gc,phases      ] GC(640) Adjust Roots 0.561ms
[413.534s][info][gc,phases,start] GC(640) Compaction Phase
[413.664s][info][gc,phases      ] GC(640) Compaction Phase 130.105ms
[413.664s][info][gc,phases,start] GC(640) Post Compact
[413.673s][info][gc,phases      ] GC(640) Post Compact 9.090ms
[413.673s][info][gc,heap        ] GC(640) PSYoungGen: 1048576K(1223168K)->72972K(1223168K) Eden: 1048576K(1048576K)->72972K(1048576K) From: 0K(174592K)->0K(174592K)
[413.673s][info][gc,heap        ] GC(640) ParOldGen: 2796510K(2796544K)->2796494K(2796544K)
[413.673s][info][gc,metaspace   ] GC(640) Metaspace: 10571K(10816K)->10571K(10816K) NonClass: 9535K(9664K)->9535K(9664K) Class: 1035K(1152K)->1035K(1152K)
[413.673s][info][gc             ] GC(640) Pause Full (Ergonomics) 3754M->2802M(3925M) 170.307ms
[413.673s][info][gc,cpu         ] GC(640) User=1.30s Sys=0.00s Real=0.16s
[414.134s][info][gc,start       ] GC(641) Pause Full (Ergonomics)
[414.134s][info][gc,phases,start] GC(641) Marking Phase
[414.164s][info][gc,phases      ] GC(641) Marking Phase 30.456ms
[414.165s][info][gc,phases,start] GC(641) Summary Phase
[414.165s][info][gc,phases      ] GC(641) Summary Phase 0.064ms
[414.165s][info][gc,phases,start] GC(641) Adjust Roots
[414.165s][info][gc,phases      ] GC(641) Adjust Roots 0.551ms
[414.165s][info][gc,phases,start] GC(641) Compaction Phase
[414.298s][info][gc,phases      ] GC(641) Compaction Phase 132.705ms
[414.298s][info][gc,phases,start] GC(641) Post Compact
[414.307s][info][gc,phases      ] GC(641) Post Compact 8.901ms
[414.307s][info][gc,heap        ] GC(641) PSYoungGen: 1048576K(1223168K)->72972K(1223168K) Eden: 1048576K(1048576K)->72972K(1048576K) From: 0K(174592K)->0K(174592K)
[414.307s][info][gc,heap        ] GC(641) ParOldGen: 2796494K(2796544K)->2796494K(2796544K)
[414.307s][info][gc,metaspace   ] GC(641) Metaspace: 10571K(10816K)->10571K(10816K) NonClass: 9535K(9664K)->9535K(9664K) Class: 1035K(1152K)->1035K(1152K)
[414.307s][info][gc             ] GC(641) Pause Full (Ergonomics) 3754M->2802M(3925M) 173.007ms
[414.307s][info][gc,cpu         ] GC(641) User=1.31s Sys=0.00s Real=0.17s
[414.787s][info][gc,start       ] GC(642) Pause Full (Ergonomics)
[414.787s][info][gc,phases,start] GC(642) Marking Phase
[414.817s][info][gc,phases      ] GC(642) Marking Phase 29.869ms
[414.817s][info][gc,phases,start] GC(642) Summary Phase
[414.817s][info][gc,phases      ] GC(642) Summary Phase 0.063ms
[414.817s][info][gc,phases,start] GC(642) Adjust Roots
[414.818s][info][gc,phases      ] GC(642) Adjust Roots 0.562ms
[414.818s][info][gc,phases,start] GC(642) Compaction Phase
[414.949s][info][gc,phases      ] GC(642) Compaction Phase 131.018ms
[414.949s][info][gc,phases,start] GC(642) Post Compact
[414.961s][info][gc,phases      ] GC(642) Post Compact 11.685ms
[414.961s][info][gc,heap        ] GC(642) PSYoungGen: 1048576K(1223168K)->72976K(1223168K) Eden: 1048576K(1048576K)->72976K(1048576K) From: 0K(174592K)->0K(174592K)
[414.961s][info][gc,heap        ] GC(642) ParOldGen: 2796494K(2796544K)->2796490K(2796544K)
[414.961s][info][gc,metaspace   ] GC(642) Metaspace: 10571K(10816K)->10571K(10816K) NonClass: 9535K(9664K)->9535K(9664K) Class: 1035K(1152K)->1035K(1152K)
[414.961s][info][gc             ] GC(642) Pause Full (Ergonomics) 3754M->2802M(3925M) 173.536ms
[414.961s][info][gc,cpu         ] GC(642) User=1.31s Sys=0.00s Real=0.17s
[415.437s][info][gc,start       ] GC(643) Pause Full (Ergonomics)
[415.437s][info][gc,phases,start] GC(643) Marking Phase
[415.468s][info][gc,phases      ] GC(643) Marking Phase 30.664ms
[415.468s][info][gc,phases,start] GC(643) Summary Phase
[415.468s][info][gc,phases      ] GC(643) Summary Phase 0.064ms
[415.468s][info][gc,phases,start] GC(643) Adjust Roots
[415.468s][info][gc,phases      ] GC(643) Adjust Roots 0.399ms
[415.468s][info][gc,phases,start] GC(643) Compaction Phase
[415.599s][info][gc,phases      ] GC(643) Compaction Phase 130.739ms
[415.599s][info][gc,phases,start] GC(643) Post Compact
[415.610s][info][gc,phases      ] GC(643) Post Compact 10.851ms
[415.610s][info][gc,heap        ] GC(643) PSYoungGen: 1048576K(1223168K)->72964K(1223168K) Eden: 1048576K(1048576K)->72964K(1048576K) From: 0K(174592K)->0K(174592K)
[415.610s][info][gc,heap        ] GC(643) ParOldGen: 2796490K(2796544K)->2796502K(2796544K)
[415.610s][info][gc,metaspace   ] GC(643) Metaspace: 10571K(10816K)->10571K(10816K) NonClass: 9535K(9664K)->9535K(9664K) Class: 1035K(1152K)->1035K(1152K)
[415.610s][info][gc             ] GC(643) Pause Full (Ergonomics) 3754M->2802M(3925M) 173.056ms
[415.610s][info][gc,cpu         ] GC(643) User=1.31s Sys=0.00s Real=0.17s
[416.081s][info][gc,start       ] GC(644) Pause Full (Ergonomics)
[416.082s][info][gc,phases,start] GC(644) Marking Phase
[416.112s][info][gc,phases      ] GC(644) Marking Phase 30.227ms
[416.112s][info][gc,phases,start] GC(644) Summary Phase
[416.112s][info][gc,phases      ] GC(644) Summary Phase 0.064ms
[416.112s][info][gc,phases,start] GC(644) Adjust Roots
[416.112s][info][gc,phases      ] GC(644) Adjust Roots 0.402ms
[416.112s][info][gc,phases,start] GC(644) Compaction Phase
[416.243s][info][gc,phases      ] GC(644) Compaction Phase 131.027ms
[416.243s][info][gc,phases,start] GC(644) Post Compact
[416.252s][info][gc,phases      ] GC(644) Post Compact 8.067ms
[416.252s][info][gc,heap        ] GC(644) PSYoungGen: 1048576K(1223168K)->72939K(1223168K) Eden: 1048576K(1048576K)->72939K(1048576K) From: 0K(174592K)->0K(174592K)
[416.252s][info][gc,heap        ] GC(644) ParOldGen: 2796502K(2796544K)->2796526K(2796544K)
[416.252s][info][gc,metaspace   ] GC(644) Metaspace: 10571K(10816K)->10571K(10816K) NonClass: 9535K(9664K)->9535K(9664K) Class: 1035K(1152K)->1035K(1152K)
[416.252s][info][gc             ] GC(644) Pause Full (Ergonomics) 3754M->2802M(3925M) 170.164ms
[416.252s][info][gc,cpu         ] GC(644) User=1.31s Sys=0.00s Real=0.16s
[416.715s][info][gc,start       ] GC(645) Pause Full (Ergonomics)
[416.715s][info][gc,phases,start] GC(645) Marking Phase
[416.747s][info][gc,phases      ] GC(645) Marking Phase 32.040ms
[416.747s][info][gc,phases,start] GC(645) Summary Phase
[416.747s][info][gc,phases      ] GC(645) Summary Phase 0.064ms
[416.747s][info][gc,phases,start] GC(645) Adjust Roots
[416.747s][info][gc,phases      ] GC(645) Adjust Roots 0.404ms
[416.747s][info][gc,phases,start] GC(645) Compaction Phase
[416.879s][info][gc,phases      ] GC(645) Compaction Phase 131.604ms
[416.879s][info][gc,phases,start] GC(645) Post Compact
[416.887s][info][gc,phases      ] GC(645) Post Compact 7.968ms
[416.887s][info][gc,heap        ] GC(645) PSYoungGen: 1048576K(1223168K)->72976K(1223168K) Eden: 1048576K(1048576K)->72976K(1048576K) From: 0K(174592K)->0K(174592K)
[416.887s][info][gc,heap        ] GC(645) ParOldGen: 2796526K(2796544K)->2796490K(2796544K)
[416.887s][info][gc,metaspace   ] GC(645) Metaspace: 10571K(10816K)->10571K(10816K) NonClass: 9535K(9664K)->9535K(9664K) Class: 1035K(1152K)->1035K(1152K)
[416.887s][info][gc             ] GC(645) Pause Full (Ergonomics) 3754M->2802M(3925M) 172.425ms
[416.887s][info][gc,cpu         ] GC(645) User=1.32s Sys=0.00s Real=0.17s
[417.359s][info][gc,start       ] GC(646) Pause Full (Ergonomics)
[417.359s][info][gc,phases,start] GC(646) Marking Phase
[417.388s][info][gc,phases      ] GC(646) Marking Phase 29.654ms
[417.389s][info][gc,phases,start] GC(646) Summary Phase
[417.389s][info][gc,phases      ] GC(646) Summary Phase 0.063ms
[417.389s][info][gc,phases,start] GC(646) Adjust Roots
[417.389s][info][gc,phases      ] GC(646) Adjust Roots 0.403ms
[417.389s][info][gc,phases,start] GC(646) Compaction Phase
[417.521s][info][gc,phases      ] GC(646) Compaction Phase 131.738ms
[417.521s][info][gc,phases,start] GC(646) Post Compact
[417.531s][info][gc,phases      ] GC(646) Post Compact 10.489ms
[417.531s][info][gc,heap        ] GC(646) PSYoungGen: 1048576K(1223168K)->72988K(1223168K) Eden: 1048576K(1048576K)->72988K(1048576K) From: 0K(174592K)->0K(174592K)
[417.531s][info][gc,heap        ] GC(646) ParOldGen: 2796490K(2796544K)->2796477K(2796544K)
[417.531s][info][gc,metaspace   ] GC(646) Metaspace: 10571K(10816K)->10571K(10816K) NonClass: 9535K(9664K)->9535K(9664K) Class: 1035K(1152K)->1035K(1152K)
[417.531s][info][gc             ] GC(646) Pause Full (Ergonomics) 3754M->2802M(3925M) 172.678ms
[417.531s][info][gc,cpu         ] GC(646) User=1.31s Sys=0.00s Real=0.17s
[418.003s][info][gc,start       ] GC(647) Pause Full (Ergonomics)
[418.003s][info][gc,phases,start] GC(647) Marking Phase
[418.033s][info][gc,phases      ] GC(647) Marking Phase 29.851ms
[418.033s][info][gc,phases,start] GC(647) Summary Phase
[418.033s][info][gc,phases      ] GC(647) Summary Phase 0.063ms
[418.033s][info][gc,phases,start] GC(647) Adjust Roots
[418.034s][info][gc,phases      ] GC(647) Adjust Roots 0.580ms
[418.034s][info][gc,phases,start] GC(647) Compaction Phase
[418.165s][info][gc,phases      ] GC(647) Compaction Phase 131.220ms
[418.165s][info][gc,phases,start] GC(647) Post Compact
[418.178s][info][gc,phases      ] GC(647) Post Compact 13.591ms
[418.179s][info][gc,heap        ] GC(647) PSYoungGen: 1048576K(1223168K)->72931K(1223168K) Eden: 1048576K(1048576K)->72931K(1048576K) From: 0K(174592K)->0K(174592K)
[418.179s][info][gc,heap        ] GC(647) ParOldGen: 2796477K(2796544K)->2796534K(2796544K)
[418.179s][info][gc,metaspace   ] GC(647) Metaspace: 10571K(10816K)->10571K(10816K) NonClass: 9535K(9664K)->9535K(9664K) Class: 1035K(1152K)->1035K(1152K)
[418.179s][info][gc             ] GC(647) Pause Full (Ergonomics) 3754M->2802M(3925M) 175.684ms
[418.179s][info][gc,cpu         ] GC(647) User=1.31s Sys=0.00s Real=0.17s
[418.648s][info][gc,start       ] GC(648) Pause Full (Ergonomics)
[418.648s][info][gc,phases,start] GC(648) Marking Phase
[418.677s][info][gc,phases      ] GC(648) Marking Phase 29.544ms
[418.677s][info][gc,phases,start] GC(648) Summary Phase
[418.677s][info][gc,phases      ] GC(648) Summary Phase 0.062ms
[418.677s][info][gc,phases,start] GC(648) Adjust Roots
[418.678s][info][gc,phases      ] GC(648) Adjust Roots 0.555ms
[418.678s][info][gc,phases,start] GC(648) Compaction Phase
[418.809s][info][gc,phases      ] GC(648) Compaction Phase 131.210ms
[418.809s][info][gc,phases,start] GC(648) Post Compact
[418.816s][info][gc,phases      ] GC(648) Post Compact 6.798ms
[418.816s][info][gc,heap        ] GC(648) PSYoungGen: 1048576K(1223168K)->72944K(1223168K) Eden: 1048576K(1048576K)->72944K(1048576K) From: 0K(174592K)->0K(174592K)
[418.816s][info][gc,heap        ] GC(648) ParOldGen: 2796534K(2796544K)->2796522K(2796544K)
[418.816s][info][gc,metaspace   ] GC(648) Metaspace: 10571K(10816K)->10571K(10816K) NonClass: 9535K(9664K)->9535K(9664K) Class: 1035K(1152K)->1035K(1152K)
[418.816s][info][gc             ] GC(648) Pause Full (Ergonomics) 3754M->2802M(3925M) 168.504ms
[418.816s][info][gc,cpu         ] GC(648) User=1.30s Sys=0.01s Real=0.17s
[419.298s][info][gc,start       ] GC(649) Pause Full (Ergonomics)
[419.299s][info][gc,phases,start] GC(649) Marking Phase
[419.329s][info][gc,phases      ] GC(649) Marking Phase 30.517ms
[419.329s][info][gc,phases,start] GC(649) Summary Phase
[419.329s][info][gc,phases      ] GC(649) Summary Phase 0.065ms
[419.329s][info][gc,phases,start] GC(649) Adjust Roots
[419.330s][info][gc,phases      ] GC(649) Adjust Roots 0.413ms
[419.330s][info][gc,phases,start] GC(649) Compaction Phase
[419.460s][info][gc,phases      ] GC(649) Compaction Phase 130.508ms
[419.460s][info][gc,phases,start] GC(649) Post Compact
[419.470s][info][gc,phases      ] GC(649) Post Compact 9.601ms
[419.470s][info][gc,heap        ] GC(649) PSYoungGen: 1048576K(1223168K)->72956K(1223168K) Eden: 1048576K(1048576K)->72956K(1048576K) From: 0K(174592K)->0K(174592K)
[419.470s][info][gc,heap        ] GC(649) ParOldGen: 2796522K(2796544K)->2796510K(2796544K)
[419.470s][info][gc,metaspace   ] GC(649) Metaspace: 10571K(10816K)->10571K(10816K) NonClass: 9535K(9664K)->9535K(9664K) Class: 1035K(1152K)->1035K(1152K)
[419.470s][info][gc             ] GC(649) Pause Full (Ergonomics) 3754M->2802M(3925M) 171.442ms
[419.470s][info][gc,cpu         ] GC(649) User=1.31s Sys=0.00s Real=0.17s
[419.937s][info][gc,start       ] GC(650) Pause Full (Ergonomics)
[419.937s][info][gc,phases,start] GC(650) Marking Phase
[419.966s][info][gc,phases      ] GC(650) Marking Phase 29.622ms
[419.966s][info][gc,phases,start] GC(650) Summary Phase
[419.966s][info][gc,phases      ] GC(650) Summary Phase 0.065ms
[419.966s][info][gc,phases,start] GC(650) Adjust Roots
[419.967s][info][gc,phases      ] GC(650) Adjust Roots 0.401ms
[419.967s][info][gc,phases,start] GC(650) Compaction Phase
[420.099s][info][gc,phases      ] GC(650) Compaction Phase 132.284ms
[420.099s][info][gc,phases,start] GC(650) Post Compact
[420.107s][info][gc,phases      ] GC(650) Post Compact 7.920ms
[420.107s][info][gc,heap        ] GC(650) PSYoungGen: 1048576K(1223168K)->72935K(1223168K) Eden: 1048576K(1048576K)->72935K(1048576K) From: 0K(174592K)->0K(174592K)
[420.107s][info][gc,heap        ] GC(650) ParOldGen: 2796510K(2796544K)->2796530K(2796544K)
[420.107s][info][gc,metaspace   ] GC(650) Metaspace: 10571K(10816K)->10571K(10816K) NonClass: 9535K(9664K)->9535K(9664K) Class: 1035K(1152K)->1035K(1152K)
[420.107s][info][gc             ] GC(650) Pause Full (Ergonomics) 3754M->2802M(3925M) 170.653ms
[420.107s][info][gc,cpu         ] GC(650) User=1.30s Sys=0.01s Real=0.17s
[420.577s][info][gc,start       ] GC(651) Pause Full (Ergonomics)
[420.577s][info][gc,phases,start] GC(651) Marking Phase
[420.608s][info][gc,phases      ] GC(651) Marking Phase 30.950ms
[420.608s][info][gc,phases,start] GC(651) Summary Phase
[420.608s][info][gc,phases      ] GC(651) Summary Phase 0.064ms
[420.608s][info][gc,phases,start] GC(651) Adjust Roots
[420.609s][info][gc,phases      ] GC(651) Adjust Roots 0.421ms
[420.609s][info][gc,phases,start] GC(651) Compaction Phase
[420.740s][info][gc,phases      ] GC(651) Compaction Phase 131.365ms
[420.740s][info][gc,phases,start] GC(651) Post Compact
[420.748s][info][gc,phases      ] GC(651) Post Compact 7.371ms
[420.748s][info][gc,heap        ] GC(651) PSYoungGen: 1048576K(1223168K)->72980K(1223168K) Eden: 1048576K(1048576K)->72980K(1048576K) From: 0K(174592K)->0K(174592K)
[420.748s][info][gc,heap        ] GC(651) ParOldGen: 2796530K(2796544K)->2796486K(2796544K)
[420.748s][info][gc,metaspace   ] GC(651) Metaspace: 10571K(10816K)->10571K(10816K) NonClass: 9535K(9664K)->9535K(9664K) Class: 1035K(1152K)->1035K(1152K)
[420.748s][info][gc             ] GC(651) Pause Full (Ergonomics) 3754M->2802M(3925M) 170.509ms
[420.748s][info][gc,cpu         ] GC(651) User=1.31s Sys=0.01s Real=0.17s
[421.218s][info][gc,start       ] GC(652) Pause Full (Ergonomics)
[421.218s][info][gc,phases,start] GC(652) Marking Phase
[421.248s][info][gc,phases      ] GC(652) Marking Phase 30.263ms
[421.248s][info][gc,phases,start] GC(652) Summary Phase
[421.248s][info][gc,phases      ] GC(652) Summary Phase 0.064ms
[421.248s][info][gc,phases,start] GC(652) Adjust Roots
[421.249s][info][gc,phases      ] GC(652) Adjust Roots 0.417ms
[421.249s][info][gc,phases,start] GC(652) Compaction Phase
[421.379s][info][gc,phases      ] GC(652) Compaction Phase 130.237ms
[421.379s][info][gc,phases,start] GC(652) Post Compact
[421.390s][info][gc,phases      ] GC(652) Post Compact 11.289ms
[421.391s][info][gc,heap        ] GC(652) PSYoungGen: 1048576K(1223168K)->72968K(1223168K) Eden: 1048576K(1048576K)->72968K(1048576K) From: 0K(174592K)->0K(174592K)
[421.391s][info][gc,heap        ] GC(652) ParOldGen: 2796486K(2796544K)->2796498K(2796544K)
[421.391s][info][gc,metaspace   ] GC(652) Metaspace: 10574K(10816K)->10574K(10816K) NonClass: 9538K(9664K)->9538K(9664K) Class: 1035K(1152K)->1035K(1152K)
[421.391s][info][gc             ] GC(652) Pause Full (Ergonomics) 3754M->2802M(3925M) 172.628ms
[421.391s][info][gc,cpu         ] GC(652) User=1.31s Sys=0.00s Real=0.17s
[421.851s][info][gc,start       ] GC(653) Pause Full (Ergonomics)
[421.851s][info][gc,phases,start] GC(653) Marking Phase
[421.881s][info][gc,phases      ] GC(653) Marking Phase 29.340ms
[421.881s][info][gc,phases,start] GC(653) Summary Phase
[421.881s][info][gc,phases      ] GC(653) Summary Phase 0.058ms
[421.881s][info][gc,phases,start] GC(653) Adjust Roots
[421.881s][info][gc,phases      ] GC(653) Adjust Roots 0.547ms
[421.881s][info][gc,phases,start] GC(653) Compaction Phase
[422.012s][info][gc,phases      ] GC(653) Compaction Phase 130.951ms
[422.012s][info][gc,phases,start] GC(653) Post Compact
[422.023s][info][gc,phases      ] GC(653) Post Compact 10.244ms
[422.023s][info][gc,heap        ] GC(653) PSYoungGen: 1048576K(1223168K)->72956K(1223168K) Eden: 1048576K(1048576K)->72956K(1048576K) From: 0K(174592K)->0K(174592K)
[422.023s][info][gc,heap        ] GC(653) ParOldGen: 2796498K(2796544K)->2796510K(2796544K)
[422.023s][info][gc,metaspace   ] GC(653) Metaspace: 10574K(10816K)->10574K(10816K) NonClass: 9538K(9664K)->9538K(9664K) Class: 1035K(1152K)->1035K(1152K)
[422.023s][info][gc             ] GC(653) Pause Full (Ergonomics) 3754M->2802M(3925M) 171.436ms
[422.023s][info][gc,cpu         ] GC(653) User=1.30s Sys=0.00s Real=0.18s
[422.488s][info][gc,start       ] GC(654) Pause Full (Ergonomics)
[422.488s][info][gc,phases,start] GC(654) Marking Phase
[422.519s][info][gc,phases      ] GC(654) Marking Phase 30.267ms
[422.519s][info][gc,phases,start] GC(654) Summary Phase
[422.519s][info][gc,phases      ] GC(654) Summary Phase 0.064ms
[422.519s][info][gc,phases,start] GC(654) Adjust Roots
[422.519s][info][gc,phases      ] GC(654) Adjust Roots 0.556ms
[422.519s][info][gc,phases,start] GC(654) Compaction Phase
[422.650s][info][gc,phases      ] GC(654) Compaction Phase 130.762ms
[422.650s][info][gc,phases,start] GC(654) Post Compact
[422.658s][info][gc,phases      ] GC(654) Post Compact 7.655ms
[422.658s][info][gc,heap        ] GC(654) PSYoungGen: 1048576K(1223168K)->72952K(1223168K) Eden: 1048576K(1048576K)->72952K(1048576K) From: 0K(174592K)->0K(174592K)
[422.658s][info][gc,heap        ] GC(654) ParOldGen: 2796510K(2796544K)->2796514K(2796544K)
[422.658s][info][gc,metaspace   ] GC(654) Metaspace: 10574K(10816K)->10574K(10816K) NonClass: 9538K(9664K)->9538K(9664K) Class: 1035K(1152K)->1035K(1152K)
[422.658s][info][gc             ] GC(654) Pause Full (Ergonomics) 3754M->2802M(3925M) 169.645ms
[422.658s][info][gc,cpu         ] GC(654) User=1.31s Sys=0.00s Real=0.17s
[423.121s][info][gc,start       ] GC(655) Pause Full (Ergonomics)
[423.121s][info][gc,phases,start] GC(655) Marking Phase
[423.150s][info][gc,phases      ] GC(655) Marking Phase 29.217ms
[423.150s][info][gc,phases,start] GC(655) Summary Phase
[423.150s][info][gc,phases      ] GC(655) Summary Phase 0.063ms
[423.150s][info][gc,phases,start] GC(655) Adjust Roots
[423.151s][info][gc,phases      ] GC(655) Adjust Roots 0.555ms
[423.151s][info][gc,phases,start] GC(655) Compaction Phase
[423.282s][info][gc,phases      ] GC(655) Compaction Phase 131.652ms
[423.282s][info][gc,phases,start] GC(655) Post Compact
[423.289s][info][gc,phases      ] GC(655) Post Compact 7.022ms
[423.289s][info][gc,heap        ] GC(655) PSYoungGen: 1048576K(1223168K)->72976K(1223168K) Eden: 1048576K(1048576K)->72976K(1048576K) From: 0K(174592K)->0K(174592K)
[423.289s][info][gc,heap        ] GC(655) ParOldGen: 2796514K(2796544K)->2796490K(2796544K)
[423.289s][info][gc,metaspace   ] GC(655) Metaspace: 10574K(10816K)->10574K(10816K) NonClass: 9538K(9664K)->9538K(9664K) Class: 1035K(1152K)->1035K(1152K)
[423.289s][info][gc             ] GC(655) Pause Full (Ergonomics) 3754M->2802M(3925M) 168.845ms
[423.289s][info][gc,cpu         ] GC(655) User=1.31s Sys=0.00s Real=0.17s
[423.755s][info][gc,start       ] GC(656) Pause Full (Ergonomics)
[423.755s][info][gc,phases,start] GC(656) Marking Phase
[423.786s][info][gc,phases      ] GC(656) Marking Phase 31.020ms
[423.786s][info][gc,phases,start] GC(656) Summary Phase
[423.786s][info][gc,phases      ] GC(656) Summary Phase 0.066ms
[423.786s][info][gc,phases,start] GC(656) Adjust Roots
[423.786s][info][gc,phases      ] GC(656) Adjust Roots 0.555ms
[423.786s][info][gc,phases,start] GC(656) Compaction Phase
[423.918s][info][gc,phases      ] GC(656) Compaction Phase 131.969ms
[423.918s][info][gc,phases,start] GC(656) Post Compact
[423.926s][info][gc,phases      ] GC(656) Post Compact 7.137ms
[423.926s][info][gc,heap        ] GC(656) PSYoungGen: 1048576K(1223168K)->72940K(1223168K) Eden: 1048576K(1048576K)->72940K(1048576K) From: 0K(174592K)->0K(174592K)
[423.926s][info][gc,heap        ] GC(656) ParOldGen: 2796490K(2796544K)->2796526K(2796544K)
[423.926s][info][gc,metaspace   ] GC(656) Metaspace: 10574K(10816K)->10574K(10816K) NonClass: 9538K(9664K)->9538K(9664K) Class: 1035K(1152K)->1035K(1152K)
[423.926s][info][gc             ] GC(656) Pause Full (Ergonomics) 3754M->2802M(3925M) 171.073ms
[423.926s][info][gc,cpu         ] GC(656) User=1.32s Sys=0.00s Real=0.17s
[424.396s][info][gc,start       ] GC(657) Pause Full (Ergonomics)
[424.396s][info][gc,phases,start] GC(657) Marking Phase
[424.429s][info][gc,phases      ] GC(657) Marking Phase 32.998ms
[424.429s][info][gc,phases,start] GC(657) Summary Phase
[424.429s][info][gc,phases      ] GC(657) Summary Phase 0.064ms
[424.429s][info][gc,phases,start] GC(657) Adjust Roots
[424.429s][info][gc,phases      ] GC(657) Adjust Roots 0.558ms
[424.430s][info][gc,phases,start] GC(657) Compaction Phase
[424.561s][info][gc,phases      ] GC(657) Compaction Phase 131.416ms
[424.561s][info][gc,phases,start] GC(657) Post Compact
[424.569s][info][gc,phases      ] GC(657) Post Compact 8.206ms
[424.569s][info][gc,heap        ] GC(657) PSYoungGen: 1048572K(1223168K)->72988K(1223168K) Eden: 1048572K(1048576K)->72988K(1048576K) From: 0K(174592K)->0K(174592K)
[424.569s][info][gc,heap        ] GC(657) ParOldGen: 2796526K(2796544K)->2796478K(2796544K)
[424.569s][info][gc,metaspace   ] GC(657) Metaspace: 10574K(10816K)->10574K(10816K) NonClass: 9538K(9664K)->9538K(9664K) Class: 1035K(1152K)->1035K(1152K)
[424.569s][info][gc             ] GC(657) Pause Full (Ergonomics) 3754M->2802M(3925M) 173.592ms
[424.569s][info][gc,cpu         ] GC(657) User=1.31s Sys=0.00s Real=0.17s
[425.031s][info][gc,start       ] GC(658) Pause Full (Ergonomics)
[425.032s][info][gc,phases,start] GC(658) Marking Phase
[425.061s][info][gc,phases      ] GC(658) Marking Phase 28.989ms
[425.061s][info][gc,phases,start] GC(658) Summary Phase
[425.061s][info][gc,phases      ] GC(658) Summary Phase 0.062ms
[425.061s][info][gc,phases,start] GC(658) Adjust Roots
[425.061s][info][gc,phases      ] GC(658) Adjust Roots 0.405ms
[425.061s][info][gc,phases,start] GC(658) Compaction Phase
[425.193s][info][gc,phases      ] GC(658) Compaction Phase 131.572ms
[425.193s][info][gc,phases,start] GC(658) Post Compact
[425.207s][info][gc,phases      ] GC(658) Post Compact 13.977ms
[425.207s][info][gc,heap        ] GC(658) PSYoungGen: 1048576K(1223168K)->72976K(1223168K) Eden: 1048576K(1048576K)->72976K(1048576K) From: 0K(174592K)->0K(174592K)
[425.207s][info][gc,heap        ] GC(658) ParOldGen: 2796478K(2796544K)->2796490K(2796544K)
[425.207s][info][gc,metaspace   ] GC(658) Metaspace: 10574K(10816K)->10574K(10816K) NonClass: 9538K(9664K)->9538K(9664K) Class: 1035K(1152K)->1035K(1152K)
[425.207s][info][gc             ] GC(658) Pause Full (Ergonomics) 3754M->2802M(3925M) 175.344ms
[425.207s][info][gc,cpu         ] GC(658) User=1.32s Sys=0.00s Real=0.18s
[425.675s][info][gc,start       ] GC(659) Pause Full (Ergonomics)
[425.675s][info][gc,phases,start] GC(659) Marking Phase
[425.705s][info][gc,phases      ] GC(659) Marking Phase 29.646ms
[425.705s][info][gc,phases,start] GC(659) Summary Phase
[425.705s][info][gc,phases      ] GC(659) Summary Phase 0.064ms
[425.705s][info][gc,phases,start] GC(659) Adjust Roots
[425.706s][info][gc,phases      ] GC(659) Adjust Roots 0.399ms
[425.706s][info][gc,phases,start] GC(659) Compaction Phase
[425.837s][info][gc,phases      ] GC(659) Compaction Phase 130.946ms
[425.837s][info][gc,phases,start] GC(659) Post Compact
[425.844s][info][gc,phases      ] GC(659) Post Compact 7.323ms
[425.844s][info][gc,heap        ] GC(659) PSYoungGen: 1048576K(1223168K)->72935K(1223168K) Eden: 1048576K(1048576K)->72935K(1048576K) From: 0K(174592K)->0K(174592K)
[425.844s][info][gc,heap        ] GC(659) ParOldGen: 2796490K(2796544K)->2796531K(2796544K)
[425.844s][info][gc,metaspace   ] GC(659) Metaspace: 10574K(10816K)->10574K(10816K) NonClass: 9538K(9664K)->9538K(9664K) Class: 1035K(1152K)->1035K(1152K)
[425.844s][info][gc             ] GC(659) Pause Full (Ergonomics) 3754M->2802M(3925M) 168.713ms
[425.844s][info][gc,cpu         ] GC(659) User=1.30s Sys=0.00s Real=0.17s
[426.309s][info][gc,start       ] GC(660) Pause Full (Ergonomics)
[426.309s][info][gc,phases,start] GC(660) Marking Phase
[426.342s][info][gc,phases      ] GC(660) Marking Phase 32.417ms
[426.342s][info][gc,phases,start] GC(660) Summary Phase
[426.342s][info][gc,phases      ] GC(660) Summary Phase 0.064ms
[426.342s][info][gc,phases,start] GC(660) Adjust Roots
[426.343s][info][gc,phases      ] GC(660) Adjust Roots 0.557ms
[426.343s][info][gc,phases,start] GC(660) Compaction Phase
[426.473s][info][gc,phases      ] GC(660) Compaction Phase 130.133ms
[426.473s][info][gc,phases,start] GC(660) Post Compact
[426.488s][info][gc,phases      ] GC(660) Post Compact 15.037ms
[426.488s][info][gc,heap        ] GC(660) PSYoungGen: 1048576K(1223168K)->72948K(1223168K) Eden: 1048576K(1048576K)->72948K(1048576K) From: 0K(174592K)->0K(174592K)
[426.488s][info][gc,heap        ] GC(660) ParOldGen: 2796531K(2796544K)->2796518K(2796544K)
[426.488s][info][gc,metaspace   ] GC(660) Metaspace: 10574K(10816K)->10574K(10816K) NonClass: 9538K(9664K)->9538K(9664K) Class: 1035K(1152K)->1035K(1152K)
[426.488s][info][gc             ] GC(660) Pause Full (Ergonomics) 3754M->2802M(3925M) 178.581ms
[426.488s][info][gc,cpu         ] GC(660) User=1.32s Sys=0.00s Real=0.18s
[426.960s][info][gc,start       ] GC(661) Pause Full (Ergonomics)
[426.960s][info][gc,phases,start] GC(661) Marking Phase
[426.992s][info][gc,phases      ] GC(661) Marking Phase 31.201ms
[426.992s][info][gc,phases,start] GC(661) Summary Phase
[426.992s][info][gc,phases      ] GC(661) Summary Phase 0.064ms
[426.992s][info][gc,phases,start] GC(661) Adjust Roots
[426.992s][info][gc,phases      ] GC(661) Adjust Roots 0.554ms
[426.992s][info][gc,phases,start] GC(661) Compaction Phase
[427.124s][info][gc,phases      ] GC(661) Compaction Phase 131.674ms
[427.124s][info][gc,phases,start] GC(661) Post Compact
[427.131s][info][gc,phases      ] GC(661) Post Compact 7.125ms
[427.131s][info][gc,heap        ] GC(661) PSYoungGen: 1048576K(1223168K)->72923K(1223168K) Eden: 1048576K(1048576K)->72923K(1048576K) From: 0K(174592K)->0K(174592K)
[427.131s][info][gc,heap        ] GC(661) ParOldGen: 2796518K(2796544K)->2796543K(2796544K)
[427.131s][info][gc,metaspace   ] GC(661) Metaspace: 10574K(10816K)->10574K(10816K) NonClass: 9538K(9664K)->9538K(9664K) Class: 1035K(1152K)->1035K(1152K)
[427.131s][info][gc             ] GC(661) Pause Full (Ergonomics) 3754M->2802M(3925M) 170.955ms
[427.131s][info][gc,cpu         ] GC(661) User=1.31s Sys=0.00s Real=0.17s
[427.598s][info][gc,start       ] GC(662) Pause Full (Ergonomics)
[427.598s][info][gc,phases,start] GC(662) Marking Phase
[427.631s][info][gc,phases      ] GC(662) Marking Phase 33.331ms
[427.631s][info][gc,phases,start] GC(662) Summary Phase
[427.631s][info][gc,phases      ] GC(662) Summary Phase 0.065ms
[427.631s][info][gc,phases,start] GC(662) Adjust Roots
[427.632s][info][gc,phases      ] GC(662) Adjust Roots 0.569ms
[427.632s][info][gc,phases,start] GC(662) Compaction Phase
[427.763s][info][gc,phases      ] GC(662) Compaction Phase 131.095ms
[427.763s][info][gc,phases,start] GC(662) Post Compact
[427.774s][info][gc,phases      ] GC(662) Post Compact 10.792ms
[427.774s][info][gc,heap        ] GC(662) PSYoungGen: 1048576K(1223168K)->72960K(1223168K) Eden: 1048576K(1048576K)->72960K(1048576K) From: 0K(174592K)->0K(174592K)
[427.774s][info][gc,heap        ] GC(662) ParOldGen: 2796543K(2796544K)->2796506K(2796544K)
[427.774s][info][gc,metaspace   ] GC(662) Metaspace: 10574K(10816K)->10574K(10816K) NonClass: 9538K(9664K)->9538K(9664K) Class: 1035K(1152K)->1035K(1152K)
[427.774s][info][gc             ] GC(662) Pause Full (Ergonomics) 3754M->2802M(3925M) 176.180ms
[427.774s][info][gc,cpu         ] GC(662) User=1.32s Sys=0.00s Real=0.18s
[428.241s][info][gc,start       ] GC(663) Pause Full (Ergonomics)
[428.241s][info][gc,phases,start] GC(663) Marking Phase
[428.271s][info][gc,phases      ] GC(663) Marking Phase 29.982ms
[428.271s][info][gc,phases,start] GC(663) Summary Phase
[428.271s][info][gc,phases      ] GC(663) Summary Phase 0.064ms
[428.271s][info][gc,phases,start] GC(663) Adjust Roots
[428.272s][info][gc,phases      ] GC(663) Adjust Roots 0.553ms
[428.272s][info][gc,phases,start] GC(663) Compaction Phase
[428.404s][info][gc,phases      ] GC(663) Compaction Phase 131.903ms
[428.404s][info][gc,phases,start] GC(663) Post Compact
[428.411s][info][gc,phases      ] GC(663) Post Compact 6.910ms
[428.411s][info][gc,heap        ] GC(663) PSYoungGen: 1048576K(1223168K)->72952K(1223168K) Eden: 1048576K(1048576K)->72952K(1048576K) From: 0K(174592K)->0K(174592K)
[428.411s][info][gc,heap        ] GC(663) ParOldGen: 2796506K(2796544K)->2796514K(2796544K)
[428.411s][info][gc,metaspace   ] GC(663) Metaspace: 10574K(10816K)->10574K(10816K) NonClass: 9538K(9664K)->9538K(9664K) Class: 1035K(1152K)->1035K(1152K)
[428.411s][info][gc             ] GC(663) Pause Full (Ergonomics) 3754M->2802M(3925M) 169.768ms
[428.411s][info][gc,cpu         ] GC(663) User=1.30s Sys=0.00s Real=0.17s
[428.880s][info][gc,start       ] GC(664) Pause Full (Ergonomics)
[428.880s][info][gc,phases,start] GC(664) Marking Phase
[428.910s][info][gc,phases      ] GC(664) Marking Phase 29.618ms
[428.910s][info][gc,phases,start] GC(664) Summary Phase
[428.910s][info][gc,phases      ] GC(664) Summary Phase 0.063ms
[428.910s][info][gc,phases,start] GC(664) Adjust Roots
[428.910s][info][gc,phases      ] GC(664) Adjust Roots 0.571ms
[428.910s][info][gc,phases,start] GC(664) Compaction Phase
[429.041s][info][gc,phases      ] GC(664) Compaction Phase 130.890ms
[429.041s][info][gc,phases,start] GC(664) Post Compact
[429.050s][info][gc,phases      ] GC(664) Post Compact 8.976ms
[429.050s][info][gc,heap        ] GC(664) PSYoungGen: 1048576K(1223168K)->72964K(1223168K) Eden: 1048576K(1048576K)->72964K(1048576K) From: 0K(174592K)->0K(174592K)
[429.050s][info][gc,heap        ] GC(664) ParOldGen: 2796514K(2796544K)->2796502K(2796544K)
[429.050s][info][gc,metaspace   ] GC(664) Metaspace: 10574K(10816K)->10574K(10816K) NonClass: 9538K(9664K)->9538K(9664K) Class: 1035K(1152K)->1035K(1152K)
[429.050s][info][gc             ] GC(664) Pause Full (Ergonomics) 3754M->2802M(3925M) 170.449ms
[429.050s][info][gc,cpu         ] GC(664) User=1.31s Sys=0.00s Real=0.17s
[429.528s][info][gc,start       ] GC(665) Pause Full (Ergonomics)
[429.528s][info][gc,phases,start] GC(665) Marking Phase
[429.559s][info][gc,phases      ] GC(665) Marking Phase 30.772ms
[429.559s][info][gc,phases,start] GC(665) Summary Phase
[429.559s][info][gc,phases      ] GC(665) Summary Phase 0.064ms
[429.559s][info][gc,phases,start] GC(665) Adjust Roots
[429.560s][info][gc,phases      ] GC(665) Adjust Roots 0.404ms
[429.560s][info][gc,phases,start] GC(665) Compaction Phase
[429.688s][info][gc,phases      ] GC(665) Compaction Phase 128.111ms
[429.688s][info][gc,phases,start] GC(665) Post Compact
[429.698s][info][gc,phases      ] GC(665) Post Compact 10.548ms
[429.698s][info][gc,heap        ] GC(665) PSYoungGen: 1048576K(1223168K)->72960K(1223168K) Eden: 1048576K(1048576K)->72960K(1048576K) From: 0K(174592K)->0K(174592K)
[429.698s][info][gc,heap        ] GC(665) ParOldGen: 2796502K(2796544K)->2796506K(2796544K)
[429.698s][info][gc,metaspace   ] GC(665) Metaspace: 10574K(10816K)->10574K(10816K) NonClass: 9538K(9664K)->9538K(9664K) Class: 1035K(1152K)->1035K(1152K)
[429.698s][info][gc             ] GC(665) Pause Full (Ergonomics) 3754M->2802M(3925M) 170.227ms
[429.698s][info][gc,cpu         ] GC(665) User=1.31s Sys=0.00s Real=0.17s
[430.166s][info][gc,start       ] GC(666) Pause Full (Ergonomics)
[430.166s][info][gc,phases,start] GC(666) Marking Phase
[430.196s][info][gc,phases      ] GC(666) Marking Phase 30.516ms
[430.196s][info][gc,phases,start] GC(666) Summary Phase
[430.196s][info][gc,phases      ] GC(666) Summary Phase 0.064ms
[430.196s][info][gc,phases,start] GC(666) Adjust Roots
[430.197s][info][gc,phases      ] GC(666) Adjust Roots 0.405ms
[430.197s][info][gc,phases,start] GC(666) Compaction Phase
[430.328s][info][gc,phases      ] GC(666) Compaction Phase 131.530ms
[430.328s][info][gc,phases,start] GC(666) Post Compact
[430.336s][info][gc,phases      ] GC(666) Post Compact 7.437ms
[430.336s][info][gc,heap        ] GC(666) PSYoungGen: 1048576K(1223168K)->73001K(1223168K) Eden: 1048576K(1048576K)->73001K(1048576K) From: 0K(174592K)->0K(174592K)
[430.336s][info][gc,heap        ] GC(666) ParOldGen: 2796506K(2796544K)->2796465K(2796544K)
[430.336s][info][gc,metaspace   ] GC(666) Metaspace: 10574K(10816K)->10574K(10816K) NonClass: 9538K(9664K)->9538K(9664K) Class: 1035K(1152K)->1035K(1152K)
[430.336s][info][gc             ] GC(666) Pause Full (Ergonomics) 3754M->2802M(3925M) 170.282ms
[430.336s][info][gc,cpu         ] GC(666) User=1.31s Sys=0.00s Real=0.17s
[430.803s][info][gc,start       ] GC(667) Pause Full (Ergonomics)
[430.803s][info][gc,phases,start] GC(667) Marking Phase
[430.833s][info][gc,phases      ] GC(667) Marking Phase 29.797ms
[430.833s][info][gc,phases,start] GC(667) Summary Phase
[430.833s][info][gc,phases      ] GC(667) Summary Phase 0.064ms
[430.833s][info][gc,phases,start] GC(667) Adjust Roots
[430.834s][info][gc,phases      ] GC(667) Adjust Roots 0.555ms
[430.834s][info][gc,phases,start] GC(667) Compaction Phase
[430.965s][info][gc,phases      ] GC(667) Compaction Phase 131.495ms
[430.965s][info][gc,phases,start] GC(667) Post Compact
[430.974s][info][gc,phases      ] GC(667) Post Compact 9.105ms
[430.975s][info][gc,heap        ] GC(667) PSYoungGen: 1048576K(1223168K)->72960K(1223168K) Eden: 1048576K(1048576K)->72960K(1048576K) From: 0K(174592K)->0K(174592K)
[430.975s][info][gc,heap        ] GC(667) ParOldGen: 2796465K(2796544K)->2796506K(2796544K)
[430.975s][info][gc,metaspace   ] GC(667) Metaspace: 10574K(10816K)->10574K(10816K) NonClass: 9538K(9664K)->9538K(9664K) Class: 1035K(1152K)->1035K(1152K)
[430.975s][info][gc             ] GC(667) Pause Full (Ergonomics) 3754M->2802M(3925M) 171.367ms
[430.975s][info][gc,cpu         ] GC(667) User=1.32s Sys=0.00s Real=0.17s
[431.440s][info][gc,start       ] GC(668) Pause Full (Ergonomics)
[431.440s][info][gc,phases,start] GC(668) Marking Phase
[431.470s][info][gc,phases      ] GC(668) Marking Phase 29.724ms
[431.470s][info][gc,phases,start] GC(668) Summary Phase
[431.470s][info][gc,phases      ] GC(668) Summary Phase 0.064ms
[431.470s][info][gc,phases,start] GC(668) Adjust Roots
[431.470s][info][gc,phases      ] GC(668) Adjust Roots 0.421ms
[431.470s][info][gc,phases,start] GC(668) Compaction Phase
[431.604s][info][gc,phases      ] GC(668) Compaction Phase 133.469ms
[431.604s][info][gc,phases,start] GC(668) Post Compact
[431.614s][info][gc,phases      ] GC(668) Post Compact 9.980ms
[431.614s][info][gc,heap        ] GC(668) PSYoungGen: 1048576K(1223168K)->72956K(1223168K) Eden: 1048576K(1048576K)->72956K(1048576K) From: 0K(174592K)->0K(174592K)
[431.614s][info][gc,heap        ] GC(668) ParOldGen: 2796506K(2796544K)->2796510K(2796544K)
[431.614s][info][gc,metaspace   ] GC(668) Metaspace: 10574K(10816K)->10574K(10816K) NonClass: 9538K(9664K)->9538K(9664K) Class: 1035K(1152K)->1035K(1152K)
[431.614s][info][gc             ] GC(668) Pause Full (Ergonomics) 3754M->2802M(3925M) 173.998ms
[431.614s][info][gc,cpu         ] GC(668) User=1.31s Sys=0.00s Real=0.18s
[432.076s][info][gc,start       ] GC(669) Pause Full (Ergonomics)
[432.077s][info][gc,phases,start] GC(669) Marking Phase
[432.106s][info][gc,phases      ] GC(669) Marking Phase 29.565ms
[432.106s][info][gc,phases,start] GC(669) Summary Phase
[432.106s][info][gc,phases      ] GC(669) Summary Phase 0.064ms
[432.106s][info][gc,phases,start] GC(669) Adjust Roots
[432.107s][info][gc,phases      ] GC(669) Adjust Roots 0.558ms
[432.107s][info][gc,phases,start] GC(669) Compaction Phase
[432.239s][info][gc,phases      ] GC(669) Compaction Phase 132.208ms
[432.239s][info][gc,phases,start] GC(669) Post Compact
[432.247s][info][gc,phases      ] GC(669) Post Compact 7.875ms
[432.247s][info][gc,heap        ] GC(669) PSYoungGen: 1048576K(1223168K)->72968K(1223168K) Eden: 1048576K(1048576K)->72968K(1048576K) From: 0K(174592K)->0K(174592K)
[432.247s][info][gc,heap        ] GC(669) ParOldGen: 2796510K(2796544K)->2796498K(2796544K)
[432.247s][info][gc,metaspace   ] GC(669) Metaspace: 10574K(10816K)->10574K(10816K) NonClass: 9538K(9664K)->9538K(9664K) Class: 1035K(1152K)->1035K(1152K)
[432.247s][info][gc             ] GC(669) Pause Full (Ergonomics) 3754M->2802M(3925M) 170.615ms
[432.247s][info][gc,cpu         ] GC(669) User=1.31s Sys=0.00s Real=0.17s
[432.711s][info][gc,start       ] GC(670) Pause Full (Ergonomics)
[432.711s][info][gc,phases,start] GC(670) Marking Phase
[432.742s][info][gc,phases      ] GC(670) Marking Phase 30.716ms
[432.742s][info][gc,phases,start] GC(670) Summary Phase
[432.742s][info][gc,phases      ] GC(670) Summary Phase 0.065ms
[432.742s][info][gc,phases,start] GC(670) Adjust Roots
[432.743s][info][gc,phases      ] GC(670) Adjust Roots 0.400ms
[432.743s][info][gc,phases,start] GC(670) Compaction Phase
[432.874s][info][gc,phases      ] GC(670) Compaction Phase 131.222ms
[432.874s][info][gc,phases,start] GC(670) Post Compact
[432.883s][info][gc,phases      ] GC(670) Post Compact 9.160ms
[432.883s][info][gc,heap        ] GC(670) PSYoungGen: 1048576K(1223168K)->72968K(1223168K) Eden: 1048576K(1048576K)->72968K(1048576K) From: 0K(174592K)->0K(174592K)
[432.883s][info][gc,heap        ] GC(670) ParOldGen: 2796498K(2796544K)->2796498K(2796544K)
[432.883s][info][gc,metaspace   ] GC(670) Metaspace: 10574K(10816K)->10574K(10816K) NonClass: 9538K(9664K)->9538K(9664K) Class: 1035K(1152K)->1035K(1152K)
[432.883s][info][gc             ] GC(670) Pause Full (Ergonomics) 3754M->2802M(3925M) 171.885ms
[432.883s][info][gc,cpu         ] GC(670) User=1.30s Sys=0.00s Real=0.18s
[433.357s][info][gc,start       ] GC(671) Pause Full (Ergonomics)
[433.357s][info][gc,phases,start] GC(671) Marking Phase
[433.387s][info][gc,phases      ] GC(671) Marking Phase 30.084ms
[433.387s][info][gc,phases,start] GC(671) Summary Phase
[433.387s][info][gc,phases      ] GC(671) Summary Phase 0.066ms
[433.387s][info][gc,phases,start] GC(671) Adjust Roots
[433.388s][info][gc,phases      ] GC(671) Adjust Roots 0.571ms
[433.388s][info][gc,phases,start] GC(671) Compaction Phase
[433.520s][info][gc,phases      ] GC(671) Compaction Phase 132.135ms
[433.520s][info][gc,phases,start] GC(671) Post Compact
[433.527s][info][gc,phases      ] GC(671) Post Compact 7.164ms
[433.527s][info][gc,heap        ] GC(671) PSYoungGen: 1048576K(1223168K)->72960K(1223168K) Eden: 1048576K(1048576K)->72960K(1048576K) From: 0K(174592K)->0K(174592K)
[433.527s][info][gc,heap        ] GC(671) ParOldGen: 2796498K(2796544K)->2796506K(2796544K)
[433.527s][info][gc,metaspace   ] GC(671) Metaspace: 10574K(10816K)->10574K(10816K) NonClass: 9538K(9664K)->9538K(9664K) Class: 1035K(1152K)->1035K(1152K)
[433.527s][info][gc             ] GC(671) Pause Full (Ergonomics) 3754M->2802M(3925M) 170.347ms
[433.527s][info][gc,cpu         ] GC(671) User=1.31s Sys=0.00s Real=0.17s
[434.003s][info][gc,start       ] GC(672) Pause Full (Ergonomics)
[434.003s][info][gc,phases,start] GC(672) Marking Phase
[434.033s][info][gc,phases      ] GC(672) Marking Phase 29.649ms
[434.033s][info][gc,phases,start] GC(672) Summary Phase
[434.033s][info][gc,phases      ] GC(672) Summary Phase 0.064ms
[434.033s][info][gc,phases,start] GC(672) Adjust Roots
[434.033s][info][gc,phases      ] GC(672) Adjust Roots 0.559ms
[434.033s][info][gc,phases,start] GC(672) Compaction Phase
[434.165s][info][gc,phases      ] GC(672) Compaction Phase 131.362ms
[434.165s][info][gc,phases,start] GC(672) Post Compact
[434.173s][info][gc,phases      ] GC(672) Post Compact 7.872ms
[434.173s][info][gc,heap        ] GC(672) PSYoungGen: 1048576K(1223168K)->72956K(1223168K) Eden: 1048576K(1048576K)->72956K(1048576K) From: 0K(174592K)->0K(174592K)
[434.173s][info][gc,heap        ] GC(672) ParOldGen: 2796506K(2796544K)->2796510K(2796544K)
[434.173s][info][gc,metaspace   ] GC(672) Metaspace: 10574K(10816K)->10574K(10816K) NonClass: 9538K(9664K)->9538K(9664K) Class: 1035K(1152K)->1035K(1152K)
[434.173s][info][gc             ] GC(672) Pause Full (Ergonomics) 3754M->2802M(3925M) 169.839ms
[434.173s][info][gc,cpu         ] GC(672) User=1.31s Sys=0.00s Real=0.16s
[434.643s][info][gc,start       ] GC(673) Pause Full (Ergonomics)
[434.643s][info][gc,phases,start] GC(673) Marking Phase
[434.675s][info][gc,phases      ] GC(673) Marking Phase 31.499ms
[434.675s][info][gc,phases,start] GC(673) Summary Phase
[434.675s][info][gc,phases      ] GC(673) Summary Phase 0.064ms
[434.675s][info][gc,phases,start] GC(673) Adjust Roots
[434.675s][info][gc,phases      ] GC(673) Adjust Roots 0.412ms
[434.675s][info][gc,phases,start] GC(673) Compaction Phase
[434.806s][info][gc,phases      ] GC(673) Compaction Phase 130.736ms
[434.806s][info][gc,phases,start] GC(673) Post Compact
[434.815s][info][gc,phases      ] GC(673) Post Compact 9.020ms
[434.815s][info][gc,heap        ] GC(673) PSYoungGen: 1048576K(1223168K)->72980K(1223168K) Eden: 1048576K(1048576K)->72980K(1048576K) From: 0K(174592K)->0K(174592K)
[434.815s][info][gc,heap        ] GC(673) ParOldGen: 2796510K(2796544K)->2796486K(2796544K)
[434.815s][info][gc,metaspace   ] GC(673) Metaspace: 10574K(10816K)->10574K(10816K) NonClass: 9538K(9664K)->9538K(9664K) Class: 1035K(1152K)->1035K(1152K)
[434.815s][info][gc             ] GC(673) Pause Full (Ergonomics) 3754M->2802M(3925M) 172.090ms
[434.815s][info][gc,cpu         ] GC(673) User=1.31s Sys=0.00s Real=0.17s
[435.283s][info][gc,start       ] GC(674) Pause Full (Ergonomics)
[435.283s][info][gc,phases,start] GC(674) Marking Phase
[435.313s][info][gc,phases      ] GC(674) Marking Phase 29.753ms
[435.313s][info][gc,phases,start] GC(674) Summary Phase
[435.313s][info][gc,phases      ] GC(674) Summary Phase 0.064ms
[435.313s][info][gc,phases,start] GC(674) Adjust Roots
[435.314s][info][gc,phases      ] GC(674) Adjust Roots 0.571ms
[435.314s][info][gc,phases,start] GC(674) Compaction Phase
[435.445s][info][gc,phases      ] GC(674) Compaction Phase 131.008ms
[435.445s][info][gc,phases,start] GC(674) Post Compact
[435.453s][info][gc,phases      ] GC(674) Post Compact 8.194ms
[435.453s][info][gc,heap        ] GC(674) PSYoungGen: 1048576K(1223168K)->72976K(1223168K) Eden: 1048576K(1048576K)->72976K(1048576K) From: 0K(174592K)->0K(174592K)
[435.453s][info][gc,heap        ] GC(674) ParOldGen: 2796486K(2796544K)->2796490K(2796544K)
[435.453s][info][gc,metaspace   ] GC(674) Metaspace: 10574K(10816K)->10574K(10816K) NonClass: 9538K(9664K)->9538K(9664K) Class: 1035K(1152K)->1035K(1152K)
[435.453s][info][gc             ] GC(674) Pause Full (Ergonomics) 3754M->2802M(3925M) 169.921ms
[435.453s][info][gc,cpu         ] GC(674) User=1.31s Sys=0.00s Real=0.16s
[435.917s][info][gc,start       ] GC(675) Pause Full (Ergonomics)
[435.917s][info][gc,phases,start] GC(675) Marking Phase
[435.949s][info][gc,phases      ] GC(675) Marking Phase 32.279ms
[435.949s][info][gc,phases,start] GC(675) Summary Phase
[435.949s][info][gc,phases      ] GC(675) Summary Phase 0.064ms
[435.949s][info][gc,phases,start] GC(675) Adjust Roots
[435.950s][info][gc,phases      ] GC(675) Adjust Roots 0.563ms
[435.950s][info][gc,phases,start] GC(675) Compaction Phase
[436.081s][info][gc,phases      ] GC(675) Compaction Phase 131.700ms
[436.081s][info][gc,phases,start] GC(675) Post Compact
[436.090s][info][gc,phases      ] GC(675) Post Compact 9.143ms
[436.091s][info][gc,heap        ] GC(675) PSYoungGen: 1048576K(1223168K)->72968K(1223168K) Eden: 1048576K(1048576K)->72968K(1048576K) From: 0K(174592K)->0K(174592K)
[436.091s][info][gc,heap        ] GC(675) ParOldGen: 2796490K(2796544K)->2796498K(2796544K)
[436.091s][info][gc,metaspace   ] GC(675) Metaspace: 10574K(10816K)->10574K(10816K) NonClass: 9538K(9664K)->9538K(9664K) Class: 1035K(1152K)->1035K(1152K)
[436.091s][info][gc             ] GC(675) Pause Full (Ergonomics) 3754M->2802M(3925M) 174.079ms
[436.091s][info][gc,cpu         ] GC(675) User=1.32s Sys=0.00s Real=0.17s
[436.553s][info][gc,start       ] GC(676) Pause Full (Ergonomics)
[436.553s][info][gc,phases,start] GC(676) Marking Phase
[436.583s][info][gc,phases      ] GC(676) Marking Phase 29.927ms
[436.583s][info][gc,phases,start] GC(676) Summary Phase
[436.583s][info][gc,phases      ] GC(676) Summary Phase 0.064ms
[436.583s][info][gc,phases,start] GC(676) Adjust Roots
[436.583s][info][gc,phases      ] GC(676) Adjust Roots 0.420ms
[436.583s][info][gc,phases,start] GC(676) Compaction Phase
[436.715s][info][gc,phases      ] GC(676) Compaction Phase 131.476ms
[436.715s][info][gc,phases,start] GC(676) Post Compact
[436.723s][info][gc,phases      ] GC(676) Post Compact 7.843ms
[436.723s][info][gc,heap        ] GC(676) PSYoungGen: 1048576K(1223168K)->72960K(1223168K) Eden: 1048576K(1048576K)->72960K(1048576K) From: 0K(174592K)->0K(174592K)
[436.723s][info][gc,heap        ] GC(676) ParOldGen: 2796498K(2796544K)->2796506K(2796544K)
[436.723s][info][gc,metaspace   ] GC(676) Metaspace: 10574K(10816K)->10574K(10816K) NonClass: 9538K(9664K)->9538K(9664K) Class: 1035K(1152K)->1035K(1152K)
[436.723s][info][gc             ] GC(676) Pause Full (Ergonomics) 3754M->2802M(3925M) 170.076ms
[436.723s][info][gc,cpu         ] GC(676) User=1.31s Sys=0.00s Real=0.18s
[437.194s][info][gc,start       ] GC(677) Pause Full (Ergonomics)
[437.194s][info][gc,phases,start] GC(677) Marking Phase
[437.224s][info][gc,phases      ] GC(677) Marking Phase 29.758ms
[437.224s][info][gc,phases,start] GC(677) Summary Phase
[437.224s][info][gc,phases      ] GC(677) Summary Phase 0.064ms
[437.224s][info][gc,phases,start] GC(677) Adjust Roots
[437.225s][info][gc,phases      ] GC(677) Adjust Roots 0.552ms
[437.225s][info][gc,phases,start] GC(677) Compaction Phase
[437.356s][info][gc,phases      ] GC(677) Compaction Phase 131.019ms
[437.356s][info][gc,phases,start] GC(677) Post Compact
[437.363s][info][gc,phases      ] GC(677) Post Compact 7.045ms
[437.363s][info][gc,heap        ] GC(677) PSYoungGen: 1048576K(1223168K)->72964K(1223168K) Eden: 1048576K(1048576K)->72964K(1048576K) From: 0K(174592K)->0K(174592K)
[437.363s][info][gc,heap        ] GC(677) ParOldGen: 2796506K(2796544K)->2796502K(2796544K)
[437.363s][info][gc,metaspace   ] GC(677) Metaspace: 10574K(10816K)->10574K(10816K) NonClass: 9538K(9664K)->9538K(9664K) Class: 1035K(1152K)->1035K(1152K)
[437.363s][info][gc             ] GC(677) Pause Full (Ergonomics) 3754M->2802M(3925M) 168.772ms
[437.363s][info][gc,cpu         ] GC(677) User=1.31s Sys=0.00s Real=0.17s
[437.826s][info][gc,start       ] GC(678) Pause Full (Ergonomics)
[437.826s][info][gc,phases,start] GC(678) Marking Phase
[437.858s][info][gc,phases      ] GC(678) Marking Phase 31.918ms
[437.858s][info][gc,phases,start] GC(678) Summary Phase
[437.858s][info][gc,phases      ] GC(678) Summary Phase 0.065ms
[437.858s][info][gc,phases,start] GC(678) Adjust Roots
[437.858s][info][gc,phases      ] GC(678) Adjust Roots 0.422ms
[437.858s][info][gc,phases,start] GC(678) Compaction Phase
[437.989s][info][gc,phases      ] GC(678) Compaction Phase 130.835ms
[437.989s][info][gc,phases,start] GC(678) Post Compact
[437.998s][info][gc,phases      ] GC(678) Post Compact 8.462ms
[437.998s][info][gc,heap        ] GC(678) PSYoungGen: 1048576K(1223168K)->72935K(1223168K) Eden: 1048576K(1048576K)->72935K(1048576K) From: 0K(174592K)->0K(174592K)
[437.998s][info][gc,heap        ] GC(678) ParOldGen: 2796502K(2796544K)->2796531K(2796544K)
[437.998s][info][gc,metaspace   ] GC(678) Metaspace: 10574K(10816K)->10574K(10816K) NonClass: 9538K(9664K)->9538K(9664K) Class: 1035K(1152K)->1035K(1152K)
[437.998s][info][gc             ] GC(678) Pause Full (Ergonomics) 3754M->2802M(3925M) 172.035ms
[437.998s][info][gc,cpu         ] GC(678) User=1.31s Sys=0.00s Real=0.17s
[438.476s][info][gc,start       ] GC(679) Pause Full (Ergonomics)
[438.476s][info][gc,phases,start] GC(679) Marking Phase
[438.506s][info][gc,phases      ] GC(679) Marking Phase 29.753ms
[438.506s][info][gc,phases,start] GC(679) Summary Phase
[438.506s][info][gc,phases      ] GC(679) Summary Phase 0.063ms
[438.506s][info][gc,phases,start] GC(679) Adjust Roots
[438.507s][info][gc,phases      ] GC(679) Adjust Roots 0.405ms
[438.507s][info][gc,phases,start] GC(679) Compaction Phase
[438.638s][info][gc,phases      ] GC(679) Compaction Phase 131.725ms
[438.638s][info][gc,phases,start] GC(679) Post Compact
[438.648s][info][gc,phases      ] GC(679) Post Compact 9.062ms
[438.648s][info][gc,heap        ] GC(679) PSYoungGen: 1048576K(1223168K)->72988K(1223168K) Eden: 1048576K(1048576K)->72988K(1048576K) From: 0K(174592K)->0K(174592K)
[438.648s][info][gc,heap        ] GC(679) ParOldGen: 2796531K(2796544K)->2796478K(2796544K)
[438.648s][info][gc,metaspace   ] GC(679) Metaspace: 10574K(10816K)->10574K(10816K) NonClass: 9538K(9664K)->9538K(9664K) Class: 1035K(1152K)->1035K(1152K)
[438.648s][info][gc             ] GC(679) Pause Full (Ergonomics) 3754M->2802M(3925M) 171.339ms
[438.648s][info][gc,cpu         ] GC(679) User=1.32s Sys=0.00s Real=0.17s
[439.109s][info][gc,start       ] GC(680) Pause Full (Ergonomics)
[439.109s][info][gc,phases,start] GC(680) Marking Phase
[439.138s][info][gc,phases      ] GC(680) Marking Phase 29.436ms
[439.138s][info][gc,phases,start] GC(680) Summary Phase
[439.138s][info][gc,phases      ] GC(680) Summary Phase 0.104ms
[439.138s][info][gc,phases,start] GC(680) Adjust Roots
[439.139s][info][gc,phases      ] GC(680) Adjust Roots 0.426ms
[439.139s][info][gc,phases,start] GC(680) Compaction Phase
[439.270s][info][gc,phases      ] GC(680) Compaction Phase 130.703ms
[439.270s][info][gc,phases,start] GC(680) Post Compact
[439.279s][info][gc,phases      ] GC(680) Post Compact 9.102ms
[439.279s][info][gc,heap        ] GC(680) PSYoungGen: 1048576K(1223168K)->72931K(1223168K) Eden: 1048576K(1048576K)->72931K(1048576K) From: 0K(174592K)->0K(174592K)
[439.279s][info][gc,heap        ] GC(680) ParOldGen: 2796478K(2796544K)->2796535K(2796544K)
[439.279s][info][gc,metaspace   ] GC(680) Metaspace: 10574K(10816K)->10574K(10816K) NonClass: 9538K(9664K)->9538K(9664K) Class: 1035K(1152K)->1035K(1152K)
[439.279s][info][gc             ] GC(680) Pause Full (Ergonomics) 3754M->2802M(3925M) 170.101ms
[439.279s][info][gc,cpu         ] GC(680) User=1.30s Sys=0.00s Real=0.17s
[439.745s][info][gc,start       ] GC(681) Pause Full (Ergonomics)
[439.745s][info][gc,phases,start] GC(681) Marking Phase
[439.778s][info][gc,phases      ] GC(681) Marking Phase 33.116ms
[439.778s][info][gc,phases,start] GC(681) Summary Phase
[439.778s][info][gc,phases      ] GC(681) Summary Phase 0.063ms
[439.778s][info][gc,phases,start] GC(681) Adjust Roots
[439.779s][info][gc,phases      ] GC(681) Adjust Roots 0.627ms
[439.779s][info][gc,phases,start] GC(681) Compaction Phase
[439.910s][info][gc,phases      ] GC(681) Compaction Phase 130.650ms
[439.910s][info][gc,phases,start] GC(681) Post Compact
[439.917s][info][gc,phases      ] GC(681) Post Compact 6.912ms
[439.917s][info][gc,heap        ] GC(681) PSYoungGen: 1048576K(1223168K)->72996K(1223168K) Eden: 1048576K(1048576K)->72996K(1048576K) From: 0K(174592K)->0K(174592K)
[439.917s][info][gc,heap        ] GC(681) ParOldGen: 2796535K(2796544K)->2796470K(2796544K)
[439.917s][info][gc,metaspace   ] GC(681) Metaspace: 10574K(10816K)->10574K(10816K) NonClass: 9538K(9664K)->9538K(9664K) Class: 1035K(1152K)->1035K(1152K)
[439.917s][info][gc             ] GC(681) Pause Full (Ergonomics) 3754M->2802M(3925M) 171.708ms
[439.917s][info][gc,cpu         ] GC(681) User=1.31s Sys=0.00s Real=0.17s
[440.391s][info][gc,start       ] GC(682) Pause Full (Ergonomics)
[440.391s][info][gc,phases,start] GC(682) Marking Phase
[440.421s][info][gc,phases      ] GC(682) Marking Phase 29.972ms
[440.421s][info][gc,phases,start] GC(682) Summary Phase
[440.422s][info][gc,phases      ] GC(682) Summary Phase 0.064ms
[440.422s][info][gc,phases,start] GC(682) Adjust Roots
[440.422s][info][gc,phases      ] GC(682) Adjust Roots 0.424ms
[440.422s][info][gc,phases,start] GC(682) Compaction Phase
[440.554s][info][gc,phases      ] GC(682) Compaction Phase 131.586ms
[440.554s][info][gc,phases,start] GC(682) Post Compact
[440.565s][info][gc,phases      ] GC(682) Post Compact 10.846ms
[440.565s][info][gc,heap        ] GC(682) PSYoungGen: 1048576K(1223168K)->72956K(1223168K) Eden: 1048576K(1048576K)->72956K(1048576K) From: 0K(174592K)->0K(174592K)
[440.565s][info][gc,heap        ] GC(682) ParOldGen: 2796470K(2796544K)->2796510K(2796544K)
[440.565s][info][gc,metaspace   ] GC(682) Metaspace: 10574K(10816K)->10574K(10816K) NonClass: 9538K(9664K)->9538K(9664K) Class: 1035K(1152K)->1035K(1152K)
[440.565s][info][gc             ] GC(682) Pause Full (Ergonomics) 3754M->2802M(3925M) 173.261ms
[440.565s][info][gc,cpu         ] GC(682) User=1.31s Sys=0.00s Real=0.18s
[441.039s][info][gc,start       ] GC(683) Pause Full (Ergonomics)
[441.039s][info][gc,phases,start] GC(683) Marking Phase
[441.070s][info][gc,phases      ] GC(683) Marking Phase 30.684ms
[441.070s][info][gc,phases,start] GC(683) Summary Phase
[441.070s][info][gc,phases      ] GC(683) Summary Phase 0.065ms
[441.070s][info][gc,phases,start] GC(683) Adjust Roots
[441.071s][info][gc,phases      ] GC(683) Adjust Roots 0.555ms
[441.071s][info][gc,phases,start] GC(683) Compaction Phase
[441.202s][info][gc,phases      ] GC(683) Compaction Phase 130.991ms
[441.208s][info][gc,phases,start] GC(683) Post Compact
[441.219s][info][gc,phases      ] GC(683) Post Compact 11.073ms
[441.219s][info][gc,heap        ] GC(683) PSYoungGen: 1048576K(1223168K)->72988K(1223168K) Eden: 1048576K(1048576K)->72988K(1048576K) From: 0K(174592K)->0K(174592K)
[441.219s][info][gc,heap        ] GC(683) ParOldGen: 2796510K(2796544K)->2796478K(2796544K)
[441.219s][info][gc,metaspace   ] GC(683) Metaspace: 10574K(10816K)->10574K(10816K) NonClass: 9538K(9664K)->9538K(9664K) Class: 1035K(1152K)->1035K(1152K)
[441.220s][info][gc             ] GC(683) Pause Full (Ergonomics) 3754M->2802M(3925M) 180.069ms
[441.220s][info][gc,cpu         ] GC(683) User=1.31s Sys=0.00s Real=0.18s
[441.692s][info][gc,start       ] GC(684) Pause Full (Ergonomics)
[441.692s][info][gc,phases,start] GC(684) Marking Phase
[441.723s][info][gc,phases      ] GC(684) Marking Phase 31.417ms
[441.723s][info][gc,phases,start] GC(684) Summary Phase
[441.723s][info][gc,phases      ] GC(684) Summary Phase 0.064ms
[441.723s][info][gc,phases,start] GC(684) Adjust Roots
[441.724s][info][gc,phases      ] GC(684) Adjust Roots 0.553ms
[441.724s][info][gc,phases,start] GC(684) Compaction Phase
[441.855s][info][gc,phases      ] GC(684) Compaction Phase 131.245ms
[441.855s][info][gc,phases,start] GC(684) Post Compact
[441.867s][info][gc,phases      ] GC(684) Post Compact 11.256ms
[441.867s][info][gc,heap        ] GC(684) PSYoungGen: 1048576K(1223168K)->72980K(1223168K) Eden: 1048576K(1048576K)->72980K(1048576K) From: 0K(174592K)->0K(174592K)
[441.867s][info][gc,heap        ] GC(684) ParOldGen: 2796478K(2796544K)->2796486K(2796544K)
[441.867s][info][gc,metaspace   ] GC(684) Metaspace: 10574K(10816K)->10574K(10816K) NonClass: 9538K(9664K)->9538K(9664K) Class: 1035K(1152K)->1035K(1152K)
[441.867s][info][gc             ] GC(684) Pause Full (Ergonomics) 3754M->2802M(3925M) 174.876ms
[441.867s][info][gc,cpu         ] GC(684) User=1.31s Sys=0.00s Real=0.18s
[442.329s][info][gc,start       ] GC(685) Pause Full (Ergonomics)
[442.329s][info][gc,phases,start] GC(685) Marking Phase
[442.359s][info][gc,phases      ] GC(685) Marking Phase 30.181ms
[442.359s][info][gc,phases,start] GC(685) Summary Phase
[442.359s][info][gc,phases      ] GC(685) Summary Phase 0.064ms
[442.359s][info][gc,phases,start] GC(685) Adjust Roots
[442.360s][info][gc,phases      ] GC(685) Adjust Roots 0.574ms
[442.360s][info][gc,phases,start] GC(685) Compaction Phase
[442.491s][info][gc,phases      ] GC(685) Compaction Phase 131.586ms
[442.491s][info][gc,phases,start] GC(685) Post Compact
[442.499s][info][gc,phases      ] GC(685) Post Compact 7.706ms
[442.499s][info][gc,heap        ] GC(685) PSYoungGen: 1048576K(1223168K)->72968K(1223168K) Eden: 1048576K(1048576K)->72968K(1048576K) From: 0K(174592K)->0K(174592K)
[442.499s][info][gc,heap        ] GC(685) ParOldGen: 2796486K(2796544K)->2796498K(2796544K)
[442.499s][info][gc,metaspace   ] GC(685) Metaspace: 10574K(10816K)->10574K(10816K) NonClass: 9538K(9664K)->9538K(9664K) Class: 1035K(1152K)->1035K(1152K)
[442.499s][info][gc             ] GC(685) Pause Full (Ergonomics) 3754M->2802M(3925M) 170.451ms
[442.499s][info][gc,cpu         ] GC(685) User=1.31s Sys=0.00s Real=0.17s
[442.967s][info][gc,start       ] GC(686) Pause Full (Ergonomics)
[442.967s][info][gc,phases,start] GC(686) Marking Phase
[442.997s][info][gc,phases      ] GC(686) Marking Phase 29.802ms
[442.997s][info][gc,phases,start] GC(686) Summary Phase
[442.997s][info][gc,phases      ] GC(686) Summary Phase 0.065ms
[442.997s][info][gc,phases,start] GC(686) Adjust Roots
[442.998s][info][gc,phases      ] GC(686) Adjust Roots 0.581ms
[442.998s][info][gc,phases,start] GC(686) Compaction Phase
[443.128s][info][gc,phases      ] GC(686) Compaction Phase 130.581ms
[443.128s][info][gc,phases,start] GC(686) Post Compact
[443.140s][info][gc,phases      ] GC(686) Post Compact 11.188ms
[443.140s][info][gc,heap        ] GC(686) PSYoungGen: 1048576K(1223168K)->72952K(1223168K) Eden: 1048576K(1048576K)->72952K(1048576K) From: 0K(174592K)->0K(174592K)
[443.140s][info][gc,heap        ] GC(686) ParOldGen: 2796498K(2796544K)->2796514K(2796544K)
[443.140s][info][gc,metaspace   ] GC(686) Metaspace: 10574K(10816K)->10574K(10816K) NonClass: 9538K(9664K)->9538K(9664K) Class: 1035K(1152K)->1035K(1152K)
[443.140s][info][gc             ] GC(686) Pause Full (Ergonomics) 3754M->2802M(3925M) 172.585ms
[443.140s][info][gc,cpu         ] GC(686) User=1.31s Sys=0.00s Real=0.17s
[443.602s][info][gc,start       ] GC(687) Pause Full (Ergonomics)
[443.602s][info][gc,phases,start] GC(687) Marking Phase
[443.632s][info][gc,phases      ] GC(687) Marking Phase 30.101ms
[443.632s][info][gc,phases,start] GC(687) Summary Phase
[443.632s][info][gc,phases      ] GC(687) Summary Phase 0.064ms
[443.632s][info][gc,phases,start] GC(687) Adjust Roots
[443.632s][info][gc,phases      ] GC(687) Adjust Roots 0.407ms
[443.632s][info][gc,phases,start] GC(687) Compaction Phase
[443.763s][info][gc,phases      ] GC(687) Compaction Phase 130.593ms
[443.763s][info][gc,phases,start] GC(687) Post Compact
[443.774s][info][gc,phases      ] GC(687) Post Compact 11.391ms
[443.775s][info][gc,heap        ] GC(687) PSYoungGen: 1048576K(1223168K)->72964K(1223168K) Eden: 1048576K(1048576K)->72964K(1048576K) From: 0K(174592K)->0K(174592K)
[443.775s][info][gc,heap        ] GC(687) ParOldGen: 2796514K(2796544K)->2796502K(2796544K)
[443.775s][info][gc,metaspace   ] GC(687) Metaspace: 10574K(10816K)->10574K(10816K) NonClass: 9538K(9664K)->9538K(9664K) Class: 1035K(1152K)->1035K(1152K)
[443.775s][info][gc             ] GC(687) Pause Full (Ergonomics) 3754M->2802M(3925M) 172.899ms
[443.775s][info][gc,cpu         ] GC(687) User=1.31s Sys=0.00s Real=0.17s
[444.249s][info][gc,start       ] GC(688) Pause Full (Ergonomics)
[444.249s][info][gc,phases,start] GC(688) Marking Phase
[444.279s][info][gc,phases      ] GC(688) Marking Phase 29.929ms
[444.279s][info][gc,phases,start] GC(688) Summary Phase
[444.279s][info][gc,phases      ] GC(688) Summary Phase 0.063ms
[444.279s][info][gc,phases,start] GC(688) Adjust Roots
[444.279s][info][gc,phases      ] GC(688) Adjust Roots 0.554ms
[444.279s][info][gc,phases,start] GC(688) Compaction Phase
[444.410s][info][gc,phases      ] GC(688) Compaction Phase 130.430ms
[444.410s][info][gc,phases,start] GC(688) Post Compact
[444.417s][info][gc,phases      ] GC(688) Post Compact 6.715ms
[444.417s][info][gc,heap        ] GC(688) PSYoungGen: 1048576K(1223168K)->72960K(1223168K) Eden: 1048576K(1048576K)->72960K(1048576K) From: 0K(174592K)->0K(174592K)
[444.417s][info][gc,heap        ] GC(688) ParOldGen: 2796502K(2796544K)->2796506K(2796544K)
[444.417s][info][gc,metaspace   ] GC(688) Metaspace: 10574K(10816K)->10574K(10816K) NonClass: 9538K(9664K)->9538K(9664K) Class: 1035K(1152K)->1035K(1152K)
[444.417s][info][gc             ] GC(688) Pause Full (Ergonomics) 3754M->2802M(3925M) 168.020ms
[444.417s][info][gc,cpu         ] GC(688) User=1.30s Sys=0.00s Real=0.17s
[444.897s][info][gc,start       ] GC(689) Pause Full (Ergonomics)
[444.898s][info][gc,phases,start] GC(689) Marking Phase
[444.927s][info][gc,phases      ] GC(689) Marking Phase 29.670ms
[444.927s][info][gc,phases,start] GC(689) Summary Phase
[444.927s][info][gc,phases      ] GC(689) Summary Phase 0.063ms
[444.927s][info][gc,phases,start] GC(689) Adjust Roots
[444.928s][info][gc,phases      ] GC(689) Adjust Roots 0.405ms
[444.928s][info][gc,phases,start] GC(689) Compaction Phase
[445.059s][info][gc,phases      ] GC(689) Compaction Phase 131.664ms
[445.059s][info][gc,phases,start] GC(689) Post Compact
[445.071s][info][gc,phases      ] GC(689) Post Compact 11.654ms
[445.071s][info][gc,heap        ] GC(689) PSYoungGen: 1048576K(1223168K)->72952K(1223168K) Eden: 1048576K(1048576K)->72952K(1048576K) From: 0K(174592K)->0K(174592K)
[445.071s][info][gc,heap        ] GC(689) ParOldGen: 2796506K(2796544K)->2796514K(2796544K)
[445.071s][info][gc,metaspace   ] GC(689) Metaspace: 10574K(10816K)->10574K(10816K) NonClass: 9538K(9664K)->9538K(9664K) Class: 1035K(1152K)->1035K(1152K)
[445.071s][info][gc             ] GC(689) Pause Full (Ergonomics) 3754M->2802M(3925M) 173.803ms
[445.071s][info][gc,cpu         ] GC(689) User=1.31s Sys=0.00s Real=0.17s
[445.538s][info][gc,start       ] GC(690) Pause Full (Ergonomics)
[445.538s][info][gc,phases,start] GC(690) Marking Phase
[445.569s][info][gc,phases      ] GC(690) Marking Phase 30.451ms
[445.569s][info][gc,phases,start] GC(690) Summary Phase
[445.569s][info][gc,phases      ] GC(690) Summary Phase 0.064ms
[445.569s][info][gc,phases,start] GC(690) Adjust Roots
[445.570s][info][gc,phases      ] GC(690) Adjust Roots 0.563ms
[445.570s][info][gc,phases,start] GC(690) Compaction Phase
[445.701s][info][gc,phases      ] GC(690) Compaction Phase 131.094ms
[445.701s][info][gc,phases,start] GC(690) Post Compact
[445.709s][info][gc,phases      ] GC(690) Post Compact 8.057ms
[445.709s][info][gc,heap        ] GC(690) PSYoungGen: 1048576K(1223168K)->72964K(1223168K) Eden: 1048576K(1048576K)->72964K(1048576K) From: 0K(174592K)->0K(174592K)
[445.709s][info][gc,heap        ] GC(690) ParOldGen: 2796514K(2796544K)->2796502K(2796544K)
[445.709s][info][gc,metaspace   ] GC(690) Metaspace: 10574K(10816K)->10574K(10816K) NonClass: 9538K(9664K)->9538K(9664K) Class: 1035K(1152K)->1035K(1152K)
[445.709s][info][gc             ] GC(690) Pause Full (Ergonomics) 3754M->2802M(3925M) 170.573ms
[445.709s][info][gc,cpu         ] GC(690) User=1.28s Sys=0.03s Real=0.17s
[446.179s][info][gc,start       ] GC(691) Pause Full (Ergonomics)
[446.179s][info][gc,phases,start] GC(691) Marking Phase
[446.208s][info][gc,phases      ] GC(691) Marking Phase 29.879ms
[446.213s][info][gc,phases,start] GC(691) Summary Phase
[446.213s][info][gc,phases      ] GC(691) Summary Phase 0.113ms
[446.213s][info][gc,phases,start] GC(691) Adjust Roots
[446.213s][info][gc,phases      ] GC(691) Adjust Roots 0.789ms
[446.213s][info][gc,phases,start] GC(691) Compaction Phase
[446.346s][info][gc,phases      ] GC(691) Compaction Phase 132.260ms
[446.346s][info][gc,phases,start] GC(691) Post Compact
[446.353s][info][gc,phases      ] GC(691) Post Compact 6.944ms
[446.353s][info][gc,heap        ] GC(691) PSYoungGen: 1048576K(1223168K)->72923K(1223168K) Eden: 1048576K(1048576K)->72923K(1048576K) From: 0K(174592K)->0K(174592K)
[446.353s][info][gc,heap        ] GC(691) ParOldGen: 2796502K(2796544K)->2796543K(2796544K)
[446.353s][info][gc,metaspace   ] GC(691) Metaspace: 10574K(10816K)->10574K(10816K) NonClass: 9538K(9664K)->9538K(9664K) Class: 1035K(1152K)->1035K(1152K)
[446.353s][info][gc             ] GC(691) Pause Full (Ergonomics) 3754M->2802M(3925M) 174.379ms
[446.353s][info][gc,cpu         ] GC(691) User=1.32s Sys=0.00s Real=0.17s
[446.826s][info][gc,start       ] GC(692) Pause Full (Ergonomics)
[446.826s][info][gc,phases,start] GC(692) Marking Phase
[446.856s][info][gc,phases      ] GC(692) Marking Phase 29.823ms
[446.856s][info][gc,phases,start] GC(692) Summary Phase
[446.856s][info][gc,phases      ] GC(692) Summary Phase 0.063ms
[446.856s][info][gc,phases,start] GC(692) Adjust Roots
[446.857s][info][gc,phases      ] GC(692) Adjust Roots 0.555ms
[446.857s][info][gc,phases,start] GC(692) Compaction Phase
[446.986s][info][gc,phases      ] GC(692) Compaction Phase 129.285ms
[446.986s][info][gc,phases,start] GC(692) Post Compact
[446.995s][info][gc,phases      ] GC(692) Post Compact 9.216ms
[446.995s][info][gc,heap        ] GC(692) PSYoungGen: 1048576K(1223168K)->72960K(1223168K) Eden: 1048576K(1048576K)->72960K(1048576K) From: 0K(174592K)->0K(174592K)
[446.995s][info][gc,heap        ] GC(692) ParOldGen: 2796543K(2796544K)->2796506K(2796544K)
[446.995s][info][gc,metaspace   ] GC(692) Metaspace: 10574K(10816K)->10574K(10816K) NonClass: 9538K(9664K)->9538K(9664K) Class: 1035K(1152K)->1035K(1152K)
[446.995s][info][gc             ] GC(692) Pause Full (Ergonomics) 3754M->2802M(3925M) 169.269ms
[446.995s][info][gc,cpu         ] GC(692) User=1.30s Sys=0.00s Real=0.17s
[447.462s][info][gc,start       ] GC(693) Pause Full (Ergonomics)
[447.462s][info][gc,phases,start] GC(693) Marking Phase
[447.493s][info][gc,phases      ] GC(693) Marking Phase 30.679ms
[447.493s][info][gc,phases,start] GC(693) Summary Phase
[447.493s][info][gc,phases      ] GC(693) Summary Phase 0.064ms
[447.493s][info][gc,phases,start] GC(693) Adjust Roots
[447.494s][info][gc,phases      ] GC(693) Adjust Roots 0.582ms
[447.494s][info][gc,phases,start] GC(693) Compaction Phase
[447.625s][info][gc,phases      ] GC(693) Compaction Phase 131.203ms
[447.625s][info][gc,phases,start] GC(693) Post Compact
[447.632s][info][gc,phases      ] GC(693) Post Compact 6.746ms
[447.632s][info][gc,heap        ] GC(693) PSYoungGen: 1048576K(1223168K)->72976K(1223168K) Eden: 1048576K(1048576K)->72976K(1048576K) From: 0K(174592K)->0K(174592K)
[447.632s][info][gc,heap        ] GC(693) ParOldGen: 2796506K(2796544K)->2796490K(2796544K)
[447.632s][info][gc,metaspace   ] GC(693) Metaspace: 10574K(10816K)->10574K(10816K) NonClass: 9538K(9664K)->9538K(9664K) Class: 1035K(1152K)->1035K(1152K)
[447.632s][info][gc             ] GC(693) Pause Full (Ergonomics) 3754M->2802M(3925M) 169.611ms
[447.632s][info][gc,cpu         ] GC(693) User=1.31s Sys=0.00s Real=0.16s
[448.106s][info][gc,start       ] GC(694) Pause Full (Ergonomics)
[448.106s][info][gc,phases,start] GC(694) Marking Phase
[448.139s][info][gc,phases      ] GC(694) Marking Phase 33.241ms
[448.139s][info][gc,phases,start] GC(694) Summary Phase
[448.139s][info][gc,phases      ] GC(694) Summary Phase 0.064ms
[448.139s][info][gc,phases,start] GC(694) Adjust Roots
[448.139s][info][gc,phases      ] GC(694) Adjust Roots 0.404ms
[448.139s][info][gc,phases,start] GC(694) Compaction Phase
[448.270s][info][gc,phases      ] GC(694) Compaction Phase 130.696ms
[448.270s][info][gc,phases,start] GC(694) Post Compact
[448.279s][info][gc,phases      ] GC(694) Post Compact 8.831ms
[448.279s][info][gc,heap        ] GC(694) PSYoungGen: 1048576K(1223168K)->72940K(1223168K) Eden: 1048576K(1048576K)->72940K(1048576K) From: 0K(174592K)->0K(174592K)
[448.279s][info][gc,heap        ] GC(694) ParOldGen: 2796490K(2796544K)->2796527K(2796544K)
[448.279s][info][gc,metaspace   ] GC(694) Metaspace: 10574K(10816K)->10574K(10816K) NonClass: 9538K(9664K)->9538K(9664K) Class: 1035K(1152K)->1035K(1152K)
[448.279s][info][gc             ] GC(694) Pause Full (Ergonomics) 3754M->2802M(3925M) 173.559ms
[448.279s][info][gc,cpu         ] GC(694) User=1.31s Sys=0.00s Real=0.17s
[448.753s][info][gc,start       ] GC(695) Pause Full (Ergonomics)
[448.753s][info][gc,phases,start] GC(695) Marking Phase
[448.784s][info][gc,phases      ] GC(695) Marking Phase 30.823ms
[448.784s][info][gc,phases,start] GC(695) Summary Phase
[448.784s][info][gc,phases      ] GC(695) Summary Phase 0.064ms
[448.784s][info][gc,phases,start] GC(695) Adjust Roots
[448.784s][info][gc,phases      ] GC(695) Adjust Roots 0.559ms
[448.784s][info][gc,phases,start] GC(695) Compaction Phase
[448.916s][info][gc,phases      ] GC(695) Compaction Phase 131.209ms
[448.916s][info][gc,phases,start] GC(695) Post Compact
[448.923s][info][gc,phases      ] GC(695) Post Compact 6.931ms
[448.923s][info][gc,heap        ] GC(695) PSYoungGen: 1048576K(1223168K)->72948K(1223168K) Eden: 1048576K(1048576K)->72948K(1048576K) From: 0K(174592K)->0K(174592K)
[448.923s][info][gc,heap        ] GC(695) ParOldGen: 2796527K(2796544K)->2796519K(2796544K)
[448.923s][info][gc,metaspace   ] GC(695) Metaspace: 10574K(10816K)->10574K(10816K) NonClass: 9538K(9664K)->9538K(9664K) Class: 1035K(1152K)->1035K(1152K)
[448.923s][info][gc             ] GC(695) Pause Full (Ergonomics) 3754M->2802M(3925M) 169.917ms
[448.923s][info][gc,cpu         ] GC(695) User=1.30s Sys=0.01s Real=0.18s
[449.382s][info][gc,start       ] GC(696) Pause Full (Ergonomics)
[449.382s][info][gc,phases,start] GC(696) Marking Phase
[449.412s][info][gc,phases      ] GC(696) Marking Phase 30.700ms
[449.412s][info][gc,phases,start] GC(696) Summary Phase
[449.412s][info][gc,phases      ] GC(696) Summary Phase 0.065ms
[449.412s][info][gc,phases,start] GC(696) Adjust Roots
[449.413s][info][gc,phases      ] GC(696) Adjust Roots 0.401ms
[449.413s][info][gc,phases,start] GC(696) Compaction Phase
[449.545s][info][gc,phases      ] GC(696) Compaction Phase 131.764ms
[449.545s][info][gc,phases,start] GC(696) Post Compact
[449.553s][info][gc,phases      ] GC(696) Post Compact 7.876ms
[449.553s][info][gc,heap        ] GC(696) PSYoungGen: 1048576K(1223168K)->72988K(1223168K) Eden: 1048576K(1048576K)->72988K(1048576K) From: 0K(174592K)->0K(174592K)
[449.553s][info][gc,heap        ] GC(696) ParOldGen: 2796519K(2796544K)->2796478K(2796544K)
[449.553s][info][gc,metaspace   ] GC(696) Metaspace: 10574K(10816K)->10574K(10816K) NonClass: 9538K(9664K)->9538K(9664K) Class: 1035K(1152K)->1035K(1152K)
[449.553s][info][gc             ] GC(696) Pause Full (Ergonomics) 3754M->2802M(3925M) 171.174ms
[449.553s][info][gc,cpu         ] GC(696) User=1.31s Sys=0.00s Real=0.16s
[450.020s][info][gc,start       ] GC(697) Pause Full (Ergonomics)
[450.020s][info][gc,phases,start] GC(697) Marking Phase
[450.050s][info][gc,phases      ] GC(697) Marking Phase 30.398ms
[450.050s][info][gc,phases,start] GC(697) Summary Phase
[450.051s][info][gc,phases      ] GC(697) Summary Phase 0.065ms
[450.051s][info][gc,phases,start] GC(697) Adjust Roots
[450.051s][info][gc,phases      ] GC(697) Adjust Roots 0.403ms
[450.051s][info][gc,phases,start] GC(697) Compaction Phase
[450.182s][info][gc,phases      ] GC(697) Compaction Phase 131.140ms
[450.182s][info][gc,phases,start] GC(697) Post Compact
[450.189s][info][gc,phases      ] GC(697) Post Compact 6.989ms
[450.189s][info][gc,heap        ] GC(697) PSYoungGen: 1048576K(1223168K)->72968K(1223168K) Eden: 1048576K(1048576K)->72968K(1048576K) From: 0K(174592K)->0K(174592K)
[450.189s][info][gc,heap        ] GC(697) ParOldGen: 2796478K(2796544K)->2796498K(2796544K)
[450.189s][info][gc,metaspace   ] GC(697) Metaspace: 10574K(10816K)->10574K(10816K) NonClass: 9538K(9664K)->9538K(9664K) Class: 1035K(1152K)->1035K(1152K)
[450.189s][info][gc             ] GC(697) Pause Full (Ergonomics) 3754M->2802M(3925M) 169.330ms
[450.189s][info][gc,cpu         ] GC(697) User=1.32s Sys=0.00s Real=0.17s
[450.658s][info][gc,start       ] GC(698) Pause Full (Ergonomics)
[450.658s][info][gc,phases,start] GC(698) Marking Phase
[450.690s][info][gc,phases      ] GC(698) Marking Phase 31.618ms
[450.690s][info][gc,phases,start] GC(698) Summary Phase
[450.690s][info][gc,phases      ] GC(698) Summary Phase 0.064ms
[450.690s][info][gc,phases,start] GC(698) Adjust Roots
[450.690s][info][gc,phases      ] GC(698) Adjust Roots 0.406ms
[450.690s][info][gc,phases,start] GC(698) Compaction Phase
[450.822s][info][gc,phases      ] GC(698) Compaction Phase 131.366ms
[450.822s][info][gc,phases,start] GC(698) Post Compact
[450.830s][info][gc,phases      ] GC(698) Post Compact 8.384ms
[450.830s][info][gc,heap        ] GC(698) PSYoungGen: 1048576K(1223168K)->72940K(1223168K) Eden: 1048576K(1048576K)->72940K(1048576K) From: 0K(174592K)->0K(174592K)
[450.830s][info][gc,heap        ] GC(698) ParOldGen: 2796498K(2796544K)->2796527K(2796544K)
[450.830s][info][gc,metaspace   ] GC(698) Metaspace: 10574K(10816K)->10574K(10816K) NonClass: 9538K(9664K)->9538K(9664K) Class: 1035K(1152K)->1035K(1152K)
[450.830s][info][gc             ] GC(698) Pause Full (Ergonomics) 3754M->2802M(3925M) 172.128ms
[450.830s][info][gc,cpu         ] GC(698) User=1.31s Sys=0.00s Real=0.17s
[451.296s][info][gc,start       ] GC(699) Pause Full (Ergonomics)
[451.296s][info][gc,phases,start] GC(699) Marking Phase
[451.326s][info][gc,phases      ] GC(699) Marking Phase 29.944ms
[451.326s][info][gc,phases,start] GC(699) Summary Phase
[451.326s][info][gc,phases      ] GC(699) Summary Phase 0.064ms
[451.326s][info][gc,phases,start] GC(699) Adjust Roots
[451.326s][info][gc,phases      ] GC(699) Adjust Roots 0.404ms
[451.326s][info][gc,phases,start] GC(699) Compaction Phase
[451.457s][info][gc,phases      ] GC(699) Compaction Phase 131.202ms
[451.458s][info][gc,phases,start] GC(699) Post Compact
[451.465s][info][gc,phases      ] GC(699) Post Compact 6.972ms
[451.465s][info][gc,heap        ] GC(699) PSYoungGen: 1048576K(1223168K)->72944K(1223168K) Eden: 1048576K(1048576K)->72944K(1048576K) From: 0K(174592K)->0K(174592K)
[451.465s][info][gc,heap        ] GC(699) ParOldGen: 2796527K(2796544K)->2796523K(2796544K)
[451.465s][info][gc,metaspace   ] GC(699) Metaspace: 10574K(10816K)->10574K(10816K) NonClass: 9538K(9664K)->9538K(9664K) Class: 1035K(1152K)->1035K(1152K)
[451.465s][info][gc             ] GC(699) Pause Full (Ergonomics) 3754M->2802M(3925M) 168.951ms
[451.465s][info][gc,cpu         ] GC(699) User=1.32s Sys=0.00s Real=0.17s
[451.930s][info][gc,start       ] GC(700) Pause Full (Ergonomics)
[451.930s][info][gc,phases,start] GC(700) Marking Phase
[451.962s][info][gc,phases      ] GC(700) Marking Phase 31.421ms
[451.962s][info][gc,phases,start] GC(700) Summary Phase
[451.962s][info][gc,phases      ] GC(700) Summary Phase 0.064ms
[451.962s][info][gc,phases,start] GC(700) Adjust Roots
[451.962s][info][gc,phases      ] GC(700) Adjust Roots 0.406ms
[451.962s][info][gc,phases,start] GC(700) Compaction Phase
[452.092s][info][gc,phases      ] GC(700) Compaction Phase 129.992ms
[452.092s][info][gc,phases,start] GC(700) Post Compact
[452.098s][info][gc,phases      ] GC(700) Post Compact 6.311ms
[452.099s][info][gc,heap        ] GC(700) PSYoungGen: 1048576K(1223168K)->72968K(1223168K) Eden: 1048576K(1048576K)->72968K(1048576K) From: 0K(174592K)->0K(174592K)
[452.099s][info][gc,heap        ] GC(700) ParOldGen: 2796523K(2796544K)->2796498K(2796544K)
[452.099s][info][gc,metaspace   ] GC(700) Metaspace: 10574K(10816K)->10574K(10816K) NonClass: 9538K(9664K)->9538K(9664K) Class: 1035K(1152K)->1035K(1152K)
[452.099s][info][gc             ] GC(700) Pause Full (Ergonomics) 3754M->2802M(3925M) 168.521ms
[452.099s][info][gc,cpu         ] GC(700) User=1.31s Sys=0.00s Real=0.17s
[452.569s][info][gc,start       ] GC(701) Pause Full (Ergonomics)
[452.569s][info][gc,phases,start] GC(701) Marking Phase
[452.602s][info][gc,phases      ] GC(701) Marking Phase 33.339ms
[452.603s][info][gc,phases,start] GC(701) Summary Phase
[452.603s][info][gc,phases      ] GC(701) Summary Phase 0.064ms
[452.603s][info][gc,phases,start] GC(701) Adjust Roots
[452.603s][info][gc,phases      ] GC(701) Adjust Roots 0.409ms
[452.603s][info][gc,phases,start] GC(701) Compaction Phase
[452.733s][info][gc,phases      ] GC(701) Compaction Phase 130.296ms
[452.733s][info][gc,phases,start] GC(701) Post Compact
[452.742s][info][gc,phases      ] GC(701) Post Compact 8.972ms
[452.742s][info][gc,heap        ] GC(701) PSYoungGen: 1048576K(1223168K)->72944K(1223168K) Eden: 1048576K(1048576K)->72944K(1048576K) From: 0K(174592K)->0K(174592K)
[452.742s][info][gc,heap        ] GC(701) ParOldGen: 2796498K(2796544K)->2796522K(2796544K)
[452.742s][info][gc,metaspace   ] GC(701) Metaspace: 10574K(10816K)->10574K(10816K) NonClass: 9538K(9664K)->9538K(9664K) Class: 1035K(1152K)->1035K(1152K)
[452.742s][info][gc             ] GC(701) Pause Full (Ergonomics) 3754M->2802M(3925M) 173.408ms
[452.742s][info][gc,cpu         ] GC(701) User=1.31s Sys=0.00s Real=0.18s
[453.207s][info][gc,start       ] GC(702) Pause Full (Ergonomics)
[453.207s][info][gc,phases,start] GC(702) Marking Phase
[453.237s][info][gc,phases      ] GC(702) Marking Phase 30.099ms
[453.237s][info][gc,phases,start] GC(702) Summary Phase
[453.237s][info][gc,phases      ] GC(702) Summary Phase 0.063ms
[453.237s][info][gc,phases,start] GC(702) Adjust Roots
[453.237s][info][gc,phases      ] GC(702) Adjust Roots 0.420ms
[453.237s][info][gc,phases,start] GC(702) Compaction Phase
[453.368s][info][gc,phases      ] GC(702) Compaction Phase 130.309ms
[453.368s][info][gc,phases,start] GC(702) Post Compact
[453.377s][info][gc,phases      ] GC(702) Post Compact 8.975ms
[453.377s][info][gc,heap        ] GC(702) PSYoungGen: 1048576K(1223168K)->72972K(1223168K) Eden: 1048576K(1048576K)->72972K(1048576K) From: 0K(174592K)->0K(174592K)
[453.377s][info][gc,heap        ] GC(702) ParOldGen: 2796522K(2796544K)->2796498K(2796544K)
[453.377s][info][gc,metaspace   ] GC(702) Metaspace: 10574K(10816K)->10574K(10816K) NonClass: 9538K(9664K)->9538K(9664K) Class: 1035K(1152K)->1035K(1152K)
[453.377s][info][gc             ] GC(702) Pause Full (Ergonomics) 3754M->2802M(3925M) 170.209ms
[453.377s][info][gc,cpu         ] GC(702) User=1.30s Sys=0.00s Real=0.17s
[453.840s][info][gc,start       ] GC(703) Pause Full (Ergonomics)
[453.840s][info][gc,phases,start] GC(703) Marking Phase
[453.872s][info][gc,phases      ] GC(703) Marking Phase 31.477ms
[453.872s][info][gc,phases,start] GC(703) Summary Phase
[453.872s][info][gc,phases      ] GC(703) Summary Phase 0.064ms
[453.872s][info][gc,phases,start] GC(703) Adjust Roots
[453.873s][info][gc,phases      ] GC(703) Adjust Roots 0.575ms
[453.873s][info][gc,phases,start] GC(703) Compaction Phase
[454.004s][info][gc,phases      ] GC(703) Compaction Phase 131.469ms
[454.004s][info][gc,phases,start] GC(703) Post Compact
[454.011s][info][gc,phases      ] GC(703) Post Compact 6.946ms
[454.011s][info][gc,heap        ] GC(703) PSYoungGen: 1048576K(1223168K)->73001K(1223168K) Eden: 1048576K(1048576K)->73001K(1048576K) From: 0K(174592K)->0K(174592K)
[454.011s][info][gc,heap        ] GC(703) ParOldGen: 2796498K(2796544K)->2796465K(2796544K)
[454.011s][info][gc,metaspace   ] GC(703) Metaspace: 10574K(10816K)->10574K(10816K) NonClass: 9538K(9664K)->9538K(9664K) Class: 1035K(1152K)->1035K(1152K)
[454.011s][info][gc             ] GC(703) Pause Full (Ergonomics) 3754M->2802M(3925M) 170.856ms
[454.011s][info][gc,cpu         ] GC(703) User=1.31s Sys=0.01s Real=0.17s
[454.478s][info][gc,start       ] GC(704) Pause Full (Ergonomics)
[454.478s][info][gc,phases,start] GC(704) Marking Phase
[454.508s][info][gc,phases      ] GC(704) Marking Phase 30.363ms
[454.508s][info][gc,phases,start] GC(704) Summary Phase
[454.508s][info][gc,phases      ] GC(704) Summary Phase 0.065ms
[454.508s][info][gc,phases,start] GC(704) Adjust Roots
[454.509s][info][gc,phases      ] GC(704) Adjust Roots 0.407ms
[454.509s][info][gc,phases,start] GC(704) Compaction Phase
[454.639s][info][gc,phases      ] GC(704) Compaction Phase 130.178ms
[454.639s][info][gc,phases,start] GC(704) Post Compact
[454.650s][info][gc,phases      ] GC(704) Post Compact 11.302ms
[454.651s][info][gc,heap        ] GC(704) PSYoungGen: 1048576K(1223168K)->72935K(1223168K) Eden: 1048576K(1048576K)->72935K(1048576K) From: 0K(174592K)->0K(174592K)
[454.651s][info][gc,heap        ] GC(704) ParOldGen: 2796465K(2796544K)->2796531K(2796544K)
[454.651s][info][gc,metaspace   ] GC(704) Metaspace: 10574K(10816K)->10574K(10816K) NonClass: 9538K(9664K)->9538K(9664K) Class: 1035K(1152K)->1035K(1152K)
[454.651s][info][gc             ] GC(704) Pause Full (Ergonomics) 3754M->2802M(3925M) 172.668ms
[454.651s][info][gc,cpu         ] GC(704) User=1.31s Sys=0.00s Real=0.17s
[455.118s][info][gc,start       ] GC(705) Pause Full (Ergonomics)
[455.118s][info][gc,phases,start] GC(705) Marking Phase
[455.148s][info][gc,phases      ] GC(705) Marking Phase 29.601ms
[455.148s][info][gc,phases,start] GC(705) Summary Phase
[455.148s][info][gc,phases      ] GC(705) Summary Phase 0.064ms
[455.148s][info][gc,phases,start] GC(705) Adjust Roots
[455.148s][info][gc,phases      ] GC(705) Adjust Roots 0.427ms
[455.148s][info][gc,phases,start] GC(705) Compaction Phase
[455.280s][info][gc,phases      ] GC(705) Compaction Phase 131.408ms
[455.280s][info][gc,phases,start] GC(705) Post Compact
[455.287s][info][gc,phases      ] GC(705) Post Compact 6.728ms
[455.287s][info][gc,heap        ] GC(705) PSYoungGen: 1048576K(1223168K)->72931K(1223168K) Eden: 1048576K(1048576K)->72931K(1048576K) From: 0K(174592K)->0K(174592K)
[455.287s][info][gc,heap        ] GC(705) ParOldGen: 2796531K(2796544K)->2796535K(2796544K)
[455.287s][info][gc,metaspace   ] GC(705) Metaspace: 10574K(10816K)->10574K(10816K) NonClass: 9538K(9664K)->9538K(9664K) Class: 1035K(1152K)->1035K(1152K)
[455.287s][info][gc             ] GC(705) Pause Full (Ergonomics) 3754M->2802M(3925M) 168.556ms
[455.287s][info][gc,cpu         ] GC(705) User=1.31s Sys=0.00s Real=0.17s
[455.758s][info][gc,start       ] GC(706) Pause Full (Ergonomics)
[455.758s][info][gc,phases,start] GC(706) Marking Phase
[455.790s][info][gc,phases      ] GC(706) Marking Phase 31.265ms
[455.790s][info][gc,phases,start] GC(706) Summary Phase
[455.790s][info][gc,phases      ] GC(706) Summary Phase 0.064ms
[455.790s][info][gc,phases,start] GC(706) Adjust Roots
[455.790s][info][gc,phases      ] GC(706) Adjust Roots 0.567ms
[455.790s][info][gc,phases,start] GC(706) Compaction Phase
[455.921s][info][gc,phases      ] GC(706) Compaction Phase 130.970ms
[455.922s][info][gc,phases,start] GC(706) Post Compact
[455.931s][info][gc,phases      ] GC(706) Post Compact 9.091ms
[455.931s][info][gc,heap        ] GC(706) PSYoungGen: 1048576K(1223168K)->72992K(1223168K) Eden: 1048576K(1048576K)->72992K(1048576K) From: 0K(174592K)->0K(174592K)
[455.931s][info][gc,heap        ] GC(706) ParOldGen: 2796535K(2796544K)->2796474K(2796544K)
[455.931s][info][gc,metaspace   ] GC(706) Metaspace: 10574K(10816K)->10574K(10816K) NonClass: 9538K(9664K)->9538K(9664K) Class: 1035K(1152K)->1035K(1152K)
[455.931s][info][gc             ] GC(706) Pause Full (Ergonomics) 3754M->2802M(3925M) 172.314ms
[455.931s][info][gc,cpu         ] GC(706) User=1.31s Sys=0.00s Real=0.17s
[456.398s][info][gc,start       ] GC(707) Pause Full (Ergonomics)
[456.398s][info][gc,phases,start] GC(707) Marking Phase
[456.428s][info][gc,phases      ] GC(707) Marking Phase 30.021ms
[456.428s][info][gc,phases,start] GC(707) Summary Phase
[456.428s][info][gc,phases      ] GC(707) Summary Phase 0.065ms
[456.428s][info][gc,phases,start] GC(707) Adjust Roots
[456.428s][info][gc,phases      ] GC(707) Adjust Roots 0.406ms
[456.428s][info][gc,phases,start] GC(707) Compaction Phase
[456.560s][info][gc,phases      ] GC(707) Compaction Phase 131.510ms
[456.560s][info][gc,phases,start] GC(707) Post Compact
[456.566s][info][gc,phases      ] GC(707) Post Compact 6.483ms
[456.567s][info][gc,heap        ] GC(707) PSYoungGen: 1048576K(1223168K)->72980K(1223168K) Eden: 1048576K(1048576K)->72980K(1048576K) From: 0K(174592K)->0K(174592K)
[456.567s][info][gc,heap        ] GC(707) ParOldGen: 2796474K(2796544K)->2796486K(2796544K)
[456.567s][info][gc,metaspace   ] GC(707) Metaspace: 10574K(10816K)->10574K(10816K) NonClass: 9538K(9664K)->9538K(9664K) Class: 1035K(1152K)->1035K(1152K)
[456.567s][info][gc             ] GC(707) Pause Full (Ergonomics) 3754M->2802M(3925M) 168.832ms
[456.567s][info][gc,cpu         ] GC(707) User=1.31s Sys=0.00s Real=0.17s
[457.045s][info][gc,start       ] GC(708) Pause Full (Ergonomics)
[457.045s][info][gc,phases,start] GC(708) Marking Phase
[457.074s][info][gc,phases      ] GC(708) Marking Phase 29.283ms
[457.074s][info][gc,phases,start] GC(708) Summary Phase
[457.074s][info][gc,phases      ] GC(708) Summary Phase 0.064ms
[457.074s][info][gc,phases,start] GC(708) Adjust Roots
[457.075s][info][gc,phases      ] GC(708) Adjust Roots 0.559ms
[457.075s][info][gc,phases,start] GC(708) Compaction Phase
[457.206s][info][gc,phases      ] GC(708) Compaction Phase 130.992ms
[457.206s][info][gc,phases,start] GC(708) Post Compact
[457.215s][info][gc,phases      ] GC(708) Post Compact 8.978ms
[457.215s][info][gc,heap        ] GC(708) PSYoungGen: 1048576K(1223168K)->72956K(1223168K) Eden: 1048576K(1048576K)->72956K(1048576K) From: 0K(174592K)->0K(174592K)
[457.215s][info][gc,heap        ] GC(708) ParOldGen: 2796486K(2796544K)->2796510K(2796544K)
[457.215s][info][gc,metaspace   ] GC(708) Metaspace: 10574K(10816K)->10574K(10816K) NonClass: 9538K(9664K)->9538K(9664K) Class: 1035K(1152K)->1035K(1152K)
[457.215s][info][gc             ] GC(708) Pause Full (Ergonomics) 3754M->2802M(3925M) 170.202ms
[457.215s][info][gc,cpu         ] GC(708) User=1.31s Sys=0.00s Real=0.17s
[457.679s][info][gc,start       ] GC(709) Pause Full (Ergonomics)
[457.679s][info][gc,phases,start] GC(709) Marking Phase
[457.709s][info][gc,phases      ] GC(709) Marking Phase 29.689ms
[457.709s][info][gc,phases,start] GC(709) Summary Phase
[457.709s][info][gc,phases      ] GC(709) Summary Phase 0.064ms
[457.709s][info][gc,phases,start] GC(709) Adjust Roots
[457.709s][info][gc,phases      ] GC(709) Adjust Roots 0.559ms
[457.709s][info][gc,phases,start] GC(709) Compaction Phase
[457.840s][info][gc,phases      ] GC(709) Compaction Phase 130.645ms
[457.840s][info][gc,phases,start] GC(709) Post Compact
[457.847s][info][gc,phases      ] GC(709) Post Compact 6.860ms
[457.847s][info][gc,heap        ] GC(709) PSYoungGen: 1048576K(1223168K)->72948K(1223168K) Eden: 1048576K(1048576K)->72948K(1048576K) From: 0K(174592K)->0K(174592K)
[457.847s][info][gc,heap        ] GC(709) ParOldGen: 2796510K(2796544K)->2796518K(2796544K)
[457.847s][info][gc,metaspace   ] GC(709) Metaspace: 10574K(10816K)->10574K(10816K) NonClass: 9538K(9664K)->9538K(9664K) Class: 1035K(1152K)->1035K(1152K)
[457.847s][info][gc             ] GC(709) Pause Full (Ergonomics) 3754M->2802M(3925M) 168.180ms
[457.847s][info][gc,cpu         ] GC(709) User=1.31s Sys=0.00s Real=0.17s
[458.310s][info][gc,start       ] GC(710) Pause Full (Ergonomics)
[458.311s][info][gc,phases,start] GC(710) Marking Phase
[458.341s][info][gc,phases      ] GC(710) Marking Phase 30.098ms
[458.341s][info][gc,phases,start] GC(710) Summary Phase
[458.341s][info][gc,phases      ] GC(710) Summary Phase 0.064ms
[458.341s][info][gc,phases,start] GC(710) Adjust Roots
[458.341s][info][gc,phases      ] GC(710) Adjust Roots 0.567ms
[458.341s][info][gc,phases,start] GC(710) Compaction Phase
[458.472s][info][gc,phases      ] GC(710) Compaction Phase 130.849ms
[458.472s][info][gc,phases,start] GC(710) Post Compact
[458.482s][info][gc,phases      ] GC(710) Post Compact 9.892ms
[458.482s][info][gc,heap        ] GC(710) PSYoungGen: 1048576K(1223168K)->72968K(1223168K) Eden: 1048576K(1048576K)->72968K(1048576K) From: 0K(174592K)->0K(174592K)
[458.482s][info][gc,heap        ] GC(710) ParOldGen: 2796518K(2796544K)->2796498K(2796544K)
[458.482s][info][gc,metaspace   ] GC(710) Metaspace: 10574K(10816K)->10574K(10816K) NonClass: 9538K(9664K)->9538K(9664K) Class: 1035K(1152K)->1035K(1152K)
[458.482s][info][gc             ] GC(710) Pause Full (Ergonomics) 3754M->2802M(3925M) 171.801ms
[458.482s][info][gc,cpu         ] GC(710) User=1.31s Sys=0.00s Real=0.18s
[458.950s][info][gc,start       ] GC(711) Pause Full (Ergonomics)
[458.950s][info][gc,phases,start] GC(711) Marking Phase
[458.981s][info][gc,phases      ] GC(711) Marking Phase 30.881ms
[458.981s][info][gc,phases,start] GC(711) Summary Phase
[458.981s][info][gc,phases      ] GC(711) Summary Phase 0.063ms
[458.981s][info][gc,phases,start] GC(711) Adjust Roots
[458.982s][info][gc,phases      ] GC(711) Adjust Roots 0.799ms
[458.982s][info][gc,phases,start] GC(711) Compaction Phase
[459.113s][info][gc,phases      ] GC(711) Compaction Phase 131.429ms
[459.113s][info][gc,phases,start] GC(711) Post Compact
[459.120s][info][gc,phases      ] GC(711) Post Compact 6.678ms
[459.120s][info][gc,heap        ] GC(711) PSYoungGen: 1048576K(1223168K)->72984K(1223168K) Eden: 1048576K(1048576K)->72984K(1048576K) From: 0K(174592K)->0K(174592K)
[459.120s][info][gc,heap        ] GC(711) ParOldGen: 2796498K(2796544K)->2796482K(2796544K)
[459.120s][info][gc,metaspace   ] GC(711) Metaspace: 10574K(10816K)->10574K(10816K) NonClass: 9538K(9664K)->9538K(9664K) Class: 1035K(1152K)->1035K(1152K)
[459.120s][info][gc             ] GC(711) Pause Full (Ergonomics) 3754M->2802M(3925M) 170.182ms
[459.120s][info][gc,cpu         ] GC(711) User=1.31s Sys=0.00s Real=0.17s
[459.584s][info][gc,start       ] GC(712) Pause Full (Ergonomics)
[459.584s][info][gc,phases,start] GC(712) Marking Phase
[459.614s][info][gc,phases      ] GC(712) Marking Phase 30.527ms
[459.614s][info][gc,phases,start] GC(712) Summary Phase
[459.615s][info][gc,phases      ] GC(712) Summary Phase 0.064ms
[459.615s][info][gc,phases,start] GC(712) Adjust Roots
[459.615s][info][gc,phases      ] GC(712) Adjust Roots 0.556ms
[459.615s][info][gc,phases,start] GC(712) Compaction Phase
[459.747s][info][gc,phases      ] GC(712) Compaction Phase 131.424ms
[459.747s][info][gc,phases,start] GC(712) Post Compact
[459.754s][info][gc,phases      ] GC(712) Post Compact 7.573ms
[459.754s][info][gc,heap        ] GC(712) PSYoungGen: 1048576K(1223168K)->72948K(1223168K) Eden: 1048576K(1048576K)->72948K(1048576K) From: 0K(174592K)->0K(174592K)
[459.754s][info][gc,heap        ] GC(712) ParOldGen: 2796482K(2796544K)->2796518K(2796544K)
[459.754s][info][gc,metaspace   ] GC(712) Metaspace: 10574K(10816K)->10574K(10816K) NonClass: 9538K(9664K)->9538K(9664K) Class: 1035K(1152K)->1035K(1152K)
[459.754s][info][gc             ] GC(712) Pause Full (Ergonomics) 3754M->2802M(3925M) 170.484ms
[459.754s][info][gc,cpu         ] GC(712) User=1.31s Sys=0.00s Real=0.17s
[460.218s][info][gc,start       ] GC(713) Pause Full (Ergonomics)
[460.218s][info][gc,phases,start] GC(713) Marking Phase
[460.249s][info][gc,phases      ] GC(713) Marking Phase 31.061ms
[460.249s][info][gc,phases,start] GC(713) Summary Phase
[460.249s][info][gc,phases      ] GC(713) Summary Phase 0.064ms
[460.249s][info][gc,phases,start] GC(713) Adjust Roots
[460.249s][info][gc,phases      ] GC(713) Adjust Roots 0.432ms
[460.249s][info][gc,phases,start] GC(713) Compaction Phase
[460.380s][info][gc,phases      ] GC(713) Compaction Phase 130.097ms
[460.380s][info][gc,phases,start] GC(713) Post Compact
[460.390s][info][gc,phases      ] GC(713) Post Compact 10.811ms
[460.391s][info][gc,heap        ] GC(713) PSYoungGen: 1048576K(1223168K)->72960K(1223168K) Eden: 1048576K(1048576K)->72960K(1048576K) From: 0K(174592K)->0K(174592K)
[460.391s][info][gc,heap        ] GC(713) ParOldGen: 2796518K(2796544K)->2796506K(2796544K)
[460.391s][info][gc,metaspace   ] GC(713) Metaspace: 10574K(10816K)->10574K(10816K) NonClass: 9538K(9664K)->9538K(9664K) Class: 1035K(1152K)->1035K(1152K)
[460.391s][info][gc             ] GC(713) Pause Full (Ergonomics) 3754M->2802M(3925M) 172.806ms
[460.391s][info][gc,cpu         ] GC(713) User=1.31s Sys=0.00s Real=0.17s
[460.853s][info][gc,start       ] GC(714) Pause Full (Ergonomics)
[460.853s][info][gc,phases,start] GC(714) Marking Phase
[460.883s][info][gc,phases      ] GC(714) Marking Phase 29.591ms
[460.883s][info][gc,phases,start] GC(714) Summary Phase
[460.883s][info][gc,phases      ] GC(714) Summary Phase 0.064ms
[460.883s][info][gc,phases,start] GC(714) Adjust Roots
[460.883s][info][gc,phases      ] GC(714) Adjust Roots 0.406ms
[460.883s][info][gc,phases,start] GC(714) Compaction Phase
[461.015s][info][gc,phases      ] GC(714) Compaction Phase 131.539ms
[461.015s][info][gc,phases,start] GC(714) Post Compact
[461.023s][info][gc,phases      ] GC(714) Post Compact 8.376ms
[461.024s][info][gc,heap        ] GC(714) PSYoungGen: 1048576K(1223168K)->72923K(1223168K) Eden: 1048576K(1048576K)->72923K(1048576K) From: 0K(174592K)->0K(174592K)
[461.024s][info][gc,heap        ] GC(714) ParOldGen: 2796506K(2796544K)->2796543K(2796544K)
[461.024s][info][gc,metaspace   ] GC(714) Metaspace: 10574K(10816K)->10574K(10816K) NonClass: 9538K(9664K)->9538K(9664K) Class: 1035K(1152K)->1035K(1152K)
[461.024s][info][gc             ] GC(714) Pause Full (Ergonomics) 3754M->2802M(3925M) 170.322ms
[461.024s][info][gc,cpu         ] GC(714) User=1.30s Sys=0.00s Real=0.18s
[461.493s][info][gc,start       ] GC(715) Pause Full (Ergonomics)
[461.493s][info][gc,phases,start] GC(715) Marking Phase
[461.523s][info][gc,phases      ] GC(715) Marking Phase 29.666ms
[461.523s][info][gc,phases,start] GC(715) Summary Phase
[461.523s][info][gc,phases      ] GC(715) Summary Phase 0.063ms
[461.523s][info][gc,phases,start] GC(715) Adjust Roots
[461.524s][info][gc,phases      ] GC(715) Adjust Roots 0.556ms
[461.524s][info][gc,phases,start] GC(715) Compaction Phase
[461.654s][info][gc,phases      ] GC(715) Compaction Phase 130.548ms
[461.654s][info][gc,phases,start] GC(715) Post Compact
[461.663s][info][gc,phases      ] GC(715) Post Compact 9.039ms
[461.663s][info][gc,heap        ] GC(715) PSYoungGen: 1048576K(1223168K)->72948K(1223168K) Eden: 1048576K(1048576K)->72948K(1048576K) From: 0K(174592K)->0K(174592K)
[461.663s][info][gc,heap        ] GC(715) ParOldGen: 2796543K(2796544K)->2796518K(2796544K)
[461.663s][info][gc,metaspace   ] GC(715) Metaspace: 10574K(10816K)->10574K(10816K) NonClass: 9538K(9664K)->9538K(9664K) Class: 1035K(1152K)->1035K(1152K)
[461.663s][info][gc             ] GC(715) Pause Full (Ergonomics) 3754M->2802M(3925M) 170.203ms
[461.663s][info][gc,cpu         ] GC(715) User=1.30s Sys=0.00s Real=0.18s
[462.129s][info][gc,start       ] GC(716) Pause Full (Ergonomics)
[462.129s][info][gc,phases,start] GC(716) Marking Phase
[462.159s][info][gc,phases      ] GC(716) Marking Phase 30.070ms
[462.159s][info][gc,phases,start] GC(716) Summary Phase
[462.159s][info][gc,phases      ] GC(716) Summary Phase 0.064ms
[462.159s][info][gc,phases,start] GC(716) Adjust Roots
[462.160s][info][gc,phases      ] GC(716) Adjust Roots 0.404ms
[462.160s][info][gc,phases,start] GC(716) Compaction Phase
[462.290s][info][gc,phases      ] GC(716) Compaction Phase 130.823ms
[462.291s][info][gc,phases,start] GC(716) Post Compact
[462.300s][info][gc,phases      ] GC(716) Post Compact 9.923ms
[462.301s][info][gc,heap        ] GC(716) PSYoungGen: 1048576K(1223168K)->72956K(1223168K) Eden: 1048576K(1048576K)->72956K(1048576K) From: 0K(174592K)->0K(174592K)
[462.301s][info][gc,heap        ] GC(716) ParOldGen: 2796518K(2796544K)->2796510K(2796544K)
[462.301s][info][gc,metaspace   ] GC(716) Metaspace: 10574K(10816K)->10574K(10816K) NonClass: 9538K(9664K)->9538K(9664K) Class: 1035K(1152K)->1035K(1152K)
[462.301s][info][gc             ] GC(716) Pause Full (Ergonomics) 3754M->2802M(3925M) 171.640ms
[462.301s][info][gc,cpu         ] GC(716) User=1.31s Sys=0.00s Real=0.17s
[462.769s][info][gc,start       ] GC(717) Pause Full (Ergonomics)
[462.769s][info][gc,phases,start] GC(717) Marking Phase
[462.800s][info][gc,phases      ] GC(717) Marking Phase 31.333ms
[462.800s][info][gc,phases,start] GC(717) Summary Phase
[462.800s][info][gc,phases      ] GC(717) Summary Phase 0.063ms
[462.800s][info][gc,phases,start] GC(717) Adjust Roots
[462.801s][info][gc,phases      ] GC(717) Adjust Roots 0.407ms
[462.801s][info][gc,phases,start] GC(717) Compaction Phase
[462.931s][info][gc,phases      ] GC(717) Compaction Phase 130.738ms
[462.931s][info][gc,phases,start] GC(717) Post Compact
[462.943s][info][gc,phases      ] GC(717) Post Compact 11.317ms
[462.943s][info][gc,heap        ] GC(717) PSYoungGen: 1048576K(1223168K)->72976K(1223168K) Eden: 1048576K(1048576K)->72976K(1048576K) From: 0K(174592K)->0K(174592K)
[462.943s][info][gc,heap        ] GC(717) ParOldGen: 2796510K(2796544K)->2796490K(2796544K)
[462.943s][info][gc,metaspace   ] GC(717) Metaspace: 10574K(10816K)->10574K(10816K) NonClass: 9538K(9664K)->9538K(9664K) Class: 1035K(1152K)->1035K(1152K)
[462.943s][info][gc             ] GC(717) Pause Full (Ergonomics) 3754M->2802M(3925M) 174.196ms
[462.943s][info][gc,cpu         ] GC(717) User=1.31s Sys=0.00s Real=0.18s
[463.410s][info][gc,start       ] GC(718) Pause Full (Ergonomics)
[463.410s][info][gc,phases,start] GC(718) Marking Phase
[463.441s][info][gc,phases      ] GC(718) Marking Phase 31.696ms
[463.441s][info][gc,phases,start] GC(718) Summary Phase
[463.441s][info][gc,phases      ] GC(718) Summary Phase 0.076ms
[463.441s][info][gc,phases,start] GC(718) Adjust Roots
[463.442s][info][gc,phases      ] GC(718) Adjust Roots 0.404ms
[463.442s][info][gc,phases,start] GC(718) Compaction Phase
[463.569s][info][gc,phases      ] GC(718) Compaction Phase 127.296ms
[463.569s][info][gc,phases,start] GC(718) Post Compact
[463.578s][info][gc,phases      ] GC(718) Post Compact 8.504ms
[463.578s][info][gc,heap        ] GC(718) PSYoungGen: 1048576K(1223168K)->72980K(1223168K) Eden: 1048576K(1048576K)->72980K(1048576K) From: 0K(174592K)->0K(174592K)
[463.578s][info][gc,heap        ] GC(718) ParOldGen: 2796490K(2796544K)->2796486K(2796544K)
[463.578s][info][gc,metaspace   ] GC(718) Metaspace: 10574K(10816K)->10574K(10816K) NonClass: 9538K(9664K)->9538K(9664K) Class: 1035K(1152K)->1035K(1152K)
[463.578s][info][gc             ] GC(718) Pause Full (Ergonomics) 3754M->2802M(3925M) 168.295ms
[463.578s][info][gc,cpu         ] GC(718) User=1.30s Sys=0.00s Real=0.17s
[464.048s][info][gc,start       ] GC(719) Pause Full (Ergonomics)
[464.048s][info][gc,phases,start] GC(719) Marking Phase
[464.079s][info][gc,phases      ] GC(719) Marking Phase 30.145ms
[464.079s][info][gc,phases,start] GC(719) Summary Phase
[464.079s][info][gc,phases      ] GC(719) Summary Phase 0.064ms
[464.079s][info][gc,phases,start] GC(719) Adjust Roots
[464.079s][info][gc,phases      ] GC(719) Adjust Roots 0.556ms
[464.079s][info][gc,phases,start] GC(719) Compaction Phase
[464.210s][info][gc,phases      ] GC(719) Compaction Phase 131.046ms
[464.210s][info][gc,phases,start] GC(719) Post Compact
[464.218s][info][gc,phases      ] GC(719) Post Compact 7.368ms
[464.218s][info][gc,heap        ] GC(719) PSYoungGen: 1048576K(1223168K)->72968K(1223168K) Eden: 1048576K(1048576K)->72968K(1048576K) From: 0K(174592K)->0K(174592K)
[464.218s][info][gc,heap        ] GC(719) ParOldGen: 2796486K(2796544K)->2796498K(2796544K)
[464.218s][info][gc,metaspace   ] GC(719) Metaspace: 10574K(10816K)->10574K(10816K) NonClass: 9538K(9664K)->9538K(9664K) Class: 1035K(1152K)->1035K(1152K)
[464.218s][info][gc             ] GC(719) Pause Full (Ergonomics) 3754M->2802M(3925M) 169.539ms
[464.218s][info][gc,cpu         ] GC(719) User=1.30s Sys=0.01s Real=0.17s
[464.683s][info][gc,start       ] GC(720) Pause Full (Ergonomics)
[464.683s][info][gc,phases,start] GC(720) Marking Phase
[464.714s][info][gc,phases      ] GC(720) Marking Phase 30.535ms
[464.714s][info][gc,phases,start] GC(720) Summary Phase
[464.714s][info][gc,phases      ] GC(720) Summary Phase 0.065ms
[464.714s][info][gc,phases,start] GC(720) Adjust Roots
[464.714s][info][gc,phases      ] GC(720) Adjust Roots 0.560ms
[464.714s][info][gc,phases,start] GC(720) Compaction Phase
[464.846s][info][gc,phases      ] GC(720) Compaction Phase 131.337ms
[464.846s][info][gc,phases,start] GC(720) Post Compact
[464.853s][info][gc,phases      ] GC(720) Post Compact 6.732ms
[464.853s][info][gc,heap        ] GC(720) PSYoungGen: 1048576K(1223168K)->72968K(1223168K) Eden: 1048576K(1048576K)->72968K(1048576K) From: 0K(174592K)->0K(174592K)
[464.853s][info][gc,heap        ] GC(720) ParOldGen: 2796498K(2796544K)->2796498K(2796544K)
[464.853s][info][gc,metaspace   ] GC(720) Metaspace: 10574K(10816K)->10574K(10816K) NonClass: 9538K(9664K)->9538K(9664K) Class: 1035K(1152K)->1035K(1152K)
[464.853s][info][gc             ] GC(720) Pause Full (Ergonomics) 3754M->2802M(3925M) 169.558ms
[464.853s][info][gc,cpu         ] GC(720) User=1.30s Sys=0.00s Real=0.16s
[465.325s][info][gc,start       ] GC(721) Pause Full (Ergonomics)
[465.326s][info][gc,phases,start] GC(721) Marking Phase
[465.357s][info][gc,phases      ] GC(721) Marking Phase 31.308ms
[465.357s][info][gc,phases,start] GC(721) Summary Phase
[465.357s][info][gc,phases      ] GC(721) Summary Phase 0.064ms
[465.357s][info][gc,phases,start] GC(721) Adjust Roots
[465.358s][info][gc,phases      ] GC(721) Adjust Roots 0.566ms
[465.358s][info][gc,phases,start] GC(721) Compaction Phase
[465.489s][info][gc,phases      ] GC(721) Compaction Phase 131.276ms
[465.489s][info][gc,phases,start] GC(721) Post Compact
[465.497s][info][gc,phases      ] GC(721) Post Compact 8.067ms
[465.497s][info][gc,heap        ] GC(721) PSYoungGen: 1048576K(1223168K)->72948K(1223168K) Eden: 1048576K(1048576K)->72948K(1048576K) From: 0K(174592K)->0K(174592K)
[465.497s][info][gc,heap        ] GC(721) ParOldGen: 2796498K(2796544K)->2796518K(2796544K)
[465.497s][info][gc,metaspace   ] GC(721) Metaspace: 10574K(10816K)->10574K(10816K) NonClass: 9538K(9664K)->9538K(9664K) Class: 1035K(1152K)->1035K(1152K)
[465.497s][info][gc             ] GC(721) Pause Full (Ergonomics) 3754M->2802M(3925M) 171.621ms
[465.497s][info][gc,cpu         ] GC(721) User=1.31s Sys=0.00s Real=0.17s
[465.964s][info][gc,start       ] GC(722) Pause Full (Ergonomics)
[465.964s][info][gc,phases,start] GC(722) Marking Phase
[465.994s][info][gc,phases      ] GC(722) Marking Phase 30.441ms
[465.994s][info][gc,phases,start] GC(722) Summary Phase
[465.994s][info][gc,phases      ] GC(722) Summary Phase 0.064ms
[465.994s][info][gc,phases,start] GC(722) Adjust Roots
[465.995s][info][gc,phases      ] GC(722) Adjust Roots 0.405ms
[465.995s][info][gc,phases,start] GC(722) Compaction Phase
[466.127s][info][gc,phases      ] GC(722) Compaction Phase 132.114ms
[466.127s][info][gc,phases,start] GC(722) Post Compact
[466.135s][info][gc,phases      ] GC(722) Post Compact 7.610ms
[466.135s][info][gc,heap        ] GC(722) PSYoungGen: 1048576K(1223168K)->72956K(1223168K) Eden: 1048576K(1048576K)->72956K(1048576K) From: 0K(174592K)->0K(174592K)
[466.135s][info][gc,heap        ] GC(722) ParOldGen: 2796518K(2796544K)->2796510K(2796544K)
[466.135s][info][gc,metaspace   ] GC(722) Metaspace: 10574K(10816K)->10574K(10816K) NonClass: 9538K(9664K)->9538K(9664K) Class: 1035K(1152K)->1035K(1152K)
[466.135s][info][gc             ] GC(722) Pause Full (Ergonomics) 3754M->2802M(3925M) 170.998ms
[466.135s][info][gc,cpu         ] GC(722) User=1.31s Sys=0.00s Real=0.17s
[466.610s][info][gc,start       ] GC(723) Pause Full (Ergonomics)
[466.611s][info][gc,phases,start] GC(723) Marking Phase
[466.642s][info][gc,phases      ] GC(723) Marking Phase 31.400ms
[466.642s][info][gc,phases,start] GC(723) Summary Phase
[466.642s][info][gc,phases      ] GC(723) Summary Phase 0.064ms
[466.642s][info][gc,phases,start] GC(723) Adjust Roots
[466.643s][info][gc,phases      ] GC(723) Adjust Roots 0.451ms
[466.643s][info][gc,phases,start] GC(723) Compaction Phase
[466.774s][info][gc,phases      ] GC(723) Compaction Phase 131.674ms
[466.774s][info][gc,phases,start] GC(723) Post Compact
[466.784s][info][gc,phases      ] GC(723) Post Compact 9.445ms
[466.784s][info][gc,heap        ] GC(723) PSYoungGen: 1048576K(1223168K)->72944K(1223168K) Eden: 1048576K(1048576K)->72944K(1048576K) From: 0K(174592K)->0K(174592K)
[466.784s][info][gc,heap        ] GC(723) ParOldGen: 2796510K(2796544K)->2796522K(2796544K)
[466.784s][info][gc,metaspace   ] GC(723) Metaspace: 10574K(10816K)->10574K(10816K) NonClass: 9538K(9664K)->9538K(9664K) Class: 1035K(1152K)->1035K(1152K)
[466.784s][info][gc             ] GC(723) Pause Full (Ergonomics) 3754M->2802M(3925M) 173.366ms
[466.784s][info][gc,cpu         ] GC(723) User=1.31s Sys=0.00s Real=0.18s
[467.253s][info][gc,start       ] GC(724) Pause Full (Ergonomics)
[467.253s][info][gc,phases,start] GC(724) Marking Phase
[467.283s][info][gc,phases      ] GC(724) Marking Phase 29.806ms
[467.283s][info][gc,phases,start] GC(724) Summary Phase
[467.283s][info][gc,phases      ] GC(724) Summary Phase 0.065ms
[467.283s][info][gc,phases,start] GC(724) Adjust Roots
[467.284s][info][gc,phases      ] GC(724) Adjust Roots 0.408ms
[467.284s][info][gc,phases,start] GC(724) Compaction Phase
[467.415s][info][gc,phases      ] GC(724) Compaction Phase 131.234ms
[467.415s][info][gc,phases,start] GC(724) Post Compact
[467.425s][info][gc,phases      ] GC(724) Post Compact 9.981ms
[467.425s][info][gc,heap        ] GC(724) PSYoungGen: 1048576K(1223168K)->72960K(1223168K) Eden: 1048576K(1048576K)->72960K(1048576K) From: 0K(174592K)->0K(174592K)
[467.425s][info][gc,heap        ] GC(724) ParOldGen: 2796522K(2796544K)->2796506K(2796544K)
[467.425s][info][gc,metaspace   ] GC(724) Metaspace: 10574K(10816K)->10574K(10816K) NonClass: 9538K(9664K)->9538K(9664K) Class: 1035K(1152K)->1035K(1152K)
[467.425s][info][gc             ] GC(724) Pause Full (Ergonomics) 3754M->2802M(3925M) 171.832ms
[467.425s][info][gc,cpu         ] GC(724) User=1.31s Sys=0.00s Real=0.18s
[467.892s][info][gc,start       ] GC(725) Pause Full (Ergonomics)
[467.892s][info][gc,phases,start] GC(725) Marking Phase
[467.922s][info][gc,phases      ] GC(725) Marking Phase 30.253ms
[467.922s][info][gc,phases,start] GC(725) Summary Phase
[467.922s][info][gc,phases      ] GC(725) Summary Phase 0.063ms
[467.922s][info][gc,phases,start] GC(725) Adjust Roots
[467.923s][info][gc,phases      ] GC(725) Adjust Roots 0.403ms
[467.923s][info][gc,phases,start] GC(725) Compaction Phase
[468.053s][info][gc,phases      ] GC(725) Compaction Phase 130.675ms
[468.053s][info][gc,phases,start] GC(725) Post Compact
[468.062s][info][gc,phases      ] GC(725) Post Compact 8.995ms
[468.063s][info][gc,heap        ] GC(725) PSYoungGen: 1048576K(1223168K)->72948K(1223168K) Eden: 1048576K(1048576K)->72948K(1048576K) From: 0K(174592K)->0K(174592K)
[468.063s][info][gc,heap        ] GC(725) ParOldGen: 2796506K(2796544K)->2796518K(2796544K)
[468.063s][info][gc,metaspace   ] GC(725) Metaspace: 10574K(10816K)->10574K(10816K) NonClass: 9538K(9664K)->9538K(9664K) Class: 1035K(1152K)->1035K(1152K)
[468.063s][info][gc             ] GC(725) Pause Full (Ergonomics) 3754M->2802M(3925M) 170.725ms
[468.063s][info][gc,cpu         ] GC(725) User=1.31s Sys=0.00s Real=0.18s
[468.525s][info][gc,start       ] GC(726) Pause Full (Ergonomics)
[468.525s][info][gc,phases,start] GC(726) Marking Phase
[468.554s][info][gc,phases      ] GC(726) Marking Phase 29.590ms
[468.554s][info][gc,phases,start] GC(726) Summary Phase
[468.555s][info][gc,phases      ] GC(726) Summary Phase 0.069ms
[468.555s][info][gc,phases,start] GC(726) Adjust Roots
[468.555s][info][gc,phases      ] GC(726) Adjust Roots 0.419ms
[468.555s][info][gc,phases,start] GC(726) Compaction Phase
[468.687s][info][gc,phases      ] GC(726) Compaction Phase 132.051ms
[468.687s][info][gc,phases,start] GC(726) Post Compact
[468.695s][info][gc,phases      ] GC(726) Post Compact 8.220ms
[468.695s][info][gc,heap        ] GC(726) PSYoungGen: 1048576K(1223168K)->72972K(1223168K) Eden: 1048576K(1048576K)->72972K(1048576K) From: 0K(174592K)->0K(174592K)
[468.695s][info][gc,heap        ] GC(726) ParOldGen: 2796518K(2796544K)->2796494K(2796544K)
[468.695s][info][gc,metaspace   ] GC(726) Metaspace: 10574K(10816K)->10574K(10816K) NonClass: 9538K(9664K)->9538K(9664K) Class: 1035K(1152K)->1035K(1152K)
[468.695s][info][gc             ] GC(726) Pause Full (Ergonomics) 3754M->2802M(3925M) 170.679ms
[468.695s][info][gc,cpu         ] GC(726) User=1.31s Sys=0.00s Real=0.17s
[469.166s][info][gc,start       ] GC(727) Pause Full (Ergonomics)
[469.166s][info][gc,phases,start] GC(727) Marking Phase
[469.197s][info][gc,phases      ] GC(727) Marking Phase 31.074ms
[469.197s][info][gc,phases,start] GC(727) Summary Phase
[469.197s][info][gc,phases      ] GC(727) Summary Phase 0.065ms
[469.197s][info][gc,phases,start] GC(727) Adjust Roots
[469.198s][info][gc,phases      ] GC(727) Adjust Roots 0.560ms
[469.198s][info][gc,phases,start] GC(727) Compaction Phase
[469.326s][info][gc,phases      ] GC(727) Compaction Phase 128.442ms
[469.326s][info][gc,phases,start] GC(727) Post Compact
[469.333s][info][gc,phases      ] GC(727) Post Compact 6.394ms
[469.333s][info][gc,heap        ] GC(727) PSYoungGen: 1048576K(1223168K)->72964K(1223168K) Eden: 1048576K(1048576K)->72964K(1048576K) From: 0K(174592K)->0K(174592K)
[469.333s][info][gc,heap        ] GC(727) ParOldGen: 2796494K(2796544K)->2796502K(2796544K)
[469.333s][info][gc,metaspace   ] GC(727) Metaspace: 10574K(10816K)->10574K(10816K) NonClass: 9538K(9664K)->9538K(9664K) Class: 1035K(1152K)->1035K(1152K)
[469.333s][info][gc             ] GC(727) Pause Full (Ergonomics) 3754M->2802M(3925M) 166.858ms
[469.333s][info][gc,cpu         ] GC(727) User=1.30s Sys=0.00s Real=0.16s
[469.805s][info][gc,start       ] GC(728) Pause Full (Ergonomics)
[469.805s][info][gc,phases,start] GC(728) Marking Phase
[469.835s][info][gc,phases      ] GC(728) Marking Phase 29.671ms
[469.835s][info][gc,phases,start] GC(728) Summary Phase
[469.835s][info][gc,phases      ] GC(728) Summary Phase 0.064ms
[469.835s][info][gc,phases,start] GC(728) Adjust Roots
[469.836s][info][gc,phases      ] GC(728) Adjust Roots 0.406ms
[469.836s][info][gc,phases,start] GC(728) Compaction Phase
[469.967s][info][gc,phases      ] GC(728) Compaction Phase 131.362ms
[469.967s][info][gc,phases,start] GC(728) Post Compact
[469.978s][info][gc,phases      ] GC(728) Post Compact 11.143ms
[469.978s][info][gc,heap        ] GC(728) PSYoungGen: 1048576K(1223168K)->72992K(1223168K) Eden: 1048576K(1048576K)->72992K(1048576K) From: 0K(174592K)->0K(174592K)
[469.978s][info][gc,heap        ] GC(728) ParOldGen: 2796502K(2796544K)->2796474K(2796544K)
[469.978s][info][gc,metaspace   ] GC(728) Metaspace: 10574K(10816K)->10574K(10816K) NonClass: 9538K(9664K)->9538K(9664K) Class: 1035K(1152K)->1035K(1152K)
[469.978s][info][gc             ] GC(728) Pause Full (Ergonomics) 3754M->2802M(3925M) 172.986ms
[469.978s][info][gc,cpu         ] GC(728) User=1.31s Sys=0.00s Real=0.17s
[470.449s][info][gc,start       ] GC(729) Pause Full (Ergonomics)
[470.449s][info][gc,phases,start] GC(729) Marking Phase
[470.480s][info][gc,phases      ] GC(729) Marking Phase 30.620ms
[470.480s][info][gc,phases,start] GC(729) Summary Phase
[470.480s][info][gc,phases      ] GC(729) Summary Phase 0.064ms
[470.480s][info][gc,phases,start] GC(729) Adjust Roots
[470.481s][info][gc,phases      ] GC(729) Adjust Roots 0.562ms
[470.481s][info][gc,phases,start] GC(729) Compaction Phase
[470.613s][info][gc,phases      ] GC(729) Compaction Phase 131.864ms
[470.613s][info][gc,phases,start] GC(729) Post Compact
[470.621s][info][gc,phases      ] GC(729) Post Compact 7.761ms
[470.621s][info][gc,heap        ] GC(729) PSYoungGen: 1048576K(1223168K)->72972K(1223168K) Eden: 1048576K(1048576K)->72972K(1048576K) From: 0K(174592K)->0K(174592K)
[470.621s][info][gc,heap        ] GC(729) ParOldGen: 2796474K(2796544K)->2796494K(2796544K)
[470.621s][info][gc,metaspace   ] GC(729) Metaspace: 10574K(10816K)->10574K(10816K) NonClass: 9538K(9664K)->9538K(9664K) Class: 1035K(1152K)->1035K(1152K)
[470.621s][info][gc             ] GC(729) Pause Full (Ergonomics) 3754M->2802M(3925M) 171.227ms
[470.621s][info][gc,cpu         ] GC(729) User=1.31s Sys=0.01s Real=0.17s
[471.099s][info][gc,start       ] GC(730) Pause Full (Ergonomics)
[471.099s][info][gc,phases,start] GC(730) Marking Phase
[471.133s][info][gc,phases      ] GC(730) Marking Phase 33.734ms
[471.133s][info][gc,phases,start] GC(730) Summary Phase
[471.133s][info][gc,phases      ] GC(730) Summary Phase 0.064ms
[471.133s][info][gc,phases,start] GC(730) Adjust Roots
[471.134s][info][gc,phases      ] GC(730) Adjust Roots 0.566ms
[471.134s][info][gc,phases,start] GC(730) Compaction Phase
[471.265s][info][gc,phases      ] GC(730) Compaction Phase 130.986ms
[471.265s][info][gc,phases,start] GC(730) Post Compact
[471.272s][info][gc,phases      ] GC(730) Post Compact 7.689ms
[471.272s][info][gc,heap        ] GC(730) PSYoungGen: 1048576K(1223168K)->72980K(1223168K) Eden: 1048576K(1048576K)->72980K(1048576K) From: 0K(174592K)->0K(174592K)
[471.272s][info][gc,heap        ] GC(730) ParOldGen: 2796494K(2796544K)->2796486K(2796544K)
[471.272s][info][gc,metaspace   ] GC(730) Metaspace: 10574K(10816K)->10574K(10816K) NonClass: 9538K(9664K)->9538K(9664K) Class: 1035K(1152K)->1035K(1152K)
[471.272s][info][gc             ] GC(730) Pause Full (Ergonomics) 3754M->2802M(3925M) 173.384ms
[471.272s][info][gc,cpu         ] GC(730) User=1.31s Sys=0.00s Real=0.17s
[471.734s][info][gc,start       ] GC(731) Pause Full (Ergonomics)
[471.734s][info][gc,phases,start] GC(731) Marking Phase
[471.764s][info][gc,phases      ] GC(731) Marking Phase 29.707ms
[471.764s][info][gc,phases,start] GC(731) Summary Phase
[471.764s][info][gc,phases      ] GC(731) Summary Phase 0.063ms
[471.764s][info][gc,phases,start] GC(731) Adjust Roots
[471.765s][info][gc,phases      ] GC(731) Adjust Roots 0.558ms
[471.765s][info][gc,phases,start] GC(731) Compaction Phase
[471.895s][info][gc,phases      ] GC(731) Compaction Phase 130.092ms
[471.895s][info][gc,phases,start] GC(731) Post Compact
[471.905s][info][gc,phases      ] GC(731) Post Compact 10.375ms
[471.905s][info][gc,heap        ] GC(731) PSYoungGen: 1048576K(1223168K)->72956K(1223168K) Eden: 1048576K(1048576K)->72956K(1048576K) From: 0K(174592K)->0K(174592K)
[471.905s][info][gc,heap        ] GC(731) ParOldGen: 2796486K(2796544K)->2796510K(2796544K)
[471.905s][info][gc,metaspace   ] GC(731) Metaspace: 10574K(10816K)->10574K(10816K) NonClass: 9538K(9664K)->9538K(9664K) Class: 1035K(1152K)->1035K(1152K)
[471.905s][info][gc             ] GC(731) Pause Full (Ergonomics) 3754M->2802M(3925M) 171.137ms
[471.905s][info][gc,cpu         ] GC(731) User=1.29s Sys=0.00s Real=0.17s
[472.374s][info][gc,start       ] GC(732) Pause Full (Ergonomics)
[472.374s][info][gc,phases,start] GC(732) Marking Phase
[472.405s][info][gc,phases      ] GC(732) Marking Phase 30.678ms
[472.405s][info][gc,phases,start] GC(732) Summary Phase
[472.405s][info][gc,phases      ] GC(732) Summary Phase 0.065ms
[472.405s][info][gc,phases,start] GC(732) Adjust Roots
[472.405s][info][gc,phases      ] GC(732) Adjust Roots 0.408ms
[472.405s][info][gc,phases,start] GC(732) Compaction Phase
[472.536s][info][gc,phases      ] GC(732) Compaction Phase 130.922ms
[472.536s][info][gc,phases,start] GC(732) Post Compact
[472.547s][info][gc,phases      ] GC(732) Post Compact 10.281ms
[472.547s][info][gc,heap        ] GC(732) PSYoungGen: 1048576K(1223168K)->72923K(1223168K) Eden: 1048576K(1048576K)->72923K(1048576K) From: 0K(174592K)->0K(174592K)
[472.547s][info][gc,heap        ] GC(732) ParOldGen: 2796510K(2796544K)->2796543K(2796544K)
[472.547s][info][gc,metaspace   ] GC(732) Metaspace: 10574K(10816K)->10574K(10816K) NonClass: 9538K(9664K)->9538K(9664K) Class: 1035K(1152K)->1035K(1152K)
[472.547s][info][gc             ] GC(732) Pause Full (Ergonomics) 3754M->2802M(3925M) 172.778ms
[472.547s][info][gc,cpu         ] GC(732) User=1.31s Sys=0.01s Real=0.17s
[473.023s][info][gc,start       ] GC(733) Pause Full (Ergonomics)
[473.023s][info][gc,phases,start] GC(733) Marking Phase
[473.053s][info][gc,phases      ] GC(733) Marking Phase 29.873ms
[473.053s][info][gc,phases,start] GC(733) Summary Phase
[473.053s][info][gc,phases      ] GC(733) Summary Phase 0.064ms
[473.053s][info][gc,phases,start] GC(733) Adjust Roots
[473.053s][info][gc,phases      ] GC(733) Adjust Roots 0.408ms
[473.053s][info][gc,phases,start] GC(733) Compaction Phase
[473.184s][info][gc,phases      ] GC(733) Compaction Phase 130.902ms
[473.184s][info][gc,phases,start] GC(733) Post Compact
[473.194s][info][gc,phases      ] GC(733) Post Compact 9.530ms
[473.194s][info][gc,heap        ] GC(733) PSYoungGen: 1048576K(1223168K)->72980K(1223168K) Eden: 1048576K(1048576K)->72980K(1048576K) From: 0K(174592K)->0K(174592K)
[473.194s][info][gc,heap        ] GC(733) ParOldGen: 2796543K(2796544K)->2796486K(2796544K)
[473.194s][info][gc,metaspace   ] GC(733) Metaspace: 10574K(10816K)->10574K(10816K) NonClass: 9538K(9664K)->9538K(9664K) Class: 1035K(1152K)->1035K(1152K)
[473.194s][info][gc             ] GC(733) Pause Full (Ergonomics) 3754M->2802M(3925M) 171.110ms
[473.194s][info][gc,cpu         ] GC(733) User=1.31s Sys=0.00s Real=0.17s
[473.655s][info][gc,start       ] GC(734) Pause Full (Ergonomics)
[473.655s][info][gc,phases,start] GC(734) Marking Phase
[473.685s][info][gc,phases      ] GC(734) Marking Phase 30.796ms
[473.686s][info][gc,phases,start] GC(734) Summary Phase
[473.686s][info][gc,phases      ] GC(734) Summary Phase 0.063ms
[473.686s][info][gc,phases,start] GC(734) Adjust Roots
[473.686s][info][gc,phases      ] GC(734) Adjust Roots 0.405ms
[473.686s][info][gc,phases,start] GC(734) Compaction Phase
[473.818s][info][gc,phases      ] GC(734) Compaction Phase 131.611ms
[473.818s][info][gc,phases,start] GC(734) Post Compact
[473.827s][info][gc,phases      ] GC(734) Post Compact 9.002ms
[473.827s][info][gc,heap        ] GC(734) PSYoungGen: 1048576K(1223168K)->72960K(1223168K) Eden: 1048576K(1048576K)->72960K(1048576K) From: 0K(174592K)->0K(174592K)
[473.827s][info][gc,heap        ] GC(734) ParOldGen: 2796486K(2796544K)->2796506K(2796544K)
[473.827s][info][gc,metaspace   ] GC(734) Metaspace: 10574K(10816K)->10574K(10816K) NonClass: 9538K(9664K)->9538K(9664K) Class: 1035K(1152K)->1035K(1152K)
[473.827s][info][gc             ] GC(734) Pause Full (Ergonomics) 3754M->2802M(3925M) 172.202ms
[473.827s][info][gc,cpu         ] GC(734) User=1.31s Sys=0.00s Real=0.17s
[474.294s][info][gc,start       ] GC(735) Pause Full (Ergonomics)
[474.294s][info][gc,phases,start] GC(735) Marking Phase
[474.324s][info][gc,phases      ] GC(735) Marking Phase 29.866ms
[474.324s][info][gc,phases,start] GC(735) Summary Phase
[474.324s][info][gc,phases      ] GC(735) Summary Phase 0.064ms
[474.324s][info][gc,phases,start] GC(735) Adjust Roots
[474.325s][info][gc,phases      ] GC(735) Adjust Roots 0.404ms
[474.325s][info][gc,phases,start] GC(735) Compaction Phase
[474.456s][info][gc,phases      ] GC(735) Compaction Phase 130.608ms
[474.456s][info][gc,phases,start] GC(735) Post Compact
[474.464s][info][gc,phases      ] GC(735) Post Compact 8.789ms
[474.464s][info][gc,heap        ] GC(735) PSYoungGen: 1048576K(1223168K)->72964K(1223168K) Eden: 1048576K(1048576K)->72964K(1048576K) From: 0K(174592K)->0K(174592K)
[474.464s][info][gc,heap        ] GC(735) ParOldGen: 2796506K(2796544K)->2796502K(2796544K)
[474.464s][info][gc,metaspace   ] GC(735) Metaspace: 10574K(10816K)->10574K(10816K) NonClass: 9538K(9664K)->9538K(9664K) Class: 1035K(1152K)->1035K(1152K)
[474.465s][info][gc             ] GC(735) Pause Full (Ergonomics) 3754M->2802M(3925M) 170.091ms
[474.465s][info][gc,cpu         ] GC(735) User=1.31s Sys=0.00s Real=0.17s
[474.935s][info][gc,start       ] GC(736) Pause Full (Ergonomics)
[474.935s][info][gc,phases,start] GC(736) Marking Phase
[474.970s][info][gc,phases      ] GC(736) Marking Phase 34.449ms
[474.970s][info][gc,phases,start] GC(736) Summary Phase
[474.970s][info][gc,phases      ] GC(736) Summary Phase 0.064ms
[474.970s][info][gc,phases,start] GC(736) Adjust Roots
[474.970s][info][gc,phases      ] GC(736) Adjust Roots 0.414ms
[474.970s][info][gc,phases,start] GC(736) Compaction Phase
[475.102s][info][gc,phases      ] GC(736) Compaction Phase 131.661ms
[475.102s][info][gc,phases,start] GC(736) Post Compact
[475.110s][info][gc,phases      ] GC(736) Post Compact 7.676ms
[475.110s][info][gc,heap        ] GC(736) PSYoungGen: 1048576K(1223168K)->72931K(1223168K) Eden: 1048576K(1048576K)->72931K(1048576K) From: 0K(174592K)->0K(174592K)
[475.110s][info][gc,heap        ] GC(736) ParOldGen: 2796502K(2796544K)->2796535K(2796544K)
[475.110s][info][gc,metaspace   ] GC(736) Metaspace: 10574K(10816K)->10574K(10816K) NonClass: 9538K(9664K)->9538K(9664K) Class: 1035K(1152K)->1035K(1152K)
[475.110s][info][gc             ] GC(736) Pause Full (Ergonomics) 3754M->2802M(3925M) 174.604ms
[475.110s][info][gc,cpu         ] GC(736) User=1.30s Sys=0.00s Real=0.17s
[475.583s][info][gc,start       ] GC(737) Pause Full (Ergonomics)
[475.583s][info][gc,phases,start] GC(737) Marking Phase
[475.613s][info][gc,phases      ] GC(737) Marking Phase 29.600ms
[475.613s][info][gc,phases,start] GC(737) Summary Phase
[475.613s][info][gc,phases      ] GC(737) Summary Phase 0.064ms
[475.613s][info][gc,phases,start] GC(737) Adjust Roots
[475.613s][info][gc,phases      ] GC(737) Adjust Roots 0.422ms
[475.613s][info][gc,phases,start] GC(737) Compaction Phase
[475.745s][info][gc,phases      ] GC(737) Compaction Phase 131.425ms
[475.745s][info][gc,phases,start] GC(737) Post Compact
[475.758s][info][gc,phases      ] GC(737) Post Compact 13.323ms
[475.758s][info][gc,heap        ] GC(737) PSYoungGen: 1048576K(1223168K)->73009K(1223168K) Eden: 1048576K(1048576K)->73009K(1048576K) From: 0K(174592K)->0K(174592K)
[475.758s][info][gc,heap        ] GC(737) ParOldGen: 2796535K(2796544K)->2796457K(2796544K)
[475.758s][info][gc,metaspace   ] GC(737) Metaspace: 10574K(10816K)->10574K(10816K) NonClass: 9538K(9664K)->9538K(9664K) Class: 1035K(1152K)->1035K(1152K)
[475.758s][info][gc             ] GC(737) Pause Full (Ergonomics) 3754M->2802M(3925M) 175.191ms
[475.758s][info][gc,cpu         ] GC(737) User=1.31s Sys=0.00s Real=0.17s
[476.225s][info][gc,start       ] GC(738) Pause Full (Ergonomics)
[476.225s][info][gc,phases,start] GC(738) Marking Phase
[476.255s][info][gc,phases      ] GC(738) Marking Phase 30.552ms
[476.255s][info][gc,phases,start] GC(738) Summary Phase
[476.255s][info][gc,phases      ] GC(738) Summary Phase 0.064ms
[476.255s][info][gc,phases,start] GC(738) Adjust Roots
[476.256s][info][gc,phases      ] GC(738) Adjust Roots 0.558ms
[476.256s][info][gc,phases,start] GC(738) Compaction Phase
[476.388s][info][gc,phases      ] GC(738) Compaction Phase 131.974ms
[476.388s][info][gc,phases,start] GC(738) Post Compact
[476.397s][info][gc,phases      ] GC(738) Post Compact 8.806ms
[476.397s][info][gc,heap        ] GC(738) PSYoungGen: 1048576K(1223168K)->72923K(1223168K) Eden: 1048576K(1048576K)->72923K(1048576K) From: 0K(174592K)->0K(174592K)
[476.397s][info][gc,heap        ] GC(738) ParOldGen: 2796457K(2796544K)->2796543K(2796544K)
[476.397s][info][gc,metaspace   ] GC(738) Metaspace: 10574K(10816K)->10574K(10816K) NonClass: 9538K(9664K)->9538K(9664K) Class: 1035K(1152K)->1035K(1152K)
[476.397s][info][gc             ] GC(738) Pause Full (Ergonomics) 3754M->2802M(3925M) 172.293ms
[476.397s][info][gc,cpu         ] GC(738) User=1.31s Sys=0.00s Real=0.17s
[476.863s][info][gc,start       ] GC(739) Pause Full (Ergonomics)
[476.863s][info][gc,phases,start] GC(739) Marking Phase
[476.894s][info][gc,phases      ] GC(739) Marking Phase 30.418ms
[476.894s][info][gc,phases,start] GC(739) Summary Phase
[476.894s][info][gc,phases      ] GC(739) Summary Phase 0.064ms
[476.894s][info][gc,phases,start] GC(739) Adjust Roots
[476.894s][info][gc,phases      ] GC(739) Adjust Roots 0.417ms
[476.894s][info][gc,phases,start] GC(739) Compaction Phase
[477.026s][info][gc,phases      ] GC(739) Compaction Phase 131.475ms
[477.026s][info][gc,phases,start] GC(739) Post Compact
[477.033s][info][gc,phases      ] GC(739) Post Compact 6.949ms
[477.033s][info][gc,heap        ] GC(739) PSYoungGen: 1048576K(1223168K)->72960K(1223168K) Eden: 1048576K(1048576K)->72960K(1048576K) From: 0K(174592K)->0K(174592K)
[477.033s][info][gc,heap        ] GC(739) ParOldGen: 2796543K(2796544K)->2796506K(2796544K)
[477.033s][info][gc,metaspace   ] GC(739) Metaspace: 10574K(10816K)->10574K(10816K) NonClass: 9538K(9664K)->9538K(9664K) Class: 1035K(1152K)->1035K(1152K)
[477.033s][info][gc             ] GC(739) Pause Full (Ergonomics) 3754M->2802M(3925M) 169.674ms
[477.033s][info][gc,cpu         ] GC(739) User=1.31s Sys=0.00s Real=0.16s
[477.491s][info][gc,start       ] GC(740) Pause Full (Ergonomics)
[477.491s][info][gc,phases,start] GC(740) Marking Phase
[477.520s][info][gc,phases      ] GC(740) Marking Phase 29.218ms
[477.520s][info][gc,phases,start] GC(740) Summary Phase
[477.521s][info][gc,phases      ] GC(740) Summary Phase 0.063ms
[477.521s][info][gc,phases,start] GC(740) Adjust Roots
[477.521s][info][gc,phases      ] GC(740) Adjust Roots 0.405ms
[477.521s][info][gc,phases,start] GC(740) Compaction Phase
[477.653s][info][gc,phases      ] GC(740) Compaction Phase 131.543ms
[477.653s][info][gc,phases,start] GC(740) Post Compact
[477.666s][info][gc,phases      ] GC(740) Post Compact 12.905ms
[477.666s][info][gc,heap        ] GC(740) PSYoungGen: 1048576K(1223168K)->72997K(1223168K) Eden: 1048576K(1048576K)->72997K(1048576K) From: 0K(174592K)->0K(174592K)
[477.666s][info][gc,heap        ] GC(740) ParOldGen: 2796506K(2796544K)->2796470K(2796544K)
[477.666s][info][gc,metaspace   ] GC(740) Metaspace: 10574K(10816K)->10574K(10816K) NonClass: 9538K(9664K)->9538K(9664K) Class: 1035K(1152K)->1035K(1152K)
[477.666s][info][gc             ] GC(740) Pause Full (Ergonomics) 3754M->2802M(3925M) 174.491ms
[477.666s][info][gc,cpu         ] GC(740) User=1.31s Sys=0.00s Real=0.18s
[478.137s][info][gc,start       ] GC(741) Pause Full (Ergonomics)
[478.137s][info][gc,phases,start] GC(741) Marking Phase
[478.167s][info][gc,phases      ] GC(741) Marking Phase 30.490ms
[478.167s][info][gc,phases,start] GC(741) Summary Phase
[478.167s][info][gc,phases      ] GC(741) Summary Phase 0.065ms
[478.167s][info][gc,phases,start] GC(741) Adjust Roots
[478.168s][info][gc,phases      ] GC(741) Adjust Roots 0.554ms
[478.168s][info][gc,phases,start] GC(741) Compaction Phase
[478.299s][info][gc,phases      ] GC(741) Compaction Phase 131.033ms
[478.299s][info][gc,phases,start] GC(741) Post Compact
[478.307s][info][gc,phases      ] GC(741) Post Compact 7.847ms
[478.307s][info][gc,heap        ] GC(741) PSYoungGen: 1048576K(1223168K)->72968K(1223168K) Eden: 1048576K(1048576K)->72968K(1048576K) From: 0K(174592K)->0K(174592K)
[478.307s][info][gc,heap        ] GC(741) ParOldGen: 2796470K(2796544K)->2796498K(2796544K)
[478.307s][info][gc,metaspace   ] GC(741) Metaspace: 10574K(10816K)->10574K(10816K) NonClass: 9538K(9664K)->9538K(9664K) Class: 1035K(1152K)->1035K(1152K)
[478.307s][info][gc             ] GC(741) Pause Full (Ergonomics) 3754M->2802M(3925M) 170.333ms
[478.307s][info][gc,cpu         ] GC(741) User=1.31s Sys=0.00s Real=0.17s
[478.774s][info][gc,start       ] GC(742) Pause Full (Ergonomics)
[478.774s][info][gc,phases,start] GC(742) Marking Phase
[478.804s][info][gc,phases      ] GC(742) Marking Phase 30.382ms
[478.804s][info][gc,phases,start] GC(742) Summary Phase
[478.805s][info][gc,phases      ] GC(742) Summary Phase 0.064ms
[478.805s][info][gc,phases,start] GC(742) Adjust Roots
[478.805s][info][gc,phases      ] GC(742) Adjust Roots 0.556ms
[478.805s][info][gc,phases,start] GC(742) Compaction Phase
[478.936s][info][gc,phases      ] GC(742) Compaction Phase 131.232ms
[478.936s][info][gc,phases,start] GC(742) Post Compact
[478.944s][info][gc,phases      ] GC(742) Post Compact 7.629ms
[478.944s][info][gc,heap        ] GC(742) PSYoungGen: 1048576K(1223168K)->72964K(1223168K) Eden: 1048576K(1048576K)->72964K(1048576K) From: 0K(174592K)->0K(174592K)
[478.944s][info][gc,heap        ] GC(742) ParOldGen: 2796498K(2796544K)->2796502K(2796544K)
[478.944s][info][gc,metaspace   ] GC(742) Metaspace: 10574K(10816K)->10574K(10816K) NonClass: 9538K(9664K)->9538K(9664K) Class: 1035K(1152K)->1035K(1152K)
[478.944s][info][gc             ] GC(742) Pause Full (Ergonomics) 3754M->2802M(3925M) 170.214ms
[478.944s][info][gc,cpu         ] GC(742) User=1.31s Sys=0.00s Real=0.17s
[479.416s][info][gc,start       ] GC(743) Pause Full (Ergonomics)
[479.416s][info][gc,phases,start] GC(743) Marking Phase
[479.446s][info][gc,phases      ] GC(743) Marking Phase 29.694ms
[479.446s][info][gc,phases,start] GC(743) Summary Phase
[479.446s][info][gc,phases      ] GC(743) Summary Phase 0.065ms
[479.446s][info][gc,phases,start] GC(743) Adjust Roots
[479.446s][info][gc,phases      ] GC(743) Adjust Roots 0.559ms
[479.446s][info][gc,phases,start] GC(743) Compaction Phase
[479.578s][info][gc,phases      ] GC(743) Compaction Phase 131.948ms
[479.578s][info][gc,phases,start] GC(743) Post Compact
[479.585s][info][gc,phases      ] GC(743) Post Compact 7.115ms
[479.586s][info][gc,heap        ] GC(743) PSYoungGen: 1048576K(1223168K)->72960K(1223168K) Eden: 1048576K(1048576K)->72960K(1048576K) From: 0K(174592K)->0K(174592K)
[479.586s][info][gc,heap        ] GC(743) ParOldGen: 2796502K(2796544K)->2796506K(2796544K)
[479.586s][info][gc,metaspace   ] GC(743) Metaspace: 10574K(10816K)->10574K(10816K) NonClass: 9538K(9664K)->9538K(9664K) Class: 1035K(1152K)->1035K(1152K)
[479.586s][info][gc             ] GC(743) Pause Full (Ergonomics) 3754M->2802M(3925M) 169.720ms
[479.586s][info][gc,cpu         ] GC(743) User=1.31s Sys=0.00s Real=0.17s
[480.053s][info][gc,start       ] GC(744) Pause Full (Ergonomics)
[480.053s][info][gc,phases,start] GC(744) Marking Phase
[480.083s][info][gc,phases      ] GC(744) Marking Phase 30.701ms
[480.083s][info][gc,phases,start] GC(744) Summary Phase
[480.083s][info][gc,phases      ] GC(744) Summary Phase 0.064ms
[480.083s][info][gc,phases,start] GC(744) Adjust Roots
[480.084s][info][gc,phases      ] GC(744) Adjust Roots 0.405ms
[480.084s][info][gc,phases,start] GC(744) Compaction Phase
[480.215s][info][gc,phases      ] GC(744) Compaction Phase 131.309ms
[480.215s][info][gc,phases,start] GC(744) Post Compact
[480.224s][info][gc,phases      ] GC(744) Post Compact 8.491ms
[480.224s][info][gc,heap        ] GC(744) PSYoungGen: 1048576K(1223168K)->73408K(1223168K) Eden: 1048576K(1048576K)->73408K(1048576K) From: 0K(174592K)->0K(174592K)
[480.224s][info][gc,heap        ] GC(744) ParOldGen: 2796506K(2796544K)->2796058K(2796544K)
[480.224s][info][gc,metaspace   ] GC(744) Metaspace: 10574K(10816K)->10574K(10816K) NonClass: 9538K(9664K)->9538K(9664K) Class: 1035K(1152K)->1035K(1152K)
[480.224s][info][gc             ] GC(744) Pause Full (Ergonomics) 3754M->2802M(3925M) 171.316ms
[480.224s][info][gc,cpu         ] GC(744) User=1.30s Sys=0.00s Real=0.18s
[480.685s][info][gc,start       ] GC(745) Pause Full (Ergonomics)
[480.685s][info][gc,phases,start] GC(745) Marking Phase
[480.716s][info][gc,phases      ] GC(745) Marking Phase 30.993ms
[480.716s][info][gc,phases,start] GC(745) Summary Phase
[480.716s][info][gc,phases      ] GC(745) Summary Phase 0.065ms
[480.716s][info][gc,phases,start] GC(745) Adjust Roots
[480.716s][info][gc,phases      ] GC(745) Adjust Roots 0.418ms
[480.716s][info][gc,phases,start] GC(745) Compaction Phase
[480.847s][info][gc,phases      ] GC(745) Compaction Phase 130.701ms
[480.847s][info][gc,phases,start] GC(745) Post Compact
[480.859s][info][gc,phases      ] GC(745) Post Compact 11.413ms
[480.859s][info][gc,heap        ] GC(745) PSYoungGen: 1048576K(1223168K)->72956K(1223168K) Eden: 1048576K(1048576K)->72956K(1048576K) From: 0K(174592K)->0K(174592K)
[480.859s][info][gc,heap        ] GC(745) ParOldGen: 2796058K(2796544K)->2796510K(2796544K)
[480.859s][info][gc,metaspace   ] GC(745) Metaspace: 10574K(10816K)->10574K(10816K) NonClass: 9538K(9664K)->9538K(9664K) Class: 1035K(1152K)->1035K(1152K)
[480.859s][info][gc             ] GC(745) Pause Full (Ergonomics) 3754M->2802M(3925M) 173.966ms
[480.859s][info][gc,cpu         ] GC(745) User=1.31s Sys=0.00s Real=0.17s
[481.326s][info][gc,start       ] GC(746) Pause Full (Ergonomics)
[481.326s][info][gc,phases,start] GC(746) Marking Phase
[481.356s][info][gc,phases      ] GC(746) Marking Phase 30.394ms
[481.356s][info][gc,phases,start] GC(746) Summary Phase
[481.356s][info][gc,phases      ] GC(746) Summary Phase 0.064ms
[481.356s][info][gc,phases,start] GC(746) Adjust Roots
[481.357s][info][gc,phases      ] GC(746) Adjust Roots 0.556ms
[481.357s][info][gc,phases,start] GC(746) Compaction Phase
[481.488s][info][gc,phases      ] GC(746) Compaction Phase 131.366ms
[481.488s][info][gc,phases,start] GC(746) Post Compact
[481.497s][info][gc,phases      ] GC(746) Post Compact 8.215ms
[481.497s][info][gc,heap        ] GC(746) PSYoungGen: 1048576K(1223168K)->72952K(1223168K) Eden: 1048576K(1048576K)->72952K(1048576K) From: 0K(174592K)->0K(174592K)
[481.497s][info][gc,heap        ] GC(746) ParOldGen: 2796510K(2796544K)->2796515K(2796544K)
[481.497s][info][gc,metaspace   ] GC(746) Metaspace: 10579K(10816K)->10579K(10816K) NonClass: 9543K(9664K)->9543K(9664K) Class: 1035K(1152K)->1035K(1152K)
[481.497s][info][gc             ] GC(746) Pause Full (Ergonomics) 3754M->2802M(3925M) 170.942ms
[481.497s][info][gc,cpu         ] GC(746) User=1.31s Sys=0.00s Real=0.17s
[481.966s][info][gc,start       ] GC(747) Pause Full (Ergonomics)
[481.966s][info][gc,phases,start] GC(747) Marking Phase
[481.996s][info][gc,phases      ] GC(747) Marking Phase 30.015ms
[481.996s][info][gc,phases,start] GC(747) Summary Phase
[481.996s][info][gc,phases      ] GC(747) Summary Phase 0.064ms
[481.996s][info][gc,phases,start] GC(747) Adjust Roots
[481.997s][info][gc,phases      ] GC(747) Adjust Roots 0.408ms
[481.997s][info][gc,phases,start] GC(747) Compaction Phase
[482.128s][info][gc,phases      ] GC(747) Compaction Phase 131.414ms
[482.128s][info][gc,phases,start] GC(747) Post Compact
[482.135s][info][gc,phases      ] GC(747) Post Compact 6.553ms
[482.135s][info][gc,heap        ] GC(747) PSYoungGen: 1048576K(1223168K)->72960K(1223168K) Eden: 1048576K(1048576K)->72960K(1048576K) From: 0K(174592K)->0K(174592K)
[482.135s][info][gc,heap        ] GC(747) ParOldGen: 2796515K(2796544K)->2796507K(2796544K)
[482.135s][info][gc,metaspace   ] GC(747) Metaspace: 10579K(10816K)->10579K(10816K) NonClass: 9543K(9664K)->9543K(9664K) Class: 1035K(1152K)->1035K(1152K)
[482.135s][info][gc             ] GC(747) Pause Full (Ergonomics) 3754M->2802M(3925M) 168.788ms
[482.135s][info][gc,cpu         ] GC(747) User=1.30s Sys=0.00s Real=0.17s
[482.612s][info][gc,start       ] GC(748) Pause Full (Ergonomics)
[482.612s][info][gc,phases,start] GC(748) Marking Phase
[482.643s][info][gc,phases      ] GC(748) Marking Phase 31.415ms
[482.643s][info][gc,phases,start] GC(748) Summary Phase
[482.644s][info][gc,phases      ] GC(748) Summary Phase 0.064ms
[482.644s][info][gc,phases,start] GC(748) Adjust Roots
[482.644s][info][gc,phases      ] GC(748) Adjust Roots 0.555ms
[482.644s][info][gc,phases,start] GC(748) Compaction Phase
[482.772s][info][gc,phases      ] GC(748) Compaction Phase 128.226ms
[482.772s][info][gc,phases,start] GC(748) Post Compact
[482.779s][info][gc,phases      ] GC(748) Post Compact 6.272ms
[482.779s][info][gc,heap        ] GC(748) PSYoungGen: 1048576K(1223168K)->72952K(1223168K) Eden: 1048576K(1048576K)->72952K(1048576K) From: 0K(174592K)->0K(174592K)
[482.779s][info][gc,heap        ] GC(748) ParOldGen: 2796507K(2796544K)->2796515K(2796544K)
[482.779s][info][gc,metaspace   ] GC(748) Metaspace: 10579K(10816K)->10579K(10816K) NonClass: 9543K(9664K)->9543K(9664K) Class: 1035K(1152K)->1035K(1152K)
[482.779s][info][gc             ] GC(748) Pause Full (Ergonomics) 3754M->2802M(3925M) 166.890ms
[482.779s][info][gc,cpu         ] GC(748) User=1.30s Sys=0.00s Real=0.17s
[483.251s][info][gc,start       ] GC(749) Pause Full (Ergonomics)
[483.251s][info][gc,phases,start] GC(749) Marking Phase
[483.284s][info][gc,phases      ] GC(749) Marking Phase 32.717ms
[483.284s][info][gc,phases,start] GC(749) Summary Phase
[483.284s][info][gc,phases      ] GC(749) Summary Phase 0.064ms
[483.284s][info][gc,phases,start] GC(749) Adjust Roots
[483.285s][info][gc,phases      ] GC(749) Adjust Roots 0.590ms
[483.285s][info][gc,phases,start] GC(749) Compaction Phase
[483.416s][info][gc,phases      ] GC(749) Compaction Phase 131.179ms
[483.416s][info][gc,phases,start] GC(749) Post Compact
[483.423s][info][gc,phases      ] GC(749) Post Compact 6.953ms
[483.423s][info][gc,heap        ] GC(749) PSYoungGen: 1048576K(1223168K)->72972K(1223168K) Eden: 1048576K(1048576K)->72972K(1048576K) From: 0K(174592K)->0K(174592K)
[483.423s][info][gc,heap        ] GC(749) ParOldGen: 2796515K(2796544K)->2796494K(2796544K)
[483.423s][info][gc,metaspace   ] GC(749) Metaspace: 10579K(10816K)->10579K(10816K) NonClass: 9543K(9664K)->9543K(9664K) Class: 1035K(1152K)->1035K(1152K)
[483.423s][info][gc             ] GC(749) Pause Full (Ergonomics) 3754M->2802M(3925M) 171.831ms
[483.423s][info][gc,cpu         ] GC(749) User=1.31s Sys=0.00s Real=0.18s
[483.897s][info][gc,start       ] GC(750) Pause Full (Ergonomics)
[483.897s][info][gc,phases,start] GC(750) Marking Phase
[483.929s][info][gc,phases      ] GC(750) Marking Phase 31.830ms
[483.929s][info][gc,phases,start] GC(750) Summary Phase
[483.929s][info][gc,phases      ] GC(750) Summary Phase 0.065ms
[483.929s][info][gc,phases,start] GC(750) Adjust Roots
[483.929s][info][gc,phases      ] GC(750) Adjust Roots 0.409ms
[483.929s][info][gc,phases,start] GC(750) Compaction Phase
[484.060s][info][gc,phases      ] GC(750) Compaction Phase 130.473ms
[484.060s][info][gc,phases,start] GC(750) Post Compact
[484.069s][info][gc,phases      ] GC(750) Post Compact 8.717ms
[484.069s][info][gc,heap        ] GC(750) PSYoungGen: 1048576K(1223168K)->72952K(1223168K) Eden: 1048576K(1048576K)->72952K(1048576K) From: 0K(174592K)->0K(174592K)
[484.069s][info][gc,heap        ] GC(750) ParOldGen: 2796494K(2796544K)->2796515K(2796544K)
[484.069s][info][gc,metaspace   ] GC(750) Metaspace: 10579K(10816K)->10579K(10816K) NonClass: 9543K(9664K)->9543K(9664K) Class: 1035K(1152K)->1035K(1152K)
[484.069s][info][gc             ] GC(750) Pause Full (Ergonomics) 3754M->2802M(3925M) 171.814ms
[484.069s][info][gc,cpu         ] GC(750) User=1.31s Sys=0.00s Real=0.17s
[484.535s][info][gc,start       ] GC(751) Pause Full (Ergonomics)
[484.535s][info][gc,phases,start] GC(751) Marking Phase
[484.566s][info][gc,phases      ] GC(751) Marking Phase 30.202ms
[484.566s][info][gc,phases,start] GC(751) Summary Phase
[484.566s][info][gc,phases      ] GC(751) Summary Phase 0.064ms
[484.566s][info][gc,phases,start] GC(751) Adjust Roots
[484.566s][info][gc,phases      ] GC(751) Adjust Roots 0.559ms
[484.566s][info][gc,phases,start] GC(751) Compaction Phase
[484.698s][info][gc,phases      ] GC(751) Compaction Phase 131.282ms
[484.698s][info][gc,phases,start] GC(751) Post Compact
[484.705s][info][gc,phases      ] GC(751) Post Compact 6.932ms
[484.705s][info][gc,heap        ] GC(751) PSYoungGen: 1048575K(1223168K)->72968K(1223168K) Eden: 1048575K(1048576K)->72968K(1048576K) From: 0K(174592K)->0K(174592K)
[484.705s][info][gc,heap        ] GC(751) ParOldGen: 2796515K(2796544K)->2796498K(2796544K)
[484.705s][info][gc,metaspace   ] GC(751) Metaspace: 10579K(10816K)->10579K(10816K) NonClass: 9543K(9664K)->9543K(9664K) Class: 1035K(1152K)->1035K(1152K)
[484.705s][info][gc             ] GC(751) Pause Full (Ergonomics) 3754M->2802M(3925M) 169.365ms
[484.705s][info][gc,cpu         ] GC(751) User=1.30s Sys=0.01s Real=0.17s
[485.174s][info][gc,start       ] GC(752) Pause Full (Ergonomics)
[485.174s][info][gc,phases,start] GC(752) Marking Phase
[485.204s][info][gc,phases      ] GC(752) Marking Phase 29.537ms
[485.204s][info][gc,phases,start] GC(752) Summary Phase
[485.204s][info][gc,phases      ] GC(752) Summary Phase 0.064ms
[485.204s][info][gc,phases,start] GC(752) Adjust Roots
[485.204s][info][gc,phases      ] GC(752) Adjust Roots 0.424ms
[485.204s][info][gc,phases,start] GC(752) Compaction Phase
[485.336s][info][gc,phases      ] GC(752) Compaction Phase 131.420ms
[485.336s][info][gc,phases,start] GC(752) Post Compact
[485.345s][info][gc,phases      ] GC(752) Post Compact 9.078ms
[485.345s][info][gc,heap        ] GC(752) PSYoungGen: 1048576K(1223168K)->72944K(1223168K) Eden: 1048576K(1048576K)->72944K(1048576K) From: 0K(174592K)->0K(174592K)
[485.345s][info][gc,heap        ] GC(752) ParOldGen: 2796498K(2796544K)->2796523K(2796544K)
[485.345s][info][gc,metaspace   ] GC(752) Metaspace: 10579K(10816K)->10579K(10816K) NonClass: 9543K(9664K)->9543K(9664K) Class: 1035K(1152K)->1035K(1152K)
[485.345s][info][gc             ] GC(752) Pause Full (Ergonomics) 3754M->2802M(3925M) 170.864ms
[485.345s][info][gc,cpu         ] GC(752) User=1.31s Sys=0.00s Real=0.17s
[485.813s][info][gc,start       ] GC(753) Pause Full (Ergonomics)
[485.813s][info][gc,phases,start] GC(753) Marking Phase
[485.843s][info][gc,phases      ] GC(753) Marking Phase 30.687ms
[485.843s][info][gc,phases,start] GC(753) Summary Phase
[485.843s][info][gc,phases      ] GC(753) Summary Phase 0.063ms
[485.843s][info][gc,phases,start] GC(753) Adjust Roots
[485.844s][info][gc,phases      ] GC(753) Adjust Roots 0.558ms
[485.844s][info][gc,phases,start] GC(753) Compaction Phase
[485.975s][info][gc,phases      ] GC(753) Compaction Phase 131.123ms
[485.975s][info][gc,phases,start] GC(753) Post Compact
[485.983s][info][gc,phases      ] GC(753) Post Compact 8.088ms
[485.983s][info][gc,heap        ] GC(753) PSYoungGen: 1048576K(1223168K)->72948K(1223168K) Eden: 1048576K(1048576K)->72948K(1048576K) From: 0K(174592K)->0K(174592K)
[485.983s][info][gc,heap        ] GC(753) ParOldGen: 2796523K(2796544K)->2796519K(2796544K)
[485.983s][info][gc,metaspace   ] GC(753) Metaspace: 10579K(10816K)->10579K(10816K) NonClass: 9543K(9664K)->9543K(9664K) Class: 1035K(1152K)->1035K(1152K)
[485.983s][info][gc             ] GC(753) Pause Full (Ergonomics) 3754M->2802M(3925M) 170.861ms
[485.983s][info][gc,cpu         ] GC(753) User=1.30s Sys=0.00s Real=0.18s
[486.452s][info][gc,start       ] GC(754) Pause Full (Ergonomics)
[486.452s][info][gc,phases,start] GC(754) Marking Phase
[486.482s][info][gc,phases      ] GC(754) Marking Phase 30.313ms
[486.483s][info][gc,phases,start] GC(754) Summary Phase
[486.483s][info][gc,phases      ] GC(754) Summary Phase 0.065ms
[486.483s][info][gc,phases,start] GC(754) Adjust Roots
[486.483s][info][gc,phases      ] GC(754) Adjust Roots 0.410ms
[486.483s][info][gc,phases,start] GC(754) Compaction Phase
[486.613s][info][gc,phases      ] GC(754) Compaction Phase 130.135ms
[486.613s][info][gc,phases,start] GC(754) Post Compact
[486.622s][info][gc,phases      ] GC(754) Post Compact 8.903ms
[486.622s][info][gc,heap        ] GC(754) PSYoungGen: 1048576K(1223168K)->72976K(1223168K) Eden: 1048576K(1048576K)->72976K(1048576K) From: 0K(174592K)->0K(174592K)
[486.622s][info][gc,heap        ] GC(754) ParOldGen: 2796519K(2796544K)->2796490K(2796544K)
[486.622s][info][gc,metaspace   ] GC(754) Metaspace: 10579K(10816K)->10579K(10816K) NonClass: 9543K(9664K)->9543K(9664K) Class: 1035K(1152K)->1035K(1152K)
[486.622s][info][gc             ] GC(754) Pause Full (Ergonomics) 3754M->2802M(3925M) 170.161ms
[486.622s][info][gc,cpu         ] GC(754) User=1.31s Sys=0.00s Real=0.18s
[487.093s][info][gc,start       ] GC(755) Pause Full (Ergonomics)
[487.093s][info][gc,phases,start] GC(755) Marking Phase
[487.124s][info][gc,phases      ] GC(755) Marking Phase 31.355ms
[487.124s][info][gc,phases,start] GC(755) Summary Phase
[487.124s][info][gc,phases      ] GC(755) Summary Phase 0.064ms
[487.124s][info][gc,phases,start] GC(755) Adjust Roots
[487.125s][info][gc,phases      ] GC(755) Adjust Roots 0.569ms
[487.125s][info][gc,phases,start] GC(755) Compaction Phase
[487.255s][info][gc,phases      ] GC(755) Compaction Phase 130.299ms
[487.255s][info][gc,phases,start] GC(755) Post Compact
[487.266s][info][gc,phases      ] GC(755) Post Compact 10.913ms
[487.266s][info][gc,heap        ] GC(755) PSYoungGen: 1048576K(1223168K)->72964K(1223168K) Eden: 1048576K(1048576K)->72964K(1048576K) From: 0K(174592K)->0K(174592K)
[487.266s][info][gc,heap        ] GC(755) ParOldGen: 2796490K(2796544K)->2796502K(2796544K)
[487.266s][info][gc,metaspace   ] GC(755) Metaspace: 10579K(10816K)->10579K(10816K) NonClass: 9543K(9664K)->9543K(9664K) Class: 1035K(1152K)->1035K(1152K)
[487.266s][info][gc             ] GC(755) Pause Full (Ergonomics) 3754M->2802M(3925M) 173.541ms
[487.266s][info][gc,cpu         ] GC(755) User=1.30s Sys=0.00s Real=0.18s
[487.736s][info][gc,start       ] GC(756) Pause Full (Ergonomics)
[487.736s][info][gc,phases,start] GC(756) Marking Phase
[487.766s][info][gc,phases      ] GC(756) Marking Phase 30.082ms
[487.766s][info][gc,phases,start] GC(756) Summary Phase
[487.766s][info][gc,phases      ] GC(756) Summary Phase 0.063ms
[487.766s][info][gc,phases,start] GC(756) Adjust Roots
[487.767s][info][gc,phases      ] GC(756) Adjust Roots 0.405ms
[487.767s][info][gc,phases,start] GC(756) Compaction Phase
[487.898s][info][gc,phases      ] GC(756) Compaction Phase 131.527ms
[487.898s][info][gc,phases,start] GC(756) Post Compact
[487.908s][info][gc,phases      ] GC(756) Post Compact 9.921ms
[487.908s][info][gc,heap        ] GC(756) PSYoungGen: 1048576K(1223168K)->72964K(1223168K) Eden: 1048576K(1048576K)->72964K(1048576K) From: 0K(174592K)->0K(174592K)
[487.909s][info][gc,heap        ] GC(756) ParOldGen: 2796502K(2796544K)->2796502K(2796544K)
[487.909s][info][gc,metaspace   ] GC(756) Metaspace: 10579K(10816K)->10579K(10816K) NonClass: 9543K(9664K)->9543K(9664K) Class: 1035K(1152K)->1035K(1152K)
[487.909s][info][gc             ] GC(756) Pause Full (Ergonomics) 3754M->2802M(3925M) 172.333ms
[487.909s][info][gc,cpu         ] GC(756) User=1.31s Sys=0.00s Real=0.17s
[488.391s][info][gc,start       ] GC(757) Pause Full (Ergonomics)
[488.391s][info][gc,phases,start] GC(757) Marking Phase
[488.421s][info][gc,phases      ] GC(757) Marking Phase 29.917ms
[488.421s][info][gc,phases,start] GC(757) Summary Phase
[488.421s][info][gc,phases      ] GC(757) Summary Phase 0.065ms
[488.421s][info][gc,phases,start] GC(757) Adjust Roots
[488.422s][info][gc,phases      ] GC(757) Adjust Roots 0.411ms
[488.422s][info][gc,phases,start] GC(757) Compaction Phase
[488.553s][info][gc,phases      ] GC(757) Compaction Phase 131.131ms
[488.553s][info][gc,phases,start] GC(757) Post Compact
[488.561s][info][gc,phases      ] GC(757) Post Compact 8.078ms
[488.561s][info][gc,heap        ] GC(757) PSYoungGen: 1048576K(1223168K)->72948K(1223168K) Eden: 1048576K(1048576K)->72948K(1048576K) From: 0K(174592K)->0K(174592K)
[488.561s][info][gc,heap        ] GC(757) ParOldGen: 2796502K(2796544K)->2796519K(2796544K)
[488.561s][info][gc,metaspace   ] GC(757) Metaspace: 10579K(10816K)->10579K(10816K) NonClass: 9543K(9664K)->9543K(9664K) Class: 1035K(1152K)->1035K(1152K)
[488.561s][info][gc             ] GC(757) Pause Full (Ergonomics) 3754M->2802M(3925M) 169.947ms
[488.561s][info][gc,cpu         ] GC(757) User=1.30s Sys=0.00s Real=0.17s
[489.032s][info][gc,start       ] GC(758) Pause Full (Ergonomics)
[489.032s][info][gc,phases,start] GC(758) Marking Phase
[489.061s][info][gc,phases      ] GC(758) Marking Phase 29.796ms
[489.061s][info][gc,phases,start] GC(758) Summary Phase
[489.061s][info][gc,phases      ] GC(758) Summary Phase 0.077ms
[489.061s][info][gc,phases,start] GC(758) Adjust Roots
[489.062s][info][gc,phases      ] GC(758) Adjust Roots 0.406ms
[489.062s][info][gc,phases,start] GC(758) Compaction Phase
[489.193s][info][gc,phases      ] GC(758) Compaction Phase 131.480ms
[489.193s][info][gc,phases,start] GC(758) Post Compact
[489.203s][info][gc,phases      ] GC(758) Post Compact 9.025ms
[489.203s][info][gc,heap        ] GC(758) PSYoungGen: 1048576K(1223168K)->72976K(1223168K) Eden: 1048576K(1048576K)->72976K(1048576K) From: 0K(174592K)->0K(174592K)
[489.203s][info][gc,heap        ] GC(758) ParOldGen: 2796519K(2796544K)->2796490K(2796544K)
[489.203s][info][gc,metaspace   ] GC(758) Metaspace: 10579K(10816K)->10579K(10816K) NonClass: 9543K(9664K)->9543K(9664K) Class: 1035K(1152K)->1035K(1152K)
[489.203s][info][gc             ] GC(758) Pause Full (Ergonomics) 3754M->2802M(3925M) 171.145ms
[489.203s][info][gc,cpu         ] GC(758) User=1.32s Sys=0.00s Real=0.18s
[489.666s][info][gc,start       ] GC(759) Pause Full (Ergonomics)
[489.666s][info][gc,phases,start] GC(759) Marking Phase
[489.696s][info][gc,phases      ] GC(759) Marking Phase 29.979ms
[489.696s][info][gc,phases,start] GC(759) Summary Phase
[489.696s][info][gc,phases      ] GC(759) Summary Phase 0.065ms
[489.696s][info][gc,phases,start] GC(759) Adjust Roots
[489.696s][info][gc,phases      ] GC(759) Adjust Roots 0.556ms
[489.696s][info][gc,phases,start] GC(759) Compaction Phase
[489.828s][info][gc,phases      ] GC(759) Compaction Phase 131.338ms
[489.828s][info][gc,phases,start] GC(759) Post Compact
[489.835s][info][gc,phases      ] GC(759) Post Compact 6.878ms
[489.835s][info][gc,heap        ] GC(759) PSYoungGen: 1048576K(1223168K)->72964K(1223168K) Eden: 1048576K(1048576K)->72964K(1048576K) From: 0K(174592K)->0K(174592K)
[489.835s][info][gc,heap        ] GC(759) ParOldGen: 2796490K(2796544K)->2796502K(2796544K)
[489.835s][info][gc,metaspace   ] GC(759) Metaspace: 10579K(10816K)->10579K(10816K) NonClass: 9543K(9664K)->9543K(9664K) Class: 1035K(1152K)->1035K(1152K)
[489.835s][info][gc             ] GC(759) Pause Full (Ergonomics) 3754M->2802M(3925M) 169.157ms
[489.835s][info][gc,cpu         ] GC(759) User=1.31s Sys=0.00s Real=0.17s
[490.302s][info][gc,start       ] GC(760) Pause Full (Ergonomics)
[490.302s][info][gc,phases,start] GC(760) Marking Phase
[490.333s][info][gc,phases      ] GC(760) Marking Phase 30.981ms
[490.333s][info][gc,phases,start] GC(760) Summary Phase
[490.334s][info][gc,phases      ] GC(760) Summary Phase 0.064ms
[490.334s][info][gc,phases,start] GC(760) Adjust Roots
[490.334s][info][gc,phases      ] GC(760) Adjust Roots 0.617ms
[490.334s][info][gc,phases,start] GC(760) Compaction Phase
[490.465s][info][gc,phases      ] GC(760) Compaction Phase 130.521ms
[490.465s][info][gc,phases,start] GC(760) Post Compact
[490.477s][info][gc,phases      ] GC(760) Post Compact 12.689ms
[490.478s][info][gc,heap        ] GC(760) PSYoungGen: 1048576K(1223168K)->72972K(1223168K) Eden: 1048576K(1048576K)->72972K(1048576K) From: 0K(174592K)->0K(174592K)
[490.478s][info][gc,heap        ] GC(760) ParOldGen: 2796502K(2796544K)->2796494K(2796544K)
[490.478s][info][gc,metaspace   ] GC(760) Metaspace: 10579K(10816K)->10579K(10816K) NonClass: 9543K(9664K)->9543K(9664K) Class: 1035K(1152K)->1035K(1152K)
[490.478s][info][gc             ] GC(760) Pause Full (Ergonomics) 3754M->2802M(3925M) 175.250ms
[490.478s][info][gc,cpu         ] GC(760) User=1.32s Sys=0.00s Real=0.17s
[490.947s][info][gc,start       ] GC(761) Pause Full (Ergonomics)
[490.947s][info][gc,phases,start] GC(761) Marking Phase
[490.977s][info][gc,phases      ] GC(761) Marking Phase 30.363ms
[490.977s][info][gc,phases,start] GC(761) Summary Phase
[490.977s][info][gc,phases      ] GC(761) Summary Phase 0.064ms
[490.977s][info][gc,phases,start] GC(761) Adjust Roots
[490.978s][info][gc,phases      ] GC(761) Adjust Roots 0.419ms
[490.978s][info][gc,phases,start] GC(761) Compaction Phase
[491.109s][info][gc,phases      ] GC(761) Compaction Phase 131.549ms
[491.109s][info][gc,phases,start] GC(761) Post Compact
[491.118s][info][gc,phases      ] GC(761) Post Compact 8.942ms
[491.118s][info][gc,heap        ] GC(761) PSYoungGen: 1048576K(1223168K)->72964K(1223168K) Eden: 1048576K(1048576K)->72964K(1048576K) From: 0K(174592K)->0K(174592K)
[491.118s][info][gc,heap        ] GC(761) ParOldGen: 2796494K(2796544K)->2796502K(2796544K)
[491.118s][info][gc,metaspace   ] GC(761) Metaspace: 10579K(10816K)->10579K(10816K) NonClass: 9543K(9664K)->9543K(9664K) Class: 1035K(1152K)->1035K(1152K)
[491.118s][info][gc             ] GC(761) Pause Full (Ergonomics) 3754M->2802M(3925M) 171.665ms
[491.118s][info][gc,cpu         ] GC(761) User=1.30s Sys=0.01s Real=0.17s
[491.588s][info][gc,start       ] GC(762) Pause Full (Ergonomics)
[491.588s][info][gc,phases,start] GC(762) Marking Phase
[491.618s][info][gc,phases      ] GC(762) Marking Phase 29.687ms
[491.618s][info][gc,phases,start] GC(762) Summary Phase
[491.618s][info][gc,phases      ] GC(762) Summary Phase 0.063ms
[491.618s][info][gc,phases,start] GC(762) Adjust Roots
[491.619s][info][gc,phases      ] GC(762) Adjust Roots 0.627ms
[491.619s][info][gc,phases,start] GC(762) Compaction Phase
[491.750s][info][gc,phases      ] GC(762) Compaction Phase 131.181ms
[491.750s][info][gc,phases,start] GC(762) Post Compact
[491.757s][info][gc,phases      ] GC(762) Post Compact 6.854ms
[491.757s][info][gc,heap        ] GC(762) PSYoungGen: 1048576K(1223168K)->72988K(1223168K) Eden: 1048576K(1048576K)->72988K(1048576K) From: 0K(174592K)->0K(174592K)
[491.757s][info][gc,heap        ] GC(762) ParOldGen: 2796502K(2796544K)->2796478K(2796544K)
[491.757s][info][gc,metaspace   ] GC(762) Metaspace: 10579K(10816K)->10579K(10816K) NonClass: 9543K(9664K)->9543K(9664K) Class: 1035K(1152K)->1035K(1152K)
[491.757s][info][gc             ] GC(762) Pause Full (Ergonomics) 3754M->2802M(3925M) 168.753ms
[491.757s][info][gc,cpu         ] GC(762) User=1.31s Sys=0.00s Real=0.17s
[492.229s][info][gc,start       ] GC(763) Pause Full (Ergonomics)
[492.229s][info][gc,phases,start] GC(763) Marking Phase
[492.258s][info][gc,phases      ] GC(763) Marking Phase 29.287ms
[492.258s][info][gc,phases,start] GC(763) Summary Phase
[492.259s][info][gc,phases      ] GC(763) Summary Phase 0.063ms
[492.259s][info][gc,phases,start] GC(763) Adjust Roots
[492.259s][info][gc,phases      ] GC(763) Adjust Roots 0.403ms
[492.259s][info][gc,phases,start] GC(763) Compaction Phase
[492.390s][info][gc,phases      ] GC(763) Compaction Phase 130.687ms
[492.390s][info][gc,phases,start] GC(763) Post Compact
[492.397s][info][gc,phases      ] GC(763) Post Compact 6.969ms
[492.397s][info][gc,heap        ] GC(763) PSYoungGen: 1048576K(1223168K)->72980K(1223168K) Eden: 1048576K(1048576K)->72980K(1048576K) From: 0K(174592K)->0K(174592K)
[492.397s][info][gc,heap        ] GC(763) ParOldGen: 2796478K(2796544K)->2796486K(2796544K)
[492.397s][info][gc,metaspace   ] GC(763) Metaspace: 10579K(10816K)->10579K(10816K) NonClass: 9543K(9664K)->9543K(9664K) Class: 1035K(1152K)->1035K(1152K)
[492.397s][info][gc             ] GC(763) Pause Full (Ergonomics) 3754M->2802M(3925M) 167.746ms
[492.397s][info][gc,cpu         ] GC(763) User=1.30s Sys=0.00s Real=0.17s
[492.864s][info][gc,start       ] GC(764) Pause Full (Ergonomics)
[492.864s][info][gc,phases,start] GC(764) Marking Phase
[492.896s][info][gc,phases      ] GC(764) Marking Phase 32.222ms
[492.896s][info][gc,phases,start] GC(764) Summary Phase
[492.896s][info][gc,phases      ] GC(764) Summary Phase 0.064ms
[492.896s][info][gc,phases,start] GC(764) Adjust Roots
[492.897s][info][gc,phases      ] GC(764) Adjust Roots 0.559ms
[492.897s][info][gc,phases,start] GC(764) Compaction Phase
[493.028s][info][gc,phases      ] GC(764) Compaction Phase 131.088ms
[493.028s][info][gc,phases,start] GC(764) Post Compact
[493.037s][info][gc,phases      ] GC(764) Post Compact 8.797ms
[493.037s][info][gc,heap        ] GC(764) PSYoungGen: 1048576K(1223168K)->73399K(1223168K) Eden: 1048576K(1048576K)->73399K(1048576K) From: 0K(174592K)->0K(174592K)
[493.037s][info][gc,heap        ] GC(764) ParOldGen: 2796486K(2796544K)->2796067K(2796544K)
[493.037s][info][gc,metaspace   ] GC(764) Metaspace: 10579K(10816K)->10579K(10816K) NonClass: 9543K(9664K)->9543K(9664K) Class: 1035K(1152K)->1035K(1152K)
[493.037s][info][gc             ] GC(764) Pause Full (Ergonomics) 3754M->2802M(3925M) 173.065ms
[493.037s][info][gc,cpu         ] GC(764) User=1.31s Sys=0.00s Real=0.17s
[493.503s][info][gc,start       ] GC(765) Pause Full (Ergonomics)
[493.503s][info][gc,phases,start] GC(765) Marking Phase
[493.532s][info][gc,phases      ] GC(765) Marking Phase 29.655ms
[493.532s][info][gc,phases,start] GC(765) Summary Phase
[493.532s][info][gc,phases      ] GC(765) Summary Phase 0.084ms
[493.532s][info][gc,phases,start] GC(765) Adjust Roots
[493.533s][info][gc,phases      ] GC(765) Adjust Roots 0.407ms
[493.533s][info][gc,phases,start] GC(765) Compaction Phase
[493.663s][info][gc,phases      ] GC(765) Compaction Phase 129.877ms
[493.663s][info][gc,phases,start] GC(765) Post Compact
[493.673s][info][gc,phases      ] GC(765) Post Compact 10.426ms
[493.673s][info][gc,heap        ] GC(765) PSYoungGen: 1048576K(1223168K)->72952K(1223168K) Eden: 1048576K(1048576K)->72952K(1048576K) From: 0K(174592K)->0K(174592K)
[493.673s][info][gc,heap        ] GC(765) ParOldGen: 2796067K(2796544K)->2796515K(2796544K)
[493.673s][info][gc,metaspace   ] GC(765) Metaspace: 10579K(10816K)->10579K(10816K) NonClass: 9543K(9664K)->9543K(9664K) Class: 1035K(1152K)->1035K(1152K)
[493.673s][info][gc             ] GC(765) Pause Full (Ergonomics) 3754M->2802M(3925M) 170.784ms
[493.673s][info][gc,cpu         ] GC(765) User=1.31s Sys=0.00s Real=0.16s
[494.146s][info][gc,start       ] GC(766) Pause Full (Ergonomics)
[494.146s][info][gc,phases,start] GC(766) Marking Phase
[494.175s][info][gc,phases      ] GC(766) Marking Phase 29.400ms
[494.175s][info][gc,phases,start] GC(766) Summary Phase
[494.175s][info][gc,phases      ] GC(766) Summary Phase 0.063ms
[494.175s][info][gc,phases,start] GC(766) Adjust Roots
[494.176s][info][gc,phases      ] GC(766) Adjust Roots 0.410ms
[494.176s][info][gc,phases,start] GC(766) Compaction Phase
[494.307s][info][gc,phases      ] GC(766) Compaction Phase 131.017ms
[494.307s][info][gc,phases,start] GC(766) Post Compact
[494.318s][info][gc,phases      ] GC(766) Post Compact 11.098ms
[494.318s][info][gc,heap        ] GC(766) PSYoungGen: 1048576K(1223168K)->72992K(1223168K) Eden: 1048576K(1048576K)->72992K(1048576K) From: 0K(174592K)->0K(174592K)
[494.318s][info][gc,heap        ] GC(766) ParOldGen: 2796515K(2796544K)->2796478K(2796544K)
[494.318s][info][gc,metaspace   ] GC(766) Metaspace: 10579K(10816K)->10579K(10816K) NonClass: 9543K(9664K)->9543K(9664K) Class: 1035K(1152K)->1035K(1152K)
[494.318s][info][gc             ] GC(766) Pause Full (Ergonomics) 3754M->2802M(3925M) 172.311ms
[494.318s][info][gc,cpu         ] GC(766) User=1.30s Sys=0.01s Real=0.17s
[494.786s][info][gc,start       ] GC(767) Pause Full (Ergonomics)
[494.786s][info][gc,phases,start] GC(767) Marking Phase
[494.816s][info][gc,phases      ] GC(767) Marking Phase 29.891ms
[494.816s][info][gc,phases,start] GC(767) Summary Phase
[494.816s][info][gc,phases      ] GC(767) Summary Phase 0.063ms
[494.816s][info][gc,phases,start] GC(767) Adjust Roots
[494.817s][info][gc,phases      ] GC(767) Adjust Roots 0.559ms
[494.817s][info][gc,phases,start] GC(767) Compaction Phase
[494.947s][info][gc,phases      ] GC(767) Compaction Phase 130.496ms
[494.947s][info][gc,phases,start] GC(767) Post Compact
[494.959s][info][gc,phases      ] GC(767) Post Compact 11.537ms
[494.959s][info][gc,heap        ] GC(767) PSYoungGen: 1048575K(1223168K)->72992K(1223168K) Eden: 1048575K(1048576K)->72992K(1048576K) From: 0K(174592K)->0K(174592K)
[494.959s][info][gc,heap        ] GC(767) ParOldGen: 2796478K(2796544K)->2796474K(2796544K)
[494.959s][info][gc,metaspace   ] GC(767) Metaspace: 10579K(10816K)->10579K(10816K) NonClass: 9543K(9664K)->9543K(9664K) Class: 1035K(1152K)->1035K(1152K)
[494.959s][info][gc             ] GC(767) Pause Full (Ergonomics) 3754M->2802M(3925M) 172.883ms
[494.959s][info][gc,cpu         ] GC(767) User=1.31s Sys=0.00s Real=0.17s
[495.429s][info][gc,start       ] GC(768) Pause Full (Ergonomics)
[495.429s][info][gc,phases,start] GC(768) Marking Phase
[495.460s][info][gc,phases      ] GC(768) Marking Phase 30.514ms
[495.460s][info][gc,phases,start] GC(768) Summary Phase
[495.460s][info][gc,phases      ] GC(768) Summary Phase 0.064ms
[495.460s][info][gc,phases,start] GC(768) Adjust Roots
[495.460s][info][gc,phases      ] GC(768) Adjust Roots 0.568ms
[495.460s][info][gc,phases,start] GC(768) Compaction Phase
[495.591s][info][gc,phases      ] GC(768) Compaction Phase 130.552ms
[495.591s][info][gc,phases,start] GC(768) Post Compact
[495.602s][info][gc,phases      ] GC(768) Post Compact 10.579ms
[495.602s][info][gc,heap        ] GC(768) PSYoungGen: 1048576K(1223168K)->72960K(1223168K) Eden: 1048576K(1048576K)->72960K(1048576K) From: 0K(174592K)->0K(174592K)
[495.602s][info][gc,heap        ] GC(768) ParOldGen: 2796474K(2796544K)->2796506K(2796544K)
[495.602s][info][gc,metaspace   ] GC(768) Metaspace: 10579K(10816K)->10579K(10816K) NonClass: 9543K(9664K)->9543K(9664K) Class: 1035K(1152K)->1035K(1152K)
[495.602s][info][gc             ] GC(768) Pause Full (Ergonomics) 3754M->2802M(3925M) 172.631ms
[495.602s][info][gc,cpu         ] GC(768) User=1.31s Sys=0.00s Real=0.18s
[496.073s][info][gc,start       ] GC(769) Pause Full (Ergonomics)
[496.073s][info][gc,phases,start] GC(769) Marking Phase
[496.103s][info][gc,phases      ] GC(769) Marking Phase 30.065ms
[496.103s][info][gc,phases,start] GC(769) Summary Phase
[496.103s][info][gc,phases      ] GC(769) Summary Phase 0.064ms
[496.103s][info][gc,phases,start] GC(769) Adjust Roots
[496.104s][info][gc,phases      ] GC(769) Adjust Roots 0.563ms
[496.104s][info][gc,phases,start] GC(769) Compaction Phase
[496.235s][info][gc,phases      ] GC(769) Compaction Phase 131.357ms
[496.235s][info][gc,phases,start] GC(769) Post Compact
[496.247s][info][gc,phases      ] GC(769) Post Compact 11.598ms
[496.252s][info][gc,heap        ] GC(769) PSYoungGen: 1048576K(1223168K)->72948K(1223168K) Eden: 1048576K(1048576K)->72948K(1048576K) From: 0K(174592K)->0K(174592K)
[496.252s][info][gc,heap        ] GC(769) ParOldGen: 2796506K(2796544K)->2796519K(2796544K)
[496.252s][info][gc,metaspace   ] GC(769) Metaspace: 10579K(10816K)->10579K(10816K) NonClass: 9543K(9664K)->9543K(9664K) Class: 1035K(1152K)->1035K(1152K)
[496.252s][info][gc             ] GC(769) Pause Full (Ergonomics) 3754M->2802M(3925M) 179.066ms
[496.252s][info][gc,cpu         ] GC(769) User=1.32s Sys=0.00s Real=0.18s
[496.718s][info][gc,start       ] GC(770) Pause Full (Ergonomics)
[496.718s][info][gc,phases,start] GC(770) Marking Phase
[496.748s][info][gc,phases      ] GC(770) Marking Phase 29.831ms
[496.748s][info][gc,phases,start] GC(770) Summary Phase
[496.748s][info][gc,phases      ] GC(770) Summary Phase 0.064ms
[496.748s][info][gc,phases,start] GC(770) Adjust Roots
[496.748s][info][gc,phases      ] GC(770) Adjust Roots 0.556ms
[496.748s][info][gc,phases,start] GC(770) Compaction Phase
[496.879s][info][gc,phases      ] GC(770) Compaction Phase 130.698ms
[496.879s][info][gc,phases,start] GC(770) Post Compact
[496.887s][info][gc,phases      ] GC(770) Post Compact 7.883ms
[496.887s][info][gc,heap        ] GC(770) PSYoungGen: 1048576K(1223168K)->72944K(1223168K) Eden: 1048576K(1048576K)->72944K(1048576K) From: 0K(174592K)->0K(174592K)
[496.887s][info][gc,heap        ] GC(770) ParOldGen: 2796519K(2796544K)->2796523K(2796544K)
[496.887s][info][gc,metaspace   ] GC(770) Metaspace: 10579K(10816K)->10579K(10816K) NonClass: 9543K(9664K)->9543K(9664K) Class: 1035K(1152K)->1035K(1152K)
[496.887s][info][gc             ] GC(770) Pause Full (Ergonomics) 3754M->2802M(3925M) 169.351ms
[496.887s][info][gc,cpu         ] GC(770) User=1.31s Sys=0.00s Real=0.17s
[497.357s][info][gc,start       ] GC(771) Pause Full (Ergonomics)
[497.357s][info][gc,phases,start] GC(771) Marking Phase
[497.387s][info][gc,phases      ] GC(771) Marking Phase 30.132ms
[497.387s][info][gc,phases,start] GC(771) Summary Phase
[497.387s][info][gc,phases      ] GC(771) Summary Phase 0.064ms
[497.387s][info][gc,phases,start] GC(771) Adjust Roots
[497.388s][info][gc,phases      ] GC(771) Adjust Roots 0.608ms
[497.388s][info][gc,phases,start] GC(771) Compaction Phase
[497.519s][info][gc,phases      ] GC(771) Compaction Phase 130.790ms
[497.519s][info][gc,phases,start] GC(771) Post Compact
[497.528s][info][gc,phases      ] GC(771) Post Compact 9.724ms
[497.528s][info][gc,heap        ] GC(771) PSYoungGen: 1048576K(1223168K)->72931K(1223168K) Eden: 1048576K(1048576K)->72931K(1048576K) From: 0K(174592K)->0K(174592K)
[497.528s][info][gc,heap        ] GC(771) ParOldGen: 2796523K(2796544K)->2796535K(2796544K)
[497.528s][info][gc,metaspace   ] GC(771) Metaspace: 10579K(10816K)->10579K(10816K) NonClass: 9543K(9664K)->9543K(9664K) Class: 1035K(1152K)->1035K(1152K)
[497.529s][info][gc             ] GC(771) Pause Full (Ergonomics) 3754M->2802M(3925M) 171.692ms
[497.529s][info][gc,cpu         ] GC(771) User=1.31s Sys=0.00s Real=0.17s
[497.988s][info][gc,start       ] GC(772) Pause Full (Ergonomics)
[497.989s][info][gc,phases,start] GC(772) Marking Phase
[498.018s][info][gc,phases      ] GC(772) Marking Phase 29.293ms
[498.018s][info][gc,phases,start] GC(772) Summary Phase
[498.018s][info][gc,phases      ] GC(772) Summary Phase 0.063ms
[498.018s][info][gc,phases,start] GC(772) Adjust Roots
[498.018s][info][gc,phases      ] GC(772) Adjust Roots 0.412ms
[498.018s][info][gc,phases,start] GC(772) Compaction Phase
[498.149s][info][gc,phases      ] GC(772) Compaction Phase 130.900ms
[498.149s][info][gc,phases,start] GC(772) Post Compact
[498.158s][info][gc,phases      ] GC(772) Post Compact 9.141ms
[498.159s][info][gc,heap        ] GC(772) PSYoungGen: 1048576K(1223168K)->72976K(1223168K) Eden: 1048576K(1048576K)->72976K(1048576K) From: 0K(174592K)->0K(174592K)
[498.159s][info][gc,heap        ] GC(772) ParOldGen: 2796535K(2796544K)->2796490K(2796544K)
[498.159s][info][gc,metaspace   ] GC(772) Metaspace: 10579K(10816K)->10579K(10816K) NonClass: 9543K(9664K)->9543K(9664K) Class: 1035K(1152K)->1035K(1152K)
[498.159s][info][gc             ] GC(772) Pause Full (Ergonomics) 3754M->2802M(3925M) 170.152ms
[498.159s][info][gc,cpu         ] GC(772) User=1.31s Sys=0.00s Real=0.17s
[498.619s][info][gc,start       ] GC(773) Pause Full (Ergonomics)
[498.619s][info][gc,phases,start] GC(773) Marking Phase
[498.648s][info][gc,phases      ] GC(773) Marking Phase 29.186ms
[498.648s][info][gc,phases,start] GC(773) Summary Phase
[498.648s][info][gc,phases      ] GC(773) Summary Phase 0.063ms
[498.648s][info][gc,phases,start] GC(773) Adjust Roots
[498.649s][info][gc,phases      ] GC(773) Adjust Roots 0.572ms
[498.649s][info][gc,phases,start] GC(773) Compaction Phase
[498.780s][info][gc,phases      ] GC(773) Compaction Phase 130.933ms
[498.780s][info][gc,phases,start] GC(773) Post Compact
[498.789s][info][gc,phases      ] GC(773) Post Compact 9.112ms
[498.789s][info][gc,heap        ] GC(773) PSYoungGen: 1048576K(1223168K)->72997K(1223168K) Eden: 1048576K(1048576K)->72997K(1048576K) From: 0K(174592K)->0K(174592K)
[498.789s][info][gc,heap        ] GC(773) ParOldGen: 2796490K(2796544K)->2796470K(2796544K)
[498.789s][info][gc,metaspace   ] GC(773) Metaspace: 10579K(10816K)->10579K(10816K) NonClass: 9543K(9664K)->9543K(9664K) Class: 1035K(1152K)->1035K(1152K)
[498.789s][info][gc             ] GC(773) Pause Full (Ergonomics) 3754M->2802M(3925M) 170.207ms
[498.789s][info][gc,cpu         ] GC(773) User=1.30s Sys=0.00s Real=0.17s
[499.260s][info][gc,start       ] GC(774) Pause Full (Ergonomics)
[499.260s][info][gc,phases,start] GC(774) Marking Phase
[499.290s][info][gc,phases      ] GC(774) Marking Phase 29.972ms
[499.290s][info][gc,phases,start] GC(774) Summary Phase
[499.290s][info][gc,phases      ] GC(774) Summary Phase 0.064ms
[499.290s][info][gc,phases,start] GC(774) Adjust Roots
[499.291s][info][gc,phases      ] GC(774) Adjust Roots 0.554ms
[499.291s][info][gc,phases,start] GC(774) Compaction Phase
[499.422s][info][gc,phases      ] GC(774) Compaction Phase 131.499ms
[499.422s][info][gc,phases,start] GC(774) Post Compact
[499.429s][info][gc,phases      ] GC(774) Post Compact 6.970ms
[499.429s][info][gc,heap        ] GC(774) PSYoungGen: 1048576K(1223168K)->72980K(1223168K) Eden: 1048576K(1048576K)->72980K(1048576K) From: 0K(174592K)->0K(174592K)
[499.429s][info][gc,heap        ] GC(774) ParOldGen: 2796470K(2796544K)->2796486K(2796544K)
[499.429s][info][gc,metaspace   ] GC(774) Metaspace: 10579K(10816K)->10579K(10816K) NonClass: 9543K(9664K)->9543K(9664K) Class: 1035K(1152K)->1035K(1152K)
[499.429s][info][gc             ] GC(774) Pause Full (Ergonomics) 3754M->2802M(3925M) 169.387ms
[499.429s][info][gc,cpu         ] GC(774) User=1.31s Sys=0.00s Real=0.17s
[499.905s][info][gc,start       ] GC(775) Pause Full (Ergonomics)
[499.905s][info][gc,phases,start] GC(775) Marking Phase
[499.934s][info][gc,phases      ] GC(775) Marking Phase 29.503ms
[499.934s][info][gc,phases,start] GC(775) Summary Phase
[499.934s][info][gc,phases      ] GC(775) Summary Phase 0.064ms
[499.934s][info][gc,phases,start] GC(775) Adjust Roots
[499.935s][info][gc,phases      ] GC(775) Adjust Roots 0.559ms
[499.935s][info][gc,phases,start] GC(775) Compaction Phase
[500.066s][info][gc,phases      ] GC(775) Compaction Phase 131.116ms
[500.066s][info][gc,phases,start] GC(775) Post Compact
[500.076s][info][gc,phases      ] GC(775) Post Compact 10.231ms
[500.076s][info][gc,heap        ] GC(775) PSYoungGen: 1048576K(1223168K)->72976K(1223168K) Eden: 1048576K(1048576K)->72976K(1048576K) From: 0K(174592K)->0K(174592K)
[500.076s][info][gc,heap        ] GC(775) ParOldGen: 2796486K(2796544K)->2796494K(2796544K)
[500.076s][info][gc,metaspace   ] GC(775) Metaspace: 10579K(10816K)->10579K(10816K) NonClass: 9543K(9664K)->9543K(9664K) Class: 1035K(1152K)->1035K(1152K)
[500.077s][info][gc             ] GC(775) Pause Full (Ergonomics) 3754M->2802M(3925M) 171.819ms
[500.077s][info][gc,cpu         ] GC(775) User=1.31s Sys=0.00s Real=0.17s
[500.542s][info][gc,start       ] GC(776) Pause Full (Ergonomics)
[500.542s][info][gc,phases,start] GC(776) Marking Phase
[500.572s][info][gc,phases      ] GC(776) Marking Phase 30.051ms
[500.572s][info][gc,phases,start] GC(776) Summary Phase
[500.572s][info][gc,phases      ] GC(776) Summary Phase 0.064ms
[500.572s][info][gc,phases,start] GC(776) Adjust Roots
[500.572s][info][gc,phases      ] GC(776) Adjust Roots 0.567ms
[500.572s][info][gc,phases,start] GC(776) Compaction Phase
[500.703s][info][gc,phases      ] GC(776) Compaction Phase 130.465ms
[500.703s][info][gc,phases,start] GC(776) Post Compact
[500.713s][info][gc,phases      ] GC(776) Post Compact 10.456ms
[500.713s][info][gc,heap        ] GC(776) PSYoungGen: 1048576K(1223168K)->72948K(1223168K) Eden: 1048576K(1048576K)->72948K(1048576K) From: 0K(174592K)->0K(174592K)
[500.713s][info][gc,heap        ] GC(776) ParOldGen: 2796494K(2796544K)->2796519K(2796544K)
[500.713s][info][gc,metaspace   ] GC(776) Metaspace: 10579K(10816K)->10579K(10816K) NonClass: 9543K(9664K)->9543K(9664K) Class: 1035K(1152K)->1035K(1152K)
[500.714s][info][gc             ] GC(776) Pause Full (Ergonomics) 3754M->2802M(3925M) 171.963ms
[500.714s][info][gc,cpu         ] GC(776) User=1.31s Sys=0.00s Real=0.17s
[501.178s][info][gc,start       ] GC(777) Pause Full (Ergonomics)
[501.178s][info][gc,phases,start] GC(777) Marking Phase
[501.209s][info][gc,phases      ] GC(777) Marking Phase 30.708ms
[501.209s][info][gc,phases,start] GC(777) Summary Phase
[501.209s][info][gc,phases      ] GC(777) Summary Phase 0.064ms
[501.209s][info][gc,phases,start] GC(777) Adjust Roots
[501.210s][info][gc,phases      ] GC(777) Adjust Roots 0.568ms
[501.210s][info][gc,phases,start] GC(777) Compaction Phase
[501.341s][info][gc,phases      ] GC(777) Compaction Phase 131.360ms
[501.341s][info][gc,phases,start] GC(777) Post Compact
[501.353s][info][gc,phases      ] GC(777) Post Compact 11.907ms
[501.353s][info][gc,heap        ] GC(777) PSYoungGen: 1048576K(1223168K)->72956K(1223168K) Eden: 1048576K(1048576K)->72956K(1048576K) From: 0K(174592K)->0K(174592K)
[501.353s][info][gc,heap        ] GC(777) ParOldGen: 2796519K(2796544K)->2796511K(2796544K)
[501.353s][info][gc,metaspace   ] GC(777) Metaspace: 10579K(10816K)->10579K(10816K) NonClass: 9543K(9664K)->9543K(9664K) Class: 1035K(1152K)->1035K(1152K)
[501.353s][info][gc             ] GC(777) Pause Full (Ergonomics) 3754M->2802M(3925M) 174.944ms
[501.353s][info][gc,cpu         ] GC(777) User=1.32s Sys=0.00s Real=0.17s
[501.818s][info][gc,start       ] GC(778) Pause Full (Ergonomics)
[501.818s][info][gc,phases,start] GC(778) Marking Phase
[501.848s][info][gc,phases      ] GC(778) Marking Phase 30.076ms
[501.848s][info][gc,phases,start] GC(778) Summary Phase
[501.848s][info][gc,phases      ] GC(778) Summary Phase 0.064ms
[501.848s][info][gc,phases,start] GC(778) Adjust Roots
[501.849s][info][gc,phases      ] GC(778) Adjust Roots 0.409ms
[501.849s][info][gc,phases,start] GC(778) Compaction Phase
[501.979s][info][gc,phases      ] GC(778) Compaction Phase 130.190ms
[501.979s][info][gc,phases,start] GC(778) Post Compact
[501.990s][info][gc,phases      ] GC(778) Post Compact 10.943ms
[501.990s][info][gc,heap        ] GC(778) PSYoungGen: 1048576K(1223168K)->72935K(1223168K) Eden: 1048576K(1048576K)->72935K(1048576K) From: 0K(174592K)->0K(174592K)
[501.990s][info][gc,heap        ] GC(778) ParOldGen: 2796511K(2796544K)->2796531K(2796544K)
[501.990s][info][gc,metaspace   ] GC(778) Metaspace: 10579K(10816K)->10579K(10816K) NonClass: 9543K(9664K)->9543K(9664K) Class: 1035K(1152K)->1035K(1152K)
[501.990s][info][gc             ] GC(778) Pause Full (Ergonomics) 3754M->2802M(3925M) 172.050ms
[501.990s][info][gc,cpu         ] GC(778) User=1.31s Sys=0.00s Real=0.17s
[502.463s][info][gc,start       ] GC(779) Pause Full (Ergonomics)
[502.463s][info][gc,phases,start] GC(779) Marking Phase
[502.494s][info][gc,phases      ] GC(779) Marking Phase 30.281ms
[502.494s][info][gc,phases,start] GC(779) Summary Phase
[502.494s][info][gc,phases      ] GC(779) Summary Phase 0.060ms
[502.494s][info][gc,phases,start] GC(779) Adjust Roots
[502.494s][info][gc,phases      ] GC(779) Adjust Roots 0.537ms
[502.494s][info][gc,phases,start] GC(779) Compaction Phase
[502.625s][info][gc,phases      ] GC(779) Compaction Phase 130.151ms
[502.625s][info][gc,phases,start] GC(779) Post Compact
[502.636s][info][gc,phases      ] GC(779) Post Compact 11.553ms
[502.636s][info][gc,heap        ] GC(779) PSYoungGen: 1048576K(1223168K)->72984K(1223168K) Eden: 1048576K(1048576K)->72984K(1048576K) From: 0K(174592K)->0K(174592K)
[502.636s][info][gc,heap        ] GC(779) ParOldGen: 2796531K(2796544K)->2796482K(2796544K)
[502.636s][info][gc,metaspace   ] GC(779) Metaspace: 10579K(10816K)->10579K(10816K) NonClass: 9543K(9664K)->9543K(9664K) Class: 1035K(1152K)->1035K(1152K)
[502.636s][info][gc             ] GC(779) Pause Full (Ergonomics) 3754M->2802M(3925M) 172.893ms
[502.636s][info][gc,cpu         ] GC(779) User=1.31s Sys=0.00s Real=0.17s
[503.098s][info][gc,start       ] GC(780) Pause Full (Ergonomics)
[503.098s][info][gc,phases,start] GC(780) Marking Phase
[503.130s][info][gc,phases      ] GC(780) Marking Phase 31.991ms
[503.130s][info][gc,phases,start] GC(780) Summary Phase
[503.130s][info][gc,phases      ] GC(780) Summary Phase 0.064ms
[503.130s][info][gc,phases,start] GC(780) Adjust Roots
[503.131s][info][gc,phases      ] GC(780) Adjust Roots 0.406ms
[503.131s][info][gc,phases,start] GC(780) Compaction Phase
[503.262s][info][gc,phases      ] GC(780) Compaction Phase 130.833ms
[503.262s][info][gc,phases,start] GC(780) Post Compact
[503.271s][info][gc,phases      ] GC(780) Post Compact 8.905ms
[503.271s][info][gc,heap        ] GC(780) PSYoungGen: 1048576K(1223168K)->72984K(1223168K) Eden: 1048576K(1048576K)->72984K(1048576K) From: 0K(174592K)->0K(174592K)
[503.271s][info][gc,heap        ] GC(780) ParOldGen: 2796482K(2796544K)->2796482K(2796544K)
[503.271s][info][gc,metaspace   ] GC(780) Metaspace: 10579K(10816K)->10579K(10816K) NonClass: 9543K(9664K)->9543K(9664K) Class: 1035K(1152K)->1035K(1152K)
[503.271s][info][gc             ] GC(780) Pause Full (Ergonomics) 3754M->2802M(3925M) 172.537ms
[503.271s][info][gc,cpu         ] GC(780) User=1.32s Sys=0.00s Real=0.17s
[503.752s][info][gc,start       ] GC(781) Pause Full (Ergonomics)
[503.752s][info][gc,phases,start] GC(781) Marking Phase
[503.785s][info][gc,phases      ] GC(781) Marking Phase 32.777ms
[503.785s][info][gc,phases,start] GC(781) Summary Phase
[503.785s][info][gc,phases      ] GC(781) Summary Phase 0.064ms
[503.785s][info][gc,phases,start] GC(781) Adjust Roots
[503.785s][info][gc,phases      ] GC(781) Adjust Roots 0.406ms
[503.785s][info][gc,phases,start] GC(781) Compaction Phase
[503.917s][info][gc,phases      ] GC(781) Compaction Phase 131.463ms
[503.917s][info][gc,phases,start] GC(781) Post Compact
[503.929s][info][gc,phases      ] GC(781) Post Compact 12.111ms
[503.929s][info][gc,heap        ] GC(781) PSYoungGen: 1048576K(1223168K)->72980K(1223168K) Eden: 1048576K(1048576K)->72980K(1048576K) From: 0K(174592K)->0K(174592K)
[503.929s][info][gc,heap        ] GC(781) ParOldGen: 2796482K(2796544K)->2796486K(2796544K)
[503.929s][info][gc,metaspace   ] GC(781) Metaspace: 10579K(10816K)->10579K(10816K) NonClass: 9543K(9664K)->9543K(9664K) Class: 1035K(1152K)->1035K(1152K)
[503.929s][info][gc             ] GC(781) Pause Full (Ergonomics) 3754M->2802M(3925M) 177.199ms
[503.929s][info][gc,cpu         ] GC(781) User=1.31s Sys=0.00s Real=0.18s
[504.392s][info][gc,start       ] GC(782) Pause Full (Ergonomics)
[504.392s][info][gc,phases,start] GC(782) Marking Phase
[504.423s][info][gc,phases      ] GC(782) Marking Phase 30.596ms
[504.423s][info][gc,phases,start] GC(782) Summary Phase
[504.423s][info][gc,phases      ] GC(782) Summary Phase 0.064ms
[504.423s][info][gc,phases,start] GC(782) Adjust Roots
[504.423s][info][gc,phases      ] GC(782) Adjust Roots 0.403ms
[504.423s][info][gc,phases,start] GC(782) Compaction Phase
[504.554s][info][gc,phases      ] GC(782) Compaction Phase 130.594ms
[504.554s][info][gc,phases,start] GC(782) Post Compact
[504.561s][info][gc,phases      ] GC(782) Post Compact 6.847ms
[504.561s][info][gc,heap        ] GC(782) PSYoungGen: 1048576K(1223168K)->73005K(1223168K) Eden: 1048576K(1048576K)->73005K(1048576K) From: 0K(174592K)->0K(174592K)
[504.561s][info][gc,heap        ] GC(782) ParOldGen: 2796486K(2796544K)->2796462K(2796544K)
[504.561s][info][gc,metaspace   ] GC(782) Metaspace: 10579K(10816K)->10579K(10816K) NonClass: 9543K(9664K)->9543K(9664K) Class: 1035K(1152K)->1035K(1152K)
[504.561s][info][gc             ] GC(782) Pause Full (Ergonomics) 3754M->2802M(3925M) 168.824ms
[504.561s][info][gc,cpu         ] GC(782) User=1.30s Sys=0.00s Real=0.17s
[505.038s][info][gc,start       ] GC(783) Pause Full (Ergonomics)
[505.038s][info][gc,phases,start] GC(783) Marking Phase
[505.072s][info][gc,phases      ] GC(783) Marking Phase 33.392ms
[505.072s][info][gc,phases,start] GC(783) Summary Phase
[505.072s][info][gc,phases      ] GC(783) Summary Phase 0.064ms
[505.072s][info][gc,phases,start] GC(783) Adjust Roots
[505.072s][info][gc,phases      ] GC(783) Adjust Roots 0.408ms
[505.072s][info][gc,phases,start] GC(783) Compaction Phase
[505.204s][info][gc,phases      ] GC(783) Compaction Phase 131.586ms
[505.204s][info][gc,phases,start] GC(783) Post Compact
[505.211s][info][gc,phases      ] GC(783) Post Compact 6.934ms
[505.211s][info][gc,heap        ] GC(783) PSYoungGen: 1048576K(1223168K)->72976K(1223168K) Eden: 1048576K(1048576K)->72976K(1048576K) From: 0K(174592K)->0K(174592K)
[505.211s][info][gc,heap        ] GC(783) ParOldGen: 2796462K(2796544K)->2796490K(2796544K)
[505.211s][info][gc,metaspace   ] GC(783) Metaspace: 10579K(10816K)->10579K(10816K) NonClass: 9543K(9664K)->9543K(9664K) Class: 1035K(1152K)->1035K(1152K)
[505.211s][info][gc             ] GC(783) Pause Full (Ergonomics) 3754M->2802M(3925M) 172.713ms
[505.211s][info][gc,cpu         ] GC(783) User=1.32s Sys=0.00s Real=0.17s
[505.682s][info][gc,start       ] GC(784) Pause Full (Ergonomics)
[505.682s][info][gc,phases,start] GC(784) Marking Phase
[505.712s][info][gc,phases      ] GC(784) Marking Phase 29.360ms
[505.712s][info][gc,phases,start] GC(784) Summary Phase
[505.712s][info][gc,phases      ] GC(784) Summary Phase 0.064ms
[505.720s][info][gc,phases,start] GC(784) Adjust Roots
[505.721s][info][gc,phases      ] GC(784) Adjust Roots 1.025ms
[505.721s][info][gc,phases,start] GC(784) Compaction Phase
[505.850s][info][gc,phases      ] GC(784) Compaction Phase 128.519ms
[505.850s][info][gc,phases,start] GC(784) Post Compact
[505.858s][info][gc,phases      ] GC(784) Post Compact 8.297ms
[505.858s][info][gc,heap        ] GC(784) PSYoungGen: 1048576K(1223168K)->72948K(1223168K) Eden: 1048576K(1048576K)->72948K(1048576K) From: 0K(174592K)->0K(174592K)
[505.858s][info][gc,heap        ] GC(784) ParOldGen: 2796490K(2796544K)->2796519K(2796544K)
[505.858s][info][gc,metaspace   ] GC(784) Metaspace: 10579K(10816K)->10579K(10816K) NonClass: 9543K(9664K)->9543K(9664K) Class: 1035K(1152K)->1035K(1152K)
[505.858s][info][gc             ] GC(784) Pause Full (Ergonomics) 3754M->2802M(3925M) 176.169ms
[505.858s][info][gc,cpu         ] GC(784) User=1.30s Sys=0.00s Real=0.17s
[506.337s][info][gc,start       ] GC(785) Pause Full (Ergonomics)
[506.337s][info][gc,phases,start] GC(785) Marking Phase
[506.367s][info][gc,phases      ] GC(785) Marking Phase 30.025ms
[506.367s][info][gc,phases,start] GC(785) Summary Phase
[506.367s][info][gc,phases      ] GC(785) Summary Phase 0.064ms
[506.367s][info][gc,phases,start] GC(785) Adjust Roots
[506.368s][info][gc,phases      ] GC(785) Adjust Roots 0.404ms
[506.368s][info][gc,phases,start] GC(785) Compaction Phase
[506.500s][info][gc,phases      ] GC(785) Compaction Phase 131.877ms
[506.500s][info][gc,phases,start] GC(785) Post Compact
[506.507s][info][gc,phases      ] GC(785) Post Compact 6.960ms
[506.507s][info][gc,heap        ] GC(785) PSYoungGen: 1048576K(1223168K)->72952K(1223168K) Eden: 1048576K(1048576K)->72952K(1048576K) From: 0K(174592K)->0K(174592K)
[506.507s][info][gc,heap        ] GC(785) ParOldGen: 2796519K(2796544K)->2796515K(2796544K)
[506.507s][info][gc,metaspace   ] GC(785) Metaspace: 10579K(10816K)->10579K(10816K) NonClass: 9543K(9664K)->9543K(9664K) Class: 1035K(1152K)->1035K(1152K)
[506.507s][info][gc             ] GC(785) Pause Full (Ergonomics) 3754M->2802M(3925M) 169.660ms
[506.507s][info][gc,cpu         ] GC(785) User=1.31s Sys=0.00s Real=0.17s
[506.971s][info][gc,start       ] GC(786) Pause Full (Ergonomics)
[506.971s][info][gc,phases,start] GC(786) Marking Phase
[507.001s][info][gc,phases      ] GC(786) Marking Phase 29.941ms
[507.001s][info][gc,phases,start] GC(786) Summary Phase
[507.001s][info][gc,phases      ] GC(786) Summary Phase 0.063ms
[507.001s][info][gc,phases,start] GC(786) Adjust Roots
[507.002s][info][gc,phases      ] GC(786) Adjust Roots 0.569ms
[507.002s][info][gc,phases,start] GC(786) Compaction Phase
[507.134s][info][gc,phases      ] GC(786) Compaction Phase 131.911ms
[507.134s][info][gc,phases,start] GC(786) Post Compact
[507.140s][info][gc,phases      ] GC(786) Post Compact 5.890ms
[507.140s][info][gc,heap        ] GC(786) PSYoungGen: 1048576K(1223168K)->72976K(1223168K) Eden: 1048576K(1048576K)->72976K(1048576K) From: 0K(174592K)->0K(174592K)
[507.140s][info][gc,heap        ] GC(786) ParOldGen: 2796515K(2796544K)->2796490K(2796544K)
[507.140s][info][gc,metaspace   ] GC(786) Metaspace: 10579K(10816K)->10579K(10816K) NonClass: 9543K(9664K)->9543K(9664K) Class: 1035K(1152K)->1035K(1152K)
[507.140s][info][gc             ] GC(786) Pause Full (Ergonomics) 3754M->2802M(3925M) 168.676ms
[507.140s][info][gc,cpu         ] GC(786) User=1.31s Sys=0.00s Real=0.17s
[507.607s][info][gc,start       ] GC(787) Pause Full (Ergonomics)
[507.607s][info][gc,phases,start] GC(787) Marking Phase
[507.641s][info][gc,phases      ] GC(787) Marking Phase 33.655ms
[507.641s][info][gc,phases,start] GC(787) Summary Phase
[507.641s][info][gc,phases      ] GC(787) Summary Phase 0.105ms
[507.641s][info][gc,phases,start] GC(787) Adjust Roots
[507.641s][info][gc,phases      ] GC(787) Adjust Roots 0.484ms
[507.641s][info][gc,phases,start] GC(787) Compaction Phase
[507.770s][info][gc,phases      ] GC(787) Compaction Phase 128.433ms
[507.770s][info][gc,phases,start] GC(787) Post Compact
[507.776s][info][gc,phases      ] GC(787) Post Compact 6.097ms
[507.776s][info][gc,heap        ] GC(787) PSYoungGen: 1048576K(1223168K)->72960K(1223168K) Eden: 1048576K(1048576K)->72960K(1048576K) From: 0K(174592K)->0K(174592K)
[507.776s][info][gc,heap        ] GC(787) ParOldGen: 2796490K(2796544K)->2796506K(2796544K)
[507.776s][info][gc,metaspace   ] GC(787) Metaspace: 10579K(10816K)->10579K(10816K) NonClass: 9543K(9664K)->9543K(9664K) Class: 1035K(1152K)->1035K(1152K)
[507.776s][info][gc             ] GC(787) Pause Full (Ergonomics) 3754M->2802M(3925M) 169.134ms
[507.776s][info][gc,cpu         ] GC(787) User=1.29s Sys=0.00s Real=0.17s
[508.266s][info][gc,start       ] GC(788) Pause Full (Ergonomics)
[508.266s][info][gc,phases,start] GC(788) Marking Phase
[508.296s][info][gc,phases      ] GC(788) Marking Phase 29.647ms
[508.296s][info][gc,phases,start] GC(788) Summary Phase
[508.296s][info][gc,phases      ] GC(788) Summary Phase 0.065ms
[508.296s][info][gc,phases,start] GC(788) Adjust Roots
[508.296s][info][gc,phases      ] GC(788) Adjust Roots 0.406ms
[508.296s][info][gc,phases,start] GC(788) Compaction Phase
[508.428s][info][gc,phases      ] GC(788) Compaction Phase 131.833ms
[508.428s][info][gc,phases,start] GC(788) Post Compact
[508.435s][info][gc,phases      ] GC(788) Post Compact 6.634ms
[508.435s][info][gc,heap        ] GC(788) PSYoungGen: 1048576K(1223168K)->72939K(1223168K) Eden: 1048576K(1048576K)->72939K(1048576K) From: 0K(174592K)->0K(174592K)
[508.435s][info][gc,heap        ] GC(788) ParOldGen: 2796506K(2796544K)->2796527K(2796544K)
[508.435s][info][gc,metaspace   ] GC(788) Metaspace: 10579K(10816K)->10579K(10816K) NonClass: 9543K(9664K)->9543K(9664K) Class: 1035K(1152K)->1035K(1152K)
[508.435s][info][gc             ] GC(788) Pause Full (Ergonomics) 3754M->2802M(3925M) 168.927ms
[508.435s][info][gc,cpu         ] GC(788) User=1.31s Sys=0.00s Real=0.17s
[508.901s][info][gc,start       ] GC(789) Pause Full (Ergonomics)
[508.901s][info][gc,phases,start] GC(789) Marking Phase
[508.930s][info][gc,phases      ] GC(789) Marking Phase 29.601ms
[508.930s][info][gc,phases,start] GC(789) Summary Phase
[508.931s][info][gc,phases      ] GC(789) Summary Phase 0.063ms
[508.931s][info][gc,phases,start] GC(789) Adjust Roots
[508.931s][info][gc,phases      ] GC(789) Adjust Roots 0.404ms
[508.931s][info][gc,phases,start] GC(789) Compaction Phase
[509.062s][info][gc,phases      ] GC(789) Compaction Phase 131.332ms
[509.062s][info][gc,phases,start] GC(789) Post Compact
[509.069s][info][gc,phases      ] GC(789) Post Compact 7.111ms
[509.070s][info][gc,heap        ] GC(789) PSYoungGen: 1048576K(1223168K)->72972K(1223168K) Eden: 1048576K(1048576K)->72972K(1048576K) From: 0K(174592K)->0K(174592K)
[509.070s][info][gc,heap        ] GC(789) ParOldGen: 2796527K(2796544K)->2796494K(2796544K)
[509.070s][info][gc,metaspace   ] GC(789) Metaspace: 10579K(10816K)->10579K(10816K) NonClass: 9543K(9664K)->9543K(9664K) Class: 1035K(1152K)->1035K(1152K)
[509.070s][info][gc             ] GC(789) Pause Full (Ergonomics) 3754M->2802M(3925M) 168.840ms
[509.070s][info][gc,cpu         ] GC(789) User=1.31s Sys=0.00s Real=0.17s
[509.539s][info][gc,start       ] GC(790) Pause Full (Ergonomics)
[509.539s][info][gc,phases,start] GC(790) Marking Phase
[509.569s][info][gc,phases      ] GC(790) Marking Phase 29.674ms
[509.569s][info][gc,phases,start] GC(790) Summary Phase
[509.569s][info][gc,phases      ] GC(790) Summary Phase 0.064ms
[509.569s][info][gc,phases,start] GC(790) Adjust Roots
[509.570s][info][gc,phases      ] GC(790) Adjust Roots 0.414ms
[509.570s][info][gc,phases,start] GC(790) Compaction Phase
[509.698s][info][gc,phases      ] GC(790) Compaction Phase 128.736ms
[509.698s][info][gc,phases,start] GC(790) Post Compact
[509.707s][info][gc,phases      ] GC(790) Post Compact 8.233ms
[509.707s][info][gc,heap        ] GC(790) PSYoungGen: 1048576K(1223168K)->73009K(1223168K) Eden: 1048576K(1048576K)->73009K(1048576K) From: 0K(174592K)->0K(174592K)
[509.707s][info][gc,heap        ] GC(790) ParOldGen: 2796494K(2796544K)->2796458K(2796544K)
[509.707s][info][gc,metaspace   ] GC(790) Metaspace: 10579K(10816K)->10579K(10816K) NonClass: 9543K(9664K)->9543K(9664K) Class: 1035K(1152K)->1035K(1152K)
[509.707s][info][gc             ] GC(790) Pause Full (Ergonomics) 3754M->2802M(3925M) 167.431ms
[509.707s][info][gc,cpu         ] GC(790) User=1.29s Sys=0.00s Real=0.17s
[510.184s][info][gc,start       ] GC(791) Pause Full (Ergonomics)
[510.184s][info][gc,phases,start] GC(791) Marking Phase
[510.215s][info][gc,phases      ] GC(791) Marking Phase 30.970ms
[510.215s][info][gc,phases,start] GC(791) Summary Phase
[510.215s][info][gc,phases      ] GC(791) Summary Phase 0.063ms
[510.215s][info][gc,phases,start] GC(791) Adjust Roots
[510.215s][info][gc,phases      ] GC(791) Adjust Roots 0.553ms
[510.215s][info][gc,phases,start] GC(791) Compaction Phase
[510.346s][info][gc,phases      ] GC(791) Compaction Phase 130.215ms
[510.346s][info][gc,phases,start] GC(791) Post Compact
[510.355s][info][gc,phases      ] GC(791) Post Compact 9.156ms
[510.355s][info][gc,heap        ] GC(791) PSYoungGen: 1048576K(1223168K)->72960K(1223168K) Eden: 1048576K(1048576K)->72960K(1048576K) From: 0K(174592K)->0K(174592K)
[510.355s][info][gc,heap        ] GC(791) ParOldGen: 2796458K(2796544K)->2796506K(2796544K)
[510.355s][info][gc,metaspace   ] GC(791) Metaspace: 10579K(10816K)->10579K(10816K) NonClass: 9543K(9664K)->9543K(9664K) Class: 1035K(1152K)->1035K(1152K)
[510.355s][info][gc             ] GC(791) Pause Full (Ergonomics) 3754M->2802M(3925M) 171.303ms
[510.355s][info][gc,cpu         ] GC(791) User=1.31s Sys=0.00s Real=0.17s
[510.821s][info][gc,start       ] GC(792) Pause Full (Ergonomics)
[510.821s][info][gc,phases,start] GC(792) Marking Phase
[510.851s][info][gc,phases      ] GC(792) Marking Phase 29.446ms
[510.851s][info][gc,phases,start] GC(792) Summary Phase
[510.851s][info][gc,phases      ] GC(792) Summary Phase 0.064ms
[510.851s][info][gc,phases,start] GC(792) Adjust Roots
[510.851s][info][gc,phases      ] GC(792) Adjust Roots 0.571ms
[510.851s][info][gc,phases,start] GC(792) Compaction Phase
[510.984s][info][gc,phases      ] GC(792) Compaction Phase 132.255ms
[510.984s][info][gc,phases,start] GC(792) Post Compact
[510.991s][info][gc,phases      ] GC(792) Post Compact 6.828ms
[510.991s][info][gc,heap        ] GC(792) PSYoungGen: 1048576K(1223168K)->72964K(1223168K) Eden: 1048576K(1048576K)->72964K(1048576K) From: 0K(174592K)->0K(174592K)
[510.991s][info][gc,heap        ] GC(792) ParOldGen: 2796506K(2796544K)->2796502K(2796544K)
[510.991s][info][gc,metaspace   ] GC(792) Metaspace: 10579K(10816K)->10579K(10816K) NonClass: 9543K(9664K)->9543K(9664K) Class: 1035K(1152K)->1035K(1152K)
[510.991s][info][gc             ] GC(792) Pause Full (Ergonomics) 3754M->2802M(3925M) 169.503ms
[510.991s][info][gc,cpu         ] GC(792) User=1.31s Sys=0.00s Real=0.17s
[511.459s][info][gc,start       ] GC(793) Pause Full (Ergonomics)
[511.459s][info][gc,phases,start] GC(793) Marking Phase
[511.489s][info][gc,phases      ] GC(793) Marking Phase 30.567ms
[511.489s][info][gc,phases,start] GC(793) Summary Phase
[511.489s][info][gc,phases      ] GC(793) Summary Phase 0.068ms
[511.490s][info][gc,phases,start] GC(793) Adjust Roots
[511.490s][info][gc,phases      ] GC(793) Adjust Roots 0.412ms
[511.490s][info][gc,phases,start] GC(793) Compaction Phase
[511.621s][info][gc,phases      ] GC(793) Compaction Phase 131.313ms
[511.621s][info][gc,phases,start] GC(793) Post Compact
[511.628s][info][gc,phases      ] GC(793) Post Compact 6.869ms
[511.628s][info][gc,heap        ] GC(793) PSYoungGen: 1048576K(1223168K)->72948K(1223168K) Eden: 1048576K(1048576K)->72948K(1048576K) From: 0K(174592K)->0K(174592K)
[511.628s][info][gc,heap        ] GC(793) ParOldGen: 2796502K(2796544K)->2796519K(2796544K)
[511.628s][info][gc,metaspace   ] GC(793) Metaspace: 10579K(10816K)->10579K(10816K) NonClass: 9543K(9664K)->9543K(9664K) Class: 1035K(1152K)->1035K(1152K)
[511.628s][info][gc             ] GC(793) Pause Full (Ergonomics) 3754M->2802M(3925M) 169.571ms
[511.628s][info][gc,cpu         ] GC(793) User=1.31s Sys=0.00s Real=0.17s
[512.108s][info][gc,start       ] GC(794) Pause Full (Ergonomics)
[512.108s][info][gc,phases,start] GC(794) Marking Phase
[512.138s][info][gc,phases      ] GC(794) Marking Phase 30.057ms
[512.138s][info][gc,phases,start] GC(794) Summary Phase
[512.138s][info][gc,phases      ] GC(794) Summary Phase 0.064ms
[512.138s][info][gc,phases,start] GC(794) Adjust Roots
[512.138s][info][gc,phases      ] GC(794) Adjust Roots 0.406ms
[512.138s][info][gc,phases,start] GC(794) Compaction Phase
[512.270s][info][gc,phases      ] GC(794) Compaction Phase 131.583ms
[512.270s][info][gc,phases,start] GC(794) Post Compact
[512.277s][info][gc,phases      ] GC(794) Post Compact 6.786ms
[512.277s][info][gc,heap        ] GC(794) PSYoungGen: 1048576K(1223168K)->72952K(1223168K) Eden: 1048576K(1048576K)->72952K(1048576K) From: 0K(174592K)->0K(174592K)
[512.277s][info][gc,heap        ] GC(794) ParOldGen: 2796519K(2796544K)->2796515K(2796544K)
[512.277s][info][gc,metaspace   ] GC(794) Metaspace: 10579K(10816K)->10579K(10816K) NonClass: 9543K(9664K)->9543K(9664K) Class: 1035K(1152K)->1035K(1152K)
[512.277s][info][gc             ] GC(794) Pause Full (Ergonomics) 3754M->2802M(3925M) 169.253ms
[512.277s][info][gc,cpu         ] GC(794) User=1.30s Sys=0.00s Real=0.17s
[512.739s][info][gc,start       ] GC(795) Pause Full (Ergonomics)
[512.739s][info][gc,phases,start] GC(795) Marking Phase
[512.769s][info][gc,phases      ] GC(795) Marking Phase 30.093ms
[512.769s][info][gc,phases,start] GC(795) Summary Phase
[512.769s][info][gc,phases      ] GC(795) Summary Phase 0.064ms
[512.769s][info][gc,phases,start] GC(795) Adjust Roots
[512.769s][info][gc,phases      ] GC(795) Adjust Roots 0.406ms
[512.769s][info][gc,phases,start] GC(795) Compaction Phase
[512.901s][info][gc,phases      ] GC(795) Compaction Phase 131.337ms
[512.901s][info][gc,phases,start] GC(795) Post Compact
[512.913s][info][gc,phases      ] GC(795) Post Compact 12.301ms
[512.913s][info][gc,heap        ] GC(795) PSYoungGen: 1048576K(1223168K)->72984K(1223168K) Eden: 1048576K(1048576K)->72984K(1048576K) From: 0K(174592K)->0K(174592K)
[512.913s][info][gc,heap        ] GC(795) ParOldGen: 2796515K(2796544K)->2796482K(2796544K)
[512.913s][info][gc,metaspace   ] GC(795) Metaspace: 10579K(10816K)->10579K(10816K) NonClass: 9543K(9664K)->9543K(9664K) Class: 1035K(1152K)->1035K(1152K)
[512.913s][info][gc             ] GC(795) Pause Full (Ergonomics) 3754M->2802M(3925M) 174.539ms
[512.913s][info][gc,cpu         ] GC(795) User=1.31s Sys=0.00s Real=0.17s
[513.386s][info][gc,start       ] GC(796) Pause Full (Ergonomics)
[513.386s][info][gc,phases,start] GC(796) Marking Phase
[513.416s][info][gc,phases      ] GC(796) Marking Phase 30.322ms
[513.416s][info][gc,phases,start] GC(796) Summary Phase
[513.416s][info][gc,phases      ] GC(796) Summary Phase 0.064ms
[513.416s][info][gc,phases,start] GC(796) Adjust Roots
[513.417s][info][gc,phases      ] GC(796) Adjust Roots 0.406ms
[513.417s][info][gc,phases,start] GC(796) Compaction Phase
[513.547s][info][gc,phases      ] GC(796) Compaction Phase 130.420ms
[513.547s][info][gc,phases,start] GC(796) Post Compact
[513.558s][info][gc,phases      ] GC(796) Post Compact 11.188ms
[513.559s][info][gc,heap        ] GC(796) PSYoungGen: 1048576K(1223168K)->72984K(1223168K) Eden: 1048576K(1048576K)->72984K(1048576K) From: 0K(174592K)->0K(174592K)
[513.559s][info][gc,heap        ] GC(796) ParOldGen: 2796482K(2796544K)->2796482K(2796544K)
[513.559s][info][gc,metaspace   ] GC(796) Metaspace: 10579K(10816K)->10579K(10816K) NonClass: 9543K(9664K)->9543K(9664K) Class: 1035K(1152K)->1035K(1152K)
[513.559s][info][gc             ] GC(796) Pause Full (Ergonomics) 3754M->2802M(3925M) 172.730ms
[513.559s][info][gc,cpu         ] GC(796) User=1.31s Sys=0.00s Real=0.17s
[514.022s][info][gc,start       ] GC(797) Pause Full (Ergonomics)
[514.023s][info][gc,phases,start] GC(797) Marking Phase
[514.053s][info][gc,phases      ] GC(797) Marking Phase 30.631ms
[514.053s][info][gc,phases,start] GC(797) Summary Phase
[514.053s][info][gc,phases      ] GC(797) Summary Phase 0.065ms
[514.053s][info][gc,phases,start] GC(797) Adjust Roots
[514.054s][info][gc,phases      ] GC(797) Adjust Roots 0.582ms
[514.054s][info][gc,phases,start] GC(797) Compaction Phase
[514.185s][info][gc,phases      ] GC(797) Compaction Phase 131.072ms
[514.185s][info][gc,phases,start] GC(797) Post Compact
[514.197s][info][gc,phases      ] GC(797) Post Compact 11.643ms
[514.197s][info][gc,heap        ] GC(797) PSYoungGen: 1048576K(1223168K)->72980K(1223168K) Eden: 1048576K(1048576K)->72980K(1048576K) From: 0K(174592K)->0K(174592K)
[514.197s][info][gc,heap        ] GC(797) ParOldGen: 2796482K(2796544K)->2796486K(2796544K)
[514.197s][info][gc,metaspace   ] GC(797) Metaspace: 10579K(10816K)->10579K(10816K) NonClass: 9543K(9664K)->9543K(9664K) Class: 1035K(1152K)->1035K(1152K)
[514.197s][info][gc             ] GC(797) Pause Full (Ergonomics) 3754M->2802M(3925M) 174.352ms
[514.197s][info][gc,cpu         ] GC(797) User=1.32s Sys=0.01s Real=0.17s
[514.662s][info][gc,start       ] GC(798) Pause Full (Ergonomics)
[514.662s][info][gc,phases,start] GC(798) Marking Phase
[514.693s][info][gc,phases      ] GC(798) Marking Phase 30.674ms
[514.693s][info][gc,phases,start] GC(798) Summary Phase
[514.693s][info][gc,phases      ] GC(798) Summary Phase 0.065ms
[514.693s][info][gc,phases,start] GC(798) Adjust Roots
[514.694s][info][gc,phases      ] GC(798) Adjust Roots 0.591ms
[514.694s][info][gc,phases,start] GC(798) Compaction Phase
[514.825s][info][gc,phases      ] GC(798) Compaction Phase 131.177ms
[514.825s][info][gc,phases,start] GC(798) Post Compact
[514.834s][info][gc,phases      ] GC(798) Post Compact 9.012ms
[514.834s][info][gc,heap        ] GC(798) PSYoungGen: 1048576K(1223168K)->73005K(1223168K) Eden: 1048576K(1048576K)->73005K(1048576K) From: 0K(174592K)->0K(174592K)
[514.834s][info][gc,heap        ] GC(798) ParOldGen: 2796486K(2796544K)->2796462K(2796544K)
[514.834s][info][gc,metaspace   ] GC(798) Metaspace: 10579K(10816K)->10579K(10816K) NonClass: 9543K(9664K)->9543K(9664K) Class: 1035K(1152K)->1035K(1152K)
[514.834s][info][gc             ] GC(798) Pause Full (Ergonomics) 3754M->2802M(3925M) 171.828ms
[514.834s][info][gc,cpu         ] GC(798) User=1.31s Sys=0.00s Real=0.17s
[515.315s][info][gc,start       ] GC(799) Pause Full (Ergonomics)
[515.316s][info][gc,phases,start] GC(799) Marking Phase
[515.345s][info][gc,phases      ] GC(799) Marking Phase 29.642ms
[515.345s][info][gc,phases,start] GC(799) Summary Phase
[515.345s][info][gc,phases      ] GC(799) Summary Phase 0.064ms
[515.345s][info][gc,phases,start] GC(799) Adjust Roots
[515.346s][info][gc,phases      ] GC(799) Adjust Roots 0.561ms
[515.346s][info][gc,phases,start] GC(799) Compaction Phase
[515.478s][info][gc,phases      ] GC(799) Compaction Phase 131.820ms
[515.478s][info][gc,phases,start] GC(799) Post Compact
[515.487s][info][gc,phases      ] GC(799) Post Compact 9.086ms
[515.487s][info][gc,heap        ] GC(799) PSYoungGen: 1048576K(1223168K)->72923K(1223168K) Eden: 1048576K(1048576K)->72923K(1048576K) From: 0K(174592K)->0K(174592K)
[515.487s][info][gc,heap        ] GC(799) ParOldGen: 2796462K(2796544K)->2796543K(2796544K)
[515.487s][info][gc,metaspace   ] GC(799) Metaspace: 10579K(10816K)->10579K(10816K) NonClass: 9543K(9664K)->9543K(9664K) Class: 1035K(1152K)->1035K(1152K)
[515.487s][info][gc             ] GC(799) Pause Full (Ergonomics) 3754M->2802M(3925M) 171.493ms
[515.487s][info][gc,cpu         ] GC(799) User=1.32s Sys=0.00s Real=0.17s
[515.964s][info][gc,start       ] GC(800) Pause Full (Ergonomics)
[515.964s][info][gc,phases,start] GC(800) Marking Phase
[515.993s][info][gc,phases      ] GC(800) Marking Phase 29.453ms
[515.993s][info][gc,phases,start] GC(800) Summary Phase
[515.993s][info][gc,phases      ] GC(800) Summary Phase 0.063ms
[515.993s][info][gc,phases,start] GC(800) Adjust Roots
[515.994s][info][gc,phases      ] GC(800) Adjust Roots 0.429ms
[515.994s][info][gc,phases,start] GC(800) Compaction Phase
[516.124s][info][gc,phases      ] GC(800) Compaction Phase 130.172ms
[516.124s][info][gc,phases,start] GC(800) Post Compact
[516.133s][info][gc,phases      ] GC(800) Post Compact 9.225ms
[516.133s][info][gc,heap        ] GC(800) PSYoungGen: 1048576K(1223168K)->72964K(1223168K) Eden: 1048576K(1048576K)->72964K(1048576K) From: 0K(174592K)->0K(174592K)
[516.133s][info][gc,heap        ] GC(800) ParOldGen: 2796543K(2796544K)->2796502K(2796544K)
[516.133s][info][gc,metaspace   ] GC(800) Metaspace: 10579K(10816K)->10579K(10816K) NonClass: 9543K(9664K)->9543K(9664K) Class: 1035K(1152K)->1035K(1152K)
[516.133s][info][gc             ] GC(800) Pause Full (Ergonomics) 3754M->2802M(3925M) 169.676ms
[516.133s][info][gc,cpu         ] GC(800) User=1.31s Sys=0.00s Real=0.16s
[516.605s][info][gc,start       ] GC(801) Pause Full (Ergonomics)
[516.605s][info][gc,phases,start] GC(801) Marking Phase
[516.635s][info][gc,phases      ] GC(801) Marking Phase 29.986ms
[516.635s][info][gc,phases,start] GC(801) Summary Phase
[516.635s][info][gc,phases      ] GC(801) Summary Phase 0.065ms
[516.635s][info][gc,phases,start] GC(801) Adjust Roots
[516.635s][info][gc,phases      ] GC(801) Adjust Roots 0.575ms
[516.635s][info][gc,phases,start] GC(801) Compaction Phase
[516.767s][info][gc,phases      ] GC(801) Compaction Phase 131.370ms
[516.767s][info][gc,phases,start] GC(801) Post Compact
[516.777s][info][gc,phases      ] GC(801) Post Compact 10.627ms
[516.778s][info][gc,heap        ] GC(801) PSYoungGen: 1048576K(1223168K)->72988K(1223168K) Eden: 1048576K(1048576K)->72988K(1048576K) From: 0K(174592K)->0K(174592K)
[516.778s][info][gc,heap        ] GC(801) ParOldGen: 2796502K(2796544K)->2796478K(2796544K)
[516.778s][info][gc,metaspace   ] GC(801) Metaspace: 10579K(10816K)->10579K(10816K) NonClass: 9543K(9664K)->9543K(9664K) Class: 1035K(1152K)->1035K(1152K)
[516.778s][info][gc             ] GC(801) Pause Full (Ergonomics) 3754M->2802M(3925M) 172.975ms
[516.778s][info][gc,cpu         ] GC(801) User=1.30s Sys=0.00s Real=0.17s
[517.251s][info][gc,start       ] GC(802) Pause Full (Ergonomics)
[517.251s][info][gc,phases,start] GC(802) Marking Phase
[517.281s][info][gc,phases      ] GC(802) Marking Phase 30.604ms
[517.281s][info][gc,phases,start] GC(802) Summary Phase
[517.282s][info][gc,phases      ] GC(802) Summary Phase 0.066ms
[517.282s][info][gc,phases,start] GC(802) Adjust Roots
[517.282s][info][gc,phases      ] GC(802) Adjust Roots 0.558ms
[517.282s][info][gc,phases,start] GC(802) Compaction Phase
[517.414s][info][gc,phases      ] GC(802) Compaction Phase 131.618ms
[517.414s][info][gc,phases,start] GC(802) Post Compact
[517.425s][info][gc,phases      ] GC(802) Post Compact 11.404ms
[517.425s][info][gc,heap        ] GC(802) PSYoungGen: 1048576K(1223168K)->72960K(1223168K) Eden: 1048576K(1048576K)->72960K(1048576K) From: 0K(174592K)->0K(174592K)
[517.425s][info][gc,heap        ] GC(802) ParOldGen: 2796478K(2796544K)->2796506K(2796544K)
[517.425s][info][gc,metaspace   ] GC(802) Metaspace: 10579K(10816K)->10579K(10816K) NonClass: 9543K(9664K)->9543K(9664K) Class: 1035K(1152K)->1035K(1152K)
[517.425s][info][gc             ] GC(802) Pause Full (Ergonomics) 3754M->2802M(3925M) 174.613ms
[517.425s][info][gc,cpu         ] GC(802) User=1.31s Sys=0.00s Real=0.18s
[517.896s][info][gc,start       ] GC(803) Pause Full (Ergonomics)
[517.896s][info][gc,phases,start] GC(803) Marking Phase
[517.926s][info][gc,phases      ] GC(803) Marking Phase 30.268ms
[517.926s][info][gc,phases,start] GC(803) Summary Phase
[517.926s][info][gc,phases      ] GC(803) Summary Phase 0.063ms
[517.926s][info][gc,phases,start] GC(803) Adjust Roots
[517.926s][info][gc,phases      ] GC(803) Adjust Roots 0.407ms
[517.926s][info][gc,phases,start] GC(803) Compaction Phase
[518.058s][info][gc,phases      ] GC(803) Compaction Phase 131.553ms
[518.058s][info][gc,phases,start] GC(803) Post Compact
[518.065s][info][gc,phases      ] GC(803) Post Compact 6.838ms
[518.065s][info][gc,heap        ] GC(803) PSYoungGen: 1048576K(1223168K)->72972K(1223168K) Eden: 1048576K(1048576K)->72972K(1048576K) From: 0K(174592K)->0K(174592K)
[518.065s][info][gc,heap        ] GC(803) ParOldGen: 2796506K(2796544K)->2796494K(2796544K)
[518.065s][info][gc,metaspace   ] GC(803) Metaspace: 10579K(10816K)->10579K(10816K) NonClass: 9543K(9664K)->9543K(9664K) Class: 1035K(1152K)->1035K(1152K)
[518.065s][info][gc             ] GC(803) Pause Full (Ergonomics) 3754M->2802M(3925M) 169.464ms
[518.065s][info][gc,cpu         ] GC(803) User=1.31s Sys=0.00s Real=0.17s
[518.533s][info][gc,start       ] GC(804) Pause Full (Ergonomics)
[518.533s][info][gc,phases,start] GC(804) Marking Phase
[518.564s][info][gc,phases      ] GC(804) Marking Phase 30.956ms
[518.564s][info][gc,phases,start] GC(804) Summary Phase
[518.564s][info][gc,phases      ] GC(804) Summary Phase 0.063ms
[518.564s][info][gc,phases,start] GC(804) Adjust Roots
[518.565s][info][gc,phases      ] GC(804) Adjust Roots 0.418ms
[518.565s][info][gc,phases,start] GC(804) Compaction Phase
[518.696s][info][gc,phases      ] GC(804) Compaction Phase 131.164ms
[518.696s][info][gc,phases,start] GC(804) Post Compact
[518.704s][info][gc,phases      ] GC(804) Post Compact 7.683ms
[518.704s][info][gc,heap        ] GC(804) PSYoungGen: 1048576K(1223168K)->72972K(1223168K) Eden: 1048576K(1048576K)->72972K(1048576K) From: 0K(174592K)->0K(174592K)
[518.704s][info][gc,heap        ] GC(804) ParOldGen: 2796494K(2796544K)->2796494K(2796544K)
[518.704s][info][gc,metaspace   ] GC(804) Metaspace: 10579K(10816K)->10579K(10816K) NonClass: 9543K(9664K)->9543K(9664K) Class: 1035K(1152K)->1035K(1152K)
[518.704s][info][gc             ] GC(804) Pause Full (Ergonomics) 3754M->2802M(3925M) 170.628ms
[518.704s][info][gc,cpu         ] GC(804) User=1.30s Sys=0.01s Real=0.18s
[519.175s][info][gc,start       ] GC(805) Pause Full (Ergonomics)
[519.175s][info][gc,phases,start] GC(805) Marking Phase
[519.205s][info][gc,phases      ] GC(805) Marking Phase 30.190ms
[519.205s][info][gc,phases,start] GC(805) Summary Phase
[519.205s][info][gc,phases      ] GC(805) Summary Phase 0.064ms
[519.205s][info][gc,phases,start] GC(805) Adjust Roots
[519.205s][info][gc,phases      ] GC(805) Adjust Roots 0.447ms
[519.206s][info][gc,phases,start] GC(805) Compaction Phase
[519.337s][info][gc,phases      ] GC(805) Compaction Phase 131.333ms
[519.337s][info][gc,phases,start] GC(805) Post Compact
[519.345s][info][gc,phases      ] GC(805) Post Compact 7.933ms
[519.345s][info][gc,heap        ] GC(805) PSYoungGen: 1048576K(1223168K)->72948K(1223168K) Eden: 1048576K(1048576K)->72948K(1048576K) From: 0K(174592K)->0K(174592K)
[519.345s][info][gc,heap        ] GC(805) ParOldGen: 2796494K(2796544K)->2796519K(2796544K)
[519.345s][info][gc,metaspace   ] GC(805) Metaspace: 10579K(10816K)->10579K(10816K) NonClass: 9543K(9664K)->9543K(9664K) Class: 1035K(1152K)->1035K(1152K)
[519.345s][info][gc             ] GC(805) Pause Full (Ergonomics) 3754M->2802M(3925M) 170.330ms
[519.345s][info][gc,cpu         ] GC(805) User=1.31s Sys=0.01s Real=0.17s
[519.818s][info][gc,start       ] GC(806) Pause Full (Ergonomics)
[519.818s][info][gc,phases,start] GC(806) Marking Phase
[519.848s][info][gc,phases      ] GC(806) Marking Phase 30.319ms
[519.848s][info][gc,phases,start] GC(806) Summary Phase
[519.848s][info][gc,phases      ] GC(806) Summary Phase 0.065ms
[519.848s][info][gc,phases,start] GC(806) Adjust Roots
[519.849s][info][gc,phases      ] GC(806) Adjust Roots 0.453ms
[519.849s][info][gc,phases,start] GC(806) Compaction Phase
[519.980s][info][gc,phases      ] GC(806) Compaction Phase 131.571ms
[519.980s][info][gc,phases,start] GC(806) Post Compact
[519.988s][info][gc,phases      ] GC(806) Post Compact 7.548ms
[519.988s][info][gc,heap        ] GC(806) PSYoungGen: 1048576K(1223168K)->72972K(1223168K) Eden: 1048576K(1048576K)->72972K(1048576K) From: 0K(174592K)->0K(174592K)
[519.988s][info][gc,heap        ] GC(806) ParOldGen: 2796519K(2796544K)->2796494K(2796544K)
[519.988s][info][gc,metaspace   ] GC(806) Metaspace: 10579K(10816K)->10579K(10816K) NonClass: 9543K(9664K)->9543K(9664K) Class: 1035K(1152K)->1035K(1152K)
[519.988s][info][gc             ] GC(806) Pause Full (Ergonomics) 3754M->2802M(3925M) 170.279ms
[519.988s][info][gc,cpu         ] GC(806) User=1.31s Sys=0.00s Real=0.17s
[520.456s][info][gc,start       ] GC(807) Pause Full (Ergonomics)
[520.456s][info][gc,phases,start] GC(807) Marking Phase
[520.487s][info][gc,phases      ] GC(807) Marking Phase 31.493ms
[520.487s][info][gc,phases,start] GC(807) Summary Phase
[520.488s][info][gc,phases      ] GC(807) Summary Phase 0.065ms
[520.488s][info][gc,phases,start] GC(807) Adjust Roots
[520.488s][info][gc,phases      ] GC(807) Adjust Roots 0.625ms
[520.488s][info][gc,phases,start] GC(807) Compaction Phase
[520.619s][info][gc,phases      ] GC(807) Compaction Phase 131.174ms
[520.619s][info][gc,phases,start] GC(807) Post Compact
[520.628s][info][gc,phases      ] GC(807) Post Compact 8.341ms
[520.628s][info][gc,heap        ] GC(807) PSYoungGen: 1048576K(1223168K)->72988K(1223168K) Eden: 1048576K(1048576K)->72988K(1048576K) From: 0K(174592K)->0K(174592K)
[520.628s][info][gc,heap        ] GC(807) ParOldGen: 2796494K(2796544K)->2796478K(2796544K)
[520.628s][info][gc,metaspace   ] GC(807) Metaspace: 10579K(10816K)->10579K(10816K) NonClass: 9543K(9664K)->9543K(9664K) Class: 1035K(1152K)->1035K(1152K)
[520.628s][info][gc             ] GC(807) Pause Full (Ergonomics) 3754M->2802M(3925M) 172.055ms
[520.628s][info][gc,cpu         ] GC(807) User=1.31s Sys=0.00s Real=0.17s
[521.099s][info][gc,start       ] GC(808) Pause Full (Ergonomics)
[521.099s][info][gc,phases,start] GC(808) Marking Phase
[521.128s][info][gc,phases      ] GC(808) Marking Phase 29.727ms
[521.128s][info][gc,phases,start] GC(808) Summary Phase
[521.128s][info][gc,phases      ] GC(808) Summary Phase 0.065ms
[521.128s][info][gc,phases,start] GC(808) Adjust Roots
[521.129s][info][gc,phases      ] GC(808) Adjust Roots 0.408ms
[521.129s][info][gc,phases,start] GC(808) Compaction Phase
[521.260s][info][gc,phases      ] GC(808) Compaction Phase 131.380ms
[521.260s][info][gc,phases,start] GC(808) Post Compact
[521.268s][info][gc,phases      ] GC(808) Post Compact 7.297ms
[521.268s][info][gc,heap        ] GC(808) PSYoungGen: 1048576K(1223168K)->73001K(1223168K) Eden: 1048576K(1048576K)->73001K(1048576K) From: 0K(174592K)->0K(174592K)
[521.268s][info][gc,heap        ] GC(808) ParOldGen: 2796478K(2796544K)->2796466K(2796544K)
[521.268s][info][gc,metaspace   ] GC(808) Metaspace: 10579K(10816K)->10579K(10816K) NonClass: 9543K(9664K)->9543K(9664K) Class: 1035K(1152K)->1035K(1152K)
[521.268s][info][gc             ] GC(808) Pause Full (Ergonomics) 3754M->2802M(3925M) 169.219ms
[521.268s][info][gc,cpu         ] GC(808) User=1.30s Sys=0.00s Real=0.17s
[521.739s][info][gc,start       ] GC(809) Pause Full (Ergonomics)
[521.739s][info][gc,phases,start] GC(809) Marking Phase
[521.769s][info][gc,phases      ] GC(809) Marking Phase 30.027ms
[521.769s][info][gc,phases,start] GC(809) Summary Phase
[521.769s][info][gc,phases      ] GC(809) Summary Phase 0.064ms
[521.769s][info][gc,phases,start] GC(809) Adjust Roots
[521.770s][info][gc,phases      ] GC(809) Adjust Roots 0.568ms
[521.770s][info][gc,phases,start] GC(809) Compaction Phase
[521.900s][info][gc,phases      ] GC(809) Compaction Phase 130.025ms
[521.900s][info][gc,phases,start] GC(809) Post Compact
[521.911s][info][gc,phases      ] GC(809) Post Compact 11.290ms
[521.911s][info][gc,heap        ] GC(809) PSYoungGen: 1048576K(1223168K)->72984K(1223168K) Eden: 1048576K(1048576K)->72984K(1048576K) From: 0K(174592K)->0K(174592K)
[521.911s][info][gc,heap        ] GC(809) ParOldGen: 2796466K(2796544K)->2796482K(2796544K)
[521.911s][info][gc,metaspace   ] GC(809) Metaspace: 10579K(10816K)->10579K(10816K) NonClass: 9543K(9664K)->9543K(9664K) Class: 1035K(1152K)->1035K(1152K)
[521.911s][info][gc             ] GC(809) Pause Full (Ergonomics) 3754M->2802M(3925M) 172.316ms
[521.911s][info][gc,cpu         ] GC(809) User=1.31s Sys=0.00s Real=0.17s
[522.384s][info][gc,start       ] GC(810) Pause Full (Ergonomics)
[522.384s][info][gc,phases,start] GC(810) Marking Phase
[522.414s][info][gc,phases      ] GC(810) Marking Phase 30.408ms
[522.414s][info][gc,phases,start] GC(810) Summary Phase
[522.414s][info][gc,phases      ] GC(810) Summary Phase 0.065ms
[522.414s][info][gc,phases,start] GC(810) Adjust Roots
[522.415s][info][gc,phases      ] GC(810) Adjust Roots 0.564ms
[522.415s][info][gc,phases,start] GC(810) Compaction Phase
[522.547s][info][gc,phases      ] GC(810) Compaction Phase 132.188ms
[522.547s][info][gc,phases,start] GC(810) Post Compact
[522.555s][info][gc,phases      ] GC(810) Post Compact 8.001ms
[522.555s][info][gc,heap        ] GC(810) PSYoungGen: 1048576K(1223168K)->72964K(1223168K) Eden: 1048576K(1048576K)->72964K(1048576K) From: 0K(174592K)->0K(174592K)
[522.555s][info][gc,heap        ] GC(810) ParOldGen: 2796482K(2796544K)->2796502K(2796544K)
[522.555s][info][gc,metaspace   ] GC(810) Metaspace: 10579K(10816K)->10579K(10816K) NonClass: 9543K(9664K)->9543K(9664K) Class: 1035K(1152K)->1035K(1152K)
[522.555s][info][gc             ] GC(810) Pause Full (Ergonomics) 3754M->2802M(3925M) 171.565ms
[522.555s][info][gc,cpu         ] GC(810) User=1.31s Sys=0.00s Real=0.17s
[523.024s][info][gc,start       ] GC(811) Pause Full (Ergonomics)
[523.024s][info][gc,phases,start] GC(811) Marking Phase
[523.054s][info][gc,phases      ] GC(811) Marking Phase 29.702ms
[523.054s][info][gc,phases,start] GC(811) Summary Phase
[523.054s][info][gc,phases      ] GC(811) Summary Phase 0.064ms
[523.054s][info][gc,phases,start] GC(811) Adjust Roots
[523.054s][info][gc,phases      ] GC(811) Adjust Roots 0.405ms
[523.054s][info][gc,phases,start] GC(811) Compaction Phase
[523.186s][info][gc,phases      ] GC(811) Compaction Phase 132.047ms
[523.186s][info][gc,phases,start] GC(811) Post Compact
[523.194s][info][gc,phases      ] GC(811) Post Compact 7.285ms
[523.194s][info][gc,heap        ] GC(811) PSYoungGen: 1048576K(1223168K)->72956K(1223168K) Eden: 1048576K(1048576K)->72956K(1048576K) From: 0K(174592K)->0K(174592K)
[523.194s][info][gc,heap        ] GC(811) ParOldGen: 2796502K(2796544K)->2796511K(2796544K)
[523.194s][info][gc,metaspace   ] GC(811) Metaspace: 10579K(10816K)->10579K(10816K) NonClass: 9543K(9664K)->9543K(9664K) Class: 1035K(1152K)->1035K(1152K)
[523.194s][info][gc             ] GC(811) Pause Full (Ergonomics) 3754M->2802M(3925M) 169.837ms
[523.194s][info][gc,cpu         ] GC(811) User=1.31s Sys=0.00s Real=0.17s
[523.663s][info][gc,start       ] GC(812) Pause Full (Ergonomics)
[523.663s][info][gc,phases,start] GC(812) Marking Phase
[523.693s][info][gc,phases      ] GC(812) Marking Phase 30.110ms
[523.693s][info][gc,phases,start] GC(812) Summary Phase
[523.693s][info][gc,phases      ] GC(812) Summary Phase 0.064ms
[523.693s][info][gc,phases,start] GC(812) Adjust Roots
[523.693s][info][gc,phases      ] GC(812) Adjust Roots 0.410ms
[523.693s][info][gc,phases,start] GC(812) Compaction Phase
[523.824s][info][gc,phases      ] GC(812) Compaction Phase 130.783ms
[523.824s][info][gc,phases,start] GC(812) Post Compact
[523.831s][info][gc,phases      ] GC(812) Post Compact 6.986ms
[523.831s][info][gc,heap        ] GC(812) PSYoungGen: 1048576K(1223168K)->72972K(1223168K) Eden: 1048576K(1048576K)->72972K(1048576K) From: 0K(174592K)->0K(174592K)
[523.831s][info][gc,heap        ] GC(812) ParOldGen: 2796511K(2796544K)->2796494K(2796544K)
[523.831s][info][gc,metaspace   ] GC(812) Metaspace: 10579K(10816K)->10579K(10816K) NonClass: 9543K(9664K)->9543K(9664K) Class: 1035K(1152K)->1035K(1152K)
[523.831s][info][gc             ] GC(812) Pause Full (Ergonomics) 3754M->2802M(3925M) 168.686ms
[523.831s][info][gc,cpu         ] GC(812) User=1.29s Sys=0.01s Real=0.16s
[524.299s][info][gc,start       ] GC(813) Pause Full (Ergonomics)
[524.299s][info][gc,phases,start] GC(813) Marking Phase
[524.330s][info][gc,phases      ] GC(813) Marking Phase 30.543ms
[524.330s][info][gc,phases,start] GC(813) Summary Phase
[524.330s][info][gc,phases      ] GC(813) Summary Phase 0.065ms
[524.330s][info][gc,phases,start] GC(813) Adjust Roots
[524.331s][info][gc,phases      ] GC(813) Adjust Roots 0.480ms
[524.331s][info][gc,phases,start] GC(813) Compaction Phase
[524.463s][info][gc,phases      ] GC(813) Compaction Phase 132.057ms
[524.463s][info][gc,phases,start] GC(813) Post Compact
[524.470s][info][gc,phases      ] GC(813) Post Compact 7.262ms
[524.470s][info][gc,heap        ] GC(813) PSYoungGen: 1048576K(1223168K)->72944K(1223168K) Eden: 1048576K(1048576K)->72944K(1048576K) From: 0K(174592K)->0K(174592K)
[524.470s][info][gc,heap        ] GC(813) ParOldGen: 2796494K(2796544K)->2796523K(2796544K)
[524.470s][info][gc,metaspace   ] GC(813) Metaspace: 10579K(10816K)->10579K(10816K) NonClass: 9543K(9664K)->9543K(9664K) Class: 1035K(1152K)->1035K(1152K)
[524.470s][info][gc             ] GC(813) Pause Full (Ergonomics) 3754M->2802M(3925M) 170.737ms
[524.470s][info][gc,cpu         ] GC(813) User=1.31s Sys=0.00s Real=0.17s
[524.938s][info][gc,start       ] GC(814) Pause Full (Ergonomics)
[524.938s][info][gc,phases,start] GC(814) Marking Phase
[524.967s][info][gc,phases      ] GC(814) Marking Phase 29.710ms
[524.967s][info][gc,phases,start] GC(814) Summary Phase
[524.967s][info][gc,phases      ] GC(814) Summary Phase 0.083ms
[524.967s][info][gc,phases,start] GC(814) Adjust Roots
[524.968s][info][gc,phases      ] GC(814) Adjust Roots 0.410ms
[524.968s][info][gc,phases,start] GC(814) Compaction Phase
[525.099s][info][gc,phases      ] GC(814) Compaction Phase 131.457ms
[525.099s][info][gc,phases,start] GC(814) Post Compact
[525.108s][info][gc,phases      ] GC(814) Post Compact 8.446ms
[525.108s][info][gc,heap        ] GC(814) PSYoungGen: 1048576K(1223168K)->72952K(1223168K) Eden: 1048576K(1048576K)->72952K(1048576K) From: 0K(174592K)->0K(174592K)
[525.108s][info][gc,heap        ] GC(814) ParOldGen: 2796523K(2796544K)->2796515K(2796544K)
[525.108s][info][gc,metaspace   ] GC(814) Metaspace: 10579K(10816K)->10579K(10816K) NonClass: 9543K(9664K)->9543K(9664K) Class: 1035K(1152K)->1035K(1152K)
[525.108s][info][gc             ] GC(814) Pause Full (Ergonomics) 3754M->2802M(3925M) 170.434ms
[525.108s][info][gc,cpu         ] GC(814) User=1.31s Sys=0.00s Real=0.17s
[525.578s][info][gc,start       ] GC(815) Pause Full (Ergonomics)
[525.578s][info][gc,phases,start] GC(815) Marking Phase
[525.610s][info][gc,phases      ] GC(815) Marking Phase 31.402ms
[525.610s][info][gc,phases,start] GC(815) Summary Phase
[525.610s][info][gc,phases      ] GC(815) Summary Phase 0.064ms
[525.610s][info][gc,phases,start] GC(815) Adjust Roots
[525.610s][info][gc,phases      ] GC(815) Adjust Roots 0.408ms
[525.610s][info][gc,phases,start] GC(815) Compaction Phase
[525.742s][info][gc,phases      ] GC(815) Compaction Phase 131.895ms
[525.742s][info][gc,phases,start] GC(815) Post Compact
[525.749s][info][gc,phases      ] GC(815) Post Compact 6.861ms
[525.749s][info][gc,heap        ] GC(815) PSYoungGen: 1048576K(1223168K)->72984K(1223168K) Eden: 1048576K(1048576K)->72984K(1048576K) From: 0K(174592K)->0K(174592K)
[525.749s][info][gc,heap        ] GC(815) ParOldGen: 2796515K(2796544K)->2796482K(2796544K)
[525.749s][info][gc,metaspace   ] GC(815) Metaspace: 10579K(10816K)->10579K(10816K) NonClass: 9543K(9664K)->9543K(9664K) Class: 1035K(1152K)->1035K(1152K)
[525.749s][info][gc             ] GC(815) Pause Full (Ergonomics) 3754M->2802M(3925M) 170.957ms
[525.749s][info][gc,cpu         ] GC(815) User=1.31s Sys=0.00s Real=0.17s
[526.216s][info][gc,start       ] GC(816) Pause Full (Ergonomics)
[526.216s][info][gc,phases,start] GC(816) Marking Phase
[526.246s][info][gc,phases      ] GC(816) Marking Phase 29.605ms
[526.246s][info][gc,phases,start] GC(816) Summary Phase
[526.246s][info][gc,phases      ] GC(816) Summary Phase 0.064ms
[526.246s][info][gc,phases,start] GC(816) Adjust Roots
[526.246s][info][gc,phases      ] GC(816) Adjust Roots 0.560ms
[526.246s][info][gc,phases,start] GC(816) Compaction Phase
[526.384s][info][gc,phases      ] GC(816) Compaction Phase 138.026ms
[526.384s][info][gc,phases,start] GC(816) Post Compact
[526.395s][info][gc,phases      ] GC(816) Post Compact 10.382ms
[526.395s][info][gc,heap        ] GC(816) PSYoungGen: 1048576K(1223168K)->72944K(1223168K) Eden: 1048576K(1048576K)->72944K(1048576K) From: 0K(174592K)->0K(174592K)
[526.395s][info][gc,heap        ] GC(816) ParOldGen: 2796482K(2796544K)->2796523K(2796544K)
[526.395s][info][gc,metaspace   ] GC(816) Metaspace: 10579K(10816K)->10579K(10816K) NonClass: 9543K(9664K)->9543K(9664K) Class: 1035K(1152K)->1035K(1152K)
[526.395s][info][gc             ] GC(816) Pause Full (Ergonomics) 3754M->2802M(3925M) 178.976ms
[526.395s][info][gc,cpu         ] GC(816) User=1.32s Sys=0.00s Real=0.18s
[526.865s][info][gc,start       ] GC(817) Pause Full (Ergonomics)
[526.865s][info][gc,phases,start] GC(817) Marking Phase
[526.898s][info][gc,phases      ] GC(817) Marking Phase 32.537ms
[526.898s][info][gc,phases,start] GC(817) Summary Phase
[526.898s][info][gc,phases      ] GC(817) Summary Phase 0.065ms
[526.898s][info][gc,phases,start] GC(817) Adjust Roots
[526.898s][info][gc,phases      ] GC(817) Adjust Roots 0.560ms
[526.898s][info][gc,phases,start] GC(817) Compaction Phase
[527.036s][info][gc,phases      ] GC(817) Compaction Phase 138.036ms
[527.037s][info][gc,phases,start] GC(817) Post Compact
[527.047s][info][gc,phases      ] GC(817) Post Compact 10.683ms
[527.047s][info][gc,heap        ] GC(817) PSYoungGen: 1048576K(1223168K)->72944K(1223168K) Eden: 1048576K(1048576K)->72944K(1048576K) From: 0K(174592K)->0K(174592K)
[527.047s][info][gc,heap        ] GC(817) ParOldGen: 2796523K(2796544K)->2796523K(2796544K)
[527.047s][info][gc,metaspace   ] GC(817) Metaspace: 10579K(10816K)->10579K(10816K) NonClass: 9543K(9664K)->9543K(9664K) Class: 1035K(1152K)->1035K(1152K)
[527.047s][info][gc             ] GC(817) Pause Full (Ergonomics) 3754M->2802M(3925M) 182.219ms
[527.047s][info][gc,cpu         ] GC(817) User=1.33s Sys=0.00s Real=0.18s
[527.506s][info][gc,start       ] GC(818) Pause Full (Ergonomics)
[527.506s][info][gc,phases,start] GC(818) Marking Phase
[527.539s][info][gc,phases      ] GC(818) Marking Phase 32.605ms
[527.539s][info][gc,phases,start] GC(818) Summary Phase
[527.539s][info][gc,phases      ] GC(818) Summary Phase 0.064ms
[527.539s][info][gc,phases,start] GC(818) Adjust Roots
[527.539s][info][gc,phases      ] GC(818) Adjust Roots 0.560ms
[527.539s][info][gc,phases,start] GC(818) Compaction Phase
[527.674s][info][gc,phases      ] GC(818) Compaction Phase 134.659ms
[527.674s][info][gc,phases,start] GC(818) Post Compact
[527.682s][info][gc,phases      ] GC(818) Post Compact 8.401ms
[527.683s][info][gc,heap        ] GC(818) PSYoungGen: 1048576K(1223168K)->73416K(1223168K) Eden: 1048576K(1048576K)->73416K(1048576K) From: 0K(174592K)->0K(174592K)
[527.683s][info][gc,heap        ] GC(818) ParOldGen: 2796523K(2796544K)->2796051K(2796544K)
[527.683s][info][gc,metaspace   ] GC(818) Metaspace: 10579K(10816K)->10579K(10816K) NonClass: 9543K(9664K)->9543K(9664K) Class: 1035K(1152K)->1035K(1152K)
[527.683s][info][gc             ] GC(818) Pause Full (Ergonomics) 3754M->2802M(3925M) 176.610ms
[527.683s][info][gc,cpu         ] GC(818) User=1.33s Sys=0.00s Real=0.18s
[528.148s][info][gc,start       ] GC(819) Pause Full (Ergonomics)
[528.148s][info][gc,phases,start] GC(819) Marking Phase
[528.179s][info][gc,phases      ] GC(819) Marking Phase 30.889ms
[528.179s][info][gc,phases,start] GC(819) Summary Phase
[528.179s][info][gc,phases      ] GC(819) Summary Phase 0.065ms
[528.179s][info][gc,phases,start] GC(819) Adjust Roots
[528.180s][info][gc,phases      ] GC(819) Adjust Roots 0.630ms
[528.180s][info][gc,phases,start] GC(819) Compaction Phase
[528.304s][info][gc,phases      ] GC(819) Compaction Phase 123.805ms
[528.304s][info][gc,phases,start] GC(819) Post Compact
[528.310s][info][gc,phases      ] GC(819) Post Compact 6.519ms
[528.310s][info][gc,heap        ] GC(819) PSYoungGen: 1048576K(1223168K)->72976K(1223168K) Eden: 1048576K(1048576K)->72976K(1048576K) From: 0K(174592K)->0K(174592K)
[528.310s][info][gc,heap        ] GC(819) ParOldGen: 2796051K(2796544K)->2796490K(2796544K)
[528.311s][info][gc,metaspace   ] GC(819) Metaspace: 10579K(10816K)->10579K(10816K) NonClass: 9543K(9664K)->9543K(9664K) Class: 1035K(1152K)->1035K(1152K)
[528.311s][info][gc             ] GC(819) Pause Full (Ergonomics) 3754M->2802M(3925M) 162.252ms
[528.311s][info][gc,cpu         ] GC(819) User=1.33s Sys=0.00s Real=0.16s
[528.778s][info][gc,start       ] GC(820) Pause Full (Ergonomics)
[528.778s][info][gc,phases,start] GC(820) Marking Phase
[528.809s][info][gc,phases      ] GC(820) Marking Phase 31.012ms
[528.809s][info][gc,phases,start] GC(820) Summary Phase
[528.809s][info][gc,phases      ] GC(820) Summary Phase 0.064ms
[528.809s][info][gc,phases,start] GC(820) Adjust Roots
[528.810s][info][gc,phases      ] GC(820) Adjust Roots 0.561ms
[528.810s][info][gc,phases,start] GC(820) Compaction Phase
[528.948s][info][gc,phases      ] GC(820) Compaction Phase 138.305ms
[528.948s][info][gc,phases,start] GC(820) Post Compact
[528.958s][info][gc,phases      ] GC(820) Post Compact 9.763ms
[528.958s][info][gc,heap        ] GC(820) PSYoungGen: 1048576K(1223168K)->72980K(1223168K) Eden: 1048576K(1048576K)->72980K(1048576K) From: 0K(174592K)->0K(174592K)
[528.958s][info][gc,heap        ] GC(820) ParOldGen: 2796490K(2796544K)->2796486K(2796544K)
[528.958s][info][gc,metaspace   ] GC(820) Metaspace: 10579K(10816K)->10579K(10816K) NonClass: 9543K(9664K)->9543K(9664K) Class: 1035K(1152K)->1035K(1152K)
[528.958s][info][gc             ] GC(820) Pause Full (Ergonomics) 3754M->2802M(3925M) 180.059ms
[528.958s][info][gc,cpu         ] GC(820) User=1.32s Sys=0.00s Real=0.18s
[529.433s][info][gc,start       ] GC(821) Pause Full (Ergonomics)
[529.433s][info][gc,phases,start] GC(821) Marking Phase
[529.464s][info][gc,phases      ] GC(821) Marking Phase 31.019ms
[529.464s][info][gc,phases,start] GC(821) Summary Phase
[529.464s][info][gc,phases      ] GC(821) Summary Phase 0.065ms
[529.464s][info][gc,phases,start] GC(821) Adjust Roots
[529.465s][info][gc,phases      ] GC(821) Adjust Roots 0.635ms
[529.465s][info][gc,phases,start] GC(821) Compaction Phase
[529.603s][info][gc,phases      ] GC(821) Compaction Phase 138.406ms
[529.603s][info][gc,phases,start] GC(821) Post Compact
[529.614s][info][gc,phases      ] GC(821) Post Compact 11.143ms
[529.614s][info][gc,heap        ] GC(821) PSYoungGen: 1048576K(1223168K)->72923K(1223168K) Eden: 1048576K(1048576K)->72923K(1048576K) From: 0K(174592K)->0K(174592K)
[529.614s][info][gc,heap        ] GC(821) ParOldGen: 2796486K(2796544K)->2796543K(2796544K)
[529.615s][info][gc,metaspace   ] GC(821) Metaspace: 10579K(10816K)->10579K(10816K) NonClass: 9543K(9664K)->9543K(9664K) Class: 1035K(1152K)->1035K(1152K)
[529.615s][info][gc             ] GC(821) Pause Full (Ergonomics) 3754M->2802M(3925M) 181.602ms
[529.615s][info][gc,cpu         ] GC(821) User=1.33s Sys=0.01s Real=0.19s
[530.083s][info][gc,start       ] GC(822) Pause Full (Ergonomics)
[530.083s][info][gc,phases,start] GC(822) Marking Phase
[530.116s][info][gc,phases      ] GC(822) Marking Phase 32.364ms
[530.116s][info][gc,phases,start] GC(822) Summary Phase
[530.116s][info][gc,phases      ] GC(822) Summary Phase 0.064ms
[530.116s][info][gc,phases,start] GC(822) Adjust Roots
[530.116s][info][gc,phases      ] GC(822) Adjust Roots 0.482ms
[530.116s][info][gc,phases,start] GC(822) Compaction Phase
[530.254s][info][gc,phases      ] GC(822) Compaction Phase 137.746ms
[530.254s][info][gc,phases,start] GC(822) Post Compact
[530.263s][info][gc,phases      ] GC(822) Post Compact 9.130ms
[530.263s][info][gc,heap        ] GC(822) PSYoungGen: 1048576K(1223168K)->72980K(1223168K) Eden: 1048576K(1048576K)->72980K(1048576K) From: 0K(174592K)->0K(174592K)
[530.263s][info][gc,heap        ] GC(822) ParOldGen: 2796543K(2796544K)->2796486K(2796544K)
[530.263s][info][gc,metaspace   ] GC(822) Metaspace: 10579K(10816K)->10579K(10816K) NonClass: 9543K(9664K)->9543K(9664K) Class: 1035K(1152K)->1035K(1152K)
[530.263s][info][gc             ] GC(822) Pause Full (Ergonomics) 3754M->2802M(3925M) 180.103ms
[530.263s][info][gc,cpu         ] GC(822) User=1.33s Sys=0.00s Real=0.18s
[530.741s][info][gc,start       ] GC(823) Pause Full (Ergonomics)
[530.741s][info][gc,phases,start] GC(823) Marking Phase
[530.772s][info][gc,phases      ] GC(823) Marking Phase 30.925ms
[530.772s][info][gc,phases,start] GC(823) Summary Phase
[530.772s][info][gc,phases      ] GC(823) Summary Phase 0.064ms
[530.772s][info][gc,phases,start] GC(823) Adjust Roots
[530.773s][info][gc,phases      ] GC(823) Adjust Roots 0.559ms
[530.773s][info][gc,phases,start] GC(823) Compaction Phase
[530.911s][info][gc,phases      ] GC(823) Compaction Phase 138.004ms
[530.911s][info][gc,phases,start] GC(823) Post Compact
[530.921s][info][gc,phases      ] GC(823) Post Compact 10.561ms
[530.921s][info][gc,heap        ] GC(823) PSYoungGen: 1048576K(1223168K)->72964K(1223168K) Eden: 1048576K(1048576K)->72964K(1048576K) From: 0K(174592K)->0K(174592K)
[530.921s][info][gc,heap        ] GC(823) ParOldGen: 2796486K(2796544K)->2796502K(2796544K)
[530.921s][info][gc,metaspace   ] GC(823) Metaspace: 10579K(10816K)->10579K(10816K) NonClass: 9543K(9664K)->9543K(9664K) Class: 1035K(1152K)->1035K(1152K)
[530.921s][info][gc             ] GC(823) Pause Full (Ergonomics) 3754M->2802M(3925M) 180.447ms
[530.921s][info][gc,cpu         ] GC(823) User=1.33s Sys=0.00s Real=0.18s
[531.391s][info][gc,start       ] GC(824) Pause Full (Ergonomics)
[531.391s][info][gc,phases,start] GC(824) Marking Phase
[531.424s][info][gc,phases      ] GC(824) Marking Phase 33.040ms
[531.424s][info][gc,phases,start] GC(824) Summary Phase
[531.424s][info][gc,phases      ] GC(824) Summary Phase 0.064ms
[531.424s][info][gc,phases,start] GC(824) Adjust Roots
[531.425s][info][gc,phases      ] GC(824) Adjust Roots 0.479ms
[531.425s][info][gc,phases,start] GC(824) Compaction Phase
[531.562s][info][gc,phases      ] GC(824) Compaction Phase 136.913ms
[531.562s][info][gc,phases,start] GC(824) Post Compact
[531.571s][info][gc,phases      ] GC(824) Post Compact 9.181ms
[531.571s][info][gc,heap        ] GC(824) PSYoungGen: 1048576K(1223168K)->72939K(1223168K) Eden: 1048576K(1048576K)->72939K(1048576K) From: 0K(174592K)->0K(174592K)
[531.571s][info][gc,heap        ] GC(824) ParOldGen: 2796502K(2796544K)->2796527K(2796544K)
[531.571s][info][gc,metaspace   ] GC(824) Metaspace: 10579K(10816K)->10579K(10816K) NonClass: 9543K(9664K)->9543K(9664K) Class: 1035K(1152K)->1035K(1152K)
[531.571s][info][gc             ] GC(824) Pause Full (Ergonomics) 3754M->2802M(3925M) 180.013ms
[531.571s][info][gc,cpu         ] GC(824) User=1.34s Sys=0.00s Real=0.18s
[532.038s][info][gc,start       ] GC(825) Pause Full (Ergonomics)
[532.038s][info][gc,phases,start] GC(825) Marking Phase
[532.068s][info][gc,phases      ] GC(825) Marking Phase 30.575ms
[532.068s][info][gc,phases,start] GC(825) Summary Phase
[532.068s][info][gc,phases      ] GC(825) Summary Phase 0.063ms
[532.068s][info][gc,phases,start] GC(825) Adjust Roots
[532.069s][info][gc,phases      ] GC(825) Adjust Roots 0.569ms
[532.069s][info][gc,phases,start] GC(825) Compaction Phase
[532.207s][info][gc,phases      ] GC(825) Compaction Phase 138.375ms
[532.208s][info][gc,phases,start] GC(825) Post Compact
[532.223s][info][gc,phases      ] GC(825) Post Compact 15.423ms
[532.223s][info][gc,heap        ] GC(825) PSYoungGen: 1048576K(1223168K)->72976K(1223168K) Eden: 1048576K(1048576K)->72976K(1048576K) From: 0K(174592K)->0K(174592K)
[532.223s][info][gc,heap        ] GC(825) ParOldGen: 2796527K(2796544K)->2796490K(2796544K)
[532.223s][info][gc,metaspace   ] GC(825) Metaspace: 10579K(10816K)->10579K(10816K) NonClass: 9543K(9664K)->9543K(9664K) Class: 1035K(1152K)->1035K(1152K)
[532.223s][info][gc             ] GC(825) Pause Full (Ergonomics) 3754M->2802M(3925M) 185.344ms
[532.223s][info][gc,cpu         ] GC(825) User=1.34s Sys=0.01s Real=0.19s
[532.692s][info][gc,start       ] GC(826) Pause Full (Ergonomics)
[532.693s][info][gc,phases,start] GC(826) Marking Phase
[532.725s][info][gc,phases      ] GC(826) Marking Phase 32.013ms
[532.725s][info][gc,phases,start] GC(826) Summary Phase
[532.725s][info][gc,phases      ] GC(826) Summary Phase 0.063ms
[532.725s][info][gc,phases,start] GC(826) Adjust Roots
[532.725s][info][gc,phases      ] GC(826) Adjust Roots 0.556ms
[532.725s][info][gc,phases,start] GC(826) Compaction Phase
[532.863s][info][gc,phases      ] GC(826) Compaction Phase 137.593ms
[532.863s][info][gc,phases,start] GC(826) Post Compact
[532.874s][info][gc,phases      ] GC(826) Post Compact 10.644ms
[532.874s][info][gc,heap        ] GC(826) PSYoungGen: 1048576K(1223168K)->73399K(1223168K) Eden: 1048576K(1048576K)->73399K(1048576K) From: 0K(174592K)->0K(174592K)
[532.874s][info][gc,heap        ] GC(826) ParOldGen: 2796490K(2796544K)->2796067K(2796544K)
[532.874s][info][gc,metaspace   ] GC(826) Metaspace: 10579K(10816K)->10579K(10816K) NonClass: 9543K(9664K)->9543K(9664K) Class: 1035K(1152K)->1035K(1152K)
[532.874s][info][gc             ] GC(826) Pause Full (Ergonomics) 3754M->2802M(3925M) 181.202ms
[532.874s][info][gc,cpu         ] GC(826) User=1.33s Sys=0.00s Real=0.19s
[533.340s][info][gc,start       ] GC(827) Pause Full (Ergonomics)
[533.340s][info][gc,phases,start] GC(827) Marking Phase
[533.372s][info][gc,phases      ] GC(827) Marking Phase 32.017ms
[533.372s][info][gc,phases,start] GC(827) Summary Phase
[533.372s][info][gc,phases      ] GC(827) Summary Phase 0.065ms
[533.372s][info][gc,phases,start] GC(827) Adjust Roots
[533.373s][info][gc,phases      ] GC(827) Adjust Roots 0.647ms
[533.373s][info][gc,phases,start] GC(827) Compaction Phase
[533.510s][info][gc,phases      ] GC(827) Compaction Phase 137.436ms
[533.510s][info][gc,phases,start] GC(827) Post Compact
[533.519s][info][gc,phases      ] GC(827) Post Compact 9.237ms
[533.519s][info][gc,heap        ] GC(827) PSYoungGen: 1048576K(1223168K)->72964K(1223168K) Eden: 1048576K(1048576K)->72964K(1048576K) From: 0K(174592K)->0K(174592K)
[533.519s][info][gc,heap        ] GC(827) ParOldGen: 2796067K(2796544K)->2796502K(2796544K)
[533.519s][info][gc,metaspace   ] GC(827) Metaspace: 10579K(10816K)->10579K(10816K) NonClass: 9543K(9664K)->9543K(9664K) Class: 1035K(1152K)->1035K(1152K)
[533.519s][info][gc             ] GC(827) Pause Full (Ergonomics) 3754M->2802M(3925M) 179.736ms
[533.520s][info][gc,cpu         ] GC(827) User=1.33s Sys=0.00s Real=0.18s
[533.986s][info][gc,start       ] GC(828) Pause Full (Ergonomics)
[533.986s][info][gc,phases,start] GC(828) Marking Phase
[534.018s][info][gc,phases      ] GC(828) Marking Phase 31.761ms
[534.018s][info][gc,phases,start] GC(828) Summary Phase
[534.018s][info][gc,phases      ] GC(828) Summary Phase 0.065ms
[534.018s][info][gc,phases,start] GC(828) Adjust Roots
[534.018s][info][gc,phases      ] GC(828) Adjust Roots 0.423ms
[534.018s][info][gc,phases,start] GC(828) Compaction Phase
[534.157s][info][gc,phases      ] GC(828) Compaction Phase 138.454ms
[534.157s][info][gc,phases,start] GC(828) Post Compact
[534.168s][info][gc,phases      ] GC(828) Post Compact 11.583ms
[534.169s][info][gc,heap        ] GC(828) PSYoungGen: 1048576K(1223168K)->72964K(1223168K) Eden: 1048576K(1048576K)->72964K(1048576K) From: 0K(174592K)->0K(174592K)
[534.169s][info][gc,heap        ] GC(828) ParOldGen: 2796502K(2796544K)->2796502K(2796544K)
[534.169s][info][gc,metaspace   ] GC(828) Metaspace: 10579K(10816K)->10579K(10816K) NonClass: 9543K(9664K)->9543K(9664K) Class: 1035K(1152K)->1035K(1152K)
[534.169s][info][gc             ] GC(828) Pause Full (Ergonomics) 3754M->2802M(3925M) 182.616ms
[534.169s][info][gc,cpu         ] GC(828) User=1.34s Sys=0.00s Real=0.18s
[534.637s][info][gc,start       ] GC(829) Pause Full (Ergonomics)
[534.637s][info][gc,phases,start] GC(829) Marking Phase
[534.671s][info][gc,phases      ] GC(829) Marking Phase 33.721ms
[534.671s][info][gc,phases,start] GC(829) Summary Phase
[534.671s][info][gc,phases      ] GC(829) Summary Phase 0.065ms
[534.671s][info][gc,phases,start] GC(829) Adjust Roots
[534.672s][info][gc,phases      ] GC(829) Adjust Roots 0.555ms
[534.672s][info][gc,phases,start] GC(829) Compaction Phase
[534.809s][info][gc,phases      ] GC(829) Compaction Phase 137.240ms
[534.809s][info][gc,phases,start] GC(829) Post Compact
[534.818s][info][gc,phases      ] GC(829) Post Compact 9.028ms
[534.818s][info][gc,heap        ] GC(829) PSYoungGen: 1048576K(1223168K)->72952K(1223168K) Eden: 1048576K(1048576K)->72952K(1048576K) From: 0K(174592K)->0K(174592K)
[534.818s][info][gc,heap        ] GC(829) ParOldGen: 2796502K(2796544K)->2796515K(2796544K)
[534.818s][info][gc,metaspace   ] GC(829) Metaspace: 10579K(10816K)->10579K(10816K) NonClass: 9543K(9664K)->9543K(9664K) Class: 1035K(1152K)->1035K(1152K)
[534.818s][info][gc             ] GC(829) Pause Full (Ergonomics) 3754M->2802M(3925M) 180.958ms
[534.818s][info][gc,cpu         ] GC(829) User=1.31s Sys=0.02s Real=0.18s
[535.282s][info][gc,start       ] GC(830) Pause Full (Ergonomics)
[535.282s][info][gc,phases,start] GC(830) Marking Phase
[535.312s][info][gc,phases      ] GC(830) Marking Phase 30.704ms
[535.312s][info][gc,phases,start] GC(830) Summary Phase
[535.312s][info][gc,phases      ] GC(830) Summary Phase 0.064ms
[535.312s][info][gc,phases,start] GC(830) Adjust Roots
[535.313s][info][gc,phases      ] GC(830) Adjust Roots 0.644ms
[535.313s][info][gc,phases,start] GC(830) Compaction Phase
[535.452s][info][gc,phases      ] GC(830) Compaction Phase 138.652ms
[535.452s][info][gc,phases,start] GC(830) Post Compact
[535.461s][info][gc,phases      ] GC(830) Post Compact 9.153ms
[535.461s][info][gc,heap        ] GC(830) PSYoungGen: 1048576K(1223168K)->72964K(1223168K) Eden: 1048576K(1048576K)->72964K(1048576K) From: 0K(174592K)->0K(174592K)
[535.461s][info][gc,heap        ] GC(830) ParOldGen: 2796515K(2796544K)->2796502K(2796544K)
[535.461s][info][gc,metaspace   ] GC(830) Metaspace: 10579K(10816K)->10579K(10816K) NonClass: 9543K(9664K)->9543K(9664K) Class: 1035K(1152K)->1035K(1152K)
[535.461s][info][gc             ] GC(830) Pause Full (Ergonomics) 3754M->2802M(3925M) 179.558ms
[535.461s][info][gc,cpu         ] GC(830) User=1.33s Sys=0.00s Real=0.17s
[535.928s][info][gc,start       ] GC(831) Pause Full (Ergonomics)
[535.928s][info][gc,phases,start] GC(831) Marking Phase
[535.961s][info][gc,phases      ] GC(831) Marking Phase 32.881ms
[535.961s][info][gc,phases,start] GC(831) Summary Phase
[535.961s][info][gc,phases      ] GC(831) Summary Phase 0.064ms
[535.961s][info][gc,phases,start] GC(831) Adjust Roots
[535.962s][info][gc,phases      ] GC(831) Adjust Roots 0.579ms
[535.962s][info][gc,phases,start] GC(831) Compaction Phase
[536.096s][info][gc,phases      ] GC(831) Compaction Phase 134.807ms
[536.097s][info][gc,phases,start] GC(831) Post Compact
[536.106s][info][gc,phases      ] GC(831) Post Compact 9.394ms
[536.106s][info][gc,heap        ] GC(831) PSYoungGen: 1048576K(1223168K)->72944K(1223168K) Eden: 1048576K(1048576K)->72944K(1048576K) From: 0K(174592K)->0K(174592K)
[536.106s][info][gc,heap        ] GC(831) ParOldGen: 2796502K(2796544K)->2796523K(2796544K)
[536.106s][info][gc,metaspace   ] GC(831) Metaspace: 10579K(10816K)->10579K(10816K) NonClass: 9543K(9664K)->9543K(9664K) Class: 1035K(1152K)->1035K(1152K)
[536.106s][info][gc             ] GC(831) Pause Full (Ergonomics) 3754M->2802M(3925M) 178.049ms
[536.106s][info][gc,cpu         ] GC(831) User=1.33s Sys=0.00s Real=0.18s
[536.575s][info][gc,start       ] GC(832) Pause Full (Ergonomics)
[536.576s][info][gc,phases,start] GC(832) Marking Phase
[536.607s][info][gc,phases      ] GC(832) Marking Phase 31.177ms
[536.607s][info][gc,phases,start] GC(832) Summary Phase
[536.607s][info][gc,phases      ] GC(832) Summary Phase 0.064ms
[536.607s][info][gc,phases,start] GC(832) Adjust Roots
[536.607s][info][gc,phases      ] GC(832) Adjust Roots 0.481ms
[536.607s][info][gc,phases,start] GC(832) Compaction Phase
[536.745s][info][gc,phases      ] GC(832) Compaction Phase 137.878ms
[536.745s][info][gc,phases,start] GC(832) Post Compact
[536.754s][info][gc,phases      ] GC(832) Post Compact 9.134ms
[536.754s][info][gc,heap        ] GC(832) PSYoungGen: 1048576K(1223168K)->72935K(1223168K) Eden: 1048576K(1048576K)->72935K(1048576K) From: 0K(174592K)->0K(174592K)
[536.755s][info][gc,heap        ] GC(832) ParOldGen: 2796523K(2796544K)->2796531K(2796544K)
[536.755s][info][gc,metaspace   ] GC(832) Metaspace: 10579K(10816K)->10579K(10816K) NonClass: 9543K(9664K)->9543K(9664K) Class: 1035K(1152K)->1035K(1152K)
[536.755s][info][gc             ] GC(832) Pause Full (Ergonomics) 3754M->2802M(3925M) 179.062ms
[536.755s][info][gc,cpu         ] GC(832) User=1.33s Sys=0.00s Real=0.18s
[537.225s][info][gc,start       ] GC(833) Pause Full (Ergonomics)
[537.225s][info][gc,phases,start] GC(833) Marking Phase
[537.257s][info][gc,phases      ] GC(833) Marking Phase 32.317ms
[537.257s][info][gc,phases,start] GC(833) Summary Phase
[537.258s][info][gc,phases      ] GC(833) Summary Phase 0.064ms
[537.258s][info][gc,phases,start] GC(833) Adjust Roots
[537.258s][info][gc,phases      ] GC(833) Adjust Roots 0.646ms
[537.258s][info][gc,phases,start] GC(833) Compaction Phase
[537.383s][info][gc,phases      ] GC(833) Compaction Phase 124.284ms
[537.383s][info][gc,phases,start] GC(833) Post Compact
[537.389s][info][gc,phases      ] GC(833) Post Compact 6.568ms
[537.389s][info][gc,heap        ] GC(833) PSYoungGen: 1048576K(1223168K)->72935K(1223168K) Eden: 1048576K(1048576K)->72935K(1048576K) From: 0K(174592K)->0K(174592K)
[537.389s][info][gc,heap        ] GC(833) ParOldGen: 2796531K(2796544K)->2796531K(2796544K)
[537.389s][info][gc,metaspace   ] GC(833) Metaspace: 10579K(10816K)->10579K(10816K) NonClass: 9543K(9664K)->9543K(9664K) Class: 1035K(1152K)->1035K(1152K)
[537.389s][info][gc             ] GC(833) Pause Full (Ergonomics) 3754M->2802M(3925M) 164.251ms
[537.389s][info][gc,cpu         ] GC(833) User=1.34s Sys=0.00s Real=0.16s
[537.859s][info][gc,start       ] GC(834) Pause Full (Ergonomics)
[537.859s][info][gc,phases,start] GC(834) Marking Phase
[537.889s][info][gc,phases      ] GC(834) Marking Phase 29.977ms
[537.889s][info][gc,phases,start] GC(834) Summary Phase
[537.889s][info][gc,phases      ] GC(834) Summary Phase 0.064ms
[537.889s][info][gc,phases,start] GC(834) Adjust Roots
[537.890s][info][gc,phases      ] GC(834) Adjust Roots 0.573ms
[537.890s][info][gc,phases,start] GC(834) Compaction Phase
[538.028s][info][gc,phases      ] GC(834) Compaction Phase 137.885ms
[538.028s][info][gc,phases,start] GC(834) Post Compact
[538.037s][info][gc,phases      ] GC(834) Post Compact 8.933ms
[538.037s][info][gc,heap        ] GC(834) PSYoungGen: 1048576K(1223168K)->72988K(1223168K) Eden: 1048576K(1048576K)->72988K(1048576K) From: 0K(174592K)->0K(174592K)
[538.037s][info][gc,heap        ] GC(834) ParOldGen: 2796531K(2796544K)->2796478K(2796544K)
[538.037s][info][gc,metaspace   ] GC(834) Metaspace: 10579K(10816K)->10579K(10816K) NonClass: 9543K(9664K)->9543K(9664K) Class: 1035K(1152K)->1035K(1152K)
[538.037s][info][gc             ] GC(834) Pause Full (Ergonomics) 3754M->2802M(3925M) 177.768ms
[538.037s][info][gc,cpu         ] GC(834) User=1.33s Sys=0.00s Real=0.18s
[538.507s][info][gc,start       ] GC(835) Pause Full (Ergonomics)
[538.507s][info][gc,phases,start] GC(835) Marking Phase
[538.538s][info][gc,phases      ] GC(835) Marking Phase 30.740ms
[538.538s][info][gc,phases,start] GC(835) Summary Phase
[538.538s][info][gc,phases      ] GC(835) Summary Phase 0.064ms
[538.538s][info][gc,phases,start] GC(835) Adjust Roots
[538.539s][info][gc,phases      ] GC(835) Adjust Roots 0.419ms
[538.539s][info][gc,phases,start] GC(835) Compaction Phase
[538.677s][info][gc,phases      ] GC(835) Compaction Phase 138.207ms
[538.677s][info][gc,phases,start] GC(835) Post Compact
[538.688s][info][gc,phases      ] GC(835) Post Compact 11.429ms
[538.689s][info][gc,heap        ] GC(835) PSYoungGen: 1048576K(1223168K)->72952K(1223168K) Eden: 1048576K(1048576K)->72952K(1048576K) From: 0K(174592K)->0K(174592K)
[538.689s][info][gc,heap        ] GC(835) ParOldGen: 2796478K(2796544K)->2796515K(2796544K)
[538.689s][info][gc,metaspace   ] GC(835) Metaspace: 10579K(10816K)->10579K(10816K) NonClass: 9543K(9664K)->9543K(9664K) Class: 1035K(1152K)->1035K(1152K)
[538.689s][info][gc             ] GC(835) Pause Full (Ergonomics) 3754M->2802M(3925M) 181.201ms
[538.689s][info][gc,cpu         ] GC(835) User=1.33s Sys=0.01s Real=0.18s
[539.165s][info][gc,start       ] GC(836) Pause Full (Ergonomics)
[539.165s][info][gc,phases,start] GC(836) Marking Phase
[539.196s][info][gc,phases      ] GC(836) Marking Phase 31.226ms
[539.196s][info][gc,phases,start] GC(836) Summary Phase
[539.196s][info][gc,phases      ] GC(836) Summary Phase 0.064ms
[539.196s][info][gc,phases,start] GC(836) Adjust Roots
[539.196s][info][gc,phases      ] GC(836) Adjust Roots 0.420ms
[539.196s][info][gc,phases,start] GC(836) Compaction Phase
[539.335s][info][gc,phases      ] GC(836) Compaction Phase 138.637ms
[539.335s][info][gc,phases,start] GC(836) Post Compact
[539.346s][info][gc,phases      ] GC(836) Post Compact 10.750ms
[539.346s][info][gc,heap        ] GC(836) PSYoungGen: 1048576K(1223168K)->72968K(1223168K) Eden: 1048576K(1048576K)->72968K(1048576K) From: 0K(174592K)->0K(174592K)
[539.346s][info][gc,heap        ] GC(836) ParOldGen: 2796515K(2796544K)->2796498K(2796544K)
[539.346s][info][gc,metaspace   ] GC(836) Metaspace: 10579K(10816K)->10579K(10816K) NonClass: 9543K(9664K)->9543K(9664K) Class: 1035K(1152K)->1035K(1152K)
[539.346s][info][gc             ] GC(836) Pause Full (Ergonomics) 3754M->2802M(3925M) 181.435ms
[539.346s][info][gc,cpu         ] GC(836) User=1.33s Sys=0.00s Real=0.18s
[539.818s][info][gc,start       ] GC(837) Pause Full (Ergonomics)
[539.818s][info][gc,phases,start] GC(837) Marking Phase
[539.850s][info][gc,phases      ] GC(837) Marking Phase 31.409ms
[539.850s][info][gc,phases,start] GC(837) Summary Phase
[539.850s][info][gc,phases      ] GC(837) Summary Phase 0.068ms
[539.850s][info][gc,phases,start] GC(837) Adjust Roots
[539.850s][info][gc,phases      ] GC(837) Adjust Roots 0.561ms
[539.850s][info][gc,phases,start] GC(837) Compaction Phase
[539.988s][info][gc,phases      ] GC(837) Compaction Phase 138.005ms
[539.988s][info][gc,phases,start] GC(837) Post Compact
[539.998s][info][gc,phases      ] GC(837) Post Compact 9.402ms
[539.998s][info][gc,heap        ] GC(837) PSYoungGen: 1048576K(1223168K)->72996K(1223168K) Eden: 1048576K(1048576K)->72996K(1048576K) From: 0K(174592K)->0K(174592K)
[539.998s][info][gc,heap        ] GC(837) ParOldGen: 2796498K(2796544K)->2796470K(2796544K)
[539.998s][info][gc,metaspace   ] GC(837) Metaspace: 10579K(10816K)->10579K(10816K) NonClass: 9543K(9664K)->9543K(9664K) Class: 1035K(1152K)->1035K(1152K)
[539.998s][info][gc             ] GC(837) Pause Full (Ergonomics) 3754M->2802M(3925M) 179.809ms
[539.998s][info][gc,cpu         ] GC(837) User=1.33s Sys=0.00s Real=0.18s
[540.460s][info][gc,start       ] GC(838) Pause Full (Ergonomics)
[540.460s][info][gc,phases,start] GC(838) Marking Phase
[540.491s][info][gc,phases      ] GC(838) Marking Phase 30.809ms
[540.491s][info][gc,phases,start] GC(838) Summary Phase
[540.491s][info][gc,phases      ] GC(838) Summary Phase 0.064ms
[540.491s][info][gc,phases,start] GC(838) Adjust Roots
[540.492s][info][gc,phases      ] GC(838) Adjust Roots 0.481ms
[540.492s][info][gc,phases,start] GC(838) Compaction Phase
[540.615s][info][gc,phases      ] GC(838) Compaction Phase 123.582ms
[540.615s][info][gc,phases,start] GC(838) Post Compact
[540.623s][info][gc,phases      ] GC(838) Post Compact 8.051ms
[540.623s][info][gc,heap        ] GC(838) PSYoungGen: 1048576K(1223168K)->72968K(1223168K) Eden: 1048576K(1048576K)->72968K(1048576K) From: 0K(174592K)->0K(174592K)
[540.624s][info][gc,heap        ] GC(838) ParOldGen: 2796470K(2796544K)->2796498K(2796544K)
[540.624s][info][gc,metaspace   ] GC(838) Metaspace: 10579K(10816K)->10579K(10816K) NonClass: 9543K(9664K)->9543K(9664K) Class: 1035K(1152K)->1035K(1152K)
[540.624s][info][gc             ] GC(838) Pause Full (Ergonomics) 3754M->2802M(3925M) 163.320ms
[540.624s][info][gc,cpu         ] GC(838) User=1.33s Sys=0.00s Real=0.17s
[541.099s][info][gc,start       ] GC(839) Pause Full (Ergonomics)
[541.099s][info][gc,phases,start] GC(839) Marking Phase
[541.129s][info][gc,phases      ] GC(839) Marking Phase 30.050ms
[541.129s][info][gc,phases,start] GC(839) Summary Phase
[541.129s][info][gc,phases      ] GC(839) Summary Phase 0.065ms
[541.129s][info][gc,phases,start] GC(839) Adjust Roots
[541.129s][info][gc,phases      ] GC(839) Adjust Roots 0.566ms
[541.129s][info][gc,phases,start] GC(839) Compaction Phase
[541.267s][info][gc,phases      ] GC(839) Compaction Phase 137.440ms
[541.267s][info][gc,phases,start] GC(839) Post Compact
[541.277s][info][gc,phases      ] GC(839) Post Compact 10.487ms
[541.278s][info][gc,heap        ] GC(839) PSYoungGen: 1048576K(1223168K)->73005K(1223168K) Eden: 1048576K(1048576K)->73005K(1048576K) From: 0K(174592K)->0K(174592K)
[541.278s][info][gc,heap        ] GC(839) ParOldGen: 2796498K(2796544K)->2796466K(2796544K)
[541.278s][info][gc,metaspace   ] GC(839) Metaspace: 10599K(10880K)->10599K(10880K) NonClass: 9563K(9728K)->9563K(9728K) Class: 1035K(1152K)->1035K(1152K)
[541.278s][info][gc             ] GC(839) Pause Full (Ergonomics) 3754M->2802M(3925M) 178.942ms
[541.278s][info][gc,cpu         ] GC(839) User=1.32s Sys=0.00s Real=0.18s
[541.744s][info][gc,start       ] GC(840) Pause Full (Ergonomics)
[541.744s][info][gc,phases,start] GC(840) Marking Phase
[541.774s][info][gc,phases      ] GC(840) Marking Phase 30.628ms
[541.774s][info][gc,phases,start] GC(840) Summary Phase
[541.774s][info][gc,phases      ] GC(840) Summary Phase 0.065ms
[541.774s][info][gc,phases,start] GC(840) Adjust Roots
[541.775s][info][gc,phases      ] GC(840) Adjust Roots 0.562ms
[541.775s][info][gc,phases,start] GC(840) Compaction Phase
[541.913s][info][gc,phases      ] GC(840) Compaction Phase 137.926ms
[541.913s][info][gc,phases,start] GC(840) Post Compact
[541.925s][info][gc,phases      ] GC(840) Post Compact 11.604ms
[541.925s][info][gc,heap        ] GC(840) PSYoungGen: 1048576K(1223168K)->72960K(1223168K) Eden: 1048576K(1048576K)->72960K(1048576K) From: 0K(174592K)->0K(174592K)
[541.925s][info][gc,heap        ] GC(840) ParOldGen: 2796466K(2796544K)->2796507K(2796544K)
[541.925s][info][gc,metaspace   ] GC(840) Metaspace: 10599K(10880K)->10599K(10880K) NonClass: 9563K(9728K)->9563K(9728K) Class: 1035K(1152K)->1035K(1152K)
[541.925s][info][gc             ] GC(840) Pause Full (Ergonomics) 3754M->2802M(3925M) 181.146ms
[541.925s][info][gc,cpu         ] GC(840) User=1.34s Sys=0.00s Real=0.18s
[542.393s][info][gc,start       ] GC(841) Pause Full (Ergonomics)
[542.393s][info][gc,phases,start] GC(841) Marking Phase
[542.424s][info][gc,phases      ] GC(841) Marking Phase 30.943ms
[542.424s][info][gc,phases,start] GC(841) Summary Phase
[542.424s][info][gc,phases      ] GC(841) Summary Phase 0.064ms
[542.424s][info][gc,phases,start] GC(841) Adjust Roots
[542.424s][info][gc,phases      ] GC(841) Adjust Roots 0.571ms
[542.424s][info][gc,phases,start] GC(841) Compaction Phase
[542.563s][info][gc,phases      ] GC(841) Compaction Phase 138.311ms
[542.563s][info][gc,phases,start] GC(841) Post Compact
[542.574s][info][gc,phases      ] GC(841) Post Compact 10.855ms
[542.574s][info][gc,heap        ] GC(841) PSYoungGen: 1048576K(1223168K)->72956K(1223168K) Eden: 1048576K(1048576K)->72956K(1048576K) From: 0K(174592K)->0K(174592K)
[542.574s][info][gc,heap        ] GC(841) ParOldGen: 2796507K(2796544K)->2796511K(2796544K)
[542.574s][info][gc,metaspace   ] GC(841) Metaspace: 10599K(10880K)->10599K(10880K) NonClass: 9563K(9728K)->9563K(9728K) Class: 1035K(1152K)->1035K(1152K)
[542.574s][info][gc             ] GC(841) Pause Full (Ergonomics) 3754M->2802M(3925M) 181.087ms
[542.574s][info][gc,cpu         ] GC(841) User=1.33s Sys=0.00s Real=0.19s
[543.040s][info][gc,start       ] GC(842) Pause Full (Ergonomics)
[543.040s][info][gc,phases,start] GC(842) Marking Phase
[543.071s][info][gc,phases      ] GC(842) Marking Phase 31.672ms
[543.071s][info][gc,phases,start] GC(842) Summary Phase
[543.071s][info][gc,phases      ] GC(842) Summary Phase 0.064ms
[543.071s][info][gc,phases,start] GC(842) Adjust Roots
[543.072s][info][gc,phases      ] GC(842) Adjust Roots 0.569ms
[543.072s][info][gc,phases,start] GC(842) Compaction Phase
[543.210s][info][gc,phases      ] GC(842) Compaction Phase 138.090ms
[543.210s][info][gc,phases,start] GC(842) Post Compact
[543.228s][info][gc,phases      ] GC(842) Post Compact 17.833ms
[543.228s][info][gc,heap        ] GC(842) PSYoungGen: 1048576K(1223168K)->72944K(1223168K) Eden: 1048576K(1048576K)->72944K(1048576K) From: 0K(174592K)->0K(174592K)
[543.228s][info][gc,heap        ] GC(842) ParOldGen: 2796511K(2796544K)->2796523K(2796544K)
[543.228s][info][gc,metaspace   ] GC(842) Metaspace: 10599K(10880K)->10599K(10880K) NonClass: 9563K(9728K)->9563K(9728K) Class: 1035K(1152K)->1035K(1152K)
[543.228s][info][gc             ] GC(842) Pause Full (Ergonomics) 3754M->2802M(3925M) 188.566ms
[543.228s][info][gc,cpu         ] GC(842) User=1.33s Sys=0.01s Real=0.19s
[543.699s][info][gc,start       ] GC(843) Pause Full (Ergonomics)
[543.699s][info][gc,phases,start] GC(843) Marking Phase
[543.731s][info][gc,phases      ] GC(843) Marking Phase 31.402ms
[543.731s][info][gc,phases,start] GC(843) Summary Phase
[543.731s][info][gc,phases      ] GC(843) Summary Phase 0.064ms
[543.731s][info][gc,phases,start] GC(843) Adjust Roots
[543.731s][info][gc,phases      ] GC(843) Adjust Roots 0.630ms
[543.731s][info][gc,phases,start] GC(843) Compaction Phase
[543.870s][info][gc,phases      ] GC(843) Compaction Phase 138.690ms
[543.870s][info][gc,phases,start] GC(843) Post Compact
[543.879s][info][gc,phases      ] GC(843) Post Compact 8.908ms
[543.879s][info][gc,heap        ] GC(843) PSYoungGen: 1048576K(1223168K)->72988K(1223168K) Eden: 1048576K(1048576K)->72988K(1048576K) From: 0K(174592K)->0K(174592K)
[543.879s][info][gc,heap        ] GC(843) ParOldGen: 2796523K(2796544K)->2796478K(2796544K)
[543.879s][info][gc,metaspace   ] GC(843) Metaspace: 10599K(10880K)->10599K(10880K) NonClass: 9563K(9728K)->9563K(9728K) Class: 1035K(1152K)->1035K(1152K)
[543.879s][info][gc             ] GC(843) Pause Full (Ergonomics) 3754M->2802M(3925M) 180.046ms
[543.879s][info][gc,cpu         ] GC(843) User=1.33s Sys=0.01s Real=0.18s
[544.360s][info][gc,start       ] GC(844) Pause Full (Ergonomics)
[544.360s][info][gc,phases,start] GC(844) Marking Phase
[544.392s][info][gc,phases      ] GC(844) Marking Phase 31.783ms
[544.392s][info][gc,phases,start] GC(844) Summary Phase
[544.392s][info][gc,phases      ] GC(844) Summary Phase 0.064ms
[544.392s][info][gc,phases,start] GC(844) Adjust Roots
[544.393s][info][gc,phases      ] GC(844) Adjust Roots 0.488ms
[544.393s][info][gc,phases,start] GC(844) Compaction Phase
[544.530s][info][gc,phases      ] GC(844) Compaction Phase 137.308ms
[544.530s][info][gc,phases,start] GC(844) Post Compact
[544.539s][info][gc,phases      ] GC(844) Post Compact 8.682ms
[544.539s][info][gc,heap        ] GC(844) PSYoungGen: 1048576K(1223168K)->72948K(1223168K) Eden: 1048576K(1048576K)->72948K(1048576K) From: 0K(174592K)->0K(174592K)
[544.539s][info][gc,heap        ] GC(844) ParOldGen: 2796478K(2796544K)->2796519K(2796544K)
[544.539s][info][gc,metaspace   ] GC(844) Metaspace: 10599K(10880K)->10599K(10880K) NonClass: 9563K(9728K)->9563K(9728K) Class: 1035K(1152K)->1035K(1152K)
[544.539s][info][gc             ] GC(844) Pause Full (Ergonomics) 3754M->2802M(3925M) 178.656ms
[544.539s][info][gc,cpu         ] GC(844) User=1.33s Sys=0.00s Real=0.18s
[545.001s][info][gc,start       ] GC(845) Pause Full (Ergonomics)
[545.001s][info][gc,phases,start] GC(845) Marking Phase
[545.032s][info][gc,phases      ] GC(845) Marking Phase 31.167ms
[545.032s][info][gc,phases,start] GC(845) Summary Phase
[545.032s][info][gc,phases      ] GC(845) Summary Phase 0.063ms
[545.032s][info][gc,phases,start] GC(845) Adjust Roots
[545.033s][info][gc,phases      ] GC(845) Adjust Roots 0.412ms
[545.033s][info][gc,phases,start] GC(845) Compaction Phase
[545.170s][info][gc,phases      ] GC(845) Compaction Phase 137.280ms
[545.170s][info][gc,phases,start] GC(845) Post Compact
[545.180s][info][gc,phases      ] GC(845) Post Compact 9.497ms
[545.180s][info][gc,heap        ] GC(845) PSYoungGen: 1048576K(1223168K)->72984K(1223168K) Eden: 1048576K(1048576K)->72984K(1048576K) From: 0K(174592K)->0K(174592K)
[545.180s][info][gc,heap        ] GC(845) ParOldGen: 2796519K(2796544K)->2796482K(2796544K)
[545.180s][info][gc,metaspace   ] GC(845) Metaspace: 10599K(10880K)->10599K(10880K) NonClass: 9563K(9728K)->9563K(9728K) Class: 1035K(1152K)->1035K(1152K)
[545.180s][info][gc             ] GC(845) Pause Full (Ergonomics) 3754M->2802M(3925M) 178.771ms
[545.180s][info][gc,cpu         ] GC(845) User=1.33s Sys=0.00s Real=0.18s
[545.658s][info][gc,start       ] GC(846) Pause Full (Ergonomics)
[545.658s][info][gc,phases,start] GC(846) Marking Phase
[545.692s][info][gc,phases      ] GC(846) Marking Phase 33.984ms
[545.692s][info][gc,phases,start] GC(846) Summary Phase
[545.692s][info][gc,phases      ] GC(846) Summary Phase 0.065ms
[545.692s][info][gc,phases,start] GC(846) Adjust Roots
[545.693s][info][gc,phases      ] GC(846) Adjust Roots 0.638ms
[545.693s][info][gc,phases,start] GC(846) Compaction Phase
[545.831s][info][gc,phases      ] GC(846) Compaction Phase 137.577ms
[545.831s][info][gc,phases,start] GC(846) Post Compact
[545.841s][info][gc,phases      ] GC(846) Post Compact 9.984ms
[545.841s][info][gc,heap        ] GC(846) PSYoungGen: 1048576K(1223168K)->72972K(1223168K) Eden: 1048576K(1048576K)->72972K(1048576K) From: 0K(174592K)->0K(174592K)
[545.841s][info][gc,heap        ] GC(846) ParOldGen: 2796482K(2796544K)->2796494K(2796544K)
[545.841s][info][gc,metaspace   ] GC(846) Metaspace: 10599K(10880K)->10599K(10880K) NonClass: 9563K(9728K)->9563K(9728K) Class: 1035K(1152K)->1035K(1152K)
[545.841s][info][gc             ] GC(846) Pause Full (Ergonomics) 3754M->2802M(3925M) 182.574ms
[545.841s][info][gc,cpu         ] GC(846) User=1.34s Sys=0.00s Real=0.18s
[546.309s][info][gc,start       ] GC(847) Pause Full (Ergonomics)
[546.309s][info][gc,phases,start] GC(847) Marking Phase
[546.342s][info][gc,phases      ] GC(847) Marking Phase 32.581ms
[546.342s][info][gc,phases,start] GC(847) Summary Phase
[546.342s][info][gc,phases      ] GC(847) Summary Phase 0.059ms
[546.342s][info][gc,phases,start] GC(847) Adjust Roots
[546.343s][info][gc,phases      ] GC(847) Adjust Roots 0.634ms
[546.343s][info][gc,phases,start] GC(847) Compaction Phase
[546.481s][info][gc,phases      ] GC(847) Compaction Phase 138.285ms
[546.481s][info][gc,phases,start] GC(847) Post Compact
[546.493s][info][gc,phases      ] GC(847) Post Compact 11.557ms
[546.493s][info][gc,heap        ] GC(847) PSYoungGen: 1048576K(1223168K)->72988K(1223168K) Eden: 1048576K(1048576K)->72988K(1048576K) From: 0K(174592K)->0K(174592K)
[546.493s][info][gc,heap        ] GC(847) ParOldGen: 2796494K(2796544K)->2796478K(2796544K)
[546.493s][info][gc,metaspace   ] GC(847) Metaspace: 10599K(10880K)->10599K(10880K) NonClass: 9563K(9728K)->9563K(9728K) Class: 1035K(1152K)->1035K(1152K)
[546.493s][info][gc             ] GC(847) Pause Full (Ergonomics) 3754M->2802M(3925M) 183.419ms
[546.493s][info][gc,cpu         ] GC(847) User=1.34s Sys=0.00s Real=0.18s
[546.961s][info][gc,start       ] GC(848) Pause Full (Ergonomics)
[546.961s][info][gc,phases,start] GC(848) Marking Phase
[546.992s][info][gc,phases      ] GC(848) Marking Phase 31.160ms
[546.992s][info][gc,phases,start] GC(848) Summary Phase
[546.992s][info][gc,phases      ] GC(848) Summary Phase 0.063ms
[546.992s][info][gc,phases,start] GC(848) Adjust Roots
[546.993s][info][gc,phases      ] GC(848) Adjust Roots 0.569ms
[546.993s][info][gc,phases,start] GC(848) Compaction Phase
[547.131s][info][gc,phases      ] GC(848) Compaction Phase 137.926ms
[547.131s][info][gc,phases,start] GC(848) Post Compact
[547.141s][info][gc,phases      ] GC(848) Post Compact 10.585ms
[547.141s][info][gc,heap        ] GC(848) PSYoungGen: 1048576K(1223168K)->72968K(1223168K) Eden: 1048576K(1048576K)->72968K(1048576K) From: 0K(174592K)->0K(174592K)
[547.141s][info][gc,heap        ] GC(848) ParOldGen: 2796478K(2796544K)->2796499K(2796544K)
[547.141s][info][gc,metaspace   ] GC(848) Metaspace: 10599K(10880K)->10599K(10880K) NonClass: 9563K(9728K)->9563K(9728K) Class: 1035K(1152K)->1035K(1152K)
[547.141s][info][gc             ] GC(848) Pause Full (Ergonomics) 3754M->2802M(3925M) 180.634ms
[547.141s][info][gc,cpu         ] GC(848) User=1.34s Sys=0.01s Real=0.19s
[547.615s][info][gc,start       ] GC(849) Pause Full (Ergonomics)
[547.615s][info][gc,phases,start] GC(849) Marking Phase
[547.645s][info][gc,phases      ] GC(849) Marking Phase 30.702ms
[547.645s][info][gc,phases,start] GC(849) Summary Phase
[547.645s][info][gc,phases      ] GC(849) Summary Phase 0.072ms
[547.645s][info][gc,phases,start] GC(849) Adjust Roots
[547.646s][info][gc,phases      ] GC(849) Adjust Roots 0.632ms
[547.646s][info][gc,phases,start] GC(849) Compaction Phase
[547.771s][info][gc,phases      ] GC(849) Compaction Phase 124.437ms
[547.771s][info][gc,phases,start] GC(849) Post Compact
[547.777s][info][gc,phases      ] GC(849) Post Compact 6.761ms
[547.777s][info][gc,heap        ] GC(849) PSYoungGen: 1048576K(1223168K)->72992K(1223168K) Eden: 1048576K(1048576K)->72992K(1048576K) From: 0K(174592K)->0K(174592K)
[547.777s][info][gc,heap        ] GC(849) ParOldGen: 2796499K(2796544K)->2796474K(2796544K)
[547.777s][info][gc,metaspace   ] GC(849) Metaspace: 10599K(10880K)->10599K(10880K) NonClass: 9563K(9728K)->9563K(9728K) Class: 1035K(1152K)->1035K(1152K)
[547.778s][info][gc             ] GC(849) Pause Full (Ergonomics) 3754M->2802M(3925M) 162.968ms
[547.778s][info][gc,cpu         ] GC(849) User=1.33s Sys=0.00s Real=0.16s
[548.238s][info][gc,start       ] GC(850) Pause Full (Ergonomics)
[548.238s][info][gc,phases,start] GC(850) Marking Phase
[548.270s][info][gc,phases      ] GC(850) Marking Phase 31.599ms
[548.270s][info][gc,phases,start] GC(850) Summary Phase
[548.270s][info][gc,phases      ] GC(850) Summary Phase 0.064ms
[548.270s][info][gc,phases,start] GC(850) Adjust Roots
[548.271s][info][gc,phases      ] GC(850) Adjust Roots 0.603ms
[548.271s][info][gc,phases,start] GC(850) Compaction Phase
[548.394s][info][gc,phases      ] GC(850) Compaction Phase 123.363ms
[548.394s][info][gc,phases,start] GC(850) Post Compact
[548.401s][info][gc,phases      ] GC(850) Post Compact 6.861ms
[548.401s][info][gc,heap        ] GC(850) PSYoungGen: 1048576K(1223168K)->72968K(1223168K) Eden: 1048576K(1048576K)->72968K(1048576K) From: 0K(174592K)->0K(174592K)
[548.401s][info][gc,heap        ] GC(850) ParOldGen: 2796474K(2796544K)->2796499K(2796544K)
[548.401s][info][gc,metaspace   ] GC(850) Metaspace: 10599K(10880K)->10599K(10880K) NonClass: 9563K(9728K)->9563K(9728K) Class: 1035K(1152K)->1035K(1152K)
[548.401s][info][gc             ] GC(850) Pause Full (Ergonomics) 3754M->2802M(3925M) 162.844ms
[548.401s][info][gc,cpu         ] GC(850) User=1.33s Sys=0.00s Real=0.16s
[548.871s][info][gc,start       ] GC(851) Pause Full (Ergonomics)
[548.871s][info][gc,phases,start] GC(851) Marking Phase
[548.901s][info][gc,phases      ] GC(851) Marking Phase 30.790ms
[548.902s][info][gc,phases,start] GC(851) Summary Phase
[548.902s][info][gc,phases      ] GC(851) Summary Phase 0.064ms
[548.902s][info][gc,phases,start] GC(851) Adjust Roots
[548.902s][info][gc,phases      ] GC(851) Adjust Roots 0.561ms
[548.902s][info][gc,phases,start] GC(851) Compaction Phase
[549.040s][info][gc,phases      ] GC(851) Compaction Phase 137.805ms
[549.040s][info][gc,phases,start] GC(851) Post Compact
[549.050s][info][gc,phases      ] GC(851) Post Compact 9.777ms
[549.050s][info][gc,heap        ] GC(851) PSYoungGen: 1048576K(1223168K)->72964K(1223168K) Eden: 1048576K(1048576K)->72964K(1048576K) From: 0K(174592K)->0K(174592K)
[549.050s][info][gc,heap        ] GC(851) ParOldGen: 2796499K(2796544K)->2796503K(2796544K)
[549.050s][info][gc,metaspace   ] GC(851) Metaspace: 10599K(10880K)->10599K(10880K) NonClass: 9563K(9728K)->9563K(9728K) Class: 1035K(1152K)->1035K(1152K)
[549.050s][info][gc             ] GC(851) Pause Full (Ergonomics) 3754M->2802M(3925M) 179.291ms
[549.050s][info][gc,cpu         ] GC(851) User=1.31s Sys=0.01s Real=0.18s
[549.520s][info][gc,start       ] GC(852) Pause Full (Ergonomics)
[549.520s][info][gc,phases,start] GC(852) Marking Phase
[549.551s][info][gc,phases      ] GC(852) Marking Phase 31.470ms
[549.551s][info][gc,phases,start] GC(852) Summary Phase
[549.552s][info][gc,phases      ] GC(852) Summary Phase 0.065ms
[549.552s][info][gc,phases,start] GC(852) Adjust Roots
[549.552s][info][gc,phases      ] GC(852) Adjust Roots 0.636ms
[549.552s][info][gc,phases,start] GC(852) Compaction Phase
[549.691s][info][gc,phases      ] GC(852) Compaction Phase 138.435ms
[549.691s][info][gc,phases,start] GC(852) Post Compact
[549.702s][info][gc,phases      ] GC(852) Post Compact 11.046ms
[549.702s][info][gc,heap        ] GC(852) PSYoungGen: 1048576K(1223168K)->72956K(1223168K) Eden: 1048576K(1048576K)->72956K(1048576K) From: 0K(174592K)->0K(174592K)
[549.702s][info][gc,heap        ] GC(852) ParOldGen: 2796503K(2796544K)->2796511K(2796544K)
[549.702s][info][gc,metaspace   ] GC(852) Metaspace: 10599K(10880K)->10599K(10880K) NonClass: 9563K(9728K)->9563K(9728K) Class: 1035K(1152K)->1035K(1152K)
[549.702s][info][gc             ] GC(852) Pause Full (Ergonomics) 3754M->2802M(3925M) 181.985ms
[549.702s][info][gc,cpu         ] GC(852) User=1.34s Sys=0.00s Real=0.19s
[550.174s][info][gc,start       ] GC(853) Pause Full (Ergonomics)
[550.174s][info][gc,phases,start] GC(853) Marking Phase
[550.205s][info][gc,phases      ] GC(853) Marking Phase 31.411ms
[550.205s][info][gc,phases,start] GC(853) Summary Phase
[550.205s][info][gc,phases      ] GC(853) Summary Phase 0.063ms
[550.205s][info][gc,phases,start] GC(853) Adjust Roots
[550.206s][info][gc,phases      ] GC(853) Adjust Roots 0.647ms
[550.206s][info][gc,phases,start] GC(853) Compaction Phase
[550.330s][info][gc,phases      ] GC(853) Compaction Phase 124.098ms
[550.330s][info][gc,phases,start] GC(853) Post Compact
[550.337s][info][gc,phases      ] GC(853) Post Compact 6.761ms
[550.337s][info][gc,heap        ] GC(853) PSYoungGen: 1048576K(1223168K)->72984K(1223168K) Eden: 1048576K(1048576K)->72984K(1048576K) From: 0K(174592K)->0K(174592K)
[550.337s][info][gc,heap        ] GC(853) ParOldGen: 2796511K(2796544K)->2796482K(2796544K)
[550.337s][info][gc,metaspace   ] GC(853) Metaspace: 10599K(10880K)->10599K(10880K) NonClass: 9563K(9728K)->9563K(9728K) Class: 1035K(1152K)->1035K(1152K)
[550.337s][info][gc             ] GC(853) Pause Full (Ergonomics) 3754M->2802M(3925M) 163.315ms
[550.337s][info][gc,cpu         ] GC(853) User=1.33s Sys=0.00s Real=0.16s
[550.801s][info][gc,start       ] GC(854) Pause Full (Ergonomics)
[550.801s][info][gc,phases,start] GC(854) Marking Phase
[550.832s][info][gc,phases      ] GC(854) Marking Phase 31.272ms
[550.832s][info][gc,phases,start] GC(854) Summary Phase
[550.832s][info][gc,phases      ] GC(854) Summary Phase 0.065ms
[550.832s][info][gc,phases,start] GC(854) Adjust Roots
[550.833s][info][gc,phases      ] GC(854) Adjust Roots 0.411ms
[550.833s][info][gc,phases,start] GC(854) Compaction Phase
[550.970s][info][gc,phases      ] GC(854) Compaction Phase 136.970ms
[550.970s][info][gc,phases,start] GC(854) Post Compact
[550.979s][info][gc,phases      ] GC(854) Post Compact 8.967ms
[550.979s][info][gc,heap        ] GC(854) PSYoungGen: 1048576K(1223168K)->72992K(1223168K) Eden: 1048576K(1048576K)->72992K(1048576K) From: 0K(174592K)->0K(174592K)
[550.979s][info][gc,heap        ] GC(854) ParOldGen: 2796482K(2796544K)->2796474K(2796544K)
[550.979s][info][gc,metaspace   ] GC(854) Metaspace: 10599K(10880K)->10599K(10880K) NonClass: 9563K(9728K)->9563K(9728K) Class: 1035K(1152K)->1035K(1152K)
[550.979s][info][gc             ] GC(854) Pause Full (Ergonomics) 3754M->2802M(3925M) 178.011ms
[550.979s][info][gc,cpu         ] GC(854) User=1.32s Sys=0.00s Real=0.18s
[551.446s][info][gc,start       ] GC(855) Pause Full (Ergonomics)
[551.446s][info][gc,phases,start] GC(855) Marking Phase
[551.478s][info][gc,phases      ] GC(855) Marking Phase 31.948ms
[551.478s][info][gc,phases,start] GC(855) Summary Phase
[551.478s][info][gc,phases      ] GC(855) Summary Phase 0.065ms
[551.478s][info][gc,phases,start] GC(855) Adjust Roots
[551.478s][info][gc,phases      ] GC(855) Adjust Roots 0.423ms
[551.478s][info][gc,phases,start] GC(855) Compaction Phase
[551.616s][info][gc,phases      ] GC(855) Compaction Phase 137.457ms
[551.616s][info][gc,phases,start] GC(855) Post Compact
[551.625s][info][gc,phases      ] GC(855) Post Compact 9.240ms
[551.625s][info][gc,heap        ] GC(855) PSYoungGen: 1048576K(1223168K)->72935K(1223168K) Eden: 1048576K(1048576K)->72935K(1048576K) From: 0K(174592K)->0K(174592K)
[551.625s][info][gc,heap        ] GC(855) ParOldGen: 2796474K(2796544K)->2796531K(2796544K)
[551.625s][info][gc,metaspace   ] GC(855) Metaspace: 10599K(10880K)->10599K(10880K) NonClass: 9563K(9728K)->9563K(9728K) Class: 1035K(1152K)->1035K(1152K)
[551.625s][info][gc             ] GC(855) Pause Full (Ergonomics) 3754M->2802M(3925M) 179.459ms
[551.625s][info][gc,cpu         ] GC(855) User=1.34s Sys=0.00s Real=0.18s
[552.098s][info][gc,start       ] GC(856) Pause Full (Ergonomics)
[552.098s][info][gc,phases,start] GC(856) Marking Phase
[552.130s][info][gc,phases      ] GC(856) Marking Phase 31.867ms
[552.130s][info][gc,phases,start] GC(856) Summary Phase
[552.130s][info][gc,phases      ] GC(856) Summary Phase 0.065ms
[552.130s][info][gc,phases,start] GC(856) Adjust Roots
[552.131s][info][gc,phases      ] GC(856) Adjust Roots 0.409ms
[552.131s][info][gc,phases,start] GC(856) Compaction Phase
[552.269s][info][gc,phases      ] GC(856) Compaction Phase 138.262ms
[552.269s][info][gc,phases,start] GC(856) Post Compact
[552.281s][info][gc,phases      ] GC(856) Post Compact 11.618ms
[552.281s][info][gc,heap        ] GC(856) PSYoungGen: 1048576K(1223168K)->72952K(1223168K) Eden: 1048576K(1048576K)->72952K(1048576K) From: 0K(174592K)->0K(174592K)
[552.281s][info][gc,heap        ] GC(856) ParOldGen: 2796531K(2796544K)->2796515K(2796544K)
[552.281s][info][gc,metaspace   ] GC(856) Metaspace: 10599K(10880K)->10599K(10880K) NonClass: 9563K(9728K)->9563K(9728K) Class: 1035K(1152K)->1035K(1152K)
[552.281s][info][gc             ] GC(856) Pause Full (Ergonomics) 3754M->2802M(3925M) 182.586ms
[552.281s][info][gc,cpu         ] GC(856) User=1.34s Sys=0.00s Real=0.18s
[552.743s][info][gc,start       ] GC(857) Pause Full (Ergonomics)
[552.743s][info][gc,phases,start] GC(857) Marking Phase
[552.775s][info][gc,phases      ] GC(857) Marking Phase 31.916ms
[552.775s][info][gc,phases,start] GC(857) Summary Phase
[552.775s][info][gc,phases      ] GC(857) Summary Phase 0.064ms
[552.775s][info][gc,phases,start] GC(857) Adjust Roots
[552.776s][info][gc,phases      ] GC(857) Adjust Roots 0.654ms
[552.776s][info][gc,phases,start] GC(857) Compaction Phase
[552.913s][info][gc,phases      ] GC(857) Compaction Phase 137.766ms
[552.913s][info][gc,phases,start] GC(857) Post Compact
[552.922s][info][gc,phases      ] GC(857) Post Compact 8.925ms
[552.922s][info][gc,heap        ] GC(857) PSYoungGen: 1048576K(1223168K)->72952K(1223168K) Eden: 1048576K(1048576K)->72952K(1048576K) From: 0K(174592K)->0K(174592K)
[552.922s][info][gc,heap        ] GC(857) ParOldGen: 2796515K(2796544K)->2796515K(2796544K)
[552.922s][info][gc,metaspace   ] GC(857) Metaspace: 10599K(10880K)->10599K(10880K) NonClass: 9563K(9728K)->9563K(9728K) Class: 1035K(1152K)->1035K(1152K)
[552.923s][info][gc             ] GC(857) Pause Full (Ergonomics) 3754M->2802M(3925M) 179.673ms
[552.923s][info][gc,cpu         ] GC(857) User=1.34s Sys=0.00s Real=0.18s
[553.393s][info][gc,start       ] GC(858) Pause Full (Ergonomics)
[553.393s][info][gc,phases,start] GC(858) Marking Phase
[553.424s][info][gc,phases      ] GC(858) Marking Phase 31.727ms
[553.424s][info][gc,phases,start] GC(858) Summary Phase
[553.424s][info][gc,phases      ] GC(858) Summary Phase 0.064ms
[553.424s][info][gc,phases,start] GC(858) Adjust Roots
[553.425s][info][gc,phases      ] GC(858) Adjust Roots 0.633ms
[553.425s][info][gc,phases,start] GC(858) Compaction Phase
[553.563s][info][gc,phases      ] GC(858) Compaction Phase 138.249ms
[553.563s][info][gc,phases,start] GC(858) Post Compact
[553.572s][info][gc,phases      ] GC(858) Post Compact 8.872ms
[553.572s][info][gc,heap        ] GC(858) PSYoungGen: 1048576K(1223168K)->72976K(1223168K) Eden: 1048576K(1048576K)->72976K(1048576K) From: 0K(174592K)->0K(174592K)
[553.572s][info][gc,heap        ] GC(858) ParOldGen: 2796515K(2796544K)->2796491K(2796544K)
[553.572s][info][gc,metaspace   ] GC(858) Metaspace: 10599K(10880K)->10599K(10880K) NonClass: 9563K(9728K)->9563K(9728K) Class: 1035K(1152K)->1035K(1152K)
[553.572s][info][gc             ] GC(858) Pause Full (Ergonomics) 3754M->2802M(3925M) 179.866ms
[553.572s][info][gc,cpu         ] GC(858) User=1.33s Sys=0.00s Real=0.18s
[554.038s][info][gc,start       ] GC(859) Pause Full (Ergonomics)
[554.038s][info][gc,phases,start] GC(859) Marking Phase
[554.070s][info][gc,phases      ] GC(859) Marking Phase 31.461ms
[554.070s][info][gc,phases,start] GC(859) Summary Phase
[554.070s][info][gc,phases      ] GC(859) Summary Phase 0.065ms
[554.070s][info][gc,phases,start] GC(859) Adjust Roots
[554.070s][info][gc,phases      ] GC(859) Adjust Roots 0.408ms
[554.070s][info][gc,phases,start] GC(859) Compaction Phase
[554.208s][info][gc,phases      ] GC(859) Compaction Phase 137.421ms
[554.208s][info][gc,phases,start] GC(859) Post Compact
[554.217s][info][gc,phases      ] GC(859) Post Compact 9.193ms
[554.217s][info][gc,heap        ] GC(859) PSYoungGen: 1048576K(1223168K)->72964K(1223168K) Eden: 1048576K(1048576K)->72964K(1048576K) From: 0K(174592K)->0K(174592K)
[554.217s][info][gc,heap        ] GC(859) ParOldGen: 2796491K(2796544K)->2796503K(2796544K)
[554.217s][info][gc,metaspace   ] GC(859) Metaspace: 10599K(10880K)->10599K(10880K) NonClass: 9563K(9728K)->9563K(9728K) Class: 1035K(1152K)->1035K(1152K)
[554.217s][info][gc             ] GC(859) Pause Full (Ergonomics) 3754M->2802M(3925M) 178.873ms
[554.217s][info][gc,cpu         ] GC(859) User=1.34s Sys=0.00s Real=0.18s
[554.689s][info][gc,start       ] GC(860) Pause Full (Ergonomics)
[554.689s][info][gc,phases,start] GC(860) Marking Phase
[554.720s][info][gc,phases      ] GC(860) Marking Phase 31.656ms
[554.720s][info][gc,phases,start] GC(860) Summary Phase
[554.721s][info][gc,phases      ] GC(860) Summary Phase 0.065ms
[554.721s][info][gc,phases,start] GC(860) Adjust Roots
[554.721s][info][gc,phases      ] GC(860) Adjust Roots 0.639ms
[554.721s][info][gc,phases,start] GC(860) Compaction Phase
[554.846s][info][gc,phases      ] GC(860) Compaction Phase 124.665ms
[554.846s][info][gc,phases,start] GC(860) Post Compact
[554.853s][info][gc,phases      ] GC(860) Post Compact 6.750ms
[554.853s][info][gc,heap        ] GC(860) PSYoungGen: 1048576K(1223168K)->72972K(1223168K) Eden: 1048576K(1048576K)->72972K(1048576K) From: 0K(174592K)->0K(174592K)
[554.853s][info][gc,heap        ] GC(860) ParOldGen: 2796503K(2796544K)->2796495K(2796544K)
[554.853s][info][gc,metaspace   ] GC(860) Metaspace: 10599K(10880K)->10599K(10880K) NonClass: 9563K(9728K)->9563K(9728K) Class: 1035K(1152K)->1035K(1152K)
[554.853s][info][gc             ] GC(860) Pause Full (Ergonomics) 3754M->2802M(3925M) 164.098ms
[554.853s][info][gc,cpu         ] GC(860) User=1.34s Sys=0.00s Real=0.16s
[555.326s][info][gc,start       ] GC(861) Pause Full (Ergonomics)
[555.326s][info][gc,phases,start] GC(861) Marking Phase
[555.358s][info][gc,phases      ] GC(861) Marking Phase 31.542ms
[555.358s][info][gc,phases,start] GC(861) Summary Phase
[555.358s][info][gc,phases      ] GC(861) Summary Phase 0.064ms
[555.358s][info][gc,phases,start] GC(861) Adjust Roots
[555.359s][info][gc,phases      ] GC(861) Adjust Roots 0.851ms
[555.359s][info][gc,phases,start] GC(861) Compaction Phase
[555.484s][info][gc,phases      ] GC(861) Compaction Phase 125.704ms
[555.485s][info][gc,phases,start] GC(861) Post Compact
[555.492s][info][gc,phases      ] GC(861) Post Compact 7.427ms
[555.492s][info][gc,heap        ] GC(861) PSYoungGen: 1048576K(1223168K)->72956K(1223168K) Eden: 1048576K(1048576K)->72956K(1048576K) From: 0K(174592K)->0K(174592K)
[555.492s][info][gc,heap        ] GC(861) ParOldGen: 2796495K(2796544K)->2796511K(2796544K)
[555.492s][info][gc,metaspace   ] GC(861) Metaspace: 10599K(10880K)->10599K(10880K) NonClass: 9563K(9728K)->9563K(9728K) Class: 1035K(1152K)->1035K(1152K)
[555.492s][info][gc             ] GC(861) Pause Full (Ergonomics) 3754M->2802M(3925M) 165.911ms
[555.492s][info][gc,cpu         ] GC(861) User=1.33s Sys=0.00s Real=0.16s
[555.963s][info][gc,start       ] GC(862) Pause Full (Ergonomics)
[555.963s][info][gc,phases,start] GC(862) Marking Phase
[555.994s][info][gc,phases      ] GC(862) Marking Phase 30.706ms
[555.994s][info][gc,phases,start] GC(862) Summary Phase
[555.994s][info][gc,phases      ] GC(862) Summary Phase 0.064ms
[555.994s][info][gc,phases,start] GC(862) Adjust Roots
[555.994s][info][gc,phases      ] GC(862) Adjust Roots 0.421ms
[555.994s][info][gc,phases,start] GC(862) Compaction Phase
[556.131s][info][gc,phases      ] GC(862) Compaction Phase 137.108ms
[556.132s][info][gc,phases,start] GC(862) Post Compact
[556.140s][info][gc,phases      ] GC(862) Post Compact 8.931ms
[556.141s][info][gc,heap        ] GC(862) PSYoungGen: 1048576K(1223168K)->72956K(1223168K) Eden: 1048576K(1048576K)->72956K(1048576K) From: 0K(174592K)->0K(174592K)
[556.141s][info][gc,heap        ] GC(862) ParOldGen: 2796511K(2796544K)->2796511K(2796544K)
[556.141s][info][gc,metaspace   ] GC(862) Metaspace: 10599K(10880K)->10599K(10880K) NonClass: 9563K(9728K)->9563K(9728K) Class: 1035K(1152K)->1035K(1152K)
[556.141s][info][gc             ] GC(862) Pause Full (Ergonomics) 3754M->2802M(3925M) 177.553ms
[556.141s][info][gc,cpu         ] GC(862) User=1.33s Sys=0.00s Real=0.17s
[556.611s][info][gc,start       ] GC(863) Pause Full (Ergonomics)
[556.611s][info][gc,phases,start] GC(863) Marking Phase
[556.642s][info][gc,phases      ] GC(863) Marking Phase 30.941ms
[556.642s][info][gc,phases,start] GC(863) Summary Phase
[556.642s][info][gc,phases      ] GC(863) Summary Phase 0.064ms
[556.642s][info][gc,phases,start] GC(863) Adjust Roots
[556.642s][info][gc,phases      ] GC(863) Adjust Roots 0.492ms
[556.642s][info][gc,phases,start] GC(863) Compaction Phase
[556.781s][info][gc,phases      ] GC(863) Compaction Phase 138.029ms
[556.781s][info][gc,phases,start] GC(863) Post Compact
[556.792s][info][gc,phases      ] GC(863) Post Compact 11.270ms
[556.792s][info][gc,heap        ] GC(863) PSYoungGen: 1048576K(1223168K)->72968K(1223168K) Eden: 1048576K(1048576K)->72968K(1048576K) From: 0K(174592K)->0K(174592K)
[556.792s][info][gc,heap        ] GC(863) ParOldGen: 2796511K(2796544K)->2796499K(2796544K)
[556.792s][info][gc,metaspace   ] GC(863) Metaspace: 10599K(10880K)->10599K(10880K) NonClass: 9563K(9728K)->9563K(9728K) Class: 1035K(1152K)->1035K(1152K)
[556.792s][info][gc             ] GC(863) Pause Full (Ergonomics) 3754M->2802M(3925M) 181.162ms
[556.792s][info][gc,cpu         ] GC(863) User=1.33s Sys=0.01s Real=0.18s
[557.263s][info][gc,start       ] GC(864) Pause Full (Ergonomics)
[557.264s][info][gc,phases,start] GC(864) Marking Phase
[557.295s][info][gc,phases      ] GC(864) Marking Phase 31.443ms
[557.295s][info][gc,phases,start] GC(864) Summary Phase
[557.295s][info][gc,phases      ] GC(864) Summary Phase 0.064ms
[557.295s][info][gc,phases,start] GC(864) Adjust Roots
[557.296s][info][gc,phases      ] GC(864) Adjust Roots 0.409ms
[557.296s][info][gc,phases,start] GC(864) Compaction Phase
[557.433s][info][gc,phases      ] GC(864) Compaction Phase 137.604ms
[557.433s][info][gc,phases,start] GC(864) Post Compact
[557.442s][info][gc,phases      ] GC(864) Post Compact 8.912ms
[557.442s][info][gc,heap        ] GC(864) PSYoungGen: 1048576K(1223168K)->72980K(1223168K) Eden: 1048576K(1048576K)->72980K(1048576K) From: 0K(174592K)->0K(174592K)
[557.442s][info][gc,heap        ] GC(864) ParOldGen: 2796499K(2796544K)->2796486K(2796544K)
[557.442s][info][gc,metaspace   ] GC(864) Metaspace: 10599K(10880K)->10599K(10880K) NonClass: 9563K(9728K)->9563K(9728K) Class: 1035K(1152K)->1035K(1152K)
[557.442s][info][gc             ] GC(864) Pause Full (Ergonomics) 3754M->2802M(3925M) 178.756ms
[557.442s][info][gc,cpu         ] GC(864) User=1.34s Sys=0.00s Real=0.18s
[557.911s][info][gc,start       ] GC(865) Pause Full (Ergonomics)
[557.911s][info][gc,phases,start] GC(865) Marking Phase
[557.943s][info][gc,phases      ] GC(865) Marking Phase 31.578ms
[557.943s][info][gc,phases,start] GC(865) Summary Phase
[557.943s][info][gc,phases      ] GC(865) Summary Phase 0.065ms
[557.943s][info][gc,phases,start] GC(865) Adjust Roots
[557.944s][info][gc,phases      ] GC(865) Adjust Roots 0.648ms
[557.944s][info][gc,phases,start] GC(865) Compaction Phase
[558.081s][info][gc,phases      ] GC(865) Compaction Phase 137.575ms
[558.081s][info][gc,phases,start] GC(865) Post Compact
[558.092s][info][gc,phases      ] GC(865) Post Compact 10.179ms
[558.092s][info][gc,heap        ] GC(865) PSYoungGen: 1048576K(1223168K)->72935K(1223168K) Eden: 1048576K(1048576K)->72935K(1048576K) From: 0K(174592K)->0K(174592K)
[558.092s][info][gc,heap        ] GC(865) ParOldGen: 2796486K(2796544K)->2796531K(2796544K)
[558.092s][info][gc,metaspace   ] GC(865) Metaspace: 10599K(10880K)->10599K(10880K) NonClass: 9563K(9728K)->9563K(9728K) Class: 1035K(1152K)->1035K(1152K)
[558.092s][info][gc             ] GC(865) Pause Full (Ergonomics) 3754M->2802M(3925M) 180.382ms
[558.092s][info][gc,cpu         ] GC(865) User=1.34s Sys=0.00s Real=0.18s
[558.571s][info][gc,start       ] GC(866) Pause Full (Ergonomics)
[558.571s][info][gc,phases,start] GC(866) Marking Phase
[558.602s][info][gc,phases      ] GC(866) Marking Phase 30.711ms
[558.602s][info][gc,phases,start] GC(866) Summary Phase
[558.602s][info][gc,phases      ] GC(866) Summary Phase 0.064ms
[558.602s][info][gc,phases,start] GC(866) Adjust Roots
[558.602s][info][gc,phases      ] GC(866) Adjust Roots 0.637ms
[558.602s][info][gc,phases,start] GC(866) Compaction Phase
[558.740s][info][gc,phases      ] GC(866) Compaction Phase 137.069ms
[558.740s][info][gc,phases,start] GC(866) Post Compact
[558.749s][info][gc,phases      ] GC(866) Post Compact 8.902ms
[558.749s][info][gc,heap        ] GC(866) PSYoungGen: 1048576K(1223168K)->72948K(1223168K) Eden: 1048576K(1048576K)->72948K(1048576K) From: 0K(174592K)->0K(174592K)
[558.749s][info][gc,heap        ] GC(866) ParOldGen: 2796531K(2796544K)->2796519K(2796544K)
[558.749s][info][gc,metaspace   ] GC(866) Metaspace: 10599K(10880K)->10599K(10880K) NonClass: 9563K(9728K)->9563K(9728K) Class: 1035K(1152K)->1035K(1152K)
[558.749s][info][gc             ] GC(866) Pause Full (Ergonomics) 3754M->2802M(3925M) 177.712ms
[558.749s][info][gc,cpu         ] GC(866) User=1.32s Sys=0.01s Real=0.18s
[559.214s][info][gc,start       ] GC(867) Pause Full (Ergonomics)
[559.214s][info][gc,phases,start] GC(867) Marking Phase
[559.246s][info][gc,phases      ] GC(867) Marking Phase 31.936ms
[559.246s][info][gc,phases,start] GC(867) Summary Phase
[559.246s][info][gc,phases      ] GC(867) Summary Phase 0.065ms
[559.246s][info][gc,phases,start] GC(867) Adjust Roots
[559.247s][info][gc,phases      ] GC(867) Adjust Roots 0.649ms
[559.247s][info][gc,phases,start] GC(867) Compaction Phase
[559.372s][info][gc,phases      ] GC(867) Compaction Phase 124.946ms
[559.372s][info][gc,phases,start] GC(867) Post Compact
[559.378s][info][gc,phases      ] GC(867) Post Compact 6.569ms
[559.379s][info][gc,heap        ] GC(867) PSYoungGen: 1048576K(1223168K)->72935K(1223168K) Eden: 1048576K(1048576K)->72935K(1048576K) From: 0K(174592K)->0K(174592K)
[559.379s][info][gc,heap        ] GC(867) ParOldGen: 2796519K(2796544K)->2796531K(2796544K)
[559.379s][info][gc,metaspace   ] GC(867) Metaspace: 10599K(10880K)->10599K(10880K) NonClass: 9563K(9728K)->9563K(9728K) Class: 1035K(1152K)->1035K(1152K)
[559.379s][info][gc             ] GC(867) Pause Full (Ergonomics) 3754M->2802M(3925M) 164.499ms
[559.379s][info][gc,cpu         ] GC(867) User=1.33s Sys=0.00s Real=0.16s
[559.855s][info][gc,start       ] GC(868) Pause Full (Ergonomics)
[559.855s][info][gc,phases,start] GC(868) Marking Phase
[559.885s][info][gc,phases      ] GC(868) Marking Phase 29.681ms
[559.885s][info][gc,phases,start] GC(868) Summary Phase
[559.885s][info][gc,phases      ] GC(868) Summary Phase 0.065ms
[559.885s][info][gc,phases,start] GC(868) Adjust Roots
[559.885s][info][gc,phases      ] GC(868) Adjust Roots 0.580ms
[559.885s][info][gc,phases,start] GC(868) Compaction Phase
[560.024s][info][gc,phases      ] GC(868) Compaction Phase 138.476ms
[560.024s][info][gc,phases,start] GC(868) Post Compact
[560.033s][info][gc,phases      ] GC(868) Post Compact 9.118ms
[560.033s][info][gc,heap        ] GC(868) PSYoungGen: 1048576K(1223168K)->72964K(1223168K) Eden: 1048576K(1048576K)->72964K(1048576K) From: 0K(174592K)->0K(174592K)
[560.033s][info][gc,heap        ] GC(868) ParOldGen: 2796531K(2796544K)->2796503K(2796544K)
[560.033s][info][gc,metaspace   ] GC(868) Metaspace: 10599K(10880K)->10599K(10880K) NonClass: 9563K(9728K)->9563K(9728K) Class: 1035K(1152K)->1035K(1152K)
[560.033s][info][gc             ] GC(868) Pause Full (Ergonomics) 3754M->2802M(3925M) 178.253ms
[560.033s][info][gc,cpu         ] GC(868) User=1.32s Sys=0.00s Real=0.17s
[560.506s][info][gc,start       ] GC(869) Pause Full (Ergonomics)
[560.506s][info][gc,phases,start] GC(869) Marking Phase
[560.540s][info][gc,phases      ] GC(869) Marking Phase 33.499ms
[560.540s][info][gc,phases,start] GC(869) Summary Phase
[560.540s][info][gc,phases      ] GC(869) Summary Phase 0.065ms
[560.540s][info][gc,phases,start] GC(869) Adjust Roots
[560.540s][info][gc,phases      ] GC(869) Adjust Roots 0.638ms
[560.540s][info][gc,phases,start] GC(869) Compaction Phase
[560.678s][info][gc,phases      ] GC(869) Compaction Phase 137.948ms
[560.678s][info][gc,phases,start] GC(869) Post Compact
[560.688s][info][gc,phases      ] GC(869) Post Compact 9.220ms
[560.688s][info][gc,heap        ] GC(869) PSYoungGen: 1048576K(1223168K)->72964K(1223168K) Eden: 1048576K(1048576K)->72964K(1048576K) From: 0K(174592K)->0K(174592K)
[560.688s][info][gc,heap        ] GC(869) ParOldGen: 2796503K(2796544K)->2796503K(2796544K)
[560.688s][info][gc,metaspace   ] GC(869) Metaspace: 10599K(10880K)->10599K(10880K) NonClass: 9563K(9728K)->9563K(9728K) Class: 1035K(1152K)->1035K(1152K)
[560.688s][info][gc             ] GC(869) Pause Full (Ergonomics) 3754M->2802M(3925M) 181.708ms
[560.688s][info][gc,cpu         ] GC(869) User=1.33s Sys=0.01s Real=0.18s
[561.154s][info][gc,start       ] GC(870) Pause Full (Ergonomics)
[561.154s][info][gc,phases,start] GC(870) Marking Phase
[561.185s][info][gc,phases      ] GC(870) Marking Phase 30.485ms
[561.185s][info][gc,phases,start] GC(870) Summary Phase
[561.185s][info][gc,phases      ] GC(870) Summary Phase 0.063ms
[561.185s][info][gc,phases,start] GC(870) Adjust Roots
[561.185s][info][gc,phases      ] GC(870) Adjust Roots 0.575ms
[561.185s][info][gc,phases,start] GC(870) Compaction Phase
[561.323s][info][gc,phases      ] GC(870) Compaction Phase 137.385ms
[561.323s][info][gc,phases,start] GC(870) Post Compact
[561.334s][info][gc,phases      ] GC(870) Post Compact 11.082ms
[561.334s][info][gc,heap        ] GC(870) PSYoungGen: 1048576K(1223168K)->72976K(1223168K) Eden: 1048576K(1048576K)->72976K(1048576K) From: 0K(174592K)->0K(174592K)
[561.334s][info][gc,heap        ] GC(870) ParOldGen: 2796503K(2796544K)->2796490K(2796544K)
[561.334s][info][gc,metaspace   ] GC(870) Metaspace: 10599K(10880K)->10599K(10880K) NonClass: 9563K(9728K)->9563K(9728K) Class: 1035K(1152K)->1035K(1152K)
[561.334s][info][gc             ] GC(870) Pause Full (Ergonomics) 3754M->2802M(3925M) 179.930ms
[561.334s][info][gc,cpu         ] GC(870) User=1.34s Sys=0.00s Real=0.18s
[561.811s][info][gc,start       ] GC(871) Pause Full (Ergonomics)
[561.811s][info][gc,phases,start] GC(871) Marking Phase
[561.843s][info][gc,phases      ] GC(871) Marking Phase 32.672ms
[561.843s][info][gc,phases,start] GC(871) Summary Phase
[561.844s][info][gc,phases      ] GC(871) Summary Phase 0.064ms
[561.844s][info][gc,phases,start] GC(871) Adjust Roots
[561.844s][info][gc,phases      ] GC(871) Adjust Roots 0.654ms
[561.844s][info][gc,phases,start] GC(871) Compaction Phase
[561.981s][info][gc,phases      ] GC(871) Compaction Phase 136.980ms
[561.981s][info][gc,phases,start] GC(871) Post Compact
[561.993s][info][gc,phases      ] GC(871) Post Compact 11.712ms
[561.993s][info][gc,heap        ] GC(871) PSYoungGen: 1048576K(1223168K)->72964K(1223168K) Eden: 1048576K(1048576K)->72964K(1048576K) From: 0K(174592K)->0K(174592K)
[561.993s][info][gc,heap        ] GC(871) ParOldGen: 2796490K(2796544K)->2796503K(2796544K)
[561.993s][info][gc,metaspace   ] GC(871) Metaspace: 10599K(10880K)->10599K(10880K) NonClass: 9563K(9728K)->9563K(9728K) Class: 1035K(1152K)->1035K(1152K)
[561.993s][info][gc             ] GC(871) Pause Full (Ergonomics) 3754M->2802M(3925M) 182.418ms
[561.993s][info][gc,cpu         ] GC(871) User=1.34s Sys=0.00s Real=0.18s
[562.454s][info][gc,start       ] GC(872) Pause Full (Ergonomics)
[562.454s][info][gc,phases,start] GC(872) Marking Phase
[562.485s][info][gc,phases      ] GC(872) Marking Phase 31.048ms
[562.485s][info][gc,phases,start] GC(872) Summary Phase
[562.486s][info][gc,phases      ] GC(872) Summary Phase 0.064ms
[562.486s][info][gc,phases,start] GC(872) Adjust Roots
[562.486s][info][gc,phases      ] GC(872) Adjust Roots 0.575ms
[562.486s][info][gc,phases,start] GC(872) Compaction Phase
[562.611s][info][gc,phases      ] GC(872) Compaction Phase 124.608ms
[562.611s][info][gc,phases,start] GC(872) Post Compact
[562.619s][info][gc,phases      ] GC(872) Post Compact 7.760ms
[562.619s][info][gc,heap        ] GC(872) PSYoungGen: 1048576K(1223168K)->72940K(1223168K) Eden: 1048576K(1048576K)->72940K(1048576K) From: 0K(174592K)->0K(174592K)
[562.619s][info][gc,heap        ] GC(872) ParOldGen: 2796503K(2796544K)->2796527K(2796544K)
[562.619s][info][gc,metaspace   ] GC(872) Metaspace: 10599K(10880K)->10599K(10880K) NonClass: 9563K(9728K)->9563K(9728K) Class: 1035K(1152K)->1035K(1152K)
[562.619s][info][gc             ] GC(872) Pause Full (Ergonomics) 3754M->2802M(3925M) 164.393ms
[562.619s][info][gc,cpu         ] GC(872) User=1.34s Sys=0.00s Real=0.16s
[563.081s][info][gc,start       ] GC(873) Pause Full (Ergonomics)
[563.081s][info][gc,phases,start] GC(873) Marking Phase
[563.111s][info][gc,phases      ] GC(873) Marking Phase 29.995ms
[563.111s][info][gc,phases,start] GC(873) Summary Phase
[563.112s][info][gc,phases      ] GC(873) Summary Phase 0.064ms
[563.112s][info][gc,phases,start] GC(873) Adjust Roots
[563.112s][info][gc,phases      ] GC(873) Adjust Roots 0.409ms
[563.112s][info][gc,phases,start] GC(873) Compaction Phase
[563.237s][info][gc,phases      ] GC(873) Compaction Phase 124.582ms
[563.237s][info][gc,phases,start] GC(873) Post Compact
[563.244s][info][gc,phases      ] GC(873) Post Compact 7.635ms
[563.244s][info][gc,heap        ] GC(873) PSYoungGen: 1048576K(1223168K)->72956K(1223168K) Eden: 1048576K(1048576K)->72956K(1048576K) From: 0K(174592K)->0K(174592K)
[563.244s][info][gc,heap        ] GC(873) ParOldGen: 2796527K(2796544K)->2796511K(2796544K)
[563.244s][info][gc,metaspace   ] GC(873) Metaspace: 10599K(10880K)->10599K(10880K) NonClass: 9563K(9728K)->9563K(9728K) Class: 1035K(1152K)->1035K(1152K)
[563.244s][info][gc             ] GC(873) Pause Full (Ergonomics) 3754M->2802M(3925M) 163.049ms
[563.244s][info][gc,cpu         ] GC(873) User=1.32s Sys=0.00s Real=0.17s
[563.714s][info][gc,start       ] GC(874) Pause Full (Ergonomics)
[563.714s][info][gc,phases,start] GC(874) Marking Phase
[563.745s][info][gc,phases      ] GC(874) Marking Phase 30.710ms
[563.745s][info][gc,phases,start] GC(874) Summary Phase
[563.745s][info][gc,phases      ] GC(874) Summary Phase 0.065ms
[563.745s][info][gc,phases,start] GC(874) Adjust Roots
[563.745s][info][gc,phases      ] GC(874) Adjust Roots 0.430ms
[563.745s][info][gc,phases,start] GC(874) Compaction Phase
[563.883s][info][gc,phases      ] GC(874) Compaction Phase 137.879ms
[563.883s][info][gc,phases,start] GC(874) Post Compact
[563.893s][info][gc,phases      ] GC(874) Post Compact 10.026ms
[563.893s][info][gc,heap        ] GC(874) PSYoungGen: 1048576K(1223168K)->72952K(1223168K) Eden: 1048576K(1048576K)->72952K(1048576K) From: 0K(174592K)->0K(174592K)
[563.893s][info][gc,heap        ] GC(874) ParOldGen: 2796511K(2796544K)->2796515K(2796544K)
[563.893s][info][gc,metaspace   ] GC(874) Metaspace: 10599K(10880K)->10599K(10880K) NonClass: 9563K(9728K)->9563K(9728K) Class: 1035K(1152K)->1035K(1152K)
[563.893s][info][gc             ] GC(874) Pause Full (Ergonomics) 3754M->2802M(3925M) 179.453ms
[563.893s][info][gc,cpu         ] GC(874) User=1.32s Sys=0.00s Real=0.18s
[564.359s][info][gc,start       ] GC(875) Pause Full (Ergonomics)
[564.359s][info][gc,phases,start] GC(875) Marking Phase
[564.390s][info][gc,phases      ] GC(875) Marking Phase 30.909ms
[564.390s][info][gc,phases,start] GC(875) Summary Phase
[564.390s][info][gc,phases      ] GC(875) Summary Phase 0.063ms
[564.390s][info][gc,phases,start] GC(875) Adjust Roots
[564.391s][info][gc,phases      ] GC(875) Adjust Roots 0.580ms
[564.391s][info][gc,phases,start] GC(875) Compaction Phase
[564.529s][info][gc,phases      ] GC(875) Compaction Phase 138.120ms
[564.529s][info][gc,phases,start] GC(875) Post Compact
[564.538s][info][gc,phases      ] GC(875) Post Compact 9.149ms
[564.538s][info][gc,heap        ] GC(875) PSYoungGen: 1048576K(1223168K)->72948K(1223168K) Eden: 1048576K(1048576K)->72948K(1048576K) From: 0K(174592K)->0K(174592K)
[564.538s][info][gc,heap        ] GC(875) ParOldGen: 2796515K(2796544K)->2796519K(2796544K)
[564.538s][info][gc,metaspace   ] GC(875) Metaspace: 10599K(10880K)->10599K(10880K) NonClass: 9563K(9728K)->9563K(9728K) Class: 1035K(1152K)->1035K(1152K)
[564.538s][info][gc             ] GC(875) Pause Full (Ergonomics) 3754M->2802M(3925M) 179.151ms
[564.538s][info][gc,cpu         ] GC(875) User=1.33s Sys=0.00s Real=0.18s
[565.005s][info][gc,start       ] GC(876) Pause Full (Ergonomics)
[565.005s][info][gc,phases,start] GC(876) Marking Phase
[565.038s][info][gc,phases      ] GC(876) Marking Phase 32.726ms
[565.038s][info][gc,phases,start] GC(876) Summary Phase
[565.038s][info][gc,phases      ] GC(876) Summary Phase 0.065ms
[565.038s][info][gc,phases,start] GC(876) Adjust Roots
[565.039s][info][gc,phases      ] GC(876) Adjust Roots 0.508ms
[565.039s][info][gc,phases,start] GC(876) Compaction Phase
[565.177s][info][gc,phases      ] GC(876) Compaction Phase 138.273ms
[565.177s][info][gc,phases,start] GC(876) Post Compact
[565.186s][info][gc,phases      ] GC(876) Post Compact 8.857ms
[565.186s][info][gc,heap        ] GC(876) PSYoungGen: 1048576K(1223168K)->72984K(1223168K) Eden: 1048576K(1048576K)->72984K(1048576K) From: 0K(174592K)->0K(174592K)
[565.186s][info][gc,heap        ] GC(876) ParOldGen: 2796519K(2796544K)->2796482K(2796544K)
[565.186s][info][gc,metaspace   ] GC(876) Metaspace: 10599K(10880K)->10599K(10880K) NonClass: 9563K(9728K)->9563K(9728K) Class: 1035K(1152K)->1035K(1152K)
[565.186s][info][gc             ] GC(876) Pause Full (Ergonomics) 3754M->2802M(3925M) 180.757ms
[565.186s][info][gc,cpu         ] GC(876) User=1.34s Sys=0.00s Real=0.18s
[565.654s][info][gc,start       ] GC(877) Pause Full (Ergonomics)
[565.654s][info][gc,phases,start] GC(877) Marking Phase
[565.685s][info][gc,phases      ] GC(877) Marking Phase 31.398ms
[565.685s][info][gc,phases,start] GC(877) Summary Phase
[565.685s][info][gc,phases      ] GC(877) Summary Phase 0.064ms
[565.685s][info][gc,phases,start] GC(877) Adjust Roots
[565.686s][info][gc,phases      ] GC(877) Adjust Roots 0.643ms
[565.686s][info][gc,phases,start] GC(877) Compaction Phase
[565.823s][info][gc,phases      ] GC(877) Compaction Phase 137.287ms
[565.823s][info][gc,phases,start] GC(877) Post Compact
[565.834s][info][gc,phases      ] GC(877) Post Compact 10.784ms
[565.834s][info][gc,heap        ] GC(877) PSYoungGen: 1048576K(1223168K)->72964K(1223168K) Eden: 1048576K(1048576K)->72964K(1048576K) From: 0K(174592K)->0K(174592K)
[565.834s][info][gc,heap        ] GC(877) ParOldGen: 2796482K(2796544K)->2796503K(2796544K)
[565.834s][info][gc,metaspace   ] GC(877) Metaspace: 10599K(10880K)->10599K(10880K) NonClass: 9563K(9728K)->9563K(9728K) Class: 1035K(1152K)->1035K(1152K)
[565.834s][info][gc             ] GC(877) Pause Full (Ergonomics) 3754M->2802M(3925M) 180.498ms
[565.834s][info][gc,cpu         ] GC(877) User=1.34s Sys=0.00s Real=0.18s
[566.305s][info][gc,start       ] GC(878) Pause Full (Ergonomics)
[566.305s][info][gc,phases,start] GC(878) Marking Phase
[566.338s][info][gc,phases      ] GC(878) Marking Phase 33.508ms
[566.338s][info][gc,phases,start] GC(878) Summary Phase
[566.338s][info][gc,phases      ] GC(878) Summary Phase 0.065ms
[566.338s][info][gc,phases,start] GC(878) Adjust Roots
[566.339s][info][gc,phases      ] GC(878) Adjust Roots 0.415ms
[566.339s][info][gc,phases,start] GC(878) Compaction Phase
[566.476s][info][gc,phases      ] GC(878) Compaction Phase 137.281ms
[566.476s][info][gc,phases,start] GC(878) Post Compact
[566.486s][info][gc,phases      ] GC(878) Post Compact 9.476ms
[566.486s][info][gc,heap        ] GC(878) PSYoungGen: 1048576K(1223168K)->72960K(1223168K) Eden: 1048576K(1048576K)->72960K(1048576K) From: 0K(174592K)->0K(174592K)
[566.486s][info][gc,heap        ] GC(878) ParOldGen: 2796503K(2796544K)->2796507K(2796544K)
[566.486s][info][gc,metaspace   ] GC(878) Metaspace: 10599K(10880K)->10599K(10880K) NonClass: 9563K(9728K)->9563K(9728K) Class: 1035K(1152K)->1035K(1152K)
[566.486s][info][gc             ] GC(878) Pause Full (Ergonomics) 3754M->2802M(3925M) 181.073ms
[566.486s][info][gc,cpu         ] GC(878) User=1.33s Sys=0.01s Real=0.18s
[566.956s][info][gc,start       ] GC(879) Pause Full (Ergonomics)
[566.956s][info][gc,phases,start] GC(879) Marking Phase
[566.988s][info][gc,phases      ] GC(879) Marking Phase 32.175ms
[566.988s][info][gc,phases,start] GC(879) Summary Phase
[566.988s][info][gc,phases      ] GC(879) Summary Phase 0.065ms
[566.988s][info][gc,phases,start] GC(879) Adjust Roots
[566.989s][info][gc,phases      ] GC(879) Adjust Roots 0.656ms
[566.989s][info][gc,phases,start] GC(879) Compaction Phase
[567.127s][info][gc,phases      ] GC(879) Compaction Phase 137.785ms
[567.127s][info][gc,phases,start] GC(879) Post Compact
[567.137s][info][gc,phases      ] GC(879) Post Compact 10.115ms
[567.137s][info][gc,heap        ] GC(879) PSYoungGen: 1048576K(1223168K)->73404K(1223168K) Eden: 1048576K(1048576K)->73404K(1048576K) From: 0K(174592K)->0K(174592K)
[567.137s][info][gc,heap        ] GC(879) ParOldGen: 2796507K(2796544K)->2796063K(2796544K)
[567.137s][info][gc,metaspace   ] GC(879) Metaspace: 10599K(10880K)->10599K(10880K) NonClass: 9563K(9728K)->9563K(9728K) Class: 1035K(1152K)->1035K(1152K)
[567.137s][info][gc             ] GC(879) Pause Full (Ergonomics) 3754M->2802M(3925M) 181.151ms
[567.137s][info][gc,cpu         ] GC(879) User=1.33s Sys=0.00s Real=0.18s
[567.607s][info][gc,start       ] GC(880) Pause Full (Ergonomics)
[567.607s][info][gc,phases,start] GC(880) Marking Phase
[567.640s][info][gc,phases      ] GC(880) Marking Phase 32.647ms
[567.640s][info][gc,phases,start] GC(880) Summary Phase
[567.640s][info][gc,phases      ] GC(880) Summary Phase 0.064ms
[567.640s][info][gc,phases,start] GC(880) Adjust Roots
[567.640s][info][gc,phases      ] GC(880) Adjust Roots 0.573ms
[567.640s][info][gc,phases,start] GC(880) Compaction Phase
[567.764s][info][gc,phases      ] GC(880) Compaction Phase 123.628ms
[567.764s][info][gc,phases,start] GC(880) Post Compact
[567.771s][info][gc,phases      ] GC(880) Post Compact 6.615ms
[567.771s][info][gc,heap        ] GC(880) PSYoungGen: 1048576K(1223168K)->72948K(1223168K) Eden: 1048576K(1048576K)->72948K(1048576K) From: 0K(174592K)->0K(174592K)
[567.771s][info][gc,heap        ] GC(880) ParOldGen: 2796063K(2796544K)->2796519K(2796544K)
[567.771s][info][gc,metaspace   ] GC(880) Metaspace: 10599K(10880K)->10599K(10880K) NonClass: 9563K(9728K)->9563K(9728K) Class: 1035K(1152K)->1035K(1152K)
[567.771s][info][gc             ] GC(880) Pause Full (Ergonomics) 3754M->2802M(3925M) 163.831ms
[567.771s][info][gc,cpu         ] GC(880) User=1.33s Sys=0.01s Real=0.16s
[568.241s][info][gc,start       ] GC(881) Pause Full (Ergonomics)
[568.241s][info][gc,phases,start] GC(881) Marking Phase
[568.274s][info][gc,phases      ] GC(881) Marking Phase 32.796ms
[568.274s][info][gc,phases,start] GC(881) Summary Phase
[568.274s][info][gc,phases      ] GC(881) Summary Phase 0.064ms
[568.274s][info][gc,phases,start] GC(881) Adjust Roots
[568.274s][info][gc,phases      ] GC(881) Adjust Roots 0.411ms
[568.274s][info][gc,phases,start] GC(881) Compaction Phase
[568.412s][info][gc,phases      ] GC(881) Compaction Phase 138.005ms
[568.412s][info][gc,phases,start] GC(881) Post Compact
[568.422s][info][gc,phases      ] GC(881) Post Compact 9.674ms
[568.422s][info][gc,heap        ] GC(881) PSYoungGen: 1048576K(1223168K)->72956K(1223168K) Eden: 1048576K(1048576K)->72956K(1048576K) From: 0K(174592K)->0K(174592K)
[568.422s][info][gc,heap        ] GC(881) ParOldGen: 2796519K(2796544K)->2796511K(2796544K)
[568.422s][info][gc,metaspace   ] GC(881) Metaspace: 10599K(10880K)->10599K(10880K) NonClass: 9563K(9728K)->9563K(9728K) Class: 1035K(1152K)->1035K(1152K)
[568.422s][info][gc             ] GC(881) Pause Full (Ergonomics) 3754M->2802M(3925M) 181.279ms
[568.422s][info][gc,cpu         ] GC(881) User=1.32s Sys=0.01s Real=0.19s
[568.897s][info][gc,start       ] GC(882) Pause Full (Ergonomics)
[568.897s][info][gc,phases,start] GC(882) Marking Phase
[568.930s][info][gc,phases      ] GC(882) Marking Phase 32.355ms
[568.930s][info][gc,phases,start] GC(882) Summary Phase
[568.930s][info][gc,phases      ] GC(882) Summary Phase 0.064ms
[568.930s][info][gc,phases,start] GC(882) Adjust Roots
[568.930s][info][gc,phases      ] GC(882) Adjust Roots 0.641ms
[568.930s][info][gc,phases,start] GC(882) Compaction Phase
[569.054s][info][gc,phases      ] GC(882) Compaction Phase 123.813ms
[569.054s][info][gc,phases,start] GC(882) Post Compact
[569.061s][info][gc,phases      ] GC(882) Post Compact 6.927ms
[569.061s][info][gc,heap        ] GC(882) PSYoungGen: 1048576K(1223168K)->72980K(1223168K) Eden: 1048576K(1048576K)->72980K(1048576K) From: 0K(174592K)->0K(174592K)
[569.061s][info][gc,heap        ] GC(882) ParOldGen: 2796511K(2796544K)->2796486K(2796544K)
[569.061s][info][gc,metaspace   ] GC(882) Metaspace: 10599K(10880K)->10599K(10880K) NonClass: 9563K(9728K)->9563K(9728K) Class: 1035K(1152K)->1035K(1152K)
[569.061s][info][gc             ] GC(882) Pause Full (Ergonomics) 3754M->2802M(3925M) 164.175ms
[569.061s][info][gc,cpu         ] GC(882) User=1.33s Sys=0.00s Real=0.17s
[569.532s][info][gc,start       ] GC(883) Pause Full (Ergonomics)
[569.532s][info][gc,phases,start] GC(883) Marking Phase
[569.562s][info][gc,phases      ] GC(883) Marking Phase 29.951ms
[569.562s][info][gc,phases,start] GC(883) Summary Phase
[569.562s][info][gc,phases      ] GC(883) Summary Phase 0.064ms
[569.562s][info][gc,phases,start] GC(883) Adjust Roots
[569.563s][info][gc,phases      ] GC(883) Adjust Roots 0.574ms
[569.563s][info][gc,phases,start] GC(883) Compaction Phase
[569.701s][info][gc,phases      ] GC(883) Compaction Phase 137.867ms
[569.701s][info][gc,phases,start] GC(883) Post Compact
[569.713s][info][gc,phases      ] GC(883) Post Compact 11.821ms
[569.713s][info][gc,heap        ] GC(883) PSYoungGen: 1048576K(1223168K)->72972K(1223168K) Eden: 1048576K(1048576K)->72972K(1048576K) From: 0K(174592K)->0K(174592K)
[569.713s][info][gc,heap        ] GC(883) ParOldGen: 2796486K(2796544K)->2796495K(2796544K)
[569.713s][info][gc,metaspace   ] GC(883) Metaspace: 10599K(10880K)->10599K(10880K) NonClass: 9563K(9728K)->9563K(9728K) Class: 1035K(1152K)->1035K(1152K)
[569.713s][info][gc             ] GC(883) Pause Full (Ergonomics) 3754M->2802M(3925M) 180.618ms
[569.713s][info][gc,cpu         ] GC(883) User=1.33s Sys=0.00s Real=0.18s
[570.180s][info][gc,start       ] GC(884) Pause Full (Ergonomics)
[570.180s][info][gc,phases,start] GC(884) Marking Phase
[570.211s][info][gc,phases      ] GC(884) Marking Phase 31.246ms
[570.211s][info][gc,phases,start] GC(884) Summary Phase
[570.211s][info][gc,phases      ] GC(884) Summary Phase 0.063ms
[570.211s][info][gc,phases,start] GC(884) Adjust Roots
[570.212s][info][gc,phases      ] GC(884) Adjust Roots 0.640ms
[570.212s][info][gc,phases,start] GC(884) Compaction Phase
[570.336s][info][gc,phases      ] GC(884) Compaction Phase 123.996ms
[570.336s][info][gc,phases,start] GC(884) Post Compact
[570.343s][info][gc,phases      ] GC(884) Post Compact 6.817ms
[570.343s][info][gc,heap        ] GC(884) PSYoungGen: 1048576K(1223168K)->72984K(1223168K) Eden: 1048576K(1048576K)->72984K(1048576K) From: 0K(174592K)->0K(174592K)
[570.343s][info][gc,heap        ] GC(884) ParOldGen: 2796495K(2796544K)->2796482K(2796544K)
[570.343s][info][gc,metaspace   ] GC(884) Metaspace: 10599K(10880K)->10599K(10880K) NonClass: 9563K(9728K)->9563K(9728K) Class: 1035K(1152K)->1035K(1152K)
[570.343s][info][gc             ] GC(884) Pause Full (Ergonomics) 3754M->2802M(3925M) 163.091ms
[570.343s][info][gc,cpu         ] GC(884) User=1.33s Sys=0.00s Real=0.17s
[570.808s][info][gc,start       ] GC(885) Pause Full (Ergonomics)
[570.808s][info][gc,phases,start] GC(885) Marking Phase
[570.838s][info][gc,phases      ] GC(885) Marking Phase 29.280ms
[570.838s][info][gc,phases,start] GC(885) Summary Phase
[570.838s][info][gc,phases      ] GC(885) Summary Phase 0.063ms
[570.838s][info][gc,phases,start] GC(885) Adjust Roots
[570.838s][info][gc,phases      ] GC(885) Adjust Roots 0.581ms
[570.838s][info][gc,phases,start] GC(885) Compaction Phase
[570.976s][info][gc,phases      ] GC(885) Compaction Phase 137.383ms
[570.976s][info][gc,phases,start] GC(885) Post Compact
[570.985s][info][gc,phases      ] GC(885) Post Compact 8.984ms
[570.985s][info][gc,heap        ] GC(885) PSYoungGen: 1048576K(1223168K)->72948K(1223168K) Eden: 1048576K(1048576K)->72948K(1048576K) From: 0K(174592K)->0K(174592K)
[570.985s][info][gc,heap        ] GC(885) ParOldGen: 2796482K(2796544K)->2796519K(2796544K)
[570.985s][info][gc,metaspace   ] GC(885) Metaspace: 10599K(10880K)->10599K(10880K) NonClass: 9563K(9728K)->9563K(9728K) Class: 1035K(1152K)->1035K(1152K)
[570.985s][info][gc             ] GC(885) Pause Full (Ergonomics) 3754M->2802M(3925M) 176.595ms
[570.985s][info][gc,cpu         ] GC(885) User=1.32s Sys=0.01s Real=0.18s
[571.448s][info][gc,start       ] GC(886) Pause Full (Ergonomics)
[571.448s][info][gc,phases,start] GC(886) Marking Phase
[571.480s][info][gc,phases      ] GC(886) Marking Phase 31.521ms
[571.480s][info][gc,phases,start] GC(886) Summary Phase
[571.480s][info][gc,phases      ] GC(886) Summary Phase 0.065ms
[571.480s][info][gc,phases,start] GC(886) Adjust Roots
[571.480s][info][gc,phases      ] GC(886) Adjust Roots 0.489ms
[571.481s][info][gc,phases,start] GC(886) Compaction Phase
[571.618s][info][gc,phases      ] GC(886) Compaction Phase 137.609ms
[571.618s][info][gc,phases,start] GC(886) Post Compact
[571.628s][info][gc,phases      ] GC(886) Post Compact 9.499ms
[571.628s][info][gc,heap        ] GC(886) PSYoungGen: 1048576K(1223168K)->72972K(1223168K) Eden: 1048576K(1048576K)->72972K(1048576K) From: 0K(174592K)->0K(174592K)
[571.628s][info][gc,heap        ] GC(886) ParOldGen: 2796519K(2796544K)->2796495K(2796544K)
[571.628s][info][gc,metaspace   ] GC(886) Metaspace: 10599K(10880K)->10599K(10880K) NonClass: 9563K(9728K)->9563K(9728K) Class: 1035K(1152K)->1035K(1152K)
[571.628s][info][gc             ] GC(886) Pause Full (Ergonomics) 3754M->2802M(3925M) 179.520ms
[571.628s][info][gc,cpu         ] GC(886) User=1.33s Sys=0.00s Real=0.18s
[572.093s][info][gc,start       ] GC(887) Pause Full (Ergonomics)
[572.093s][info][gc,phases,start] GC(887) Marking Phase
[572.123s][info][gc,phases      ] GC(887) Marking Phase 30.691ms
[572.123s][info][gc,phases,start] GC(887) Summary Phase
[572.123s][info][gc,phases      ] GC(887) Summary Phase 0.064ms
[572.123s][info][gc,phases,start] GC(887) Adjust Roots
[572.124s][info][gc,phases      ] GC(887) Adjust Roots 0.416ms
[572.124s][info][gc,phases,start] GC(887) Compaction Phase
[572.262s][info][gc,phases      ] GC(887) Compaction Phase 138.393ms
[572.262s][info][gc,phases,start] GC(887) Post Compact
[572.272s][info][gc,phases      ] GC(887) Post Compact 9.825ms
[572.272s][info][gc,heap        ] GC(887) PSYoungGen: 1048576K(1223168K)->72988K(1223168K) Eden: 1048576K(1048576K)->72988K(1048576K) From: 0K(174592K)->0K(174592K)
[572.272s][info][gc,heap        ] GC(887) ParOldGen: 2796495K(2796544K)->2796478K(2796544K)
[572.272s][info][gc,metaspace   ] GC(887) Metaspace: 10599K(10880K)->10599K(10880K) NonClass: 9563K(9728K)->9563K(9728K) Class: 1035K(1152K)->1035K(1152K)
[572.272s][info][gc             ] GC(887) Pause Full (Ergonomics) 3754M->2802M(3925M) 179.722ms
[572.272s][info][gc,cpu         ] GC(887) User=1.33s Sys=0.00s Real=0.18s
[572.739s][info][gc,start       ] GC(888) Pause Full (Ergonomics)
[572.739s][info][gc,phases,start] GC(888) Marking Phase
[572.770s][info][gc,phases      ] GC(888) Marking Phase 31.084ms
[572.770s][info][gc,phases,start] GC(888) Summary Phase
[572.770s][info][gc,phases      ] GC(888) Summary Phase 0.064ms
[572.770s][info][gc,phases,start] GC(888) Adjust Roots
[572.771s][info][gc,phases      ] GC(888) Adjust Roots 0.486ms
[572.771s][info][gc,phases,start] GC(888) Compaction Phase
[572.910s][info][gc,phases      ] GC(888) Compaction Phase 138.999ms
[572.910s][info][gc,phases,start] GC(888) Post Compact
[572.919s][info][gc,phases      ] GC(888) Post Compact 9.105ms
[572.919s][info][gc,heap        ] GC(888) PSYoungGen: 1048576K(1223168K)->72997K(1223168K) Eden: 1048576K(1048576K)->72997K(1048576K) From: 0K(174592K)->0K(174592K)
[572.919s][info][gc,heap        ] GC(888) ParOldGen: 2796478K(2796544K)->2796470K(2796544K)
[572.919s][info][gc,metaspace   ] GC(888) Metaspace: 10599K(10880K)->10599K(10880K) NonClass: 9563K(9728K)->9563K(9728K) Class: 1035K(1152K)->1035K(1152K)
[572.919s][info][gc             ] GC(888) Pause Full (Ergonomics) 3754M->2802M(3925M) 180.068ms
[572.919s][info][gc,cpu         ] GC(888) User=1.34s Sys=0.00s Real=0.18s
[573.388s][info][gc,start       ] GC(889) Pause Full (Ergonomics)
[573.389s][info][gc,phases,start] GC(889) Marking Phase
[573.421s][info][gc,phases      ] GC(889) Marking Phase 32.506ms
[573.421s][info][gc,phases,start] GC(889) Summary Phase
[573.421s][info][gc,phases      ] GC(889) Summary Phase 0.065ms
[573.421s][info][gc,phases,start] GC(889) Adjust Roots
[573.422s][info][gc,phases      ] GC(889) Adjust Roots 0.508ms
[573.422s][info][gc,phases,start] GC(889) Compaction Phase
[573.560s][info][gc,phases      ] GC(889) Compaction Phase 138.386ms
[573.560s][info][gc,phases,start] GC(889) Post Compact
[573.570s][info][gc,phases      ] GC(889) Post Compact 9.416ms
[573.570s][info][gc,heap        ] GC(889) PSYoungGen: 1048576K(1223168K)->72960K(1223168K) Eden: 1048576K(1048576K)->72960K(1048576K) From: 0K(174592K)->0K(174592K)
[573.570s][info][gc,heap        ] GC(889) ParOldGen: 2796470K(2796544K)->2796507K(2796544K)
[573.570s][info][gc,metaspace   ] GC(889) Metaspace: 10599K(10880K)->10599K(10880K) NonClass: 9563K(9728K)->9563K(9728K) Class: 1035K(1152K)->1035K(1152K)
[573.570s][info][gc             ] GC(889) Pause Full (Ergonomics) 3754M->2802M(3925M) 181.215ms
[573.570s][info][gc,cpu         ] GC(889) User=1.34s Sys=0.00s Real=0.18s
[574.041s][info][gc,start       ] GC(890) Pause Full (Ergonomics)
[574.042s][info][gc,phases,start] GC(890) Marking Phase
[574.072s][info][gc,phases      ] GC(890) Marking Phase 30.637ms
[574.072s][info][gc,phases,start] GC(890) Summary Phase
[574.072s][info][gc,phases      ] GC(890) Summary Phase 0.064ms
[574.072s][info][gc,phases,start] GC(890) Adjust Roots
[574.073s][info][gc,phases      ] GC(890) Adjust Roots 0.416ms
[574.073s][info][gc,phases,start] GC(890) Compaction Phase
[574.211s][info][gc,phases      ] GC(890) Compaction Phase 138.402ms
[574.211s][info][gc,phases,start] GC(890) Post Compact
[574.223s][info][gc,phases      ] GC(890) Post Compact 11.807ms
[574.223s][info][gc,heap        ] GC(890) PSYoungGen: 1048576K(1223168K)->72960K(1223168K) Eden: 1048576K(1048576K)->72960K(1048576K) From: 0K(174592K)->0K(174592K)
[574.223s][info][gc,heap        ] GC(890) ParOldGen: 2796507K(2796544K)->2796507K(2796544K)
[574.223s][info][gc,metaspace   ] GC(890) Metaspace: 10599K(10880K)->10599K(10880K) NonClass: 9563K(9728K)->9563K(9728K) Class: 1035K(1152K)->1035K(1152K)
[574.223s][info][gc             ] GC(890) Pause Full (Ergonomics) 3754M->2802M(3925M) 181.664ms
[574.223s][info][gc,cpu         ] GC(890) User=1.34s Sys=0.00s Real=0.18s
[574.684s][info][gc,start       ] GC(891) Pause Full (Ergonomics)
[574.684s][info][gc,phases,start] GC(891) Marking Phase
[574.716s][info][gc,phases      ] GC(891) Marking Phase 31.813ms
[574.716s][info][gc,phases,start] GC(891) Summary Phase
[574.716s][info][gc,phases      ] GC(891) Summary Phase 0.065ms
[574.716s][info][gc,phases,start] GC(891) Adjust Roots
[574.717s][info][gc,phases      ] GC(891) Adjust Roots 0.414ms
[574.717s][info][gc,phases,start] GC(891) Compaction Phase
[574.841s][info][gc,phases      ] GC(891) Compaction Phase 124.485ms
[574.841s][info][gc,phases,start] GC(891) Post Compact
[574.848s][info][gc,phases      ] GC(891) Post Compact 6.733ms
[574.848s][info][gc,heap        ] GC(891) PSYoungGen: 1048576K(1223168K)->72968K(1223168K) Eden: 1048576K(1048576K)->72968K(1048576K) From: 0K(174592K)->0K(174592K)
[574.848s][info][gc,heap        ] GC(891) ParOldGen: 2796507K(2796544K)->2796499K(2796544K)
[574.848s][info][gc,metaspace   ] GC(891) Metaspace: 10599K(10880K)->10599K(10880K) NonClass: 9563K(9728K)->9563K(9728K) Class: 1035K(1152K)->1035K(1152K)
[574.848s][info][gc             ] GC(891) Pause Full (Ergonomics) 3754M->2802M(3925M) 163.834ms
[574.848s][info][gc,cpu         ] GC(891) User=1.33s Sys=0.00s Real=0.16s
[575.317s][info][gc,start       ] GC(892) Pause Full (Ergonomics)
[575.317s][info][gc,phases,start] GC(892) Marking Phase
[575.348s][info][gc,phases      ] GC(892) Marking Phase 30.488ms
[575.348s][info][gc,phases,start] GC(892) Summary Phase
[575.348s][info][gc,phases      ] GC(892) Summary Phase 0.063ms
[575.348s][info][gc,phases,start] GC(892) Adjust Roots
[575.348s][info][gc,phases      ] GC(892) Adjust Roots 0.408ms
[575.348s][info][gc,phases,start] GC(892) Compaction Phase
[575.487s][info][gc,phases      ] GC(892) Compaction Phase 138.338ms
[575.487s][info][gc,phases,start] GC(892) Post Compact
[575.498s][info][gc,phases      ] GC(892) Post Compact 10.795ms
[575.498s][info][gc,heap        ] GC(892) PSYoungGen: 1048576K(1223168K)->72968K(1223168K) Eden: 1048576K(1048576K)->72968K(1048576K) From: 0K(174592K)->0K(174592K)
[575.498s][info][gc,heap        ] GC(892) ParOldGen: 2796499K(2796544K)->2796499K(2796544K)
[575.498s][info][gc,metaspace   ] GC(892) Metaspace: 10599K(10880K)->10599K(10880K) NonClass: 9563K(9728K)->9563K(9728K) Class: 1035K(1152K)->1035K(1152K)
[575.498s][info][gc             ] GC(892) Pause Full (Ergonomics) 3754M->2802M(3925M) 180.461ms
[575.498s][info][gc,cpu         ] GC(892) User=1.33s Sys=0.00s Real=0.18s
[575.981s][info][gc,start       ] GC(893) Pause Full (Ergonomics)
[575.981s][info][gc,phases,start] GC(893) Marking Phase
[576.013s][info][gc,phases      ] GC(893) Marking Phase 31.766ms
[576.013s][info][gc,phases,start] GC(893) Summary Phase
[576.013s][info][gc,phases      ] GC(893) Summary Phase 0.065ms
[576.013s][info][gc,phases,start] GC(893) Adjust Roots
[576.013s][info][gc,phases      ] GC(893) Adjust Roots 0.560ms
[576.013s][info][gc,phases,start] GC(893) Compaction Phase
[576.151s][info][gc,phases      ] GC(893) Compaction Phase 137.939ms
[576.151s][info][gc,phases,start] GC(893) Post Compact
[576.163s][info][gc,phases      ] GC(893) Post Compact 11.573ms
[576.163s][info][gc,heap        ] GC(893) PSYoungGen: 1048576K(1223168K)->72948K(1223168K) Eden: 1048576K(1048576K)->72948K(1048576K) From: 0K(174592K)->0K(174592K)
[576.163s][info][gc,heap        ] GC(893) ParOldGen: 2796499K(2796544K)->2796519K(2796544K)
[576.163s][info][gc,metaspace   ] GC(893) Metaspace: 10599K(10880K)->10599K(10880K) NonClass: 9563K(9728K)->9563K(9728K) Class: 1035K(1152K)->1035K(1152K)
[576.163s][info][gc             ] GC(893) Pause Full (Ergonomics) 3754M->2802M(3925M) 182.233ms
[576.163s][info][gc,cpu         ] GC(893) User=1.34s Sys=0.00s Real=0.19s
[576.630s][info][gc,start       ] GC(894) Pause Full (Ergonomics)
[576.630s][info][gc,phases,start] GC(894) Marking Phase
[576.661s][info][gc,phases      ] GC(894) Marking Phase 31.036ms
[576.661s][info][gc,phases,start] GC(894) Summary Phase
[576.661s][info][gc,phases      ] GC(894) Summary Phase 0.064ms
[576.661s][info][gc,phases,start] GC(894) Adjust Roots
[576.662s][info][gc,phases      ] GC(894) Adjust Roots 0.593ms
[576.662s][info][gc,phases,start] GC(894) Compaction Phase
[576.800s][info][gc,phases      ] GC(894) Compaction Phase 138.327ms
[576.800s][info][gc,phases,start] GC(894) Post Compact
[576.809s][info][gc,phases      ] GC(894) Post Compact 9.315ms
[576.809s][info][gc,heap        ] GC(894) PSYoungGen: 1048576K(1223168K)->72960K(1223168K) Eden: 1048576K(1048576K)->72960K(1048576K) From: 0K(174592K)->0K(174592K)
[576.809s][info][gc,heap        ] GC(894) ParOldGen: 2796519K(2796544K)->2796507K(2796544K)
[576.809s][info][gc,metaspace   ] GC(894) Metaspace: 10599K(10880K)->10599K(10880K) NonClass: 9563K(9728K)->9563K(9728K) Class: 1035K(1152K)->1035K(1152K)
[576.809s][info][gc             ] GC(894) Pause Full (Ergonomics) 3754M->2802M(3925M) 179.677ms
[576.809s][info][gc,cpu         ] GC(894) User=1.34s Sys=0.00s Real=0.18s
[577.279s][info][gc,start       ] GC(895) Pause Full (Ergonomics)
[577.279s][info][gc,phases,start] GC(895) Marking Phase
[577.310s][info][gc,phases      ] GC(895) Marking Phase 31.211ms
[577.310s][info][gc,phases,start] GC(895) Summary Phase
[577.310s][info][gc,phases      ] GC(895) Summary Phase 0.064ms
[577.310s][info][gc,phases,start] GC(895) Adjust Roots
[577.311s][info][gc,phases      ] GC(895) Adjust Roots 0.637ms
[577.311s][info][gc,phases,start] GC(895) Compaction Phase
[577.449s][info][gc,phases      ] GC(895) Compaction Phase 137.724ms
[577.449s][info][gc,phases,start] GC(895) Post Compact
[577.459s][info][gc,phases      ] GC(895) Post Compact 10.491ms
[577.459s][info][gc,heap        ] GC(895) PSYoungGen: 1048576K(1223168K)->72968K(1223168K) Eden: 1048576K(1048576K)->72968K(1048576K) From: 0K(174592K)->0K(174592K)
[577.459s][info][gc,heap        ] GC(895) ParOldGen: 2796507K(2796544K)->2796499K(2796544K)
[577.459s][info][gc,metaspace   ] GC(895) Metaspace: 10599K(10880K)->10599K(10880K) NonClass: 9563K(9728K)->9563K(9728K) Class: 1035K(1152K)->1035K(1152K)
[577.459s][info][gc             ] GC(895) Pause Full (Ergonomics) 3754M->2802M(3925M) 180.467ms
[577.459s][info][gc,cpu         ] GC(895) User=1.33s Sys=0.01s Real=0.18s
[577.935s][info][gc,start       ] GC(896) Pause Full (Ergonomics)
[577.935s][info][gc,phases,start] GC(896) Marking Phase
[577.966s][info][gc,phases      ] GC(896) Marking Phase 30.960ms
[577.966s][info][gc,phases,start] GC(896) Summary Phase
[577.966s][info][gc,phases      ] GC(896) Summary Phase 0.064ms
[577.966s][info][gc,phases,start] GC(896) Adjust Roots
[577.966s][info][gc,phases      ] GC(896) Adjust Roots 0.567ms
[577.966s][info][gc,phases,start] GC(896) Compaction Phase
[578.104s][info][gc,phases      ] GC(896) Compaction Phase 138.052ms
[578.104s][info][gc,phases,start] GC(896) Post Compact
[578.115s][info][gc,phases      ] GC(896) Post Compact 10.387ms
[578.115s][info][gc,heap        ] GC(896) PSYoungGen: 1048576K(1223168K)->72939K(1223168K) Eden: 1048576K(1048576K)->72939K(1048576K) From: 0K(174592K)->0K(174592K)
[578.115s][info][gc,heap        ] GC(896) ParOldGen: 2796499K(2796544K)->2796527K(2796544K)
[578.115s][info][gc,metaspace   ] GC(896) Metaspace: 10599K(10880K)->10599K(10880K) NonClass: 9563K(9728K)->9563K(9728K) Class: 1035K(1152K)->1035K(1152K)
[578.115s][info][gc             ] GC(896) Pause Full (Ergonomics) 3754M->2802M(3925M) 180.359ms
[578.115s][info][gc,cpu         ] GC(896) User=1.34s Sys=0.00s Real=0.18s
[578.591s][info][gc,start       ] GC(897) Pause Full (Ergonomics)
[578.591s][info][gc,phases,start] GC(897) Marking Phase
[578.622s][info][gc,phases      ] GC(897) Marking Phase 31.567ms
[578.622s][info][gc,phases,start] GC(897) Summary Phase
[578.622s][info][gc,phases      ] GC(897) Summary Phase 0.064ms
[578.622s][info][gc,phases,start] GC(897) Adjust Roots
[578.623s][info][gc,phases      ] GC(897) Adjust Roots 0.636ms
[578.623s][info][gc,phases,start] GC(897) Compaction Phase
[578.761s][info][gc,phases      ] GC(897) Compaction Phase 138.214ms
[578.761s][info][gc,phases,start] GC(897) Post Compact
[578.770s][info][gc,phases      ] GC(897) Post Compact 9.161ms
[578.771s][info][gc,heap        ] GC(897) PSYoungGen: 1048576K(1223168K)->72956K(1223168K) Eden: 1048576K(1048576K)->72956K(1048576K) From: 0K(174592K)->0K(174592K)
[578.771s][info][gc,heap        ] GC(897) ParOldGen: 2796527K(2796544K)->2796511K(2796544K)
[578.771s][info][gc,metaspace   ] GC(897) Metaspace: 10599K(10880K)->10599K(10880K) NonClass: 9563K(9728K)->9563K(9728K) Class: 1035K(1152K)->1035K(1152K)
[578.771s][info][gc             ] GC(897) Pause Full (Ergonomics) 3754M->2802M(3925M) 179.978ms
[578.771s][info][gc,cpu         ] GC(897) User=1.34s Sys=0.00s Real=0.18s
[579.236s][info][gc,start       ] GC(898) Pause Full (Ergonomics)
[579.236s][info][gc,phases,start] GC(898) Marking Phase
[579.270s][info][gc,phases      ] GC(898) Marking Phase 33.802ms
[579.270s][info][gc,phases,start] GC(898) Summary Phase
[579.270s][info][gc,phases      ] GC(898) Summary Phase 0.065ms
[579.270s][info][gc,phases,start] GC(898) Adjust Roots
[579.271s][info][gc,phases      ] GC(898) Adjust Roots 0.637ms
[579.271s][info][gc,phases,start] GC(898) Compaction Phase
[579.396s][info][gc,phases      ] GC(898) Compaction Phase 124.761ms
[579.396s][info][gc,phases,start] GC(898) Post Compact
[579.403s][info][gc,phases      ] GC(898) Post Compact 6.726ms
[579.403s][info][gc,heap        ] GC(898) PSYoungGen: 1048576K(1223168K)->72964K(1223168K) Eden: 1048576K(1048576K)->72964K(1048576K) From: 0K(174592K)->0K(174592K)
[579.403s][info][gc,heap        ] GC(898) ParOldGen: 2796511K(2796544K)->2796503K(2796544K)
[579.403s][info][gc,metaspace   ] GC(898) Metaspace: 10599K(10880K)->10599K(10880K) NonClass: 9563K(9728K)->9563K(9728K) Class: 1035K(1152K)->1035K(1152K)
[579.403s][info][gc             ] GC(898) Pause Full (Ergonomics) 3754M->2802M(3925M) 166.321ms
[579.403s][info][gc,cpu         ] GC(898) User=1.34s Sys=0.00s Real=0.17s
[579.870s][info][gc,start       ] GC(899) Pause Full (Ergonomics)
[579.871s][info][gc,phases,start] GC(899) Marking Phase
[579.901s][info][gc,phases      ] GC(899) Marking Phase 30.686ms
[579.901s][info][gc,phases,start] GC(899) Summary Phase
[579.901s][info][gc,phases      ] GC(899) Summary Phase 0.085ms
[579.901s][info][gc,phases,start] GC(899) Adjust Roots
[579.902s][info][gc,phases      ] GC(899) Adjust Roots 0.566ms
[579.902s][info][gc,phases,start] GC(899) Compaction Phase
[580.040s][info][gc,phases      ] GC(899) Compaction Phase 138.192ms
[580.040s][info][gc,phases,start] GC(899) Post Compact
[580.050s][info][gc,phases      ] GC(899) Post Compact 9.790ms
[580.050s][info][gc,heap        ] GC(899) PSYoungGen: 1048576K(1223168K)->72968K(1223168K) Eden: 1048576K(1048576K)->72968K(1048576K) From: 0K(174592K)->0K(174592K)
[580.050s][info][gc,heap        ] GC(899) ParOldGen: 2796503K(2796544K)->2796499K(2796544K)
[580.050s][info][gc,metaspace   ] GC(899) Metaspace: 10599K(10880K)->10599K(10880K) NonClass: 9563K(9728K)->9563K(9728K) Class: 1035K(1152K)->1035K(1152K)
[580.050s][info][gc             ] GC(899) Pause Full (Ergonomics) 3754M->2802M(3925M) 179.655ms
[580.050s][info][gc,cpu         ] GC(899) User=1.32s Sys=0.00s Real=0.18s
[580.528s][info][gc,start       ] GC(900) Pause Full (Ergonomics)
[580.528s][info][gc,phases,start] GC(900) Marking Phase
[580.560s][info][gc,phases      ] GC(900) Marking Phase 31.543ms
[580.560s][info][gc,phases,start] GC(900) Summary Phase
[580.560s][info][gc,phases      ] GC(900) Summary Phase 0.064ms
[580.560s][info][gc,phases,start] GC(900) Adjust Roots
[580.561s][info][gc,phases      ] GC(900) Adjust Roots 0.651ms
[580.561s][info][gc,phases,start] GC(900) Compaction Phase
[580.685s][info][gc,phases      ] GC(900) Compaction Phase 124.486ms
[580.685s][info][gc,phases,start] GC(900) Post Compact
[580.692s][info][gc,phases      ] GC(900) Post Compact 6.795ms
[580.692s][info][gc,heap        ] GC(900) PSYoungGen: 1048576K(1223168K)->72948K(1223168K) Eden: 1048576K(1048576K)->72948K(1048576K) From: 0K(174592K)->0K(174592K)
[580.692s][info][gc,heap        ] GC(900) ParOldGen: 2796499K(2796544K)->2796519K(2796544K)
[580.692s][info][gc,metaspace   ] GC(900) Metaspace: 10599K(10880K)->10599K(10880K) NonClass: 9563K(9728K)->9563K(9728K) Class: 1035K(1152K)->1035K(1152K)
[580.692s][info][gc             ] GC(900) Pause Full (Ergonomics) 3754M->2802M(3925M) 163.870ms
[580.692s][info][gc,cpu         ] GC(900) User=1.34s Sys=0.00s Real=0.16s
[581.159s][info][gc,start       ] GC(901) Pause Full (Ergonomics)
[581.159s][info][gc,phases,start] GC(901) Marking Phase
[581.188s][info][gc,phases      ] GC(901) Marking Phase 29.231ms
[581.188s][info][gc,phases,start] GC(901) Summary Phase
[581.188s][info][gc,phases      ] GC(901) Summary Phase 0.064ms
[581.188s][info][gc,phases,start] GC(901) Adjust Roots
[581.189s][info][gc,phases      ] GC(901) Adjust Roots 0.414ms
[581.189s][info][gc,phases,start] GC(901) Compaction Phase
[581.327s][info][gc,phases      ] GC(901) Compaction Phase 138.497ms
[581.327s][info][gc,phases,start] GC(901) Post Compact
[581.339s][info][gc,phases      ] GC(901) Post Compact 11.647ms
[581.339s][info][gc,heap        ] GC(901) PSYoungGen: 1048576K(1223168K)->72980K(1223168K) Eden: 1048576K(1048576K)->72980K(1048576K) From: 0K(174592K)->0K(174592K)
[581.339s][info][gc,heap        ] GC(901) ParOldGen: 2796519K(2796544K)->2796486K(2796544K)
[581.339s][info][gc,metaspace   ] GC(901) Metaspace: 10599K(10880K)->10599K(10880K) NonClass: 9563K(9728K)->9563K(9728K) Class: 1035K(1152K)->1035K(1152K)
[581.339s][info][gc             ] GC(901) Pause Full (Ergonomics) 3754M->2802M(3925M) 180.182ms
[581.339s][info][gc,cpu         ] GC(901) User=1.32s Sys=0.00s Real=0.18s
[581.807s][info][gc,start       ] GC(902) Pause Full (Ergonomics)
[581.807s][info][gc,phases,start] GC(902) Marking Phase
[581.838s][info][gc,phases      ] GC(902) Marking Phase 31.171ms
[581.838s][info][gc,phases,start] GC(902) Summary Phase
[581.839s][info][gc,phases      ] GC(902) Summary Phase 0.065ms
[581.839s][info][gc,phases,start] GC(902) Adjust Roots
[581.839s][info][gc,phases      ] GC(902) Adjust Roots 0.492ms
[581.839s][info][gc,phases,start] GC(902) Compaction Phase
[581.977s][info][gc,phases      ] GC(902) Compaction Phase 138.164ms
[581.977s][info][gc,phases,start] GC(902) Post Compact
[581.986s][info][gc,phases      ] GC(902) Post Compact 8.815ms
[581.986s][info][gc,heap        ] GC(902) PSYoungGen: 1048576K(1223168K)->72984K(1223168K) Eden: 1048576K(1048576K)->72984K(1048576K) From: 0K(174592K)->0K(174592K)
[581.986s][info][gc,heap        ] GC(902) ParOldGen: 2796486K(2796544K)->2796482K(2796544K)
[581.986s][info][gc,metaspace   ] GC(902) Metaspace: 10599K(10880K)->10599K(10880K) NonClass: 9563K(9728K)->9563K(9728K) Class: 1035K(1152K)->1035K(1152K)
[581.986s][info][gc             ] GC(902) Pause Full (Ergonomics) 3754M->2802M(3925M) 179.052ms
[581.986s][info][gc,cpu         ] GC(902) User=1.34s Sys=0.00s Real=0.18s
[582.454s][info][gc,start       ] GC(903) Pause Full (Ergonomics)
[582.454s][info][gc,phases,start] GC(903) Marking Phase
[582.486s][info][gc,phases      ] GC(903) Marking Phase 31.434ms
[582.486s][info][gc,phases,start] GC(903) Summary Phase
[582.486s][info][gc,phases      ] GC(903) Summary Phase 0.064ms
[582.486s][info][gc,phases,start] GC(903) Adjust Roots
[582.486s][info][gc,phases      ] GC(903) Adjust Roots 0.506ms
[582.486s][info][gc,phases,start] GC(903) Compaction Phase
[582.624s][info][gc,phases      ] GC(903) Compaction Phase 137.832ms
[582.624s][info][gc,phases,start] GC(903) Post Compact
[582.634s][info][gc,phases      ] GC(903) Post Compact 10.125ms
[582.635s][info][gc,heap        ] GC(903) PSYoungGen: 1048576K(1223168K)->72964K(1223168K) Eden: 1048576K(1048576K)->72964K(1048576K) From: 0K(174592K)->0K(174592K)
[582.635s][info][gc,heap        ] GC(903) ParOldGen: 2796482K(2796544K)->2796503K(2796544K)
[582.635s][info][gc,metaspace   ] GC(903) Metaspace: 10599K(10880K)->10599K(10880K) NonClass: 9563K(9728K)->9563K(9728K) Class: 1035K(1152K)->1035K(1152K)
[582.635s][info][gc             ] GC(903) Pause Full (Ergonomics) 3754M->2802M(3925M) 180.287ms
[582.635s][info][gc,cpu         ] GC(903) User=1.33s Sys=0.00s Real=0.18s
[583.111s][info][gc,start       ] GC(904) Pause Full (Ergonomics)
[583.111s][info][gc,phases,start] GC(904) Marking Phase
[583.142s][info][gc,phases      ] GC(904) Marking Phase 30.965ms
[583.142s][info][gc,phases,start] GC(904) Summary Phase
[583.142s][info][gc,phases      ] GC(904) Summary Phase 0.063ms
[583.142s][info][gc,phases,start] GC(904) Adjust Roots
[583.143s][info][gc,phases      ] GC(904) Adjust Roots 0.569ms
[583.143s][info][gc,phases,start] GC(904) Compaction Phase
[583.267s][info][gc,phases      ] GC(904) Compaction Phase 123.923ms
[583.267s][info][gc,phases,start] GC(904) Post Compact
[583.274s][info][gc,phases      ] GC(904) Post Compact 7.371ms
[583.274s][info][gc,heap        ] GC(904) PSYoungGen: 1048576K(1223168K)->72980K(1223168K) Eden: 1048576K(1048576K)->72980K(1048576K) From: 0K(174592K)->0K(174592K)
[583.274s][info][gc,heap        ] GC(904) ParOldGen: 2796503K(2796544K)->2796486K(2796544K)
[583.274s][info][gc,metaspace   ] GC(904) Metaspace: 10599K(10880K)->10599K(10880K) NonClass: 9563K(9728K)->9563K(9728K) Class: 1035K(1152K)->1035K(1152K)
[583.274s][info][gc             ] GC(904) Pause Full (Ergonomics) 3754M->2802M(3925M) 163.225ms
[583.274s][info][gc,cpu         ] GC(904) User=1.33s Sys=0.01s Real=0.17s
[583.741s][info][gc,start       ] GC(905) Pause Full (Ergonomics)
[583.741s][info][gc,phases,start] GC(905) Marking Phase
[583.771s][info][gc,phases      ] GC(905) Marking Phase 29.646ms
[583.771s][info][gc,phases,start] GC(905) Summary Phase
[583.771s][info][gc,phases      ] GC(905) Summary Phase 0.063ms
[583.771s][info][gc,phases,start] GC(905) Adjust Roots
[583.771s][info][gc,phases      ] GC(905) Adjust Roots 0.409ms
[583.771s][info][gc,phases,start] GC(905) Compaction Phase
[583.909s][info][gc,phases      ] GC(905) Compaction Phase 137.398ms
[583.909s][info][gc,phases,start] GC(905) Post Compact
[583.923s][info][gc,phases      ] GC(905) Post Compact 13.677ms
[583.923s][info][gc,heap        ] GC(905) PSYoungGen: 1048576K(1223168K)->72976K(1223168K) Eden: 1048576K(1048576K)->72976K(1048576K) From: 0K(174592K)->0K(174592K)
[583.923s][info][gc,heap        ] GC(905) ParOldGen: 2796486K(2796544K)->2796491K(2796544K)
[583.923s][info][gc,metaspace   ] GC(905) Metaspace: 10599K(10880K)->10599K(10880K) NonClass: 9563K(9728K)->9563K(9728K) Class: 1035K(1152K)->1035K(1152K)
[583.923s][info][gc             ] GC(905) Pause Full (Ergonomics) 3754M->2802M(3925M) 181.557ms
[583.923s][info][gc,cpu         ] GC(905) User=1.33s Sys=0.00s Real=0.19s
[584.390s][info][gc,start       ] GC(906) Pause Full (Ergonomics)
[584.391s][info][gc,phases,start] GC(906) Marking Phase
[584.422s][info][gc,phases      ] GC(906) Marking Phase 31.222ms
[584.422s][info][gc,phases,start] GC(906) Summary Phase
[584.422s][info][gc,phases      ] GC(906) Summary Phase 0.065ms
[584.422s][info][gc,phases,start] GC(906) Adjust Roots
[584.422s][info][gc,phases      ] GC(906) Adjust Roots 0.506ms
[584.422s][info][gc,phases,start] GC(906) Compaction Phase
[584.560s][info][gc,phases      ] GC(906) Compaction Phase 137.291ms
[584.560s][info][gc,phases,start] GC(906) Post Compact
[584.569s][info][gc,phases      ] GC(906) Post Compact 9.123ms
[584.569s][info][gc,heap        ] GC(906) PSYoungGen: 1048576K(1223168K)->72944K(1223168K) Eden: 1048576K(1048576K)->72944K(1048576K) From: 0K(174592K)->0K(174592K)
[584.569s][info][gc,heap        ] GC(906) ParOldGen: 2796491K(2796544K)->2796523K(2796544K)
[584.569s][info][gc,metaspace   ] GC(906) Metaspace: 10599K(10880K)->10599K(10880K) NonClass: 9563K(9728K)->9563K(9728K) Class: 1035K(1152K)->1035K(1152K)
[584.569s][info][gc             ] GC(906) Pause Full (Ergonomics) 3754M->2802M(3925M) 178.532ms
[584.569s][info][gc,cpu         ] GC(906) User=1.34s Sys=0.00s Real=0.18s
[585.036s][info][gc,start       ] GC(907) Pause Full (Ergonomics)
[585.036s][info][gc,phases,start] GC(907) Marking Phase
[585.067s][info][gc,phases      ] GC(907) Marking Phase 30.640ms
[585.067s][info][gc,phases,start] GC(907) Summary Phase
[585.067s][info][gc,phases      ] GC(907) Summary Phase 0.065ms
[585.067s][info][gc,phases,start] GC(907) Adjust Roots
[585.067s][info][gc,phases      ] GC(907) Adjust Roots 0.565ms
[585.067s][info][gc,phases,start] GC(907) Compaction Phase
[585.191s][info][gc,phases      ] GC(907) Compaction Phase 123.651ms
[585.191s][info][gc,phases,start] GC(907) Post Compact
[585.199s][info][gc,phases      ] GC(907) Post Compact 7.565ms
[585.199s][info][gc,heap        ] GC(907) PSYoungGen: 1048576K(1223168K)->72952K(1223168K) Eden: 1048576K(1048576K)->72952K(1048576K) From: 0K(174592K)->0K(174592K)
[585.199s][info][gc,heap        ] GC(907) ParOldGen: 2796523K(2796544K)->2796515K(2796544K)
[585.199s][info][gc,metaspace   ] GC(907) Metaspace: 10599K(10880K)->10599K(10880K) NonClass: 9563K(9728K)->9563K(9728K) Class: 1035K(1152K)->1035K(1152K)
[585.199s][info][gc             ] GC(907) Pause Full (Ergonomics) 3754M->2802M(3925M) 162.814ms
[585.199s][info][gc,cpu         ] GC(907) User=1.32s Sys=0.00s Real=0.16s
[585.668s][info][gc,start       ] GC(908) Pause Full (Ergonomics)
[585.668s][info][gc,phases,start] GC(908) Marking Phase
[585.698s][info][gc,phases      ] GC(908) Marking Phase 30.044ms
[585.698s][info][gc,phases,start] GC(908) Summary Phase
[585.698s][info][gc,phases      ] GC(908) Summary Phase 0.064ms
[585.698s][info][gc,phases,start] GC(908) Adjust Roots
[585.699s][info][gc,phases      ] GC(908) Adjust Roots 0.423ms
[585.699s][info][gc,phases,start] GC(908) Compaction Phase
[585.836s][info][gc,phases      ] GC(908) Compaction Phase 136.990ms
[585.836s][info][gc,phases,start] GC(908) Post Compact
[585.845s][info][gc,phases      ] GC(908) Post Compact 9.191ms
[585.845s][info][gc,heap        ] GC(908) PSYoungGen: 1048576K(1223168K)->72988K(1223168K) Eden: 1048576K(1048576K)->72988K(1048576K) From: 0K(174592K)->0K(174592K)
[585.845s][info][gc,heap        ] GC(908) ParOldGen: 2796515K(2796544K)->2796478K(2796544K)
[585.845s][info][gc,metaspace   ] GC(908) Metaspace: 10599K(10880K)->10599K(10880K) NonClass: 9563K(9728K)->9563K(9728K) Class: 1035K(1152K)->1035K(1152K)
[585.845s][info][gc             ] GC(908) Pause Full (Ergonomics) 3754M->2802M(3925M) 177.029ms
[585.845s][info][gc,cpu         ] GC(908) User=1.32s Sys=0.00s Real=0.18s
[586.317s][info][gc,start       ] GC(909) Pause Full (Ergonomics)
[586.317s][info][gc,phases,start] GC(909) Marking Phase
[586.348s][info][gc,phases      ] GC(909) Marking Phase 30.952ms
[586.348s][info][gc,phases,start] GC(909) Summary Phase
[586.348s][info][gc,phases      ] GC(909) Summary Phase 0.064ms
[586.348s][info][gc,phases,start] GC(909) Adjust Roots
[586.348s][info][gc,phases      ] GC(909) Adjust Roots 0.636ms
[586.348s][info][gc,phases,start] GC(909) Compaction Phase
[586.486s][info][gc,phases      ] GC(909) Compaction Phase 137.209ms
[586.486s][info][gc,phases,start] GC(909) Post Compact
[586.495s][info][gc,phases      ] GC(909) Post Compact 8.990ms
[586.495s][info][gc,heap        ] GC(909) PSYoungGen: 1048576K(1223168K)->72964K(1223168K) Eden: 1048576K(1048576K)->72964K(1048576K) From: 0K(174592K)->0K(174592K)
[586.495s][info][gc,heap        ] GC(909) ParOldGen: 2796478K(2796544K)->2796503K(2796544K)
[586.495s][info][gc,metaspace   ] GC(909) Metaspace: 10599K(10880K)->10599K(10880K) NonClass: 9563K(9728K)->9563K(9728K) Class: 1035K(1152K)->1035K(1152K)
[586.495s][info][gc             ] GC(909) Pause Full (Ergonomics) 3754M->2802M(3925M) 178.164ms
[586.495s][info][gc,cpu         ] GC(909) User=1.33s Sys=0.00s Real=0.18s
[586.962s][info][gc,start       ] GC(910) Pause Full (Ergonomics)
[586.962s][info][gc,phases,start] GC(910) Marking Phase
[586.993s][info][gc,phases      ] GC(910) Marking Phase 30.775ms
[586.993s][info][gc,phases,start] GC(910) Summary Phase
[586.993s][info][gc,phases      ] GC(910) Summary Phase 0.064ms
[586.993s][info][gc,phases,start] GC(910) Adjust Roots
[586.993s][info][gc,phases      ] GC(910) Adjust Roots 0.648ms
[586.993s][info][gc,phases,start] GC(910) Compaction Phase
[587.119s][info][gc,phases      ] GC(910) Compaction Phase 125.741ms
[587.119s][info][gc,phases,start] GC(910) Post Compact
[587.127s][info][gc,phases      ] GC(910) Post Compact 8.051ms
[587.127s][info][gc,heap        ] GC(910) PSYoungGen: 1048576K(1223168K)->72956K(1223168K) Eden: 1048576K(1048576K)->72956K(1048576K) From: 0K(174592K)->0K(174592K)
[587.127s][info][gc,heap        ] GC(910) ParOldGen: 2796503K(2796544K)->2796511K(2796544K)
[587.127s][info][gc,metaspace   ] GC(910) Metaspace: 10599K(10880K)->10599K(10880K) NonClass: 9563K(9728K)->9563K(9728K) Class: 1035K(1152K)->1035K(1152K)
[587.127s][info][gc             ] GC(910) Pause Full (Ergonomics) 3754M->2802M(3925M) 165.616ms
[587.127s][info][gc,cpu         ] GC(910) User=1.34s Sys=0.00s Real=0.16s
[587.600s][info][gc,start       ] GC(911) Pause Full (Ergonomics)
[587.600s][info][gc,phases,start] GC(911) Marking Phase
[587.631s][info][gc,phases      ] GC(911) Marking Phase 30.631ms
[587.631s][info][gc,phases,start] GC(911) Summary Phase
[587.631s][info][gc,phases      ] GC(911) Summary Phase 0.064ms
[587.631s][info][gc,phases,start] GC(911) Adjust Roots
[587.632s][info][gc,phases      ] GC(911) Adjust Roots 0.559ms
[587.632s][info][gc,phases,start] GC(911) Compaction Phase
[587.757s][info][gc,phases      ] GC(911) Compaction Phase 124.841ms
[587.757s][info][gc,phases,start] GC(911) Post Compact
[587.764s][info][gc,phases      ] GC(911) Post Compact 7.578ms
[587.764s][info][gc,heap        ] GC(911) PSYoungGen: 1048576K(1223168K)->72984K(1223168K) Eden: 1048576K(1048576K)->72984K(1048576K) From: 0K(174592K)->0K(174592K)
[587.764s][info][gc,heap        ] GC(911) ParOldGen: 2796511K(2796544K)->2796482K(2796544K)
[587.764s][info][gc,metaspace   ] GC(911) Metaspace: 10599K(10880K)->10599K(10880K) NonClass: 9563K(9728K)->9563K(9728K) Class: 1035K(1152K)->1035K(1152K)
[587.764s][info][gc             ] GC(911) Pause Full (Ergonomics) 3754M->2802M(3925M) 164.013ms
[587.764s][info][gc,cpu         ] GC(911) User=1.33s Sys=0.00s Real=0.17s
[588.234s][info][gc,start       ] GC(912) Pause Full (Ergonomics)
[588.234s][info][gc,phases,start] GC(912) Marking Phase
[588.264s][info][gc,phases      ] GC(912) Marking Phase 29.728ms
[588.264s][info][gc,phases,start] GC(912) Summary Phase
[588.264s][info][gc,phases      ] GC(912) Summary Phase 0.064ms
[588.264s][info][gc,phases,start] GC(912) Adjust Roots
[588.265s][info][gc,phases      ] GC(912) Adjust Roots 0.442ms
[588.265s][info][gc,phases,start] GC(912) Compaction Phase
[588.403s][info][gc,phases      ] GC(912) Compaction Phase 138.530ms
[588.403s][info][gc,phases,start] GC(912) Post Compact
[588.415s][info][gc,phases      ] GC(912) Post Compact 11.677ms
[588.415s][info][gc,heap        ] GC(912) PSYoungGen: 1048576K(1223168K)->72960K(1223168K) Eden: 1048576K(1048576K)->72960K(1048576K) From: 0K(174592K)->0K(174592K)
[588.415s][info][gc,heap        ] GC(912) ParOldGen: 2796482K(2796544K)->2796507K(2796544K)
[588.415s][info][gc,metaspace   ] GC(912) Metaspace: 10599K(10880K)->10599K(10880K) NonClass: 9563K(9728K)->9563K(9728K) Class: 1035K(1152K)->1035K(1152K)
[588.415s][info][gc             ] GC(912) Pause Full (Ergonomics) 3754M->2802M(3925M) 180.799ms
[588.415s][info][gc,cpu         ] GC(912) User=1.33s Sys=0.01s Real=0.18s
[588.878s][info][gc,start       ] GC(913) Pause Full (Ergonomics)
[588.878s][info][gc,phases,start] GC(913) Marking Phase
[588.914s][info][gc,phases      ] GC(913) Marking Phase 35.758ms
[588.914s][info][gc,phases,start] GC(913) Summary Phase
[588.914s][info][gc,phases      ] GC(913) Summary Phase 0.091ms
[588.914s][info][gc,phases,start] GC(913) Adjust Roots
[588.915s][info][gc,phases      ] GC(913) Adjust Roots 0.700ms
[588.915s][info][gc,phases,start] GC(913) Compaction Phase
[589.054s][info][gc,phases      ] GC(913) Compaction Phase 139.332ms
[589.054s][info][gc,phases,start] GC(913) Post Compact
[589.064s][info][gc,phases      ] GC(913) Post Compact 9.568ms
[589.064s][info][gc,heap        ] GC(913) PSYoungGen: 1048576K(1223168K)->72935K(1223168K) Eden: 1048576K(1048576K)->72935K(1048576K) From: 0K(174592K)->0K(174592K)
[589.064s][info][gc,heap        ] GC(913) ParOldGen: 2796507K(2796544K)->2796531K(2796544K)
[589.064s][info][gc,metaspace   ] GC(913) Metaspace: 10599K(10880K)->10599K(10880K) NonClass: 9563K(9728K)->9563K(9728K) Class: 1035K(1152K)->1035K(1152K)
[589.064s][info][gc             ] GC(913) Pause Full (Ergonomics) 3754M->2802M(3925M) 185.805ms
[589.064s][info][gc,cpu         ] GC(913) User=1.38s Sys=0.00s Real=0.19s
[589.532s][info][gc,start       ] GC(914) Pause Full (Ergonomics)
[589.533s][info][gc,phases,start] GC(914) Marking Phase
[589.570s][info][gc,phases      ] GC(914) Marking Phase 37.231ms
[589.570s][info][gc,phases,start] GC(914) Summary Phase
[589.570s][info][gc,phases      ] GC(914) Summary Phase 0.096ms
[589.570s][info][gc,phases,start] GC(914) Adjust Roots
[589.571s][info][gc,phases      ] GC(914) Adjust Roots 0.950ms
[589.571s][info][gc,phases,start] GC(914) Compaction Phase
[589.700s][info][gc,phases      ] GC(914) Compaction Phase 129.432ms
[589.700s][info][gc,phases,start] GC(914) Post Compact
[589.708s][info][gc,phases      ] GC(914) Post Compact 7.457ms
[589.708s][info][gc,heap        ] GC(914) PSYoungGen: 1048576K(1223168K)->72952K(1223168K) Eden: 1048576K(1048576K)->72952K(1048576K) From: 0K(174592K)->0K(174592K)
[589.708s][info][gc,heap        ] GC(914) ParOldGen: 2796531K(2796544K)->2796515K(2796544K)
[589.708s][info][gc,metaspace   ] GC(914) Metaspace: 10599K(10880K)->10599K(10880K) NonClass: 9563K(9728K)->9563K(9728K) Class: 1035K(1152K)->1035K(1152K)
[589.708s][info][gc             ] GC(914) Pause Full (Ergonomics) 3754M->2802M(3925M) 175.531ms
[589.708s][info][gc,cpu         ] GC(914) User=1.42s Sys=0.00s Real=0.18s
[590.171s][info][gc,start       ] GC(915) Pause Full (Ergonomics)
[590.171s][info][gc,phases,start] GC(915) Marking Phase
[590.202s][info][gc,phases      ] GC(915) Marking Phase 30.758ms
[590.202s][info][gc,phases,start] GC(915) Summary Phase
[590.202s][info][gc,phases      ] GC(915) Summary Phase 0.065ms
[590.202s][info][gc,phases,start] GC(915) Adjust Roots
[590.202s][info][gc,phases      ] GC(915) Adjust Roots 0.555ms
[590.202s][info][gc,phases,start] GC(915) Compaction Phase
[590.339s][info][gc,phases      ] GC(915) Compaction Phase 137.025ms
[590.339s][info][gc,phases,start] GC(915) Post Compact
[590.350s][info][gc,phases      ] GC(915) Post Compact 10.380ms
[590.350s][info][gc,heap        ] GC(915) PSYoungGen: 1048576K(1223168K)->72968K(1223168K) Eden: 1048576K(1048576K)->72968K(1048576K) From: 0K(174592K)->0K(174592K)
[590.350s][info][gc,heap        ] GC(915) ParOldGen: 2796515K(2796544K)->2796499K(2796544K)
[590.350s][info][gc,metaspace   ] GC(915) Metaspace: 10599K(10880K)->10599K(10880K) NonClass: 9563K(9728K)->9563K(9728K) Class: 1035K(1152K)->1035K(1152K)
[590.350s][info][gc             ] GC(915) Pause Full (Ergonomics) 3754M->2802M(3925M) 179.149ms
[590.350s][info][gc,cpu         ] GC(915) User=1.32s Sys=0.00s Real=0.18s
[590.817s][info][gc,start       ] GC(916) Pause Full (Ergonomics)
[590.817s][info][gc,phases,start] GC(916) Marking Phase
[590.851s][info][gc,phases      ] GC(916) Marking Phase 34.151ms
[590.851s][info][gc,phases,start] GC(916) Summary Phase
[590.851s][info][gc,phases      ] GC(916) Summary Phase 0.091ms
[590.851s][info][gc,phases,start] GC(916) Adjust Roots
[590.852s][info][gc,phases      ] GC(916) Adjust Roots 0.805ms
[590.852s][info][gc,phases,start] GC(916) Compaction Phase
[590.979s][info][gc,phases      ] GC(916) Compaction Phase 126.627ms
[590.979s][info][gc,phases,start] GC(916) Post Compact
[590.985s][info][gc,phases      ] GC(916) Post Compact 5.784ms
[590.985s][info][gc,heap        ] GC(916) PSYoungGen: 1048576K(1223168K)->72964K(1223168K) Eden: 1048576K(1048576K)->72964K(1048576K) From: 0K(174592K)->0K(174592K)
[590.985s][info][gc,heap        ] GC(916) ParOldGen: 2796499K(2796544K)->2796503K(2796544K)
[590.985s][info][gc,metaspace   ] GC(916) Metaspace: 10599K(10880K)->10599K(10880K) NonClass: 9563K(9728K)->9563K(9728K) Class: 1035K(1152K)->1035K(1152K)
[590.985s][info][gc             ] GC(916) Pause Full (Ergonomics) 3754M->2802M(3925M) 167.808ms
[590.985s][info][gc,cpu         ] GC(916) User=1.38s Sys=0.00s Real=0.17s
[591.456s][info][gc,start       ] GC(917) Pause Full (Ergonomics)
[591.456s][info][gc,phases,start] GC(917) Marking Phase
[591.485s][info][gc,phases      ] GC(917) Marking Phase 29.602ms
[591.486s][info][gc,phases,start] GC(917) Summary Phase
[591.486s][info][gc,phases      ] GC(917) Summary Phase 0.065ms
[591.486s][info][gc,phases,start] GC(917) Adjust Roots
[591.486s][info][gc,phases      ] GC(917) Adjust Roots 0.569ms
[591.486s][info][gc,phases,start] GC(917) Compaction Phase
[591.624s][info][gc,phases      ] GC(917) Compaction Phase 138.249ms
[591.625s][info][gc,phases,start] GC(917) Post Compact
[591.635s][info][gc,phases      ] GC(917) Post Compact 10.704ms
[591.635s][info][gc,heap        ] GC(917) PSYoungGen: 1048576K(1223168K)->72972K(1223168K) Eden: 1048576K(1048576K)->72972K(1048576K) From: 0K(174592K)->0K(174592K)
[591.635s][info][gc,heap        ] GC(917) ParOldGen: 2796503K(2796544K)->2796494K(2796544K)
[591.635s][info][gc,metaspace   ] GC(917) Metaspace: 10599K(10880K)->10599K(10880K) NonClass: 9563K(9728K)->9563K(9728K) Class: 1035K(1152K)->1035K(1152K)
[591.635s][info][gc             ] GC(917) Pause Full (Ergonomics) 3754M->2802M(3925M) 179.507ms
[591.635s][info][gc,cpu         ] GC(917) User=1.33s Sys=0.00s Real=0.18s
[592.108s][info][gc,start       ] GC(918) Pause Full (Ergonomics)
[592.108s][info][gc,phases,start] GC(918) Marking Phase
[592.140s][info][gc,phases      ] GC(918) Marking Phase 32.139ms
[592.140s][info][gc,phases,start] GC(918) Summary Phase
[592.141s][info][gc,phases      ] GC(918) Summary Phase 0.064ms
[592.141s][info][gc,phases,start] GC(918) Adjust Roots
[592.141s][info][gc,phases      ] GC(918) Adjust Roots 0.501ms
[592.141s][info][gc,phases,start] GC(918) Compaction Phase
[592.279s][info][gc,phases      ] GC(918) Compaction Phase 138.109ms
[592.279s][info][gc,phases,start] GC(918) Post Compact
[592.290s][info][gc,phases      ] GC(918) Post Compact 11.002ms
[592.290s][info][gc,heap        ] GC(918) PSYoungGen: 1048576K(1223168K)->72956K(1223168K) Eden: 1048576K(1048576K)->72956K(1048576K) From: 0K(174592K)->0K(174592K)
[592.290s][info][gc,heap        ] GC(918) ParOldGen: 2796494K(2796544K)->2796511K(2796544K)
[592.290s][info][gc,metaspace   ] GC(918) Metaspace: 10599K(10880K)->10599K(10880K) NonClass: 9563K(9728K)->9563K(9728K) Class: 1035K(1152K)->1035K(1152K)
[592.290s][info][gc             ] GC(918) Pause Full (Ergonomics) 3754M->2802M(3925M) 182.185ms
[592.290s][info][gc,cpu         ] GC(918) User=1.33s Sys=0.00s Real=0.18s
[592.763s][info][gc,start       ] GC(919) Pause Full (Ergonomics)
[592.763s][info][gc,phases,start] GC(919) Marking Phase
[592.795s][info][gc,phases      ] GC(919) Marking Phase 32.221ms
[592.795s][info][gc,phases,start] GC(919) Summary Phase
[592.795s][info][gc,phases      ] GC(919) Summary Phase 0.064ms
[592.795s][info][gc,phases,start] GC(919) Adjust Roots
[592.796s][info][gc,phases      ] GC(919) Adjust Roots 0.413ms
[592.796s][info][gc,phases,start] GC(919) Compaction Phase
[592.932s][info][gc,phases      ] GC(919) Compaction Phase 135.877ms
[592.932s][info][gc,phases,start] GC(919) Post Compact
[592.941s][info][gc,phases      ] GC(919) Post Compact 9.101ms
[592.941s][info][gc,heap        ] GC(919) PSYoungGen: 1048576K(1223168K)->72960K(1223168K) Eden: 1048576K(1048576K)->72960K(1048576K) From: 0K(174592K)->0K(174592K)
[592.941s][info][gc,heap        ] GC(919) ParOldGen: 2796511K(2796544K)->2796507K(2796544K)
[592.941s][info][gc,metaspace   ] GC(919) Metaspace: 10599K(10880K)->10599K(10880K) NonClass: 9563K(9728K)->9563K(9728K) Class: 1035K(1152K)->1035K(1152K)
[592.941s][info][gc             ] GC(919) Pause Full (Ergonomics) 3754M->2802M(3925M) 177.994ms
[592.941s][info][gc,cpu         ] GC(919) User=1.33s Sys=0.00s Real=0.17s
[593.401s][info][gc,start       ] GC(920) Pause Full (Ergonomics)
[593.401s][info][gc,phases,start] GC(920) Marking Phase
[593.434s][info][gc,phases      ] GC(920) Marking Phase 32.710ms
[593.434s][info][gc,phases,start] GC(920) Summary Phase
[593.434s][info][gc,phases      ] GC(920) Summary Phase 0.065ms
[593.434s][info][gc,phases,start] GC(920) Adjust Roots
[593.434s][info][gc,phases      ] GC(920) Adjust Roots 0.490ms
[593.434s][info][gc,phases,start] GC(920) Compaction Phase
[593.566s][info][gc,phases      ] GC(920) Compaction Phase 131.407ms
[593.566s][info][gc,phases,start] GC(920) Post Compact
[593.575s][info][gc,phases      ] GC(920) Post Compact 9.019ms
[593.575s][info][gc,heap        ] GC(920) PSYoungGen: 1048576K(1223168K)->72968K(1223168K) Eden: 1048576K(1048576K)->72968K(1048576K) From: 0K(174592K)->0K(174592K)
[593.575s][info][gc,heap        ] GC(920) ParOldGen: 2796507K(2796544K)->2796499K(2796544K)
[593.575s][info][gc,metaspace   ] GC(920) Metaspace: 10599K(10880K)->10599K(10880K) NonClass: 9563K(9728K)->9563K(9728K) Class: 1035K(1152K)->1035K(1152K)
[593.575s][info][gc             ] GC(920) Pause Full (Ergonomics) 3754M->2802M(3925M) 174.021ms
[593.575s][info][gc,cpu         ] GC(920) User=1.32s Sys=0.00s Real=0.18s
[594.037s][info][gc,start       ] GC(921) Pause Full (Ergonomics)
[594.037s][info][gc,phases,start] GC(921) Marking Phase
[594.067s][info][gc,phases      ] GC(921) Marking Phase 30.067ms
[594.067s][info][gc,phases,start] GC(921) Summary Phase
[594.067s][info][gc,phases      ] GC(921) Summary Phase 0.063ms
[594.067s][info][gc,phases,start] GC(921) Adjust Roots
[594.068s][info][gc,phases      ] GC(921) Adjust Roots 0.567ms
[594.068s][info][gc,phases,start] GC(921) Compaction Phase
[594.198s][info][gc,phases      ] GC(921) Compaction Phase 130.385ms
[594.198s][info][gc,phases,start] GC(921) Post Compact
[594.208s][info][gc,phases      ] GC(921) Post Compact 9.492ms
[594.208s][info][gc,heap        ] GC(921) PSYoungGen: 1048576K(1223168K)->72940K(1223168K) Eden: 1048576K(1048576K)->72940K(1048576K) From: 0K(174592K)->0K(174592K)
[594.208s][info][gc,heap        ] GC(921) ParOldGen: 2796499K(2796544K)->2796527K(2796544K)
[594.208s][info][gc,metaspace   ] GC(921) Metaspace: 10599K(10880K)->10599K(10880K) NonClass: 9563K(9728K)->9563K(9728K) Class: 1035K(1152K)->1035K(1152K)
[594.208s][info][gc             ] GC(921) Pause Full (Ergonomics) 3754M->2802M(3925M) 170.897ms
[594.208s][info][gc,cpu         ] GC(921) User=1.31s Sys=0.00s Real=0.17s
[594.675s][info][gc,start       ] GC(922) Pause Full (Ergonomics)
[594.675s][info][gc,phases,start] GC(922) Marking Phase
[594.707s][info][gc,phases      ] GC(922) Marking Phase 31.889ms
[594.707s][info][gc,phases,start] GC(922) Summary Phase
[594.707s][info][gc,phases      ] GC(922) Summary Phase 0.065ms
[594.707s][info][gc,phases,start] GC(922) Adjust Roots
[594.708s][info][gc,phases      ] GC(922) Adjust Roots 0.577ms
[594.708s][info][gc,phases,start] GC(922) Compaction Phase
[594.839s][info][gc,phases      ] GC(922) Compaction Phase 131.220ms
[594.839s][info][gc,phases,start] GC(922) Post Compact
[594.847s][info][gc,phases      ] GC(922) Post Compact 8.130ms
[594.847s][info][gc,heap        ] GC(922) PSYoungGen: 1048576K(1223168K)->72931K(1223168K) Eden: 1048576K(1048576K)->72931K(1048576K) From: 0K(174592K)->0K(174592K)
[594.847s][info][gc,heap        ] GC(922) ParOldGen: 2796527K(2796544K)->2796535K(2796544K)
[594.847s][info][gc,metaspace   ] GC(922) Metaspace: 10599K(10880K)->10599K(10880K) NonClass: 9563K(9728K)->9563K(9728K) Class: 1035K(1152K)->1035K(1152K)
[594.847s][info][gc             ] GC(922) Pause Full (Ergonomics) 3754M->2802M(3925M) 172.238ms
[594.847s][info][gc,cpu         ] GC(922) User=1.32s Sys=0.00s Real=0.17s
[595.315s][info][gc,start       ] GC(923) Pause Full (Ergonomics)
[595.315s][info][gc,phases,start] GC(923) Marking Phase
[595.346s][info][gc,phases      ] GC(923) Marking Phase 30.728ms
[595.346s][info][gc,phases,start] GC(923) Summary Phase
[595.346s][info][gc,phases      ] GC(923) Summary Phase 0.064ms
[595.346s][info][gc,phases,start] GC(923) Adjust Roots
[595.347s][info][gc,phases      ] GC(923) Adjust Roots 0.562ms
[595.347s][info][gc,phases,start] GC(923) Compaction Phase
[595.477s][info][gc,phases      ] GC(923) Compaction Phase 130.935ms
[595.478s][info][gc,phases,start] GC(923) Post Compact
[595.486s][info][gc,phases      ] GC(923) Post Compact 8.946ms
[595.487s][info][gc,heap        ] GC(923) PSYoungGen: 1048576K(1223168K)->72935K(1223168K) Eden: 1048576K(1048576K)->72935K(1048576K) From: 0K(174592K)->0K(174592K)
[595.487s][info][gc,heap        ] GC(923) ParOldGen: 2796535K(2796544K)->2796531K(2796544K)
[595.487s][info][gc,metaspace   ] GC(923) Metaspace: 10599K(10880K)->10599K(10880K) NonClass: 9563K(9728K)->9563K(9728K) Class: 1035K(1152K)->1035K(1152K)
[595.487s][info][gc             ] GC(923) Pause Full (Ergonomics) 3754M->2802M(3925M) 171.557ms
[595.487s][info][gc,cpu         ] GC(923) User=1.31s Sys=0.00s Real=0.17s
[595.951s][info][gc,start       ] GC(924) Pause Full (Ergonomics)
[595.951s][info][gc,phases,start] GC(924) Marking Phase
[595.981s][info][gc,phases      ] GC(924) Marking Phase 29.972ms
[595.981s][info][gc,phases,start] GC(924) Summary Phase
[595.981s][info][gc,phases      ] GC(924) Summary Phase 0.064ms
[595.981s][info][gc,phases,start] GC(924) Adjust Roots
[595.982s][info][gc,phases      ] GC(924) Adjust Roots 0.420ms
[595.982s][info][gc,phases,start] GC(924) Compaction Phase
[596.113s][info][gc,phases      ] GC(924) Compaction Phase 130.742ms
[596.113s][info][gc,phases,start] GC(924) Post Compact
[596.120s][info][gc,phases      ] GC(924) Post Compact 7.614ms
[596.120s][info][gc,heap        ] GC(924) PSYoungGen: 1048576K(1223168K)->72980K(1223168K) Eden: 1048576K(1048576K)->72980K(1048576K) From: 0K(174592K)->0K(174592K)
[596.120s][info][gc,heap        ] GC(924) ParOldGen: 2796531K(2796544K)->2796486K(2796544K)
[596.120s][info][gc,metaspace   ] GC(924) Metaspace: 10599K(10880K)->10599K(10880K) NonClass: 9563K(9728K)->9563K(9728K) Class: 1035K(1152K)->1035K(1152K)
[596.120s][info][gc             ] GC(924) Pause Full (Ergonomics) 3754M->2802M(3925M) 169.143ms
[596.120s][info][gc,cpu         ] GC(924) User=1.31s Sys=0.00s Real=0.17s
[596.587s][info][gc,start       ] GC(925) Pause Full (Ergonomics)
[596.587s][info][gc,phases,start] GC(925) Marking Phase
[596.618s][info][gc,phases      ] GC(925) Marking Phase 31.157ms
[596.618s][info][gc,phases,start] GC(925) Summary Phase
[596.618s][info][gc,phases      ] GC(925) Summary Phase 0.064ms
[596.618s][info][gc,phases,start] GC(925) Adjust Roots
[596.619s][info][gc,phases      ] GC(925) Adjust Roots 0.409ms
[596.619s][info][gc,phases,start] GC(925) Compaction Phase
[596.751s][info][gc,phases      ] GC(925) Compaction Phase 131.707ms
[596.751s][info][gc,phases,start] GC(925) Post Compact
[596.761s][info][gc,phases      ] GC(925) Post Compact 10.226ms
[596.761s][info][gc,heap        ] GC(925) PSYoungGen: 1048576K(1223168K)->72972K(1223168K) Eden: 1048576K(1048576K)->72972K(1048576K) From: 0K(174592K)->0K(174592K)
[596.761s][info][gc,heap        ] GC(925) ParOldGen: 2796486K(2796544K)->2796495K(2796544K)
[596.761s][info][gc,metaspace   ] GC(925) Metaspace: 10599K(10880K)->10599K(10880K) NonClass: 9563K(9728K)->9563K(9728K) Class: 1035K(1152K)->1035K(1152K)
[596.761s][info][gc             ] GC(925) Pause Full (Ergonomics) 3754M->2802M(3925M) 173.918ms
[596.761s][info][gc,cpu         ] GC(925) User=1.32s Sys=0.00s Real=0.17s
[597.224s][info][gc,start       ] GC(926) Pause Full (Ergonomics)
[597.224s][info][gc,phases,start] GC(926) Marking Phase
[597.257s][info][gc,phases      ] GC(926) Marking Phase 32.474ms
[597.257s][info][gc,phases,start] GC(926) Summary Phase
[597.257s][info][gc,phases      ] GC(926) Summary Phase 0.065ms
[597.257s][info][gc,phases,start] GC(926) Adjust Roots
[597.257s][info][gc,phases      ] GC(926) Adjust Roots 0.421ms
[597.257s][info][gc,phases,start] GC(926) Compaction Phase
[597.389s][info][gc,phases      ] GC(926) Compaction Phase 131.260ms
[597.389s][info][gc,phases,start] GC(926) Post Compact
[597.402s][info][gc,phases      ] GC(926) Post Compact 13.195ms
[597.402s][info][gc,heap        ] GC(926) PSYoungGen: 1048576K(1223168K)->73025K(1223168K) Eden: 1048576K(1048576K)->73025K(1048576K) From: 0K(174592K)->0K(174592K)
[597.402s][info][gc,heap        ] GC(926) ParOldGen: 2796495K(2796544K)->2796441K(2796544K)
[597.402s][info][gc,metaspace   ] GC(926) Metaspace: 10599K(10880K)->10599K(10880K) NonClass: 9563K(9728K)->9563K(9728K) Class: 1035K(1152K)->1035K(1152K)
[597.402s][info][gc             ] GC(926) Pause Full (Ergonomics) 3754M->2802M(3925M) 177.762ms
[597.402s][info][gc,cpu         ] GC(926) User=1.32s Sys=0.00s Real=0.18s
[597.872s][info][gc,start       ] GC(927) Pause Full (Ergonomics)
[597.872s][info][gc,phases,start] GC(927) Marking Phase
[597.902s][info][gc,phases      ] GC(927) Marking Phase 29.298ms
[597.902s][info][gc,phases,start] GC(927) Summary Phase
[597.902s][info][gc,phases      ] GC(927) Summary Phase 0.062ms
[597.902s][info][gc,phases,start] GC(927) Adjust Roots
[597.902s][info][gc,phases      ] GC(927) Adjust Roots 0.562ms
[597.902s][info][gc,phases,start] GC(927) Compaction Phase
[598.034s][info][gc,phases      ] GC(927) Compaction Phase 131.837ms
[598.034s][info][gc,phases,start] GC(927) Post Compact
[598.041s][info][gc,phases      ] GC(927) Post Compact 7.275ms
[598.041s][info][gc,heap        ] GC(927) PSYoungGen: 1048576K(1223168K)->72956K(1223168K) Eden: 1048576K(1048576K)->72956K(1048576K) From: 0K(174592K)->0K(174592K)
[598.041s][info][gc,heap        ] GC(927) ParOldGen: 2796441K(2796544K)->2796511K(2796544K)
[598.041s][info][gc,metaspace   ] GC(927) Metaspace: 10599K(10880K)->10599K(10880K) NonClass: 9563K(9728K)->9563K(9728K) Class: 1035K(1152K)->1035K(1152K)
[598.042s][info][gc             ] GC(927) Pause Full (Ergonomics) 3754M->2802M(3925M) 169.381ms
[598.042s][info][gc,cpu         ] GC(927) User=1.31s Sys=0.00s Real=0.18s
[598.508s][info][gc,start       ] GC(928) Pause Full (Ergonomics)
[598.508s][info][gc,phases,start] GC(928) Marking Phase
[598.538s][info][gc,phases      ] GC(928) Marking Phase 30.180ms
[598.538s][info][gc,phases,start] GC(928) Summary Phase
[598.538s][info][gc,phases      ] GC(928) Summary Phase 0.065ms
[598.538s][info][gc,phases,start] GC(928) Adjust Roots
[598.539s][info][gc,phases      ] GC(928) Adjust Roots 0.562ms
[598.539s][info][gc,phases,start] GC(928) Compaction Phase
[598.669s][info][gc,phases      ] GC(928) Compaction Phase 130.301ms
[598.669s][info][gc,phases,start] GC(928) Post Compact
[598.678s][info][gc,phases      ] GC(928) Post Compact 9.129ms
[598.679s][info][gc,heap        ] GC(928) PSYoungGen: 1048576K(1223168K)->72968K(1223168K) Eden: 1048576K(1048576K)->72968K(1048576K) From: 0K(174592K)->0K(174592K)
[598.679s][info][gc,heap        ] GC(928) ParOldGen: 2796511K(2796544K)->2796499K(2796544K)
[598.679s][info][gc,metaspace   ] GC(928) Metaspace: 10599K(10880K)->10599K(10880K) NonClass: 9563K(9728K)->9563K(9728K) Class: 1035K(1152K)->1035K(1152K)
[598.679s][info][gc             ] GC(928) Pause Full (Ergonomics) 3754M->2802M(3925M) 170.595ms
[598.679s][info][gc,cpu         ] GC(928) User=1.31s Sys=0.01s Real=0.17s
[599.159s][info][gc,start       ] GC(929) Pause Full (Ergonomics)
[599.159s][info][gc,phases,start] GC(929) Marking Phase
[599.189s][info][gc,phases      ] GC(929) Marking Phase 30.186ms
[599.189s][info][gc,phases,start] GC(929) Summary Phase
[599.189s][info][gc,phases      ] GC(929) Summary Phase 0.065ms
[599.189s][info][gc,phases,start] GC(929) Adjust Roots
[599.190s][info][gc,phases      ] GC(929) Adjust Roots 0.414ms
[599.190s][info][gc,phases,start] GC(929) Compaction Phase
[599.321s][info][gc,phases      ] GC(929) Compaction Phase 131.302ms
[599.321s][info][gc,phases,start] GC(929) Post Compact
[599.328s][info][gc,phases      ] GC(929) Post Compact 6.758ms
[599.328s][info][gc,heap        ] GC(929) PSYoungGen: 1048576K(1223168K)->72948K(1223168K) Eden: 1048576K(1048576K)->72948K(1048576K) From: 0K(174592K)->0K(174592K)
[599.328s][info][gc,heap        ] GC(929) ParOldGen: 2796499K(2796544K)->2796519K(2796544K)
[599.328s][info][gc,metaspace   ] GC(929) Metaspace: 10599K(10880K)->10599K(10880K) NonClass: 9563K(9728K)->9563K(9728K) Class: 1035K(1152K)->1035K(1152K)
[599.328s][info][gc             ] GC(929) Pause Full (Ergonomics) 3754M->2802M(3925M) 169.065ms
[599.328s][info][gc,cpu         ] GC(929) User=1.31s Sys=0.00s Real=0.17s
[599.798s][info][gc,start       ] GC(930) Pause Full (Ergonomics)
[599.798s][info][gc,phases,start] GC(930) Marking Phase
[599.828s][info][gc,phases      ] GC(930) Marking Phase 30.701ms
[599.829s][info][gc,phases,start] GC(930) Summary Phase
[599.829s][info][gc,phases      ] GC(930) Summary Phase 0.064ms
[599.829s][info][gc,phases,start] GC(930) Adjust Roots
[599.829s][info][gc,phases      ] GC(930) Adjust Roots 0.561ms
[599.829s][info][gc,phases,start] GC(930) Compaction Phase
[599.960s][info][gc,phases      ] GC(930) Compaction Phase 131.011ms
[599.960s][info][gc,phases,start] GC(930) Post Compact
[599.970s][info][gc,phases      ] GC(930) Post Compact 9.804ms
[599.970s][info][gc,heap        ] GC(930) PSYoungGen: 1048576K(1223168K)->72968K(1223168K) Eden: 1048576K(1048576K)->72968K(1048576K) From: 0K(174592K)->0K(174592K)
[599.970s][info][gc,heap        ] GC(930) ParOldGen: 2796519K(2796544K)->2796499K(2796544K)
[599.970s][info][gc,metaspace   ] GC(930) Metaspace: 10599K(10880K)->10599K(10880K) NonClass: 9563K(9728K)->9563K(9728K) Class: 1035K(1152K)->1035K(1152K)
[599.970s][info][gc             ] GC(930) Pause Full (Ergonomics) 3754M->2802M(3925M) 172.470ms
[599.970s][info][gc,cpu         ] GC(930) User=1.32s Sys=0.00s Real=0.17s
[600.440s][info][gc,start       ] GC(931) Pause Full (Ergonomics)
[600.440s][info][gc,phases,start] GC(931) Marking Phase
[600.470s][info][gc,phases      ] GC(931) Marking Phase 29.550ms
[600.470s][info][gc,phases,start] GC(931) Summary Phase
[600.470s][info][gc,phases      ] GC(931) Summary Phase 0.063ms
[600.470s][info][gc,phases,start] GC(931) Adjust Roots
[600.471s][info][gc,phases      ] GC(931) Adjust Roots 0.579ms
[600.471s][info][gc,phases,start] GC(931) Compaction Phase
[600.601s][info][gc,phases      ] GC(931) Compaction Phase 130.675ms
[600.601s][info][gc,phases,start] GC(931) Post Compact
[600.610s][info][gc,phases      ] GC(931) Post Compact 8.824ms
[600.610s][info][gc,heap        ] GC(931) PSYoungGen: 1048576K(1223168K)->72952K(1223168K) Eden: 1048576K(1048576K)->72952K(1048576K) From: 0K(174592K)->0K(174592K)
[600.610s][info][gc,heap        ] GC(931) ParOldGen: 2796499K(2796544K)->2796515K(2796544K)
[600.610s][info][gc,metaspace   ] GC(931) Metaspace: 10599K(10880K)->10599K(10880K) NonClass: 9563K(9728K)->9563K(9728K) Class: 1035K(1152K)->1035K(1152K)
[600.610s][info][gc             ] GC(931) Pause Full (Ergonomics) 3754M->2802M(3925M) 170.043ms
[600.610s][info][gc,cpu         ] GC(931) User=1.30s Sys=0.00s Real=0.17s
[600.871s][info][gc,heap,exit   ] Heap
[600.871s][info][gc,heap,exit   ]  PSYoungGen      total 1223168K, used 622455K [0x00000007aab00000, 0x0000000800000000, 0x0000000800000000)
[600.871s][info][gc,heap,exit   ]   eden space 1048576K, 59% used [0x00000007aab00000,0x00000007d0adde40,0x00000007eab00000)
[600.871s][info][gc,heap,exit   ]   from space 174592K, 0% used [0x00000007f5580000,0x00000007f5580000,0x0000000800000000)
[600.871s][info][gc,heap,exit   ]   to   space 174592K, 0% used [0x00000007eab00000,0x00000007eab00000,0x00000007f5580000)
[600.871s][info][gc,heap,exit   ]  ParOldGen       total 2796544K, used 2796515K [0x0000000700000000, 0x00000007aab00000, 0x00000007aab00000)
[600.871s][info][gc,heap,exit   ]   object space 2796544K, 99% used [0x0000000700000000,0x00000007aaaf8d28,0x00000007aab00000)
[600.871s][info][gc,heap,exit   ]  Metaspace       used 10741K, committed 10944K, reserved 1114112K
[600.871s][info][gc,heap,exit   ]   class space    used 1052K, committed 1152K, reserved 1048576K
