#Test Results (version 2)
#Thu Sep 05 21:01:39 CST 2024
#-----testdescription-----
$file=/home/yachen/code/java/TencentKona-17/test/hotspot/jtreg/gc/g1/TestLRUCache.java
$root=/home/yachen/code/java/TencentKona-17/test/hotspot/jtreg
keywords=othervm driver
library=/test/lib /
modules=java.base/jdk.internal.misc java.management/sun.management
requires=vm.gc.G1
run=USER_SPECIFIED build jdk.test.whitebox.WhiteBox\nUSER_SPECIFIED driver jdk.test.lib.helpers.ClassFileInstaller jdk.test.whitebox.WhiteBox\nUSER_SPECIFIED main/othervm -Xbootclasspath/a\:. -XX\:+UseG1GC -XX\:+UnlockDiagnosticVMOptions -XX\:+WhiteBoxAPI  gc.g1.TestLRUCache\n
source=TestLRUCache.java
title=Test g1 phrases with LRU Cache case

#-----environment-----

#-----testresult-----
description=file\:/home/yachen/code/java/TencentKona-17/test/hotspot/jtreg/gc/g1/TestLRUCache.java
elapsed=16246 0\:00\:16.246
end=Thu Sep 05 21\:01\:39 CST 2024
environment=regtest
execStatus=Passed. Execution successful
harnessLoaderMode=Classpath Loader
harnessVariety=Full Bundle
hostname=HP-Laptop
javatestOS=Linux 6.8.0-40-generic (amd64)
javatestVersion=6.0-ea+b24-2024-08-17-${BUILT_FROM_COMMIT}
jtregVersion=jtreg 7.3.1 dev 1
modules=java.base/jdk.internal.misc java.management/sun.management
script=com.sun.javatest.regtest.exec.RegressionScript
sections=script_messages build build driver build main
start=Thu Sep 05 21\:01\:22 CST 2024
test=gc/g1/TestLRUCache.java
testJDK=/home/yachen/code/java/TencentKona-17/build/linux-x86_64-server-release/jdk
testJDK_OS=[name\:Linux,arch\:amd64,version\:6.8.0-40-generic,family\:linux,simple_arch\:x64,simple_version\:6.8,processors\:32,maxMemory\:31213711360,maxSwap\:20479733760]
testJDK_os.arch=amd64
testJDK_os.name=Linux
testJDK_os.version=6.8.0-40-generic
totalTime=16249
user.name=yachen
work=/home/yachen/code/java/TencentKona-17/JTwork/gc/g1

#section:script_messages
----------messages:(10/674)----------
JDK under test: /home/yachen/code/java/TencentKona-17/build/linux-x86_64-server-release/jdk
openjdk version "17.0.11-internal" 2024-04-16
OpenJDK Runtime Environment (build 17.0.11-internal+0-adhoc.yachen.TencentKona-17)
OpenJDK 64-Bit Server VM (build 17.0.11-internal+0-adhoc.yachen.TencentKona-17, mixed mode)
Library /test/lib; kind: packages
   source directory: /home/yachen/code/java/TencentKona-17/test/lib
   class directory: /home/yachen/code/java/TencentKona-17/JTwork/classes/test/lib
Library /; kind: packages
   source directory: /home/yachen/code/java/TencentKona-17/test/hotspot/jtreg
   class directory: /home/yachen/code/java/TencentKona-17/JTwork/classes

#section:build
----------messages:(5/218)----------
command: build jdk.test.whitebox.WhiteBox
reason: User specified action: run build jdk.test.whitebox.WhiteBox 
started: Thu Sep 05 21:01:22 CST 2024
finished: Thu Sep 05 21:01:22 CST 2024
elapsed time (seconds): 0.001
result: Passed. All files up to date

#section:build
----------messages:(5/199)----------
command: build jdk.test.lib.helpers.ClassFileInstaller
reason: Named class compiled on demand
started: Thu Sep 05 21:01:22 CST 2024
finished: Thu Sep 05 21:01:22 CST 2024
elapsed time (seconds): 0.0
result: Passed. All files up to date

#section:driver
----------messages:(7/499)----------
command: driver jdk.test.lib.helpers.ClassFileInstaller jdk.test.whitebox.WhiteBox
reason: User specified action: run driver jdk.test.lib.helpers.ClassFileInstaller jdk.test.whitebox.WhiteBox 
started: Thu Sep 05 21:01:22 CST 2024
Mode: othervm
Additional options from @modules: --add-modules java.base,java.management --add-exports java.base/jdk.internal.misc=ALL-UNNAMED --add-exports java.management/sun.management=ALL-UNNAMED
finished: Thu Sep 05 21:01:23 CST 2024
elapsed time (seconds): 0.127
----------configuration:(5/175)----------
Boot Layer
  add modules: java.base java.management      
  add exports: java.base/jdk.internal.misc    ALL-UNNAMED
               java.management/sun.management ALL-UNNAMED

----------System.out:(0/0)----------
----------System.err:(1/15)----------
STATUS:Passed.
----------rerun:(40/2842)*----------
cd /home/yachen/code/java/TencentKona-17/JTwork/scratch && \\
DBUS_SESSION_BUS_ADDRESS=unix:path=/run/user/1000/bus \\
DESKTOP_SESSION=ubuntu \\
DISPLAY=:1 \\
GDMSESSION=ubuntu \\
GNOME_DESKTOP_SESSION_ID=this-is-deprecated \\
GNOME_SHELL_SESSION_MODE=ubuntu \\
HOME=/home/yachen \\
LANG=zh_CN.UTF-8 \\
PATH=/bin:/usr/bin:/usr/sbin \\
XDG_CONFIG_DIRS=/etc/xdg/xdg-ubuntu:/etc/xdg \\
XDG_CURRENT_DESKTOP=Unity \\
XDG_DATA_DIRS=/usr/share/ubuntu:/usr/share/gnome:/usr/local/share/:/usr/share/:/var/lib/snapd/desktop \\
XDG_MENU_PREFIX=gnome- \\
XDG_RUNTIME_DIR=/run/user/1000 \\
XDG_SESSION_CLASS=user \\
XDG_SESSION_DESKTOP=ubuntu \\
XDG_SESSION_TYPE=x11 \\
XMODIFIERS=@im=fcitx \\
CLASSPATH=/home/yachen/code/java/TencentKona-17/JTwork/classes/gc/g1/TestLRUCache.d:/home/yachen/code/java/TencentKona-17/test/hotspot/jtreg/gc/g1:/home/yachen/code/java/TencentKona-17/JTwork/classes/test/lib:/home/yachen/code/java/TencentKona-17/test/lib:/home/yachen/code/java/TencentKona-17/JTwork/classes:/home/yachen/code/java/TencentKona-17/test/hotspot/jtreg:/home/yachen/software/jtreg/lib/javatest.jar:/home/yachen/software/jtreg/lib/jtreg.jar \\
    /home/yachen/code/java/TencentKona-17/build/linux-x86_64-server-release/jdk/bin/java \\
        -Dtest.vm.opts= \\
        -Dtest.tool.vm.opts= \\
        -Dtest.compiler.opts= \\
        -Dtest.java.opts= \\
        -Dtest.jdk=/home/yachen/code/java/TencentKona-17/build/linux-x86_64-server-release/jdk \\
        -Dcompile.jdk=/home/yachen/code/java/TencentKona-17/build/linux-x86_64-server-release/jdk \\
        -Dtest.timeout.factor=1.0 \\
        -Dtest.root=/home/yachen/code/java/TencentKona-17/test/hotspot/jtreg \\
        -Dtest.name=gc/g1/TestLRUCache.java \\
        -Dtest.file=/home/yachen/code/java/TencentKona-17/test/hotspot/jtreg/gc/g1/TestLRUCache.java \\
        -Dtest.src=/home/yachen/code/java/TencentKona-17/test/hotspot/jtreg/gc/g1 \\
        -Dtest.src.path=/home/yachen/code/java/TencentKona-17/test/hotspot/jtreg/gc/g1:/home/yachen/code/java/TencentKona-17/test/lib:/home/yachen/code/java/TencentKona-17/test/hotspot/jtreg \\
        -Dtest.classes=/home/yachen/code/java/TencentKona-17/JTwork/classes/gc/g1/TestLRUCache.d \\
        -Dtest.class.path=/home/yachen/code/java/TencentKona-17/JTwork/classes/gc/g1/TestLRUCache.d:/home/yachen/code/java/TencentKona-17/JTwork/classes/test/lib:/home/yachen/code/java/TencentKona-17/JTwork/classes \\
        -Dtest.modules='java.base/jdk.internal.misc java.management/sun.management' \\
        --add-modules java.base,java.management \\
        --add-exports java.base/jdk.internal.misc=ALL-UNNAMED \\
        --add-exports java.management/sun.management=ALL-UNNAMED \\
        com.sun.javatest.regtest.agent.MainWrapper /home/yachen/code/java/TencentKona-17/JTwork/gc/g1/TestLRUCache.d/driver.0.jta jdk.test.whitebox.WhiteBox
result: Passed. Execution successful

#section:build
----------messages:(5/178)----------
command: build gc.g1.TestLRUCache
reason: Named class compiled on demand
started: Thu Sep 05 21:01:23 CST 2024
finished: Thu Sep 05 21:01:23 CST 2024
elapsed time (seconds): 0.0
result: Passed. All files up to date

#section:main
----------messages:(7/591)----------
command: main -Xbootclasspath/a:. -XX:+UseG1GC -XX:+UnlockDiagnosticVMOptions -XX:+WhiteBoxAPI gc.g1.TestLRUCache
reason: User specified action: run main/othervm -Xbootclasspath/a:. -XX:+UseG1GC -XX:+UnlockDiagnosticVMOptions -XX:+WhiteBoxAPI gc.g1.TestLRUCache 
started: Thu Sep 05 21:01:23 CST 2024
Mode: othervm [/othervm specified]
Additional options from @modules: --add-modules java.base,java.management --add-exports java.base/jdk.internal.misc=ALL-UNNAMED --add-exports java.management/sun.management=ALL-UNNAMED
finished: Thu Sep 05 21:01:39 CST 2024
elapsed time (seconds): 15.971
----------configuration:(5/175)----------
Boot Layer
  add modules: java.base java.management      
  add exports: java.base/jdk.internal.misc    ALL-UNNAMED
               java.management/sun.management ALL-UNNAMED

----------System.out:(7965/666967)----------
Command line: [/home/yachen/code/java/TencentKona-17/build/linux-x86_64-server-release/jdk/bin/java -cp /home/yachen/code/java/TencentKona-17/JTwork/classes/gc/g1/TestLRUCache.d:/home/yachen/code/java/TencentKona-17/test/hotspot/jtreg/gc/g1:/home/yachen/code/java/TencentKona-17/JTwork/classes/test/lib:/home/yachen/code/java/TencentKona-17/test/lib:/home/yachen/code/java/TencentKona-17/JTwork/classes:/home/yachen/code/java/TencentKona-17/test/hotspot/jtreg:/home/yachen/software/jtreg/lib/javatest.jar:/home/yachen/software/jtreg/lib/jtreg.jar -Xbootclasspath/a:. -XX:+UseG1GC -Xms1024m -Xmx1024m -XX:+UnlockDiagnosticVMOptions -XX:+WhiteBoxAPI -Xlog:gc* gc.g1.GCTest ]
[2024-09-05T13:01:23.265005253Z] Gathering output for process 46148
[0.003s][info][gc] Using G1
[0.009s][info][gc,init] Version: 17.0.11-internal+0-adhoc.yachen.TencentKona-17 (release)
[0.009s][info][gc,init] CPUs: 32 total, 32 available
[0.009s][info][gc,init] Memory: 29767M
[0.009s][info][gc,init] Large Page Support: Disabled
[0.009s][info][gc,init] NUMA Support: Disabled
[0.009s][info][gc,init] Compressed Oops: Enabled (32-bit)
[0.009s][info][gc,init] Heap Region Size: 1M
[0.009s][info][gc,init] Heap Min Capacity: 1G
[0.009s][info][gc,init] Heap Initial Capacity: 1G
[0.009s][info][gc,init] Heap Max Capacity: 1G
[0.009s][info][gc,init] Pre-touch: Disabled
[0.009s][info][gc,init] Parallel Workers: 23
[0.009s][info][gc,init] Concurrent Workers: 6
[0.009s][info][gc,init] Concurrent Refinement Workers: 23
[0.009s][info][gc,init] Periodic GC: Disabled
[0.009s][info][gc,metaspace] CDS archive(s) not mapped
[0.009s][info][gc,metaspace] Compressed class space mapped at: 0x0000000100000000-0x0000000140000000, reserved size: 1073741824
[0.009s][info][gc,metaspace] Narrow klass base: 0x0000000000000000, Narrow klass shift: 3, Narrow klass range: 0x140000000
[INFO] Cache initialized. Size: 157286 objects.
[INFO] Iteration: 0
[INFO] JVM Uptime: 0.11 seconds, OldGen Region Count: 0, OldGen Used Memory: 0.00 MB, OldGen Live Memory: 0.00 MB, Total count of old regions to be freed 0, Estimated memory to be freed: 0.00 MB, Estimated OldGen object count: 0
[INFO] Average Region used: NaN %, Live percent of used: NaN %, Live percent of region size: NaN % 
[INFO] Number of keys in OldGen: 0, Gap with estimated OldGen object: 0 (0 MB) 
[INFO] Number of pre-LRU keys in OldGen: 0
[0.152s][info][gc,start    ] GC(0) Pause Young (Normal) (G1 Evacuation Pause)
[0.155s][info][gc,task     ] GC(0) Using 23 workers of 23 for evacuation
[0.168s][info][gc,phases   ] GC(0)   Pre Evacuate Collection Set: 0.1ms
[0.168s][info][gc,phases   ] GC(0)   Merge Heap Roots: 0.1ms
[0.168s][info][gc,phases   ] GC(0)   Evacuate Collection Set: 12.5ms
[0.168s][info][gc,phases   ] GC(0)   Post Evacuate Collection Set: 0.3ms
[0.168s][info][gc,phases   ] GC(0)   Other: 3.7ms
[0.168s][info][gc,heap     ] GC(0) Eden regions: 51->0(44)
[0.168s][info][gc,heap     ] GC(0) Survivor regions: 0->7(7)
[0.168s][info][gc,heap     ] GC(0) Old regions: 0->39
[0.168s][info][gc,heap     ] GC(0) Archive regions: 0->0
[0.168s][info][gc,heap     ] GC(0) Humongous regions: 2->2
[0.168s][info][gc,metaspace] GC(0) Metaspace: 7914K(8128K)->7914K(8128K) NonClass: 7182K(7296K)->7182K(7296K) Class: 732K(832K)->732K(832K)
[0.168s][info][gc          ] GC(0) Pause Young (Normal) (G1 Evacuation Pause) 53M->47M(1024M) 16.795ms
[0.168s][info][gc,cpu      ] GC(0) User=0.02s Sys=0.12s Real=0.02s
[0.173s][info][gc,start    ] GC(1) Pause Young (Normal) (G1 Evacuation Pause)
[0.173s][info][gc,task     ] GC(1) Using 23 workers of 23 for evacuation
[0.186s][info][gc,phases   ] GC(1)   Pre Evacuate Collection Set: 0.2ms
[0.186s][info][gc,phases   ] GC(1)   Merge Heap Roots: 0.1ms
[0.186s][info][gc,phases   ] GC(1)   Evacuate Collection Set: 12.2ms
[0.186s][info][gc,phases   ] GC(1)   Post Evacuate Collection Set: 0.2ms
[0.186s][info][gc,phases   ] GC(1)   Other: 0.1ms
[0.186s][info][gc,heap     ] GC(1) Eden regions: 44->0(44)
[0.186s][info][gc,heap     ] GC(1) Survivor regions: 7->7(7)
[0.186s][info][gc,heap     ] GC(1) Old regions: 39->83
[0.186s][info][gc,heap     ] GC(1) Archive regions: 0->0
[0.186s][info][gc,heap     ] GC(1) Humongous regions: 2->2
[0.186s][info][gc,metaspace] GC(1) Metaspace: 7914K(8128K)->7914K(8128K) NonClass: 7182K(7296K)->7182K(7296K) Class: 732K(832K)->732K(832K)
[0.186s][info][gc          ] GC(1) Pause Young (Normal) (G1 Evacuation Pause) 91M->91M(1024M) 12.706ms
[0.186s][info][gc,cpu      ] GC(1) User=0.03s Sys=0.11s Real=0.01s
[0.192s][info][gc,start    ] GC(2) Pause Young (Normal) (G1 Evacuation Pause)
[0.192s][info][gc,task     ] GC(2) Using 23 workers of 23 for evacuation
[0.200s][info][gc,phases   ] GC(2)   Pre Evacuate Collection Set: 0.1ms
[0.200s][info][gc,phases   ] GC(2)   Merge Heap Roots: 0.1ms
[0.200s][info][gc,phases   ] GC(2)   Evacuate Collection Set: 7.5ms
[0.200s][info][gc,phases   ] GC(2)   Post Evacuate Collection Set: 0.3ms
[0.200s][info][gc,phases   ] GC(2)   Other: 0.1ms
[0.200s][info][gc,heap     ] GC(2) Eden regions: 44->0(44)
[0.200s][info][gc,heap     ] GC(2) Survivor regions: 7->7(7)
[0.200s][info][gc,heap     ] GC(2) Old regions: 83->129
[0.200s][info][gc,heap     ] GC(2) Archive regions: 0->0
[0.200s][info][gc,heap     ] GC(2) Humongous regions: 2->2
[0.200s][info][gc,metaspace] GC(2) Metaspace: 7914K(8128K)->7914K(8128K) NonClass: 7182K(7296K)->7182K(7296K) Class: 732K(832K)->732K(832K)
[0.200s][info][gc          ] GC(2) Pause Young (Normal) (G1 Evacuation Pause) 135M->137M(1024M) 8.140ms
[0.200s][info][gc,cpu      ] GC(2) User=0.04s Sys=0.10s Real=0.01s
[0.207s][info][gc,start    ] GC(3) Pause Young (Normal) (G1 Evacuation Pause)
[0.207s][info][gc,task     ] GC(3) Using 23 workers of 23 for evacuation
[0.212s][info][gc,phases   ] GC(3)   Pre Evacuate Collection Set: 0.1ms
[0.212s][info][gc,phases   ] GC(3)   Merge Heap Roots: 0.1ms
[0.212s][info][gc,phases   ] GC(3)   Evacuate Collection Set: 4.0ms
[0.212s][info][gc,phases   ] GC(3)   Post Evacuate Collection Set: 0.4ms
[0.212s][info][gc,phases   ] GC(3)   Other: 0.1ms
[0.212s][info][gc,heap     ] GC(3) Eden regions: 44->0(44)
[0.212s][info][gc,heap     ] GC(3) Survivor regions: 7->7(7)
[0.212s][info][gc,heap     ] GC(3) Old regions: 129->176
[0.212s][info][gc,heap     ] GC(3) Archive regions: 0->0
[0.212s][info][gc,heap     ] GC(3) Humongous regions: 2->2
[0.212s][info][gc,metaspace] GC(3) Metaspace: 7914K(8128K)->7914K(8128K) NonClass: 7182K(7296K)->7182K(7296K) Class: 732K(832K)->732K(832K)
[0.212s][info][gc          ] GC(3) Pause Young (Normal) (G1 Evacuation Pause) 181M->185M(1024M) 4.736ms
[0.212s][info][gc,cpu      ] GC(3) User=0.04s Sys=0.04s Real=0.00s
[0.218s][info][gc,start    ] GC(4) Pause Young (Normal) (G1 Evacuation Pause)
[0.218s][info][gc,task     ] GC(4) Using 23 workers of 23 for evacuation
[0.223s][info][gc,phases   ] GC(4)   Pre Evacuate Collection Set: 0.3ms
[0.223s][info][gc,phases   ] GC(4)   Merge Heap Roots: 0.5ms
[0.223s][info][gc,phases   ] GC(4)   Evacuate Collection Set: 3.8ms
[0.223s][info][gc,phases   ] GC(4)   Post Evacuate Collection Set: 1.1ms
[0.223s][info][gc,phases   ] GC(4)   Other: 0.1ms
[0.223s][info][gc,heap     ] GC(4) Eden regions: 44->0(49)
[0.223s][info][gc,heap     ] GC(4) Survivor regions: 7->7(7)
[0.223s][info][gc,heap     ] GC(4) Old regions: 176->224
[0.223s][info][gc,heap     ] GC(4) Archive regions: 0->0
[0.223s][info][gc,heap     ] GC(4) Humongous regions: 2->2
[0.223s][info][gc,metaspace] GC(4) Metaspace: 7940K(8128K)->7940K(8128K) NonClass: 7207K(7296K)->7207K(7296K) Class: 732K(832K)->732K(832K)
[0.223s][info][gc          ] GC(4) Pause Young (Normal) (G1 Evacuation Pause) 229M->232M(1024M) 5.817ms
[0.223s][info][gc,cpu      ] GC(4) User=0.03s Sys=0.04s Real=0.00s
[0.230s][info][gc,start    ] GC(5) Pause Young (Normal) (G1 Evacuation Pause)
[0.230s][info][gc,task     ] GC(5) Using 23 workers of 23 for evacuation
[0.236s][info][gc,phases   ] GC(5)   Pre Evacuate Collection Set: 0.3ms
[0.236s][info][gc,phases   ] GC(5)   Merge Heap Roots: 0.3ms
[0.236s][info][gc,phases   ] GC(5)   Evacuate Collection Set: 4.6ms
[0.236s][info][gc,phases   ] GC(5)   Post Evacuate Collection Set: 0.4ms
[0.236s][info][gc,phases   ] GC(5)   Other: 0.1ms
[0.236s][info][gc,heap     ] GC(5) Eden regions: 49->0(62)
[0.236s][info][gc,heap     ] GC(5) Survivor regions: 7->7(7)
[0.236s][info][gc,heap     ] GC(5) Old regions: 224->276
[0.236s][info][gc,heap     ] GC(5) Archive regions: 0->0
[0.236s][info][gc,heap     ] GC(5) Humongous regions: 2->2
[0.236s][info][gc,metaspace] GC(5) Metaspace: 7940K(8128K)->7940K(8128K) NonClass: 7207K(7296K)->7207K(7296K) Class: 732K(832K)->732K(832K)
[0.236s][info][gc          ] GC(5) Pause Young (Normal) (G1 Evacuation Pause) 281M->284M(1024M) 5.665ms
[0.236s][info][gc,cpu      ] GC(5) User=0.02s Sys=0.06s Real=0.00s
[INFO] Iteration: 100000
[INFO] JVM Uptime: 0.24 seconds, OldGen Region Count: 276, OldGen Used Memory: 275.75 MB, OldGen Live Memory: 275.75 MB, Total count of old regions to be freed 0, Estimated memory to be freed: 0.00 MB, Estimated OldGen object count: 70591
[INFO] Average Region used: 99.91 %, Live percent of used: 100.00 %, Live percent of region size: 99.91 % 
[INFO] Number of keys in OldGen: 65473, Gap with estimated OldGen object: 5118 (19 MB) 
[INFO] Number of pre-LRU keys in OldGen: 0
[0.253s][info][gc,start    ] GC(6) Pause Young (Normal) (G1 Evacuation Pause)
[0.254s][info][gc,task     ] GC(6) Using 23 workers of 23 for evacuation
[0.262s][info][gc,phases   ] GC(6)   Pre Evacuate Collection Set: 0.2ms
[0.262s][info][gc,phases   ] GC(6)   Merge Heap Roots: 0.2ms
[0.262s][info][gc,phases   ] GC(6)   Evacuate Collection Set: 6.5ms
[0.262s][info][gc,phases   ] GC(6)   Post Evacuate Collection Set: 1.1ms
[0.262s][info][gc,phases   ] GC(6)   Other: 0.1ms
[0.262s][info][gc,heap     ] GC(6) Eden regions: 62->0(78)
[0.262s][info][gc,heap     ] GC(6) Survivor regions: 7->9(9)
[0.262s][info][gc,heap     ] GC(6) Old regions: 276->340
[0.262s][info][gc,heap     ] GC(6) Archive regions: 0->0
[0.262s][info][gc,heap     ] GC(6) Humongous regions: 2->2
[0.262s][info][gc,metaspace] GC(6) Metaspace: 7945K(8128K)->7945K(8128K) NonClass: 7213K(7296K)->7213K(7296K) Class: 732K(832K)->732K(832K)
[0.262s][info][gc          ] GC(6) Pause Young (Normal) (G1 Evacuation Pause) 346M->350M(1024M) 8.130ms
[0.262s][info][gc,cpu      ] GC(6) User=0.04s Sys=0.07s Real=0.01s
[0.277s][info][gc,start    ] GC(7) Pause Young (Normal) (G1 Evacuation Pause)
[0.278s][info][gc,task     ] GC(7) Using 23 workers of 23 for evacuation
[0.286s][info][gc,phases   ] GC(7)   Pre Evacuate Collection Set: 0.3ms
[0.286s][info][gc,phases   ] GC(7)   Merge Heap Roots: 0.3ms
[0.286s][info][gc,phases   ] GC(7)   Evacuate Collection Set: 7.1ms
[0.286s][info][gc,phases   ] GC(7)   Post Evacuate Collection Set: 0.7ms
[0.286s][info][gc,phases   ] GC(7)   Other: 0.1ms
[0.286s][info][gc,heap     ] GC(7) Eden regions: 78->0(95)
[0.286s][info][gc,heap     ] GC(7) Survivor regions: 9->11(11)
[0.286s][info][gc,heap     ] GC(7) Old regions: 340->421
[0.286s][info][gc,heap     ] GC(7) Archive regions: 0->0
[0.286s][info][gc,heap     ] GC(7) Humongous regions: 2->2
[0.286s][info][gc,metaspace] GC(7) Metaspace: 7945K(8128K)->7945K(8128K) NonClass: 7213K(7296K)->7213K(7296K) Class: 732K(832K)->732K(832K)
[0.286s][info][gc          ] GC(7) Pause Young (Normal) (G1 Evacuation Pause) 428M->434M(1024M) 8.480ms
[0.286s][info][gc,cpu      ] GC(7) User=0.04s Sys=0.08s Real=0.00s
[INFO] Iteration: 200000
[INFO] JVM Uptime: 0.30 seconds, OldGen Region Count: 421, OldGen Used Memory: 421.00 MB, OldGen Live Memory: 421.00 MB, Total count of old regions to be freed 0, Estimated memory to be freed: 0.00 MB, Estimated OldGen object count: 107776
[INFO] Average Region used: 100.00 %, Live percent of used: 100.00 %, Live percent of region size: 100.00 % 
[INFO] Number of keys in OldGen: 99108, Gap with estimated OldGen object: 8668 (33 MB) 
[INFO] Number of pre-LRU keys in OldGen: 1000
[0.323s][info][gc,start    ] GC(8) Pause Young (Normal) (G1 Evacuation Pause)
[0.323s][info][gc,task     ] GC(8) Using 23 workers of 23 for evacuation
[0.333s][info][gc,phases   ] GC(8)   Pre Evacuate Collection Set: 0.3ms
[0.333s][info][gc,phases   ] GC(8)   Merge Heap Roots: 0.3ms
[0.333s][info][gc,phases   ] GC(8)   Evacuate Collection Set: 8.9ms
[0.333s][info][gc,phases   ] GC(8)   Post Evacuate Collection Set: 0.5ms
[0.333s][info][gc,phases   ] GC(8)   Other: 0.1ms
[0.333s][info][gc,heap     ] GC(8) Eden regions: 95->0(109)
[0.333s][info][gc,heap     ] GC(8) Survivor regions: 11->14(14)
[0.333s][info][gc,heap     ] GC(8) Old regions: 421->518
[0.333s][info][gc,heap     ] GC(8) Archive regions: 0->0
[0.333s][info][gc,heap     ] GC(8) Humongous regions: 2->2
[0.333s][info][gc,metaspace] GC(8) Metaspace: 7947K(8128K)->7947K(8128K) NonClass: 7215K(7296K)->7215K(7296K) Class: 732K(832K)->732K(832K)
[0.333s][info][gc          ] GC(8) Pause Young (Normal) (G1 Evacuation Pause) 529M->534M(1024M) 10.106ms
[0.333s][info][gc,cpu      ] GC(8) User=0.06s Sys=0.09s Real=0.01s
[INFO] Iteration: 300000
[INFO] JVM Uptime: 0.35 seconds, OldGen Region Count: 518, OldGen Used Memory: 518.00 MB, OldGen Live Memory: 518.00 MB, Total count of old regions to be freed 0, Estimated memory to be freed: 0.00 MB, Estimated OldGen object count: 132608
[INFO] Average Region used: 100.00 %, Live percent of used: 100.00 %, Live percent of region size: 100.00 % 
[INFO] Number of keys in OldGen: 121858, Gap with estimated OldGen object: 10750 (41 MB) 
[INFO] Number of pre-LRU keys in OldGen: 1000
[INFO] Iteration: 400000
[INFO] JVM Uptime: 0.37 seconds, OldGen Region Count: 518, OldGen Used Memory: 518.00 MB, OldGen Live Memory: 518.00 MB, Total count of old regions to be freed 0, Estimated memory to be freed: 0.00 MB, Estimated OldGen object count: 132608
[INFO] Average Region used: 100.00 %, Live percent of used: 100.00 %, Live percent of region size: 100.00 % 
[INFO] Number of keys in OldGen: 121858, Gap with estimated OldGen object: 10750 (41 MB) 
[INFO] Number of pre-LRU keys in OldGen: 1000
[0.388s][info][gc,start    ] GC(9) Pause Young (Concurrent Start) (G1 Evacuation Pause)
[0.388s][info][gc,task     ] GC(9) Using 23 workers of 23 for evacuation
[0.401s][info][gc,phases   ] GC(9)   Pre Evacuate Collection Set: 0.5ms
[0.401s][info][gc,phases   ] GC(9)   Merge Heap Roots: 0.5ms
[0.401s][info][gc,phases   ] GC(9)   Evacuate Collection Set: 10.7ms
[0.401s][info][gc,phases   ] GC(9)   Post Evacuate Collection Set: 1.1ms
[0.401s][info][gc,phases   ] GC(9)   Other: 0.3ms
[0.401s][info][gc,heap     ] GC(9) Eden regions: 109->0(86)
[0.401s][info][gc,heap     ] GC(9) Survivor regions: 14->16(16)
[0.401s][info][gc,heap     ] GC(9) Old regions: 518->627
[0.401s][info][gc,heap     ] GC(9) Archive regions: 0->0
[0.401s][info][gc,heap     ] GC(9) Humongous regions: 2->2
[0.401s][info][gc,metaspace] GC(9) Metaspace: 7957K(8128K)->7957K(8128K) NonClass: 7225K(7296K)->7225K(7296K) Class: 732K(832K)->732K(832K)
[0.401s][info][gc          ] GC(9) Pause Young (Concurrent Start) (G1 Evacuation Pause) 643M->645M(1024M) 13.037ms
[0.401s][info][gc,cpu      ] GC(9) User=0.09s Sys=0.11s Real=0.01s
[0.401s][info][gc          ] GC(10) Concurrent Mark Cycle
[0.401s][info][gc,marking  ] GC(10) Concurrent Clear Claimed Marks
[0.401s][info][gc,marking  ] GC(10) Concurrent Clear Claimed Marks 0.013ms
[0.401s][info][gc,marking  ] GC(10) Concurrent Scan Root Regions
[0.406s][info][gc,marking  ] GC(10) Concurrent Scan Root Regions 5.366ms
[0.406s][info][gc,marking  ] GC(10) Concurrent Mark
[0.406s][info][gc,marking  ] GC(10) Concurrent Mark From Roots
[0.406s][info][gc,task     ] GC(10) Using 6 workers of 6 for marking
[0.414s][info][gc,marking  ] GC(10) Concurrent Mark From Roots 7.940ms
[0.414s][info][gc,marking  ] GC(10) Concurrent Preclean
[0.415s][info][gc,marking  ] GC(10) Concurrent Preclean 0.173ms
[0.415s][info][gc,start    ] GC(10) Pause Remark
[0.417s][info][gc          ] GC(10) Pause Remark 659M->659M(1024M) 2.356ms
[0.417s][info][gc,cpu      ] GC(10) User=0.00s Sys=0.01s Real=0.01s
[0.417s][info][gc,marking  ] GC(10) Concurrent Mark 10.893ms
[0.417s][info][gc,marking  ] GC(10) Concurrent Rebuild Remembered Sets
[0.424s][info][gc,marking  ] GC(10) Concurrent Rebuild Remembered Sets 6.118ms
[0.424s][info][gc,start    ] GC(10) Pause Cleanup
[0.424s][info][gc          ] GC(10) Pause Cleanup 666M->666M(1024M) 0.333ms
[0.424s][info][gc,cpu      ] GC(10) User=0.00s Sys=0.00s Real=0.00s
[0.424s][info][gc,marking  ] GC(10) Concurrent Cleanup for Next Mark
[0.426s][info][gc,marking  ] GC(10) Concurrent Cleanup for Next Mark 1.710ms
[0.426s][info][gc          ] GC(10) Concurrent Mark Cycle 25.115ms
[INFO] Iteration: 500000
[INFO] JVM Uptime: 0.43 seconds, OldGen Region Count: 627, OldGen Used Memory: 627.00 MB, OldGen Live Memory: 594.60 MB, Total count of old regions to be freed 50, Estimated memory to be freed: 27.41 MB, Estimated OldGen object count: 160512
[INFO] Average Region used: 100.00 %, Live percent of used: 94.83 %, Live percent of region size: 94.83 % 
[INFO] Number of keys in OldGen: 147609, Gap with estimated OldGen object: 12903 (50 MB) 
[INFO] Number of pre-LRU keys in OldGen: 769
[INFO] Iteration: 600000
[INFO] JVM Uptime: 0.46 seconds, OldGen Region Count: 627, OldGen Used Memory: 627.00 MB, OldGen Live Memory: 594.60 MB, Total count of old regions to be freed 50, Estimated memory to be freed: 27.41 MB, Estimated OldGen object count: 160512
[INFO] Average Region used: 100.00 %, Live percent of used: 94.83 %, Live percent of region size: 94.83 % 
[INFO] Number of keys in OldGen: 142748, Gap with estimated OldGen object: 17764 (69 MB) 
[INFO] Number of pre-LRU keys in OldGen: 52
[INFO] Iteration: 700000
[INFO] JVM Uptime: 0.49 seconds, OldGen Region Count: 627, OldGen Used Memory: 627.00 MB, OldGen Live Memory: 594.60 MB, Total count of old regions to be freed 50, Estimated memory to be freed: 27.41 MB, Estimated OldGen object count: 160512
[INFO] Average Region used: 100.00 %, Live percent of used: 94.83 %, Live percent of region size: 94.83 % 
[INFO] Number of keys in OldGen: 137668, Gap with estimated OldGen object: 22844 (89 MB) 
[INFO] Number of pre-LRU keys in OldGen: 65
[0.520s][info][gc,start    ] GC(11) Pause Young (Prepare Mixed) (G1 Evacuation Pause)
[0.520s][info][gc,task     ] GC(11) Using 23 workers of 23 for evacuation
[0.529s][info][gc,phases   ] GC(11)   Pre Evacuate Collection Set: 0.3ms
[0.529s][info][gc,phases   ] GC(11)   Merge Heap Roots: 1.0ms
[0.529s][info][gc,phases   ] GC(11)   Evacuate Collection Set: 6.6ms
[0.529s][info][gc,phases   ] GC(11)   Post Evacuate Collection Set: 1.0ms
[0.529s][info][gc,phases   ] GC(11)   Other: 0.1ms
[0.529s][info][gc,heap     ] GC(11) Eden regions: 86->0(38)
[0.529s][info][gc,heap     ] GC(11) Survivor regions: 16->13(13)
[0.529s][info][gc,heap     ] GC(11) Old regions: 627->717
[0.529s][info][gc,heap     ] GC(11) Archive regions: 0->0
[0.529s][info][gc,heap     ] GC(11) Humongous regions: 2->2
[0.529s][info][gc,metaspace] GC(11) Metaspace: 7958K(8128K)->7958K(8128K) NonClass: 7226K(7296K)->7226K(7296K) Class: 732K(832K)->732K(832K)
[0.529s][info][gc          ] GC(11) Pause Young (Prepare Mixed) (G1 Evacuation Pause) 731M->731M(1024M) 9.074ms
[0.529s][info][gc,cpu      ] GC(11) User=0.07s Sys=0.08s Real=0.01s
[INFO] Iteration: 800000
[INFO] JVM Uptime: 0.53 seconds, OldGen Region Count: 717, OldGen Used Memory: 716.50 MB, OldGen Live Memory: 684.10 MB, Total count of old regions to be freed 50, Estimated memory to be freed: 27.41 MB, Estimated OldGen object count: 183424
[INFO] Average Region used: 99.93 %, Live percent of used: 95.48 %, Live percent of region size: 95.41 % 
[INFO] Number of keys in OldGen: 153572, Gap with estimated OldGen object: 29852 (116 MB) 
[INFO] Number of pre-LRU keys in OldGen: 363
[INFO] Iteration: 900000
[INFO] JVM Uptime: 0.56 seconds, OldGen Region Count: 717, OldGen Used Memory: 716.50 MB, OldGen Live Memory: 684.10 MB, Total count of old regions to be freed 50, Estimated memory to be freed: 27.41 MB, Estimated OldGen object count: 183424
[INFO] Average Region used: 99.93 %, Live percent of used: 95.48 %, Live percent of region size: 95.41 % 
[INFO] Number of keys in OldGen: 148589, Gap with estimated OldGen object: 34835 (136 MB) 
[INFO] Number of pre-LRU keys in OldGen: 71
[0.591s][info][gc,start    ] GC(12) Pause Young (Mixed) (G1 Evacuation Pause)
[0.591s][info][gc,task     ] GC(12) Using 23 workers of 23 for evacuation
[0.597s][info][gc,phases   ] GC(12)   Pre Evacuate Collection Set: 0.3ms
[0.597s][info][gc,phases   ] GC(12)   Merge Heap Roots: 0.3ms
[0.597s][info][gc,phases   ] GC(12)   Evacuate Collection Set: 4.6ms
[0.597s][info][gc,phases   ] GC(12)   Post Evacuate Collection Set: 0.5ms
[0.597s][info][gc,phases   ] GC(12)   Other: 0.1ms
[0.597s][info][gc,heap     ] GC(12) Eden regions: 38->0(44)
[0.597s][info][gc,heap     ] GC(12) Survivor regions: 13->7(7)
[0.597s][info][gc,heap     ] GC(12) Old regions: 717->763
[0.597s][info][gc,heap     ] GC(12) Archive regions: 0->0
[0.597s][info][gc,heap     ] GC(12) Humongous regions: 2->2
[0.597s][info][gc,metaspace] GC(12) Metaspace: 7969K(8192K)->7969K(8192K) NonClass: 7236K(7360K)->7236K(7360K) Class: 732K(832K)->732K(832K)
[0.597s][info][gc          ] GC(12) Pause Young (Mixed) (G1 Evacuation Pause) 769M->771M(1024M) 5.935ms
[0.597s][info][gc,cpu      ] GC(12) User=0.07s Sys=0.03s Real=0.01s
[INFO] Iteration: 1000000
[INFO] JVM Uptime: 0.60 seconds, OldGen Region Count: 763, OldGen Used Memory: 762.50 MB, OldGen Live Memory: 731.08 MB, Total count of old regions to be freed 49, Estimated memory to be freed: 26.42 MB, Estimated OldGen object count: 195200
[INFO] Average Region used: 99.93 %, Live percent of used: 95.88 %, Live percent of region size: 95.82 % 
[INFO] Number of keys in OldGen: 153889, Gap with estimated OldGen object: 41311 (161 MB) 
[INFO] Number of pre-LRU keys in OldGen: 263
[INFO] Iteration: 1100000
[INFO] JVM Uptime: 0.64 seconds, OldGen Region Count: 763, OldGen Used Memory: 762.50 MB, OldGen Live Memory: 731.08 MB, Total count of old regions to be freed 49, Estimated memory to be freed: 26.42 MB, Estimated OldGen object count: 195200
[INFO] Average Region used: 99.93 %, Live percent of used: 95.88 %, Live percent of region size: 95.82 % 
[INFO] Number of keys in OldGen: 148834, Gap with estimated OldGen object: 46366 (181 MB) 
[INFO] Number of pre-LRU keys in OldGen: 47
[0.678s][info][gc,start    ] GC(13) Pause Young (Mixed) (G1 Evacuation Pause)
[0.678s][info][gc,task     ] GC(13) Using 23 workers of 23 for evacuation
[0.684s][info][gc,phases   ] GC(13)   Pre Evacuate Collection Set: 0.1ms
[0.684s][info][gc,phases   ] GC(13)   Merge Heap Roots: 0.3ms
[0.684s][info][gc,phases   ] GC(13)   Evacuate Collection Set: 4.5ms
[0.684s][info][gc,phases   ] GC(13)   Post Evacuate Collection Set: 1.3ms
[0.684s][info][gc,phases   ] GC(13)   Other: 0.1ms
[0.684s][info][gc,heap     ] GC(13) Eden regions: 44->0(44)
[0.684s][info][gc,heap     ] GC(13) Survivor regions: 7->7(7)
[0.684s][info][gc,heap     ] GC(13) Old regions: 763->809
[0.684s][info][gc,heap     ] GC(13) Archive regions: 0->0
[0.684s][info][gc,heap     ] GC(13) Humongous regions: 2->2
[0.684s][info][gc,metaspace] GC(13) Metaspace: 7999K(8192K)->7999K(8192K) NonClass: 7267K(7360K)->7267K(7360K) Class: 732K(832K)->732K(832K)
[0.684s][info][gc          ] GC(13) Pause Young (Mixed) (G1 Evacuation Pause) 815M->817M(1024M) 6.377ms
[0.684s][info][gc,cpu      ] GC(13) User=0.05s Sys=0.04s Real=0.00s
[INFO] Iteration: 1200000
[INFO] JVM Uptime: 0.69 seconds, OldGen Region Count: 809, OldGen Used Memory: 808.45 MB, OldGen Live Memory: 777.99 MB, Total count of old regions to be freed 48, Estimated memory to be freed: 25.47 MB, Estimated OldGen object count: 206964
[INFO] Average Region used: 99.93 %, Live percent of used: 96.23 %, Live percent of region size: 96.17 % 
[INFO] Number of keys in OldGen: 154076, Gap with estimated OldGen object: 52888 (206 MB) 
[INFO] Number of pre-LRU keys in OldGen: 297
[INFO] Iteration: 1300000
[INFO] JVM Uptime: 0.73 seconds, OldGen Region Count: 809, OldGen Used Memory: 808.45 MB, OldGen Live Memory: 777.99 MB, Total count of old regions to be freed 48, Estimated memory to be freed: 25.47 MB, Estimated OldGen object count: 206964
[INFO] Average Region used: 99.93 %, Live percent of used: 96.23 %, Live percent of region size: 96.17 % 
[INFO] Number of keys in OldGen: 149051, Gap with estimated OldGen object: 57913 (226 MB) 
[INFO] Number of pre-LRU keys in OldGen: 48
[0.762s][info][gc,start    ] GC(14) Pause Young (Mixed) (G1 Evacuation Pause)
[0.762s][info][gc,task     ] GC(14) Using 23 workers of 23 for evacuation
[0.768s][info][gc,phases   ] GC(14)   Pre Evacuate Collection Set: 0.2ms
[0.768s][info][gc,phases   ] GC(14)   Merge Heap Roots: 0.6ms
[0.768s][info][gc,phases   ] GC(14)   Evacuate Collection Set: 4.7ms
[0.768s][info][gc,phases   ] GC(14)   Post Evacuate Collection Set: 0.8ms
[0.768s][info][gc,phases   ] GC(14)   Other: 0.1ms
[0.768s][info][gc,heap     ] GC(14) Eden regions: 44->0(44)
[0.768s][info][gc,heap     ] GC(14) Survivor regions: 7->7(7)
[0.768s][info][gc,heap     ] GC(14) Old regions: 809->852
[0.768s][info][gc,heap     ] GC(14) Archive regions: 0->0
[0.768s][info][gc,heap     ] GC(14) Humongous regions: 2->2
[0.768s][info][gc,metaspace] GC(14) Metaspace: 8008K(8192K)->8008K(8192K) NonClass: 7276K(7360K)->7276K(7360K) Class: 732K(832K)->732K(832K)
[0.768s][info][gc          ] GC(14) Pause Young (Mixed) (G1 Evacuation Pause) 861M->861M(1024M) 6.436ms
[0.768s][info][gc,cpu      ] GC(14) User=0.07s Sys=0.03s Real=0.01s
[INFO] Iteration: 1400000
[INFO] JVM Uptime: 0.77 seconds, OldGen Region Count: 852, OldGen Used Memory: 852.00 MB, OldGen Live Memory: 822.47 MB, Total count of old regions to be freed 47, Estimated memory to be freed: 24.53 MB, Estimated OldGen object count: 218112
[INFO] Average Region used: 100.00 %, Live percent of used: 96.53 %, Live percent of region size: 96.53 % 
[INFO] Number of keys in OldGen: 154283, Gap with estimated OldGen object: 63829 (249 MB) 
[INFO] Number of pre-LRU keys in OldGen: 308
[INFO] Iteration: 1500000
[INFO] JVM Uptime: 0.81 seconds, OldGen Region Count: 852, OldGen Used Memory: 852.00 MB, OldGen Live Memory: 822.47 MB, Total count of old regions to be freed 47, Estimated memory to be freed: 24.53 MB, Estimated OldGen object count: 218112
[INFO] Average Region used: 100.00 %, Live percent of used: 96.53 %, Live percent of region size: 96.53 % 
[INFO] Number of keys in OldGen: 149201, Gap with estimated OldGen object: 68911 (269 MB) 
[INFO] Number of pre-LRU keys in OldGen: 59
[0.844s][info][gc,start    ] GC(15) Pause Young (Mixed) (G1 Evacuation Pause)
[0.844s][info][gc,task     ] GC(15) Using 23 workers of 23 for evacuation
[0.850s][info][gc,phases   ] GC(15)   Pre Evacuate Collection Set: 0.2ms
[0.850s][info][gc,phases   ] GC(15)   Merge Heap Roots: 0.5ms
[0.850s][info][gc,phases   ] GC(15)   Evacuate Collection Set: 4.2ms
[0.850s][info][gc,phases   ] GC(15)   Post Evacuate Collection Set: 0.6ms
[0.850s][info][gc,phases   ] GC(15)   Other: 0.1ms
[0.850s][info][gc,heap     ] GC(15) Eden regions: 44->0(44)
[0.850s][info][gc,heap     ] GC(15) Survivor regions: 7->7(7)
[0.850s][info][gc,heap     ] GC(15) Old regions: 852->894
[0.850s][info][gc,heap     ] GC(15) Archive regions: 0->0
[0.850s][info][gc,heap     ] GC(15) Humongous regions: 2->2
[0.850s][info][gc,metaspace] GC(15) Metaspace: 8028K(8192K)->8028K(8192K) NonClass: 7296K(7360K)->7296K(7360K) Class: 732K(832K)->732K(832K)
[0.850s][info][gc          ] GC(15) Pause Young (Mixed) (G1 Evacuation Pause) 905M->902M(1024M) 5.577ms
[0.850s][info][gc,cpu      ] GC(15) User=0.08s Sys=0.03s Real=0.01s
[INFO] Iteration: 1600000
[INFO] JVM Uptime: 0.85 seconds, OldGen Region Count: 894, OldGen Used Memory: 893.72 MB, OldGen Live Memory: 866.92 MB, Total count of old regions to be freed 44, Estimated memory to be freed: 21.80 MB, Estimated OldGen object count: 228792
[INFO] Average Region used: 99.97 %, Live percent of used: 97.00 %, Live percent of region size: 96.97 % 
[INFO] Number of keys in OldGen: 154389, Gap with estimated OldGen object: 74403 (290 MB) 
[INFO] Number of pre-LRU keys in OldGen: 329
[INFO] Iteration: 1700000
[INFO] JVM Uptime: 0.90 seconds, OldGen Region Count: 894, OldGen Used Memory: 893.72 MB, OldGen Live Memory: 866.92 MB, Total count of old regions to be freed 44, Estimated memory to be freed: 21.80 MB, Estimated OldGen object count: 228792
[INFO] Average Region used: 99.97 %, Live percent of used: 97.00 %, Live percent of region size: 96.97 % 
[INFO] Number of keys in OldGen: 149298, Gap with estimated OldGen object: 79494 (310 MB) 
[INFO] Number of pre-LRU keys in OldGen: 36
[0.929s][info][gc,start    ] GC(16) Pause Young (Concurrent Start) (G1 Evacuation Pause)
[0.929s][info][gc,task     ] GC(16) Using 23 workers of 23 for evacuation
[0.934s][info][gc,phases   ] GC(16)   Pre Evacuate Collection Set: 0.1ms
[0.934s][info][gc,phases   ] GC(16)   Merge Heap Roots: 0.4ms
[0.934s][info][gc,phases   ] GC(16)   Evacuate Collection Set: 3.8ms
[0.934s][info][gc,phases   ] GC(16)   Post Evacuate Collection Set: 0.5ms
[0.934s][info][gc,phases   ] GC(16)   Other: 0.1ms
[0.934s][info][gc,heap     ] GC(16) Eden regions: 44->0(44)
[0.934s][info][gc,heap     ] GC(16) Survivor regions: 7->7(7)
[0.934s][info][gc,heap     ] GC(16) Old regions: 894->939
[0.934s][info][gc,heap     ] GC(16) Archive regions: 0->0
[0.934s][info][gc,heap     ] GC(16) Humongous regions: 2->2
[0.934s][info][gc,metaspace] GC(16) Metaspace: 8030K(8192K)->8030K(8192K) NonClass: 7298K(7360K)->7298K(7360K) Class: 732K(832K)->732K(832K)
[0.934s][info][gc          ] GC(16) Pause Young (Concurrent Start) (G1 Evacuation Pause) 946M->947M(1024M) 4.889ms
[0.934s][info][gc,cpu      ] GC(16) User=0.08s Sys=0.00s Real=0.00s
[0.934s][info][gc          ] GC(17) Concurrent Mark Cycle
[0.934s][info][gc,marking  ] GC(17) Concurrent Clear Claimed Marks
[0.934s][info][gc,marking  ] GC(17) Concurrent Clear Claimed Marks 0.018ms
[0.934s][info][gc,marking  ] GC(17) Concurrent Scan Root Regions
[0.935s][info][gc,marking  ] GC(17) Concurrent Scan Root Regions 0.900ms
[0.935s][info][gc,marking  ] GC(17) Concurrent Mark
[0.935s][info][gc,marking  ] GC(17) Concurrent Mark From Roots
[0.935s][info][gc,task     ] GC(17) Using 6 workers of 6 for marking
[INFO] Iteration: 1800000
[0.945s][info][gc,marking  ] GC(17) Concurrent Mark From Roots 10.130ms
[0.945s][info][gc,marking  ] GC(17) Concurrent Preclean
[0.946s][info][gc,marking  ] GC(17) Concurrent Preclean 0.156ms
[0.946s][info][gc,start    ] GC(17) Pause Remark
[0.948s][info][gc          ] GC(17) Pause Remark 951M->951M(1024M) 2.026ms
[0.948s][info][gc,cpu      ] GC(17) User=0.00s Sys=0.00s Real=0.01s
[0.948s][info][gc,marking  ] GC(17) Concurrent Mark 12.770ms
[0.948s][info][gc,marking  ] GC(17) Concurrent Rebuild Remembered Sets
[INFO] JVM Uptime: 0.94 seconds, OldGen Region Count: 939, OldGen Used Memory: 938.71 MB, OldGen Live Memory: 911.92 MB, Total count of old regions to be freed 44, Estimated memory to be freed: 21.80 MB, Estimated OldGen object count: 240310
[INFO] Average Region used: 99.97 %, Live percent of used: 97.15 %, Live percent of region size: 97.12 % 
[INFO] Number of keys in OldGen: 154713, Gap with estimated OldGen object: 85597 (334 MB) 
[INFO] Number of pre-LRU keys in OldGen: 344
[0.966s][info][gc,marking  ] GC(17) Concurrent Rebuild Remembered Sets 18.351ms
[0.967s][info][gc,start    ] GC(17) Pause Cleanup
[0.967s][info][gc          ] GC(17) Pause Cleanup 952M->952M(1024M) 0.558ms
[0.967s][info][gc,cpu      ] GC(17) User=0.00s Sys=0.00s Real=0.00s
[0.967s][info][gc,marking  ] GC(17) Concurrent Cleanup for Next Mark
[0.969s][info][gc,marking  ] GC(17) Concurrent Cleanup for Next Mark 1.304ms
[0.969s][info][gc          ] GC(17) Concurrent Mark Cycle 34.424ms
[INFO] Iteration: 1900000
[INFO] JVM Uptime: 0.99 seconds, OldGen Region Count: 939, OldGen Used Memory: 938.71 MB, OldGen Live Memory: 623.81 MB, Total count of old regions to be freed 790, Estimated memory to be freed: 308.42 MB, Estimated OldGen object count: 240310
[INFO] Average Region used: 99.97 %, Live percent of used: 66.45 %, Live percent of region size: 66.43 % 
[INFO] Number of keys in OldGen: 149734, Gap with estimated OldGen object: 90576 (353 MB) 
[INFO] Number of pre-LRU keys in OldGen: 50
[1.019s][info][gc,start    ] GC(18) Pause Young (Prepare Mixed) (G1 Preventive Collection)
[1.019s][info][gc,task     ] GC(18) Using 23 workers of 23 for evacuation
[1.025s][info][gc,phases   ] GC(18)   Pre Evacuate Collection Set: 0.3ms
[1.025s][info][gc,phases   ] GC(18)   Merge Heap Roots: 0.5ms
[1.025s][info][gc,phases   ] GC(18)   Evacuate Collection Set: 4.1ms
[1.025s][info][gc,phases   ] GC(18)   Post Evacuate Collection Set: 0.4ms
[1.025s][info][gc,phases   ] GC(18)   Other: 0.1ms
[1.025s][info][gc,heap     ] GC(18) Eden regions: 33->0(44)
[1.025s][info][gc,heap     ] GC(18) Survivor regions: 7->7(7)
[1.025s][info][gc,heap     ] GC(18) Old regions: 939->972
[1.025s][info][gc,heap     ] GC(18) Archive regions: 0->0
[1.025s][info][gc,heap     ] GC(18) Humongous regions: 2->2
[1.025s][info][gc,metaspace] GC(18) Metaspace: 8063K(8256K)->8063K(8256K) NonClass: 7331K(7424K)->7331K(7424K) Class: 732K(832K)->732K(832K)
[1.025s][info][gc          ] GC(18) Pause Young (Prepare Mixed) (G1 Preventive Collection) 980M->980M(1024M) 5.450ms
[1.025s][info][gc,cpu      ] GC(18) User=0.08s Sys=0.00s Real=0.00s
[1.035s][info][gc,start    ] GC(19) Pause Young (Mixed) (G1 Preventive Collection)
[1.035s][info][gc,task     ] GC(19) Using 23 workers of 23 for evacuation
[1.040s][info][gc          ] GC(19) To-space exhausted
[1.040s][info][gc,phases   ] GC(19)   Pre Evacuate Collection Set: 0.2ms
[1.040s][info][gc,phases   ] GC(19)   Merge Heap Roots: 0.6ms
[1.040s][info][gc,phases   ] GC(19)   Evacuate Collection Set: 3.3ms
[1.040s][info][gc,phases   ] GC(19)   Post Evacuate Collection Set: 0.5ms
[1.040s][info][gc,phases   ] GC(19)   Other: 0.1ms
[1.040s][info][gc,heap     ] GC(19) Eden regions: 6->0(46)
[1.040s][info][gc,heap     ] GC(19) Survivor regions: 7->5(7)
[1.040s][info][gc,heap     ] GC(19) Old regions: 972->1017
[1.040s][info][gc,heap     ] GC(19) Archive regions: 0->0
[1.040s][info][gc,heap     ] GC(19) Humongous regions: 2->2
[1.040s][info][gc,metaspace] GC(19) Metaspace: 8063K(8256K)->8063K(8256K) NonClass: 7331K(7424K)->7331K(7424K) Class: 732K(832K)->732K(832K)
[1.040s][info][gc          ] GC(19) Pause Young (Mixed) (G1 Preventive Collection) 986M->1024M(1024M) 4.753ms
[1.040s][info][gc,cpu      ] GC(19) User=0.09s Sys=0.00s Real=0.01s
[1.040s][info][gc,ergo     ] Attempting full compaction
[1.040s][info][gc,task     ] GC(20) Using 23 workers of 23 for full compaction
[1.040s][info][gc,start    ] GC(20) Pause Full (G1 Compaction Pause)
[1.040s][info][gc,phases,start] GC(20) Phase 1: Mark live objects
[1.045s][info][gc,phases      ] GC(20) Phase 1: Mark live objects 4.923ms
[1.045s][info][gc,phases,start] GC(20) Phase 2: Prepare for compaction
[1.048s][info][gc,phases      ] GC(20) Phase 2: Prepare for compaction 2.109ms
[1.048s][info][gc,phases,start] GC(20) Phase 3: Adjust pointers
[1.051s][info][gc,phases      ] GC(20) Phase 3: Adjust pointers 3.885ms
[1.052s][info][gc,phases,start] GC(20) Phase 4: Compact heap
[1.077s][info][gc,phases      ] GC(20) Phase 4: Compact heap 25.341ms
[1.078s][info][gc,heap        ] GC(20) Eden regions: 0->0(89)
[1.078s][info][gc,heap        ] GC(20) Survivor regions: 5->0(7)
[1.078s][info][gc,heap        ] GC(20) Old regions: 1017->642
[1.078s][info][gc,heap        ] GC(20) Archive regions: 0->0
[1.078s][info][gc,heap        ] GC(20) Humongous regions: 2->2
[1.078s][info][gc,metaspace   ] GC(20) Metaspace: 8063K(8256K)->8058K(8256K) NonClass: 7331K(7424K)->7327K(7424K) Class: 732K(832K)->730K(832K)
[1.078s][info][gc             ] GC(20) Pause Full (G1 Compaction Pause) 1024M->630M(1024M) 37.214ms
[1.078s][info][gc,cpu         ] GC(20) User=0.60s Sys=0.01s Real=0.04s
[INFO] Iteration: 2000000
[INFO] JVM Uptime: 1.09 seconds, OldGen Region Count: 642, OldGen Used Memory: 628.27 MB, OldGen Live Memory: 628.27 MB, Total count of old regions to be freed 0, Estimated memory to be freed: 0.00 MB, Estimated OldGen object count: 160837
[INFO] Average Region used: 97.86 %, Live percent of used: 100.00 %, Live percent of region size: 97.86 % 
[INFO] Number of keys in OldGen: 155464, Gap with estimated OldGen object: 5373 (20 MB) 
[INFO] Number of pre-LRU keys in OldGen: 327
[INFO] Iteration: 2100000
[INFO] JVM Uptime: 1.13 seconds, OldGen Region Count: 642, OldGen Used Memory: 628.27 MB, OldGen Live Memory: 628.27 MB, Total count of old regions to be freed 0, Estimated memory to be freed: 0.00 MB, Estimated OldGen object count: 160837
[INFO] Average Region used: 97.86 %, Live percent of used: 100.00 %, Live percent of region size: 97.86 % 
[INFO] Number of keys in OldGen: 150566, Gap with estimated OldGen object: 10271 (40 MB) 
[INFO] Number of pre-LRU keys in OldGen: 52
[INFO] Iteration: 2200000
[INFO] JVM Uptime: 1.16 seconds, OldGen Region Count: 642, OldGen Used Memory: 628.27 MB, OldGen Live Memory: 628.27 MB, Total count of old regions to be freed 0, Estimated memory to be freed: 0.00 MB, Estimated OldGen object count: 160837
[INFO] Average Region used: 97.86 %, Live percent of used: 100.00 %, Live percent of region size: 97.86 % 
[INFO] Number of keys in OldGen: 145635, Gap with estimated OldGen object: 15202 (59 MB) 
[INFO] Number of pre-LRU keys in OldGen: 55
[INFO] Iteration: 2300000
[INFO] JVM Uptime: 1.20 seconds, OldGen Region Count: 642, OldGen Used Memory: 628.27 MB, OldGen Live Memory: 628.27 MB, Total count of old regions to be freed 0, Estimated memory to be freed: 0.00 MB, Estimated OldGen object count: 160837
[INFO] Average Region used: 97.86 %, Live percent of used: 100.00 %, Live percent of region size: 97.86 % 
[INFO] Number of keys in OldGen: 140614, Gap with estimated OldGen object: 20223 (78 MB) 
[INFO] Number of pre-LRU keys in OldGen: 54
[1.235s][info][gc,start       ] GC(21) Pause Young (Concurrent Start) (G1 Evacuation Pause)
[1.235s][info][gc,task        ] GC(21) Using 23 workers of 23 for evacuation
[1.244s][info][gc,phases      ] GC(21)   Pre Evacuate Collection Set: 0.1ms
[1.244s][info][gc,phases      ] GC(21)   Merge Heap Roots: 0.4ms
[1.244s][info][gc,phases      ] GC(21)   Evacuate Collection Set: 7.5ms
[1.244s][info][gc,phases      ] GC(21)   Post Evacuate Collection Set: 0.6ms
[1.244s][info][gc,phases      ] GC(21)   Other: 0.2ms
[1.244s][info][gc,heap        ] GC(21) Eden regions: 89->0(61)
[1.244s][info][gc,heap        ] GC(21) Survivor regions: 0->12(12)
[1.244s][info][gc,heap        ] GC(21) Old regions: 642->716
[1.244s][info][gc,heap        ] GC(21) Archive regions: 0->0
[1.244s][info][gc,heap        ] GC(21) Humongous regions: 2->2
[1.244s][info][gc,metaspace   ] GC(21) Metaspace: 8060K(8256K)->8060K(8256K) NonClass: 7329K(7424K)->7329K(7424K) Class: 730K(832K)->730K(832K)
[1.244s][info][gc             ] GC(21) Pause Young (Concurrent Start) (G1 Evacuation Pause) 719M->715M(1024M) 8.854ms
[1.244s][info][gc,cpu         ] GC(21) User=0.11s Sys=0.01s Real=0.01s
[1.244s][info][gc             ] GC(22) Concurrent Mark Cycle
[1.244s][info][gc,marking     ] GC(22) Concurrent Clear Claimed Marks
[1.244s][info][gc,marking     ] GC(22) Concurrent Clear Claimed Marks 0.013ms
[1.244s][info][gc,marking     ] GC(22) Concurrent Scan Root Regions
[1.245s][info][gc,marking     ] GC(22) Concurrent Scan Root Regions 1.343ms
[1.245s][info][gc,marking     ] GC(22) Concurrent Mark
[1.245s][info][gc,marking     ] GC(22) Concurrent Mark From Roots
[1.245s][info][gc,task        ] GC(22) Using 6 workers of 6 for marking
[INFO] Iteration: 2400000
[1.254s][info][gc,marking     ] GC(22) Concurrent Mark From Roots 9.010ms
[1.254s][info][gc,marking     ] GC(22) Concurrent Preclean
[1.254s][info][gc,marking     ] GC(22) Concurrent Preclean 0.138ms
[1.255s][info][gc,start       ] GC(22) Pause Remark
[1.256s][info][gc             ] GC(22) Pause Remark 720M->720M(1024M) 1.704ms
[1.256s][info][gc,cpu         ] GC(22) User=0.00s Sys=0.00s Real=0.00s
[1.256s][info][gc,marking     ] GC(22) Concurrent Mark 11.100ms
[1.256s][info][gc,marking     ] GC(22) Concurrent Rebuild Remembered Sets
[1.266s][info][gc,marking     ] GC(22) Concurrent Rebuild Remembered Sets 10.059ms
[1.267s][info][gc,start       ] GC(22) Pause Cleanup
[1.267s][info][gc             ] GC(22) Pause Cleanup 720M->720M(1024M) 0.779ms
[1.267s][info][gc,cpu         ] GC(22) User=0.01s Sys=0.00s Real=0.00s
[1.267s][info][gc,marking     ] GC(22) Concurrent Cleanup for Next Mark
[1.268s][info][gc,marking     ] GC(22) Concurrent Cleanup for Next Mark 0.712ms
[1.268s][info][gc             ] GC(22) Concurrent Mark Cycle 24.303ms
[INFO] JVM Uptime: 1.25 seconds, OldGen Region Count: 716, OldGen Used Memory: 701.55 MB, OldGen Live Memory: 701.55 MB, Total count of old regions to be freed 0, Estimated memory to be freed: 0.00 MB, Estimated OldGen object count: 179597
[INFO] Average Region used: 97.98 %, Live percent of used: 100.00 %, Live percent of region size: 97.98 % 
[INFO] Number of keys in OldGen: 153264, Gap with estimated OldGen object: 26333 (102 MB) 
[INFO] Number of pre-LRU keys in OldGen: 341
[INFO] Iteration: 2500000
[INFO] JVM Uptime: 1.29 seconds, OldGen Region Count: 716, OldGen Used Memory: 701.55 MB, OldGen Live Memory: 617.55 MB, Total count of old regions to be freed 39, Estimated memory to be freed: 6.82 MB, Estimated OldGen object count: 179597
[INFO] Average Region used: 97.98 %, Live percent of used: 88.03 %, Live percent of region size: 86.25 % 
[INFO] Number of keys in OldGen: 148343, Gap with estimated OldGen object: 31254 (122 MB) 
[INFO] Number of pre-LRU keys in OldGen: 59
[INFO] Iteration: 2600000
[INFO] JVM Uptime: 1.33 seconds, OldGen Region Count: 716, OldGen Used Memory: 701.55 MB, OldGen Live Memory: 617.55 MB, Total count of old regions to be freed 39, Estimated memory to be freed: 6.82 MB, Estimated OldGen object count: 179597
[INFO] Average Region used: 97.98 %, Live percent of used: 88.03 %, Live percent of region size: 86.25 % 
[INFO] Number of keys in OldGen: 143443, Gap with estimated OldGen object: 36154 (141 MB) 
[INFO] Number of pre-LRU keys in OldGen: 57
[1.362s][info][gc,start       ] GC(23) Pause Young (Prepare Mixed) (G1 Evacuation Pause)
[1.362s][info][gc,task        ] GC(23) Using 23 workers of 23 for evacuation
[1.368s][info][gc,phases      ] GC(23)   Pre Evacuate Collection Set: 0.1ms
[1.368s][info][gc,phases      ] GC(23)   Merge Heap Roots: 0.5ms
[1.368s][info][gc,phases      ] GC(23)   Evacuate Collection Set: 5.2ms
[1.368s][info][gc,phases      ] GC(23)   Post Evacuate Collection Set: 0.5ms
[1.368s][info][gc,phases      ] GC(23)   Other: 0.1ms
[1.368s][info][gc,heap        ] GC(23) Eden regions: 61->0(41)
[1.368s][info][gc,heap        ] GC(23) Survivor regions: 12->10(10)
[1.368s][info][gc,heap        ] GC(23) Old regions: 716->780
[1.368s][info][gc,heap        ] GC(23) Archive regions: 0->0
[1.368s][info][gc,heap        ] GC(23) Humongous regions: 2->2
[1.368s][info][gc,metaspace   ] GC(23) Metaspace: 8060K(8256K)->8060K(8256K) NonClass: 7329K(7424K)->7329K(7424K) Class: 730K(832K)->730K(832K)
[1.368s][info][gc             ] GC(23) Pause Young (Prepare Mixed) (G1 Evacuation Pause) 776M->777M(1024M) 6.415ms
[1.368s][info][gc,cpu         ] GC(23) User=0.10s Sys=0.01s Real=0.01s
[INFO] Iteration: 2700000
[INFO] JVM Uptime: 1.38 seconds, OldGen Region Count: 780, OldGen Used Memory: 765.77 MB, OldGen Live Memory: 681.77 MB, Total count of old regions to be freed 39, Estimated memory to be freed: 6.82 MB, Estimated OldGen object count: 196037
[INFO] Average Region used: 98.18 %, Live percent of used: 89.03 %, Live percent of region size: 87.41 % 
[INFO] Number of keys in OldGen: 153020, Gap with estimated OldGen object: 43017 (168 MB) 
[INFO] Number of pre-LRU keys in OldGen: 287
[INFO] Iteration: 2800000
[INFO] JVM Uptime: 1.41 seconds, OldGen Region Count: 780, OldGen Used Memory: 765.77 MB, OldGen Live Memory: 681.77 MB, Total count of old regions to be freed 39, Estimated memory to be freed: 6.82 MB, Estimated OldGen object count: 196037
[INFO] Average Region used: 98.18 %, Live percent of used: 89.03 %, Live percent of region size: 87.41 % 
[INFO] Number of keys in OldGen: 147939, Gap with estimated OldGen object: 48098 (187 MB) 
[INFO] Number of pre-LRU keys in OldGen: 62
[1.430s][info][gc,start       ] GC(24) Pause Young (Mixed) (G1 Evacuation Pause)
[1.430s][info][gc,task        ] GC(24) Using 23 workers of 23 for evacuation
[1.435s][info][gc,phases      ] GC(24)   Pre Evacuate Collection Set: 0.1ms
[1.435s][info][gc,phases      ] GC(24)   Merge Heap Roots: 0.4ms
[1.435s][info][gc,phases      ] GC(24)   Evacuate Collection Set: 4.1ms
[1.435s][info][gc,phases      ] GC(24)   Post Evacuate Collection Set: 0.4ms
[1.435s][info][gc,phases      ] GC(24)   Other: 0.1ms
[1.435s][info][gc,heap        ] GC(24) Eden regions: 41->0(44)
[1.435s][info][gc,heap        ] GC(24) Survivor regions: 10->7(7)
[1.435s][info][gc,heap        ] GC(24) Old regions: 780->811
[1.435s][info][gc,heap        ] GC(24) Archive regions: 0->0
[1.435s][info][gc,heap        ] GC(24) Humongous regions: 2->2
[1.435s][info][gc,metaspace   ] GC(24) Metaspace: 8060K(8256K)->8060K(8256K) NonClass: 7329K(7424K)->7329K(7424K) Class: 730K(832K)->730K(832K)
[1.435s][info][gc             ] GC(24) Pause Young (Mixed) (G1 Evacuation Pause) 818M->818M(1024M) 5.123ms
[1.435s][info][gc,cpu         ] GC(24) User=0.09s Sys=0.00s Real=0.00s
[INFO] Iteration: 2900000
[INFO] JVM Uptime: 1.44 seconds, OldGen Region Count: 811, OldGen Used Memory: 809.86 MB, OldGen Live Memory: 727.55 MB, Total count of old regions to be freed 37, Estimated memory to be freed: 6.38 MB, Estimated OldGen object count: 207322
[INFO] Average Region used: 99.86 %, Live percent of used: 89.84 %, Live percent of region size: 89.71 % 
[INFO] Number of keys in OldGen: 153127, Gap with estimated OldGen object: 54195 (211 MB) 
[INFO] Number of pre-LRU keys in OldGen: 235
[INFO] Iteration: 3000000
[INFO] JVM Uptime: 1.47 seconds, OldGen Region Count: 811, OldGen Used Memory: 809.86 MB, OldGen Live Memory: 727.55 MB, Total count of old regions to be freed 37, Estimated memory to be freed: 6.38 MB, Estimated OldGen object count: 207322
[INFO] Average Region used: 99.86 %, Live percent of used: 89.84 %, Live percent of region size: 89.71 % 
[INFO] Number of keys in OldGen: 148236, Gap with estimated OldGen object: 59086 (230 MB) 
[INFO] Number of pre-LRU keys in OldGen: 62
[1.495s][info][gc,start       ] GC(25) Pause Young (Concurrent Start) (G1 Evacuation Pause)
[1.495s][info][gc,task        ] GC(25) Using 23 workers of 23 for evacuation
[1.499s][info][gc,phases      ] GC(25)   Pre Evacuate Collection Set: 0.1ms
[1.499s][info][gc,phases      ] GC(25)   Merge Heap Roots: 0.3ms
[1.499s][info][gc,phases      ] GC(25)   Evacuate Collection Set: 3.9ms
[1.499s][info][gc,phases      ] GC(25)   Post Evacuate Collection Set: 0.3ms
[1.499s][info][gc,phases      ] GC(25)   Other: 0.1ms
[1.500s][info][gc,heap        ] GC(25) Eden regions: 44->0(44)
[1.500s][info][gc,heap        ] GC(25) Survivor regions: 7->7(7)
[1.500s][info][gc,heap        ] GC(25) Old regions: 811->856
[1.500s][info][gc,heap        ] GC(25) Archive regions: 0->0
[1.500s][info][gc,heap        ] GC(25) Humongous regions: 2->2
[1.500s][info][gc,metaspace   ] GC(25) Metaspace: 8075K(8256K)->8075K(8256K) NonClass: 7345K(7424K)->7345K(7424K) Class: 730K(832K)->730K(832K)
[1.500s][info][gc             ] GC(25) Pause Young (Concurrent Start) (G1 Evacuation Pause) 862M->863M(1024M) 4.817ms
[1.500s][info][gc,cpu         ] GC(25) User=0.09s Sys=0.00s Real=0.01s
[1.500s][info][gc             ] GC(26) Concurrent Mark Cycle
[1.500s][info][gc,marking     ] GC(26) Concurrent Clear Claimed Marks
[1.500s][info][gc,marking     ] GC(26) Concurrent Clear Claimed Marks 0.009ms
[1.500s][info][gc,marking     ] GC(26) Concurrent Scan Root Regions
[1.500s][info][gc,marking     ] GC(26) Concurrent Scan Root Regions 0.738ms
[1.500s][info][gc,marking     ] GC(26) Concurrent Mark
[1.500s][info][gc,marking     ] GC(26) Concurrent Mark From Roots
[1.500s][info][gc,task        ] GC(26) Using 6 workers of 6 for marking
[1.509s][info][gc,marking     ] GC(26) Concurrent Mark From Roots 8.240ms
[1.509s][info][gc,marking     ] GC(26) Concurrent Preclean
[1.509s][info][gc,marking     ] GC(26) Concurrent Preclean 0.160ms
[1.509s][info][gc,start       ] GC(26) Pause Remark
[1.510s][info][gc             ] GC(26) Pause Remark 870M->870M(1024M) 1.425ms
[1.510s][info][gc,cpu         ] GC(26) User=0.00s Sys=0.00s Real=0.00s
[1.510s][info][gc,marking     ] GC(26) Concurrent Mark 10.032ms
[1.510s][info][gc,marking     ] GC(26) Concurrent Rebuild Remembered Sets
[INFO] Iteration: 3100000
[1.528s][info][gc,marking     ] GC(26) Concurrent Rebuild Remembered Sets 17.234ms
[1.528s][info][gc,start       ] GC(26) Pause Cleanup
[1.528s][info][gc             ] GC(26) Pause Cleanup 872M->872M(1024M) 0.450ms
[1.528s][info][gc,cpu         ] GC(26) User=0.00s Sys=0.00s Real=0.00s
[1.528s][info][gc,marking     ] GC(26) Concurrent Cleanup for Next Mark
[1.529s][info][gc,marking     ] GC(26) Concurrent Cleanup for Next Mark 0.514ms
[1.529s][info][gc             ] GC(26) Concurrent Mark Cycle 29.281ms
[INFO] JVM Uptime: 1.51 seconds, OldGen Region Count: 856, OldGen Used Memory: 854.86 MB, OldGen Live Memory: 623.82 MB, Total count of old regions to be freed 206, Estimated memory to be freed: 63.04 MB, Estimated OldGen object count: 218842
[INFO] Average Region used: 99.87 %, Live percent of used: 72.97 %, Live percent of region size: 72.88 % 
[INFO] Number of keys in OldGen: 153501, Gap with estimated OldGen object: 65341 (255 MB) 
[INFO] Number of pre-LRU keys in OldGen: 265
[INFO] Iteration: 3200000
[INFO] JVM Uptime: 1.55 seconds, OldGen Region Count: 856, OldGen Used Memory: 854.86 MB, OldGen Live Memory: 623.82 MB, Total count of old regions to be freed 206, Estimated memory to be freed: 63.04 MB, Estimated OldGen object count: 218842
[INFO] Average Region used: 99.87 %, Live percent of used: 72.97 %, Live percent of region size: 72.88 % 
[INFO] Number of keys in OldGen: 148676, Gap with estimated OldGen object: 70166 (274 MB) 
[INFO] Number of pre-LRU keys in OldGen: 62
[1.579s][info][gc,start       ] GC(27) Pause Young (Prepare Mixed) (G1 Evacuation Pause)
[1.579s][info][gc,task        ] GC(27) Using 23 workers of 23 for evacuation
[1.586s][info][gc,phases      ] GC(27)   Pre Evacuate Collection Set: 0.5ms
[1.586s][info][gc,phases      ] GC(27)   Merge Heap Roots: 0.6ms
[1.586s][info][gc,phases      ] GC(27)   Evacuate Collection Set: 4.1ms
[1.586s][info][gc,phases      ] GC(27)   Post Evacuate Collection Set: 1.4ms
[1.586s][info][gc,phases      ] GC(27)   Other: 0.1ms
[1.586s][info][gc,heap        ] GC(27) Eden regions: 44->0(44)
[1.586s][info][gc,heap        ] GC(27) Survivor regions: 7->7(7)
[1.586s][info][gc,heap        ] GC(27) Old regions: 856->901
[1.586s][info][gc,heap        ] GC(27) Archive regions: 0->0
[1.586s][info][gc,heap        ] GC(27) Humongous regions: 2->2
[1.586s][info][gc,metaspace   ] GC(27) Metaspace: 8077K(8256K)->8077K(8256K) NonClass: 7347K(7424K)->7347K(7424K) Class: 730K(832K)->730K(832K)
[1.586s][info][gc             ] GC(27) Pause Young (Prepare Mixed) (G1 Evacuation Pause) 907M->908M(1024M) 6.752ms
[1.586s][info][gc,cpu         ] GC(27) User=0.08s Sys=0.01s Real=0.00s
[INFO] Iteration: 3300000
[INFO] JVM Uptime: 1.59 seconds, OldGen Region Count: 901, OldGen Used Memory: 899.61 MB, OldGen Live Memory: 668.57 MB, Total count of old regions to be freed 206, Estimated memory to be freed: 63.04 MB, Estimated OldGen object count: 230301
[INFO] Average Region used: 99.85 %, Live percent of used: 74.32 %, Live percent of region size: 74.20 % 
[INFO] Number of keys in OldGen: 153918, Gap with estimated OldGen object: 76383 (298 MB) 
[INFO] Number of pre-LRU keys in OldGen: 284
[INFO] Iteration: 3400000
[INFO] JVM Uptime: 1.63 seconds, OldGen Region Count: 901, OldGen Used Memory: 899.61 MB, OldGen Live Memory: 668.57 MB, Total count of old regions to be freed 206, Estimated memory to be freed: 63.04 MB, Estimated OldGen object count: 230301
[INFO] Average Region used: 99.85 %, Live percent of used: 74.32 %, Live percent of region size: 74.20 % 
[INFO] Number of keys in OldGen: 148954, Gap with estimated OldGen object: 81347 (317 MB) 
[INFO] Number of pre-LRU keys in OldGen: 57
[1.650s][info][gc,start       ] GC(28) Pause Young (Mixed) (G1 Preventive Collection)
[1.650s][info][gc,task        ] GC(28) Using 23 workers of 23 for evacuation
[1.658s][info][gc             ] GC(28) To-space exhausted
[1.658s][info][gc,phases      ] GC(28)   Pre Evacuate Collection Set: 0.6ms
[1.658s][info][gc,phases      ] GC(28)   Merge Heap Roots: 0.8ms
[1.658s][info][gc,phases      ] GC(28)   Evacuate Collection Set: 5.2ms
[1.658s][info][gc,phases      ] GC(28)   Post Evacuate Collection Set: 1.4ms
[1.658s][info][gc,phases      ] GC(28)   Other: 0.1ms
[1.658s][info][gc,heap        ] GC(28) Eden regions: 33->0(44)
[1.658s][info][gc,heap        ] GC(28) Survivor regions: 7->7(7)
[1.658s][info][gc,heap        ] GC(28) Old regions: 901->1014
[1.658s][info][gc,heap        ] GC(28) Archive regions: 0->0
[1.658s][info][gc,heap        ] GC(28) Humongous regions: 2->2
[1.658s][info][gc,metaspace   ] GC(28) Metaspace: 8082K(8256K)->8082K(8256K) NonClass: 7351K(7424K)->7351K(7424K) Class: 730K(832K)->730K(832K)
[1.658s][info][gc             ] GC(28) Pause Young (Mixed) (G1 Preventive Collection) 941M->1021M(1024M) 8.021ms
[1.658s][info][gc,cpu         ] GC(28) User=0.11s Sys=0.02s Real=0.01s
[1.660s][info][gc,start       ] GC(29) Pause Young (Mixed) (G1 Evacuation Pause)
[1.660s][info][gc,task        ] GC(29) Using 23 workers of 23 for evacuation
[1.665s][info][gc             ] GC(29) To-space exhausted
[1.665s][info][gc,phases      ] GC(29)   Pre Evacuate Collection Set: 0.1ms
[1.665s][info][gc,phases      ] GC(29)   Merge Heap Roots: 0.6ms
[1.665s][info][gc,phases      ] GC(29)   Evacuate Collection Set: 3.4ms
[1.665s][info][gc,phases      ] GC(29)   Post Evacuate Collection Set: 0.9ms
[1.665s][info][gc,phases      ] GC(29)   Other: 0.1ms
[1.665s][info][gc,heap        ] GC(29) Eden regions: 1->0(51)
[1.665s][info][gc,heap        ] GC(29) Survivor regions: 7->0(0)
[1.665s][info][gc,heap        ] GC(29) Old regions: 1014->1022
[1.665s][info][gc,heap        ] GC(29) Archive regions: 0->0
[1.665s][info][gc,heap        ] GC(29) Humongous regions: 2->2
[1.665s][info][gc,metaspace   ] GC(29) Metaspace: 8082K(8256K)->8082K(8256K) NonClass: 7351K(7424K)->7351K(7424K) Class: 730K(832K)->730K(832K)
[1.665s][info][gc             ] GC(29) Pause Young (Mixed) (G1 Evacuation Pause) 1022M->1022M(1024M) 5.134ms
[1.665s][info][gc,cpu         ] GC(29) User=0.09s Sys=0.00s Real=0.00s
[1.665s][info][gc,ergo        ] Attempting full compaction
[1.665s][info][gc,task        ] GC(30) Using 23 workers of 23 for full compaction
[1.665s][info][gc,start       ] GC(30) Pause Full (G1 Compaction Pause)
[1.665s][info][gc,phases,start] GC(30) Phase 1: Mark live objects
[1.671s][info][gc,phases      ] GC(30) Phase 1: Mark live objects 6.111ms
[1.671s][info][gc,phases,start] GC(30) Phase 2: Prepare for compaction
[1.673s][info][gc,phases      ] GC(30) Phase 2: Prepare for compaction 1.515ms
[1.673s][info][gc,phases,start] GC(30) Phase 3: Adjust pointers
[1.676s][info][gc,phases      ] GC(30) Phase 3: Adjust pointers 2.964ms
[1.676s][info][gc,phases,start] GC(30) Phase 4: Compact heap
[1.697s][info][gc,phases      ] GC(30) Phase 4: Compact heap 20.960ms
[1.698s][info][gc,heap        ] GC(30) Eden regions: 0->0(90)
[1.698s][info][gc,heap        ] GC(30) Survivor regions: 0->0(0)
[1.698s][info][gc,heap        ] GC(30) Old regions: 1022->642
[1.698s][info][gc,heap        ] GC(30) Archive regions: 0->0
[1.698s][info][gc,heap        ] GC(30) Humongous regions: 2->2
[1.698s][info][gc,metaspace   ] GC(30) Metaspace: 8082K(8256K)->8082K(8256K) NonClass: 7351K(7424K)->7351K(7424K) Class: 730K(832K)->730K(832K)
[1.698s][info][gc             ] GC(30) Pause Full (G1 Compaction Pause) 1022M->630M(1024M) 32.495ms
[1.698s][info][gc,cpu         ] GC(30) User=0.49s Sys=0.02s Real=0.04s
[INFO] Iteration: 3500000
[INFO] JVM Uptime: 1.71 seconds, OldGen Region Count: 642, OldGen Used Memory: 628.44 MB, OldGen Live Memory: 628.44 MB, Total count of old regions to be freed 0, Estimated memory to be freed: 0.00 MB, Estimated OldGen object count: 160879
[INFO] Average Region used: 97.89 %, Live percent of used: 100.00 %, Live percent of region size: 97.89 % 
[INFO] Number of keys in OldGen: 153453, Gap with estimated OldGen object: 7426 (29 MB) 
[INFO] Number of pre-LRU keys in OldGen: 141
[INFO] Iteration: 3600000
[INFO] JVM Uptime: 1.74 seconds, OldGen Region Count: 642, OldGen Used Memory: 628.44 MB, OldGen Live Memory: 628.44 MB, Total count of old regions to be freed 0, Estimated memory to be freed: 0.00 MB, Estimated OldGen object count: 160879
[INFO] Average Region used: 97.89 %, Live percent of used: 100.00 %, Live percent of region size: 97.89 % 
[INFO] Number of keys in OldGen: 148382, Gap with estimated OldGen object: 12497 (48 MB) 
[INFO] Number of pre-LRU keys in OldGen: 45
[INFO] Iteration: 3700000
[INFO] JVM Uptime: 1.77 seconds, OldGen Region Count: 642, OldGen Used Memory: 628.44 MB, OldGen Live Memory: 628.44 MB, Total count of old regions to be freed 0, Estimated memory to be freed: 0.00 MB, Estimated OldGen object count: 160879
[INFO] Average Region used: 97.89 %, Live percent of used: 100.00 %, Live percent of region size: 97.89 % 
[INFO] Number of keys in OldGen: 143428, Gap with estimated OldGen object: 17451 (68 MB) 
[INFO] Number of pre-LRU keys in OldGen: 64
[INFO] Iteration: 3800000
[INFO] JVM Uptime: 1.79 seconds, OldGen Region Count: 642, OldGen Used Memory: 628.44 MB, OldGen Live Memory: 628.44 MB, Total count of old regions to be freed 0, Estimated memory to be freed: 0.00 MB, Estimated OldGen object count: 160879
[INFO] Average Region used: 97.89 %, Live percent of used: 100.00 %, Live percent of region size: 97.89 % 
[INFO] Number of keys in OldGen: 138307, Gap with estimated OldGen object: 22572 (88 MB) 
[INFO] Number of pre-LRU keys in OldGen: 56
[1.808s][info][gc,start       ] GC(31) Pause Young (Concurrent Start) (G1 Evacuation Pause)
[1.808s][info][gc,task        ] GC(31) Using 23 workers of 23 for evacuation
[1.814s][info][gc,phases      ] GC(31)   Pre Evacuate Collection Set: 0.2ms
[1.814s][info][gc,phases      ] GC(31)   Merge Heap Roots: 0.4ms
[1.814s][info][gc,phases      ] GC(31)   Evacuate Collection Set: 5.0ms
[1.814s][info][gc,phases      ] GC(31)   Post Evacuate Collection Set: 0.6ms
[1.814s][info][gc,phases      ] GC(31)   Other: 0.1ms
[1.814s][info][gc,heap        ] GC(31) Eden regions: 90->0(61)
[1.814s][info][gc,heap        ] GC(31) Survivor regions: 0->12(12)
[1.814s][info][gc,heap        ] GC(31) Old regions: 642->717
[1.814s][info][gc,heap        ] GC(31) Archive regions: 0->0
[1.814s][info][gc,heap        ] GC(31) Humongous regions: 2->2
[1.814s][info][gc,metaspace   ] GC(31) Metaspace: 8094K(8320K)->8094K(8320K) NonClass: 7364K(7488K)->7364K(7488K) Class: 730K(832K)->730K(832K)
[1.814s][info][gc             ] GC(31) Pause Young (Concurrent Start) (G1 Evacuation Pause) 720M->716M(1024M) 6.222ms
[1.814s][info][gc,cpu         ] GC(31) User=0.10s Sys=0.01s Real=0.00s
[1.815s][info][gc             ] GC(32) Concurrent Mark Cycle
[1.815s][info][gc,marking     ] GC(32) Concurrent Clear Claimed Marks
[1.815s][info][gc,marking     ] GC(32) Concurrent Clear Claimed Marks 0.016ms
[1.815s][info][gc,marking     ] GC(32) Concurrent Scan Root Regions
[1.816s][info][gc,marking     ] GC(32) Concurrent Scan Root Regions 1.394ms
[1.816s][info][gc,marking     ] GC(32) Concurrent Mark
[1.816s][info][gc,marking     ] GC(32) Concurrent Mark From Roots
[1.816s][info][gc,task        ] GC(32) Using 6 workers of 6 for marking
[1.824s][info][gc,marking     ] GC(32) Concurrent Mark From Roots 8.007ms
[1.824s][info][gc,marking     ] GC(32) Concurrent Preclean
[1.824s][info][gc,marking     ] GC(32) Concurrent Preclean 0.154ms
[1.824s][info][gc,start       ] GC(32) Pause Remark
[1.826s][info][gc             ] GC(32) Pause Remark 725M->725M(1024M) 1.881ms
[1.826s][info][gc,cpu         ] GC(32) User=0.01s Sys=0.00s Real=0.00s
[1.826s][info][gc,marking     ] GC(32) Concurrent Mark 10.344ms
[1.826s][info][gc,marking     ] GC(32) Concurrent Rebuild Remembered Sets
[INFO] Iteration: 3900000
[1.836s][info][gc,marking     ] GC(32) Concurrent Rebuild Remembered Sets 9.345ms
[1.836s][info][gc,start       ] GC(32) Pause Cleanup
[1.836s][info][gc             ] GC(32) Pause Cleanup 730M->730M(1024M) 0.495ms
[1.836s][info][gc,cpu         ] GC(32) User=0.00s Sys=0.00s Real=0.00s
[1.836s][info][gc,marking     ] GC(32) Concurrent Cleanup for Next Mark
[1.837s][info][gc,marking     ] GC(32) Concurrent Cleanup for Next Mark 0.644ms
[1.837s][info][gc             ] GC(32) Concurrent Mark Cycle 22.531ms
[INFO] JVM Uptime: 1.83 seconds, OldGen Region Count: 717, OldGen Used Memory: 702.87 MB, OldGen Live Memory: 618.06 MB, Total count of old regions to be freed 32, Estimated memory to be freed: 5.77 MB, Estimated OldGen object count: 179933
[INFO] Average Region used: 98.03 %, Live percent of used: 87.93 %, Live percent of region size: 86.20 % 
[INFO] Number of keys in OldGen: 151242, Gap with estimated OldGen object: 28691 (112 MB) 
[INFO] Number of pre-LRU keys in OldGen: 162
[INFO] Iteration: 4000000
[INFO] JVM Uptime: 1.86 seconds, OldGen Region Count: 717, OldGen Used Memory: 702.87 MB, OldGen Live Memory: 618.06 MB, Total count of old regions to be freed 32, Estimated memory to be freed: 5.77 MB, Estimated OldGen object count: 179933
[INFO] Average Region used: 98.03 %, Live percent of used: 87.93 %, Live percent of region size: 86.20 % 
[INFO] Number of keys in OldGen: 146242, Gap with estimated OldGen object: 33691 (131 MB) 
[INFO] Number of pre-LRU keys in OldGen: 57
[INFO] Iteration: 4100000
[INFO] JVM Uptime: 1.89 seconds, OldGen Region Count: 717, OldGen Used Memory: 702.87 MB, OldGen Live Memory: 618.06 MB, Total count of old regions to be freed 32, Estimated memory to be freed: 5.77 MB, Estimated OldGen object count: 179933
[INFO] Average Region used: 98.03 %, Live percent of used: 87.93 %, Live percent of region size: 86.20 % 
[INFO] Number of keys in OldGen: 141255, Gap with estimated OldGen object: 38678 (151 MB) 
[INFO] Number of pre-LRU keys in OldGen: 48
[1.906s][info][gc,start       ] GC(33) Pause Young (Prepare Mixed) (G1 Evacuation Pause)
[1.906s][info][gc,task        ] GC(33) Using 23 workers of 23 for evacuation
[1.911s][info][gc,phases      ] GC(33)   Pre Evacuate Collection Set: 0.1ms
[1.911s][info][gc,phases      ] GC(33)   Merge Heap Roots: 0.4ms
[1.911s][info][gc,phases      ] GC(33)   Evacuate Collection Set: 4.4ms
[1.911s][info][gc,phases      ] GC(33)   Post Evacuate Collection Set: 0.3ms
[1.911s][info][gc,phases      ] GC(33)   Other: 0.1ms
[1.911s][info][gc,heap        ] GC(33) Eden regions: 61->0(41)
[1.911s][info][gc,heap        ] GC(33) Survivor regions: 12->10(10)
[1.911s][info][gc,heap        ] GC(33) Old regions: 717->782
[1.911s][info][gc,heap        ] GC(33) Archive regions: 0->0
[1.911s][info][gc,heap        ] GC(33) Humongous regions: 2->2
[1.911s][info][gc,metaspace   ] GC(33) Metaspace: 8095K(8320K)->8095K(8320K) NonClass: 7364K(7488K)->7364K(7488K) Class: 730K(832K)->730K(832K)
[1.911s][info][gc             ] GC(33) Pause Young (Prepare Mixed) (G1 Evacuation Pause) 777M->780M(1024M) 5.248ms
[1.911s][info][gc,cpu         ] GC(33) User=0.09s Sys=0.01s Real=0.01s
[INFO] Iteration: 4200000
[INFO] JVM Uptime: 1.92 seconds, OldGen Region Count: 782, OldGen Used Memory: 768.43 MB, OldGen Live Memory: 683.63 MB, Total count of old regions to be freed 32, Estimated memory to be freed: 5.77 MB, Estimated OldGen object count: 196718
[INFO] Average Region used: 98.26 %, Live percent of used: 88.96 %, Live percent of region size: 87.42 % 
[INFO] Number of keys in OldGen: 150861, Gap with estimated OldGen object: 45857 (179 MB) 
[INFO] Number of pre-LRU keys in OldGen: 118
[INFO] Iteration: 4300000
[INFO] JVM Uptime: 1.95 seconds, OldGen Region Count: 782, OldGen Used Memory: 768.43 MB, OldGen Live Memory: 683.63 MB, Total count of old regions to be freed 32, Estimated memory to be freed: 5.77 MB, Estimated OldGen object count: 196718
[INFO] Average Region used: 98.26 %, Live percent of used: 88.96 %, Live percent of region size: 87.42 % 
[INFO] Number of keys in OldGen: 145935, Gap with estimated OldGen object: 50783 (198 MB) 
[INFO] Number of pre-LRU keys in OldGen: 54
[1.966s][info][gc,start       ] GC(34) Pause Young (Mixed) (G1 Evacuation Pause)
[1.966s][info][gc,task        ] GC(34) Using 23 workers of 23 for evacuation
[1.971s][info][gc,phases      ] GC(34)   Pre Evacuate Collection Set: 0.1ms
[1.971s][info][gc,phases      ] GC(34)   Merge Heap Roots: 0.4ms
[1.971s][info][gc,phases      ] GC(34)   Evacuate Collection Set: 4.0ms
[1.971s][info][gc,phases      ] GC(34)   Post Evacuate Collection Set: 0.4ms
[1.971s][info][gc,phases      ] GC(34)   Other: 0.1ms
[1.971s][info][gc,heap        ] GC(34) Eden regions: 41->0(44)
[1.971s][info][gc,heap        ] GC(34) Survivor regions: 10->7(7)
[1.971s][info][gc,heap        ] GC(34) Old regions: 782->815
[1.971s][info][gc,heap        ] GC(34) Archive regions: 0->0
[1.971s][info][gc,heap        ] GC(34) Humongous regions: 2->2
[1.971s][info][gc,metaspace   ] GC(34) Metaspace: 8108K(8320K)->8108K(8320K) NonClass: 7377K(7488K)->7377K(7488K) Class: 731K(832K)->731K(832K)
[1.971s][info][gc             ] GC(34) Pause Young (Mixed) (G1 Evacuation Pause) 821M->822M(1024M) 4.903ms
[1.971s][info][gc,cpu         ] GC(34) User=0.09s Sys=0.00s Real=0.01s
[INFO] Iteration: 4400000
[INFO] JVM Uptime: 1.98 seconds, OldGen Region Count: 815, OldGen Used Memory: 813.40 MB, OldGen Live Memory: 730.84 MB, Total count of old regions to be freed 28, Estimated memory to be freed: 4.90 MB, Estimated OldGen object count: 208230
[INFO] Average Region used: 99.80 %, Live percent of used: 89.85 %, Live percent of region size: 89.67 % 
[INFO] Number of keys in OldGen: 151190, Gap with estimated OldGen object: 57040 (222 MB) 
[INFO] Number of pre-LRU keys in OldGen: 69
[INFO] Iteration: 4500000
[INFO] JVM Uptime: 2.01 seconds, OldGen Region Count: 815, OldGen Used Memory: 813.40 MB, OldGen Live Memory: 730.84 MB, Total count of old regions to be freed 28, Estimated memory to be freed: 4.90 MB, Estimated OldGen object count: 208230
[INFO] Average Region used: 99.80 %, Live percent of used: 89.85 %, Live percent of region size: 89.67 % 
[INFO] Number of keys in OldGen: 146260, Gap with estimated OldGen object: 61970 (242 MB) 
[INFO] Number of pre-LRU keys in OldGen: 54
[2.027s][info][gc,start       ] GC(35) Pause Young (Concurrent Start) (G1 Evacuation Pause)
[2.027s][info][gc,task        ] GC(35) Using 23 workers of 23 for evacuation
[2.033s][info][gc,phases      ] GC(35)   Pre Evacuate Collection Set: 0.3ms
[2.033s][info][gc,phases      ] GC(35)   Merge Heap Roots: 0.4ms
[2.033s][info][gc,phases      ] GC(35)   Evacuate Collection Set: 3.8ms
[2.033s][info][gc,phases      ] GC(35)   Post Evacuate Collection Set: 0.8ms
[2.033s][info][gc,phases      ] GC(35)   Other: 0.1ms
[2.033s][info][gc,heap        ] GC(35) Eden regions: 44->0(44)
[2.033s][info][gc,heap        ] GC(35) Survivor regions: 7->7(7)
[2.033s][info][gc,heap        ] GC(35) Old regions: 815->861
[2.033s][info][gc,heap        ] GC(35) Archive regions: 0->0
[2.033s][info][gc,heap        ] GC(35) Humongous regions: 2->2
[2.033s][info][gc,metaspace   ] GC(35) Metaspace: 8108K(8320K)->8108K(8320K) NonClass: 7377K(7488K)->7377K(7488K) Class: 731K(832K)->731K(832K)
[2.033s][info][gc             ] GC(35) Pause Young (Concurrent Start) (G1 Evacuation Pause) 866M->868M(1024M) 5.525ms
[2.033s][info][gc,cpu         ] GC(35) User=0.08s Sys=0.01s Real=0.00s
[2.033s][info][gc             ] GC(36) Concurrent Mark Cycle
[2.033s][info][gc,marking     ] GC(36) Concurrent Clear Claimed Marks
[2.033s][info][gc,marking     ] GC(36) Concurrent Clear Claimed Marks 0.009ms
[2.033s][info][gc,marking     ] GC(36) Concurrent Scan Root Regions
[2.034s][info][gc,marking     ] GC(36) Concurrent Scan Root Regions 0.737ms
[2.034s][info][gc,marking     ] GC(36) Concurrent Mark
[2.034s][info][gc,marking     ] GC(36) Concurrent Mark From Roots
[2.034s][info][gc,task        ] GC(36) Using 6 workers of 6 for marking
[2.041s][info][gc,marking     ] GC(36) Concurrent Mark From Roots 6.719ms
[2.041s][info][gc,marking     ] GC(36) Concurrent Preclean
[2.041s][info][gc,marking     ] GC(36) Concurrent Preclean 0.080ms
[2.041s][info][gc,start       ] GC(36) Pause Remark
[2.043s][info][gc             ] GC(36) Pause Remark 875M->875M(1024M) 1.744ms
[2.043s][info][gc,cpu         ] GC(36) User=0.00s Sys=0.00s Real=0.00s
[2.043s][info][gc,marking     ] GC(36) Concurrent Mark 8.974ms
[2.043s][info][gc,marking     ] GC(36) Concurrent Rebuild Remembered Sets
[INFO] Iteration: 4600000
[2.057s][info][gc,marking     ] GC(36) Concurrent Rebuild Remembered Sets 14.578ms
[2.058s][info][gc,start       ] GC(36) Pause Cleanup
[2.058s][info][gc             ] GC(36) Pause Cleanup 885M->885M(1024M) 0.445ms
[2.058s][info][gc,cpu         ] GC(36) User=0.00s Sys=0.00s Real=0.00s
[2.058s][info][gc,marking     ] GC(36) Concurrent Cleanup for Next Mark
[2.058s][info][gc,marking     ] GC(36) Concurrent Cleanup for Next Mark 0.445ms
[2.058s][info][gc             ] GC(36) Concurrent Mark Cycle 25.484ms
[INFO] JVM Uptime: 2.05 seconds, OldGen Region Count: 861, OldGen Used Memory: 859.36 MB, OldGen Live Memory: 624.75 MB, Total count of old regions to be freed 227, Estimated memory to be freed: 72.18 MB, Estimated OldGen object count: 219995
[INFO] Average Region used: 99.81 %, Live percent of used: 72.70 %, Live percent of region size: 72.56 % 
[INFO] Number of keys in OldGen: 151576, Gap with estimated OldGen object: 68419 (267 MB) 
[INFO] Number of pre-LRU keys in OldGen: 88
[INFO] Iteration: 4700000
[INFO] JVM Uptime: 2.08 seconds, OldGen Region Count: 861, OldGen Used Memory: 859.36 MB, OldGen Live Memory: 624.75 MB, Total count of old regions to be freed 227, Estimated memory to be freed: 72.18 MB, Estimated OldGen object count: 219995
[INFO] Average Region used: 99.81 %, Live percent of used: 72.70 %, Live percent of region size: 72.56 % 
[INFO] Number of keys in OldGen: 146513, Gap with estimated OldGen object: 73482 (287 MB) 
[INFO] Number of pre-LRU keys in OldGen: 52
[2.100s][info][gc,start       ] GC(37) Pause Young (Prepare Mixed) (G1 Evacuation Pause)
[2.100s][info][gc,task        ] GC(37) Using 23 workers of 23 for evacuation
[2.105s][info][gc,phases      ] GC(37)   Pre Evacuate Collection Set: 0.1ms
[2.105s][info][gc,phases      ] GC(37)   Merge Heap Roots: 0.4ms
[2.105s][info][gc,phases      ] GC(37)   Evacuate Collection Set: 3.7ms
[2.105s][info][gc,phases      ] GC(37)   Post Evacuate Collection Set: 0.3ms
[2.105s][info][gc,phases      ] GC(37)   Other: 0.1ms
[2.105s][info][gc,heap        ] GC(37) Eden regions: 44->0(44)
[2.105s][info][gc,heap        ] GC(37) Survivor regions: 7->7(7)
[2.105s][info][gc,heap        ] GC(37) Old regions: 861->905
[2.105s][info][gc,heap        ] GC(37) Archive regions: 0->0
[2.105s][info][gc,heap        ] GC(37) Humongous regions: 2->2
[2.105s][info][gc,metaspace   ] GC(37) Metaspace: 8108K(8320K)->8108K(8320K) NonClass: 7377K(7488K)->7377K(7488K) Class: 731K(832K)->731K(832K)
[2.105s][info][gc             ] GC(37) Pause Young (Prepare Mixed) (G1 Evacuation Pause) 912M->912M(1024M) 4.517ms
[2.105s][info][gc,cpu         ] GC(37) User=0.09s Sys=0.00s Real=0.00s
[INFO] Iteration: 4800000
[INFO] JVM Uptime: 2.12 seconds, OldGen Region Count: 905, OldGen Used Memory: 903.66 MB, OldGen Live Memory: 669.05 MB, Total count of old regions to be freed 227, Estimated memory to be freed: 72.18 MB, Estimated OldGen object count: 231336
[INFO] Average Region used: 99.85 %, Live percent of used: 74.04 %, Live percent of region size: 73.93 % 
[INFO] Number of keys in OldGen: 151675, Gap with estimated OldGen object: 79661 (311 MB) 
[INFO] Number of pre-LRU keys in OldGen: 129
[2.142s][info][gc,start       ] GC(38) Pause Young (Mixed) (G1 Preventive Collection)
[2.142s][info][gc,task        ] GC(38) Using 23 workers of 23 for evacuation
[2.149s][info][gc             ] GC(38) To-space exhausted
[2.149s][info][gc,phases      ] GC(38)   Pre Evacuate Collection Set: 0.1ms
[2.149s][info][gc,phases      ] GC(38)   Merge Heap Roots: 0.6ms
[2.149s][info][gc,phases      ] GC(38)   Evacuate Collection Set: 5.2ms
[2.149s][info][gc,phases      ] GC(38)   Post Evacuate Collection Set: 0.8ms
[2.149s][info][gc,phases      ] GC(38)   Other: 0.1ms
[2.149s][info][gc,heap        ] GC(38) Eden regions: 32->0(44)
[2.149s][info][gc,heap        ] GC(38) Survivor regions: 7->7(7)
[2.149s][info][gc,heap        ] GC(38) Old regions: 905->1015
[2.149s][info][gc,heap        ] GC(38) Archive regions: 0->0
[2.149s][info][gc,heap        ] GC(38) Humongous regions: 2->2
[2.149s][info][gc,metaspace   ] GC(38) Metaspace: 8108K(8320K)->8108K(8320K) NonClass: 7377K(7488K)->7377K(7488K) Class: 731K(832K)->731K(832K)
[2.149s][info][gc             ] GC(38) Pause Young (Mixed) (G1 Preventive Collection) 944M->1022M(1024M) 6.769ms
[2.149s][info][gc,cpu         ] GC(38) User=0.13s Sys=0.01s Real=0.01s
[2.149s][info][gc,ergo        ] Attempting full compaction
[2.149s][info][gc,task        ] GC(39) Using 23 workers of 23 for full compaction
[2.149s][info][gc,start       ] GC(39) Pause Full (G1 Compaction Pause)
[2.149s][info][gc,phases,start] GC(39) Phase 1: Mark live objects
[2.153s][info][gc,phases      ] GC(39) Phase 1: Mark live objects 4.288ms
[2.153s][info][gc,phases,start] GC(39) Phase 2: Prepare for compaction
[2.155s][info][gc,phases      ] GC(39) Phase 2: Prepare for compaction 1.592ms
[2.155s][info][gc,phases,start] GC(39) Phase 3: Adjust pointers
[2.157s][info][gc,phases      ] GC(39) Phase 3: Adjust pointers 2.301ms
[2.157s][info][gc,phases,start] GC(39) Phase 4: Compact heap
[2.177s][info][gc,phases      ] GC(39) Phase 4: Compact heap 19.914ms
[2.178s][info][gc,heap        ] GC(39) Eden regions: 0->0(92)
[2.178s][info][gc,heap        ] GC(39) Survivor regions: 7->0(7)
[2.178s][info][gc,heap        ] GC(39) Old regions: 1015->637
[2.178s][info][gc,heap        ] GC(39) Archive regions: 0->0
[2.178s][info][gc,heap        ] GC(39) Humongous regions: 2->2
[2.178s][info][gc,metaspace   ] GC(39) Metaspace: 8108K(8320K)->8108K(8320K) NonClass: 7377K(7488K)->7377K(7488K) Class: 731K(832K)->731K(832K)
[2.178s][info][gc             ] GC(39) Pause Full (G1 Compaction Pause) 1022M->630M(1024M) 29.030ms
[2.178s][info][gc,cpu         ] GC(39) User=0.53s Sys=0.00s Real=0.03s
[INFO] Iteration: 4900000
[INFO] JVM Uptime: 2.18 seconds, OldGen Region Count: 637, OldGen Used Memory: 628.43 MB, OldGen Live Memory: 628.43 MB, Total count of old regions to be freed 0, Estimated memory to be freed: 0.00 MB, Estimated OldGen object count: 160878
[INFO] Average Region used: 98.65 %, Live percent of used: 100.00 %, Live percent of region size: 98.65 % 
[INFO] Number of keys in OldGen: 155823, Gap with estimated OldGen object: 5055 (19 MB) 
[INFO] Number of pre-LRU keys in OldGen: 340
[INFO] Iteration: 5000000
[INFO] JVM Uptime: 2.21 seconds, OldGen Region Count: 637, OldGen Used Memory: 628.43 MB, OldGen Live Memory: 628.43 MB, Total count of old regions to be freed 0, Estimated memory to be freed: 0.00 MB, Estimated OldGen object count: 160878
[INFO] Average Region used: 98.65 %, Live percent of used: 100.00 %, Live percent of region size: 98.65 % 
[INFO] Number of keys in OldGen: 150898, Gap with estimated OldGen object: 9980 (38 MB) 
[INFO] Number of pre-LRU keys in OldGen: 58
[INFO] Iteration: 5100000
[INFO] JVM Uptime: 2.24 seconds, OldGen Region Count: 637, OldGen Used Memory: 628.43 MB, OldGen Live Memory: 628.43 MB, Total count of old regions to be freed 0, Estimated memory to be freed: 0.00 MB, Estimated OldGen object count: 160878
[INFO] Average Region used: 98.65 %, Live percent of used: 100.00 %, Live percent of region size: 98.65 % 
[INFO] Number of keys in OldGen: 145826, Gap with estimated OldGen object: 15052 (58 MB) 
[INFO] Number of pre-LRU keys in OldGen: 46
[INFO] Iteration: 5200000
[INFO] JVM Uptime: 2.26 seconds, OldGen Region Count: 637, OldGen Used Memory: 628.43 MB, OldGen Live Memory: 628.43 MB, Total count of old regions to be freed 0, Estimated memory to be freed: 0.00 MB, Estimated OldGen object count: 160878
[INFO] Average Region used: 98.65 %, Live percent of used: 100.00 %, Live percent of region size: 98.65 % 
[INFO] Number of keys in OldGen: 140679, Gap with estimated OldGen object: 20199 (78 MB) 
[INFO] Number of pre-LRU keys in OldGen: 49
[2.287s][info][gc,start       ] GC(40) Pause Young (Concurrent Start) (G1 Evacuation Pause)
[2.287s][info][gc,task        ] GC(40) Using 23 workers of 23 for evacuation
[2.293s][info][gc,phases      ] GC(40)   Pre Evacuate Collection Set: 0.3ms
[2.293s][info][gc,phases      ] GC(40)   Merge Heap Roots: 0.4ms
[2.293s][info][gc,phases      ] GC(40)   Evacuate Collection Set: 5.1ms
[2.293s][info][gc,phases      ] GC(40)   Post Evacuate Collection Set: 0.3ms
[2.293s][info][gc,phases      ] GC(40)   Other: 0.2ms
[2.293s][info][gc,heap        ] GC(40) Eden regions: 92->0(62)
[2.293s][info][gc,heap        ] GC(40) Survivor regions: 0->12(12)
[2.293s][info][gc,heap        ] GC(40) Old regions: 637->716
[2.293s][info][gc,heap        ] GC(40) Archive regions: 0->0
[2.293s][info][gc,heap        ] GC(40) Humongous regions: 2->2
[2.293s][info][gc,metaspace   ] GC(40) Metaspace: 8114K(8320K)->8114K(8320K) NonClass: 7383K(7488K)->7383K(7488K) Class: 731K(832K)->731K(832K)
[2.293s][info][gc             ] GC(40) Pause Young (Concurrent Start) (G1 Evacuation Pause) 722M->721M(1024M) 6.322ms
[2.293s][info][gc,cpu         ] GC(40) User=0.10s Sys=0.01s Real=0.00s
[2.293s][info][gc             ] GC(41) Concurrent Mark Cycle
[2.293s][info][gc,marking     ] GC(41) Concurrent Clear Claimed Marks
[2.293s][info][gc,marking     ] GC(41) Concurrent Clear Claimed Marks 0.009ms
[2.293s][info][gc,marking     ] GC(41) Concurrent Scan Root Regions
[INFO] Iteration: 5300000
[2.294s][info][gc,marking     ] GC(41) Concurrent Scan Root Regions 0.922ms
[2.294s][info][gc,marking     ] GC(41) Concurrent Mark
[2.294s][info][gc,marking     ] GC(41) Concurrent Mark From Roots
[2.294s][info][gc,task        ] GC(41) Using 6 workers of 6 for marking
[2.300s][info][gc,marking     ] GC(41) Concurrent Mark From Roots 6.198ms
[2.300s][info][gc,marking     ] GC(41) Concurrent Preclean
[2.301s][info][gc,marking     ] GC(41) Concurrent Preclean 0.150ms
[2.301s][info][gc,start       ] GC(41) Pause Remark
[2.302s][info][gc             ] GC(41) Pause Remark 721M->721M(1024M) 1.473ms
[2.302s][info][gc,cpu         ] GC(41) User=0.01s Sys=0.00s Real=0.00s
[2.302s][info][gc,marking     ] GC(41) Concurrent Mark 7.970ms
[2.302s][info][gc,marking     ] GC(41) Concurrent Rebuild Remembered Sets
[INFO] JVM Uptime: 2.29 seconds, OldGen Region Count: 716, OldGen Used Memory: 707.43 MB, OldGen Live Memory: 707.43 MB, Total count of old regions to be freed 0, Estimated memory to be freed: 0.00 MB, Estimated OldGen object count: 181102
[INFO] Average Region used: 98.80 %, Live percent of used: 100.00 %, Live percent of region size: 98.80 % 
[INFO] Number of keys in OldGen: 154205, Gap with estimated OldGen object: 26897 (105 MB) 
[INFO] Number of pre-LRU keys in OldGen: 376
[2.310s][info][gc,marking     ] GC(41) Concurrent Rebuild Remembered Sets 7.820ms
[2.310s][info][gc,start       ] GC(41) Pause Cleanup
[2.311s][info][gc             ] GC(41) Pause Cleanup 721M->721M(1024M) 0.466ms
[2.311s][info][gc,cpu         ] GC(41) User=0.00s Sys=0.00s Real=0.00s
[2.311s][info][gc,marking     ] GC(41) Concurrent Cleanup for Next Mark
[2.311s][info][gc,marking     ] GC(41) Concurrent Cleanup for Next Mark 0.555ms
[2.311s][info][gc             ] GC(41) Concurrent Mark Cycle 18.116ms
[INFO] Iteration: 5400000
[INFO] JVM Uptime: 2.33 seconds, OldGen Region Count: 716, OldGen Used Memory: 707.43 MB, OldGen Live Memory: 620.42 MB, Total count of old regions to be freed 35, Estimated memory to be freed: 6.21 MB, Estimated OldGen object count: 181102
[INFO] Average Region used: 98.80 %, Live percent of used: 87.70 %, Live percent of region size: 86.65 % 
[INFO] Number of keys in OldGen: 149190, Gap with estimated OldGen object: 31912 (124 MB) 
[INFO] Number of pre-LRU keys in OldGen: 64
[INFO] Iteration: 5500000
[INFO] JVM Uptime: 2.35 seconds, OldGen Region Count: 716, OldGen Used Memory: 707.43 MB, OldGen Live Memory: 620.42 MB, Total count of old regions to be freed 35, Estimated memory to be freed: 6.21 MB, Estimated OldGen object count: 181102
[INFO] Average Region used: 98.80 %, Live percent of used: 87.70 %, Live percent of region size: 86.65 % 
[INFO] Number of keys in OldGen: 144289, Gap with estimated OldGen object: 36813 (143 MB) 
[INFO] Number of pre-LRU keys in OldGen: 55
[2.375s][info][gc,start       ] GC(42) Pause Young (Prepare Mixed) (G1 Evacuation Pause)
[2.375s][info][gc,task        ] GC(42) Using 23 workers of 23 for evacuation
[2.381s][info][gc,phases      ] GC(42)   Pre Evacuate Collection Set: 0.1ms
[2.381s][info][gc,phases      ] GC(42)   Merge Heap Roots: 0.4ms
[2.381s][info][gc,phases      ] GC(42)   Evacuate Collection Set: 4.5ms
[2.381s][info][gc,phases      ] GC(42)   Post Evacuate Collection Set: 0.3ms
[2.381s][info][gc,phases      ] GC(42)   Other: 0.1ms
[2.381s][info][gc,heap        ] GC(42) Eden regions: 62->0(41)
[2.381s][info][gc,heap        ] GC(42) Survivor regions: 12->10(10)
[2.381s][info][gc,heap        ] GC(42) Old regions: 716->782
[2.381s][info][gc,heap        ] GC(42) Archive regions: 0->0
[2.381s][info][gc,heap        ] GC(42) Humongous regions: 2->2
[2.381s][info][gc,metaspace   ] GC(42) Metaspace: 8162K(8384K)->8162K(8384K) NonClass: 7430K(7552K)->7430K(7552K) Class: 731K(832K)->731K(832K)
[2.381s][info][gc             ] GC(42) Pause Young (Prepare Mixed) (G1 Evacuation Pause) 783M->785M(1024M) 5.460ms
[2.381s][info][gc,cpu         ] GC(42) User=0.10s Sys=0.00s Real=0.01s
[INFO] Iteration: 5600000
[INFO] JVM Uptime: 2.38 seconds, OldGen Region Count: 782, OldGen Used Memory: 773.43 MB, OldGen Live Memory: 686.42 MB, Total count of old regions to be freed 35, Estimated memory to be freed: 6.21 MB, Estimated OldGen object count: 197998
[INFO] Average Region used: 98.90 %, Live percent of used: 88.75 %, Live percent of region size: 87.78 % 
[INFO] Number of keys in OldGen: 154210, Gap with estimated OldGen object: 43788 (171 MB) 
[INFO] Number of pre-LRU keys in OldGen: 356
[INFO] Iteration: 5700000
[INFO] JVM Uptime: 2.41 seconds, OldGen Region Count: 782, OldGen Used Memory: 773.43 MB, OldGen Live Memory: 686.42 MB, Total count of old regions to be freed 35, Estimated memory to be freed: 6.21 MB, Estimated OldGen object count: 197998
[INFO] Average Region used: 98.90 %, Live percent of used: 88.75 %, Live percent of region size: 87.78 % 
[INFO] Number of keys in OldGen: 149251, Gap with estimated OldGen object: 48747 (190 MB) 
[INFO] Number of pre-LRU keys in OldGen: 55
[2.434s][info][gc,start       ] GC(43) Pause Young (Mixed) (G1 Evacuation Pause)
[2.434s][info][gc,task        ] GC(43) Using 23 workers of 23 for evacuation
[2.440s][info][gc,phases      ] GC(43)   Pre Evacuate Collection Set: 0.3ms
[2.441s][info][gc,phases      ] GC(43)   Merge Heap Roots: 0.5ms
[2.441s][info][gc,phases      ] GC(43)   Evacuate Collection Set: 4.6ms
[2.441s][info][gc,phases      ] GC(43)   Post Evacuate Collection Set: 0.6ms
[2.441s][info][gc,phases      ] GC(43)   Other: 0.1ms
[2.441s][info][gc,heap        ] GC(43) Eden regions: 41->0(44)
[2.441s][info][gc,heap        ] GC(43) Survivor regions: 10->7(7)
[2.441s][info][gc,heap        ] GC(43) Old regions: 782->815
[2.441s][info][gc,heap        ] GC(43) Archive regions: 0->0
[2.441s][info][gc,heap        ] GC(43) Humongous regions: 2->2
[2.441s][info][gc,metaspace   ] GC(43) Metaspace: 8169K(8384K)->8169K(8384K) NonClass: 7438K(7552K)->7438K(7552K) Class: 731K(832K)->731K(832K)
[2.441s][info][gc             ] GC(43) Pause Young (Mixed) (G1 Evacuation Pause) 826M->822M(1024M) 6.116ms
[2.441s][info][gc,cpu         ] GC(43) User=0.09s Sys=0.01s Real=0.01s
[INFO] Iteration: 5800000
[INFO] JVM Uptime: 2.44 seconds, OldGen Region Count: 815, OldGen Used Memory: 813.59 MB, OldGen Live Memory: 730.10 MB, Total count of old regions to be freed 27, Estimated memory to be freed: 4.53 MB, Estimated OldGen object count: 208280
[INFO] Average Region used: 99.83 %, Live percent of used: 89.74 %, Live percent of region size: 89.58 % 
[INFO] Number of keys in OldGen: 154619, Gap with estimated OldGen object: 53661 (209 MB) 
[INFO] Number of pre-LRU keys in OldGen: 309
[INFO] Iteration: 5900000
[INFO] JVM Uptime: 2.47 seconds, OldGen Region Count: 815, OldGen Used Memory: 813.59 MB, OldGen Live Memory: 730.10 MB, Total count of old regions to be freed 27, Estimated memory to be freed: 4.53 MB, Estimated OldGen object count: 208280
[INFO] Average Region used: 99.83 %, Live percent of used: 89.74 %, Live percent of region size: 89.58 % 
[INFO] Number of keys in OldGen: 149642, Gap with estimated OldGen object: 58638 (229 MB) 
[INFO] Number of pre-LRU keys in OldGen: 58
[2.503s][info][gc,start       ] GC(44) Pause Young (Concurrent Start) (G1 Evacuation Pause)
[2.503s][info][gc,task        ] GC(44) Using 23 workers of 23 for evacuation
[2.509s][info][gc,phases      ] GC(44)   Pre Evacuate Collection Set: 0.1ms
[2.509s][info][gc,phases      ] GC(44)   Merge Heap Roots: 0.4ms
[2.509s][info][gc,phases      ] GC(44)   Evacuate Collection Set: 4.2ms
[2.509s][info][gc,phases      ] GC(44)   Post Evacuate Collection Set: 0.4ms
[2.509s][info][gc,phases      ] GC(44)   Other: 0.1ms
[2.509s][info][gc,heap        ] GC(44) Eden regions: 44->0(44)
[2.509s][info][gc,heap        ] GC(44) Survivor regions: 7->7(7)
[2.509s][info][gc,heap        ] GC(44) Old regions: 815->861
[2.509s][info][gc,heap        ] GC(44) Archive regions: 0->0
[2.509s][info][gc,heap        ] GC(44) Humongous regions: 2->2
[2.509s][info][gc,metaspace   ] GC(44) Metaspace: 8169K(8384K)->8169K(8384K) NonClass: 7438K(7552K)->7438K(7552K) Class: 731K(832K)->731K(832K)
[2.509s][info][gc             ] GC(44) Pause Young (Concurrent Start) (G1 Evacuation Pause) 866M->868M(1024M) 5.162ms
[2.509s][info][gc,cpu         ] GC(44) User=0.09s Sys=0.00s Real=0.01s
[2.509s][info][gc             ] GC(45) Concurrent Mark Cycle
[2.509s][info][gc,marking     ] GC(45) Concurrent Clear Claimed Marks
[2.509s][info][gc,marking     ] GC(45) Concurrent Clear Claimed Marks 0.013ms
[2.509s][info][gc,marking     ] GC(45) Concurrent Scan Root Regions
[2.509s][info][gc,marking     ] GC(45) Concurrent Scan Root Regions 0.768ms
[2.509s][info][gc,marking     ] GC(45) Concurrent Mark
[2.509s][info][gc,marking     ] GC(45) Concurrent Mark From Roots
[2.509s][info][gc,task        ] GC(45) Using 6 workers of 6 for marking
[INFO] Iteration: 6000000
[2.518s][info][gc,marking     ] GC(45) Concurrent Mark From Roots 8.727ms
[2.518s][info][gc,marking     ] GC(45) Concurrent Preclean
[2.518s][info][gc,marking     ] GC(45) Concurrent Preclean 0.085ms
[2.518s][info][gc,start       ] GC(45) Pause Remark
[2.521s][info][gc             ] GC(45) Pause Remark 871M->871M(1024M) 2.056ms
[2.521s][info][gc,cpu         ] GC(45) User=0.01s Sys=0.00s Real=0.00s
[2.521s][info][gc,marking     ] GC(45) Concurrent Mark 11.338ms
[2.521s][info][gc,marking     ] GC(45) Concurrent Rebuild Remembered Sets
[INFO] JVM Uptime: 2.51 seconds, OldGen Region Count: 861, OldGen Used Memory: 859.09 MB, OldGen Live Memory: 775.60 MB, Total count of old regions to be freed 27, Estimated memory to be freed: 4.53 MB, Estimated OldGen object count: 219928
[INFO] Average Region used: 99.78 %, Live percent of used: 90.28 %, Live percent of region size: 90.08 % 
[INFO] Number of keys in OldGen: 154876, Gap with estimated OldGen object: 65052 (254 MB) 
[INFO] Number of pre-LRU keys in OldGen: 336
[2.534s][info][gc,marking     ] GC(45) Concurrent Rebuild Remembered Sets 12.780ms
[2.534s][info][gc,start       ] GC(45) Pause Cleanup
[2.534s][info][gc             ] GC(45) Pause Cleanup 874M->874M(1024M) 0.357ms
[2.534s][info][gc,cpu         ] GC(45) User=0.00s Sys=0.00s Real=0.00s
[2.534s][info][gc,marking     ] GC(45) Concurrent Cleanup for Next Mark
[2.535s][info][gc,marking     ] GC(45) Concurrent Cleanup for Next Mark 0.436ms
[2.535s][info][gc             ] GC(45) Concurrent Mark Cycle 26.021ms
[INFO] Iteration: 6100000
[INFO] JVM Uptime: 2.55 seconds, OldGen Region Count: 861, OldGen Used Memory: 859.09 MB, OldGen Live Memory: 624.29 MB, Total count of old regions to be freed 225, Estimated memory to be freed: 71.97 MB, Estimated OldGen object count: 219928
[INFO] Average Region used: 99.78 %, Live percent of used: 72.67 %, Live percent of region size: 72.51 % 
[INFO] Number of keys in OldGen: 149851, Gap with estimated OldGen object: 70077 (273 MB) 
[INFO] Number of pre-LRU keys in OldGen: 63
[2.572s][info][gc,start       ] GC(46) Pause Young (Prepare Mixed) (G1 Evacuation Pause)
[2.572s][info][gc,task        ] GC(46) Using 23 workers of 23 for evacuation
[2.578s][info][gc,phases      ] GC(46)   Pre Evacuate Collection Set: 0.1ms
[2.578s][info][gc,phases      ] GC(46)   Merge Heap Roots: 0.4ms
[2.578s][info][gc,phases      ] GC(46)   Evacuate Collection Set: 4.5ms
[2.578s][info][gc,phases      ] GC(46)   Post Evacuate Collection Set: 1.0ms
[2.578s][info][gc,phases      ] GC(46)   Other: 0.1ms
[2.578s][info][gc,heap        ] GC(46) Eden regions: 44->0(44)
[2.578s][info][gc,heap        ] GC(46) Survivor regions: 7->7(7)
[2.578s][info][gc,heap        ] GC(46) Old regions: 861->905
[2.578s][info][gc,heap        ] GC(46) Archive regions: 0->0
[2.578s][info][gc,heap        ] GC(46) Humongous regions: 2->2
[2.578s][info][gc,metaspace   ] GC(46) Metaspace: 8169K(8384K)->8169K(8384K) NonClass: 7438K(7552K)->7438K(7552K) Class: 731K(832K)->731K(832K)
[2.578s][info][gc             ] GC(46) Pause Young (Prepare Mixed) (G1 Evacuation Pause) 912M->912M(1024M) 6.140ms
[2.578s][info][gc,cpu         ] GC(46) User=0.10s Sys=0.00s Real=0.01s
[INFO] Iteration: 6200000
[INFO] JVM Uptime: 2.58 seconds, OldGen Region Count: 905, OldGen Used Memory: 903.59 MB, OldGen Live Memory: 668.79 MB, Total count of old regions to be freed 225, Estimated memory to be freed: 71.97 MB, Estimated OldGen object count: 231320
[INFO] Average Region used: 99.84 %, Live percent of used: 74.01 %, Live percent of region size: 73.90 % 
[INFO] Number of keys in OldGen: 155099, Gap with estimated OldGen object: 76221 (297 MB) 
[INFO] Number of pre-LRU keys in OldGen: 365
[INFO] Iteration: 6300000
[INFO] JVM Uptime: 2.61 seconds, OldGen Region Count: 905, OldGen Used Memory: 903.59 MB, OldGen Live Memory: 668.79 MB, Total count of old regions to be freed 225, Estimated memory to be freed: 71.97 MB, Estimated OldGen object count: 231320
[INFO] Average Region used: 99.84 %, Live percent of used: 74.01 %, Live percent of region size: 73.90 % 
[INFO] Number of keys in OldGen: 150141, Gap with estimated OldGen object: 81179 (317 MB) 
[INFO] Number of pre-LRU keys in OldGen: 53
[2.626s][info][gc,start       ] GC(47) Pause Young (Mixed) (G1 Preventive Collection)
[2.626s][info][gc,task        ] GC(47) Using 23 workers of 23 for evacuation
[2.634s][info][gc             ] GC(47) To-space exhausted
[2.634s][info][gc,phases      ] GC(47)   Pre Evacuate Collection Set: 0.1ms
[2.634s][info][gc,phases      ] GC(47)   Merge Heap Roots: 0.6ms
[2.634s][info][gc,phases      ] GC(47)   Evacuate Collection Set: 6.2ms
[2.634s][info][gc,phases      ] GC(47)   Post Evacuate Collection Set: 1.2ms
[2.634s][info][gc,phases      ] GC(47)   Other: 0.1ms
[2.634s][info][gc,heap        ] GC(47) Eden regions: 33->0(44)
[2.634s][info][gc,heap        ] GC(47) Survivor regions: 7->7(7)
[2.634s][info][gc,heap        ] GC(47) Old regions: 905->1015
[2.634s][info][gc,heap        ] GC(47) Archive regions: 0->0
[2.634s][info][gc,heap        ] GC(47) Humongous regions: 2->2
[2.634s][info][gc,metaspace   ] GC(47) Metaspace: 8169K(8384K)->8169K(8384K) NonClass: 7438K(7552K)->7438K(7552K) Class: 731K(832K)->731K(832K)
[2.634s][info][gc             ] GC(47) Pause Young (Mixed) (G1 Preventive Collection) 945M->1022M(1024M) 8.097ms
[2.634s][info][gc,cpu         ] GC(47) User=0.15s Sys=0.00s Real=0.01s
[2.634s][info][gc,ergo        ] Attempting full compaction
[2.634s][info][gc,task        ] GC(48) Using 23 workers of 23 for full compaction
[2.634s][info][gc,start       ] GC(48) Pause Full (G1 Compaction Pause)
[2.634s][info][gc,phases,start] GC(48) Phase 1: Mark live objects
[2.641s][info][gc,phases      ] GC(48) Phase 1: Mark live objects 7.491ms
[2.641s][info][gc,phases,start] GC(48) Phase 2: Prepare for compaction
[2.643s][info][gc,phases      ] GC(48) Phase 2: Prepare for compaction 1.539ms
[2.643s][info][gc,phases,start] GC(48) Phase 3: Adjust pointers
[2.646s][info][gc,phases      ] GC(48) Phase 3: Adjust pointers 2.725ms
[2.646s][info][gc,phases,start] GC(48) Phase 4: Compact heap
[2.668s][info][gc,phases      ] GC(48) Phase 4: Compact heap 22.817ms
[2.669s][info][gc,heap        ] GC(48) Eden regions: 0->0(92)
[2.669s][info][gc,heap        ] GC(48) Survivor regions: 7->0(7)
[2.669s][info][gc,heap        ] GC(48) Old regions: 1015->638
[2.669s][info][gc,heap        ] GC(48) Archive regions: 0->0
[2.669s][info][gc,heap        ] GC(48) Humongous regions: 2->2
[2.669s][info][gc,metaspace   ] GC(48) Metaspace: 8169K(8384K)->8169K(8384K) NonClass: 7438K(7552K)->7438K(7552K) Class: 731K(832K)->731K(832K)
[2.669s][info][gc             ] GC(48) Pause Full (G1 Compaction Pause) 1022M->629M(1024M) 35.563ms
[2.670s][info][gc,cpu         ] GC(48) User=0.53s Sys=0.00s Real=0.04s
[INFO] Iteration: 6400000
[INFO] JVM Uptime: 2.68 seconds, OldGen Region Count: 638, OldGen Used Memory: 627.96 MB, OldGen Live Memory: 627.96 MB, Total count of old regions to be freed 0, Estimated memory to be freed: 0.00 MB, Estimated OldGen object count: 160756
[INFO] Average Region used: 98.43 %, Live percent of used: 100.00 %, Live percent of region size: 98.43 % 
[INFO] Number of keys in OldGen: 154639, Gap with estimated OldGen object: 6117 (23 MB) 
[INFO] Number of pre-LRU keys in OldGen: 233
[INFO] Iteration: 6500000
[INFO] JVM Uptime: 2.70 seconds, OldGen Region Count: 638, OldGen Used Memory: 627.96 MB, OldGen Live Memory: 627.96 MB, Total count of old regions to be freed 0, Estimated memory to be freed: 0.00 MB, Estimated OldGen object count: 160756
[INFO] Average Region used: 98.43 %, Live percent of used: 100.00 %, Live percent of region size: 98.43 % 
[INFO] Number of keys in OldGen: 149644, Gap with estimated OldGen object: 11112 (43 MB) 
[INFO] Number of pre-LRU keys in OldGen: 63
[INFO] Iteration: 6600000
[INFO] JVM Uptime: 2.72 seconds, OldGen Region Count: 638, OldGen Used Memory: 627.96 MB, OldGen Live Memory: 627.96 MB, Total count of old regions to be freed 0, Estimated memory to be freed: 0.00 MB, Estimated OldGen object count: 160756
[INFO] Average Region used: 98.43 %, Live percent of used: 100.00 %, Live percent of region size: 98.43 % 
[INFO] Number of keys in OldGen: 144658, Gap with estimated OldGen object: 16098 (62 MB) 
[INFO] Number of pre-LRU keys in OldGen: 57
[INFO] Iteration: 6700000
[INFO] JVM Uptime: 2.75 seconds, OldGen Region Count: 638, OldGen Used Memory: 627.96 MB, OldGen Live Memory: 627.96 MB, Total count of old regions to be freed 0, Estimated memory to be freed: 0.00 MB, Estimated OldGen object count: 160756
[INFO] Average Region used: 98.43 %, Live percent of used: 100.00 %, Live percent of region size: 98.43 % 
[INFO] Number of keys in OldGen: 139659, Gap with estimated OldGen object: 21097 (82 MB) 
[INFO] Number of pre-LRU keys in OldGen: 50
[2.765s][info][gc,start       ] GC(49) Pause Young (Concurrent Start) (G1 Evacuation Pause)
[2.765s][info][gc,task        ] GC(49) Using 23 workers of 23 for evacuation
[2.773s][info][gc,phases      ] GC(49)   Pre Evacuate Collection Set: 0.1ms
[2.773s][info][gc,phases      ] GC(49)   Merge Heap Roots: 0.4ms
[2.773s][info][gc,phases      ] GC(49)   Evacuate Collection Set: 7.0ms
[2.773s][info][gc,phases      ] GC(49)   Post Evacuate Collection Set: 0.4ms
[2.773s][info][gc,phases      ] GC(49)   Other: 0.1ms
[2.773s][info][gc,heap        ] GC(49) Eden regions: 92->0(61)
[2.773s][info][gc,heap        ] GC(49) Survivor regions: 0->12(12)
[2.773s][info][gc,heap        ] GC(49) Old regions: 638->719
[2.773s][info][gc,heap        ] GC(49) Archive regions: 0->0
[2.773s][info][gc,heap        ] GC(49) Humongous regions: 2->2
[2.773s][info][gc,metaspace   ] GC(49) Metaspace: 8169K(8384K)->8169K(8384K) NonClass: 7438K(7552K)->7438K(7552K) Class: 731K(832K)->731K(832K)
[2.773s][info][gc             ] GC(49) Pause Young (Concurrent Start) (G1 Evacuation Pause) 721M->722M(1024M) 8.024ms
[2.773s][info][gc,cpu         ] GC(49) User=0.12s Sys=0.01s Real=0.01s
[2.773s][info][gc             ] GC(50) Concurrent Mark Cycle
[2.773s][info][gc,marking     ] GC(50) Concurrent Clear Claimed Marks
[2.773s][info][gc,marking     ] GC(50) Concurrent Clear Claimed Marks 0.010ms
[2.773s][info][gc,marking     ] GC(50) Concurrent Scan Root Regions
[2.774s][info][gc,marking     ] GC(50) Concurrent Scan Root Regions 0.986ms
[2.774s][info][gc,marking     ] GC(50) Concurrent Mark
[2.774s][info][gc,marking     ] GC(50) Concurrent Mark From Roots
[2.774s][info][gc,task        ] GC(50) Using 6 workers of 6 for marking
[INFO] Iteration: 6800000
[2.780s][info][gc,marking     ] GC(50) Concurrent Mark From Roots 6.584ms
[2.780s][info][gc,marking     ] GC(50) Concurrent Preclean
[2.780s][info][gc,marking     ] GC(50) Concurrent Preclean 0.101ms
[2.781s][info][gc,start       ] GC(50) Pause Remark
[2.782s][info][gc             ] GC(50) Pause Remark 728M->728M(1024M) 1.296ms
[2.782s][info][gc,cpu         ] GC(50) User=0.01s Sys=0.00s Real=0.00s
[2.782s][info][gc,marking     ] GC(50) Concurrent Mark 8.111ms
[2.782s][info][gc,marking     ] GC(50) Concurrent Rebuild Remembered Sets
[2.789s][info][gc,marking     ] GC(50) Concurrent Rebuild Remembered Sets 7.551ms
[2.790s][info][gc,start       ] GC(50) Pause Cleanup
[2.790s][info][gc             ] GC(50) Pause Cleanup 728M->728M(1024M) 0.318ms
[2.790s][info][gc,cpu         ] GC(50) User=0.00s Sys=0.00s Real=0.00s
[2.790s][info][gc,marking     ] GC(50) Concurrent Cleanup for Next Mark
[2.790s][info][gc,marking     ] GC(50) Concurrent Cleanup for Next Mark 0.360ms
[2.790s][info][gc             ] GC(50) Concurrent Mark Cycle 17.504ms
[INFO] JVM Uptime: 2.78 seconds, OldGen Region Count: 719, OldGen Used Memory: 708.96 MB, OldGen Live Memory: 708.96 MB, Total count of old regions to be freed 0, Estimated memory to be freed: 0.00 MB, Estimated OldGen object count: 181492
[INFO] Average Region used: 98.60 %, Live percent of used: 100.00 %, Live percent of region size: 98.60 % 
[INFO] Number of keys in OldGen: 153021, Gap with estimated OldGen object: 28471 (111 MB) 
[INFO] Number of pre-LRU keys in OldGen: 299
[INFO] Iteration: 6900000
[INFO] JVM Uptime: 2.81 seconds, OldGen Region Count: 719, OldGen Used Memory: 708.96 MB, OldGen Live Memory: 622.44 MB, Total count of old regions to be freed 32, Estimated memory to be freed: 5.74 MB, Estimated OldGen object count: 181492
[INFO] Average Region used: 98.60 %, Live percent of used: 87.80 %, Live percent of region size: 86.57 % 
[INFO] Number of keys in OldGen: 148107, Gap with estimated OldGen object: 33385 (130 MB) 
[INFO] Number of pre-LRU keys in OldGen: 56
[INFO] Iteration: 7000000
[INFO] JVM Uptime: 2.83 seconds, OldGen Region Count: 719, OldGen Used Memory: 708.96 MB, OldGen Live Memory: 622.44 MB, Total count of old regions to be freed 32, Estimated memory to be freed: 5.74 MB, Estimated OldGen object count: 181492
[INFO] Average Region used: 98.60 %, Live percent of used: 87.80 %, Live percent of region size: 86.57 % 
[INFO] Number of keys in OldGen: 143107, Gap with estimated OldGen object: 38385 (149 MB) 
[INFO] Number of pre-LRU keys in OldGen: 52
[2.845s][info][gc,start       ] GC(51) Pause Young (Prepare Mixed) (G1 Evacuation Pause)
[2.845s][info][gc,task        ] GC(51) Using 23 workers of 23 for evacuation
[2.851s][info][gc,phases      ] GC(51)   Pre Evacuate Collection Set: 0.1ms
[2.851s][info][gc,phases      ] GC(51)   Merge Heap Roots: 0.4ms
[2.851s][info][gc,phases      ] GC(51)   Evacuate Collection Set: 4.8ms
[2.851s][info][gc,phases      ] GC(51)   Post Evacuate Collection Set: 0.5ms
[2.851s][info][gc,phases      ] GC(51)   Other: 0.1ms
[2.851s][info][gc,heap        ] GC(51) Eden regions: 61->0(41)
[2.851s][info][gc,heap        ] GC(51) Survivor regions: 12->10(10)
[2.851s][info][gc,heap        ] GC(51) Old regions: 719->783
[2.851s][info][gc,heap        ] GC(51) Archive regions: 0->0
[2.851s][info][gc,heap        ] GC(51) Humongous regions: 2->2
[2.851s][info][gc,metaspace   ] GC(51) Metaspace: 8170K(8384K)->8170K(8384K) NonClass: 7438K(7552K)->7438K(7552K) Class: 731K(832K)->731K(832K)
[2.851s][info][gc             ] GC(51) Pause Young (Prepare Mixed) (G1 Evacuation Pause) 783M->784M(1024M) 5.951ms
[2.851s][info][gc,cpu         ] GC(51) User=0.11s Sys=0.00s Real=0.01s
[INFO] Iteration: 7100000
[INFO] JVM Uptime: 2.86 seconds, OldGen Region Count: 783, OldGen Used Memory: 772.96 MB, OldGen Live Memory: 686.44 MB, Total count of old regions to be freed 32, Estimated memory to be freed: 5.74 MB, Estimated OldGen object count: 197876
[INFO] Average Region used: 98.72 %, Live percent of used: 88.81 %, Live percent of region size: 87.67 % 
[INFO] Number of keys in OldGen: 152633, Gap with estimated OldGen object: 45243 (176 MB) 
[INFO] Number of pre-LRU keys in OldGen: 251
[INFO] Iteration: 7200000
[INFO] JVM Uptime: 2.88 seconds, OldGen Region Count: 783, OldGen Used Memory: 772.96 MB, OldGen Live Memory: 686.44 MB, Total count of old regions to be freed 32, Estimated memory to be freed: 5.74 MB, Estimated OldGen object count: 197876
[INFO] Average Region used: 98.72 %, Live percent of used: 88.81 %, Live percent of region size: 87.67 % 
[INFO] Number of keys in OldGen: 147677, Gap with estimated OldGen object: 50199 (196 MB) 
[INFO] Number of pre-LRU keys in OldGen: 45
[2.899s][info][gc,start       ] GC(52) Pause Young (Mixed) (G1 Evacuation Pause)
[2.899s][info][gc,task        ] GC(52) Using 23 workers of 23 for evacuation
[2.907s][info][gc,phases      ] GC(52)   Pre Evacuate Collection Set: 0.6ms
[2.907s][info][gc,phases      ] GC(52)   Merge Heap Roots: 0.5ms
[2.907s][info][gc,phases      ] GC(52)   Evacuate Collection Set: 5.4ms
[2.907s][info][gc,phases      ] GC(52)   Post Evacuate Collection Set: 0.7ms
[2.907s][info][gc,phases      ] GC(52)   Other: 0.1ms
[2.907s][info][gc,heap        ] GC(52) Eden regions: 41->0(44)
[2.907s][info][gc,heap        ] GC(52) Survivor regions: 10->7(7)
[2.907s][info][gc,heap        ] GC(52) Old regions: 783->817
[2.907s][info][gc,heap        ] GC(52) Archive regions: 0->0
[2.907s][info][gc,heap        ] GC(52) Humongous regions: 2->2
[2.907s][info][gc,metaspace   ] GC(52) Metaspace: 8174K(8384K)->8174K(8384K) NonClass: 7443K(7552K)->7443K(7552K) Class: 731K(832K)->731K(832K)
[2.907s][info][gc             ] GC(52) Pause Young (Mixed) (G1 Evacuation Pause) 825M->824M(1024M) 7.272ms
[2.907s][info][gc,cpu         ] GC(52) User=0.11s Sys=0.01s Real=0.01s
[INFO] Iteration: 7300000
[INFO] JVM Uptime: 2.91 seconds, OldGen Region Count: 817, OldGen Used Memory: 815.72 MB, OldGen Live Memory: 732.31 MB, Total count of old regions to be freed 26, Estimated memory to be freed: 4.41 MB, Estimated OldGen object count: 208824
[INFO] Average Region used: 99.84 %, Live percent of used: 89.77 %, Live percent of region size: 89.63 % 
[INFO] Number of keys in OldGen: 152884, Gap with estimated OldGen object: 55940 (218 MB) 
[INFO] Number of pre-LRU keys in OldGen: 225
[INFO] Iteration: 7400000
[INFO] JVM Uptime: 2.94 seconds, OldGen Region Count: 817, OldGen Used Memory: 815.72 MB, OldGen Live Memory: 732.31 MB, Total count of old regions to be freed 26, Estimated memory to be freed: 4.41 MB, Estimated OldGen object count: 208824
[INFO] Average Region used: 99.84 %, Live percent of used: 89.77 %, Live percent of region size: 89.63 % 
[INFO] Number of keys in OldGen: 147984, Gap with estimated OldGen object: 60840 (237 MB) 
[INFO] Number of pre-LRU keys in OldGen: 60
[2.954s][info][gc,start       ] GC(53) Pause Young (Concurrent Start) (G1 Evacuation Pause)
[2.954s][info][gc,task        ] GC(53) Using 23 workers of 23 for evacuation
[2.960s][info][gc,phases      ] GC(53)   Pre Evacuate Collection Set: 0.1ms
[2.960s][info][gc,phases      ] GC(53)   Merge Heap Roots: 0.4ms
[2.960s][info][gc,phases      ] GC(53)   Evacuate Collection Set: 4.9ms
[2.960s][info][gc,phases      ] GC(53)   Post Evacuate Collection Set: 0.5ms
[2.960s][info][gc,phases      ] GC(53)   Other: 0.1ms
[2.960s][info][gc,heap        ] GC(53) Eden regions: 44->0(44)
[2.960s][info][gc,heap        ] GC(53) Survivor regions: 7->7(7)
[2.960s][info][gc,heap        ] GC(53) Old regions: 817->862
[2.960s][info][gc,heap        ] GC(53) Archive regions: 0->0
[2.960s][info][gc,heap        ] GC(53) Humongous regions: 2->2
[2.960s][info][gc,metaspace   ] GC(53) Metaspace: 8176K(8384K)->8176K(8384K) NonClass: 7445K(7552K)->7445K(7552K) Class: 731K(832K)->731K(832K)
[2.960s][info][gc             ] GC(53) Pause Young (Concurrent Start) (G1 Evacuation Pause) 868M->869M(1024M) 6.043ms
[2.960s][info][gc,cpu         ] GC(53) User=0.09s Sys=0.01s Real=0.01s
[2.960s][info][gc             ] GC(54) Concurrent Mark Cycle
[2.960s][info][gc,marking     ] GC(54) Concurrent Clear Claimed Marks
[2.960s][info][gc,marking     ] GC(54) Concurrent Clear Claimed Marks 0.012ms
[2.960s][info][gc,marking     ] GC(54) Concurrent Scan Root Regions
[2.961s][info][gc,marking     ] GC(54) Concurrent Scan Root Regions 0.697ms
[2.961s][info][gc,marking     ] GC(54) Concurrent Mark
[2.961s][info][gc,marking     ] GC(54) Concurrent Mark From Roots
[2.961s][info][gc,task        ] GC(54) Using 6 workers of 6 for marking
[2.968s][info][gc,marking     ] GC(54) Concurrent Mark From Roots 7.259ms
[2.968s][info][gc,marking     ] GC(54) Concurrent Preclean
[2.969s][info][gc,marking     ] GC(54) Concurrent Preclean 0.079ms
[2.969s][info][gc,start       ] GC(54) Pause Remark
[2.970s][info][gc             ] GC(54) Pause Remark 877M->877M(1024M) 1.774ms
[2.970s][info][gc,cpu         ] GC(54) User=0.00s Sys=0.00s Real=0.00s
[2.970s][info][gc,marking     ] GC(54) Concurrent Mark 9.232ms
[2.970s][info][gc,marking     ] GC(54) Concurrent Rebuild Remembered Sets
[INFO] Iteration: 7500000
[2.982s][info][gc,marking     ] GC(54) Concurrent Rebuild Remembered Sets 12.075ms
[2.983s][info][gc,start       ] GC(54) Pause Cleanup
[2.983s][info][gc             ] GC(54) Pause Cleanup 880M->880M(1024M) 0.388ms
[2.983s][info][gc,cpu         ] GC(54) User=0.00s Sys=0.00s Real=0.00s
[2.983s][info][gc,marking     ] GC(54) Concurrent Cleanup for Next Mark
[2.983s][info][gc,marking     ] GC(54) Concurrent Cleanup for Next Mark 0.343ms
[2.983s][info][gc             ] GC(54) Concurrent Mark Cycle 23.062ms
[INFO] JVM Uptime: 2.97 seconds, OldGen Region Count: 862, OldGen Used Memory: 860.72 MB, OldGen Live Memory: 623.80 MB, Total count of old regions to be freed 223, Estimated memory to be freed: 73.34 MB, Estimated OldGen object count: 220344
[INFO] Average Region used: 99.85 %, Live percent of used: 72.47 %, Live percent of region size: 72.37 % 
[INFO] Number of keys in OldGen: 153200, Gap with estimated OldGen object: 67144 (262 MB) 
[INFO] Number of pre-LRU keys in OldGen: 256
[INFO] Iteration: 7600000
[INFO] JVM Uptime: 3.00 seconds, OldGen Region Count: 862, OldGen Used Memory: 860.72 MB, OldGen Live Memory: 623.80 MB, Total count of old regions to be freed 223, Estimated memory to be freed: 73.34 MB, Estimated OldGen object count: 220344
[INFO] Average Region used: 99.85 %, Live percent of used: 72.47 %, Live percent of region size: 72.37 % 
[INFO] Number of keys in OldGen: 148304, Gap with estimated OldGen object: 72040 (281 MB) 
[INFO] Number of pre-LRU keys in OldGen: 51
[3.023s][info][gc,start       ] GC(55) Pause Young (Prepare Mixed) (G1 Evacuation Pause)
[3.023s][info][gc,task        ] GC(55) Using 23 workers of 23 for evacuation
[3.028s][info][gc,phases      ] GC(55)   Pre Evacuate Collection Set: 0.2ms
[3.028s][info][gc,phases      ] GC(55)   Merge Heap Roots: 0.4ms
[3.028s][info][gc,phases      ] GC(55)   Evacuate Collection Set: 4.3ms
[3.028s][info][gc,phases      ] GC(55)   Post Evacuate Collection Set: 0.4ms
[3.028s][info][gc,phases      ] GC(55)   Other: 0.1ms
[3.028s][info][gc,heap        ] GC(55) Eden regions: 44->0(44)
[3.028s][info][gc,heap        ] GC(55) Survivor regions: 7->7(7)
[3.028s][info][gc,heap        ] GC(55) Old regions: 862->907
[3.028s][info][gc,heap        ] GC(55) Archive regions: 0->0
[3.028s][info][gc,heap        ] GC(55) Humongous regions: 2->2
[3.028s][info][gc,metaspace   ] GC(55) Metaspace: 8176K(8384K)->8176K(8384K) NonClass: 7445K(7552K)->7445K(7552K) Class: 731K(832K)->731K(832K)
[3.028s][info][gc             ] GC(55) Pause Young (Prepare Mixed) (G1 Evacuation Pause) 913M->914M(1024M) 5.388ms
[3.028s][info][gc,cpu         ] GC(55) User=0.10s Sys=0.01s Real=0.01s
[INFO] Iteration: 7700000
[INFO] JVM Uptime: 3.03 seconds, OldGen Region Count: 907, OldGen Used Memory: 905.72 MB, OldGen Live Memory: 668.80 MB, Total count of old regions to be freed 223, Estimated memory to be freed: 73.34 MB, Estimated OldGen object count: 231864
[INFO] Average Region used: 99.86 %, Live percent of used: 73.84 %, Live percent of region size: 73.74 % 
[INFO] Number of keys in OldGen: 153567, Gap with estimated OldGen object: 78297 (305 MB) 
[INFO] Number of pre-LRU keys in OldGen: 279
[INFO] Iteration: 7800000
[INFO] JVM Uptime: 3.06 seconds, OldGen Region Count: 907, OldGen Used Memory: 905.72 MB, OldGen Live Memory: 668.80 MB, Total count of old regions to be freed 223, Estimated memory to be freed: 73.34 MB, Estimated OldGen object count: 231864
[INFO] Average Region used: 99.86 %, Live percent of used: 73.84 %, Live percent of region size: 73.74 % 
[INFO] Number of keys in OldGen: 148504, Gap with estimated OldGen object: 83360 (325 MB) 
[INFO] Number of pre-LRU keys in OldGen: 40
[3.070s][info][gc,start       ] GC(56) Pause Young (Mixed) (G1 Preventive Collection)
[3.070s][info][gc,task        ] GC(56) Using 23 workers of 23 for evacuation
[3.078s][info][gc             ] GC(56) To-space exhausted
[3.078s][info][gc,phases      ] GC(56)   Pre Evacuate Collection Set: 0.1ms
[3.078s][info][gc,phases      ] GC(56)   Merge Heap Roots: 0.6ms
[3.078s][info][gc,phases      ] GC(56)   Evacuate Collection Set: 5.5ms
[3.078s][info][gc,phases      ] GC(56)   Post Evacuate Collection Set: 1.1ms
[3.078s][info][gc,phases      ] GC(56)   Other: 0.1ms
[3.078s][info][gc,heap        ] GC(56) Eden regions: 33->0(44)
[3.078s][info][gc,heap        ] GC(56) Survivor regions: 7->7(7)
[3.078s][info][gc,heap        ] GC(56) Old regions: 907->1015
[3.078s][info][gc,heap        ] GC(56) Archive regions: 0->0
[3.078s][info][gc,heap        ] GC(56) Humongous regions: 2->2
[3.078s][info][gc,metaspace   ] GC(56) Metaspace: 8176K(8384K)->8176K(8384K) NonClass: 7445K(7552K)->7445K(7552K) Class: 731K(832K)->731K(832K)
[3.078s][info][gc             ] GC(56) Pause Young (Mixed) (G1 Preventive Collection) 947M->1022M(1024M) 7.404ms
[3.078s][info][gc,cpu         ] GC(56) User=0.15s Sys=0.00s Real=0.01s
[3.078s][info][gc,ergo        ] Attempting full compaction
[3.078s][info][gc,task        ] GC(57) Using 23 workers of 23 for full compaction
[3.078s][info][gc,start       ] GC(57) Pause Full (G1 Compaction Pause)
[3.078s][info][gc,phases,start] GC(57) Phase 1: Mark live objects
[3.082s][info][gc,phases      ] GC(57) Phase 1: Mark live objects 4.613ms
[3.082s][info][gc,phases,start] GC(57) Phase 2: Prepare for compaction
[3.084s][info][gc,phases      ] GC(57) Phase 2: Prepare for compaction 1.549ms
[3.084s][info][gc,phases,start] GC(57) Phase 3: Adjust pointers
[3.086s][info][gc,phases      ] GC(57) Phase 3: Adjust pointers 2.432ms
[3.086s][info][gc,phases,start] GC(57) Phase 4: Compact heap
[3.107s][info][gc,phases      ] GC(57) Phase 4: Compact heap 20.750ms
[3.108s][info][gc,heap        ] GC(57) Eden regions: 0->0(91)
[3.108s][info][gc,heap        ] GC(57) Survivor regions: 7->0(7)
[3.108s][info][gc,heap        ] GC(57) Old regions: 1015->640
[3.108s][info][gc,heap        ] GC(57) Archive regions: 0->0
[3.108s][info][gc,heap        ] GC(57) Humongous regions: 2->2
[3.108s][info][gc,metaspace   ] GC(57) Metaspace: 8176K(8384K)->8176K(8384K) NonClass: 7445K(7552K)->7445K(7552K) Class: 731K(832K)->731K(832K)
[3.108s][info][gc             ] GC(57) Pause Full (G1 Compaction Pause) 1022M->630M(1024M) 30.310ms
[3.108s][info][gc,cpu         ] GC(57) User=0.51s Sys=0.00s Real=0.03s
[INFO] Iteration: 7900000
[INFO] JVM Uptime: 3.12 seconds, OldGen Region Count: 640, OldGen Used Memory: 628.49 MB, OldGen Live Memory: 628.49 MB, Total count of old regions to be freed 0, Estimated memory to be freed: 0.00 MB, Estimated OldGen object count: 160893
[INFO] Average Region used: 98.20 %, Live percent of used: 100.00 %, Live percent of region size: 98.20 % 
[INFO] Number of keys in OldGen: 152904, Gap with estimated OldGen object: 7989 (31 MB) 
[INFO] Number of pre-LRU keys in OldGen: 89
[INFO] Iteration: 8000000
[INFO] JVM Uptime: 3.14 seconds, OldGen Region Count: 640, OldGen Used Memory: 628.49 MB, OldGen Live Memory: 628.49 MB, Total count of old regions to be freed 0, Estimated memory to be freed: 0.00 MB, Estimated OldGen object count: 160893
[INFO] Average Region used: 98.20 %, Live percent of used: 100.00 %, Live percent of region size: 98.20 % 
[INFO] Number of keys in OldGen: 147806, Gap with estimated OldGen object: 13087 (51 MB) 
[INFO] Number of pre-LRU keys in OldGen: 46
[INFO] Iteration: 8100000
[INFO] JVM Uptime: 3.16 seconds, OldGen Region Count: 640, OldGen Used Memory: 628.49 MB, OldGen Live Memory: 628.49 MB, Total count of old regions to be freed 0, Estimated memory to be freed: 0.00 MB, Estimated OldGen object count: 160893
[INFO] Average Region used: 98.20 %, Live percent of used: 100.00 %, Live percent of region size: 98.20 % 
[INFO] Number of keys in OldGen: 142869, Gap with estimated OldGen object: 18024 (70 MB) 
[INFO] Number of pre-LRU keys in OldGen: 69
[INFO] Iteration: 8200000
[INFO] JVM Uptime: 3.18 seconds, OldGen Region Count: 640, OldGen Used Memory: 628.49 MB, OldGen Live Memory: 628.49 MB, Total count of old regions to be freed 0, Estimated memory to be freed: 0.00 MB, Estimated OldGen object count: 160893
[INFO] Average Region used: 98.20 %, Live percent of used: 100.00 %, Live percent of region size: 98.20 % 
[INFO] Number of keys in OldGen: 137947, Gap with estimated OldGen object: 22946 (89 MB) 
[INFO] Number of pre-LRU keys in OldGen: 68
[3.198s][info][gc,start       ] GC(58) Pause Young (Concurrent Start) (G1 Evacuation Pause)
[3.198s][info][gc,task        ] GC(58) Using 23 workers of 23 for evacuation
[3.205s][info][gc,phases      ] GC(58)   Pre Evacuate Collection Set: 0.3ms
[3.205s][info][gc,phases      ] GC(58)   Merge Heap Roots: 0.4ms
[3.205s][info][gc,phases      ] GC(58)   Evacuate Collection Set: 5.5ms
[3.205s][info][gc,phases      ] GC(58)   Post Evacuate Collection Set: 0.2ms
[3.205s][info][gc,phases      ] GC(58)   Other: 0.1ms
[3.205s][info][gc,heap        ] GC(58) Eden regions: 91->0(61)
[3.205s][info][gc,heap        ] GC(58) Survivor regions: 0->12(12)
[3.205s][info][gc,heap        ] GC(58) Old regions: 640->718
[3.205s][info][gc,heap        ] GC(58) Archive regions: 0->0
[3.205s][info][gc,heap        ] GC(58) Humongous regions: 2->2
[3.205s][info][gc,metaspace   ] GC(58) Metaspace: 8176K(8384K)->8176K(8384K) NonClass: 7445K(7552K)->7445K(7552K) Class: 731K(832K)->731K(832K)
[3.205s][info][gc             ] GC(58) Pause Young (Concurrent Start) (G1 Evacuation Pause) 721M->720M(1024M) 6.612ms
[3.205s][info][gc,cpu         ] GC(58) User=0.12s Sys=0.00s Real=0.00s
[3.205s][info][gc             ] GC(59) Concurrent Mark Cycle
[3.205s][info][gc,marking     ] GC(59) Concurrent Clear Claimed Marks
[3.205s][info][gc,marking     ] GC(59) Concurrent Clear Claimed Marks 0.009ms
[3.205s][info][gc,marking     ] GC(59) Concurrent Scan Root Regions
[3.206s][info][gc,marking     ] GC(59) Concurrent Scan Root Regions 0.906ms
[3.206s][info][gc,marking     ] GC(59) Concurrent Mark
[3.206s][info][gc,marking     ] GC(59) Concurrent Mark From Roots
[3.206s][info][gc,task        ] GC(59) Using 6 workers of 6 for marking
[3.212s][info][gc,marking     ] GC(59) Concurrent Mark From Roots 5.921ms
[3.212s][info][gc,marking     ] GC(59) Concurrent Preclean
[3.212s][info][gc,marking     ] GC(59) Concurrent Preclean 0.076ms
[3.212s][info][gc,start       ] GC(59) Pause Remark
[3.213s][info][gc             ] GC(59) Pause Remark 726M->726M(1024M) 1.449ms
[3.213s][info][gc,cpu         ] GC(59) User=0.00s Sys=0.00s Real=0.00s
[3.214s][info][gc,marking     ] GC(59) Concurrent Mark 7.804ms
[3.214s][info][gc,marking     ] GC(59) Concurrent Rebuild Remembered Sets
[INFO] Iteration: 8300000
[3.221s][info][gc,marking     ] GC(59) Concurrent Rebuild Remembered Sets 7.808ms
[3.222s][info][gc,start       ] GC(59) Pause Cleanup
[3.222s][info][gc             ] GC(59) Pause Cleanup 733M->733M(1024M) 0.352ms
[3.222s][info][gc,cpu         ] GC(59) User=0.00s Sys=0.00s Real=0.00s
[3.222s][info][gc,marking     ] GC(59) Concurrent Cleanup for Next Mark
[3.222s][info][gc,marking     ] GC(59) Concurrent Cleanup for Next Mark 0.451ms
[3.223s][info][gc             ] GC(59) Concurrent Mark Cycle 17.658ms
[INFO] JVM Uptime: 3.22 seconds, OldGen Region Count: 718, OldGen Used Memory: 706.49 MB, OldGen Live Memory: 620.35 MB, Total count of old regions to be freed 35, Estimated memory to be freed: 6.22 MB, Estimated OldGen object count: 180861
[INFO] Average Region used: 98.40 %, Live percent of used: 87.81 %, Live percent of region size: 86.40 % 
[INFO] Number of keys in OldGen: 151161, Gap with estimated OldGen object: 29700 (116 MB) 
[INFO] Number of pre-LRU keys in OldGen: 165
[INFO] Iteration: 8400000
[INFO] JVM Uptime: 3.25 seconds, OldGen Region Count: 718, OldGen Used Memory: 706.49 MB, OldGen Live Memory: 620.35 MB, Total count of old regions to be freed 35, Estimated memory to be freed: 6.22 MB, Estimated OldGen object count: 180861
[INFO] Average Region used: 98.40 %, Live percent of used: 87.81 %, Live percent of region size: 86.40 % 
[INFO] Number of keys in OldGen: 146192, Gap with estimated OldGen object: 34669 (135 MB) 
[INFO] Number of pre-LRU keys in OldGen: 52
[INFO] Iteration: 8500000
[INFO] JVM Uptime: 3.27 seconds, OldGen Region Count: 718, OldGen Used Memory: 706.49 MB, OldGen Live Memory: 620.35 MB, Total count of old regions to be freed 35, Estimated memory to be freed: 6.22 MB, Estimated OldGen object count: 180861
[INFO] Average Region used: 98.40 %, Live percent of used: 87.81 %, Live percent of region size: 86.40 % 
[INFO] Number of keys in OldGen: 141330, Gap with estimated OldGen object: 39531 (154 MB) 
[INFO] Number of pre-LRU keys in OldGen: 59
[3.278s][info][gc,start       ] GC(60) Pause Young (Prepare Mixed) (G1 Evacuation Pause)
[3.278s][info][gc,task        ] GC(60) Using 23 workers of 23 for evacuation
[3.285s][info][gc,phases      ] GC(60)   Pre Evacuate Collection Set: 0.1ms
[3.285s][info][gc,phases      ] GC(60)   Merge Heap Roots: 0.5ms
[3.285s][info][gc,phases      ] GC(60)   Evacuate Collection Set: 5.2ms
[3.285s][info][gc,phases      ] GC(60)   Post Evacuate Collection Set: 0.4ms
[3.285s][info][gc,phases      ] GC(60)   Other: 0.1ms
[3.285s][info][gc,heap        ] GC(60) Eden regions: 61->0(41)
[3.285s][info][gc,heap        ] GC(60) Survivor regions: 12->10(10)
[3.285s][info][gc,heap        ] GC(60) Old regions: 718->782
[3.285s][info][gc,heap        ] GC(60) Archive regions: 0->0
[3.285s][info][gc,heap        ] GC(60) Humongous regions: 2->2
[3.285s][info][gc,metaspace   ] GC(60) Metaspace: 8176K(8384K)->8176K(8384K) NonClass: 7445K(7552K)->7445K(7552K) Class: 731K(832K)->731K(832K)
[3.285s][info][gc             ] GC(60) Pause Young (Prepare Mixed) (G1 Evacuation Pause) 781M->781M(1024M) 6.276ms
[3.285s][info][gc,cpu         ] GC(60) User=0.11s Sys=0.00s Real=0.00s
[INFO] Iteration: 8600000
[INFO] JVM Uptime: 3.30 seconds, OldGen Region Count: 782, OldGen Used Memory: 769.99 MB, OldGen Live Memory: 683.85 MB, Total count of old regions to be freed 35, Estimated memory to be freed: 6.22 MB, Estimated OldGen object count: 197117
[INFO] Average Region used: 98.46 %, Live percent of used: 88.81 %, Live percent of region size: 87.45 % 
[INFO] Number of keys in OldGen: 150818, Gap with estimated OldGen object: 46299 (180 MB) 
[INFO] Number of pre-LRU keys in OldGen: 105
[INFO] Iteration: 8700000
[INFO] JVM Uptime: 3.32 seconds, OldGen Region Count: 782, OldGen Used Memory: 769.99 MB, OldGen Live Memory: 683.85 MB, Total count of old regions to be freed 35, Estimated memory to be freed: 6.22 MB, Estimated OldGen object count: 197117
[INFO] Average Region used: 98.46 %, Live percent of used: 88.81 %, Live percent of region size: 87.45 % 
[INFO] Number of keys in OldGen: 145896, Gap with estimated OldGen object: 51221 (200 MB) 
[INFO] Number of pre-LRU keys in OldGen: 65
[3.330s][info][gc,start       ] GC(61) Pause Young (Mixed) (G1 Evacuation Pause)
[3.330s][info][gc,task        ] GC(61) Using 23 workers of 23 for evacuation
[3.337s][info][gc,phases      ] GC(61)   Pre Evacuate Collection Set: 0.1ms
[3.337s][info][gc,phases      ] GC(61)   Merge Heap Roots: 0.5ms
[3.337s][info][gc,phases      ] GC(61)   Evacuate Collection Set: 5.4ms
[3.337s][info][gc,phases      ] GC(61)   Post Evacuate Collection Set: 0.7ms
[3.337s][info][gc,phases      ] GC(61)   Other: 0.1ms
[3.337s][info][gc,heap        ] GC(61) Eden regions: 41->0(44)
[3.337s][info][gc,heap        ] GC(61) Survivor regions: 10->7(7)
[3.337s][info][gc,heap        ] GC(61) Old regions: 782->813
[3.337s][info][gc,heap        ] GC(61) Archive regions: 0->0
[3.337s][info][gc,heap        ] GC(61) Humongous regions: 2->2
[3.337s][info][gc,metaspace   ] GC(61) Metaspace: 8176K(8384K)->8176K(8384K) NonClass: 7445K(7552K)->7445K(7552K) Class: 731K(832K)->731K(832K)
[3.337s][info][gc             ] GC(61) Pause Young (Mixed) (G1 Evacuation Pause) 822M->820M(1024M) 6.845ms
[3.337s][info][gc,cpu         ] GC(61) User=0.12s Sys=0.00s Real=0.01s
[INFO] Iteration: 8800000
[INFO] JVM Uptime: 3.35 seconds, OldGen Region Count: 813, OldGen Used Memory: 811.76 MB, OldGen Live Memory: 728.37 MB, Total count of old regions to be freed 29, Estimated memory to be freed: 5.00 MB, Estimated OldGen object count: 207810
[INFO] Average Region used: 99.85 %, Live percent of used: 89.73 %, Live percent of region size: 89.59 % 
[INFO] Number of keys in OldGen: 151102, Gap with estimated OldGen object: 56708 (221 MB) 
[INFO] Number of pre-LRU keys in OldGen: 76
[INFO] Iteration: 8900000
[INFO] JVM Uptime: 3.37 seconds, OldGen Region Count: 813, OldGen Used Memory: 811.76 MB, OldGen Live Memory: 728.37 MB, Total count of old regions to be freed 29, Estimated memory to be freed: 5.00 MB, Estimated OldGen object count: 207810
[INFO] Average Region used: 99.85 %, Live percent of used: 89.73 %, Live percent of region size: 89.59 % 
[INFO] Number of keys in OldGen: 146099, Gap with estimated OldGen object: 61711 (241 MB) 
[INFO] Number of pre-LRU keys in OldGen: 53
[3.384s][info][gc,start       ] GC(62) Pause Young (Concurrent Start) (G1 Evacuation Pause)
[3.384s][info][gc,task        ] GC(62) Using 23 workers of 23 for evacuation
[3.390s][info][gc,phases      ] GC(62)   Pre Evacuate Collection Set: 0.2ms
[3.390s][info][gc,phases      ] GC(62)   Merge Heap Roots: 0.5ms
[3.390s][info][gc,phases      ] GC(62)   Evacuate Collection Set: 4.8ms
[3.390s][info][gc,phases      ] GC(62)   Post Evacuate Collection Set: 0.6ms
[3.390s][info][gc,phases      ] GC(62)   Other: 0.1ms
[3.390s][info][gc,heap        ] GC(62) Eden regions: 44->0(44)
[3.390s][info][gc,heap        ] GC(62) Survivor regions: 7->7(7)
[3.390s][info][gc,heap        ] GC(62) Old regions: 813->860
[3.390s][info][gc,heap        ] GC(62) Archive regions: 0->0
[3.390s][info][gc,heap        ] GC(62) Humongous regions: 2->2
[3.390s][info][gc,metaspace   ] GC(62) Metaspace: 8176K(8384K)->8176K(8384K) NonClass: 7445K(7552K)->7445K(7552K) Class: 731K(832K)->731K(832K)
[3.390s][info][gc             ] GC(62) Pause Young (Concurrent Start) (G1 Evacuation Pause) 864M->867M(1024M) 6.219ms
[3.390s][info][gc,cpu         ] GC(62) User=0.11s Sys=0.00s Real=0.01s
[3.390s][info][gc             ] GC(63) Concurrent Mark Cycle
[3.390s][info][gc,marking     ] GC(63) Concurrent Clear Claimed Marks
[3.390s][info][gc,marking     ] GC(63) Concurrent Clear Claimed Marks 0.010ms
[3.390s][info][gc,marking     ] GC(63) Concurrent Scan Root Regions
[3.391s][info][gc,marking     ] GC(63) Concurrent Scan Root Regions 0.824ms
[3.391s][info][gc,marking     ] GC(63) Concurrent Mark
[3.391s][info][gc,marking     ] GC(63) Concurrent Mark From Roots
[3.391s][info][gc,task        ] GC(63) Using 6 workers of 6 for marking
[3.398s][info][gc,marking     ] GC(63) Concurrent Mark From Roots 7.322ms
[3.399s][info][gc,marking     ] GC(63) Concurrent Preclean
[3.399s][info][gc,marking     ] GC(63) Concurrent Preclean 0.106ms
[3.399s][info][gc,start       ] GC(63) Pause Remark
[3.401s][info][gc             ] GC(63) Pause Remark 875M->875M(1024M) 1.855ms
[3.401s][info][gc,cpu         ] GC(63) User=0.01s Sys=0.00s Real=0.00s
[3.401s][info][gc,marking     ] GC(63) Concurrent Mark 9.825ms
[3.401s][info][gc,marking     ] GC(63) Concurrent Rebuild Remembered Sets
[INFO] Iteration: 9000000
[3.413s][info][gc,marking     ] GC(63) Concurrent Rebuild Remembered Sets 12.448ms
[3.414s][info][gc,start       ] GC(63) Pause Cleanup
[3.414s][info][gc             ] GC(63) Pause Cleanup 886M->886M(1024M) 0.398ms
[3.414s][info][gc,cpu         ] GC(63) User=0.00s Sys=0.00s Real=0.00s
[3.414s][info][gc,marking     ] GC(63) Concurrent Cleanup for Next Mark
[3.414s][info][gc,marking     ] GC(63) Concurrent Cleanup for Next Mark 0.341ms
[3.414s][info][gc             ] GC(63) Concurrent Mark Cycle 24.046ms
[INFO] JVM Uptime: 3.41 seconds, OldGen Region Count: 860, OldGen Used Memory: 858.76 MB, OldGen Live Memory: 625.76 MB, Total count of old regions to be freed 219, Estimated memory to be freed: 68.86 MB, Estimated OldGen object count: 219842
[INFO] Average Region used: 99.86 %, Live percent of used: 72.87 %, Live percent of region size: 72.76 % 
[INFO] Number of keys in OldGen: 151327, Gap with estimated OldGen object: 68515 (267 MB) 
[INFO] Number of pre-LRU keys in OldGen: 89
[INFO] Iteration: 9100000
[INFO] JVM Uptime: 3.44 seconds, OldGen Region Count: 860, OldGen Used Memory: 858.76 MB, OldGen Live Memory: 625.76 MB, Total count of old regions to be freed 219, Estimated memory to be freed: 68.86 MB, Estimated OldGen object count: 219842
[INFO] Average Region used: 99.86 %, Live percent of used: 72.87 %, Live percent of region size: 72.76 % 
[INFO] Number of keys in OldGen: 146342, Gap with estimated OldGen object: 73500 (287 MB) 
[INFO] Number of pre-LRU keys in OldGen: 54
[3.451s][info][gc,start       ] GC(64) Pause Young (Prepare Mixed) (G1 Evacuation Pause)
[3.451s][info][gc,task        ] GC(64) Using 23 workers of 23 for evacuation
[3.456s][info][gc,phases      ] GC(64)   Pre Evacuate Collection Set: 0.1ms
[3.456s][info][gc,phases      ] GC(64)   Merge Heap Roots: 0.4ms
[3.456s][info][gc,phases      ] GC(64)   Evacuate Collection Set: 4.5ms
[3.456s][info][gc,phases      ] GC(64)   Post Evacuate Collection Set: 0.5ms
[3.456s][info][gc,phases      ] GC(64)   Other: 0.1ms
[3.456s][info][gc,heap        ] GC(64) Eden regions: 44->0(44)
[3.456s][info][gc,heap        ] GC(64) Survivor regions: 7->7(7)
[3.456s][info][gc,heap        ] GC(64) Old regions: 860->905
[3.456s][info][gc,heap        ] GC(64) Archive regions: 0->0
[3.456s][info][gc,heap        ] GC(64) Humongous regions: 2->2
[3.456s][info][gc,metaspace   ] GC(64) Metaspace: 8176K(8384K)->8176K(8384K) NonClass: 7445K(7552K)->7445K(7552K) Class: 731K(832K)->731K(832K)
[3.456s][info][gc             ] GC(64) Pause Young (Prepare Mixed) (G1 Evacuation Pause) 911M->912M(1024M) 5.575ms
[3.456s][info][gc,cpu         ] GC(64) User=0.11s Sys=0.00s Real=0.00s
[INFO] Iteration: 9200000
[INFO] JVM Uptime: 3.47 seconds, OldGen Region Count: 905, OldGen Used Memory: 903.76 MB, OldGen Live Memory: 670.76 MB, Total count of old regions to be freed 219, Estimated memory to be freed: 68.86 MB, Estimated OldGen object count: 231362
[INFO] Average Region used: 99.86 %, Live percent of used: 74.22 %, Live percent of region size: 74.12 % 
[INFO] Number of keys in OldGen: 151547, Gap with estimated OldGen object: 79815 (311 MB) 
[INFO] Number of pre-LRU keys in OldGen: 100
[3.490s][info][gc,start       ] GC(65) Pause Young (Mixed) (G1 Preventive Collection)
[3.490s][info][gc,task        ] GC(65) Using 23 workers of 23 for evacuation
[3.499s][info][gc             ] GC(65) To-space exhausted
[3.499s][info][gc,phases      ] GC(65)   Pre Evacuate Collection Set: 0.4ms
[3.499s][info][gc,phases      ] GC(65)   Merge Heap Roots: 0.7ms
[3.499s][info][gc,phases      ] GC(65)   Evacuate Collection Set: 6.1ms
[3.499s][info][gc,phases      ] GC(65)   Post Evacuate Collection Set: 1.6ms
[3.499s][info][gc,phases      ] GC(65)   Other: 0.1ms
[3.499s][info][gc,heap        ] GC(65) Eden regions: 32->0(44)
[3.499s][info][gc,heap        ] GC(65) Survivor regions: 7->7(7)
[3.499s][info][gc,heap        ] GC(65) Old regions: 905->1014
[3.499s][info][gc,heap        ] GC(65) Archive regions: 0->0
[3.499s][info][gc,heap        ] GC(65) Humongous regions: 2->2
[3.499s][info][gc,metaspace   ] GC(65) Metaspace: 8176K(8384K)->8176K(8384K) NonClass: 7445K(7552K)->7445K(7552K) Class: 731K(832K)->731K(832K)
[3.499s][info][gc             ] GC(65) Pause Young (Mixed) (G1 Preventive Collection) 944M->1021M(1024M) 8.946ms
[3.499s][info][gc,cpu         ] GC(65) User=0.17s Sys=0.00s Real=0.01s
[3.501s][info][gc,start       ] GC(66) Pause Young (Mixed) (G1 Evacuation Pause)
[3.501s][info][gc,task        ] GC(66) Using 23 workers of 23 for evacuation
[3.506s][info][gc             ] GC(66) To-space exhausted
[3.506s][info][gc,phases      ] GC(66)   Pre Evacuate Collection Set: 0.2ms
[3.506s][info][gc,phases      ] GC(66)   Merge Heap Roots: 0.6ms
[3.506s][info][gc,phases      ] GC(66)   Evacuate Collection Set: 3.6ms
[3.506s][info][gc,phases      ] GC(66)   Post Evacuate Collection Set: 1.0ms
[3.506s][info][gc,phases      ] GC(66)   Other: 0.1ms
[3.506s][info][gc,heap        ] GC(66) Eden regions: 1->0(51)
[3.506s][info][gc,heap        ] GC(66) Survivor regions: 7->0(0)
[3.506s][info][gc,heap        ] GC(66) Old regions: 1014->1022
[3.506s][info][gc,heap        ] GC(66) Archive regions: 0->0
[3.506s][info][gc,heap        ] GC(66) Humongous regions: 2->2
[3.506s][info][gc,metaspace   ] GC(66) Metaspace: 8176K(8384K)->8176K(8384K) NonClass: 7445K(7552K)->7445K(7552K) Class: 731K(832K)->731K(832K)
[3.506s][info][gc             ] GC(66) Pause Young (Mixed) (G1 Evacuation Pause) 1022M->1022M(1024M) 5.471ms
[3.506s][info][gc,cpu         ] GC(66) User=0.09s Sys=0.00s Real=0.00s
[3.506s][info][gc,ergo        ] Attempting full compaction
[3.506s][info][gc,task        ] GC(67) Using 23 workers of 23 for full compaction
[3.506s][info][gc,start       ] GC(67) Pause Full (G1 Compaction Pause)
[3.506s][info][gc,phases,start] GC(67) Phase 1: Mark live objects
[3.511s][info][gc,phases      ] GC(67) Phase 1: Mark live objects 4.656ms
[3.511s][info][gc,phases,start] GC(67) Phase 2: Prepare for compaction
[3.513s][info][gc,phases      ] GC(67) Phase 2: Prepare for compaction 1.710ms
[3.513s][info][gc,phases,start] GC(67) Phase 3: Adjust pointers
[3.515s][info][gc,phases      ] GC(67) Phase 3: Adjust pointers 2.602ms
[3.515s][info][gc,phases,start] GC(67) Phase 4: Compact heap
[3.537s][info][gc,phases      ] GC(67) Phase 4: Compact heap 21.238ms
[3.538s][info][gc,heap        ] GC(67) Eden regions: 0->0(91)
[3.538s][info][gc,heap        ] GC(67) Survivor regions: 0->0(0)
[3.538s][info][gc,heap        ] GC(67) Old regions: 1022->640
[3.538s][info][gc,heap        ] GC(67) Archive regions: 0->0
[3.538s][info][gc,heap        ] GC(67) Humongous regions: 2->2
[3.538s][info][gc,metaspace   ] GC(67) Metaspace: 8176K(8384K)->8176K(8384K) NonClass: 7445K(7552K)->7445K(7552K) Class: 731K(832K)->731K(832K)
[3.538s][info][gc             ] GC(67) Pause Full (G1 Compaction Pause) 1022M->630M(1024M) 31.665ms
[3.538s][info][gc,cpu         ] GC(67) User=0.51s Sys=0.01s Real=0.04s
[INFO] Iteration: 9300000
[INFO] JVM Uptime: 3.54 seconds, OldGen Region Count: 640, OldGen Used Memory: 628.42 MB, OldGen Live Memory: 628.42 MB, Total count of old regions to be freed 0, Estimated memory to be freed: 0.00 MB, Estimated OldGen object count: 160876
[INFO] Average Region used: 98.19 %, Live percent of used: 100.00 %, Live percent of region size: 98.19 % 
[INFO] Number of keys in OldGen: 156044, Gap with estimated OldGen object: 4832 (18 MB) 
[INFO] Number of pre-LRU keys in OldGen: 365
[INFO] Iteration: 9400000
[INFO] JVM Uptime: 3.57 seconds, OldGen Region Count: 640, OldGen Used Memory: 628.42 MB, OldGen Live Memory: 628.42 MB, Total count of old regions to be freed 0, Estimated memory to be freed: 0.00 MB, Estimated OldGen object count: 160876
[INFO] Average Region used: 98.19 %, Live percent of used: 100.00 %, Live percent of region size: 98.19 % 
[INFO] Number of keys in OldGen: 151080, Gap with estimated OldGen object: 9796 (38 MB) 
[INFO] Number of pre-LRU keys in OldGen: 53
[INFO] Iteration: 9500000
[INFO] JVM Uptime: 3.59 seconds, OldGen Region Count: 640, OldGen Used Memory: 628.42 MB, OldGen Live Memory: 628.42 MB, Total count of old regions to be freed 0, Estimated memory to be freed: 0.00 MB, Estimated OldGen object count: 160876
[INFO] Average Region used: 98.19 %, Live percent of used: 100.00 %, Live percent of region size: 98.19 % 
[INFO] Number of keys in OldGen: 146158, Gap with estimated OldGen object: 14718 (57 MB) 
[INFO] Number of pre-LRU keys in OldGen: 50
[INFO] Iteration: 9600000
[INFO] JVM Uptime: 3.61 seconds, OldGen Region Count: 640, OldGen Used Memory: 628.42 MB, OldGen Live Memory: 628.42 MB, Total count of old regions to be freed 0, Estimated memory to be freed: 0.00 MB, Estimated OldGen object count: 160876
[INFO] Average Region used: 98.19 %, Live percent of used: 100.00 %, Live percent of region size: 98.19 % 
[INFO] Number of keys in OldGen: 141239, Gap with estimated OldGen object: 19637 (76 MB) 
[INFO] Number of pre-LRU keys in OldGen: 79
[INFO] Iteration: 9700000
[INFO] JVM Uptime: 3.63 seconds, OldGen Region Count: 640, OldGen Used Memory: 628.42 MB, OldGen Live Memory: 628.42 MB, Total count of old regions to be freed 0, Estimated memory to be freed: 0.00 MB, Estimated OldGen object count: 160876
[INFO] Average Region used: 98.19 %, Live percent of used: 100.00 %, Live percent of region size: 98.19 % 
[INFO] Number of keys in OldGen: 136331, Gap with estimated OldGen object: 24545 (95 MB) 
[INFO] Number of pre-LRU keys in OldGen: 56
[3.643s][info][gc,start       ] GC(68) Pause Young (Concurrent Start) (G1 Evacuation Pause)
[3.643s][info][gc,task        ] GC(68) Using 23 workers of 23 for evacuation
[3.650s][info][gc,phases      ] GC(68)   Pre Evacuate Collection Set: 0.3ms
[3.650s][info][gc,phases      ] GC(68)   Merge Heap Roots: 0.5ms
[3.650s][info][gc,phases      ] GC(68)   Evacuate Collection Set: 5.5ms
[3.650s][info][gc,phases      ] GC(68)   Post Evacuate Collection Set: 0.6ms
[3.650s][info][gc,phases      ] GC(68)   Other: 0.2ms
[3.650s][info][gc,heap        ] GC(68) Eden regions: 91->0(62)
[3.650s][info][gc,heap        ] GC(68) Survivor regions: 0->12(12)
[3.650s][info][gc,heap        ] GC(68) Old regions: 640->715
[3.650s][info][gc,heap        ] GC(68) Archive regions: 0->0
[3.650s][info][gc,heap        ] GC(68) Humongous regions: 2->2
[3.650s][info][gc,metaspace   ] GC(68) Metaspace: 8176K(8384K)->8176K(8384K) NonClass: 7445K(7552K)->7445K(7552K) Class: 731K(832K)->731K(832K)
[3.650s][info][gc             ] GC(68) Pause Young (Concurrent Start) (G1 Evacuation Pause) 721M->717M(1024M) 7.067ms
[3.650s][info][gc,cpu         ] GC(68) User=0.12s Sys=0.00s Real=0.01s
[3.650s][info][gc             ] GC(69) Concurrent Mark Cycle
[3.650s][info][gc,marking     ] GC(69) Concurrent Clear Claimed Marks
[3.650s][info][gc,marking     ] GC(69) Concurrent Clear Claimed Marks 0.009ms
[3.650s][info][gc,marking     ] GC(69) Concurrent Scan Root Regions
[3.651s][info][gc,marking     ] GC(69) Concurrent Scan Root Regions 1.114ms
[3.651s][info][gc,marking     ] GC(69) Concurrent Mark
[3.651s][info][gc,marking     ] GC(69) Concurrent Mark From Roots
[3.651s][info][gc,task        ] GC(69) Using 6 workers of 6 for marking
[3.658s][info][gc,marking     ] GC(69) Concurrent Mark From Roots 6.946ms
[3.658s][info][gc,marking     ] GC(69) Concurrent Preclean
[3.659s][info][gc,marking     ] GC(69) Concurrent Preclean 0.090ms
[3.659s][info][gc,start       ] GC(69) Pause Remark
[3.661s][info][gc             ] GC(69) Pause Remark 724M->724M(1024M) 1.875ms
[3.661s][info][gc,cpu         ] GC(69) User=0.00s Sys=0.00s Real=0.00s
[3.661s][info][gc,marking     ] GC(69) Concurrent Mark 9.221ms
[3.661s][info][gc,marking     ] GC(69) Concurrent Rebuild Remembered Sets
[3.669s][info][gc,marking     ] GC(69) Concurrent Rebuild Remembered Sets 7.905ms
[3.669s][info][gc,start       ] GC(69) Pause Cleanup
[3.669s][info][gc             ] GC(69) Pause Cleanup 732M->732M(1024M) 0.495ms
[3.669s][info][gc,cpu         ] GC(69) User=0.00s Sys=0.00s Real=0.00s
[3.670s][info][gc,marking     ] GC(69) Concurrent Cleanup for Next Mark
[3.670s][info][gc,marking     ] GC(69) Concurrent Cleanup for Next Mark 0.533ms
[3.670s][info][gc             ] GC(69) Concurrent Mark Cycle 19.835ms
[INFO] Iteration: 9800000
[INFO] JVM Uptime: 3.67 seconds, OldGen Region Count: 715, OldGen Used Memory: 703.39 MB, OldGen Live Memory: 617.40 MB, Total count of old regions to be freed 39, Estimated memory to be freed: 6.92 MB, Estimated OldGen object count: 180067
[INFO] Average Region used: 98.38 %, Live percent of used: 87.77 %, Live percent of region size: 86.35 % 
[INFO] Number of keys in OldGen: 149482, Gap with estimated OldGen object: 30585 (119 MB) 
[INFO] Number of pre-LRU keys in OldGen: 67
[INFO] Iteration: 9900000
[INFO] JVM Uptime: 3.70 seconds, OldGen Region Count: 715, OldGen Used Memory: 703.39 MB, OldGen Live Memory: 617.40 MB, Total count of old regions to be freed 39, Estimated memory to be freed: 6.92 MB, Estimated OldGen object count: 180067
[INFO] Average Region used: 98.38 %, Live percent of used: 87.77 %, Live percent of region size: 86.35 % 
[INFO] Number of keys in OldGen: 144612, Gap with estimated OldGen object: 35455 (138 MB) 
[INFO] Number of pre-LRU keys in OldGen: 59
[3.717s][info][gc,start       ] GC(70) Pause Young (Prepare Mixed) (G1 Evacuation Pause)
[3.717s][info][gc,task        ] GC(70) Using 23 workers of 23 for evacuation
[3.724s][info][gc,phases      ] GC(70)   Pre Evacuate Collection Set: 0.2ms
[3.724s][info][gc,phases      ] GC(70)   Merge Heap Roots: 0.6ms
[3.724s][info][gc,phases      ] GC(70)   Evacuate Collection Set: 5.2ms
[3.724s][info][gc,phases      ] GC(70)   Post Evacuate Collection Set: 0.9ms
[3.724s][info][gc,phases      ] GC(70)   Other: 0.1ms
[3.724s][info][gc,heap        ] GC(70) Eden regions: 62->0(41)
[3.724s][info][gc,heap        ] GC(70) Survivor regions: 12->10(10)
[3.724s][info][gc,heap        ] GC(70) Old regions: 715->781
[3.724s][info][gc,heap        ] GC(70) Archive regions: 0->0
[3.724s][info][gc,heap        ] GC(70) Humongous regions: 2->2
[3.724s][info][gc,metaspace   ] GC(70) Metaspace: 8177K(8384K)->8177K(8384K) NonClass: 7446K(7552K)->7446K(7552K) Class: 731K(832K)->731K(832K)
[3.724s][info][gc             ] GC(70) Pause Young (Prepare Mixed) (G1 Evacuation Pause) 779M->781M(1024M) 7.026ms
[3.724s][info][gc,cpu         ] GC(70) User=0.11s Sys=0.00s Real=0.00s
[INFO] Iteration: 10000000
[INFO] JVM Uptime: 3.73 seconds, OldGen Region Count: 781, OldGen Used Memory: 769.42 MB, OldGen Live Memory: 683.43 MB, Total count of old regions to be freed 39, Estimated memory to be freed: 6.92 MB, Estimated OldGen object count: 196972
[INFO] Average Region used: 98.52 %, Live percent of used: 88.82 %, Live percent of region size: 87.51 % 
[INFO] Number of keys in OldGen: 154346, Gap with estimated OldGen object: 42626 (166 MB) 
[INFO] Number of pre-LRU keys in OldGen: 356
[INFO] Iteration: 10100000
[INFO] JVM Uptime: 3.75 seconds, OldGen Region Count: 781, OldGen Used Memory: 769.42 MB, OldGen Live Memory: 683.43 MB, Total count of old regions to be freed 39, Estimated memory to be freed: 6.92 MB, Estimated OldGen object count: 196972
[INFO] Average Region used: 98.52 %, Live percent of used: 88.82 %, Live percent of region size: 87.51 % 
[INFO] Number of keys in OldGen: 149262, Gap with estimated OldGen object: 47710 (186 MB) 
[INFO] Number of pre-LRU keys in OldGen: 54
[3.774s][info][gc,start       ] GC(71) Pause Young (Mixed) (G1 Evacuation Pause)
[3.774s][info][gc,task        ] GC(71) Using 23 workers of 23 for evacuation
[3.781s][info][gc,phases      ] GC(71)   Pre Evacuate Collection Set: 0.5ms
[3.781s][info][gc,phases      ] GC(71)   Merge Heap Roots: 0.6ms
[3.781s][info][gc,phases      ] GC(71)   Evacuate Collection Set: 5.3ms
[3.781s][info][gc,phases      ] GC(71)   Post Evacuate Collection Set: 0.6ms
[3.781s][info][gc,phases      ] GC(71)   Other: 0.1ms
[3.781s][info][gc,heap        ] GC(71) Eden regions: 41->0(44)
[3.781s][info][gc,heap        ] GC(71) Survivor regions: 10->7(7)
[3.781s][info][gc,heap        ] GC(71) Old regions: 781->813
[3.781s][info][gc,heap        ] GC(71) Archive regions: 0->0
[3.781s][info][gc,heap        ] GC(71) Humongous regions: 2->2
[3.781s][info][gc,metaspace   ] GC(71) Metaspace: 8177K(8384K)->8177K(8384K) NonClass: 7446K(7552K)->7446K(7552K) Class: 731K(832K)->731K(832K)
[3.781s][info][gc             ] GC(71) Pause Young (Mixed) (G1 Evacuation Pause) 822M->820M(1024M) 7.159ms
[3.781s][info][gc,cpu         ] GC(71) User=0.12s Sys=0.00s Real=0.01s
[INFO] Iteration: 10200000
[INFO] JVM Uptime: 3.78 seconds, OldGen Region Count: 813, OldGen Used Memory: 811.29 MB, OldGen Live Memory: 727.81 MB, Total count of old regions to be freed 35, Estimated memory to be freed: 6.08 MB, Estimated OldGen object count: 207689
[INFO] Average Region used: 99.79 %, Live percent of used: 89.71 %, Live percent of region size: 89.52 % 
[INFO] Number of keys in OldGen: 154452, Gap with estimated OldGen object: 53237 (207 MB) 
[INFO] Number of pre-LRU keys in OldGen: 322
[INFO] Iteration: 10300000
[INFO] JVM Uptime: 3.81 seconds, OldGen Region Count: 813, OldGen Used Memory: 811.29 MB, OldGen Live Memory: 727.81 MB, Total count of old regions to be freed 35, Estimated memory to be freed: 6.08 MB, Estimated OldGen object count: 207689
[INFO] Average Region used: 99.79 %, Live percent of used: 89.71 %, Live percent of region size: 89.52 % 
[INFO] Number of keys in OldGen: 149328, Gap with estimated OldGen object: 58361 (227 MB) 
[INFO] Number of pre-LRU keys in OldGen: 44
[3.830s][info][gc,start       ] GC(72) Pause Young (Concurrent Start) (G1 Evacuation Pause)
[3.830s][info][gc,task        ] GC(72) Using 23 workers of 23 for evacuation
[3.836s][info][gc,phases      ] GC(72)   Pre Evacuate Collection Set: 0.3ms
[3.836s][info][gc,phases      ] GC(72)   Merge Heap Roots: 0.5ms
[3.836s][info][gc,phases      ] GC(72)   Evacuate Collection Set: 4.9ms
[3.836s][info][gc,phases      ] GC(72)   Post Evacuate Collection Set: 0.9ms
[3.836s][info][gc,phases      ] GC(72)   Other: 0.2ms
[3.836s][info][gc,heap        ] GC(72) Eden regions: 44->0(44)
[3.836s][info][gc,heap        ] GC(72) Survivor regions: 7->7(7)
[3.836s][info][gc,heap        ] GC(72) Old regions: 813->859
[3.836s][info][gc,heap        ] GC(72) Archive regions: 0->0
[3.837s][info][gc,heap        ] GC(72) Humongous regions: 2->2
[3.837s][info][gc,metaspace   ] GC(72) Metaspace: 8177K(8384K)->8177K(8384K) NonClass: 7446K(7552K)->7446K(7552K) Class: 731K(832K)->731K(832K)
[3.837s][info][gc             ] GC(72) Pause Young (Concurrent Start) (G1 Evacuation Pause) 864M->866M(1024M) 6.805ms
[3.837s][info][gc,cpu         ] GC(72) User=0.09s Sys=0.01s Real=0.00s
[3.837s][info][gc             ] GC(73) Concurrent Mark Cycle
[3.837s][info][gc,marking     ] GC(73) Concurrent Clear Claimed Marks
[3.837s][info][gc,marking     ] GC(73) Concurrent Clear Claimed Marks 0.009ms
[3.837s][info][gc,marking     ] GC(73) Concurrent Scan Root Regions
[3.837s][info][gc,marking     ] GC(73) Concurrent Scan Root Regions 0.723ms
[3.837s][info][gc,marking     ] GC(73) Concurrent Mark
[3.837s][info][gc,marking     ] GC(73) Concurrent Mark From Roots
[3.837s][info][gc,task        ] GC(73) Using 6 workers of 6 for marking
[INFO] Iteration: 10400000
[3.844s][info][gc,marking     ] GC(73) Concurrent Mark From Roots 6.709ms
[3.844s][info][gc,marking     ] GC(73) Concurrent Preclean
[3.844s][info][gc,marking     ] GC(73) Concurrent Preclean 0.097ms
[3.845s][info][gc,start       ] GC(73) Pause Remark
[3.846s][info][gc             ] GC(73) Pause Remark 870M->870M(1024M) 1.750ms
[3.846s][info][gc,cpu         ] GC(73) User=0.00s Sys=0.00s Real=0.00s
[3.846s][info][gc,marking     ] GC(73) Concurrent Mark 8.916ms
[3.846s][info][gc,marking     ] GC(73) Concurrent Rebuild Remembered Sets
[INFO] JVM Uptime: 3.84 seconds, OldGen Region Count: 859, OldGen Used Memory: 857.26 MB, OldGen Live Memory: 773.78 MB, Total count of old regions to be freed 35, Estimated memory to be freed: 6.08 MB, Estimated OldGen object count: 219458
[INFO] Average Region used: 99.80 %, Live percent of used: 90.26 %, Live percent of region size: 90.08 % 
[INFO] Number of keys in OldGen: 154500, Gap with estimated OldGen object: 64958 (253 MB) 
[INFO] Number of pre-LRU keys in OldGen: 334
[3.859s][info][gc,marking     ] GC(73) Concurrent Rebuild Remembered Sets 12.890ms
[3.860s][info][gc,start       ] GC(73) Pause Cleanup
[3.860s][info][gc             ] GC(73) Pause Cleanup 871M->871M(1024M) 0.584ms
[3.860s][info][gc,cpu         ] GC(73) User=0.00s Sys=0.00s Real=0.00s
[3.860s][info][gc,marking     ] GC(73) Concurrent Cleanup for Next Mark
[3.861s][info][gc,marking     ] GC(73) Concurrent Cleanup for Next Mark 0.534ms
[3.861s][info][gc             ] GC(73) Concurrent Mark Cycle 24.214ms
[INFO] Iteration: 10500000
[INFO] JVM Uptime: 3.87 seconds, OldGen Region Count: 859, OldGen Used Memory: 857.26 MB, OldGen Live Memory: 624.67 MB, Total count of old regions to be freed 232, Estimated memory to be freed: 71.56 MB, Estimated OldGen object count: 219458
[INFO] Average Region used: 99.80 %, Live percent of used: 72.87 %, Live percent of region size: 72.72 % 
[INFO] Number of keys in OldGen: 149557, Gap with estimated OldGen object: 69901 (273 MB) 
[INFO] Number of pre-LRU keys in OldGen: 60
[3.895s][info][gc,start       ] GC(74) Pause Young (Prepare Mixed) (G1 Evacuation Pause)
[3.895s][info][gc,task        ] GC(74) Using 23 workers of 23 for evacuation
[3.901s][info][gc,phases      ] GC(74)   Pre Evacuate Collection Set: 0.3ms
[3.901s][info][gc,phases      ] GC(74)   Merge Heap Roots: 0.5ms
[3.901s][info][gc,phases      ] GC(74)   Evacuate Collection Set: 4.5ms
[3.901s][info][gc,phases      ] GC(74)   Post Evacuate Collection Set: 1.1ms
[3.901s][info][gc,phases      ] GC(74)   Other: 0.1ms
[3.901s][info][gc,heap        ] GC(74) Eden regions: 44->0(44)
[3.901s][info][gc,heap        ] GC(74) Survivor regions: 7->7(7)
[3.901s][info][gc,heap        ] GC(74) Old regions: 859->903
[3.901s][info][gc,heap        ] GC(74) Archive regions: 0->0
[3.901s][info][gc,heap        ] GC(74) Humongous regions: 2->2
[3.901s][info][gc,metaspace   ] GC(74) Metaspace: 8177K(8384K)->8177K(8384K) NonClass: 7446K(7552K)->7446K(7552K) Class: 731K(832K)->731K(832K)
[3.901s][info][gc             ] GC(74) Pause Young (Prepare Mixed) (G1 Evacuation Pause) 910M->910M(1024M) 6.507ms
[3.901s][info][gc,cpu         ] GC(74) User=0.10s Sys=0.00s Real=0.01s
[INFO] Iteration: 10600000
[INFO] JVM Uptime: 3.90 seconds, OldGen Region Count: 903, OldGen Used Memory: 901.55 MB, OldGen Live Memory: 668.97 MB, Total count of old regions to be freed 232, Estimated memory to be freed: 71.56 MB, Estimated OldGen object count: 230797
[INFO] Average Region used: 99.84 %, Live percent of used: 74.20 %, Live percent of region size: 74.08 % 
[INFO] Number of keys in OldGen: 154895, Gap with estimated OldGen object: 75902 (296 MB) 
[INFO] Number of pre-LRU keys in OldGen: 349
[INFO] Iteration: 10700000
[INFO] JVM Uptime: 3.93 seconds, OldGen Region Count: 903, OldGen Used Memory: 901.55 MB, OldGen Live Memory: 668.97 MB, Total count of old regions to be freed 232, Estimated memory to be freed: 71.56 MB, Estimated OldGen object count: 230797
[INFO] Average Region used: 99.84 %, Live percent of used: 74.20 %, Live percent of region size: 74.08 % 
[INFO] Number of keys in OldGen: 150014, Gap with estimated OldGen object: 80783 (315 MB) 
[INFO] Number of pre-LRU keys in OldGen: 45
[3.947s][info][gc,start       ] GC(75) Pause Young (Mixed) (G1 Preventive Collection)
[3.947s][info][gc,task        ] GC(75) Using 23 workers of 23 for evacuation
[3.956s][info][gc             ] GC(75) To-space exhausted
[3.956s][info][gc,phases      ] GC(75)   Pre Evacuate Collection Set: 0.3ms
[3.956s][info][gc,phases      ] GC(75)   Merge Heap Roots: 0.8ms
[3.956s][info][gc,phases      ] GC(75)   Evacuate Collection Set: 6.1ms
[3.956s][info][gc,phases      ] GC(75)   Post Evacuate Collection Set: 1.9ms
[3.956s][info][gc,phases      ] GC(75)   Other: 0.1ms
[3.956s][info][gc,heap        ] GC(75) Eden regions: 32->0(44)
[3.956s][info][gc,heap        ] GC(75) Survivor regions: 7->7(7)
[3.956s][info][gc,heap        ] GC(75) Old regions: 903->1015
[3.956s][info][gc,heap        ] GC(75) Archive regions: 0->0
[3.956s][info][gc,heap        ] GC(75) Humongous regions: 2->2
[3.956s][info][gc,metaspace   ] GC(75) Metaspace: 8177K(8384K)->8177K(8384K) NonClass: 7446K(7552K)->7446K(7552K) Class: 731K(832K)->731K(832K)
[3.956s][info][gc             ] GC(75) Pause Young (Mixed) (G1 Preventive Collection) 942M->1022M(1024M) 9.193ms
[3.956s][info][gc,cpu         ] GC(75) User=0.15s Sys=0.00s Real=0.00s
[3.956s][info][gc,ergo        ] Attempting full compaction
[3.956s][info][gc,task        ] GC(76) Using 23 workers of 23 for full compaction
[3.956s][info][gc,start       ] GC(76) Pause Full (G1 Compaction Pause)
[3.956s][info][gc,phases,start] GC(76) Phase 1: Mark live objects
[3.964s][info][gc,phases      ] GC(76) Phase 1: Mark live objects 7.344ms
[3.964s][info][gc,phases,start] GC(76) Phase 2: Prepare for compaction
[3.965s][info][gc,phases      ] GC(76) Phase 2: Prepare for compaction 1.589ms
[3.965s][info][gc,phases,start] GC(76) Phase 3: Adjust pointers
[3.968s][info][gc,phases      ] GC(76) Phase 3: Adjust pointers 2.469ms
[3.968s][info][gc,phases,start] GC(76) Phase 4: Compact heap
[3.988s][info][gc,phases      ] GC(76) Phase 4: Compact heap 20.411ms
[3.989s][info][gc,heap        ] GC(76) Eden regions: 0->0(91)
[3.989s][info][gc,heap        ] GC(76) Survivor regions: 7->0(7)
[3.989s][info][gc,heap        ] GC(76) Old regions: 1015->641
[3.989s][info][gc,heap        ] GC(76) Archive regions: 0->0
[3.989s][info][gc,heap        ] GC(76) Humongous regions: 2->2
[3.989s][info][gc,metaspace   ] GC(76) Metaspace: 8177K(8384K)->8177K(8384K) NonClass: 7446K(7552K)->7446K(7552K) Class: 731K(832K)->731K(832K)
[3.989s][info][gc             ] GC(76) Pause Full (G1 Compaction Pause) 1022M->630M(1024M) 33.153ms
[3.990s][info][gc,cpu         ] GC(76) User=0.49s Sys=0.02s Real=0.04s
[INFO] Iteration: 10800000
[INFO] JVM Uptime: 4.00 seconds, OldGen Region Count: 641, OldGen Used Memory: 628.56 MB, OldGen Live Memory: 628.56 MB, Total count of old regions to be freed 0, Estimated memory to be freed: 0.00 MB, Estimated OldGen object count: 160910
[INFO] Average Region used: 98.06 %, Live percent of used: 100.00 %, Live percent of region size: 98.06 % 
[INFO] Number of keys in OldGen: 154086, Gap with estimated OldGen object: 6824 (26 MB) 
[INFO] Number of pre-LRU keys in OldGen: 213
[INFO] Iteration: 10900000
[INFO] JVM Uptime: 4.02 seconds, OldGen Region Count: 641, OldGen Used Memory: 628.56 MB, OldGen Live Memory: 628.56 MB, Total count of old regions to be freed 0, Estimated memory to be freed: 0.00 MB, Estimated OldGen object count: 160910
[INFO] Average Region used: 98.06 %, Live percent of used: 100.00 %, Live percent of region size: 98.06 % 
[INFO] Number of keys in OldGen: 149098, Gap with estimated OldGen object: 11812 (46 MB) 
[INFO] Number of pre-LRU keys in OldGen: 42
[INFO] Iteration: 11000000
[INFO] JVM Uptime: 4.04 seconds, OldGen Region Count: 641, OldGen Used Memory: 628.56 MB, OldGen Live Memory: 628.56 MB, Total count of old regions to be freed 0, Estimated memory to be freed: 0.00 MB, Estimated OldGen object count: 160910
[INFO] Average Region used: 98.06 %, Live percent of used: 100.00 %, Live percent of region size: 98.06 % 
[INFO] Number of keys in OldGen: 144082, Gap with estimated OldGen object: 16828 (65 MB) 
[INFO] Number of pre-LRU keys in OldGen: 48
[INFO] Iteration: 11100000
[INFO] JVM Uptime: 4.06 seconds, OldGen Region Count: 641, OldGen Used Memory: 628.56 MB, OldGen Live Memory: 628.56 MB, Total count of old regions to be freed 0, Estimated memory to be freed: 0.00 MB, Estimated OldGen object count: 160910
[INFO] Average Region used: 98.06 %, Live percent of used: 100.00 %, Live percent of region size: 98.06 % 
[INFO] Number of keys in OldGen: 138995, Gap with estimated OldGen object: 21915 (85 MB) 
[INFO] Number of pre-LRU keys in OldGen: 63
[4.080s][info][gc,start       ] GC(77) Pause Young (Concurrent Start) (G1 Evacuation Pause)
[4.080s][info][gc,task        ] GC(77) Using 23 workers of 23 for evacuation
[4.087s][info][gc,phases      ] GC(77)   Pre Evacuate Collection Set: 0.4ms
[4.087s][info][gc,phases      ] GC(77)   Merge Heap Roots: 0.6ms
[4.087s][info][gc,phases      ] GC(77)   Evacuate Collection Set: 5.6ms
[4.087s][info][gc,phases      ] GC(77)   Post Evacuate Collection Set: 0.9ms
[4.087s][info][gc,phases      ] GC(77)   Other: 0.2ms
[4.087s][info][gc,heap        ] GC(77) Eden regions: 91->0(60)
[4.087s][info][gc,heap        ] GC(77) Survivor regions: 0->12(12)
[4.087s][info][gc,heap        ] GC(77) Old regions: 641->720
[4.087s][info][gc,heap        ] GC(77) Archive regions: 0->0
[4.087s][info][gc,heap        ] GC(77) Humongous regions: 2->2
[4.087s][info][gc,metaspace   ] GC(77) Metaspace: 8177K(8384K)->8177K(8384K) NonClass: 7446K(7552K)->7446K(7552K) Class: 731K(832K)->731K(832K)
[4.087s][info][gc             ] GC(77) Pause Young (Concurrent Start) (G1 Evacuation Pause) 721M->721M(1024M) 7.738ms
[4.087s][info][gc,cpu         ] GC(77) User=0.13s Sys=0.00s Real=0.01s
[4.088s][info][gc             ] GC(78) Concurrent Mark Cycle
[4.088s][info][gc,marking     ] GC(78) Concurrent Clear Claimed Marks
[4.088s][info][gc,marking     ] GC(78) Concurrent Clear Claimed Marks 0.026ms
[4.088s][info][gc,marking     ] GC(78) Concurrent Scan Root Regions
[4.089s][info][gc,marking     ] GC(78) Concurrent Scan Root Regions 1.149ms
[4.089s][info][gc,marking     ] GC(78) Concurrent Mark
[4.089s][info][gc,marking     ] GC(78) Concurrent Mark From Roots
[4.089s][info][gc,task        ] GC(78) Using 6 workers of 6 for marking
[4.095s][info][gc,marking     ] GC(78) Concurrent Mark From Roots 6.515ms
[4.095s][info][gc,marking     ] GC(78) Concurrent Preclean
[4.096s][info][gc,marking     ] GC(78) Concurrent Preclean 0.114ms
[4.096s][info][gc,start       ] GC(78) Pause Remark
[4.098s][info][gc             ] GC(78) Pause Remark 729M->729M(1024M) 1.683ms
[4.098s][info][gc,cpu         ] GC(78) User=0.01s Sys=0.00s Real=0.01s
[4.098s][info][gc,marking     ] GC(78) Concurrent Mark 8.773ms
[4.098s][info][gc,marking     ] GC(78) Concurrent Rebuild Remembered Sets
[INFO] Iteration: 11200000
[4.105s][info][gc,marking     ] GC(78) Concurrent Rebuild Remembered Sets 7.137ms
[4.105s][info][gc,start       ] GC(78) Pause Cleanup
[4.106s][info][gc             ] GC(78) Pause Cleanup 731M->731M(1024M) 0.542ms
[4.106s][info][gc,cpu         ] GC(78) User=0.01s Sys=0.00s Real=0.00s
[4.106s][info][gc,marking     ] GC(78) Concurrent Cleanup for Next Mark
[4.106s][info][gc,marking     ] GC(78) Concurrent Cleanup for Next Mark 0.534ms
[4.106s][info][gc             ] GC(78) Concurrent Mark Cycle 18.843ms
[INFO] JVM Uptime: 4.10 seconds, OldGen Region Count: 720, OldGen Used Memory: 707.56 MB, OldGen Live Memory: 621.27 MB, Total count of old regions to be freed 33, Estimated memory to be freed: 5.76 MB, Estimated OldGen object count: 181134
[INFO] Average Region used: 98.27 %, Live percent of used: 87.81 %, Live percent of region size: 86.29 % 
[INFO] Number of keys in OldGen: 152127, Gap with estimated OldGen object: 29007 (113 MB) 
[INFO] Number of pre-LRU keys in OldGen: 251
[INFO] Iteration: 11300000
[INFO] JVM Uptime: 4.13 seconds, OldGen Region Count: 720, OldGen Used Memory: 707.56 MB, OldGen Live Memory: 621.27 MB, Total count of old regions to be freed 33, Estimated memory to be freed: 5.76 MB, Estimated OldGen object count: 181134
[INFO] Average Region used: 98.27 %, Live percent of used: 87.81 %, Live percent of region size: 86.29 % 
[INFO] Number of keys in OldGen: 147117, Gap with estimated OldGen object: 34017 (132 MB) 
[INFO] Number of pre-LRU keys in OldGen: 46
[INFO] Iteration: 11400000
[INFO] JVM Uptime: 4.15 seconds, OldGen Region Count: 720, OldGen Used Memory: 707.56 MB, OldGen Live Memory: 621.27 MB, Total count of old regions to be freed 33, Estimated memory to be freed: 5.76 MB, Estimated OldGen object count: 181134
[INFO] Average Region used: 98.27 %, Live percent of used: 87.81 %, Live percent of region size: 86.29 % 
[INFO] Number of keys in OldGen: 142173, Gap with estimated OldGen object: 38961 (152 MB) 
[INFO] Number of pre-LRU keys in OldGen: 59
[4.163s][info][gc,start       ] GC(79) Pause Young (Prepare Mixed) (G1 Evacuation Pause)
[4.163s][info][gc,task        ] GC(79) Using 23 workers of 23 for evacuation
[4.170s][info][gc,phases      ] GC(79)   Pre Evacuate Collection Set: 0.2ms
[4.170s][info][gc,phases      ] GC(79)   Merge Heap Roots: 0.5ms
[4.170s][info][gc,phases      ] GC(79)   Evacuate Collection Set: 5.0ms
[4.170s][info][gc,phases      ] GC(79)   Post Evacuate Collection Set: 1.0ms
[4.170s][info][gc,phases      ] GC(79)   Other: 0.1ms
[4.170s][info][gc,heap        ] GC(79) Eden regions: 60->0(42)
[4.170s][info][gc,heap        ] GC(79) Survivor regions: 12->9(9)
[4.170s][info][gc,heap        ] GC(79) Old regions: 720->785
[4.170s][info][gc,heap        ] GC(79) Archive regions: 0->0
[4.170s][info][gc,heap        ] GC(79) Humongous regions: 2->2
[4.170s][info][gc,metaspace   ] GC(79) Metaspace: 8178K(8384K)->8178K(8384K) NonClass: 7447K(7552K)->7447K(7552K) Class: 731K(832K)->731K(832K)
[4.170s][info][gc             ] GC(79) Pause Young (Prepare Mixed) (G1 Evacuation Pause) 781M->783M(1024M) 6.855ms
[4.170s][info][gc,cpu         ] GC(79) User=0.11s Sys=0.00s Real=0.01s
[INFO] Iteration: 11500000
[INFO] JVM Uptime: 4.18 seconds, OldGen Region Count: 785, OldGen Used Memory: 772.56 MB, OldGen Live Memory: 686.27 MB, Total count of old regions to be freed 33, Estimated memory to be freed: 5.76 MB, Estimated OldGen object count: 197774
[INFO] Average Region used: 98.41 %, Live percent of used: 88.83 %, Live percent of region size: 87.42 % 
[INFO] Number of keys in OldGen: 151883, Gap with estimated OldGen object: 45891 (179 MB) 
[INFO] Number of pre-LRU keys in OldGen: 173
[INFO] Iteration: 11600000
[INFO] JVM Uptime: 4.20 seconds, OldGen Region Count: 785, OldGen Used Memory: 772.56 MB, OldGen Live Memory: 686.27 MB, Total count of old regions to be freed 33, Estimated memory to be freed: 5.76 MB, Estimated OldGen object count: 197774
[INFO] Average Region used: 98.41 %, Live percent of used: 88.83 %, Live percent of region size: 87.42 % 
[INFO] Number of keys in OldGen: 146897, Gap with estimated OldGen object: 50877 (198 MB) 
[INFO] Number of pre-LRU keys in OldGen: 57
[4.215s][info][gc,start       ] GC(80) Pause Young (Mixed) (G1 Evacuation Pause)
[4.215s][info][gc,task        ] GC(80) Using 23 workers of 23 for evacuation
[4.223s][info][gc,phases      ] GC(80)   Pre Evacuate Collection Set: 0.3ms
[4.223s][info][gc,phases      ] GC(80)   Merge Heap Roots: 0.7ms
[4.223s][info][gc,phases      ] GC(80)   Evacuate Collection Set: 5.5ms
[4.223s][info][gc,phases      ] GC(80)   Post Evacuate Collection Set: 0.6ms
[4.223s][info][gc,phases      ] GC(80)   Other: 0.1ms
[4.223s][info][gc,heap        ] GC(80) Eden regions: 42->0(44)
[4.223s][info][gc,heap        ] GC(80) Survivor regions: 9->7(7)
[4.223s][info][gc,heap        ] GC(80) Old regions: 785->816
[4.223s][info][gc,heap        ] GC(80) Archive regions: 0->0
[4.223s][info][gc,heap        ] GC(80) Humongous regions: 2->2
[4.223s][info][gc,metaspace   ] GC(80) Metaspace: 8178K(8384K)->8178K(8384K) NonClass: 7447K(7552K)->7447K(7552K) Class: 731K(832K)->731K(832K)
[4.223s][info][gc             ] GC(80) Pause Young (Mixed) (G1 Evacuation Pause) 825M->823M(1024M) 7.250ms
[4.223s][info][gc,cpu         ] GC(80) User=0.12s Sys=0.00s Real=0.01s
[INFO] Iteration: 11700000
[INFO] JVM Uptime: 4.23 seconds, OldGen Region Count: 816, OldGen Used Memory: 814.40 MB, OldGen Live Memory: 730.48 MB, Total count of old regions to be freed 30, Estimated memory to be freed: 5.07 MB, Estimated OldGen object count: 208486
[INFO] Average Region used: 99.80 %, Live percent of used: 89.69 %, Live percent of region size: 89.52 % 
[INFO] Number of keys in OldGen: 152224, Gap with estimated OldGen object: 56262 (219 MB) 
[INFO] Number of pre-LRU keys in OldGen: 149
[INFO] Iteration: 11800000
[INFO] JVM Uptime: 4.26 seconds, OldGen Region Count: 816, OldGen Used Memory: 814.40 MB, OldGen Live Memory: 730.48 MB, Total count of old regions to be freed 30, Estimated memory to be freed: 5.07 MB, Estimated OldGen object count: 208486
[INFO] Average Region used: 99.80 %, Live percent of used: 89.69 %, Live percent of region size: 89.52 % 
[INFO] Number of keys in OldGen: 147286, Gap with estimated OldGen object: 61200 (239 MB) 
[INFO] Number of pre-LRU keys in OldGen: 61
[4.269s][info][gc,start       ] GC(81) Pause Young (Concurrent Start) (G1 Evacuation Pause)
[4.269s][info][gc,task        ] GC(81) Using 23 workers of 23 for evacuation
[4.277s][info][gc,phases      ] GC(81)   Pre Evacuate Collection Set: 0.5ms
[4.277s][info][gc,phases      ] GC(81)   Merge Heap Roots: 0.6ms
[4.277s][info][gc,phases      ] GC(81)   Evacuate Collection Set: 4.8ms
[4.277s][info][gc,phases      ] GC(81)   Post Evacuate Collection Set: 1.1ms
[4.277s][info][gc,phases      ] GC(81)   Other: 0.2ms
[4.277s][info][gc,heap        ] GC(81) Eden regions: 44->0(44)
[4.277s][info][gc,heap        ] GC(81) Survivor regions: 7->7(7)
[4.277s][info][gc,heap        ] GC(81) Old regions: 816->862
[4.277s][info][gc,heap        ] GC(81) Archive regions: 0->0
[4.277s][info][gc,heap        ] GC(81) Humongous regions: 2->2
[4.277s][info][gc,metaspace   ] GC(81) Metaspace: 8178K(8384K)->8178K(8384K) NonClass: 7447K(7552K)->7447K(7552K) Class: 731K(832K)->731K(832K)
[4.277s][info][gc             ] GC(81) Pause Young (Concurrent Start) (G1 Evacuation Pause) 867M->869M(1024M) 7.122ms
[4.277s][info][gc,cpu         ] GC(81) User=0.11s Sys=0.00s Real=0.01s
[4.277s][info][gc             ] GC(82) Concurrent Mark Cycle
[4.277s][info][gc,marking     ] GC(82) Concurrent Clear Claimed Marks
[4.277s][info][gc,marking     ] GC(82) Concurrent Clear Claimed Marks 0.013ms
[4.277s][info][gc,marking     ] GC(82) Concurrent Scan Root Regions
[4.278s][info][gc,marking     ] GC(82) Concurrent Scan Root Regions 0.821ms
[4.278s][info][gc,marking     ] GC(82) Concurrent Mark
[4.278s][info][gc,marking     ] GC(82) Concurrent Mark From Roots
[4.278s][info][gc,task        ] GC(82) Using 6 workers of 6 for marking
[4.285s][info][gc,marking     ] GC(82) Concurrent Mark From Roots 7.601ms
[4.285s][info][gc,marking     ] GC(82) Concurrent Preclean
[4.285s][info][gc,marking     ] GC(82) Concurrent Preclean 0.067ms
[4.286s][info][gc,start       ] GC(82) Pause Remark
[4.288s][info][gc             ] GC(82) Pause Remark 877M->877M(1024M) 1.914ms
[4.288s][info][gc,cpu         ] GC(82) User=0.00s Sys=0.00s Real=0.01s
[4.288s][info][gc,marking     ] GC(82) Concurrent Mark 9.894ms
[4.288s][info][gc,marking     ] GC(82) Concurrent Rebuild Remembered Sets
[INFO] Iteration: 11900000
[4.300s][info][gc,marking     ] GC(82) Concurrent Rebuild Remembered Sets 12.266ms
[4.300s][info][gc,start       ] GC(82) Pause Cleanup
[4.301s][info][gc             ] GC(82) Pause Cleanup 882M->882M(1024M) 0.778ms
[4.301s][info][gc,cpu         ] GC(82) User=0.00s Sys=0.00s Real=0.00s
[4.301s][info][gc,marking     ] GC(82) Concurrent Cleanup for Next Mark
[4.302s][info][gc,marking     ] GC(82) Concurrent Cleanup for Next Mark 0.563ms
[4.302s][info][gc             ] GC(82) Concurrent Mark Cycle 24.926ms
[INFO] JVM Uptime: 4.29 seconds, OldGen Region Count: 862, OldGen Used Memory: 860.38 MB, OldGen Live Memory: 624.79 MB, Total count of old regions to be freed 231, Estimated memory to be freed: 73.63 MB, Estimated OldGen object count: 220256
[INFO] Average Region used: 99.81 %, Live percent of used: 72.62 %, Live percent of region size: 72.48 % 
[INFO] Number of keys in OldGen: 152446, Gap with estimated OldGen object: 67810 (264 MB) 
[INFO] Number of pre-LRU keys in OldGen: 175
[INFO] Iteration: 12000000
[INFO] JVM Uptime: 4.32 seconds, OldGen Region Count: 862, OldGen Used Memory: 860.38 MB, OldGen Live Memory: 624.79 MB, Total count of old regions to be freed 231, Estimated memory to be freed: 73.63 MB, Estimated OldGen object count: 220256
[INFO] Average Region used: 99.81 %, Live percent of used: 72.62 %, Live percent of region size: 72.48 % 
[INFO] Number of keys in OldGen: 147445, Gap with estimated OldGen object: 72811 (284 MB) 
[INFO] Number of pre-LRU keys in OldGen: 71
[4.337s][info][gc,start       ] GC(83) Pause Young (Prepare Mixed) (G1 Evacuation Pause)
[4.337s][info][gc,task        ] GC(83) Using 23 workers of 23 for evacuation
[4.344s][info][gc,phases      ] GC(83)   Pre Evacuate Collection Set: 0.3ms
[4.344s][info][gc,phases      ] GC(83)   Merge Heap Roots: 0.7ms
[4.344s][info][gc,phases      ] GC(83)   Evacuate Collection Set: 4.7ms
[4.344s][info][gc,phases      ] GC(83)   Post Evacuate Collection Set: 1.3ms
[4.344s][info][gc,phases      ] GC(83)   Other: 0.1ms
[4.344s][info][gc,heap        ] GC(83) Eden regions: 44->0(44)
[4.344s][info][gc,heap        ] GC(83) Survivor regions: 7->7(7)
[4.344s][info][gc,heap        ] GC(83) Old regions: 862->907
[4.344s][info][gc,heap        ] GC(83) Archive regions: 0->0
[4.344s][info][gc,heap        ] GC(83) Humongous regions: 2->2
[4.344s][info][gc,metaspace   ] GC(83) Metaspace: 8178K(8384K)->8178K(8384K) NonClass: 7447K(7552K)->7447K(7552K) Class: 731K(832K)->731K(832K)
[4.344s][info][gc             ] GC(83) Pause Young (Prepare Mixed) (G1 Evacuation Pause) 913M->914M(1024M) 7.160ms
[4.344s][info][gc,cpu         ] GC(83) User=0.10s Sys=0.01s Real=0.00s
[INFO] Iteration: 12100000
[INFO] JVM Uptime: 4.35 seconds, OldGen Region Count: 907, OldGen Used Memory: 905.29 MB, OldGen Live Memory: 669.70 MB, Total count of old regions to be freed 231, Estimated memory to be freed: 73.63 MB, Estimated OldGen object count: 231753
[INFO] Average Region used: 99.81 %, Live percent of used: 73.98 %, Live percent of region size: 73.84 % 
[INFO] Number of keys in OldGen: 152644, Gap with estimated OldGen object: 79109 (309 MB) 
[INFO] Number of pre-LRU keys in OldGen: 213
[4.375s][info][gc,start       ] GC(84) Pause Young (Mixed) (G1 Preventive Collection)
[4.375s][info][gc,task        ] GC(84) Using 23 workers of 23 for evacuation
[4.384s][info][gc             ] GC(84) To-space exhausted
[4.384s][info][gc,phases      ] GC(84)   Pre Evacuate Collection Set: 0.2ms
[4.384s][info][gc,phases      ] GC(84)   Merge Heap Roots: 0.6ms
[4.384s][info][gc,phases      ] GC(84)   Evacuate Collection Set: 6.0ms
[4.384s][info][gc,phases      ] GC(84)   Post Evacuate Collection Set: 1.8ms
[4.384s][info][gc,phases      ] GC(84)   Other: 0.1ms
[4.384s][info][gc,heap        ] GC(84) Eden regions: 32->0(44)
[4.384s][info][gc,heap        ] GC(84) Survivor regions: 7->7(7)
[4.384s][info][gc,heap        ] GC(84) Old regions: 907->1015
[4.384s][info][gc,heap        ] GC(84) Archive regions: 0->0
[4.384s][info][gc,heap        ] GC(84) Humongous regions: 2->2
[4.384s][info][gc,metaspace   ] GC(84) Metaspace: 8178K(8384K)->8178K(8384K) NonClass: 7447K(7552K)->7447K(7552K) Class: 731K(832K)->731K(832K)
[4.384s][info][gc             ] GC(84) Pause Young (Mixed) (G1 Preventive Collection) 946M->1022M(1024M) 8.652ms
[4.384s][info][gc,cpu         ] GC(84) User=0.16s Sys=0.00s Real=0.01s
[4.384s][info][gc,ergo        ] Attempting full compaction
[4.384s][info][gc,task        ] GC(85) Using 23 workers of 23 for full compaction
[4.384s][info][gc,start       ] GC(85) Pause Full (G1 Compaction Pause)
[4.384s][info][gc,phases,start] GC(85) Phase 1: Mark live objects
[4.390s][info][gc,phases      ] GC(85) Phase 1: Mark live objects 6.159ms
[4.390s][info][gc,phases,start] GC(85) Phase 2: Prepare for compaction
[4.392s][info][gc,phases      ] GC(85) Phase 2: Prepare for compaction 1.722ms
[4.392s][info][gc,phases,start] GC(85) Phase 3: Adjust pointers
[4.395s][info][gc,phases      ] GC(85) Phase 3: Adjust pointers 2.473ms
[4.395s][info][gc,phases,start] GC(85) Phase 4: Compact heap
[4.415s][info][gc,phases      ] GC(85) Phase 4: Compact heap 20.563ms
[4.416s][info][gc,heap        ] GC(85) Eden regions: 0->0(91)
[4.416s][info][gc,heap        ] GC(85) Survivor regions: 7->0(7)
[4.416s][info][gc,heap        ] GC(85) Old regions: 1015->640
[4.416s][info][gc,heap        ] GC(85) Archive regions: 0->0
[4.416s][info][gc,heap        ] GC(85) Humongous regions: 2->2
[4.416s][info][gc,metaspace   ] GC(85) Metaspace: 8178K(8384K)->8178K(8384K) NonClass: 7447K(7552K)->7447K(7552K) Class: 731K(832K)->731K(832K)
[4.416s][info][gc             ] GC(85) Pause Full (G1 Compaction Pause) 1022M->630M(1024M) 32.307ms
[4.416s][info][gc,cpu         ] GC(85) User=0.49s Sys=0.01s Real=0.03s
[INFO] Iteration: 12200000
[INFO] JVM Uptime: 4.42 seconds, OldGen Region Count: 640, OldGen Used Memory: 628.45 MB, OldGen Live Memory: 628.45 MB, Total count of old regions to be freed 0, Estimated memory to be freed: 0.00 MB, Estimated OldGen object count: 160882
[INFO] Average Region used: 98.20 %, Live percent of used: 100.00 %, Live percent of region size: 98.20 % 
[INFO] Number of keys in OldGen: 156908, Gap with estimated OldGen object: 3974 (15 MB) 
[INFO] Number of pre-LRU keys in OldGen: 449
[INFO] Iteration: 12300000
[INFO] JVM Uptime: 4.45 seconds, OldGen Region Count: 640, OldGen Used Memory: 628.45 MB, OldGen Live Memory: 628.45 MB, Total count of old regions to be freed 0, Estimated memory to be freed: 0.00 MB, Estimated OldGen object count: 160882
[INFO] Average Region used: 98.20 %, Live percent of used: 100.00 %, Live percent of region size: 98.20 % 
[INFO] Number of keys in OldGen: 151894, Gap with estimated OldGen object: 8988 (35 MB) 
[INFO] Number of pre-LRU keys in OldGen: 51
[INFO] Iteration: 12400000
[INFO] JVM Uptime: 4.47 seconds, OldGen Region Count: 640, OldGen Used Memory: 628.45 MB, OldGen Live Memory: 628.45 MB, Total count of old regions to be freed 0, Estimated memory to be freed: 0.00 MB, Estimated OldGen object count: 160882
[INFO] Average Region used: 98.20 %, Live percent of used: 100.00 %, Live percent of region size: 98.20 % 
[INFO] Number of keys in OldGen: 146895, Gap with estimated OldGen object: 13987 (54 MB) 
[INFO] Number of pre-LRU keys in OldGen: 47
[INFO] Iteration: 12500000
[INFO] JVM Uptime: 4.49 seconds, OldGen Region Count: 640, OldGen Used Memory: 628.45 MB, OldGen Live Memory: 628.45 MB, Total count of old regions to be freed 0, Estimated memory to be freed: 0.00 MB, Estimated OldGen object count: 160882
[INFO] Average Region used: 98.20 %, Live percent of used: 100.00 %, Live percent of region size: 98.20 % 
[INFO] Number of keys in OldGen: 141921, Gap with estimated OldGen object: 18961 (74 MB) 
[INFO] Number of pre-LRU keys in OldGen: 56
[INFO] Iteration: 12600000
[INFO] JVM Uptime: 4.51 seconds, OldGen Region Count: 640, OldGen Used Memory: 628.45 MB, OldGen Live Memory: 628.45 MB, Total count of old regions to be freed 0, Estimated memory to be freed: 0.00 MB, Estimated OldGen object count: 160882
[INFO] Average Region used: 98.20 %, Live percent of used: 100.00 %, Live percent of region size: 98.20 % 
[INFO] Number of keys in OldGen: 136936, Gap with estimated OldGen object: 23946 (93 MB) 
[INFO] Number of pre-LRU keys in OldGen: 46
[4.524s][info][gc,start       ] GC(86) Pause Young (Concurrent Start) (G1 Evacuation Pause)
[4.524s][info][gc,task        ] GC(86) Using 23 workers of 23 for evacuation
[4.532s][info][gc,phases      ] GC(86)   Pre Evacuate Collection Set: 0.3ms
[4.532s][info][gc,phases      ] GC(86)   Merge Heap Roots: 0.6ms
[4.532s][info][gc,phases      ] GC(86)   Evacuate Collection Set: 5.7ms
[4.532s][info][gc,phases      ] GC(86)   Post Evacuate Collection Set: 1.0ms
[4.532s][info][gc,phases      ] GC(86)   Other: 0.2ms
[4.532s][info][gc,heap        ] GC(86) Eden regions: 91->0(61)
[4.532s][info][gc,heap        ] GC(86) Survivor regions: 0->12(12)
[4.532s][info][gc,heap        ] GC(86) Old regions: 640->718
[4.532s][info][gc,heap        ] GC(86) Archive regions: 0->0
[4.532s][info][gc,heap        ] GC(86) Humongous regions: 2->2
[4.532s][info][gc,metaspace   ] GC(86) Metaspace: 8178K(8384K)->8178K(8384K) NonClass: 7447K(7552K)->7447K(7552K) Class: 731K(832K)->731K(832K)
[4.532s][info][gc             ] GC(86) Pause Young (Concurrent Start) (G1 Evacuation Pause) 721M->719M(1024M) 7.785ms
[4.532s][info][gc,cpu         ] GC(86) User=0.13s Sys=0.00s Real=0.01s
[4.532s][info][gc             ] GC(87) Concurrent Mark Cycle
[4.532s][info][gc,marking     ] GC(87) Concurrent Clear Claimed Marks
[4.532s][info][gc,marking     ] GC(87) Concurrent Clear Claimed Marks 0.008ms
[4.532s][info][gc,marking     ] GC(87) Concurrent Scan Root Regions
[4.533s][info][gc,marking     ] GC(87) Concurrent Scan Root Regions 1.217ms
[4.533s][info][gc,marking     ] GC(87) Concurrent Mark
[4.533s][info][gc,marking     ] GC(87) Concurrent Mark From Roots
[4.533s][info][gc,task        ] GC(87) Using 6 workers of 6 for marking
[4.539s][info][gc,marking     ] GC(87) Concurrent Mark From Roots 6.240ms
[4.539s][info][gc,marking     ] GC(87) Concurrent Preclean
[4.539s][info][gc,marking     ] GC(87) Concurrent Preclean 0.056ms
[4.540s][info][gc,start       ] GC(87) Pause Remark
[4.542s][info][gc             ] GC(87) Pause Remark 724M->724M(1024M) 1.941ms
[4.542s][info][gc,cpu         ] GC(87) User=0.00s Sys=0.00s Real=0.00s
[4.542s][info][gc,marking     ] GC(87) Concurrent Mark 8.608ms
[4.542s][info][gc,marking     ] GC(87) Concurrent Rebuild Remembered Sets
[4.549s][info][gc,marking     ] GC(87) Concurrent Rebuild Remembered Sets 7.739ms
[4.550s][info][gc,start       ] GC(87) Pause Cleanup
[4.550s][info][gc             ] GC(87) Pause Cleanup 732M->732M(1024M) 0.662ms
[4.550s][info][gc,cpu         ] GC(87) User=0.01s Sys=0.00s Real=0.00s
[4.551s][info][gc,marking     ] GC(87) Concurrent Cleanup for Next Mark
[4.551s][info][gc,marking     ] GC(87) Concurrent Cleanup for Next Mark 0.520ms
[4.551s][info][gc             ] GC(87) Concurrent Mark Cycle 19.270ms
[INFO] Iteration: 12700000
[INFO] JVM Uptime: 4.56 seconds, OldGen Region Count: 718, OldGen Used Memory: 705.95 MB, OldGen Live Memory: 619.86 MB, Total count of old regions to be freed 31, Estimated memory to be freed: 5.48 MB, Estimated OldGen object count: 180722
[INFO] Average Region used: 98.32 %, Live percent of used: 87.81 %, Live percent of region size: 86.33 % 
[INFO] Number of keys in OldGen: 150067, Gap with estimated OldGen object: 30655 (119 MB) 
[INFO] Number of pre-LRU keys in OldGen: 77
[INFO] Iteration: 12800000
[INFO] JVM Uptime: 4.58 seconds, OldGen Region Count: 718, OldGen Used Memory: 705.95 MB, OldGen Live Memory: 619.86 MB, Total count of old regions to be freed 31, Estimated memory to be freed: 5.48 MB, Estimated OldGen object count: 180722
[INFO] Average Region used: 98.32 %, Live percent of used: 87.81 %, Live percent of region size: 86.33 % 
[INFO] Number of keys in OldGen: 145091, Gap with estimated OldGen object: 35631 (139 MB) 
[INFO] Number of pre-LRU keys in OldGen: 66
[4.603s][info][gc,start       ] GC(88) Pause Young (Prepare Mixed) (G1 Evacuation Pause)
[4.603s][info][gc,task        ] GC(88) Using 23 workers of 23 for evacuation
[4.610s][info][gc,phases      ] GC(88)   Pre Evacuate Collection Set: 0.3ms
[4.610s][info][gc,phases      ] GC(88)   Merge Heap Roots: 0.5ms
[4.610s][info][gc,phases      ] GC(88)   Evacuate Collection Set: 5.2ms
[4.610s][info][gc,phases      ] GC(88)   Post Evacuate Collection Set: 1.1ms
[4.610s][info][gc,phases      ] GC(88)   Other: 0.1ms
[4.610s][info][gc,heap        ] GC(88) Eden regions: 61->0(41)
[4.610s][info][gc,heap        ] GC(88) Survivor regions: 12->10(10)
[4.610s][info][gc,heap        ] GC(88) Old regions: 718->783
[4.610s][info][gc,heap        ] GC(88) Archive regions: 0->0
[4.610s][info][gc,heap        ] GC(88) Humongous regions: 2->2
[4.610s][info][gc,metaspace   ] GC(88) Metaspace: 8182K(8384K)->8182K(8384K) NonClass: 7451K(7552K)->7451K(7552K) Class: 731K(832K)->731K(832K)
[4.611s][info][gc             ] GC(88) Pause Young (Prepare Mixed) (G1 Evacuation Pause) 780M->782M(1024M) 7.215ms
[4.611s][info][gc,cpu         ] GC(88) User=0.12s Sys=0.01s Real=0.01s
[INFO] Iteration: 12900000
[INFO] JVM Uptime: 4.61 seconds, OldGen Region Count: 783, OldGen Used Memory: 770.95 MB, OldGen Live Memory: 684.86 MB, Total count of old regions to be freed 31, Estimated memory to be freed: 5.48 MB, Estimated OldGen object count: 197362
[INFO] Average Region used: 98.46 %, Live percent of used: 88.83 %, Live percent of region size: 87.47 % 
[INFO] Number of keys in OldGen: 154631, Gap with estimated OldGen object: 42731 (166 MB) 
[INFO] Number of pre-LRU keys in OldGen: 389
[INFO] Iteration: 13000000
[INFO] JVM Uptime: 4.64 seconds, OldGen Region Count: 783, OldGen Used Memory: 770.95 MB, OldGen Live Memory: 684.86 MB, Total count of old regions to be freed 31, Estimated memory to be freed: 5.48 MB, Estimated OldGen object count: 197362
[INFO] Average Region used: 98.46 %, Live percent of used: 88.83 %, Live percent of region size: 87.47 % 
[INFO] Number of keys in OldGen: 149603, Gap with estimated OldGen object: 47759 (186 MB) 
[INFO] Number of pre-LRU keys in OldGen: 45
[4.670s][info][gc,start       ] GC(89) Pause Young (Mixed) (G1 Evacuation Pause)
[4.670s][info][gc,task        ] GC(89) Using 23 workers of 23 for evacuation
[4.677s][info][gc,phases      ] GC(89)   Pre Evacuate Collection Set: 0.3ms
[4.677s][info][gc,phases      ] GC(89)   Merge Heap Roots: 0.6ms
[4.677s][info][gc,phases      ] GC(89)   Evacuate Collection Set: 5.4ms
[4.677s][info][gc,phases      ] GC(89)   Post Evacuate Collection Set: 0.6ms
[4.677s][info][gc,phases      ] GC(89)   Other: 0.1ms
[4.677s][info][gc,heap        ] GC(89) Eden regions: 41->0(44)
[4.677s][info][gc,heap        ] GC(89) Survivor regions: 10->7(7)
[4.677s][info][gc,heap        ] GC(89) Old regions: 783->813
[4.677s][info][gc,heap        ] GC(89) Archive regions: 0->0
[4.677s][info][gc,heap        ] GC(89) Humongous regions: 2->2
[4.677s][info][gc,metaspace   ] GC(89) Metaspace: 8182K(8384K)->8182K(8384K) NonClass: 7451K(7552K)->7451K(7552K) Class: 731K(832K)->731K(832K)
[4.677s][info][gc             ] GC(89) Pause Young (Mixed) (G1 Evacuation Pause) 823M->820M(1024M) 7.059ms
[4.677s][info][gc,cpu         ] GC(89) User=0.13s Sys=0.00s Real=0.01s
[INFO] Iteration: 13100000
[INFO] JVM Uptime: 4.68 seconds, OldGen Region Count: 813, OldGen Used Memory: 811.72 MB, OldGen Live Memory: 728.44 MB, Total count of old regions to be freed 28, Estimated memory to be freed: 4.80 MB, Estimated OldGen object count: 207799
[INFO] Average Region used: 99.84 %, Live percent of used: 89.74 %, Live percent of region size: 89.60 % 
[INFO] Number of keys in OldGen: 154931, Gap with estimated OldGen object: 52868 (206 MB) 
[INFO] Number of pre-LRU keys in OldGen: 366
[INFO] Iteration: 13200000
[INFO] JVM Uptime: 4.71 seconds, OldGen Region Count: 813, OldGen Used Memory: 811.72 MB, OldGen Live Memory: 728.44 MB, Total count of old regions to be freed 28, Estimated memory to be freed: 4.80 MB, Estimated OldGen object count: 207799
[INFO] Average Region used: 99.84 %, Live percent of used: 89.74 %, Live percent of region size: 89.60 % 
[INFO] Number of keys in OldGen: 149848, Gap with estimated OldGen object: 57951 (226 MB) 
[INFO] Number of pre-LRU keys in OldGen: 52
[4.729s][info][gc,start       ] GC(90) Pause Young (Concurrent Start) (G1 Evacuation Pause)
[4.729s][info][gc,task        ] GC(90) Using 23 workers of 23 for evacuation
[4.735s][info][gc,phases      ] GC(90)   Pre Evacuate Collection Set: 0.3ms
[4.735s][info][gc,phases      ] GC(90)   Merge Heap Roots: 0.6ms
[4.735s][info][gc,phases      ] GC(90)   Evacuate Collection Set: 4.7ms
[4.735s][info][gc,phases      ] GC(90)   Post Evacuate Collection Set: 0.9ms
[4.735s][info][gc,phases      ] GC(90)   Other: 0.2ms
[4.735s][info][gc,heap        ] GC(90) Eden regions: 44->0(44)
[4.735s][info][gc,heap        ] GC(90) Survivor regions: 7->7(7)
[4.735s][info][gc,heap        ] GC(90) Old regions: 813->859
[4.735s][info][gc,heap        ] GC(90) Archive regions: 0->0
[4.735s][info][gc,heap        ] GC(90) Humongous regions: 2->2
[4.735s][info][gc,metaspace   ] GC(90) Metaspace: 8182K(8384K)->8182K(8384K) NonClass: 7451K(7552K)->7451K(7552K) Class: 731K(832K)->731K(832K)
[4.735s][info][gc             ] GC(90) Pause Young (Concurrent Start) (G1 Evacuation Pause) 864M->866M(1024M) 6.613ms
[4.735s][info][gc,cpu         ] GC(90) User=0.11s Sys=0.00s Real=0.00s
[4.736s][info][gc             ] GC(91) Concurrent Mark Cycle
[4.736s][info][gc,marking     ] GC(91) Concurrent Clear Claimed Marks
[4.736s][info][gc,marking     ] GC(91) Concurrent Clear Claimed Marks 0.010ms
[4.736s][info][gc,marking     ] GC(91) Concurrent Scan Root Regions
[4.736s][info][gc,marking     ] GC(91) Concurrent Scan Root Regions 0.641ms
[4.736s][info][gc,marking     ] GC(91) Concurrent Mark
[4.736s][info][gc,marking     ] GC(91) Concurrent Mark From Roots
[4.736s][info][gc,task        ] GC(91) Using 6 workers of 6 for marking
[INFO] Iteration: 13300000
[4.743s][info][gc,marking     ] GC(91) Concurrent Mark From Roots 6.384ms
[4.743s][info][gc,marking     ] GC(91) Concurrent Preclean
[4.743s][info][gc,marking     ] GC(91) Concurrent Preclean 0.077ms
[4.743s][info][gc,start       ] GC(91) Pause Remark
[4.744s][info][gc             ] GC(91) Pause Remark 869M->869M(1024M) 1.465ms
[4.744s][info][gc,cpu         ] GC(91) User=0.00s Sys=0.00s Real=0.00s
[4.744s][info][gc,marking     ] GC(91) Concurrent Mark 8.162ms
[4.744s][info][gc,marking     ] GC(91) Concurrent Rebuild Remembered Sets
[INFO] JVM Uptime: 4.74 seconds, OldGen Region Count: 859, OldGen Used Memory: 857.67 MB, OldGen Live Memory: 774.39 MB, Total count of old regions to be freed 28, Estimated memory to be freed: 4.80 MB, Estimated OldGen object count: 219562
[INFO] Average Region used: 99.84 %, Live percent of used: 90.29 %, Live percent of region size: 90.15 % 
[INFO] Number of keys in OldGen: 155066, Gap with estimated OldGen object: 64496 (251 MB) 
[INFO] Number of pre-LRU keys in OldGen: 362
[4.757s][info][gc,marking     ] GC(91) Concurrent Rebuild Remembered Sets 12.463ms
[4.757s][info][gc,start       ] GC(91) Pause Cleanup
[4.758s][info][gc             ] GC(91) Pause Cleanup 869M->869M(1024M) 0.640ms
[4.758s][info][gc,cpu         ] GC(91) User=0.00s Sys=0.00s Real=0.00s
[4.758s][info][gc,marking     ] GC(91) Concurrent Cleanup for Next Mark
[4.758s][info][gc,marking     ] GC(91) Concurrent Cleanup for Next Mark 0.387ms
[4.758s][info][gc             ] GC(91) Concurrent Mark Cycle 22.693ms
[INFO] Iteration: 13400000
[INFO] JVM Uptime: 4.77 seconds, OldGen Region Count: 859, OldGen Used Memory: 857.67 MB, OldGen Live Memory: 624.69 MB, Total count of old regions to be freed 226, Estimated memory to be freed: 70.14 MB, Estimated OldGen object count: 219562
[INFO] Average Region used: 99.84 %, Live percent of used: 72.84 %, Live percent of region size: 72.72 % 
[INFO] Number of keys in OldGen: 149944, Gap with estimated OldGen object: 69618 (271 MB) 
[INFO] Number of pre-LRU keys in OldGen: 64
[4.793s][info][gc,start       ] GC(92) Pause Young (Prepare Mixed) (G1 Evacuation Pause)
[4.793s][info][gc,task        ] GC(92) Using 23 workers of 23 for evacuation
[4.800s][info][gc,phases      ] GC(92)   Pre Evacuate Collection Set: 0.5ms
[4.800s][info][gc,phases      ] GC(92)   Merge Heap Roots: 0.6ms
[4.800s][info][gc,phases      ] GC(92)   Evacuate Collection Set: 4.7ms
[4.800s][info][gc,phases      ] GC(92)   Post Evacuate Collection Set: 1.1ms
[4.800s][info][gc,phases      ] GC(92)   Other: 0.1ms
[4.800s][info][gc,heap        ] GC(92) Eden regions: 44->0(44)
[4.800s][info][gc,heap        ] GC(92) Survivor regions: 7->7(7)
[4.800s][info][gc,heap        ] GC(92) Old regions: 859->903
[4.800s][info][gc,heap        ] GC(92) Archive regions: 0->0
[4.800s][info][gc,heap        ] GC(92) Humongous regions: 2->2
[4.800s][info][gc,metaspace   ] GC(92) Metaspace: 8182K(8384K)->8182K(8384K) NonClass: 7451K(7552K)->7451K(7552K) Class: 731K(832K)->731K(832K)
[4.800s][info][gc             ] GC(92) Pause Young (Prepare Mixed) (G1 Evacuation Pause) 910M->910M(1024M) 7.010ms
[4.800s][info][gc,cpu         ] GC(92) User=0.11s Sys=0.00s Real=0.01s
[INFO] Iteration: 13500000
[INFO] JVM Uptime: 4.80 seconds, OldGen Region Count: 903, OldGen Used Memory: 901.72 MB, OldGen Live Memory: 668.74 MB, Total count of old regions to be freed 226, Estimated memory to be freed: 70.14 MB, Estimated OldGen object count: 230839
[INFO] Average Region used: 99.86 %, Live percent of used: 74.16 %, Live percent of region size: 74.06 % 
[INFO] Number of keys in OldGen: 155184, Gap with estimated OldGen object: 75655 (295 MB) 
[INFO] Number of pre-LRU keys in OldGen: 369
[INFO] Iteration: 13600000
[INFO] JVM Uptime: 4.83 seconds, OldGen Region Count: 903, OldGen Used Memory: 901.72 MB, OldGen Live Memory: 668.74 MB, Total count of old regions to be freed 226, Estimated memory to be freed: 70.14 MB, Estimated OldGen object count: 230839
[INFO] Average Region used: 99.86 %, Live percent of used: 74.16 %, Live percent of region size: 74.06 % 
[INFO] Number of keys in OldGen: 150124, Gap with estimated OldGen object: 80715 (315 MB) 
[INFO] Number of pre-LRU keys in OldGen: 53
[4.845s][info][gc,start       ] GC(93) Pause Young (Mixed) (G1 Preventive Collection)
[4.845s][info][gc,task        ] GC(93) Using 23 workers of 23 for evacuation
[4.853s][info][gc             ] GC(93) To-space exhausted
[4.853s][info][gc,phases      ] GC(93)   Pre Evacuate Collection Set: 0.2ms
[4.853s][info][gc,phases      ] GC(93)   Merge Heap Roots: 0.7ms
[4.853s][info][gc,phases      ] GC(93)   Evacuate Collection Set: 6.0ms
[4.853s][info][gc,phases      ] GC(93)   Post Evacuate Collection Set: 1.6ms
[4.853s][info][gc,phases      ] GC(93)   Other: 0.1ms
[4.853s][info][gc,heap        ] GC(93) Eden regions: 33->0(44)
[4.853s][info][gc,heap        ] GC(93) Survivor regions: 7->7(7)
[4.853s][info][gc,heap        ] GC(93) Old regions: 903->1015
[4.853s][info][gc,heap        ] GC(93) Archive regions: 0->0
[4.853s][info][gc,heap        ] GC(93) Humongous regions: 2->2
[4.853s][info][gc,metaspace   ] GC(93) Metaspace: 8182K(8384K)->8182K(8384K) NonClass: 7451K(7552K)->7451K(7552K) Class: 731K(832K)->731K(832K)
[4.854s][info][gc             ] GC(93) Pause Young (Mixed) (G1 Preventive Collection) 943M->1022M(1024M) 8.663ms
[4.854s][info][gc,cpu         ] GC(93) User=0.16s Sys=0.00s Real=0.01s
[4.854s][info][gc,ergo        ] Attempting full compaction
[4.854s][info][gc,task        ] GC(94) Using 23 workers of 23 for full compaction
[4.854s][info][gc,start       ] GC(94) Pause Full (G1 Compaction Pause)
[4.854s][info][gc,phases,start] GC(94) Phase 1: Mark live objects
[4.859s][info][gc,phases      ] GC(94) Phase 1: Mark live objects 5.634ms
[4.859s][info][gc,phases,start] GC(94) Phase 2: Prepare for compaction
[4.861s][info][gc,phases      ] GC(94) Phase 2: Prepare for compaction 1.849ms
[4.861s][info][gc,phases,start] GC(94) Phase 3: Adjust pointers
[4.865s][info][gc,phases      ] GC(94) Phase 3: Adjust pointers 3.548ms
[4.865s][info][gc,phases,start] GC(94) Phase 4: Compact heap
[4.886s][info][gc,phases      ] GC(94) Phase 4: Compact heap 20.977ms
[4.887s][info][gc,heap        ] GC(94) Eden regions: 0->0(91)
[4.887s][info][gc,heap        ] GC(94) Survivor regions: 7->0(7)
[4.887s][info][gc,heap        ] GC(94) Old regions: 1015->641
[4.887s][info][gc,heap        ] GC(94) Archive regions: 0->0
[4.887s][info][gc,heap        ] GC(94) Humongous regions: 2->2
[4.887s][info][gc,metaspace   ] GC(94) Metaspace: 8182K(8384K)->8182K(8384K) NonClass: 7451K(7552K)->7451K(7552K) Class: 731K(832K)->731K(832K)
[4.887s][info][gc             ] GC(94) Pause Full (G1 Compaction Pause) 1022M->630M(1024M) 33.520ms
[4.887s][info][gc,cpu         ] GC(94) User=0.50s Sys=0.00s Real=0.04s
[INFO] Iteration: 13700000
[INFO] JVM Uptime: 4.90 seconds, OldGen Region Count: 641, OldGen Used Memory: 628.56 MB, OldGen Live Memory: 628.56 MB, Total count of old regions to be freed 0, Estimated memory to be freed: 0.00 MB, Estimated OldGen object count: 160910
[INFO] Average Region used: 98.06 %, Live percent of used: 100.00 %, Live percent of region size: 98.06 % 
[INFO] Number of keys in OldGen: 154512, Gap with estimated OldGen object: 6398 (24 MB) 
[INFO] Number of pre-LRU keys in OldGen: 233
[INFO] Iteration: 13800000
[INFO] JVM Uptime: 4.92 seconds, OldGen Region Count: 641, OldGen Used Memory: 628.56 MB, OldGen Live Memory: 628.56 MB, Total count of old regions to be freed 0, Estimated memory to be freed: 0.00 MB, Estimated OldGen object count: 160910
[INFO] Average Region used: 98.06 %, Live percent of used: 100.00 %, Live percent of region size: 98.06 % 
[INFO] Number of keys in OldGen: 149500, Gap with estimated OldGen object: 11410 (44 MB) 
[INFO] Number of pre-LRU keys in OldGen: 49
[INFO] Iteration: 13900000
[INFO] JVM Uptime: 4.94 seconds, OldGen Region Count: 641, OldGen Used Memory: 628.56 MB, OldGen Live Memory: 628.56 MB, Total count of old regions to be freed 0, Estimated memory to be freed: 0.00 MB, Estimated OldGen object count: 160910
[INFO] Average Region used: 98.06 %, Live percent of used: 100.00 %, Live percent of region size: 98.06 % 
[INFO] Number of keys in OldGen: 144435, Gap with estimated OldGen object: 16475 (64 MB) 
[INFO] Number of pre-LRU keys in OldGen: 55
[INFO] Iteration: 14000000
[INFO] JVM Uptime: 4.96 seconds, OldGen Region Count: 641, OldGen Used Memory: 628.56 MB, OldGen Live Memory: 628.56 MB, Total count of old regions to be freed 0, Estimated memory to be freed: 0.00 MB, Estimated OldGen object count: 160910
[INFO] Average Region used: 98.06 %, Live percent of used: 100.00 %, Live percent of region size: 98.06 % 
[INFO] Number of keys in OldGen: 139367, Gap with estimated OldGen object: 21543 (84 MB) 
[INFO] Number of pre-LRU keys in OldGen: 55
[4.976s][info][gc,start       ] GC(95) Pause Young (Concurrent Start) (G1 Evacuation Pause)
[4.976s][info][gc,task        ] GC(95) Using 23 workers of 23 for evacuation
[4.982s][info][gc,phases      ] GC(95)   Pre Evacuate Collection Set: 0.3ms
[4.982s][info][gc,phases      ] GC(95)   Merge Heap Roots: 0.4ms
[4.982s][info][gc,phases      ] GC(95)   Evacuate Collection Set: 5.4ms
[4.982s][info][gc,phases      ] GC(95)   Post Evacuate Collection Set: 0.2ms
[4.982s][info][gc,phases      ] GC(95)   Other: 0.2ms
[4.982s][info][gc,heap        ] GC(95) Eden regions: 91->0(61)
[4.982s][info][gc,heap        ] GC(95) Survivor regions: 0->12(12)
[4.982s][info][gc,heap        ] GC(95) Old regions: 641->719
[4.982s][info][gc,heap        ] GC(95) Archive regions: 0->0
[4.982s][info][gc,heap        ] GC(95) Humongous regions: 2->2
[4.982s][info][gc,metaspace   ] GC(95) Metaspace: 8184K(8384K)->8184K(8384K) NonClass: 7452K(7552K)->7452K(7552K) Class: 731K(832K)->731K(832K)
[4.982s][info][gc             ] GC(95) Pause Young (Concurrent Start) (G1 Evacuation Pause) 721M->720M(1024M) 6.598ms
[4.982s][info][gc,cpu         ] GC(95) User=0.12s Sys=0.01s Real=0.01s
[4.982s][info][gc             ] GC(96) Concurrent Mark Cycle
[4.982s][info][gc,marking     ] GC(96) Concurrent Clear Claimed Marks
[4.982s][info][gc,marking     ] GC(96) Concurrent Clear Claimed Marks 0.010ms
[4.982s][info][gc,marking     ] GC(96) Concurrent Scan Root Regions
[4.983s][info][gc,marking     ] GC(96) Concurrent Scan Root Regions 1.121ms
[4.983s][info][gc,marking     ] GC(96) Concurrent Mark
[4.983s][info][gc,marking     ] GC(96) Concurrent Mark From Roots
[4.983s][info][gc,task        ] GC(96) Using 6 workers of 6 for marking
[4.989s][info][gc,marking     ] GC(96) Concurrent Mark From Roots 6.008ms
[4.989s][info][gc,marking     ] GC(96) Concurrent Preclean
[4.989s][info][gc,marking     ] GC(96) Concurrent Preclean 0.086ms
[4.990s][info][gc,start       ] GC(96) Pause Remark
[4.991s][info][gc             ] GC(96) Pause Remark 727M->727M(1024M) 1.588ms
[4.991s][info][gc,cpu         ] GC(96) User=0.00s Sys=0.00s Real=0.00s
[4.991s][info][gc,marking     ] GC(96) Concurrent Mark 7.949ms
[4.991s][info][gc,marking     ] GC(96) Concurrent Rebuild Remembered Sets
[INFO] Iteration: 14100000
[4.999s][info][gc,marking     ] GC(96) Concurrent Rebuild Remembered Sets 7.615ms
[4.999s][info][gc,start       ] GC(96) Pause Cleanup
[5.000s][info][gc             ] GC(96) Pause Cleanup 728M->728M(1024M) 0.375ms
[5.000s][info][gc,cpu         ] GC(96) User=0.00s Sys=0.00s Real=0.00s
[5.000s][info][gc,marking     ] GC(96) Concurrent Cleanup for Next Mark
[5.000s][info][gc,marking     ] GC(96) Concurrent Cleanup for Next Mark 0.469ms
[5.000s][info][gc             ] GC(96) Concurrent Mark Cycle 18.127ms
[INFO] JVM Uptime: 4.99 seconds, OldGen Region Count: 719, OldGen Used Memory: 706.56 MB, OldGen Live Memory: 620.32 MB, Total count of old regions to be freed 33, Estimated memory to be freed: 5.94 MB, Estimated OldGen object count: 180878
[INFO] Average Region used: 98.27 %, Live percent of used: 87.79 %, Live percent of region size: 86.27 % 
[INFO] Number of keys in OldGen: 152491, Gap with estimated OldGen object: 28387 (110 MB) 
[INFO] Number of pre-LRU keys in OldGen: 287
[INFO] Iteration: 14200000
[INFO] JVM Uptime: 5.02 seconds, OldGen Region Count: 719, OldGen Used Memory: 706.56 MB, OldGen Live Memory: 620.32 MB, Total count of old regions to be freed 33, Estimated memory to be freed: 5.94 MB, Estimated OldGen object count: 180878
[INFO] Average Region used: 98.27 %, Live percent of used: 87.79 %, Live percent of region size: 86.27 % 
[INFO] Number of keys in OldGen: 147559, Gap with estimated OldGen object: 33319 (130 MB) 
[INFO] Number of pre-LRU keys in OldGen: 59
[INFO] Iteration: 14300000
[INFO] JVM Uptime: 5.04 seconds, OldGen Region Count: 719, OldGen Used Memory: 706.56 MB, OldGen Live Memory: 620.32 MB, Total count of old regions to be freed 33, Estimated memory to be freed: 5.94 MB, Estimated OldGen object count: 180878
[INFO] Average Region used: 98.27 %, Live percent of used: 87.79 %, Live percent of region size: 86.27 % 
[INFO] Number of keys in OldGen: 142618, Gap with estimated OldGen object: 38260 (149 MB) 
[INFO] Number of pre-LRU keys in OldGen: 67
[5.058s][info][gc,start       ] GC(97) Pause Young (Prepare Mixed) (G1 Evacuation Pause)
[5.058s][info][gc,task        ] GC(97) Using 23 workers of 23 for evacuation
[5.064s][info][gc,phases      ] GC(97)   Pre Evacuate Collection Set: 0.4ms
[5.064s][info][gc,phases      ] GC(97)   Merge Heap Roots: 0.4ms
[5.064s][info][gc,phases      ] GC(97)   Evacuate Collection Set: 4.8ms
[5.064s][info][gc,phases      ] GC(97)   Post Evacuate Collection Set: 0.2ms
[5.064s][info][gc,phases      ] GC(97)   Other: 0.1ms
[5.064s][info][gc,heap        ] GC(97) Eden regions: 61->0(41)
[5.064s][info][gc,heap        ] GC(97) Survivor regions: 12->10(10)
[5.064s][info][gc,heap        ] GC(97) Old regions: 719->783
[5.064s][info][gc,heap        ] GC(97) Archive regions: 0->0
[5.064s][info][gc,heap        ] GC(97) Humongous regions: 2->2
[5.064s][info][gc,metaspace   ] GC(97) Metaspace: 8184K(8384K)->8184K(8384K) NonClass: 7452K(7552K)->7452K(7552K) Class: 731K(832K)->731K(832K)
[5.064s][info][gc             ] GC(97) Pause Young (Prepare Mixed) (G1 Evacuation Pause) 781M->782M(1024M) 6.060ms
[5.064s][info][gc,cpu         ] GC(97) User=0.11s Sys=0.00s Real=0.00s
[INFO] Iteration: 14400000
[INFO] JVM Uptime: 5.07 seconds, OldGen Region Count: 783, OldGen Used Memory: 770.56 MB, OldGen Live Memory: 684.32 MB, Total count of old regions to be freed 33, Estimated memory to be freed: 5.94 MB, Estimated OldGen object count: 197262
[INFO] Average Region used: 98.41 %, Live percent of used: 88.81 %, Live percent of region size: 87.40 % 
[INFO] Number of keys in OldGen: 152264, Gap with estimated OldGen object: 44998 (175 MB) 
[INFO] Number of pre-LRU keys in OldGen: 218
[INFO] Iteration: 14500000
[INFO] JVM Uptime: 5.09 seconds, OldGen Region Count: 783, OldGen Used Memory: 770.56 MB, OldGen Live Memory: 684.32 MB, Total count of old regions to be freed 33, Estimated memory to be freed: 5.94 MB, Estimated OldGen object count: 197262
[INFO] Average Region used: 98.41 %, Live percent of used: 88.81 %, Live percent of region size: 87.40 % 
[INFO] Number of keys in OldGen: 147255, Gap with estimated OldGen object: 50007 (195 MB) 
[INFO] Number of pre-LRU keys in OldGen: 54
[5.110s][info][gc,start       ] GC(98) Pause Young (Mixed) (G1 Evacuation Pause)
[5.110s][info][gc,task        ] GC(98) Using 23 workers of 23 for evacuation
[5.116s][info][gc,phases      ] GC(98)   Pre Evacuate Collection Set: 0.1ms
[5.116s][info][gc,phases      ] GC(98)   Merge Heap Roots: 0.4ms
[5.116s][info][gc,phases      ] GC(98)   Evacuate Collection Set: 5.4ms
[5.116s][info][gc,phases      ] GC(98)   Post Evacuate Collection Set: 0.4ms
[5.116s][info][gc,phases      ] GC(98)   Other: 0.1ms
[5.116s][info][gc,heap        ] GC(98) Eden regions: 41->0(44)
[5.116s][info][gc,heap        ] GC(98) Survivor regions: 10->7(7)
[5.116s][info][gc,heap        ] GC(98) Old regions: 783->814
[5.116s][info][gc,heap        ] GC(98) Archive regions: 0->0
[5.116s][info][gc,heap        ] GC(98) Humongous regions: 2->2
[5.116s][info][gc,metaspace   ] GC(98) Metaspace: 8184K(8384K)->8184K(8384K) NonClass: 7452K(7552K)->7452K(7552K) Class: 731K(832K)->731K(832K)
[5.116s][info][gc             ] GC(98) Pause Young (Mixed) (G1 Evacuation Pause) 823M->821M(1024M) 6.485ms
[5.116s][info][gc,cpu         ] GC(98) User=0.12s Sys=0.00s Real=0.00s
[INFO] Iteration: 14600000
[INFO] JVM Uptime: 5.13 seconds, OldGen Region Count: 814, OldGen Used Memory: 812.25 MB, OldGen Live Memory: 728.46 MB, Total count of old regions to be freed 27, Estimated memory to be freed: 4.66 MB, Estimated OldGen object count: 207936
[INFO] Average Region used: 99.79 %, Live percent of used: 89.68 %, Live percent of region size: 89.49 % 
[INFO] Number of keys in OldGen: 152596, Gap with estimated OldGen object: 55340 (216 MB) 
[INFO] Number of pre-LRU keys in OldGen: 189
[INFO] Iteration: 14700000
[INFO] JVM Uptime: 5.15 seconds, OldGen Region Count: 814, OldGen Used Memory: 812.25 MB, OldGen Live Memory: 728.46 MB, Total count of old regions to be freed 27, Estimated memory to be freed: 4.66 MB, Estimated OldGen object count: 207936
[INFO] Average Region used: 99.79 %, Live percent of used: 89.68 %, Live percent of region size: 89.49 % 
[INFO] Number of keys in OldGen: 147435, Gap with estimated OldGen object: 60501 (236 MB) 
[INFO] Number of pre-LRU keys in OldGen: 44
[5.164s][info][gc,start       ] GC(99) Pause Young (Concurrent Start) (G1 Evacuation Pause)
[5.164s][info][gc,task        ] GC(99) Using 23 workers of 23 for evacuation
[5.170s][info][gc,phases      ] GC(99)   Pre Evacuate Collection Set: 0.1ms
[5.170s][info][gc,phases      ] GC(99)   Merge Heap Roots: 0.4ms
[5.170s][info][gc,phases      ] GC(99)   Evacuate Collection Set: 4.6ms
[5.170s][info][gc,phases      ] GC(99)   Post Evacuate Collection Set: 0.6ms
[5.170s][info][gc,phases      ] GC(99)   Other: 0.1ms
[5.170s][info][gc,heap        ] GC(99) Eden regions: 44->0(44)
[5.170s][info][gc,heap        ] GC(99) Survivor regions: 7->7(7)
[5.170s][info][gc,heap        ] GC(99) Old regions: 814->859
[5.170s][info][gc,heap        ] GC(99) Archive regions: 0->0
[5.170s][info][gc,heap        ] GC(99) Humongous regions: 2->2
[5.170s][info][gc,metaspace   ] GC(99) Metaspace: 8184K(8384K)->8184K(8384K) NonClass: 7452K(7552K)->7452K(7552K) Class: 731K(832K)->731K(832K)
[5.170s][info][gc             ] GC(99) Pause Young (Concurrent Start) (G1 Evacuation Pause) 865M->866M(1024M) 5.988ms
[5.170s][info][gc,cpu         ] GC(99) User=0.11s Sys=0.00s Real=0.01s
[5.170s][info][gc             ] GC(100) Concurrent Mark Cycle
[5.170s][info][gc,marking     ] GC(100) Concurrent Clear Claimed Marks
[5.170s][info][gc,marking     ] GC(100) Concurrent Clear Claimed Marks 0.021ms
[5.170s][info][gc,marking     ] GC(100) Concurrent Scan Root Regions
[5.171s][info][gc,marking     ] GC(100) Concurrent Scan Root Regions 0.833ms
[5.171s][info][gc,marking     ] GC(100) Concurrent Mark
[5.171s][info][gc,marking     ] GC(100) Concurrent Mark From Roots
[5.171s][info][gc,task        ] GC(100) Using 6 workers of 6 for marking
[5.178s][info][gc,marking     ] GC(100) Concurrent Mark From Roots 7.010ms
[5.178s][info][gc,marking     ] GC(100) Concurrent Preclean
[5.178s][info][gc,marking     ] GC(100) Concurrent Preclean 0.097ms
[5.179s][info][gc,start       ] GC(100) Pause Remark
[5.180s][info][gc             ] GC(100) Pause Remark 873M->873M(1024M) 1.705ms
[5.180s][info][gc,cpu         ] GC(100) User=0.01s Sys=0.00s Real=0.00s
[5.180s][info][gc,marking     ] GC(100) Concurrent Mark 9.176ms
[5.180s][info][gc,marking     ] GC(100) Concurrent Rebuild Remembered Sets
[INFO] Iteration: 14800000
[5.193s][info][gc,marking     ] GC(100) Concurrent Rebuild Remembered Sets 12.962ms
[5.193s][info][gc,start       ] GC(100) Pause Cleanup
[5.194s][info][gc             ] GC(100) Pause Cleanup 878M->878M(1024M) 0.402ms
[5.194s][info][gc,cpu         ] GC(100) User=0.00s Sys=0.01s Real=0.00s
[5.194s][info][gc,marking     ] GC(100) Concurrent Cleanup for Next Mark
[5.195s][info][gc,marking     ] GC(100) Concurrent Cleanup for Next Mark 0.541ms
[5.195s][info][gc             ] GC(100) Concurrent Mark Cycle 24.372ms
[INFO] JVM Uptime: 5.19 seconds, OldGen Region Count: 859, OldGen Used Memory: 857.23 MB, OldGen Live Memory: 623.75 MB, Total count of old regions to be freed 224, Estimated memory to be freed: 68.74 MB, Estimated OldGen object count: 219449
[INFO] Average Region used: 99.79 %, Live percent of used: 72.76 %, Live percent of region size: 72.61 % 
[INFO] Number of keys in OldGen: 152763, Gap with estimated OldGen object: 66686 (260 MB) 
[INFO] Number of pre-LRU keys in OldGen: 197
[INFO] Iteration: 14900000
[INFO] JVM Uptime: 5.22 seconds, OldGen Region Count: 859, OldGen Used Memory: 857.23 MB, OldGen Live Memory: 623.75 MB, Total count of old regions to be freed 224, Estimated memory to be freed: 68.74 MB, Estimated OldGen object count: 219449
[INFO] Average Region used: 99.79 %, Live percent of used: 72.76 %, Live percent of region size: 72.61 % 
[INFO] Number of keys in OldGen: 147806, Gap with estimated OldGen object: 71643 (279 MB) 
[INFO] Number of pre-LRU keys in OldGen: 59
[5.233s][info][gc,start       ] GC(101) Pause Young (Prepare Mixed) (G1 Evacuation Pause)
[5.233s][info][gc,task        ] GC(101) Using 23 workers of 23 for evacuation
[5.239s][info][gc,phases      ] GC(101)   Pre Evacuate Collection Set: 0.2ms
[5.239s][info][gc,phases      ] GC(101)   Merge Heap Roots: 0.4ms
[5.239s][info][gc,phases      ] GC(101)   Evacuate Collection Set: 4.8ms
[5.239s][info][gc,phases      ] GC(101)   Post Evacuate Collection Set: 1.3ms
[5.239s][info][gc,phases      ] GC(101)   Other: 0.1ms
[5.239s][info][gc,heap        ] GC(101) Eden regions: 44->0(44)
[5.239s][info][gc,heap        ] GC(101) Survivor regions: 7->7(7)
[5.239s][info][gc,heap        ] GC(101) Old regions: 859->903
[5.239s][info][gc,heap        ] GC(101) Archive regions: 0->0
[5.239s][info][gc,heap        ] GC(101) Humongous regions: 2->2
[5.239s][info][gc,metaspace   ] GC(101) Metaspace: 8184K(8384K)->8184K(8384K) NonClass: 7452K(7552K)->7452K(7552K) Class: 731K(832K)->731K(832K)
[5.239s][info][gc             ] GC(101) Pause Young (Prepare Mixed) (G1 Evacuation Pause) 910M->910M(1024M) 6.854ms
[5.239s][info][gc,cpu         ] GC(101) User=0.10s Sys=0.00s Real=0.01s
[INFO] Iteration: 15000000
[INFO] JVM Uptime: 5.25 seconds, OldGen Region Count: 903, OldGen Used Memory: 901.75 MB, OldGen Live Memory: 668.28 MB, Total count of old regions to be freed 224, Estimated memory to be freed: 68.74 MB, Estimated OldGen object count: 230848
[INFO] Average Region used: 99.86 %, Live percent of used: 74.11 %, Live percent of region size: 74.01 % 
[INFO] Number of keys in OldGen: 152976, Gap with estimated OldGen object: 77872 (304 MB) 
[INFO] Number of pre-LRU keys in OldGen: 225
[5.272s][info][gc,start       ] GC(102) Pause Young (Mixed) (G1 Preventive Collection)
[5.272s][info][gc,task        ] GC(102) Using 23 workers of 23 for evacuation
[5.279s][info][gc             ] GC(102) To-space exhausted
[5.279s][info][gc,phases      ] GC(102)   Pre Evacuate Collection Set: 0.1ms
[5.279s][info][gc,phases      ] GC(102)   Merge Heap Roots: 0.6ms
[5.279s][info][gc,phases      ] GC(102)   Evacuate Collection Set: 6.0ms
[5.279s][info][gc,phases      ] GC(102)   Post Evacuate Collection Set: 1.0ms
[5.279s][info][gc,phases      ] GC(102)   Other: 0.1ms
[5.279s][info][gc,heap        ] GC(102) Eden regions: 32->0(44)
[5.279s][info][gc,heap        ] GC(102) Survivor regions: 7->7(7)
[5.279s][info][gc,heap        ] GC(102) Old regions: 903->1014
[5.279s][info][gc,heap        ] GC(102) Archive regions: 0->0
[5.279s][info][gc,heap        ] GC(102) Humongous regions: 2->2
[5.279s][info][gc,metaspace   ] GC(102) Metaspace: 8184K(8384K)->8184K(8384K) NonClass: 7452K(7552K)->7452K(7552K) Class: 731K(832K)->731K(832K)
[5.279s][info][gc             ] GC(102) Pause Young (Mixed) (G1 Preventive Collection) 942M->1021M(1024M) 7.740ms
[5.279s][info][gc,cpu         ] GC(102) User=0.15s Sys=0.00s Real=0.01s
[INFO] Iteration: 15100000
[INFO] JVM Uptime: 5.28 seconds, OldGen Region Count: 1014, OldGen Used Memory: 1012.75 MB, OldGen Live Memory: 691.70 MB, Total count of old regions to be freed 262, Estimated memory to be freed: 118.82 MB, Estimated OldGen object count: 259264
[INFO] Average Region used: 99.88 %, Live percent of used: 68.30 %, Live percent of region size: 68.21 % 
[INFO] Number of keys in OldGen: 155480, Gap with estimated OldGen object: 103784 (405 MB) 
[INFO] Number of pre-LRU keys in OldGen: 362
[5.297s][info][gc,start       ] GC(103) Pause Young (Mixed) (G1 Evacuation Pause)
[5.297s][info][gc,task        ] GC(103) Using 23 workers of 23 for evacuation
[5.303s][info][gc             ] GC(103) To-space exhausted
[5.303s][info][gc,phases      ] GC(103)   Pre Evacuate Collection Set: 0.1ms
[5.303s][info][gc,phases      ] GC(103)   Merge Heap Roots: 0.6ms
[5.303s][info][gc,phases      ] GC(103)   Evacuate Collection Set: 3.7ms
[5.303s][info][gc,phases      ] GC(103)   Post Evacuate Collection Set: 0.9ms
[5.303s][info][gc,phases      ] GC(103)   Other: 0.1ms
[5.303s][info][gc,heap        ] GC(103) Eden regions: 1->0(51)
[5.303s][info][gc,heap        ] GC(103) Survivor regions: 7->0(0)
[5.303s][info][gc,heap        ] GC(103) Old regions: 1014->1022
[5.303s][info][gc,heap        ] GC(103) Archive regions: 0->0
[5.303s][info][gc,heap        ] GC(103) Humongous regions: 2->2
[5.303s][info][gc,metaspace   ] GC(103) Metaspace: 8184K(8384K)->8184K(8384K) NonClass: 7452K(7552K)->7452K(7552K) Class: 731K(832K)->731K(832K)
[5.303s][info][gc             ] GC(103) Pause Young (Mixed) (G1 Evacuation Pause) 1022M->1022M(1024M) 5.379ms
[5.303s][info][gc,cpu         ] GC(103) User=0.09s Sys=0.00s Real=0.00s
[5.303s][info][gc,ergo        ] Attempting full compaction
[5.303s][info][gc,task        ] GC(104) Using 23 workers of 23 for full compaction
[5.303s][info][gc,start       ] GC(104) Pause Full (G1 Compaction Pause)
[5.303s][info][gc,phases,start] GC(104) Phase 1: Mark live objects
[5.308s][info][gc,phases      ] GC(104) Phase 1: Mark live objects 5.805ms
[5.309s][info][gc,phases,start] GC(104) Phase 2: Prepare for compaction
[5.310s][info][gc,phases      ] GC(104) Phase 2: Prepare for compaction 1.476ms
[5.310s][info][gc,phases,start] GC(104) Phase 3: Adjust pointers
[5.313s][info][gc,phases      ] GC(104) Phase 3: Adjust pointers 2.911ms
[5.313s][info][gc,phases,start] GC(104) Phase 4: Compact heap
[5.334s][info][gc,phases      ] GC(104) Phase 4: Compact heap 20.904ms
[5.335s][info][gc,heap        ] GC(104) Eden regions: 0->0(90)
[5.335s][info][gc,heap        ] GC(104) Survivor regions: 0->0(0)
[5.335s][info][gc,heap        ] GC(104) Old regions: 1022->642
[5.335s][info][gc,heap        ] GC(104) Archive regions: 0->0
[5.335s][info][gc,heap        ] GC(104) Humongous regions: 2->2
[5.335s][info][gc,metaspace   ] GC(104) Metaspace: 8184K(8384K)->8184K(8384K) NonClass: 7452K(7552K)->7452K(7552K) Class: 731K(832K)->731K(832K)
[5.335s][info][gc             ] GC(104) Pause Full (G1 Compaction Pause) 1022M->630M(1024M) 32.030ms
[5.335s][info][gc,cpu         ] GC(104) User=0.51s Sys=0.00s Real=0.03s
[INFO] Iteration: 15200000
[INFO] JVM Uptime: 5.35 seconds, OldGen Region Count: 642, OldGen Used Memory: 628.62 MB, OldGen Live Memory: 628.62 MB, Total count of old regions to be freed 0, Estimated memory to be freed: 0.00 MB, Estimated OldGen object count: 160925
[INFO] Average Region used: 97.92 %, Live percent of used: 100.00 %, Live percent of region size: 97.92 % 
[INFO] Number of keys in OldGen: 152536, Gap with estimated OldGen object: 8389 (32 MB) 
[INFO] Number of pre-LRU keys in OldGen: 61
[INFO] Iteration: 15300000
[INFO] JVM Uptime: 5.37 seconds, OldGen Region Count: 642, OldGen Used Memory: 628.62 MB, OldGen Live Memory: 628.62 MB, Total count of old regions to be freed 0, Estimated memory to be freed: 0.00 MB, Estimated OldGen object count: 160925
[INFO] Average Region used: 97.92 %, Live percent of used: 100.00 %, Live percent of region size: 97.92 % 
[INFO] Number of keys in OldGen: 147519, Gap with estimated OldGen object: 13406 (52 MB) 
[INFO] Number of pre-LRU keys in OldGen: 55
[INFO] Iteration: 15400000
[INFO] JVM Uptime: 5.39 seconds, OldGen Region Count: 642, OldGen Used Memory: 628.62 MB, OldGen Live Memory: 628.62 MB, Total count of old regions to be freed 0, Estimated memory to be freed: 0.00 MB, Estimated OldGen object count: 160925
[INFO] Average Region used: 97.92 %, Live percent of used: 100.00 %, Live percent of region size: 97.92 % 
[INFO] Number of keys in OldGen: 142557, Gap with estimated OldGen object: 18368 (71 MB) 
[INFO] Number of pre-LRU keys in OldGen: 59
[INFO] Iteration: 15500000
[INFO] JVM Uptime: 5.41 seconds, OldGen Region Count: 642, OldGen Used Memory: 628.62 MB, OldGen Live Memory: 628.62 MB, Total count of old regions to be freed 0, Estimated memory to be freed: 0.00 MB, Estimated OldGen object count: 160925
[INFO] Average Region used: 97.92 %, Live percent of used: 100.00 %, Live percent of region size: 97.92 % 
[INFO] Number of keys in OldGen: 137441, Gap with estimated OldGen object: 23484 (91 MB) 
[INFO] Number of pre-LRU keys in OldGen: 51
[5.423s][info][gc,start       ] GC(105) Pause Young (Normal) (G1 Evacuation Pause)
[5.423s][info][gc,task        ] GC(105) Using 23 workers of 23 for evacuation
[5.429s][info][gc,phases      ] GC(105)   Pre Evacuate Collection Set: 0.1ms
[5.429s][info][gc,phases      ] GC(105)   Merge Heap Roots: 0.4ms
[5.429s][info][gc,phases      ] GC(105)   Evacuate Collection Set: 5.1ms
[5.429s][info][gc,phases      ] GC(105)   Post Evacuate Collection Set: 0.2ms
[5.429s][info][gc,phases      ] GC(105)   Other: 0.1ms
[5.429s][info][gc,heap        ] GC(105) Eden regions: 90->0(62)
[5.429s][info][gc,heap        ] GC(105) Survivor regions: 0->12(12)
[5.429s][info][gc,heap        ] GC(105) Old regions: 642->716
[5.429s][info][gc,heap        ] GC(105) Archive regions: 0->0
[5.429s][info][gc,heap        ] GC(105) Humongous regions: 2->2
[5.429s][info][gc,metaspace   ] GC(105) Metaspace: 8184K(8384K)->8184K(8384K) NonClass: 7452K(7552K)->7452K(7552K) Class: 731K(832K)->731K(832K)
[5.429s][info][gc             ] GC(105) Pause Young (Normal) (G1 Evacuation Pause) 720M->716M(1024M) 5.853ms
[5.429s][info][gc,cpu         ] GC(105) User=0.11s Sys=0.00s Real=0.01s
[INFO] Iteration: 15600000
[INFO] JVM Uptime: 5.44 seconds, OldGen Region Count: 716, OldGen Used Memory: 702.46 MB, OldGen Live Memory: 702.46 MB, Total count of old regions to be freed 0, Estimated memory to be freed: 0.00 MB, Estimated OldGen object count: 179829
[INFO] Average Region used: 98.11 %, Live percent of used: 100.00 %, Live percent of region size: 98.11 % 
[INFO] Number of keys in OldGen: 150452, Gap with estimated OldGen object: 29377 (114 MB) 
[INFO] Number of pre-LRU keys in OldGen: 98
[INFO] Iteration: 15700000
[INFO] JVM Uptime: 5.46 seconds, OldGen Region Count: 716, OldGen Used Memory: 702.46 MB, OldGen Live Memory: 702.46 MB, Total count of old regions to be freed 0, Estimated memory to be freed: 0.00 MB, Estimated OldGen object count: 179829
[INFO] Average Region used: 98.11 %, Live percent of used: 100.00 %, Live percent of region size: 98.11 % 
[INFO] Number of keys in OldGen: 145473, Gap with estimated OldGen object: 34356 (134 MB) 
[INFO] Number of pre-LRU keys in OldGen: 66
[INFO] Iteration: 15800000
[INFO] JVM Uptime: 5.49 seconds, OldGen Region Count: 716, OldGen Used Memory: 702.46 MB, OldGen Live Memory: 702.46 MB, Total count of old regions to be freed 0, Estimated memory to be freed: 0.00 MB, Estimated OldGen object count: 179829
[INFO] Average Region used: 98.11 %, Live percent of used: 100.00 %, Live percent of region size: 98.11 % 
[INFO] Number of keys in OldGen: 140599, Gap with estimated OldGen object: 39230 (153 MB) 
[INFO] Number of pre-LRU keys in OldGen: 51
[5.501s][info][gc,start       ] GC(106) Pause Young (Concurrent Start) (G1 Evacuation Pause)
[5.501s][info][gc,task        ] GC(106) Using 23 workers of 23 for evacuation
[5.508s][info][gc,phases      ] GC(106)   Pre Evacuate Collection Set: 0.1ms
[5.508s][info][gc,phases      ] GC(106)   Merge Heap Roots: 0.4ms
[5.508s][info][gc,phases      ] GC(106)   Evacuate Collection Set: 5.5ms
[5.508s][info][gc,phases      ] GC(106)   Post Evacuate Collection Set: 0.4ms
[5.508s][info][gc,phases      ] GC(106)   Other: 0.2ms
[5.508s][info][gc,heap        ] GC(106) Eden regions: 62->0(41)
[5.508s][info][gc,heap        ] GC(106) Survivor regions: 12->10(10)
[5.508s][info][gc,heap        ] GC(106) Old regions: 716->781
[5.508s][info][gc,heap        ] GC(106) Archive regions: 0->0
[5.508s][info][gc,heap        ] GC(106) Humongous regions: 2->2
[5.508s][info][gc,metaspace   ] GC(106) Metaspace: 8184K(8384K)->8184K(8384K) NonClass: 7452K(7552K)->7452K(7552K) Class: 731K(832K)->731K(832K)
[5.508s][info][gc             ] GC(106) Pause Young (Concurrent Start) (G1 Evacuation Pause) 778M->779M(1024M) 6.603ms
[5.508s][info][gc,cpu         ] GC(106) User=0.12s Sys=0.00s Real=0.01s
[5.508s][info][gc             ] GC(107) Concurrent Mark Cycle
[5.508s][info][gc,marking     ] GC(107) Concurrent Clear Claimed Marks
[5.508s][info][gc,marking     ] GC(107) Concurrent Clear Claimed Marks 0.011ms
[5.508s][info][gc,marking     ] GC(107) Concurrent Scan Root Regions
[5.509s][info][gc,marking     ] GC(107) Concurrent Scan Root Regions 1.138ms
[5.509s][info][gc,marking     ] GC(107) Concurrent Mark
[5.509s][info][gc,marking     ] GC(107) Concurrent Mark From Roots
[5.509s][info][gc,task        ] GC(107) Using 6 workers of 6 for marking
[5.516s][info][gc,marking     ] GC(107) Concurrent Mark From Roots 7.197ms
[5.516s][info][gc,marking     ] GC(107) Concurrent Preclean
[5.517s][info][gc,marking     ] GC(107) Concurrent Preclean 0.096ms
[5.517s][info][gc,start       ] GC(107) Pause Remark
[5.519s][info][gc             ] GC(107) Pause Remark 786M->786M(1024M) 2.814ms
[5.519s][info][gc,cpu         ] GC(107) User=0.00s Sys=0.00s Real=0.00s
[5.520s][info][gc,marking     ] GC(107) Concurrent Mark 10.284ms
[5.520s][info][gc,marking     ] GC(107) Concurrent Rebuild Remembered Sets
[INFO] Iteration: 15900000
[5.533s][info][gc,marking     ] GC(107) Concurrent Rebuild Remembered Sets 12.984ms
[5.533s][info][gc,start       ] GC(107) Pause Cleanup
[5.533s][info][gc             ] GC(107) Pause Cleanup 798M->798M(1024M) 0.389ms
[5.533s][info][gc,cpu         ] GC(107) User=0.00s Sys=0.00s Real=0.00s
[5.533s][info][gc,marking     ] GC(107) Concurrent Cleanup for Next Mark
[5.534s][info][gc,marking     ] GC(107) Concurrent Cleanup for Next Mark 0.555ms
[5.534s][info][gc             ] GC(107) Concurrent Mark Cycle 25.713ms
[INFO] JVM Uptime: 5.53 seconds, OldGen Region Count: 781, OldGen Used Memory: 767.12 MB, OldGen Live Memory: 622.37 MB, Total count of old regions to be freed 144, Estimated memory to be freed: 32.31 MB, Estimated OldGen object count: 196381
[INFO] Average Region used: 98.22 %, Live percent of used: 81.13 %, Live percent of region size: 79.69 % 
[INFO] Number of keys in OldGen: 150289, Gap with estimated OldGen object: 46092 (180 MB) 
[INFO] Number of pre-LRU keys in OldGen: 70
[INFO] Iteration: 16000000
[INFO] JVM Uptime: 5.56 seconds, OldGen Region Count: 781, OldGen Used Memory: 767.12 MB, OldGen Live Memory: 622.37 MB, Total count of old regions to be freed 144, Estimated memory to be freed: 32.31 MB, Estimated OldGen object count: 196381
[INFO] Average Region used: 98.22 %, Live percent of used: 81.13 %, Live percent of region size: 79.69 % 
[INFO] Number of keys in OldGen: 145250, Gap with estimated OldGen object: 51131 (199 MB) 
[INFO] Number of pre-LRU keys in OldGen: 63
[5.568s][info][gc,start       ] GC(108) Pause Young (Prepare Mixed) (G1 Evacuation Pause)
[5.568s][info][gc,task        ] GC(108) Using 23 workers of 23 for evacuation
[5.575s][info][gc,phases      ] GC(108)   Pre Evacuate Collection Set: 0.3ms
[5.575s][info][gc,phases      ] GC(108)   Merge Heap Roots: 0.6ms
[5.575s][info][gc,phases      ] GC(108)   Evacuate Collection Set: 4.7ms
[5.575s][info][gc,phases      ] GC(108)   Post Evacuate Collection Set: 1.7ms
[5.575s][info][gc,phases      ] GC(108)   Other: 0.1ms
[5.575s][info][gc,heap        ] GC(108) Eden regions: 41->0(44)
[5.575s][info][gc,heap        ] GC(108) Survivor regions: 10->7(7)
[5.575s][info][gc,heap        ] GC(108) Old regions: 781->829
[5.575s][info][gc,heap        ] GC(108) Archive regions: 0->0
[5.575s][info][gc,heap        ] GC(108) Humongous regions: 2->2
[5.575s][info][gc,metaspace   ] GC(108) Metaspace: 8184K(8384K)->8184K(8384K) NonClass: 7452K(7552K)->7452K(7552K) Class: 731K(832K)->731K(832K)
[5.575s][info][gc             ] GC(108) Pause Young (Prepare Mixed) (G1 Evacuation Pause) 820M->824M(1024M) 7.415ms
[5.575s][info][gc,cpu         ] GC(108) User=0.10s Sys=0.00s Real=0.00s
[INFO] Iteration: 16100000
[INFO] JVM Uptime: 5.59 seconds, OldGen Region Count: 829, OldGen Used Memory: 815.12 MB, OldGen Live Memory: 670.37 MB, Total count of old regions to be freed 144, Estimated memory to be freed: 32.31 MB, Estimated OldGen object count: 208669
[INFO] Average Region used: 98.33 %, Live percent of used: 82.24 %, Live percent of region size: 80.86 % 
[INFO] Number of keys in OldGen: 150527, Gap with estimated OldGen object: 58142 (227 MB) 
[INFO] Number of pre-LRU keys in OldGen: 59
[INFO] Iteration: 16200000
[INFO] JVM Uptime: 5.61 seconds, OldGen Region Count: 829, OldGen Used Memory: 815.12 MB, OldGen Live Memory: 670.37 MB, Total count of old regions to be freed 144, Estimated memory to be freed: 32.31 MB, Estimated OldGen object count: 208669
[INFO] Average Region used: 98.33 %, Live percent of used: 82.24 %, Live percent of region size: 80.86 % 
[INFO] Number of keys in OldGen: 145573, Gap with estimated OldGen object: 63096 (246 MB) 
[INFO] Number of pre-LRU keys in OldGen: 56
[5.622s][info][gc,start       ] GC(109) Pause Young (Mixed) (G1 Evacuation Pause)
[5.622s][info][gc,task        ] GC(109) Using 23 workers of 23 for evacuation
[5.630s][info][gc,phases      ] GC(109)   Pre Evacuate Collection Set: 0.4ms
[5.630s][info][gc,phases      ] GC(109)   Merge Heap Roots: 0.6ms
[5.630s][info][gc,phases      ] GC(109)   Evacuate Collection Set: 6.7ms
[5.630s][info][gc,phases      ] GC(109)   Post Evacuate Collection Set: 0.8ms
[5.630s][info][gc,phases      ] GC(109)   Other: 0.1ms
[5.630s][info][gc,heap        ] GC(109) Eden regions: 44->0(44)
[5.630s][info][gc,heap        ] GC(109) Survivor regions: 7->7(7)
[5.630s][info][gc,heap        ] GC(109) Old regions: 829->828
[5.630s][info][gc,heap        ] GC(109) Archive regions: 0->0
[5.630s][info][gc,heap        ] GC(109) Humongous regions: 2->2
[5.630s][info][gc,metaspace   ] GC(109) Metaspace: 8184K(8384K)->8184K(8384K) NonClass: 7452K(7552K)->7452K(7552K) Class: 731K(832K)->731K(832K)
[5.630s][info][gc             ] GC(109) Pause Young (Mixed) (G1 Evacuation Pause) 868M->836M(1024M) 8.736ms
[5.630s][info][gc,cpu         ] GC(109) User=0.16s Sys=0.00s Real=0.01s
[INFO] Iteration: 16300000
[INFO] JVM Uptime: 5.64 seconds, OldGen Region Count: 828, OldGen Used Memory: 827.07 MB, OldGen Live Memory: 706.75 MB, Total count of old regions to be freed 122, Estimated memory to be freed: 25.39 MB, Estimated OldGen object count: 211729
[INFO] Average Region used: 99.89 %, Live percent of used: 85.45 %, Live percent of region size: 85.36 % 
[INFO] Number of keys in OldGen: 150772, Gap with estimated OldGen object: 60957 (238 MB) 
[INFO] Number of pre-LRU keys in OldGen: 70
[INFO] Iteration: 16400000
[INFO] JVM Uptime: 5.67 seconds, OldGen Region Count: 828, OldGen Used Memory: 827.07 MB, OldGen Live Memory: 706.75 MB, Total count of old regions to be freed 122, Estimated memory to be freed: 25.39 MB, Estimated OldGen object count: 211729
[INFO] Average Region used: 99.89 %, Live percent of used: 85.45 %, Live percent of region size: 85.36 % 
[INFO] Number of keys in OldGen: 145712, Gap with estimated OldGen object: 66017 (257 MB) 
[INFO] Number of pre-LRU keys in OldGen: 56
[5.677s][info][gc,start       ] GC(110) Pause Young (Mixed) (G1 Evacuation Pause)
[5.677s][info][gc,task        ] GC(110) Using 23 workers of 23 for evacuation
[5.686s][info][gc,phases      ] GC(110)   Pre Evacuate Collection Set: 0.1ms
[5.686s][info][gc,phases      ] GC(110)   Merge Heap Roots: 0.6ms
[5.686s][info][gc,phases      ] GC(110)   Evacuate Collection Set: 7.3ms
[5.686s][info][gc,phases      ] GC(110)   Post Evacuate Collection Set: 1.0ms
[5.686s][info][gc,phases      ] GC(110)   Other: 0.1ms
[5.686s][info][gc,heap        ] GC(110) Eden regions: 44->0(44)
[5.686s][info][gc,heap        ] GC(110) Survivor regions: 7->7(7)
[5.686s][info][gc,heap        ] GC(110) Old regions: 828->836
[5.686s][info][gc,heap        ] GC(110) Archive regions: 0->0
[5.686s][info][gc,heap        ] GC(110) Humongous regions: 2->2
[5.686s][info][gc,metaspace   ] GC(110) Metaspace: 8184K(8384K)->8184K(8384K) NonClass: 7452K(7552K)->7452K(7552K) Class: 731K(832K)->731K(832K)
[5.686s][info][gc             ] GC(110) Pause Young (Mixed) (G1 Evacuation Pause) 880M->844M(1024M) 9.044ms
[5.686s][info][gc,cpu         ] GC(110) User=0.17s Sys=0.00s Real=0.01s
[INFO] Iteration: 16500000
[INFO] JVM Uptime: 5.70 seconds, OldGen Region Count: 836, OldGen Used Memory: 835.27 MB, OldGen Live Memory: 740.41 MB, Total count of old regions to be freed 108, Estimated memory to be freed: 21.90 MB, Estimated OldGen object count: 213829
[INFO] Average Region used: 99.91 %, Live percent of used: 88.64 %, Live percent of region size: 88.57 % 
[INFO] Number of keys in OldGen: 150887, Gap with estimated OldGen object: 62942 (245 MB) 
[INFO] Number of pre-LRU keys in OldGen: 59
[INFO] Iteration: 16600000
[INFO] JVM Uptime: 5.72 seconds, OldGen Region Count: 836, OldGen Used Memory: 835.27 MB, OldGen Live Memory: 740.41 MB, Total count of old regions to be freed 108, Estimated memory to be freed: 21.90 MB, Estimated OldGen object count: 213829
[INFO] Average Region used: 99.91 %, Live percent of used: 88.64 %, Live percent of region size: 88.57 % 
[INFO] Number of keys in OldGen: 145970, Gap with estimated OldGen object: 67859 (265 MB) 
[INFO] Number of pre-LRU keys in OldGen: 54
[5.733s][info][gc,start       ] GC(111) Pause Young (Mixed) (G1 Evacuation Pause)
[5.733s][info][gc,task        ] GC(111) Using 23 workers of 23 for evacuation
[5.741s][info][gc,phases      ] GC(111)   Pre Evacuate Collection Set: 0.1ms
[5.741s][info][gc,phases      ] GC(111)   Merge Heap Roots: 0.6ms
[5.741s][info][gc,phases      ] GC(111)   Evacuate Collection Set: 6.9ms
[5.741s][info][gc,phases      ] GC(111)   Post Evacuate Collection Set: 1.0ms
[5.741s][info][gc,phases      ] GC(111)   Other: 0.1ms
[5.741s][info][gc,heap        ] GC(111) Eden regions: 44->0(44)
[5.741s][info][gc,heap        ] GC(111) Survivor regions: 7->7(7)
[5.741s][info][gc,heap        ] GC(111) Old regions: 836->841
[5.741s][info][gc,heap        ] GC(111) Archive regions: 0->0
[5.741s][info][gc,heap        ] GC(111) Humongous regions: 2->2
[5.741s][info][gc,metaspace   ] GC(111) Metaspace: 8184K(8384K)->8184K(8384K) NonClass: 7452K(7552K)->7452K(7552K) Class: 731K(832K)->731K(832K)
[5.741s][info][gc             ] GC(111) Pause Young (Mixed) (G1 Evacuation Pause) 888M->849M(1024M) 8.765ms
[5.741s][info][gc,cpu         ] GC(111) User=0.16s Sys=0.00s Real=0.01s
[INFO] Iteration: 16700000
[INFO] JVM Uptime: 5.75 seconds, OldGen Region Count: 841, OldGen Used Memory: 840.46 MB, OldGen Live Memory: 769.43 MB, Total count of old regions to be freed 88, Estimated memory to be freed: 17.25 MB, Estimated OldGen object count: 215158
[INFO] Average Region used: 99.94 %, Live percent of used: 91.55 %, Live percent of region size: 91.49 % 
[INFO] Number of keys in OldGen: 151058, Gap with estimated OldGen object: 64100 (250 MB) 
[INFO] Number of pre-LRU keys in OldGen: 65
[INFO] Iteration: 16800000
[INFO] JVM Uptime: 5.78 seconds, OldGen Region Count: 841, OldGen Used Memory: 840.46 MB, OldGen Live Memory: 769.43 MB, Total count of old regions to be freed 88, Estimated memory to be freed: 17.25 MB, Estimated OldGen object count: 215158
[INFO] Average Region used: 99.94 %, Live percent of used: 91.55 %, Live percent of region size: 91.49 % 
[INFO] Number of keys in OldGen: 146047, Gap with estimated OldGen object: 69111 (269 MB) 
[INFO] Number of pre-LRU keys in OldGen: 65
[5.788s][info][gc,start       ] GC(112) Pause Young (Mixed) (G1 Evacuation Pause)
[5.788s][info][gc,task        ] GC(112) Using 23 workers of 23 for evacuation
[5.796s][info][gc,phases      ] GC(112)   Pre Evacuate Collection Set: 0.1ms
[5.796s][info][gc,phases      ] GC(112)   Merge Heap Roots: 0.6ms
[5.796s][info][gc,phases      ] GC(112)   Evacuate Collection Set: 6.2ms
[5.796s][info][gc,phases      ] GC(112)   Post Evacuate Collection Set: 0.5ms
[5.796s][info][gc,phases      ] GC(112)   Other: 0.1ms
[5.796s][info][gc,heap        ] GC(112) Eden regions: 44->0(44)
[5.796s][info][gc,heap        ] GC(112) Survivor regions: 7->7(7)
[5.796s][info][gc,heap        ] GC(112) Old regions: 841->856
[5.796s][info][gc,heap        ] GC(112) Archive regions: 0->0
[5.796s][info][gc,heap        ] GC(112) Humongous regions: 2->2
[5.796s][info][gc,metaspace   ] GC(112) Metaspace: 8184K(8384K)->8184K(8384K) NonClass: 7452K(7552K)->7452K(7552K) Class: 731K(832K)->731K(832K)
[5.796s][info][gc             ] GC(112) Pause Young (Mixed) (G1 Evacuation Pause) 893M->864M(1024M) 7.569ms
[5.796s][info][gc,cpu         ] GC(112) User=0.14s Sys=0.00s Real=0.00s
[INFO] Iteration: 16900000
[INFO] JVM Uptime: 5.81 seconds, OldGen Region Count: 856, OldGen Used Memory: 855.59 MB, OldGen Live Memory: 800.01 MB, Total count of old regions to be freed 77, Estimated memory to be freed: 14.80 MB, Estimated OldGen object count: 219030
[INFO] Average Region used: 99.95 %, Live percent of used: 93.50 %, Live percent of region size: 93.46 % 
[INFO] Number of keys in OldGen: 151162, Gap with estimated OldGen object: 67868 (265 MB) 
[INFO] Number of pre-LRU keys in OldGen: 96
[INFO] Iteration: 17000000
[INFO] JVM Uptime: 5.83 seconds, OldGen Region Count: 856, OldGen Used Memory: 855.59 MB, OldGen Live Memory: 800.01 MB, Total count of old regions to be freed 77, Estimated memory to be freed: 14.80 MB, Estimated OldGen object count: 219030
[INFO] Average Region used: 99.95 %, Live percent of used: 93.50 %, Live percent of region size: 93.46 % 
[INFO] Number of keys in OldGen: 146189, Gap with estimated OldGen object: 72841 (284 MB) 
[INFO] Number of pre-LRU keys in OldGen: 65
[5.844s][info][gc,start       ] GC(113) Pause Young (Concurrent Start) (G1 Evacuation Pause)
[5.844s][info][gc,task        ] GC(113) Using 23 workers of 23 for evacuation
[5.851s][info][gc,phases      ] GC(113)   Pre Evacuate Collection Set: 0.1ms
[5.851s][info][gc,phases      ] GC(113)   Merge Heap Roots: 0.4ms
[5.851s][info][gc,phases      ] GC(113)   Evacuate Collection Set: 4.9ms
[5.851s][info][gc,phases      ] GC(113)   Post Evacuate Collection Set: 1.3ms
[5.851s][info][gc,phases      ] GC(113)   Other: 0.1ms
[5.851s][info][gc,heap        ] GC(113) Eden regions: 44->0(44)
[5.851s][info][gc,heap        ] GC(113) Survivor regions: 7->7(7)
[5.851s][info][gc,heap        ] GC(113) Old regions: 856->902
[5.851s][info][gc,heap        ] GC(113) Archive regions: 0->0
[5.851s][info][gc,heap        ] GC(113) Humongous regions: 2->2
[5.851s][info][gc,metaspace   ] GC(113) Metaspace: 8184K(8384K)->8184K(8384K) NonClass: 7452K(7552K)->7452K(7552K) Class: 731K(832K)->731K(832K)
[5.851s][info][gc             ] GC(113) Pause Young (Concurrent Start) (G1 Evacuation Pause) 908M->910M(1024M) 6.852ms
[5.851s][info][gc,cpu         ] GC(113) User=0.11s Sys=0.00s Real=0.01s
[5.851s][info][gc             ] GC(114) Concurrent Mark Cycle
[5.851s][info][gc,marking     ] GC(114) Concurrent Clear Claimed Marks
[5.851s][info][gc,marking     ] GC(114) Concurrent Clear Claimed Marks 0.010ms
[5.851s][info][gc,marking     ] GC(114) Concurrent Scan Root Regions
[5.852s][info][gc,marking     ] GC(114) Concurrent Scan Root Regions 0.839ms
[5.852s][info][gc,marking     ] GC(114) Concurrent Mark
[5.852s][info][gc,marking     ] GC(114) Concurrent Mark From Roots
[5.852s][info][gc,task        ] GC(114) Using 6 workers of 6 for marking
[5.859s][info][gc,marking     ] GC(114) Concurrent Mark From Roots 7.715ms
[5.859s][info][gc,marking     ] GC(114) Concurrent Preclean
[5.860s][info][gc,marking     ] GC(114) Concurrent Preclean 0.121ms
[5.860s][info][gc,start       ] GC(114) Pause Remark
[5.862s][info][gc             ] GC(114) Pause Remark 918M->917M(1024M) 2.602ms
[5.863s][info][gc,cpu         ] GC(114) User=0.01s Sys=0.00s Real=0.00s
[5.863s][info][gc,marking     ] GC(114) Concurrent Mark 10.943ms
[5.863s][info][gc,marking     ] GC(114) Concurrent Rebuild Remembered Sets
[INFO] Iteration: 17100000
[5.875s][info][gc,marking     ] GC(114) Concurrent Rebuild Remembered Sets 12.252ms
[5.875s][info][gc,start       ] GC(114) Pause Cleanup
[5.876s][info][gc             ] GC(114) Pause Cleanup 928M->928M(1024M) 0.562ms
[5.876s][info][gc,cpu         ] GC(114) User=0.01s Sys=0.00s Real=0.00s
[5.876s][info][gc,marking     ] GC(114) Concurrent Cleanup for Next Mark
[5.876s][info][gc,marking     ] GC(114) Concurrent Cleanup for Next Mark 0.537ms
[5.877s][info][gc             ] GC(114) Concurrent Mark Cycle 25.703ms
[INFO] JVM Uptime: 5.87 seconds, OldGen Region Count: 901, OldGen Used Memory: 900.59 MB, OldGen Live Memory: 624.76 MB, Total count of old regions to be freed 496, Estimated memory to be freed: 172.18 MB, Estimated OldGen object count: 230550
[INFO] Average Region used: 99.95 %, Live percent of used: 69.37 %, Live percent of region size: 69.34 % 
[INFO] Number of keys in OldGen: 151337, Gap with estimated OldGen object: 79213 (309 MB) 
[INFO] Number of pre-LRU keys in OldGen: 97
[INFO] Iteration: 17200000
[INFO] JVM Uptime: 5.90 seconds, OldGen Region Count: 901, OldGen Used Memory: 900.59 MB, OldGen Live Memory: 624.76 MB, Total count of old regions to be freed 496, Estimated memory to be freed: 172.18 MB, Estimated OldGen object count: 230550
[INFO] Average Region used: 99.95 %, Live percent of used: 69.37 %, Live percent of region size: 69.34 % 
[INFO] Number of keys in OldGen: 146312, Gap with estimated OldGen object: 84238 (329 MB) 
[INFO] Number of pre-LRU keys in OldGen: 45
[5.914s][info][gc,start       ] GC(115) Pause Young (Prepare Mixed) (G1 Evacuation Pause)
[5.914s][info][gc,task        ] GC(115) Using 23 workers of 23 for evacuation
[5.920s][info][gc,phases      ] GC(115)   Pre Evacuate Collection Set: 0.3ms
[5.921s][info][gc,phases      ] GC(115)   Merge Heap Roots: 0.8ms
[5.921s][info][gc,phases      ] GC(115)   Evacuate Collection Set: 4.5ms
[5.921s][info][gc,phases      ] GC(115)   Post Evacuate Collection Set: 1.0ms
[5.921s][info][gc,phases      ] GC(115)   Other: 0.1ms
[5.921s][info][gc,heap        ] GC(115) Eden regions: 44->0(44)
[5.921s][info][gc,heap        ] GC(115) Survivor regions: 7->7(7)
[5.921s][info][gc,heap        ] GC(115) Old regions: 901->947
[5.921s][info][gc,heap        ] GC(115) Archive regions: 0->0
[5.921s][info][gc,heap        ] GC(115) Humongous regions: 2->2
[5.921s][info][gc,metaspace   ] GC(115) Metaspace: 8184K(8384K)->8184K(8384K) NonClass: 7452K(7552K)->7452K(7552K) Class: 731K(832K)->731K(832K)
[5.921s][info][gc             ] GC(115) Pause Young (Prepare Mixed) (G1 Evacuation Pause) 953M->955M(1024M) 6.761ms
[5.921s][info][gc,cpu         ] GC(115) User=0.11s Sys=0.00s Real=0.01s
[INFO] Iteration: 17300000
[INFO] JVM Uptime: 5.93 seconds, OldGen Region Count: 947, OldGen Used Memory: 946.59 MB, OldGen Live Memory: 670.76 MB, Total count of old regions to be freed 496, Estimated memory to be freed: 172.18 MB, Estimated OldGen object count: 242326
[INFO] Average Region used: 99.96 %, Live percent of used: 70.86 %, Live percent of region size: 70.83 % 
[INFO] Number of keys in OldGen: 151611, Gap with estimated OldGen object: 90715 (354 MB) 
[INFO] Number of pre-LRU keys in OldGen: 130
[5.945s][info][gc,start       ] GC(116) Pause Young (Mixed) (G1 Preventive Collection)
[5.945s][info][gc,task        ] GC(116) Using 23 workers of 23 for evacuation
[5.953s][info][gc             ] GC(116) To-space exhausted
[5.953s][info][gc,phases      ] GC(116)   Pre Evacuate Collection Set: 0.2ms
[5.953s][info][gc,phases      ] GC(116)   Merge Heap Roots: 0.7ms
[5.953s][info][gc,phases      ] GC(116)   Evacuate Collection Set: 5.2ms
[5.953s][info][gc,phases      ] GC(116)   Post Evacuate Collection Set: 1.7ms
[5.953s][info][gc,phases      ] GC(116)   Other: 0.1ms
[5.953s][info][gc,heap        ] GC(116) Eden regions: 20->0(44)
[5.953s][info][gc,heap        ] GC(116) Survivor regions: 7->7(7)
[5.953s][info][gc,heap        ] GC(116) Old regions: 947->1014
[5.953s][info][gc,heap        ] GC(116) Archive regions: 0->0
[5.953s][info][gc,heap        ] GC(116) Humongous regions: 2->2
[5.953s][info][gc,metaspace   ] GC(116) Metaspace: 8184K(8384K)->8184K(8384K) NonClass: 7452K(7552K)->7452K(7552K) Class: 731K(832K)->731K(832K)
[5.953s][info][gc             ] GC(116) Pause Young (Mixed) (G1 Preventive Collection) 975M->1022M(1024M) 7.931ms
[5.953s][info][gc,cpu         ] GC(116) User=0.12s Sys=0.00s Real=0.01s
[5.954s][info][gc,start       ] GC(117) Pause Young (Mixed) (G1 Evacuation Pause)
[5.954s][info][gc,task        ] GC(117) Using 23 workers of 23 for evacuation
[5.960s][info][gc             ] GC(117) To-space exhausted
[5.960s][info][gc,phases      ] GC(117)   Pre Evacuate Collection Set: 0.3ms
[5.960s][info][gc,phases      ] GC(117)   Merge Heap Roots: 0.6ms
[5.960s][info][gc,phases      ] GC(117)   Evacuate Collection Set: 3.0ms
[5.960s][info][gc,phases      ] GC(117)   Post Evacuate Collection Set: 2.0ms
[5.960s][info][gc,phases      ] GC(117)   Other: 0.1ms
[5.960s][info][gc,heap        ] GC(117) Eden regions: 1->0(51)
[5.960s][info][gc,heap        ] GC(117) Survivor regions: 7->0(0)
[5.960s][info][gc,heap        ] GC(117) Old regions: 1014->1022
[5.960s][info][gc,heap        ] GC(117) Archive regions: 0->0
[5.960s][info][gc,heap        ] GC(117) Humongous regions: 2->2
[5.960s][info][gc,metaspace   ] GC(117) Metaspace: 8184K(8384K)->8184K(8384K) NonClass: 7452K(7552K)->7452K(7552K) Class: 731K(832K)->731K(832K)
[5.960s][info][gc             ] GC(117) Pause Young (Mixed) (G1 Evacuation Pause) 1023M->1023M(1024M) 5.998ms
[5.960s][info][gc,cpu         ] GC(117) User=0.07s Sys=0.00s Real=0.01s
[5.960s][info][gc,ergo        ] Attempting full compaction
[5.960s][info][gc,task        ] GC(118) Using 23 workers of 23 for full compaction
[5.960s][info][gc,start       ] GC(118) Pause Full (G1 Compaction Pause)
[5.960s][info][gc,phases,start] GC(118) Phase 1: Mark live objects
[5.966s][info][gc,phases      ] GC(118) Phase 1: Mark live objects 5.085ms
[5.966s][info][gc,phases,start] GC(118) Phase 2: Prepare for compaction
[5.967s][info][gc,phases      ] GC(118) Phase 2: Prepare for compaction 1.659ms
[5.967s][info][gc,phases,start] GC(118) Phase 3: Adjust pointers
[5.971s][info][gc,phases      ] GC(118) Phase 3: Adjust pointers 3.652ms
[5.971s][info][gc,phases,start] GC(118) Phase 4: Compact heap
[5.993s][info][gc,phases      ] GC(118) Phase 4: Compact heap 22.168ms
[5.994s][info][gc,heap        ] GC(118) Eden regions: 0->0(91)
[5.994s][info][gc,heap        ] GC(118) Survivor regions: 0->0(0)
[5.994s][info][gc,heap        ] GC(118) Old regions: 1022->639
[5.994s][info][gc,heap        ] GC(118) Archive regions: 0->0
[5.994s][info][gc,heap        ] GC(118) Humongous regions: 2->2
[5.994s][info][gc,metaspace   ] GC(118) Metaspace: 8184K(8384K)->8184K(8384K) NonClass: 7452K(7552K)->7452K(7552K) Class: 731K(832K)->731K(832K)
[5.994s][info][gc             ] GC(118) Pause Full (G1 Compaction Pause) 1023M->630M(1024M) 33.604ms
[5.994s][info][gc,cpu         ] GC(118) User=0.53s Sys=0.01s Real=0.03s
[INFO] Iteration: 17400000
[INFO] JVM Uptime: 6.01 seconds, OldGen Region Count: 639, OldGen Used Memory: 628.00 MB, OldGen Live Memory: 628.00 MB, Total count of old regions to be freed 0, Estimated memory to be freed: 0.00 MB, Estimated OldGen object count: 160768
[INFO] Average Region used: 98.28 %, Live percent of used: 100.00 %, Live percent of region size: 98.28 % 
[INFO] Number of keys in OldGen: 153224, Gap with estimated OldGen object: 7544 (29 MB) 
[INFO] Number of pre-LRU keys in OldGen: 112
[INFO] Iteration: 17500000
[INFO] JVM Uptime: 6.03 seconds, OldGen Region Count: 639, OldGen Used Memory: 628.00 MB, OldGen Live Memory: 628.00 MB, Total count of old regions to be freed 0, Estimated memory to be freed: 0.00 MB, Estimated OldGen object count: 160768
[INFO] Average Region used: 98.28 %, Live percent of used: 100.00 %, Live percent of region size: 98.28 % 
[INFO] Number of keys in OldGen: 148241, Gap with estimated OldGen object: 12527 (48 MB) 
[INFO] Number of pre-LRU keys in OldGen: 56
[INFO] Iteration: 17600000
[INFO] JVM Uptime: 6.05 seconds, OldGen Region Count: 639, OldGen Used Memory: 628.00 MB, OldGen Live Memory: 628.00 MB, Total count of old regions to be freed 0, Estimated memory to be freed: 0.00 MB, Estimated OldGen object count: 160768
[INFO] Average Region used: 98.28 %, Live percent of used: 100.00 %, Live percent of region size: 98.28 % 
[INFO] Number of keys in OldGen: 143325, Gap with estimated OldGen object: 17443 (68 MB) 
[INFO] Number of pre-LRU keys in OldGen: 49
[INFO] Iteration: 17700000
[INFO] JVM Uptime: 6.07 seconds, OldGen Region Count: 639, OldGen Used Memory: 628.00 MB, OldGen Live Memory: 628.00 MB, Total count of old regions to be freed 0, Estimated memory to be freed: 0.00 MB, Estimated OldGen object count: 160768
[INFO] Average Region used: 98.28 %, Live percent of used: 100.00 %, Live percent of region size: 98.28 % 
[INFO] Number of keys in OldGen: 138402, Gap with estimated OldGen object: 22366 (87 MB) 
[INFO] Number of pre-LRU keys in OldGen: 58
[6.086s][info][gc,start       ] GC(119) Pause Young (Normal) (G1 Evacuation Pause)
[6.086s][info][gc,task        ] GC(119) Using 23 workers of 23 for evacuation
[6.092s][info][gc,phases      ] GC(119)   Pre Evacuate Collection Set: 0.3ms
[6.092s][info][gc,phases      ] GC(119)   Merge Heap Roots: 0.5ms
[6.092s][info][gc,phases      ] GC(119)   Evacuate Collection Set: 5.1ms
[6.092s][info][gc,phases      ] GC(119)   Post Evacuate Collection Set: 0.7ms
[6.092s][info][gc,phases      ] GC(119)   Other: 0.1ms
[6.092s][info][gc,heap        ] GC(119) Eden regions: 91->0(62)
[6.092s][info][gc,heap        ] GC(119) Survivor regions: 0->12(12)
[6.092s][info][gc,heap        ] GC(119) Old regions: 639->715
[6.092s][info][gc,heap        ] GC(119) Archive regions: 0->0
[6.092s][info][gc,heap        ] GC(119) Humongous regions: 2->2
[6.092s][info][gc,metaspace   ] GC(119) Metaspace: 8184K(8384K)->8184K(8384K) NonClass: 7452K(7552K)->7452K(7552K) Class: 731K(832K)->731K(832K)
[6.092s][info][gc             ] GC(119) Pause Young (Normal) (G1 Evacuation Pause) 721M->717M(1024M) 6.738ms
[6.092s][info][gc,cpu         ] GC(119) User=0.11s Sys=0.01s Real=0.01s
[INFO] Iteration: 17800000
[INFO] JVM Uptime: 6.10 seconds, OldGen Region Count: 715, OldGen Used Memory: 703.36 MB, OldGen Live Memory: 703.36 MB, Total count of old regions to be freed 0, Estimated memory to be freed: 0.00 MB, Estimated OldGen object count: 180060
[INFO] Average Region used: 98.37 %, Live percent of used: 100.00 %, Live percent of region size: 98.37 % 
[INFO] Number of keys in OldGen: 151649, Gap with estimated OldGen object: 28411 (110 MB) 
[INFO] Number of pre-LRU keys in OldGen: 223
[INFO] Iteration: 17900000
[INFO] JVM Uptime: 6.13 seconds, OldGen Region Count: 715, OldGen Used Memory: 703.36 MB, OldGen Live Memory: 703.36 MB, Total count of old regions to be freed 0, Estimated memory to be freed: 0.00 MB, Estimated OldGen object count: 180060
[INFO] Average Region used: 98.37 %, Live percent of used: 100.00 %, Live percent of region size: 98.37 % 
[INFO] Number of keys in OldGen: 146665, Gap with estimated OldGen object: 33395 (130 MB) 
[INFO] Number of pre-LRU keys in OldGen: 57
[INFO] Iteration: 18000000
[INFO] JVM Uptime: 6.15 seconds, OldGen Region Count: 715, OldGen Used Memory: 703.36 MB, OldGen Live Memory: 703.36 MB, Total count of old regions to be freed 0, Estimated memory to be freed: 0.00 MB, Estimated OldGen object count: 180060
[INFO] Average Region used: 98.37 %, Live percent of used: 100.00 %, Live percent of region size: 98.37 % 
[INFO] Number of keys in OldGen: 141744, Gap with estimated OldGen object: 38316 (149 MB) 
[INFO] Number of pre-LRU keys in OldGen: 50
[6.162s][info][gc,start       ] GC(120) Pause Young (Concurrent Start) (G1 Evacuation Pause)
[6.162s][info][gc,task        ] GC(120) Using 23 workers of 23 for evacuation
[6.168s][info][gc,phases      ] GC(120)   Pre Evacuate Collection Set: 0.4ms
[6.168s][info][gc,phases      ] GC(120)   Merge Heap Roots: 0.6ms
[6.168s][info][gc,phases      ] GC(120)   Evacuate Collection Set: 4.9ms
[6.168s][info][gc,phases      ] GC(120)   Post Evacuate Collection Set: 0.7ms
[6.168s][info][gc,phases      ] GC(120)   Other: 0.2ms
[6.168s][info][gc,heap        ] GC(120) Eden regions: 62->0(41)
[6.168s][info][gc,heap        ] GC(120) Survivor regions: 12->10(10)
[6.168s][info][gc,heap        ] GC(120) Old regions: 715->781
[6.168s][info][gc,heap        ] GC(120) Archive regions: 0->0
[6.168s][info][gc,heap        ] GC(120) Humongous regions: 2->2
[6.168s][info][gc,metaspace   ] GC(120) Metaspace: 8184K(8384K)->8184K(8384K) NonClass: 7452K(7552K)->7452K(7552K) Class: 731K(832K)->731K(832K)
[6.169s][info][gc             ] GC(120) Pause Young (Concurrent Start) (G1 Evacuation Pause) 779M->781M(1024M) 6.812ms
[6.169s][info][gc,cpu         ] GC(120) User=0.11s Sys=0.00s Real=0.01s
[6.169s][info][gc             ] GC(121) Concurrent Mark Cycle
[6.169s][info][gc,marking     ] GC(121) Concurrent Clear Claimed Marks
[6.169s][info][gc,marking     ] GC(121) Concurrent Clear Claimed Marks 0.014ms
[6.169s][info][gc,marking     ] GC(121) Concurrent Scan Root Regions
[6.170s][info][gc,marking     ] GC(121) Concurrent Scan Root Regions 0.952ms
[6.170s][info][gc,marking     ] GC(121) Concurrent Mark
[6.170s][info][gc,marking     ] GC(121) Concurrent Mark From Roots
[6.170s][info][gc,task        ] GC(121) Using 6 workers of 6 for marking
[6.176s][info][gc,marking     ] GC(121) Concurrent Mark From Roots 6.738ms
[6.176s][info][gc,marking     ] GC(121) Concurrent Preclean
[6.176s][info][gc,marking     ] GC(121) Concurrent Preclean 0.063ms
[6.177s][info][gc,start       ] GC(121) Pause Remark
[6.179s][info][gc             ] GC(121) Pause Remark 788M->788M(1024M) 1.861ms
[6.179s][info][gc,cpu         ] GC(121) User=0.01s Sys=0.00s Real=0.00s
[6.179s][info][gc,marking     ] GC(121) Concurrent Mark 9.032ms
[6.179s][info][gc,marking     ] GC(121) Concurrent Rebuild Remembered Sets
[INFO] Iteration: 18100000
[6.191s][info][gc,marking     ] GC(121) Concurrent Rebuild Remembered Sets 11.940ms
[6.191s][info][gc,start       ] GC(121) Pause Cleanup
[6.191s][info][gc             ] GC(121) Pause Cleanup 795M->795M(1024M) 0.390ms
[6.191s][info][gc,cpu         ] GC(121) User=0.00s Sys=0.00s Real=0.00s
[6.191s][info][gc,marking     ] GC(121) Concurrent Cleanup for Next Mark
[6.191s][info][gc,marking     ] GC(121) Concurrent Cleanup for Next Mark 0.349ms
[6.191s][info][gc             ] GC(121) Concurrent Mark Cycle 22.943ms
[INFO] JVM Uptime: 6.18 seconds, OldGen Region Count: 781, OldGen Used Memory: 769.49 MB, OldGen Live Memory: 623.85 MB, Total count of old regions to be freed 109, Estimated memory to be freed: 24.19 MB, Estimated OldGen object count: 196990
[INFO] Average Region used: 98.53 %, Live percent of used: 81.07 %, Live percent of region size: 79.88 % 
[INFO] Number of keys in OldGen: 151602, Gap with estimated OldGen object: 45388 (177 MB) 
[INFO] Number of pre-LRU keys in OldGen: 161
[INFO] Iteration: 18200000
[INFO] JVM Uptime: 6.21 seconds, OldGen Region Count: 781, OldGen Used Memory: 769.49 MB, OldGen Live Memory: 623.85 MB, Total count of old regions to be freed 109, Estimated memory to be freed: 24.19 MB, Estimated OldGen object count: 196990
[INFO] Average Region used: 98.53 %, Live percent of used: 81.07 %, Live percent of region size: 79.88 % 
[INFO] Number of keys in OldGen: 146656, Gap with estimated OldGen object: 50334 (196 MB) 
[INFO] Number of pre-LRU keys in OldGen: 45
[6.228s][info][gc,start       ] GC(122) Pause Young (Prepare Mixed) (G1 Evacuation Pause)
[6.228s][info][gc,task        ] GC(122) Using 23 workers of 23 for evacuation
[6.235s][info][gc,phases      ] GC(122)   Pre Evacuate Collection Set: 0.3ms
[6.235s][info][gc,phases      ] GC(122)   Merge Heap Roots: 0.7ms
[6.235s][info][gc,phases      ] GC(122)   Evacuate Collection Set: 4.7ms
[6.235s][info][gc,phases      ] GC(122)   Post Evacuate Collection Set: 1.1ms
[6.235s][info][gc,phases      ] GC(122)   Other: 0.1ms
[6.235s][info][gc,heap        ] GC(122) Eden regions: 41->0(44)
[6.235s][info][gc,heap        ] GC(122) Survivor regions: 10->7(7)
[6.235s][info][gc,heap        ] GC(122) Old regions: 781->828
[6.235s][info][gc,heap        ] GC(122) Archive regions: 0->0
[6.235s][info][gc,heap        ] GC(122) Humongous regions: 2->2
[6.235s][info][gc,metaspace   ] GC(122) Metaspace: 8184K(8384K)->8184K(8384K) NonClass: 7452K(7552K)->7452K(7552K) Class: 731K(832K)->731K(832K)
[6.235s][info][gc             ] GC(122) Pause Young (Prepare Mixed) (G1 Evacuation Pause) 822M->825M(1024M) 6.871ms
[6.235s][info][gc,cpu         ] GC(122) User=0.10s Sys=0.00s Real=0.00s
[INFO] Iteration: 18300000
[INFO] JVM Uptime: 6.25 seconds, OldGen Region Count: 828, OldGen Used Memory: 816.50 MB, OldGen Live Memory: 670.86 MB, Total count of old regions to be freed 109, Estimated memory to be freed: 24.19 MB, Estimated OldGen object count: 209024
[INFO] Average Region used: 98.61 %, Live percent of used: 82.16 %, Live percent of region size: 81.02 % 
[INFO] Number of keys in OldGen: 151918, Gap with estimated OldGen object: 57106 (223 MB) 
[INFO] Number of pre-LRU keys in OldGen: 139
[INFO] Iteration: 18400000
[INFO] JVM Uptime: 6.27 seconds, OldGen Region Count: 828, OldGen Used Memory: 816.50 MB, OldGen Live Memory: 670.86 MB, Total count of old regions to be freed 109, Estimated memory to be freed: 24.19 MB, Estimated OldGen object count: 209024
[INFO] Average Region used: 98.61 %, Live percent of used: 82.16 %, Live percent of region size: 81.02 % 
[INFO] Number of keys in OldGen: 146852, Gap with estimated OldGen object: 62172 (242 MB) 
[INFO] Number of pre-LRU keys in OldGen: 57
[6.285s][info][gc,start       ] GC(123) Pause Young (Mixed) (G1 Evacuation Pause)
[6.285s][info][gc,task        ] GC(123) Using 23 workers of 23 for evacuation
[6.293s][info][gc,phases      ] GC(123)   Pre Evacuate Collection Set: 0.5ms
[6.293s][info][gc,phases      ] GC(123)   Merge Heap Roots: 0.6ms
[6.293s][info][gc,phases      ] GC(123)   Evacuate Collection Set: 6.6ms
[6.293s][info][gc,phases      ] GC(123)   Post Evacuate Collection Set: 0.6ms
[6.293s][info][gc,phases      ] GC(123)   Other: 0.1ms
[6.293s][info][gc,heap        ] GC(123) Eden regions: 44->0(44)
[6.293s][info][gc,heap        ] GC(123) Survivor regions: 7->7(7)
[6.293s][info][gc,heap        ] GC(123) Old regions: 828->829
[6.293s][info][gc,heap        ] GC(123) Archive regions: 0->0
[6.293s][info][gc,heap        ] GC(123) Humongous regions: 2->2
[6.293s][info][gc,metaspace   ] GC(123) Metaspace: 8184K(8384K)->8184K(8384K) NonClass: 7452K(7552K)->7452K(7552K) Class: 731K(832K)->731K(832K)
[6.293s][info][gc             ] GC(123) Pause Young (Mixed) (G1 Evacuation Pause) 869M->837M(1024M) 8.427ms
[6.293s][info][gc,cpu         ] GC(123) User=0.16s Sys=0.00s Real=0.01s
[INFO] Iteration: 18500000
[INFO] JVM Uptime: 6.30 seconds, OldGen Region Count: 829, OldGen Used Memory: 828.02 MB, OldGen Live Memory: 706.97 MB, Total count of old regions to be freed 89, Estimated memory to be freed: 18.32 MB, Estimated OldGen object count: 211974
[INFO] Average Region used: 99.88 %, Live percent of used: 85.38 %, Live percent of region size: 85.28 % 
[INFO] Number of keys in OldGen: 152059, Gap with estimated OldGen object: 59915 (234 MB) 
[INFO] Number of pre-LRU keys in OldGen: 152
[INFO] Iteration: 18600000
[INFO] JVM Uptime: 6.33 seconds, OldGen Region Count: 829, OldGen Used Memory: 828.02 MB, OldGen Live Memory: 706.97 MB, Total count of old regions to be freed 89, Estimated memory to be freed: 18.32 MB, Estimated OldGen object count: 211974
[INFO] Average Region used: 99.88 %, Live percent of used: 85.38 %, Live percent of region size: 85.28 % 
[INFO] Number of keys in OldGen: 146934, Gap with estimated OldGen object: 65040 (254 MB) 
[INFO] Number of pre-LRU keys in OldGen: 61
[6.343s][info][gc,start       ] GC(124) Pause Young (Mixed) (G1 Evacuation Pause)
[6.343s][info][gc,task        ] GC(124) Using 23 workers of 23 for evacuation
[6.352s][info][gc,phases      ] GC(124)   Pre Evacuate Collection Set: 0.1ms
[6.352s][info][gc,phases      ] GC(124)   Merge Heap Roots: 0.6ms
[6.352s][info][gc,phases      ] GC(124)   Evacuate Collection Set: 7.4ms
[6.352s][info][gc,phases      ] GC(124)   Post Evacuate Collection Set: 1.3ms
[6.352s][info][gc,phases      ] GC(124)   Other: 0.1ms
[6.352s][info][gc,heap        ] GC(124) Eden regions: 44->0(44)
[6.352s][info][gc,heap        ] GC(124) Survivor regions: 7->7(7)
[6.352s][info][gc,heap        ] GC(124) Old regions: 829->837
[6.352s][info][gc,heap        ] GC(124) Archive regions: 0->0
[6.352s][info][gc,heap        ] GC(124) Humongous regions: 2->2
[6.352s][info][gc,metaspace   ] GC(124) Metaspace: 8184K(8384K)->8184K(8384K) NonClass: 7452K(7552K)->7452K(7552K) Class: 731K(832K)->731K(832K)
[6.352s][info][gc             ] GC(124) Pause Young (Mixed) (G1 Evacuation Pause) 881M->844M(1024M) 9.527ms
[6.352s][info][gc,cpu         ] GC(124) User=0.17s Sys=0.00s Real=0.01s
[INFO] Iteration: 18700000
[INFO] JVM Uptime: 6.36 seconds, OldGen Region Count: 837, OldGen Used Memory: 835.73 MB, OldGen Live Memory: 740.11 MB, Total count of old regions to be freed 78, Estimated memory to be freed: 15.57 MB, Estimated OldGen object count: 213946
[INFO] Average Region used: 99.85 %, Live percent of used: 88.56 %, Live percent of region size: 88.42 % 
[INFO] Number of keys in OldGen: 152169, Gap with estimated OldGen object: 61777 (241 MB) 
[INFO] Number of pre-LRU keys in OldGen: 157
[INFO] Iteration: 18800000
[INFO] JVM Uptime: 6.39 seconds, OldGen Region Count: 837, OldGen Used Memory: 835.73 MB, OldGen Live Memory: 740.11 MB, Total count of old regions to be freed 78, Estimated memory to be freed: 15.57 MB, Estimated OldGen object count: 213946
[INFO] Average Region used: 99.85 %, Live percent of used: 88.56 %, Live percent of region size: 88.42 % 
[INFO] Number of keys in OldGen: 146991, Gap with estimated OldGen object: 66955 (261 MB) 
[INFO] Number of pre-LRU keys in OldGen: 52
[6.401s][info][gc,start       ] GC(125) Pause Young (Mixed) (G1 Evacuation Pause)
[6.401s][info][gc,task        ] GC(125) Using 23 workers of 23 for evacuation
[6.409s][info][gc,phases      ] GC(125)   Pre Evacuate Collection Set: 0.2ms
[6.409s][info][gc,phases      ] GC(125)   Merge Heap Roots: 0.6ms
[6.409s][info][gc,phases      ] GC(125)   Evacuate Collection Set: 6.8ms
[6.409s][info][gc,phases      ] GC(125)   Post Evacuate Collection Set: 0.4ms
[6.409s][info][gc,phases      ] GC(125)   Other: 0.1ms
[6.409s][info][gc,heap        ] GC(125) Eden regions: 44->0(44)
[6.409s][info][gc,heap        ] GC(125) Survivor regions: 7->7(7)
[6.409s][info][gc,heap        ] GC(125) Old regions: 837->840
[6.409s][info][gc,heap        ] GC(125) Archive regions: 0->0
[6.409s][info][gc,heap        ] GC(125) Humongous regions: 2->2
[6.409s][info][gc,metaspace   ] GC(125) Metaspace: 8184K(8384K)->8184K(8384K) NonClass: 7452K(7552K)->7452K(7552K) Class: 731K(832K)->731K(832K)
[6.409s][info][gc             ] GC(125) Pause Young (Mixed) (G1 Evacuation Pause) 888M->848M(1024M) 8.148ms
[6.409s][info][gc,cpu         ] GC(125) User=0.16s Sys=0.00s Real=0.01s
[INFO] Iteration: 18900000
[INFO] JVM Uptime: 6.42 seconds, OldGen Region Count: 840, OldGen Used Memory: 839.44 MB, OldGen Live Memory: 767.59 MB, Total count of old regions to be freed 67, Estimated memory to be freed: 13.00 MB, Estimated OldGen object count: 214896
[INFO] Average Region used: 99.93 %, Live percent of used: 91.44 %, Live percent of region size: 91.38 % 
[INFO] Number of keys in OldGen: 152180, Gap with estimated OldGen object: 62716 (244 MB) 
[INFO] Number of pre-LRU keys in OldGen: 158
[INFO] Iteration: 19000000
[INFO] JVM Uptime: 6.44 seconds, OldGen Region Count: 840, OldGen Used Memory: 839.44 MB, OldGen Live Memory: 767.59 MB, Total count of old regions to be freed 67, Estimated memory to be freed: 13.00 MB, Estimated OldGen object count: 214896
[INFO] Average Region used: 99.93 %, Live percent of used: 91.44 %, Live percent of region size: 91.38 % 
[INFO] Number of keys in OldGen: 147175, Gap with estimated OldGen object: 67721 (264 MB) 
[INFO] Number of pre-LRU keys in OldGen: 59
[6.457s][info][gc,start       ] GC(126) Pause Young (Mixed) (G1 Evacuation Pause)
[6.457s][info][gc,task        ] GC(126) Using 23 workers of 23 for evacuation
[6.465s][info][gc,phases      ] GC(126)   Pre Evacuate Collection Set: 0.1ms
[6.465s][info][gc,phases      ] GC(126)   Merge Heap Roots: 0.6ms
[6.465s][info][gc,phases      ] GC(126)   Evacuate Collection Set: 6.0ms
[6.465s][info][gc,phases      ] GC(126)   Post Evacuate Collection Set: 0.4ms
[6.465s][info][gc,phases      ] GC(126)   Other: 0.1ms
[6.465s][info][gc,heap        ] GC(126) Eden regions: 44->0(44)
[6.465s][info][gc,heap        ] GC(126) Survivor regions: 7->7(7)
[6.465s][info][gc,heap        ] GC(126) Old regions: 840->855
[6.465s][info][gc,heap        ] GC(126) Archive regions: 0->0
[6.465s][info][gc,heap        ] GC(126) Humongous regions: 2->2
[6.465s][info][gc,metaspace   ] GC(126) Metaspace: 8184K(8384K)->8184K(8384K) NonClass: 7452K(7552K)->7452K(7552K) Class: 731K(832K)->731K(832K)
[6.465s][info][gc             ] GC(126) Pause Young (Mixed) (G1 Evacuation Pause) 892M->863M(1024M) 7.272ms
[6.465s][info][gc,cpu         ] GC(126) User=0.14s Sys=0.00s Real=0.00s
[INFO] Iteration: 19100000
[INFO] JVM Uptime: 6.47 seconds, OldGen Region Count: 855, OldGen Used Memory: 854.56 MB, OldGen Live Memory: 797.74 MB, Total count of old regions to be freed 55, Estimated memory to be freed: 10.32 MB, Estimated OldGen object count: 218767
[INFO] Average Region used: 99.95 %, Live percent of used: 93.35 %, Live percent of region size: 93.30 % 
[INFO] Number of keys in OldGen: 152313, Gap with estimated OldGen object: 66454 (259 MB) 
[INFO] Number of pre-LRU keys in OldGen: 178
[INFO] Iteration: 19200000
[INFO] JVM Uptime: 6.50 seconds, OldGen Region Count: 855, OldGen Used Memory: 854.56 MB, OldGen Live Memory: 797.74 MB, Total count of old regions to be freed 55, Estimated memory to be freed: 10.32 MB, Estimated OldGen object count: 218767
[INFO] Average Region used: 99.95 %, Live percent of used: 93.35 %, Live percent of region size: 93.30 % 
[INFO] Number of keys in OldGen: 147354, Gap with estimated OldGen object: 71413 (278 MB) 
[INFO] Number of pre-LRU keys in OldGen: 52
[6.520s][info][gc,start       ] GC(127) Pause Young (Concurrent Start) (G1 Evacuation Pause)
[6.520s][info][gc,task        ] GC(127) Using 23 workers of 23 for evacuation
[6.527s][info][gc,phases      ] GC(127)   Pre Evacuate Collection Set: 0.1ms
[6.527s][info][gc,phases      ] GC(127)   Merge Heap Roots: 0.4ms
[6.527s][info][gc,phases      ] GC(127)   Evacuate Collection Set: 5.2ms
[6.527s][info][gc,phases      ] GC(127)   Post Evacuate Collection Set: 0.7ms
[6.527s][info][gc,phases      ] GC(127)   Other: 0.1ms
[6.527s][info][gc,heap        ] GC(127) Eden regions: 44->0(44)
[6.527s][info][gc,heap        ] GC(127) Survivor regions: 7->7(7)
[6.527s][info][gc,heap        ] GC(127) Old regions: 855->902
[6.527s][info][gc,heap        ] GC(127) Archive regions: 0->0
[6.527s][info][gc,heap        ] GC(127) Humongous regions: 2->2
[6.527s][info][gc,metaspace   ] GC(127) Metaspace: 8184K(8384K)->8184K(8384K) NonClass: 7452K(7552K)->7452K(7552K) Class: 731K(832K)->731K(832K)
[6.527s][info][gc             ] GC(127) Pause Young (Concurrent Start) (G1 Evacuation Pause) 907M->910M(1024M) 6.611ms
[6.527s][info][gc,cpu         ] GC(127) User=0.11s Sys=0.00s Real=0.01s
[6.527s][info][gc             ] GC(128) Concurrent Mark Cycle
[6.527s][info][gc,marking     ] GC(128) Concurrent Clear Claimed Marks
[6.527s][info][gc,marking     ] GC(128) Concurrent Clear Claimed Marks 0.022ms
[6.527s][info][gc,marking     ] GC(128) Concurrent Scan Root Regions
[6.528s][info][gc,marking     ] GC(128) Concurrent Scan Root Regions 0.732ms
[6.528s][info][gc,marking     ] GC(128) Concurrent Mark
[6.528s][info][gc,marking     ] GC(128) Concurrent Mark From Roots
[6.528s][info][gc,task        ] GC(128) Using 6 workers of 6 for marking
[6.535s][info][gc,marking     ] GC(128) Concurrent Mark From Roots 6.850ms
[6.535s][info][gc,marking     ] GC(128) Concurrent Preclean
[6.535s][info][gc,marking     ] GC(128) Concurrent Preclean 0.081ms
[6.535s][info][gc,start       ] GC(128) Pause Remark
[6.537s][info][gc             ] GC(128) Pause Remark 917M->917M(1024M) 2.095ms
[6.537s][info][gc,cpu         ] GC(128) User=0.01s Sys=0.00s Real=0.01s
[6.537s][info][gc,marking     ] GC(128) Concurrent Mark 9.295ms
[6.537s][info][gc,marking     ] GC(128) Concurrent Rebuild Remembered Sets
[INFO] Iteration: 19300000
[6.549s][info][gc,marking     ] GC(128) Concurrent Rebuild Remembered Sets 11.759ms
[6.549s][info][gc,start       ] GC(128) Pause Cleanup
[6.550s][info][gc             ] GC(128) Pause Cleanup 923M->923M(1024M) 0.394ms
[6.550s][info][gc,cpu         ] GC(128) User=0.00s Sys=0.00s Real=0.00s
[6.550s][info][gc,marking     ] GC(128) Concurrent Cleanup for Next Mark
[6.550s][info][gc,marking     ] GC(128) Concurrent Cleanup for Next Mark 0.345ms
[6.550s][info][gc             ] GC(128) Concurrent Mark Cycle 23.000ms
[INFO] JVM Uptime: 6.54 seconds, OldGen Region Count: 902, OldGen Used Memory: 901.06 MB, OldGen Live Memory: 625.29 MB, Total count of old regions to be freed 482, Estimated memory to be freed: 163.31 MB, Estimated OldGen object count: 230671
[INFO] Average Region used: 99.90 %, Live percent of used: 69.39 %, Live percent of region size: 69.32 % 
[INFO] Number of keys in OldGen: 152575, Gap with estimated OldGen object: 78096 (305 MB) 
[INFO] Number of pre-LRU keys in OldGen: 174
[INFO] Iteration: 19400000
[INFO] JVM Uptime: 6.57 seconds, OldGen Region Count: 902, OldGen Used Memory: 901.06 MB, OldGen Live Memory: 625.29 MB, Total count of old regions to be freed 482, Estimated memory to be freed: 163.31 MB, Estimated OldGen object count: 230671
[INFO] Average Region used: 99.90 %, Live percent of used: 69.39 %, Live percent of region size: 69.32 % 
[INFO] Number of keys in OldGen: 147620, Gap with estimated OldGen object: 83051 (324 MB) 
[INFO] Number of pre-LRU keys in OldGen: 55
[6.587s][info][gc,start       ] GC(129) Pause Young (Prepare Mixed) (G1 Evacuation Pause)
[6.587s][info][gc,task        ] GC(129) Using 23 workers of 23 for evacuation
[6.594s][info][gc,phases      ] GC(129)   Pre Evacuate Collection Set: 0.3ms
[6.594s][info][gc,phases      ] GC(129)   Merge Heap Roots: 0.5ms
[6.594s][info][gc,phases      ] GC(129)   Evacuate Collection Set: 4.8ms
[6.594s][info][gc,phases      ] GC(129)   Post Evacuate Collection Set: 0.8ms
[6.594s][info][gc,phases      ] GC(129)   Other: 0.1ms
[6.594s][info][gc,heap        ] GC(129) Eden regions: 44->0(44)
[6.594s][info][gc,heap        ] GC(129) Survivor regions: 7->7(7)
[6.594s][info][gc,heap        ] GC(129) Old regions: 902->946
[6.594s][info][gc,heap        ] GC(129) Archive regions: 0->0
[6.594s][info][gc,heap        ] GC(129) Humongous regions: 2->2
[6.594s][info][gc,metaspace   ] GC(129) Metaspace: 8184K(8384K)->8184K(8384K) NonClass: 7452K(7552K)->7452K(7552K) Class: 731K(832K)->731K(832K)
[6.594s][info][gc             ] GC(129) Pause Young (Prepare Mixed) (G1 Evacuation Pause) 954M->954M(1024M) 6.498ms
[6.594s][info][gc,cpu         ] GC(129) User=0.10s Sys=0.00s Real=0.00s
[INFO] Iteration: 19500000
[INFO] JVM Uptime: 6.60 seconds, OldGen Region Count: 946, OldGen Used Memory: 945.56 MB, OldGen Live Memory: 669.79 MB, Total count of old regions to be freed 482, Estimated memory to be freed: 163.31 MB, Estimated OldGen object count: 242063
[INFO] Average Region used: 99.95 %, Live percent of used: 70.84 %, Live percent of region size: 70.80 % 
[INFO] Number of keys in OldGen: 152939, Gap with estimated OldGen object: 89124 (348 MB) 
[INFO] Number of pre-LRU keys in OldGen: 202
[6.618s][info][gc,start       ] GC(130) Pause Young (Mixed) (G1 Preventive Collection)
[6.618s][info][gc,task        ] GC(130) Using 23 workers of 23 for evacuation
[6.625s][info][gc             ] GC(130) To-space exhausted
[6.625s][info][gc,phases      ] GC(130)   Pre Evacuate Collection Set: 0.1ms
[6.625s][info][gc,phases      ] GC(130)   Merge Heap Roots: 0.6ms
[6.625s][info][gc,phases      ] GC(130)   Evacuate Collection Set: 5.1ms
[6.625s][info][gc,phases      ] GC(130)   Post Evacuate Collection Set: 1.3ms
[6.625s][info][gc,phases      ] GC(130)   Other: 0.1ms
[6.625s][info][gc,heap        ] GC(130) Eden regions: 19->0(44)
[6.625s][info][gc,heap        ] GC(130) Survivor regions: 7->7(7)
[6.625s][info][gc,heap        ] GC(130) Old regions: 946->1015
[6.625s][info][gc,heap        ] GC(130) Archive regions: 0->0
[6.625s][info][gc,heap        ] GC(130) Humongous regions: 2->2
[6.625s][info][gc,metaspace   ] GC(130) Metaspace: 8184K(8384K)->8184K(8384K) NonClass: 7452K(7552K)->7452K(7552K) Class: 731K(832K)->731K(832K)
[6.625s][info][gc             ] GC(130) Pause Young (Mixed) (G1 Preventive Collection) 973M->1023M(1024M) 7.144ms
[6.625s][info][gc,cpu         ] GC(130) User=0.12s Sys=0.00s Real=0.00s
[6.625s][info][gc,ergo        ] Attempting full compaction
[6.625s][info][gc,task        ] GC(131) Using 23 workers of 23 for full compaction
[6.625s][info][gc,start       ] GC(131) Pause Full (G1 Compaction Pause)
[6.625s][info][gc,phases,start] GC(131) Phase 1: Mark live objects
[6.629s][info][gc,phases      ] GC(131) Phase 1: Mark live objects 4.041ms
[6.629s][info][gc,phases,start] GC(131) Phase 2: Prepare for compaction
[6.631s][info][gc,phases      ] GC(131) Phase 2: Prepare for compaction 1.594ms
[6.631s][info][gc,phases,start] GC(131) Phase 3: Adjust pointers
[6.633s][info][gc,phases      ] GC(131) Phase 3: Adjust pointers 2.331ms
[6.633s][info][gc,phases,start] GC(131) Phase 4: Compact heap
[6.655s][info][gc,phases      ] GC(131) Phase 4: Compact heap 22.078ms
[6.656s][info][gc,heap        ] GC(131) Eden regions: 0->0(90)
[6.656s][info][gc,heap        ] GC(131) Survivor regions: 7->0(7)
[6.656s][info][gc,heap        ] GC(131) Old regions: 1015->641
[6.656s][info][gc,heap        ] GC(131) Archive regions: 0->0
[6.656s][info][gc,heap        ] GC(131) Humongous regions: 2->2
[6.656s][info][gc,metaspace   ] GC(131) Metaspace: 8184K(8384K)->8184K(8384K) NonClass: 7452K(7552K)->7452K(7552K) Class: 731K(832K)->731K(832K)
[6.656s][info][gc             ] GC(131) Pause Full (G1 Compaction Pause) 1023M->629M(1024M) 30.969ms
[6.656s][info][gc,cpu         ] GC(131) User=0.50s Sys=0.01s Real=0.03s
[INFO] Iteration: 19600000
[INFO] JVM Uptime: 6.67 seconds, OldGen Region Count: 641, OldGen Used Memory: 627.81 MB, OldGen Live Memory: 627.81 MB, Total count of old regions to be freed 0, Estimated memory to be freed: 0.00 MB, Estimated OldGen object count: 160719
[INFO] Average Region used: 97.94 %, Live percent of used: 100.00 %, Live percent of region size: 97.94 % 
[INFO] Number of keys in OldGen: 154101, Gap with estimated OldGen object: 6618 (25 MB) 
[INFO] Number of pre-LRU keys in OldGen: 212
[INFO] Iteration: 19700000
[INFO] JVM Uptime: 6.69 seconds, OldGen Region Count: 641, OldGen Used Memory: 627.81 MB, OldGen Live Memory: 627.81 MB, Total count of old regions to be freed 0, Estimated memory to be freed: 0.00 MB, Estimated OldGen object count: 160719
[INFO] Average Region used: 97.94 %, Live percent of used: 100.00 %, Live percent of region size: 97.94 % 
[INFO] Number of keys in OldGen: 149012, Gap with estimated OldGen object: 11707 (45 MB) 
[INFO] Number of pre-LRU keys in OldGen: 58
[INFO] Iteration: 19800000
[INFO] JVM Uptime: 6.71 seconds, OldGen Region Count: 641, OldGen Used Memory: 627.81 MB, OldGen Live Memory: 627.81 MB, Total count of old regions to be freed 0, Estimated memory to be freed: 0.00 MB, Estimated OldGen object count: 160719
[INFO] Average Region used: 97.94 %, Live percent of used: 100.00 %, Live percent of region size: 97.94 % 
[INFO] Number of keys in OldGen: 144035, Gap with estimated OldGen object: 16684 (65 MB) 
[INFO] Number of pre-LRU keys in OldGen: 68
[INFO] Iteration: 19900000
[INFO] JVM Uptime: 6.73 seconds, OldGen Region Count: 641, OldGen Used Memory: 627.81 MB, OldGen Live Memory: 627.81 MB, Total count of old regions to be freed 0, Estimated memory to be freed: 0.00 MB, Estimated OldGen object count: 160719
[INFO] Average Region used: 97.94 %, Live percent of used: 100.00 %, Live percent of region size: 97.94 % 
[INFO] Number of keys in OldGen: 138978, Gap with estimated OldGen object: 21741 (84 MB) 
[INFO] Number of pre-LRU keys in OldGen: 52
[6.746s][info][gc,start       ] GC(132) Pause Young (Normal) (G1 Evacuation Pause)
[6.746s][info][gc,task        ] GC(132) Using 23 workers of 23 for evacuation
[6.753s][info][gc,phases      ] GC(132)   Pre Evacuate Collection Set: 0.1ms
[6.753s][info][gc,phases      ] GC(132)   Merge Heap Roots: 0.4ms
[6.753s][info][gc,phases      ] GC(132)   Evacuate Collection Set: 5.4ms
[6.753s][info][gc,phases      ] GC(132)   Post Evacuate Collection Set: 1.1ms
[6.753s][info][gc,phases      ] GC(132)   Other: 0.1ms
[6.753s][info][gc,heap        ] GC(132) Eden regions: 90->0(61)
[6.753s][info][gc,heap        ] GC(132) Survivor regions: 0->12(12)
[6.753s][info][gc,heap        ] GC(132) Old regions: 641->717
[6.753s][info][gc,heap        ] GC(132) Archive regions: 0->0
[6.753s][info][gc,heap        ] GC(132) Humongous regions: 2->2
[6.753s][info][gc,metaspace   ] GC(132) Metaspace: 8184K(8384K)->8184K(8384K) NonClass: 7452K(7552K)->7452K(7552K) Class: 731K(832K)->731K(832K)
[6.753s][info][gc             ] GC(132) Pause Young (Normal) (G1 Evacuation Pause) 719M->717M(1024M) 7.151ms
[6.753s][info][gc,cpu         ] GC(132) User=0.12s Sys=0.00s Real=0.01s
[INFO] Iteration: 20000000
[INFO] JVM Uptime: 6.76 seconds, OldGen Region Count: 717, OldGen Used Memory: 703.18 MB, OldGen Live Memory: 703.18 MB, Total count of old regions to be freed 0, Estimated memory to be freed: 0.00 MB, Estimated OldGen object count: 180015
[INFO] Average Region used: 98.07 %, Live percent of used: 100.00 %, Live percent of region size: 98.07 % 
[INFO] Number of keys in OldGen: 151904, Gap with estimated OldGen object: 28111 (109 MB) 
[INFO] Number of pre-LRU keys in OldGen: 238
[INFO] Iteration: 20100000
[INFO] JVM Uptime: 6.79 seconds, OldGen Region Count: 717, OldGen Used Memory: 703.18 MB, OldGen Live Memory: 703.18 MB, Total count of old regions to be freed 0, Estimated memory to be freed: 0.00 MB, Estimated OldGen object count: 180015
[INFO] Average Region used: 98.07 %, Live percent of used: 100.00 %, Live percent of region size: 98.07 % 
[INFO] Number of keys in OldGen: 146948, Gap with estimated OldGen object: 33067 (129 MB) 
[INFO] Number of pre-LRU keys in OldGen: 70
[INFO] Iteration: 20200000
[INFO] JVM Uptime: 6.81 seconds, OldGen Region Count: 717, OldGen Used Memory: 703.18 MB, OldGen Live Memory: 703.18 MB, Total count of old regions to be freed 0, Estimated memory to be freed: 0.00 MB, Estimated OldGen object count: 180015
[INFO] Average Region used: 98.07 %, Live percent of used: 100.00 %, Live percent of region size: 98.07 % 
[INFO] Number of keys in OldGen: 141988, Gap with estimated OldGen object: 38027 (148 MB) 
[INFO] Number of pre-LRU keys in OldGen: 61
[6.821s][info][gc,start       ] GC(133) Pause Young (Concurrent Start) (G1 Evacuation Pause)
[6.821s][info][gc,task        ] GC(133) Using 23 workers of 23 for evacuation
[6.829s][info][gc,phases      ] GC(133)   Pre Evacuate Collection Set: 0.5ms
[6.829s][info][gc,phases      ] GC(133)   Merge Heap Roots: 0.6ms
[6.829s][info][gc,phases      ] GC(133)   Evacuate Collection Set: 5.5ms
[6.829s][info][gc,phases      ] GC(133)   Post Evacuate Collection Set: 1.2ms
[6.829s][info][gc,phases      ] GC(133)   Other: 0.1ms
[6.829s][info][gc,heap        ] GC(133) Eden regions: 61->0(41)
[6.829s][info][gc,heap        ] GC(133) Survivor regions: 12->10(10)
[6.829s][info][gc,heap        ] GC(133) Old regions: 717->782
[6.829s][info][gc,heap        ] GC(133) Archive regions: 0->0
[6.829s][info][gc,heap        ] GC(133) Humongous regions: 2->2
[6.829s][info][gc,metaspace   ] GC(133) Metaspace: 8184K(8384K)->8184K(8384K) NonClass: 7452K(7552K)->7452K(7552K) Class: 731K(832K)->731K(832K)
[6.829s][info][gc             ] GC(133) Pause Young (Concurrent Start) (G1 Evacuation Pause) 778M->780M(1024M) 7.909ms
[6.829s][info][gc,cpu         ] GC(133) User=0.12s Sys=0.01s Real=0.01s
[6.829s][info][gc             ] GC(134) Concurrent Mark Cycle
[6.829s][info][gc,marking     ] GC(134) Concurrent Clear Claimed Marks
[6.829s][info][gc,marking     ] GC(134) Concurrent Clear Claimed Marks 0.031ms
[6.829s][info][gc,marking     ] GC(134) Concurrent Scan Root Regions
[6.830s][info][gc,marking     ] GC(134) Concurrent Scan Root Regions 0.794ms
[6.830s][info][gc,marking     ] GC(134) Concurrent Mark
[6.830s][info][gc,marking     ] GC(134) Concurrent Mark From Roots
[6.830s][info][gc,task        ] GC(134) Using 6 workers of 6 for marking
[6.836s][info][gc,marking     ] GC(134) Concurrent Mark From Roots 6.289ms
[6.836s][info][gc,marking     ] GC(134) Concurrent Preclean
[6.836s][info][gc,marking     ] GC(134) Concurrent Preclean 0.085ms
[6.836s][info][gc,start       ] GC(134) Pause Remark
[6.839s][info][gc             ] GC(134) Pause Remark 786M->786M(1024M) 2.296ms
[6.839s][info][gc,cpu         ] GC(134) User=0.00s Sys=0.00s Real=0.01s
[6.839s][info][gc,marking     ] GC(134) Concurrent Mark 9.090ms
[6.839s][info][gc,marking     ] GC(134) Concurrent Rebuild Remembered Sets
[INFO] Iteration: 20300000
[6.851s][info][gc,marking     ] GC(134) Concurrent Rebuild Remembered Sets 12.279ms
[6.851s][info][gc,start       ] GC(134) Pause Cleanup
[6.852s][info][gc             ] GC(134) Pause Cleanup 794M->794M(1024M) 0.608ms
[6.852s][info][gc,cpu         ] GC(134) User=0.00s Sys=0.00s Real=0.00s
[6.852s][info][gc,marking     ] GC(134) Concurrent Cleanup for Next Mark
[6.852s][info][gc,marking     ] GC(134) Concurrent Cleanup for Next Mark 0.449ms
[6.852s][info][gc             ] GC(134) Concurrent Mark Cycle 23.546ms
[INFO] JVM Uptime: 6.84 seconds, OldGen Region Count: 782, OldGen Used Memory: 768.31 MB, OldGen Live Memory: 623.76 MB, Total count of old regions to be freed 117, Estimated memory to be freed: 26.84 MB, Estimated OldGen object count: 196687
[INFO] Average Region used: 98.25 %, Live percent of used: 81.19 %, Live percent of region size: 79.76 % 
[INFO] Number of keys in OldGen: 151645, Gap with estimated OldGen object: 45042 (175 MB) 
[INFO] Number of pre-LRU keys in OldGen: 177
[INFO] Iteration: 20400000
[INFO] JVM Uptime: 6.87 seconds, OldGen Region Count: 782, OldGen Used Memory: 768.31 MB, OldGen Live Memory: 623.76 MB, Total count of old regions to be freed 117, Estimated memory to be freed: 26.84 MB, Estimated OldGen object count: 196687
[INFO] Average Region used: 98.25 %, Live percent of used: 81.19 %, Live percent of region size: 79.76 % 
[INFO] Number of keys in OldGen: 146605, Gap with estimated OldGen object: 50082 (195 MB) 
[INFO] Number of pre-LRU keys in OldGen: 55
[6.887s][info][gc,start       ] GC(135) Pause Young (Prepare Mixed) (G1 Evacuation Pause)
[6.887s][info][gc,task        ] GC(135) Using 23 workers of 23 for evacuation
[6.893s][info][gc,phases      ] GC(135)   Pre Evacuate Collection Set: 0.2ms
[6.893s][info][gc,phases      ] GC(135)   Merge Heap Roots: 0.5ms
[6.893s][info][gc,phases      ] GC(135)   Evacuate Collection Set: 4.6ms
[6.893s][info][gc,phases      ] GC(135)   Post Evacuate Collection Set: 0.8ms
[6.893s][info][gc,phases      ] GC(135)   Other: 0.1ms
[6.893s][info][gc,heap        ] GC(135) Eden regions: 41->0(44)
[6.893s][info][gc,heap        ] GC(135) Survivor regions: 10->7(7)
[6.893s][info][gc,heap        ] GC(135) Old regions: 782->829
[6.893s][info][gc,heap        ] GC(135) Archive regions: 0->0
[6.893s][info][gc,heap        ] GC(135) Humongous regions: 2->2
[6.893s][info][gc,metaspace   ] GC(135) Metaspace: 8184K(8384K)->8184K(8384K) NonClass: 7452K(7552K)->7452K(7552K) Class: 731K(832K)->731K(832K)
[6.893s][info][gc             ] GC(135) Pause Young (Prepare Mixed) (G1 Evacuation Pause) 821M->824M(1024M) 6.155ms
[6.893s][info][gc,cpu         ] GC(135) User=0.10s Sys=0.00s Real=0.00s
[INFO] Iteration: 20500000
[INFO] JVM Uptime: 6.90 seconds, OldGen Region Count: 829, OldGen Used Memory: 815.31 MB, OldGen Live Memory: 670.76 MB, Total count of old regions to be freed 117, Estimated memory to be freed: 26.84 MB, Estimated OldGen object count: 208719
[INFO] Average Region used: 98.35 %, Live percent of used: 82.27 %, Live percent of region size: 80.91 % 
[INFO] Number of keys in OldGen: 151870, Gap with estimated OldGen object: 56849 (222 MB) 
[INFO] Number of pre-LRU keys in OldGen: 129
[INFO] Iteration: 20600000
[INFO] JVM Uptime: 6.93 seconds, OldGen Region Count: 829, OldGen Used Memory: 815.31 MB, OldGen Live Memory: 670.76 MB, Total count of old regions to be freed 117, Estimated memory to be freed: 26.84 MB, Estimated OldGen object count: 208719
[INFO] Average Region used: 98.35 %, Live percent of used: 82.27 %, Live percent of region size: 80.91 % 
[INFO] Number of keys in OldGen: 146957, Gap with estimated OldGen object: 61762 (241 MB) 
[INFO] Number of pre-LRU keys in OldGen: 70
[6.940s][info][gc,start       ] GC(136) Pause Young (Mixed) (G1 Evacuation Pause)
[6.940s][info][gc,task        ] GC(136) Using 23 workers of 23 for evacuation
[6.949s][info][gc,phases      ] GC(136)   Pre Evacuate Collection Set: 0.4ms
[6.949s][info][gc,phases      ] GC(136)   Merge Heap Roots: 0.8ms
[6.949s][info][gc,phases      ] GC(136)   Evacuate Collection Set: 6.7ms
[6.949s][info][gc,phases      ] GC(136)   Post Evacuate Collection Set: 1.0ms
[6.949s][info][gc,phases      ] GC(136)   Other: 0.1ms
[6.949s][info][gc,heap        ] GC(136) Eden regions: 44->0(44)
[6.949s][info][gc,heap        ] GC(136) Survivor regions: 7->7(7)
[6.949s][info][gc,heap        ] GC(136) Old regions: 829->828
[6.949s][info][gc,heap        ] GC(136) Archive regions: 0->0
[6.949s][info][gc,heap        ] GC(136) Humongous regions: 2->2
[6.949s][info][gc,metaspace   ] GC(136) Metaspace: 8184K(8384K)->8184K(8384K) NonClass: 7452K(7552K)->7452K(7552K) Class: 731K(832K)->731K(832K)
[6.949s][info][gc             ] GC(136) Pause Young (Mixed) (G1 Evacuation Pause) 868M->835M(1024M) 9.017ms
[6.949s][info][gc,cpu         ] GC(136) User=0.16s Sys=0.00s Real=0.01s
[INFO] Iteration: 20700000
[INFO] JVM Uptime: 6.96 seconds, OldGen Region Count: 828, OldGen Used Memory: 826.91 MB, OldGen Live Memory: 707.73 MB, Total count of old regions to be freed 98, Estimated memory to be freed: 19.95 MB, Estimated OldGen object count: 211688
[INFO] Average Region used: 99.87 %, Live percent of used: 85.59 %, Live percent of region size: 85.47 % 
[INFO] Number of keys in OldGen: 152105, Gap with estimated OldGen object: 59583 (232 MB) 
[INFO] Number of pre-LRU keys in OldGen: 161
[INFO] Iteration: 20800000
[INFO] JVM Uptime: 6.98 seconds, OldGen Region Count: 828, OldGen Used Memory: 826.91 MB, OldGen Live Memory: 707.73 MB, Total count of old regions to be freed 98, Estimated memory to be freed: 19.95 MB, Estimated OldGen object count: 211688
[INFO] Average Region used: 99.87 %, Live percent of used: 85.59 %, Live percent of region size: 85.47 % 
[INFO] Number of keys in OldGen: 147206, Gap with estimated OldGen object: 64482 (251 MB) 
[INFO] Number of pre-LRU keys in OldGen: 60
[6.996s][info][gc,start       ] GC(137) Pause Young (Mixed) (G1 Evacuation Pause)
[6.997s][info][gc,task        ] GC(137) Using 23 workers of 23 for evacuation
[7.006s][info][gc,phases      ] GC(137)   Pre Evacuate Collection Set: 0.2ms
[7.006s][info][gc,phases      ] GC(137)   Merge Heap Roots: 0.6ms
[7.006s][info][gc,phases      ] GC(137)   Evacuate Collection Set: 7.4ms
[7.006s][info][gc,phases      ] GC(137)   Post Evacuate Collection Set: 0.9ms
[7.006s][info][gc,phases      ] GC(137)   Other: 0.1ms
[7.006s][info][gc,heap        ] GC(137) Eden regions: 44->0(44)
[7.006s][info][gc,heap        ] GC(137) Survivor regions: 7->7(7)
[7.006s][info][gc,heap        ] GC(137) Old regions: 828->834
[7.006s][info][gc,heap        ] GC(137) Archive regions: 0->0
[7.006s][info][gc,heap        ] GC(137) Humongous regions: 2->2
[7.006s][info][gc,metaspace   ] GC(137) Metaspace: 8184K(8384K)->8184K(8384K) NonClass: 7452K(7552K)->7452K(7552K) Class: 731K(832K)->731K(832K)
[7.006s][info][gc             ] GC(137) Pause Young (Mixed) (G1 Evacuation Pause) 879M->842M(1024M) 9.330ms
[7.006s][info][gc,cpu         ] GC(137) User=0.17s Sys=0.01s Real=0.01s
[INFO] Iteration: 20900000
[INFO] JVM Uptime: 7.01 seconds, OldGen Region Count: 834, OldGen Used Memory: 833.11 MB, OldGen Live Memory: 739.10 MB, Total count of old regions to be freed 86, Estimated memory to be freed: 17.00 MB, Estimated OldGen object count: 213277
[INFO] Average Region used: 99.89 %, Live percent of used: 88.72 %, Live percent of region size: 88.62 % 
[INFO] Number of keys in OldGen: 152555, Gap with estimated OldGen object: 60722 (237 MB) 
[INFO] Number of pre-LRU keys in OldGen: 167
[INFO] Iteration: 21000000
[INFO] JVM Uptime: 7.04 seconds, OldGen Region Count: 834, OldGen Used Memory: 833.11 MB, OldGen Live Memory: 739.10 MB, Total count of old regions to be freed 86, Estimated memory to be freed: 17.00 MB, Estimated OldGen object count: 213277
[INFO] Average Region used: 99.89 %, Live percent of used: 88.72 %, Live percent of region size: 88.62 % 
[INFO] Number of keys in OldGen: 147648, Gap with estimated OldGen object: 65629 (256 MB) 
[INFO] Number of pre-LRU keys in OldGen: 59
[7.054s][info][gc,start       ] GC(138) Pause Young (Mixed) (G1 Evacuation Pause)
[7.054s][info][gc,task        ] GC(138) Using 23 workers of 23 for evacuation
[7.064s][info][gc,phases      ] GC(138)   Pre Evacuate Collection Set: 0.3ms
[7.064s][info][gc,phases      ] GC(138)   Merge Heap Roots: 0.9ms
[7.064s][info][gc,phases      ] GC(138)   Evacuate Collection Set: 6.9ms
[7.064s][info][gc,phases      ] GC(138)   Post Evacuate Collection Set: 1.4ms
[7.064s][info][gc,phases      ] GC(138)   Other: 0.1ms
[7.064s][info][gc,heap        ] GC(138) Eden regions: 44->0(44)
[7.064s][info][gc,heap        ] GC(138) Survivor regions: 7->7(7)
[7.064s][info][gc,heap        ] GC(138) Old regions: 834->837
[7.064s][info][gc,heap        ] GC(138) Archive regions: 0->0
[7.064s][info][gc,heap        ] GC(138) Humongous regions: 2->2
[7.064s][info][gc,metaspace   ] GC(138) Metaspace: 8184K(8384K)->8184K(8384K) NonClass: 7452K(7552K)->7452K(7552K) Class: 731K(832K)->731K(832K)
[7.064s][info][gc             ] GC(138) Pause Young (Mixed) (G1 Evacuation Pause) 886M->845M(1024M) 9.646ms
[7.064s][info][gc,cpu         ] GC(138) User=0.16s Sys=0.00s Real=0.01s
[INFO] Iteration: 21100000
[INFO] JVM Uptime: 7.07 seconds, OldGen Region Count: 837, OldGen Used Memory: 836.41 MB, OldGen Live Memory: 766.04 MB, Total count of old regions to be freed 73, Estimated memory to be freed: 13.97 MB, Estimated OldGen object count: 214120
[INFO] Average Region used: 99.93 %, Live percent of used: 91.59 %, Live percent of region size: 91.52 % 
[INFO] Number of keys in OldGen: 152863, Gap with estimated OldGen object: 61257 (239 MB) 
[INFO] Number of pre-LRU keys in OldGen: 198
[INFO] Iteration: 21200000
[INFO] JVM Uptime: 7.10 seconds, OldGen Region Count: 837, OldGen Used Memory: 836.41 MB, OldGen Live Memory: 766.04 MB, Total count of old regions to be freed 73, Estimated memory to be freed: 13.97 MB, Estimated OldGen object count: 214120
[INFO] Average Region used: 99.93 %, Live percent of used: 91.59 %, Live percent of region size: 91.52 % 
[INFO] Number of keys in OldGen: 147930, Gap with estimated OldGen object: 66190 (258 MB) 
[INFO] Number of pre-LRU keys in OldGen: 50
[7.111s][info][gc,start       ] GC(139) Pause Young (Mixed) (G1 Evacuation Pause)
[7.111s][info][gc,task        ] GC(139) Using 23 workers of 23 for evacuation
[7.120s][info][gc,phases      ] GC(139)   Pre Evacuate Collection Set: 0.3ms
[7.120s][info][gc,phases      ] GC(139)   Merge Heap Roots: 0.8ms
[7.120s][info][gc,phases      ] GC(139)   Evacuate Collection Set: 6.2ms
[7.120s][info][gc,phases      ] GC(139)   Post Evacuate Collection Set: 1.3ms
[7.120s][info][gc,phases      ] GC(139)   Other: 0.1ms
[7.120s][info][gc,heap        ] GC(139) Eden regions: 44->0(44)
[7.120s][info][gc,heap        ] GC(139) Survivor regions: 7->7(7)
[7.120s][info][gc,heap        ] GC(139) Old regions: 837->853
[7.120s][info][gc,heap        ] GC(139) Archive regions: 0->0
[7.120s][info][gc,heap        ] GC(139) Humongous regions: 2->2
[7.120s][info][gc,metaspace   ] GC(139) Metaspace: 8184K(8384K)->8184K(8384K) NonClass: 7452K(7552K)->7452K(7552K) Class: 731K(832K)->731K(832K)
[7.120s][info][gc             ] GC(139) Pause Young (Mixed) (G1 Evacuation Pause) 889M->861M(1024M) 8.667ms
[7.120s][info][gc,cpu         ] GC(139) User=0.14s Sys=0.00s Real=0.01s
[INFO] Iteration: 21300000
[INFO] JVM Uptime: 7.13 seconds, OldGen Region Count: 853, OldGen Used Memory: 852.05 MB, OldGen Live Memory: 796.56 MB, Total count of old regions to be freed 66, Estimated memory to be freed: 12.43 MB, Estimated OldGen object count: 218124
[INFO] Average Region used: 99.89 %, Live percent of used: 93.49 %, Live percent of region size: 93.38 % 
[INFO] Number of keys in OldGen: 153042, Gap with estimated OldGen object: 65082 (254 MB) 
[INFO] Number of pre-LRU keys in OldGen: 239
[INFO] Iteration: 21400000
[INFO] JVM Uptime: 7.15 seconds, OldGen Region Count: 853, OldGen Used Memory: 852.05 MB, OldGen Live Memory: 796.56 MB, Total count of old regions to be freed 66, Estimated memory to be freed: 12.43 MB, Estimated OldGen object count: 218124
[INFO] Average Region used: 99.89 %, Live percent of used: 93.49 %, Live percent of region size: 93.38 % 
[INFO] Number of keys in OldGen: 147946, Gap with estimated OldGen object: 70178 (274 MB) 
[INFO] Number of pre-LRU keys in OldGen: 35
[7.169s][info][gc,start       ] GC(140) Pause Young (Concurrent Start) (G1 Evacuation Pause)
[7.169s][info][gc,task        ] GC(140) Using 23 workers of 23 for evacuation
[7.177s][info][gc,phases      ] GC(140)   Pre Evacuate Collection Set: 0.5ms
[7.177s][info][gc,phases      ] GC(140)   Merge Heap Roots: 0.7ms
[7.177s][info][gc,phases      ] GC(140)   Evacuate Collection Set: 5.0ms
[7.177s][info][gc,phases      ] GC(140)   Post Evacuate Collection Set: 1.4ms
[7.177s][info][gc,phases      ] GC(140)   Other: 0.1ms
[7.177s][info][gc,heap        ] GC(140) Eden regions: 44->0(44)
[7.177s][info][gc,heap        ] GC(140) Survivor regions: 7->7(7)
[7.177s][info][gc,heap        ] GC(140) Old regions: 853->899
[7.177s][info][gc,heap        ] GC(140) Archive regions: 0->0
[7.177s][info][gc,heap        ] GC(140) Humongous regions: 2->2
[7.177s][info][gc,metaspace   ] GC(140) Metaspace: 8184K(8384K)->8184K(8384K) NonClass: 7452K(7552K)->7452K(7552K) Class: 731K(832K)->731K(832K)
[7.177s][info][gc             ] GC(140) Pause Young (Concurrent Start) (G1 Evacuation Pause) 905M->907M(1024M) 7.820ms
[7.177s][info][gc,cpu         ] GC(140) User=0.11s Sys=0.00s Real=0.01s
[7.177s][info][gc             ] GC(141) Concurrent Mark Cycle
[7.177s][info][gc,marking     ] GC(141) Concurrent Clear Claimed Marks
[7.177s][info][gc,marking     ] GC(141) Concurrent Clear Claimed Marks 0.009ms
[7.177s][info][gc,marking     ] GC(141) Concurrent Scan Root Regions
[7.177s][info][gc,marking     ] GC(141) Concurrent Scan Root Regions 0.594ms
[7.177s][info][gc,marking     ] GC(141) Concurrent Mark
[7.177s][info][gc,marking     ] GC(141) Concurrent Mark From Roots
[7.177s][info][gc,task        ] GC(141) Using 6 workers of 6 for marking
[7.184s][info][gc,marking     ] GC(141) Concurrent Mark From Roots 6.730ms
[7.184s][info][gc,marking     ] GC(141) Concurrent Preclean
[7.184s][info][gc,marking     ] GC(141) Concurrent Preclean 0.085ms
[7.184s][info][gc,start       ] GC(141) Pause Remark
[7.186s][info][gc             ] GC(141) Pause Remark 914M->914M(1024M) 2.017ms
[7.186s][info][gc,cpu         ] GC(141) User=0.01s Sys=0.00s Real=0.00s
[7.187s][info][gc,marking     ] GC(141) Concurrent Mark 9.249ms
[7.187s][info][gc,marking     ] GC(141) Concurrent Rebuild Remembered Sets
[INFO] Iteration: 21500000
[7.198s][info][gc,marking     ] GC(141) Concurrent Rebuild Remembered Sets 11.702ms
[7.199s][info][gc,start       ] GC(141) Pause Cleanup
[7.199s][info][gc             ] GC(141) Pause Cleanup 918M->918M(1024M) 0.394ms
[7.199s][info][gc,cpu         ] GC(141) User=0.00s Sys=0.00s Real=0.00s
[7.199s][info][gc,marking     ] GC(141) Concurrent Cleanup for Next Mark
[7.200s][info][gc,marking     ] GC(141) Concurrent Cleanup for Next Mark 0.457ms
[7.200s][info][gc             ] GC(141) Concurrent Mark Cycle 22.990ms
[INFO] JVM Uptime: 7.19 seconds, OldGen Region Count: 899, OldGen Used Memory: 898.55 MB, OldGen Live Memory: 625.24 MB, Total count of old regions to be freed 479, Estimated memory to be freed: 163.78 MB, Estimated OldGen object count: 230028
[INFO] Average Region used: 99.95 %, Live percent of used: 69.58 %, Live percent of region size: 69.55 % 
[INFO] Number of keys in OldGen: 153119, Gap with estimated OldGen object: 76909 (300 MB) 
[INFO] Number of pre-LRU keys in OldGen: 241
[INFO] Iteration: 21600000
[INFO] JVM Uptime: 7.22 seconds, OldGen Region Count: 899, OldGen Used Memory: 898.55 MB, OldGen Live Memory: 625.24 MB, Total count of old regions to be freed 479, Estimated memory to be freed: 163.78 MB, Estimated OldGen object count: 230028
[INFO] Average Region used: 99.95 %, Live percent of used: 69.58 %, Live percent of region size: 69.55 % 
[INFO] Number of keys in OldGen: 148086, Gap with estimated OldGen object: 81942 (320 MB) 
[INFO] Number of pre-LRU keys in OldGen: 53
[7.237s][info][gc,start       ] GC(142) Pause Young (Prepare Mixed) (G1 Evacuation Pause)
[7.237s][info][gc,task        ] GC(142) Using 23 workers of 23 for evacuation
[7.242s][info][gc,phases      ] GC(142)   Pre Evacuate Collection Set: 0.3ms
[7.243s][info][gc,phases      ] GC(142)   Merge Heap Roots: 0.5ms
[7.243s][info][gc,phases      ] GC(142)   Evacuate Collection Set: 4.6ms
[7.243s][info][gc,phases      ] GC(142)   Post Evacuate Collection Set: 0.5ms
[7.243s][info][gc,phases      ] GC(142)   Other: 0.1ms
[7.243s][info][gc,heap        ] GC(142) Eden regions: 44->0(44)
[7.243s][info][gc,heap        ] GC(142) Survivor regions: 7->7(7)
[7.243s][info][gc,heap        ] GC(142) Old regions: 899->944
[7.243s][info][gc,heap        ] GC(142) Archive regions: 0->0
[7.243s][info][gc,heap        ] GC(142) Humongous regions: 2->2
[7.243s][info][gc,metaspace   ] GC(142) Metaspace: 8184K(8384K)->8184K(8384K) NonClass: 7452K(7552K)->7452K(7552K) Class: 731K(832K)->731K(832K)
[7.243s][info][gc             ] GC(142) Pause Young (Prepare Mixed) (G1 Evacuation Pause) 951M->952M(1024M) 6.041ms
[7.243s][info][gc,cpu         ] GC(142) User=0.09s Sys=0.01s Real=0.01s
[INFO] Iteration: 21700000
[INFO] JVM Uptime: 7.25 seconds, OldGen Region Count: 944, OldGen Used Memory: 943.55 MB, OldGen Live Memory: 670.24 MB, Total count of old regions to be freed 479, Estimated memory to be freed: 163.78 MB, Estimated OldGen object count: 241548
[INFO] Average Region used: 99.95 %, Live percent of used: 71.03 %, Live percent of region size: 71.00 % 
[INFO] Number of keys in OldGen: 153382, Gap with estimated OldGen object: 88166 (344 MB) 
[INFO] Number of pre-LRU keys in OldGen: 262
[7.268s][info][gc,start       ] GC(143) Pause Young (Mixed) (G1 Preventive Collection)
[7.268s][info][gc,task        ] GC(143) Using 23 workers of 23 for evacuation
[7.275s][info][gc             ] GC(143) To-space exhausted
[7.275s][info][gc,phases      ] GC(143)   Pre Evacuate Collection Set: 0.1ms
[7.275s][info][gc,phases      ] GC(143)   Merge Heap Roots: 0.5ms
[7.275s][info][gc,phases      ] GC(143)   Evacuate Collection Set: 5.2ms
[7.275s][info][gc,phases      ] GC(143)   Post Evacuate Collection Set: 1.3ms
[7.275s][info][gc,phases      ] GC(143)   Other: 0.1ms
[7.275s][info][gc,heap        ] GC(143) Eden regions: 20->0(44)
[7.275s][info][gc,heap        ] GC(143) Survivor regions: 7->7(7)
[7.275s][info][gc,heap        ] GC(143) Old regions: 944->1015
[7.275s][info][gc,heap        ] GC(143) Archive regions: 0->0
[7.275s][info][gc,heap        ] GC(143) Humongous regions: 2->2
[7.275s][info][gc,metaspace   ] GC(143) Metaspace: 8184K(8384K)->8184K(8384K) NonClass: 7452K(7552K)->7452K(7552K) Class: 731K(832K)->731K(832K)
[7.275s][info][gc             ] GC(143) Pause Young (Mixed) (G1 Preventive Collection) 972M->1023M(1024M) 7.267ms
[7.275s][info][gc,cpu         ] GC(143) User=0.13s Sys=0.00s Real=0.00s
[7.275s][info][gc,ergo        ] Attempting full compaction
[7.276s][info][gc,task        ] GC(144) Using 23 workers of 23 for full compaction
[7.276s][info][gc,start       ] GC(144) Pause Full (G1 Compaction Pause)
[7.276s][info][gc,phases,start] GC(144) Phase 1: Mark live objects
[7.282s][info][gc,phases      ] GC(144) Phase 1: Mark live objects 6.003ms
[7.282s][info][gc,phases,start] GC(144) Phase 2: Prepare for compaction
[7.283s][info][gc,phases      ] GC(144) Phase 2: Prepare for compaction 1.596ms
[7.283s][info][gc,phases,start] GC(144) Phase 3: Adjust pointers
[7.287s][info][gc,phases      ] GC(144) Phase 3: Adjust pointers 3.780ms
[7.287s][info][gc,phases,start] GC(144) Phase 4: Compact heap
[7.309s][info][gc,phases      ] GC(144) Phase 4: Compact heap 22.112ms
[7.310s][info][gc,heap        ] GC(144) Eden regions: 0->0(91)
[7.310s][info][gc,heap        ] GC(144) Survivor regions: 7->0(7)
[7.310s][info][gc,heap        ] GC(144) Old regions: 1015->641
[7.310s][info][gc,heap        ] GC(144) Archive regions: 0->0
[7.310s][info][gc,heap        ] GC(144) Humongous regions: 2->2
[7.310s][info][gc,metaspace   ] GC(144) Metaspace: 8184K(8384K)->8184K(8384K) NonClass: 7452K(7552K)->7452K(7552K) Class: 731K(832K)->731K(832K)
[7.310s][info][gc             ] GC(144) Pause Full (G1 Compaction Pause) 1023M->629M(1024M) 34.447ms
[7.310s][info][gc,cpu         ] GC(144) User=0.49s Sys=0.03s Real=0.04s
[INFO] Iteration: 21800000
[INFO] JVM Uptime: 7.32 seconds, OldGen Region Count: 641, OldGen Used Memory: 627.77 MB, OldGen Live Memory: 627.77 MB, Total count of old regions to be freed 0, Estimated memory to be freed: 0.00 MB, Estimated OldGen object count: 160709
[INFO] Average Region used: 97.94 %, Live percent of used: 100.00 %, Live percent of region size: 97.94 % 
[INFO] Number of keys in OldGen: 154739, Gap with estimated OldGen object: 5970 (23 MB) 
[INFO] Number of pre-LRU keys in OldGen: 263
[INFO] Iteration: 21900000
[INFO] JVM Uptime: 7.34 seconds, OldGen Region Count: 641, OldGen Used Memory: 627.77 MB, OldGen Live Memory: 627.77 MB, Total count of old regions to be freed 0, Estimated memory to be freed: 0.00 MB, Estimated OldGen object count: 160709
[INFO] Average Region used: 97.94 %, Live percent of used: 100.00 %, Live percent of region size: 97.94 % 
[INFO] Number of keys in OldGen: 149745, Gap with estimated OldGen object: 10964 (42 MB) 
[INFO] Number of pre-LRU keys in OldGen: 54
[INFO] Iteration: 22000000
[INFO] JVM Uptime: 7.36 seconds, OldGen Region Count: 641, OldGen Used Memory: 627.77 MB, OldGen Live Memory: 627.77 MB, Total count of old regions to be freed 0, Estimated memory to be freed: 0.00 MB, Estimated OldGen object count: 160709
[INFO] Average Region used: 97.94 %, Live percent of used: 100.00 %, Live percent of region size: 97.94 % 
[INFO] Number of keys in OldGen: 144825, Gap with estimated OldGen object: 15884 (62 MB) 
[INFO] Number of pre-LRU keys in OldGen: 59
[INFO] Iteration: 22100000
[INFO] JVM Uptime: 7.38 seconds, OldGen Region Count: 641, OldGen Used Memory: 627.77 MB, OldGen Live Memory: 627.77 MB, Total count of old regions to be freed 0, Estimated memory to be freed: 0.00 MB, Estimated OldGen object count: 160709
[INFO] Average Region used: 97.94 %, Live percent of used: 100.00 %, Live percent of region size: 97.94 % 
[INFO] Number of keys in OldGen: 139885, Gap with estimated OldGen object: 20824 (81 MB) 
[INFO] Number of pre-LRU keys in OldGen: 56
[7.402s][info][gc,start       ] GC(145) Pause Young (Normal) (G1 Evacuation Pause)
[7.402s][info][gc,task        ] GC(145) Using 23 workers of 23 for evacuation
[7.408s][info][gc,phases      ] GC(145)   Pre Evacuate Collection Set: 0.1ms
[7.408s][info][gc,phases      ] GC(145)   Merge Heap Roots: 0.4ms
[7.408s][info][gc,phases      ] GC(145)   Evacuate Collection Set: 5.6ms
[7.408s][info][gc,phases      ] GC(145)   Post Evacuate Collection Set: 0.2ms
[7.408s][info][gc,phases      ] GC(145)   Other: 0.1ms
[7.408s][info][gc,heap        ] GC(145) Eden regions: 91->0(61)
[7.408s][info][gc,heap        ] GC(145) Survivor regions: 0->12(12)
[7.408s][info][gc,heap        ] GC(145) Old regions: 641->718
[7.408s][info][gc,heap        ] GC(145) Archive regions: 0->0
[7.408s][info][gc,heap        ] GC(145) Humongous regions: 2->2
[7.408s][info][gc,metaspace   ] GC(145) Metaspace: 8184K(8384K)->8184K(8384K) NonClass: 7452K(7552K)->7452K(7552K) Class: 731K(832K)->731K(832K)
[7.408s][info][gc             ] GC(145) Pause Young (Normal) (G1 Evacuation Pause) 720M->718M(1024M) 6.432ms
[7.408s][info][gc,cpu         ] GC(145) User=0.12s Sys=0.00s Real=0.01s
[INFO] Iteration: 22200000
[INFO] JVM Uptime: 7.41 seconds, OldGen Region Count: 718, OldGen Used Memory: 704.15 MB, OldGen Live Memory: 704.15 MB, Total count of old regions to be freed 0, Estimated memory to be freed: 0.00 MB, Estimated OldGen object count: 180262
[INFO] Average Region used: 98.07 %, Live percent of used: 100.00 %, Live percent of region size: 98.07 % 
[INFO] Number of keys in OldGen: 153037, Gap with estimated OldGen object: 27225 (106 MB) 
[INFO] Number of pre-LRU keys in OldGen: 345
[INFO] Iteration: 22300000
[INFO] JVM Uptime: 7.44 seconds, OldGen Region Count: 718, OldGen Used Memory: 704.15 MB, OldGen Live Memory: 704.15 MB, Total count of old regions to be freed 0, Estimated memory to be freed: 0.00 MB, Estimated OldGen object count: 180262
[INFO] Average Region used: 98.07 %, Live percent of used: 100.00 %, Live percent of region size: 98.07 % 
[INFO] Number of keys in OldGen: 147915, Gap with estimated OldGen object: 32347 (126 MB) 
[INFO] Number of pre-LRU keys in OldGen: 51
[INFO] Iteration: 22400000
[INFO] JVM Uptime: 7.46 seconds, OldGen Region Count: 718, OldGen Used Memory: 704.15 MB, OldGen Live Memory: 704.15 MB, Total count of old regions to be freed 0, Estimated memory to be freed: 0.00 MB, Estimated OldGen object count: 180262
[INFO] Average Region used: 98.07 %, Live percent of used: 100.00 %, Live percent of region size: 98.07 % 
[INFO] Number of keys in OldGen: 143108, Gap with estimated OldGen object: 37154 (145 MB) 
[INFO] Number of pre-LRU keys in OldGen: 45
[7.476s][info][gc,start       ] GC(146) Pause Young (Concurrent Start) (G1 Evacuation Pause)
[7.476s][info][gc,task        ] GC(146) Using 23 workers of 23 for evacuation
[7.484s][info][gc,phases      ] GC(146)   Pre Evacuate Collection Set: 0.3ms
[7.484s][info][gc,phases      ] GC(146)   Merge Heap Roots: 0.6ms
[7.484s][info][gc,phases      ] GC(146)   Evacuate Collection Set: 5.6ms
[7.484s][info][gc,phases      ] GC(146)   Post Evacuate Collection Set: 0.9ms
[7.484s][info][gc,phases      ] GC(146)   Other: 0.2ms
[7.484s][info][gc,heap        ] GC(146) Eden regions: 61->0(41)
[7.484s][info][gc,heap        ] GC(146) Survivor regions: 12->10(10)
[7.484s][info][gc,heap        ] GC(146) Old regions: 718->782
[7.484s][info][gc,heap        ] GC(146) Archive regions: 0->0
[7.484s][info][gc,heap        ] GC(146) Humongous regions: 2->2
[7.484s][info][gc,metaspace   ] GC(146) Metaspace: 8184K(8384K)->8184K(8384K) NonClass: 7452K(7552K)->7452K(7552K) Class: 731K(832K)->731K(832K)
[7.484s][info][gc             ] GC(146) Pause Young (Concurrent Start) (G1 Evacuation Pause) 779M->780M(1024M) 7.653ms
[7.484s][info][gc,cpu         ] GC(146) User=0.12s Sys=0.01s Real=0.01s
[7.484s][info][gc             ] GC(147) Concurrent Mark Cycle
[7.484s][info][gc,marking     ] GC(147) Concurrent Clear Claimed Marks
[7.484s][info][gc,marking     ] GC(147) Concurrent Clear Claimed Marks 0.011ms
[7.484s][info][gc,marking     ] GC(147) Concurrent Scan Root Regions
[7.485s][info][gc,marking     ] GC(147) Concurrent Scan Root Regions 0.992ms
[7.485s][info][gc,marking     ] GC(147) Concurrent Mark
[7.485s][info][gc,marking     ] GC(147) Concurrent Mark From Roots
[7.485s][info][gc,task        ] GC(147) Using 6 workers of 6 for marking
[7.493s][info][gc,marking     ] GC(147) Concurrent Mark From Roots 7.877ms
[7.493s][info][gc,marking     ] GC(147) Concurrent Preclean
[7.493s][info][gc,marking     ] GC(147) Concurrent Preclean 0.138ms
[7.493s][info][gc,start       ] GC(147) Pause Remark
[7.495s][info][gc             ] GC(147) Pause Remark 787M->787M(1024M) 2.360ms
[7.495s][info][gc,cpu         ] GC(147) User=0.01s Sys=0.00s Real=0.00s
[7.496s][info][gc,marking     ] GC(147) Concurrent Mark 10.725ms
[7.496s][info][gc,marking     ] GC(147) Concurrent Rebuild Remembered Sets
[INFO] Iteration: 22500000
[7.509s][info][gc,marking     ] GC(147) Concurrent Rebuild Remembered Sets 13.127ms
[7.509s][info][gc,start       ] GC(147) Pause Cleanup
[7.510s][info][gc             ] GC(147) Pause Cleanup 789M->789M(1024M) 0.783ms
[7.510s][info][gc,cpu         ] GC(147) User=0.00s Sys=0.00s Real=0.00s
[7.510s][info][gc,marking     ] GC(147) Concurrent Cleanup for Next Mark
[7.510s][info][gc,marking     ] GC(147) Concurrent Cleanup for Next Mark 0.468ms
[7.510s][info][gc             ] GC(147) Concurrent Mark Cycle 26.553ms
[INFO] JVM Uptime: 7.50 seconds, OldGen Region Count: 782, OldGen Used Memory: 768.27 MB, OldGen Live Memory: 622.67 MB, Total count of old regions to be freed 116, Estimated memory to be freed: 27.03 MB, Estimated OldGen object count: 196677
[INFO] Average Region used: 98.24 %, Live percent of used: 81.05 %, Live percent of region size: 79.62 % 
[INFO] Number of keys in OldGen: 152583, Gap with estimated OldGen object: 44094 (172 MB) 
[INFO] Number of pre-LRU keys in OldGen: 250
[INFO] Iteration: 22600000
[INFO] JVM Uptime: 7.53 seconds, OldGen Region Count: 782, OldGen Used Memory: 768.27 MB, OldGen Live Memory: 622.67 MB, Total count of old regions to be freed 116, Estimated memory to be freed: 27.03 MB, Estimated OldGen object count: 196677
[INFO] Average Region used: 98.24 %, Live percent of used: 81.05 %, Live percent of region size: 79.62 % 
[INFO] Number of keys in OldGen: 147578, Gap with estimated OldGen object: 49099 (191 MB) 
[INFO] Number of pre-LRU keys in OldGen: 50
[7.544s][info][gc,start       ] GC(148) Pause Young (Prepare Mixed) (G1 Evacuation Pause)
[7.544s][info][gc,task        ] GC(148) Using 23 workers of 23 for evacuation
[7.551s][info][gc,phases      ] GC(148)   Pre Evacuate Collection Set: 0.6ms
[7.551s][info][gc,phases      ] GC(148)   Merge Heap Roots: 0.6ms
[7.551s][info][gc,phases      ] GC(148)   Evacuate Collection Set: 4.8ms
[7.551s][info][gc,phases      ] GC(148)   Post Evacuate Collection Set: 0.7ms
[7.551s][info][gc,phases      ] GC(148)   Other: 0.1ms
[7.551s][info][gc,heap        ] GC(148) Eden regions: 41->0(44)
[7.551s][info][gc,heap        ] GC(148) Survivor regions: 10->7(7)
[7.551s][info][gc,heap        ] GC(148) Old regions: 782->829
[7.551s][info][gc,heap        ] GC(148) Archive regions: 0->0
[7.551s][info][gc,heap        ] GC(148) Humongous regions: 2->2
[7.551s][info][gc,metaspace   ] GC(148) Metaspace: 8184K(8384K)->8184K(8384K) NonClass: 7452K(7552K)->7452K(7552K) Class: 731K(832K)->731K(832K)
[7.551s][info][gc             ] GC(148) Pause Young (Prepare Mixed) (G1 Evacuation Pause) 821M->824M(1024M) 6.892ms
[7.551s][info][gc,cpu         ] GC(148) User=0.10s Sys=0.01s Real=0.01s
[INFO] Iteration: 22700000
[INFO] JVM Uptime: 7.56 seconds, OldGen Region Count: 829, OldGen Used Memory: 815.27 MB, OldGen Live Memory: 669.67 MB, Total count of old regions to be freed 116, Estimated memory to be freed: 27.03 MB, Estimated OldGen object count: 208709
[INFO] Average Region used: 98.34 %, Live percent of used: 82.14 %, Live percent of region size: 80.78 % 
[INFO] Number of keys in OldGen: 152858, Gap with estimated OldGen object: 55851 (218 MB) 
[INFO] Number of pre-LRU keys in OldGen: 224
[INFO] Iteration: 22800000
[INFO] JVM Uptime: 7.58 seconds, OldGen Region Count: 829, OldGen Used Memory: 815.27 MB, OldGen Live Memory: 669.67 MB, Total count of old regions to be freed 116, Estimated memory to be freed: 27.03 MB, Estimated OldGen object count: 208709
[INFO] Average Region used: 98.34 %, Live percent of used: 82.14 %, Live percent of region size: 80.78 % 
[INFO] Number of keys in OldGen: 147782, Gap with estimated OldGen object: 60927 (237 MB) 
[INFO] Number of pre-LRU keys in OldGen: 63
[7.599s][info][gc,start       ] GC(149) Pause Young (Mixed) (G1 Evacuation Pause)
[7.599s][info][gc,task        ] GC(149) Using 23 workers of 23 for evacuation
[7.607s][info][gc,phases      ] GC(149)   Pre Evacuate Collection Set: 0.1ms
[7.607s][info][gc,phases      ] GC(149)   Merge Heap Roots: 0.5ms
[7.607s][info][gc,phases      ] GC(149)   Evacuate Collection Set: 6.6ms
[7.607s][info][gc,phases      ] GC(149)   Post Evacuate Collection Set: 0.6ms
[7.607s][info][gc,phases      ] GC(149)   Other: 0.1ms
[7.607s][info][gc,heap        ] GC(149) Eden regions: 44->0(44)
[7.607s][info][gc,heap        ] GC(149) Survivor regions: 7->7(7)
[7.607s][info][gc,heap        ] GC(149) Old regions: 829->828
[7.607s][info][gc,heap        ] GC(149) Archive regions: 0->0
[7.607s][info][gc,heap        ] GC(149) Humongous regions: 2->2
[7.607s][info][gc,metaspace   ] GC(149) Metaspace: 8184K(8384K)->8184K(8384K) NonClass: 7452K(7552K)->7452K(7552K) Class: 731K(832K)->731K(832K)
[7.607s][info][gc             ] GC(149) Pause Young (Mixed) (G1 Evacuation Pause) 868M->835M(1024M) 7.909ms
[7.607s][info][gc,cpu         ] GC(149) User=0.16s Sys=0.00s Real=0.01s
[INFO] Iteration: 22900000
[INFO] JVM Uptime: 7.61 seconds, OldGen Region Count: 828, OldGen Used Memory: 826.97 MB, OldGen Live Memory: 706.93 MB, Total count of old regions to be freed 96, Estimated memory to be freed: 19.76 MB, Estimated OldGen object count: 211704
[INFO] Average Region used: 99.88 %, Live percent of used: 85.48 %, Live percent of region size: 85.38 % 
[INFO] Number of keys in OldGen: 152957, Gap with estimated OldGen object: 58747 (229 MB) 
[INFO] Number of pre-LRU keys in OldGen: 214
[INFO] Iteration: 23000000
[INFO] JVM Uptime: 7.64 seconds, OldGen Region Count: 828, OldGen Used Memory: 826.97 MB, OldGen Live Memory: 706.93 MB, Total count of old regions to be freed 96, Estimated memory to be freed: 19.76 MB, Estimated OldGen object count: 211704
[INFO] Average Region used: 99.88 %, Live percent of used: 85.48 %, Live percent of region size: 85.38 % 
[INFO] Number of keys in OldGen: 147992, Gap with estimated OldGen object: 63712 (248 MB) 
[INFO] Number of pre-LRU keys in OldGen: 50
[7.656s][info][gc,start       ] GC(150) Pause Young (Mixed) (G1 Evacuation Pause)
[7.656s][info][gc,task        ] GC(150) Using 23 workers of 23 for evacuation
[7.665s][info][gc,phases      ] GC(150)   Pre Evacuate Collection Set: 0.2ms
[7.665s][info][gc,phases      ] GC(150)   Merge Heap Roots: 0.6ms
[7.665s][info][gc,phases      ] GC(150)   Evacuate Collection Set: 7.4ms
[7.665s][info][gc,phases      ] GC(150)   Post Evacuate Collection Set: 1.2ms
[7.665s][info][gc,phases      ] GC(150)   Other: 0.1ms
[7.665s][info][gc,heap        ] GC(150) Eden regions: 44->0(44)
[7.665s][info][gc,heap        ] GC(150) Survivor regions: 7->7(7)
[7.665s][info][gc,heap        ] GC(150) Old regions: 828->836
[7.665s][info][gc,heap        ] GC(150) Archive regions: 0->0
[7.665s][info][gc,heap        ] GC(150) Humongous regions: 2->2
[7.665s][info][gc,metaspace   ] GC(150) Metaspace: 8184K(8384K)->8184K(8384K) NonClass: 7452K(7552K)->7452K(7552K) Class: 731K(832K)->731K(832K)
[7.665s][info][gc             ] GC(150) Pause Young (Mixed) (G1 Evacuation Pause) 879M->844M(1024M) 9.480ms
[7.665s][info][gc,cpu         ] GC(150) User=0.18s Sys=0.00s Real=0.01s
[INFO] Iteration: 23100000
[INFO] JVM Uptime: 7.67 seconds, OldGen Region Count: 836, OldGen Used Memory: 835.17 MB, OldGen Live Memory: 740.25 MB, Total count of old regions to be freed 83, Estimated memory to be freed: 16.55 MB, Estimated OldGen object count: 213802
[INFO] Average Region used: 99.90 %, Live percent of used: 88.64 %, Live percent of region size: 88.55 % 
[INFO] Number of keys in OldGen: 153177, Gap with estimated OldGen object: 60625 (236 MB) 
[INFO] Number of pre-LRU keys in OldGen: 222
[INFO] Iteration: 23200000
[INFO] JVM Uptime: 7.70 seconds, OldGen Region Count: 836, OldGen Used Memory: 835.17 MB, OldGen Live Memory: 740.25 MB, Total count of old regions to be freed 83, Estimated memory to be freed: 16.55 MB, Estimated OldGen object count: 213802
[INFO] Average Region used: 99.90 %, Live percent of used: 88.64 %, Live percent of region size: 88.55 % 
[INFO] Number of keys in OldGen: 148243, Gap with estimated OldGen object: 65559 (256 MB) 
[INFO] Number of pre-LRU keys in OldGen: 60
[7.715s][info][gc,start       ] GC(151) Pause Young (Mixed) (G1 Evacuation Pause)
[7.715s][info][gc,task        ] GC(151) Using 23 workers of 23 for evacuation
[7.723s][info][gc,phases      ] GC(151)   Pre Evacuate Collection Set: 0.1ms
[7.723s][info][gc,phases      ] GC(151)   Merge Heap Roots: 0.6ms
[7.723s][info][gc,phases      ] GC(151)   Evacuate Collection Set: 6.8ms
[7.723s][info][gc,phases      ] GC(151)   Post Evacuate Collection Set: 0.6ms
[7.723s][info][gc,phases      ] GC(151)   Other: 0.1ms
[7.723s][info][gc,heap        ] GC(151) Eden regions: 44->0(44)
[7.723s][info][gc,heap        ] GC(151) Survivor regions: 7->7(7)
[7.723s][info][gc,heap        ] GC(151) Old regions: 836->841
[7.723s][info][gc,heap        ] GC(151) Archive regions: 0->0
[7.723s][info][gc,heap        ] GC(151) Humongous regions: 2->2
[7.723s][info][gc,metaspace   ] GC(151) Metaspace: 8184K(8384K)->8184K(8384K) NonClass: 7452K(7552K)->7452K(7552K) Class: 731K(832K)->731K(832K)
[7.723s][info][gc             ] GC(151) Pause Young (Mixed) (G1 Evacuation Pause) 888M->848M(1024M) 8.263ms
[7.723s][info][gc,cpu         ] GC(151) User=0.16s Sys=0.00s Real=0.01s
[INFO] Iteration: 23300000
[INFO] JVM Uptime: 7.73 seconds, OldGen Region Count: 841, OldGen Used Memory: 839.92 MB, OldGen Live Memory: 768.66 MB, Total count of old regions to be freed 72, Estimated memory to be freed: 14.01 MB, Estimated OldGen object count: 215019
[INFO] Average Region used: 99.87 %, Live percent of used: 91.52 %, Live percent of region size: 91.40 % 
[INFO] Number of keys in OldGen: 153479, Gap with estimated OldGen object: 61540 (240 MB) 
[INFO] Number of pre-LRU keys in OldGen: 278
[INFO] Iteration: 23400000
[INFO] JVM Uptime: 7.75 seconds, OldGen Region Count: 841, OldGen Used Memory: 839.92 MB, OldGen Live Memory: 768.66 MB, Total count of old regions to be freed 72, Estimated memory to be freed: 14.01 MB, Estimated OldGen object count: 215019
[INFO] Average Region used: 99.87 %, Live percent of used: 91.52 %, Live percent of region size: 91.40 % 
[INFO] Number of keys in OldGen: 148512, Gap with estimated OldGen object: 66507 (259 MB) 
[INFO] Number of pre-LRU keys in OldGen: 62
[7.772s][info][gc,start       ] GC(152) Pause Young (Mixed) (G1 Evacuation Pause)
[7.772s][info][gc,task        ] GC(152) Using 23 workers of 23 for evacuation
[7.780s][info][gc,phases      ] GC(152)   Pre Evacuate Collection Set: 0.1ms
[7.780s][info][gc,phases      ] GC(152)   Merge Heap Roots: 0.6ms
[7.780s][info][gc,phases      ] GC(152)   Evacuate Collection Set: 6.3ms
[7.780s][info][gc,phases      ] GC(152)   Post Evacuate Collection Set: 0.9ms
[7.780s][info][gc,phases      ] GC(152)   Other: 0.1ms
[7.780s][info][gc,heap        ] GC(152) Eden regions: 44->0(44)
[7.780s][info][gc,heap        ] GC(152) Survivor regions: 7->7(7)
[7.780s][info][gc,heap        ] GC(152) Old regions: 841->854
[7.780s][info][gc,heap        ] GC(152) Archive regions: 0->0
[7.780s][info][gc,heap        ] GC(152) Humongous regions: 2->2
[7.780s][info][gc,metaspace   ] GC(152) Metaspace: 8184K(8384K)->8184K(8384K) NonClass: 7452K(7552K)->7452K(7552K) Class: 731K(832K)->731K(832K)
[7.780s][info][gc             ] GC(152) Pause Young (Mixed) (G1 Evacuation Pause) 892M->862M(1024M) 8.009ms
[7.780s][info][gc,cpu         ] GC(152) User=0.14s Sys=0.00s Real=0.01s
[INFO] Iteration: 23500000
[INFO] JVM Uptime: 7.79 seconds, OldGen Region Count: 854, OldGen Used Memory: 853.57 MB, OldGen Live Memory: 798.56 MB, Total count of old regions to be freed 63, Estimated memory to be freed: 12.03 MB, Estimated OldGen object count: 218513
[INFO] Average Region used: 99.95 %, Live percent of used: 93.56 %, Live percent of region size: 93.51 % 
[INFO] Number of keys in OldGen: 153695, Gap with estimated OldGen object: 64818 (253 MB) 
[INFO] Number of pre-LRU keys in OldGen: 255
[INFO] Iteration: 23600000
[INFO] JVM Uptime: 7.81 seconds, OldGen Region Count: 854, OldGen Used Memory: 853.57 MB, OldGen Live Memory: 798.56 MB, Total count of old regions to be freed 63, Estimated memory to be freed: 12.03 MB, Estimated OldGen object count: 218513
[INFO] Average Region used: 99.95 %, Live percent of used: 93.56 %, Live percent of region size: 93.51 % 
[INFO] Number of keys in OldGen: 148662, Gap with estimated OldGen object: 69851 (272 MB) 
[INFO] Number of pre-LRU keys in OldGen: 58
[7.830s][info][gc,start       ] GC(153) Pause Young (Concurrent Start) (G1 Evacuation Pause)
[7.830s][info][gc,task        ] GC(153) Using 23 workers of 23 for evacuation
[7.836s][info][gc,phases      ] GC(153)   Pre Evacuate Collection Set: 0.1ms
[7.836s][info][gc,phases      ] GC(153)   Merge Heap Roots: 0.4ms
[7.836s][info][gc,phases      ] GC(153)   Evacuate Collection Set: 5.5ms
[7.836s][info][gc,phases      ] GC(153)   Post Evacuate Collection Set: 0.4ms
[7.836s][info][gc,phases      ] GC(153)   Other: 0.1ms
[7.836s][info][gc,heap        ] GC(153) Eden regions: 44->0(44)
[7.836s][info][gc,heap        ] GC(153) Survivor regions: 7->7(7)
[7.836s][info][gc,heap        ] GC(153) Old regions: 854->902
[7.836s][info][gc,heap        ] GC(153) Archive regions: 0->0
[7.836s][info][gc,heap        ] GC(153) Humongous regions: 2->2
[7.836s][info][gc,metaspace   ] GC(153) Metaspace: 8184K(8384K)->8184K(8384K) NonClass: 7452K(7552K)->7452K(7552K) Class: 731K(832K)->731K(832K)
[7.836s][info][gc             ] GC(153) Pause Young (Concurrent Start) (G1 Evacuation Pause) 906M->910M(1024M) 6.649ms
[7.836s][info][gc,cpu         ] GC(153) User=0.11s Sys=0.00s Real=0.00s
[7.836s][info][gc             ] GC(154) Concurrent Mark Cycle
[7.836s][info][gc,marking     ] GC(154) Concurrent Clear Claimed Marks
[7.836s][info][gc,marking     ] GC(154) Concurrent Clear Claimed Marks 0.029ms
[7.836s][info][gc,marking     ] GC(154) Concurrent Scan Root Regions
[7.837s][info][gc,marking     ] GC(154) Concurrent Scan Root Regions 0.814ms
[7.837s][info][gc,marking     ] GC(154) Concurrent Mark
[7.837s][info][gc,marking     ] GC(154) Concurrent Mark From Roots
[7.837s][info][gc,task        ] GC(154) Using 6 workers of 6 for marking
[7.844s][info][gc,marking     ] GC(154) Concurrent Mark From Roots 6.397ms
[7.844s][info][gc,marking     ] GC(154) Concurrent Preclean
[7.844s][info][gc,marking     ] GC(154) Concurrent Preclean 0.141ms
[7.844s][info][gc,start       ] GC(154) Pause Remark
[7.846s][info][gc             ] GC(154) Pause Remark 917M->917M(1024M) 2.330ms
[7.846s][info][gc,cpu         ] GC(154) User=0.01s Sys=0.00s Real=0.00s
[7.846s][info][gc,marking     ] GC(154) Concurrent Mark 9.179ms
[7.846s][info][gc,marking     ] GC(154) Concurrent Rebuild Remembered Sets
[INFO] Iteration: 23700000
[7.858s][info][gc,marking     ] GC(154) Concurrent Rebuild Remembered Sets 11.760ms
[7.858s][info][gc,start       ] GC(154) Pause Cleanup
[7.859s][info][gc             ] GC(154) Pause Cleanup 917M->917M(1024M) 0.516ms
[7.859s][info][gc,cpu         ] GC(154) User=0.00s Sys=0.00s Real=0.00s
[7.859s][info][gc,marking     ] GC(154) Concurrent Cleanup for Next Mark
[7.859s][info][gc,marking     ] GC(154) Concurrent Cleanup for Next Mark 0.550ms
[7.860s][info][gc             ] GC(154) Concurrent Mark Cycle 23.306ms
[INFO] JVM Uptime: 7.85 seconds, OldGen Region Count: 902, OldGen Used Memory: 901.07 MB, OldGen Live Memory: 626.29 MB, Total count of old regions to be freed 482, Estimated memory to be freed: 164.97 MB, Estimated OldGen object count: 230673
[INFO] Average Region used: 99.90 %, Live percent of used: 69.51 %, Live percent of region size: 69.43 % 
[INFO] Number of keys in OldGen: 153888, Gap with estimated OldGen object: 76785 (299 MB) 
[INFO] Number of pre-LRU keys in OldGen: 250
[INFO] Iteration: 23800000
[INFO] JVM Uptime: 7.88 seconds, OldGen Region Count: 902, OldGen Used Memory: 901.07 MB, OldGen Live Memory: 626.29 MB, Total count of old regions to be freed 482, Estimated memory to be freed: 164.97 MB, Estimated OldGen object count: 230673
[INFO] Average Region used: 99.90 %, Live percent of used: 69.51 %, Live percent of region size: 69.43 % 
[INFO] Number of keys in OldGen: 148805, Gap with estimated OldGen object: 81868 (319 MB) 
[INFO] Number of pre-LRU keys in OldGen: 50
[7.895s][info][gc,start       ] GC(155) Pause Young (Prepare Mixed) (G1 Evacuation Pause)
[7.895s][info][gc,task        ] GC(155) Using 23 workers of 23 for evacuation
[7.901s][info][gc,phases      ] GC(155)   Pre Evacuate Collection Set: 0.1ms
[7.901s][info][gc,phases      ] GC(155)   Merge Heap Roots: 0.4ms
[7.901s][info][gc,phases      ] GC(155)   Evacuate Collection Set: 4.7ms
[7.901s][info][gc,phases      ] GC(155)   Post Evacuate Collection Set: 1.2ms
[7.901s][info][gc,phases      ] GC(155)   Other: 0.1ms
[7.901s][info][gc,heap        ] GC(155) Eden regions: 44->0(44)
[7.901s][info][gc,heap        ] GC(155) Survivor regions: 7->7(7)
[7.901s][info][gc,heap        ] GC(155) Old regions: 902->948
[7.901s][info][gc,heap        ] GC(155) Archive regions: 0->0
[7.901s][info][gc,heap        ] GC(155) Humongous regions: 2->2
[7.901s][info][gc,metaspace   ] GC(155) Metaspace: 8184K(8384K)->8184K(8384K) NonClass: 7452K(7552K)->7452K(7552K) Class: 731K(832K)->731K(832K)
[7.901s][info][gc             ] GC(155) Pause Young (Prepare Mixed) (G1 Evacuation Pause) 954M->956M(1024M) 6.502ms
[7.901s][info][gc,cpu         ] GC(155) User=0.10s Sys=0.00s Real=0.01s
[INFO] Iteration: 23900000
[INFO] JVM Uptime: 7.91 seconds, OldGen Region Count: 948, OldGen Used Memory: 947.02 MB, OldGen Live Memory: 672.24 MB, Total count of old regions to be freed 482, Estimated memory to be freed: 164.97 MB, Estimated OldGen object count: 242437
[INFO] Average Region used: 99.90 %, Live percent of used: 70.98 %, Live percent of region size: 70.91 % 
[INFO] Number of keys in OldGen: 154035, Gap with estimated OldGen object: 88402 (345 MB) 
[INFO] Number of pre-LRU keys in OldGen: 312
[7.927s][info][gc,start       ] GC(156) Pause Young (Mixed) (G1 Preventive Collection)
[7.927s][info][gc,task        ] GC(156) Using 23 workers of 23 for evacuation
[7.935s][info][gc             ] GC(156) To-space exhausted
[7.935s][info][gc,phases      ] GC(156)   Pre Evacuate Collection Set: 0.3ms
[7.935s][info][gc,phases      ] GC(156)   Merge Heap Roots: 0.5ms
[7.935s][info][gc,phases      ] GC(156)   Evacuate Collection Set: 5.2ms
[7.935s][info][gc,phases      ] GC(156)   Post Evacuate Collection Set: 1.4ms
[7.935s][info][gc,phases      ] GC(156)   Other: 0.1ms
[7.935s][info][gc,heap        ] GC(156) Eden regions: 19->0(44)
[7.935s][info][gc,heap        ] GC(156) Survivor regions: 7->7(7)
[7.935s][info][gc,heap        ] GC(156) Old regions: 948->1015
[7.935s][info][gc,heap        ] GC(156) Archive regions: 0->0
[7.935s][info][gc,heap        ] GC(156) Humongous regions: 2->2
[7.935s][info][gc,metaspace   ] GC(156) Metaspace: 8184K(8384K)->8184K(8384K) NonClass: 7452K(7552K)->7452K(7552K) Class: 731K(832K)->731K(832K)
[7.935s][info][gc             ] GC(156) Pause Young (Mixed) (G1 Preventive Collection) 975M->1023M(1024M) 7.532ms
[7.935s][info][gc,cpu         ] GC(156) User=0.12s Sys=0.00s Real=0.00s
[7.935s][info][gc,ergo        ] Attempting full compaction
[7.935s][info][gc,task        ] GC(157) Using 23 workers of 23 for full compaction
[7.935s][info][gc,start       ] GC(157) Pause Full (G1 Compaction Pause)
[7.935s][info][gc,phases,start] GC(157) Phase 1: Mark live objects
[7.940s][info][gc,phases      ] GC(157) Phase 1: Mark live objects 5.247ms
[7.940s][info][gc,phases,start] GC(157) Phase 2: Prepare for compaction
[7.942s][info][gc,phases      ] GC(157) Phase 2: Prepare for compaction 1.698ms
[7.942s][info][gc,phases,start] GC(157) Phase 3: Adjust pointers
[7.944s][info][gc,phases      ] GC(157) Phase 3: Adjust pointers 2.293ms
[7.944s][info][gc,phases,start] GC(157) Phase 4: Compact heap
[7.965s][info][gc,phases      ] GC(157) Phase 4: Compact heap 21.461ms
[7.966s][info][gc,heap        ] GC(157) Eden regions: 0->0(92)
[7.966s][info][gc,heap        ] GC(157) Survivor regions: 7->0(7)
[7.966s][info][gc,heap        ] GC(157) Old regions: 1015->637
[7.966s][info][gc,heap        ] GC(157) Archive regions: 0->0
[7.966s][info][gc,heap        ] GC(157) Humongous regions: 2->2
[7.966s][info][gc,metaspace   ] GC(157) Metaspace: 8184K(8384K)->8184K(8384K) NonClass: 7452K(7552K)->7452K(7552K) Class: 731K(832K)->731K(832K)
[7.966s][info][gc             ] GC(157) Pause Full (G1 Compaction Pause) 1023M->629M(1024M) 31.668ms
[7.966s][info][gc,cpu         ] GC(157) User=0.52s Sys=0.00s Real=0.03s
[INFO] Iteration: 24000000
[INFO] JVM Uptime: 7.97 seconds, OldGen Region Count: 637, OldGen Used Memory: 627.57 MB, OldGen Live Memory: 627.57 MB, Total count of old regions to be freed 0, Estimated memory to be freed: 0.00 MB, Estimated OldGen object count: 160657
[INFO] Average Region used: 98.52 %, Live percent of used: 100.00 %, Live percent of region size: 98.52 % 
[INFO] Number of keys in OldGen: 155225, Gap with estimated OldGen object: 5432 (21 MB) 
[INFO] Number of pre-LRU keys in OldGen: 301
[INFO] Iteration: 24100000
[INFO] JVM Uptime: 8.00 seconds, OldGen Region Count: 637, OldGen Used Memory: 627.57 MB, OldGen Live Memory: 627.57 MB, Total count of old regions to be freed 0, Estimated memory to be freed: 0.00 MB, Estimated OldGen object count: 160657
[INFO] Average Region used: 98.52 %, Live percent of used: 100.00 %, Live percent of region size: 98.52 % 
[INFO] Number of keys in OldGen: 150211, Gap with estimated OldGen object: 10446 (40 MB) 
[INFO] Number of pre-LRU keys in OldGen: 56
[INFO] Iteration: 24200000
[INFO] JVM Uptime: 8.02 seconds, OldGen Region Count: 637, OldGen Used Memory: 627.57 MB, OldGen Live Memory: 627.57 MB, Total count of old regions to be freed 0, Estimated memory to be freed: 0.00 MB, Estimated OldGen object count: 160657
[INFO] Average Region used: 98.52 %, Live percent of used: 100.00 %, Live percent of region size: 98.52 % 
[INFO] Number of keys in OldGen: 145182, Gap with estimated OldGen object: 15475 (60 MB) 
[INFO] Number of pre-LRU keys in OldGen: 49
[INFO] Iteration: 24300000
[INFO] JVM Uptime: 8.04 seconds, OldGen Region Count: 637, OldGen Used Memory: 627.57 MB, OldGen Live Memory: 627.57 MB, Total count of old regions to be freed 0, Estimated memory to be freed: 0.00 MB, Estimated OldGen object count: 160657
[INFO] Average Region used: 98.52 %, Live percent of used: 100.00 %, Live percent of region size: 98.52 % 
[INFO] Number of keys in OldGen: 140281, Gap with estimated OldGen object: 20376 (79 MB) 
[INFO] Number of pre-LRU keys in OldGen: 55
[8.061s][info][gc,start       ] GC(158) Pause Young (Normal) (G1 Evacuation Pause)
[8.061s][info][gc,task        ] GC(158) Using 23 workers of 23 for evacuation
[8.067s][info][gc,phases      ] GC(158)   Pre Evacuate Collection Set: 0.1ms
[8.067s][info][gc,phases      ] GC(158)   Merge Heap Roots: 0.4ms
[8.067s][info][gc,phases      ] GC(158)   Evacuate Collection Set: 5.4ms
[8.067s][info][gc,phases      ] GC(158)   Post Evacuate Collection Set: 0.2ms
[8.067s][info][gc,phases      ] GC(158)   Other: 0.1ms
[8.067s][info][gc,heap        ] GC(158) Eden regions: 92->0(62)
[8.067s][info][gc,heap        ] GC(158) Survivor regions: 0->12(12)
[8.067s][info][gc,heap        ] GC(158) Old regions: 637->715
[8.067s][info][gc,heap        ] GC(158) Archive regions: 0->0
[8.067s][info][gc,heap        ] GC(158) Humongous regions: 2->2
[8.067s][info][gc,metaspace   ] GC(158) Metaspace: 8187K(8384K)->8187K(8384K) NonClass: 7455K(7552K)->7455K(7552K) Class: 731K(832K)->731K(832K)
[8.067s][info][gc             ] GC(158) Pause Young (Normal) (G1 Evacuation Pause) 721M->718M(1024M) 6.236ms
[8.067s][info][gc,cpu         ] GC(158) User=0.12s Sys=0.00s Real=0.01s
[INFO] Iteration: 24400000
[INFO] JVM Uptime: 8.07 seconds, OldGen Region Count: 715, OldGen Used Memory: 704.93 MB, OldGen Live Memory: 704.93 MB, Total count of old regions to be freed 0, Estimated memory to be freed: 0.00 MB, Estimated OldGen object count: 180462
[INFO] Average Region used: 98.59 %, Live percent of used: 100.00 %, Live percent of region size: 98.59 % 
[INFO] Number of keys in OldGen: 153661, Gap with estimated OldGen object: 26801 (104 MB) 
[INFO] Number of pre-LRU keys in OldGen: 355
[INFO] Iteration: 24500000
[INFO] JVM Uptime: 8.10 seconds, OldGen Region Count: 715, OldGen Used Memory: 704.93 MB, OldGen Live Memory: 704.93 MB, Total count of old regions to be freed 0, Estimated memory to be freed: 0.00 MB, Estimated OldGen object count: 180462
[INFO] Average Region used: 98.59 %, Live percent of used: 100.00 %, Live percent of region size: 98.59 % 
[INFO] Number of keys in OldGen: 148674, Gap with estimated OldGen object: 31788 (124 MB) 
[INFO] Number of pre-LRU keys in OldGen: 57
[INFO] Iteration: 24600000
[INFO] JVM Uptime: 8.12 seconds, OldGen Region Count: 715, OldGen Used Memory: 704.93 MB, OldGen Live Memory: 704.93 MB, Total count of old regions to be freed 0, Estimated memory to be freed: 0.00 MB, Estimated OldGen object count: 180462
[INFO] Average Region used: 98.59 %, Live percent of used: 100.00 %, Live percent of region size: 98.59 % 
[INFO] Number of keys in OldGen: 143843, Gap with estimated OldGen object: 36619 (143 MB) 
[INFO] Number of pre-LRU keys in OldGen: 50
[8.135s][info][gc,start       ] GC(159) Pause Young (Concurrent Start) (G1 Evacuation Pause)
[8.135s][info][gc,task        ] GC(159) Using 23 workers of 23 for evacuation
[8.142s][info][gc,phases      ] GC(159)   Pre Evacuate Collection Set: 0.2ms
[8.142s][info][gc,phases      ] GC(159)   Merge Heap Roots: 0.4ms
[8.142s][info][gc,phases      ] GC(159)   Evacuate Collection Set: 5.5ms
[8.142s][info][gc,phases      ] GC(159)   Post Evacuate Collection Set: 0.6ms
[8.142s][info][gc,phases      ] GC(159)   Other: 0.1ms
[8.142s][info][gc,heap        ] GC(159) Eden regions: 62->0(41)
[8.142s][info][gc,heap        ] GC(159) Survivor regions: 12->10(10)
[8.142s][info][gc,heap        ] GC(159) Old regions: 715->780
[8.142s][info][gc,heap        ] GC(159) Archive regions: 0->0
[8.142s][info][gc,heap        ] GC(159) Humongous regions: 2->2
[8.142s][info][gc,metaspace   ] GC(159) Metaspace: 8187K(8384K)->8187K(8384K) NonClass: 7455K(7552K)->7455K(7552K) Class: 731K(832K)->731K(832K)
[8.142s][info][gc             ] GC(159) Pause Young (Concurrent Start) (G1 Evacuation Pause) 780M->782M(1024M) 6.883ms
[8.142s][info][gc,cpu         ] GC(159) User=0.12s Sys=0.00s Real=0.01s
[8.142s][info][gc             ] GC(160) Concurrent Mark Cycle
[8.142s][info][gc,marking     ] GC(160) Concurrent Clear Claimed Marks
[8.142s][info][gc,marking     ] GC(160) Concurrent Clear Claimed Marks 0.011ms
[8.142s][info][gc,marking     ] GC(160) Concurrent Scan Root Regions
[8.143s][info][gc,marking     ] GC(160) Concurrent Scan Root Regions 1.068ms
[8.143s][info][gc,marking     ] GC(160) Concurrent Mark
[8.143s][info][gc,marking     ] GC(160) Concurrent Mark From Roots
[8.143s][info][gc,task        ] GC(160) Using 6 workers of 6 for marking
[8.150s][info][gc,marking     ] GC(160) Concurrent Mark From Roots 6.656ms
[8.150s][info][gc,marking     ] GC(160) Concurrent Preclean
[8.150s][info][gc,marking     ] GC(160) Concurrent Preclean 0.090ms
[8.150s][info][gc,start       ] GC(160) Pause Remark
[8.153s][info][gc             ] GC(160) Pause Remark 786M->786M(1024M) 2.361ms
[8.153s][info][gc,cpu         ] GC(160) User=0.00s Sys=0.00s Real=0.00s
[8.153s][info][gc,marking     ] GC(160) Concurrent Mark 9.450ms
[8.153s][info][gc,marking     ] GC(160) Concurrent Rebuild Remembered Sets
[INFO] Iteration: 24700000
[8.165s][info][gc,marking     ] GC(160) Concurrent Rebuild Remembered Sets 11.807ms
[8.165s][info][gc,start       ] GC(160) Pause Cleanup
[8.165s][info][gc             ] GC(160) Pause Cleanup 787M->787M(1024M) 0.474ms
[8.165s][info][gc,cpu         ] GC(160) User=0.00s Sys=0.00s Real=0.00s
[8.165s][info][gc,marking     ] GC(160) Concurrent Cleanup for Next Mark
[8.166s][info][gc,marking     ] GC(160) Concurrent Cleanup for Next Mark 0.479ms
[8.166s][info][gc             ] GC(160) Concurrent Mark Cycle 23.680ms
[INFO] JVM Uptime: 8.15 seconds, OldGen Region Count: 780, OldGen Used Memory: 770.07 MB, OldGen Live Memory: 622.81 MB, Total count of old regions to be freed 115, Estimated memory to be freed: 26.38 MB, Estimated OldGen object count: 197137
[INFO] Average Region used: 98.73 %, Live percent of used: 80.88 %, Live percent of region size: 79.85 % 
[INFO] Number of keys in OldGen: 153633, Gap with estimated OldGen object: 43504 (169 MB) 
[INFO] Number of pre-LRU keys in OldGen: 301
[INFO] Iteration: 24800000
[INFO] JVM Uptime: 8.18 seconds, OldGen Region Count: 780, OldGen Used Memory: 770.07 MB, OldGen Live Memory: 622.81 MB, Total count of old regions to be freed 115, Estimated memory to be freed: 26.38 MB, Estimated OldGen object count: 197137
[INFO] Average Region used: 98.73 %, Live percent of used: 80.88 %, Live percent of region size: 79.85 % 
[INFO] Number of keys in OldGen: 148695, Gap with estimated OldGen object: 48442 (189 MB) 
[INFO] Number of pre-LRU keys in OldGen: 61
[8.202s][info][gc,start       ] GC(161) Pause Young (Prepare Mixed) (G1 Evacuation Pause)
[8.202s][info][gc,task        ] GC(161) Using 23 workers of 23 for evacuation
[8.207s][info][gc,phases      ] GC(161)   Pre Evacuate Collection Set: 0.1ms
[8.207s][info][gc,phases      ] GC(161)   Merge Heap Roots: 0.5ms
[8.207s][info][gc,phases      ] GC(161)   Evacuate Collection Set: 4.7ms
[8.207s][info][gc,phases      ] GC(161)   Post Evacuate Collection Set: 0.6ms
[8.207s][info][gc,phases      ] GC(161)   Other: 0.1ms
[8.207s][info][gc,heap        ] GC(161) Eden regions: 41->0(44)
[8.207s][info][gc,heap        ] GC(161) Survivor regions: 10->7(7)
[8.207s][info][gc,heap        ] GC(161) Old regions: 780->827
[8.207s][info][gc,heap        ] GC(161) Archive regions: 0->0
[8.207s][info][gc,heap        ] GC(161) Humongous regions: 2->2
[8.207s][info][gc,metaspace   ] GC(161) Metaspace: 8187K(8384K)->8187K(8384K) NonClass: 7455K(7552K)->7455K(7552K) Class: 731K(832K)->731K(832K)
[8.207s][info][gc             ] GC(161) Pause Young (Prepare Mixed) (G1 Evacuation Pause) 823M->826M(1024M) 5.885ms
[8.207s][info][gc,cpu         ] GC(161) User=0.10s Sys=0.01s Real=0.01s
[INFO] Iteration: 24900000
[INFO] JVM Uptime: 8.21 seconds, OldGen Region Count: 827, OldGen Used Memory: 817.07 MB, OldGen Live Memory: 669.81 MB, Total count of old regions to be freed 115, Estimated memory to be freed: 26.38 MB, Estimated OldGen object count: 209169
[INFO] Average Region used: 98.80 %, Live percent of used: 81.98 %, Live percent of region size: 80.99 % 
[INFO] Number of keys in OldGen: 153964, Gap with estimated OldGen object: 55205 (215 MB) 
[INFO] Number of pre-LRU keys in OldGen: 313
[INFO] Iteration: 25000000
[INFO] JVM Uptime: 8.24 seconds, OldGen Region Count: 827, OldGen Used Memory: 817.07 MB, OldGen Live Memory: 669.81 MB, Total count of old regions to be freed 115, Estimated memory to be freed: 26.38 MB, Estimated OldGen object count: 209169
[INFO] Average Region used: 98.80 %, Live percent of used: 81.98 %, Live percent of region size: 80.99 % 
[INFO] Number of keys in OldGen: 149032, Gap with estimated OldGen object: 60137 (234 MB) 
[INFO] Number of pre-LRU keys in OldGen: 48
[8.257s][info][gc,start       ] GC(162) Pause Young (Mixed) (G1 Evacuation Pause)
[8.257s][info][gc,task        ] GC(162) Using 23 workers of 23 for evacuation
[8.265s][info][gc,phases      ] GC(162)   Pre Evacuate Collection Set: 0.1ms
[8.265s][info][gc,phases      ] GC(162)   Merge Heap Roots: 0.6ms
[8.265s][info][gc,phases      ] GC(162)   Evacuate Collection Set: 6.9ms
[8.265s][info][gc,phases      ] GC(162)   Post Evacuate Collection Set: 0.9ms
[8.265s][info][gc,phases      ] GC(162)   Other: 0.1ms
[8.265s][info][gc,heap        ] GC(162) Eden regions: 44->0(44)
[8.265s][info][gc,heap        ] GC(162) Survivor regions: 7->7(7)
[8.265s][info][gc,heap        ] GC(162) Old regions: 827->828
[8.265s][info][gc,heap        ] GC(162) Archive regions: 0->0
[8.265s][info][gc,heap        ] GC(162) Humongous regions: 2->2
[8.265s][info][gc,metaspace   ] GC(162) Metaspace: 8187K(8384K)->8187K(8384K) NonClass: 7455K(7552K)->7455K(7552K) Class: 731K(832K)->731K(832K)
[8.265s][info][gc             ] GC(162) Pause Young (Mixed) (G1 Evacuation Pause) 870M->835M(1024M) 8.648ms
[8.265s][info][gc,cpu         ] GC(162) User=0.16s Sys=0.00s Real=0.00s
[INFO] Iteration: 25100000
[INFO] JVM Uptime: 8.27 seconds, OldGen Region Count: 828, OldGen Used Memory: 826.41 MB, OldGen Live Memory: 705.85 MB, Total count of old regions to be freed 101, Estimated memory to be freed: 20.97 MB, Estimated OldGen object count: 211559
[INFO] Average Region used: 99.81 %, Live percent of used: 85.41 %, Live percent of region size: 85.25 % 
[INFO] Number of keys in OldGen: 154235, Gap with estimated OldGen object: 57324 (223 MB) 
[INFO] Number of pre-LRU keys in OldGen: 303
[INFO] Iteration: 25200000
[INFO] JVM Uptime: 8.30 seconds, OldGen Region Count: 828, OldGen Used Memory: 826.41 MB, OldGen Live Memory: 705.85 MB, Total count of old regions to be freed 101, Estimated memory to be freed: 20.97 MB, Estimated OldGen object count: 211559
[INFO] Average Region used: 99.81 %, Live percent of used: 85.41 %, Live percent of region size: 85.25 % 
[INFO] Number of keys in OldGen: 149266, Gap with estimated OldGen object: 62293 (243 MB) 
[INFO] Number of pre-LRU keys in OldGen: 44
[8.316s][info][gc,start       ] GC(163) Pause Young (Mixed) (G1 Evacuation Pause)
[8.316s][info][gc,task        ] GC(163) Using 23 workers of 23 for evacuation
[8.327s][info][gc,phases      ] GC(163)   Pre Evacuate Collection Set: 0.1ms
[8.327s][info][gc,phases      ] GC(163)   Merge Heap Roots: 0.6ms
[8.327s][info][gc,phases      ] GC(163)   Evacuate Collection Set: 8.4ms
[8.327s][info][gc,phases      ] GC(163)   Post Evacuate Collection Set: 1.1ms
[8.327s][info][gc,phases      ] GC(163)   Other: 0.1ms
[8.327s][info][gc,heap        ] GC(163) Eden regions: 44->0(44)
[8.327s][info][gc,heap        ] GC(163) Survivor regions: 7->7(7)
[8.327s][info][gc,heap        ] GC(163) Old regions: 828->835
[8.327s][info][gc,heap        ] GC(163) Archive regions: 0->0
[8.327s][info][gc,heap        ] GC(163) Humongous regions: 2->2
[8.327s][info][gc,metaspace   ] GC(163) Metaspace: 8187K(8384K)->8187K(8384K) NonClass: 7455K(7552K)->7455K(7552K) Class: 731K(832K)->731K(832K)
[8.327s][info][gc             ] GC(163) Pause Young (Mixed) (G1 Evacuation Pause) 879M->843M(1024M) 10.338ms
[8.327s][info][gc,cpu         ] GC(163) User=0.16s Sys=0.01s Real=0.02s
[INFO] Iteration: 25300000
[INFO] JVM Uptime: 8.33 seconds, OldGen Region Count: 835, OldGen Used Memory: 834.21 MB, OldGen Live Memory: 739.13 MB, Total count of old regions to be freed 93, Estimated memory to be freed: 18.98 MB, Estimated OldGen object count: 213557
[INFO] Average Region used: 99.91 %, Live percent of used: 88.60 %, Live percent of region size: 88.52 % 
[INFO] Number of keys in OldGen: 154585, Gap with estimated OldGen object: 58972 (230 MB) 
[INFO] Number of pre-LRU keys in OldGen: 314
[INFO] Iteration: 25400000
[INFO] JVM Uptime: 8.36 seconds, OldGen Region Count: 835, OldGen Used Memory: 834.21 MB, OldGen Live Memory: 739.13 MB, Total count of old regions to be freed 93, Estimated memory to be freed: 18.98 MB, Estimated OldGen object count: 213557
[INFO] Average Region used: 99.91 %, Live percent of used: 88.60 %, Live percent of region size: 88.52 % 
[INFO] Number of keys in OldGen: 149502, Gap with estimated OldGen object: 64055 (250 MB) 
[INFO] Number of pre-LRU keys in OldGen: 48
[8.378s][info][gc,start       ] GC(164) Pause Young (Mixed) (G1 Evacuation Pause)
[8.378s][info][gc,task        ] GC(164) Using 23 workers of 23 for evacuation
[8.386s][info][gc,phases      ] GC(164)   Pre Evacuate Collection Set: 0.1ms
[8.386s][info][gc,phases      ] GC(164)   Merge Heap Roots: 0.7ms
[8.386s][info][gc,phases      ] GC(164)   Evacuate Collection Set: 6.9ms
[8.386s][info][gc,phases      ] GC(164)   Post Evacuate Collection Set: 0.7ms
[8.386s][info][gc,phases      ] GC(164)   Other: 0.1ms
[8.386s][info][gc,heap        ] GC(164) Eden regions: 44->0(44)
[8.386s][info][gc,heap        ] GC(164) Survivor regions: 7->7(7)
[8.386s][info][gc,heap        ] GC(164) Old regions: 835->839
[8.386s][info][gc,heap        ] GC(164) Archive regions: 0->0
[8.386s][info][gc,heap        ] GC(164) Humongous regions: 2->2
[8.386s][info][gc,metaspace   ] GC(164) Metaspace: 8187K(8384K)->8187K(8384K) NonClass: 7455K(7552K)->7455K(7552K) Class: 731K(832K)->731K(832K)
[8.386s][info][gc             ] GC(164) Pause Young (Mixed) (G1 Evacuation Pause) 887M->847M(1024M) 8.480ms
[8.386s][info][gc,cpu         ] GC(164) User=0.16s Sys=0.00s Real=0.00s
[INFO] Iteration: 25500000
[INFO] JVM Uptime: 8.39 seconds, OldGen Region Count: 839, OldGen Used Memory: 838.41 MB, OldGen Live Memory: 767.31 MB, Total count of old regions to be freed 80, Estimated memory to be freed: 15.93 MB, Estimated OldGen object count: 214632
[INFO] Average Region used: 99.93 %, Live percent of used: 91.52 %, Live percent of region size: 91.46 % 
[INFO] Number of keys in OldGen: 154711, Gap with estimated OldGen object: 59921 (234 MB) 
[INFO] Number of pre-LRU keys in OldGen: 345
[INFO] Iteration: 25600000
[INFO] JVM Uptime: 8.42 seconds, OldGen Region Count: 839, OldGen Used Memory: 838.41 MB, OldGen Live Memory: 767.31 MB, Total count of old regions to be freed 80, Estimated memory to be freed: 15.93 MB, Estimated OldGen object count: 214632
[INFO] Average Region used: 99.93 %, Live percent of used: 91.52 %, Live percent of region size: 91.46 % 
[INFO] Number of keys in OldGen: 149704, Gap with estimated OldGen object: 64928 (253 MB) 
[INFO] Number of pre-LRU keys in OldGen: 63
[8.437s][info][gc,start       ] GC(165) Pause Young (Mixed) (G1 Evacuation Pause)
[8.437s][info][gc,task        ] GC(165) Using 23 workers of 23 for evacuation
[8.445s][info][gc,phases      ] GC(165)   Pre Evacuate Collection Set: 0.1ms
[8.445s][info][gc,phases      ] GC(165)   Merge Heap Roots: 0.6ms
[8.445s][info][gc,phases      ] GC(165)   Evacuate Collection Set: 6.2ms
[8.445s][info][gc,phases      ] GC(165)   Post Evacuate Collection Set: 0.5ms
[8.445s][info][gc,phases      ] GC(165)   Other: 0.1ms
[8.445s][info][gc,heap        ] GC(165) Eden regions: 44->0(44)
[8.445s][info][gc,heap        ] GC(165) Survivor regions: 7->7(7)
[8.445s][info][gc,heap        ] GC(165) Old regions: 839->854
[8.445s][info][gc,heap        ] GC(165) Archive regions: 0->0
[8.445s][info][gc,heap        ] GC(165) Humongous regions: 2->2
[8.445s][info][gc,metaspace   ] GC(165) Metaspace: 8187K(8384K)->8187K(8384K) NonClass: 7455K(7552K)->7455K(7552K) Class: 731K(832K)->731K(832K)
[8.445s][info][gc             ] GC(165) Pause Young (Mixed) (G1 Evacuation Pause) 891M->862M(1024M) 7.497ms
[8.445s][info][gc,cpu         ] GC(165) User=0.15s Sys=0.00s Real=0.00s
[INFO] Iteration: 25700000
[INFO] JVM Uptime: 8.45 seconds, OldGen Region Count: 854, OldGen Used Memory: 853.54 MB, OldGen Live Memory: 798.05 MB, Total count of old regions to be freed 65, Estimated memory to be freed: 12.55 MB, Estimated OldGen object count: 218505
[INFO] Average Region used: 99.95 %, Live percent of used: 93.50 %, Live percent of region size: 93.45 % 
[INFO] Number of keys in OldGen: 154883, Gap with estimated OldGen object: 63622 (248 MB) 
[INFO] Number of pre-LRU keys in OldGen: 342
[INFO] Iteration: 25800000
[INFO] JVM Uptime: 8.47 seconds, OldGen Region Count: 854, OldGen Used Memory: 853.54 MB, OldGen Live Memory: 798.05 MB, Total count of old regions to be freed 65, Estimated memory to be freed: 12.55 MB, Estimated OldGen object count: 218505
[INFO] Average Region used: 99.95 %, Live percent of used: 93.50 %, Live percent of region size: 93.45 % 
[INFO] Number of keys in OldGen: 149893, Gap with estimated OldGen object: 68612 (268 MB) 
[INFO] Number of pre-LRU keys in OldGen: 51
[8.501s][info][gc,start       ] GC(166) Pause Young (Concurrent Start) (G1 Evacuation Pause)
[8.501s][info][gc,task        ] GC(166) Using 23 workers of 23 for evacuation
[8.508s][info][gc,phases      ] GC(166)   Pre Evacuate Collection Set: 0.2ms
[8.508s][info][gc,phases      ] GC(166)   Merge Heap Roots: 0.5ms
[8.508s][info][gc,phases      ] GC(166)   Evacuate Collection Set: 5.0ms
[8.508s][info][gc,phases      ] GC(166)   Post Evacuate Collection Set: 0.3ms
[8.508s][info][gc,phases      ] GC(166)   Other: 0.1ms
[8.508s][info][gc,heap        ] GC(166) Eden regions: 44->0(44)
[8.508s][info][gc,heap        ] GC(166) Survivor regions: 7->7(7)
[8.508s][info][gc,heap        ] GC(166) Old regions: 854->901
[8.508s][info][gc,heap        ] GC(166) Archive regions: 0->0
[8.508s][info][gc,heap        ] GC(166) Humongous regions: 2->2
[8.508s][info][gc,metaspace   ] GC(166) Metaspace: 8187K(8384K)->8187K(8384K) NonClass: 7455K(7552K)->7455K(7552K) Class: 731K(832K)->731K(832K)
[8.508s][info][gc             ] GC(166) Pause Young (Concurrent Start) (G1 Evacuation Pause) 906M->909M(1024M) 6.199ms
[8.508s][info][gc,cpu         ] GC(166) User=0.11s Sys=0.00s Real=0.01s
[8.508s][info][gc             ] GC(167) Concurrent Mark Cycle
[8.508s][info][gc,marking     ] GC(167) Concurrent Clear Claimed Marks
[8.508s][info][gc,marking     ] GC(167) Concurrent Clear Claimed Marks 0.022ms
[8.508s][info][gc,marking     ] GC(167) Concurrent Scan Root Regions
[8.508s][info][gc,marking     ] GC(167) Concurrent Scan Root Regions 0.681ms
[8.508s][info][gc,marking     ] GC(167) Concurrent Mark
[8.508s][info][gc,marking     ] GC(167) Concurrent Mark From Roots
[8.508s][info][gc,task        ] GC(167) Using 6 workers of 6 for marking
[INFO] Iteration: 25900000
[8.515s][info][gc,marking     ] GC(167) Concurrent Mark From Roots 6.649ms
[8.515s][info][gc,marking     ] GC(167) Concurrent Preclean
[8.515s][info][gc,marking     ] GC(167) Concurrent Preclean 0.074ms
[8.515s][info][gc,start       ] GC(167) Pause Remark
[8.517s][info][gc             ] GC(167) Pause Remark 911M->911M(1024M) 1.866ms
[8.517s][info][gc,cpu         ] GC(167) User=0.00s Sys=0.01s Real=0.01s
[8.517s][info][gc,marking     ] GC(167) Concurrent Mark 8.856ms
[8.517s][info][gc,marking     ] GC(167) Concurrent Rebuild Remembered Sets
[8.529s][info][gc,marking     ] GC(167) Concurrent Rebuild Remembered Sets 11.929ms
[8.529s][info][gc,start       ] GC(167) Pause Cleanup
[8.530s][info][gc             ] GC(167) Pause Cleanup 911M->911M(1024M) 0.473ms
[8.530s][info][gc,cpu         ] GC(167) User=0.00s Sys=0.00s Real=0.00s
[8.530s][info][gc,marking     ] GC(167) Concurrent Cleanup for Next Mark
[8.530s][info][gc,marking     ] GC(167) Concurrent Cleanup for Next Mark 0.487ms
[8.531s][info][gc             ] GC(167) Concurrent Mark Cycle 22.855ms
[INFO] JVM Uptime: 8.51 seconds, OldGen Region Count: 901, OldGen Used Memory: 900.04 MB, OldGen Live Memory: 844.55 MB, Total count of old regions to be freed 65, Estimated memory to be freed: 12.55 MB, Estimated OldGen object count: 230409
[INFO] Average Region used: 99.89 %, Live percent of used: 93.84 %, Live percent of region size: 93.73 % 
[INFO] Number of keys in OldGen: 155159, Gap with estimated OldGen object: 75250 (293 MB) 
[INFO] Number of pre-LRU keys in OldGen: 382
[INFO] Iteration: 26000000
[INFO] JVM Uptime: 8.54 seconds, OldGen Region Count: 901, OldGen Used Memory: 900.04 MB, OldGen Live Memory: 625.30 MB, Total count of old regions to be freed 488, Estimated memory to be freed: 166.54 MB, Estimated OldGen object count: 230409
[INFO] Average Region used: 99.89 %, Live percent of used: 69.48 %, Live percent of region size: 69.40 % 
[INFO] Number of keys in OldGen: 150157, Gap with estimated OldGen object: 80252 (313 MB) 
[INFO] Number of pre-LRU keys in OldGen: 54
[8.565s][info][gc,start       ] GC(168) Pause Young (Prepare Mixed) (G1 Evacuation Pause)
[8.565s][info][gc,task        ] GC(168) Using 23 workers of 23 for evacuation
[8.571s][info][gc,phases      ] GC(168)   Pre Evacuate Collection Set: 0.1ms
[8.571s][info][gc,phases      ] GC(168)   Merge Heap Roots: 0.4ms
[8.571s][info][gc,phases      ] GC(168)   Evacuate Collection Set: 4.3ms
[8.571s][info][gc,phases      ] GC(168)   Post Evacuate Collection Set: 0.6ms
[8.571s][info][gc,phases      ] GC(168)   Other: 0.1ms
[8.571s][info][gc,heap        ] GC(168) Eden regions: 44->0(44)
[8.571s][info][gc,heap        ] GC(168) Survivor regions: 7->7(7)
[8.571s][info][gc,heap        ] GC(168) Old regions: 901->946
[8.571s][info][gc,heap        ] GC(168) Archive regions: 0->0
[8.571s][info][gc,heap        ] GC(168) Humongous regions: 2->2
[8.571s][info][gc,metaspace   ] GC(168) Metaspace: 8187K(8384K)->8187K(8384K) NonClass: 7455K(7552K)->7455K(7552K) Class: 731K(832K)->731K(832K)
[8.571s][info][gc             ] GC(168) Pause Young (Prepare Mixed) (G1 Evacuation Pause) 953M->954M(1024M) 5.514ms
[8.571s][info][gc,cpu         ] GC(168) User=0.10s Sys=0.01s Real=0.01s
[INFO] Iteration: 26100000
[INFO] JVM Uptime: 8.57 seconds, OldGen Region Count: 946, OldGen Used Memory: 945.54 MB, OldGen Live Memory: 670.80 MB, Total count of old regions to be freed 488, Estimated memory to be freed: 166.54 MB, Estimated OldGen object count: 242057
[INFO] Average Region used: 99.95 %, Live percent of used: 70.94 %, Live percent of region size: 70.91 % 
[INFO] Number of keys in OldGen: 155329, Gap with estimated OldGen object: 86728 (338 MB) 
[INFO] Number of pre-LRU keys in OldGen: 355
[8.599s][info][gc,start       ] GC(169) Pause Young (Mixed) (G1 Preventive Collection)
[8.599s][info][gc,task        ] GC(169) Using 23 workers of 23 for evacuation
[8.605s][info][gc             ] GC(169) To-space exhausted
[8.605s][info][gc,phases      ] GC(169)   Pre Evacuate Collection Set: 0.1ms
[8.605s][info][gc,phases      ] GC(169)   Merge Heap Roots: 0.5ms
[8.605s][info][gc,phases      ] GC(169)   Evacuate Collection Set: 5.0ms
[8.605s][info][gc,phases      ] GC(169)   Post Evacuate Collection Set: 1.1ms
[8.605s][info][gc,phases      ] GC(169)   Other: 0.1ms
[8.605s][info][gc,heap        ] GC(169) Eden regions: 20->0(44)
[8.606s][info][gc,heap        ] GC(169) Survivor regions: 7->7(7)
[8.606s][info][gc,heap        ] GC(169) Old regions: 946->1015
[8.606s][info][gc,heap        ] GC(169) Archive regions: 0->0
[8.606s][info][gc,heap        ] GC(169) Humongous regions: 2->2
[8.606s][info][gc,metaspace   ] GC(169) Metaspace: 8187K(8384K)->8187K(8384K) NonClass: 7455K(7552K)->7455K(7552K) Class: 731K(832K)->731K(832K)
[8.606s][info][gc             ] GC(169) Pause Young (Mixed) (G1 Preventive Collection) 974M->1023M(1024M) 6.818ms
[8.606s][info][gc,cpu         ] GC(169) User=0.12s Sys=0.00s Real=0.00s
[8.606s][info][gc,ergo        ] Attempting full compaction
[8.606s][info][gc,task        ] GC(170) Using 23 workers of 23 for full compaction
[8.606s][info][gc,start       ] GC(170) Pause Full (G1 Compaction Pause)
[8.606s][info][gc,phases,start] GC(170) Phase 1: Mark live objects
[8.610s][info][gc,phases      ] GC(170) Phase 1: Mark live objects 4.285ms
[8.610s][info][gc,phases,start] GC(170) Phase 2: Prepare for compaction
[8.612s][info][gc,phases      ] GC(170) Phase 2: Prepare for compaction 1.769ms
[8.612s][info][gc,phases,start] GC(170) Phase 3: Adjust pointers
[8.614s][info][gc,phases      ] GC(170) Phase 3: Adjust pointers 2.397ms
[8.614s][info][gc,phases,start] GC(170) Phase 4: Compact heap
[8.636s][info][gc,phases      ] GC(170) Phase 4: Compact heap 21.724ms
[8.637s][info][gc,heap        ] GC(170) Eden regions: 0->0(91)
[8.637s][info][gc,heap        ] GC(170) Survivor regions: 7->0(7)
[8.637s][info][gc,heap        ] GC(170) Old regions: 1015->640
[8.637s][info][gc,heap        ] GC(170) Archive regions: 0->0
[8.637s][info][gc,heap        ] GC(170) Humongous regions: 2->2
[8.637s][info][gc,metaspace   ] GC(170) Metaspace: 8187K(8384K)->8187K(8384K) NonClass: 7455K(7552K)->7455K(7552K) Class: 731K(832K)->731K(832K)
[8.637s][info][gc             ] GC(170) Pause Full (G1 Compaction Pause) 1023M->629M(1024M) 31.131ms
[8.637s][info][gc,cpu         ] GC(170) User=0.54s Sys=0.00s Real=0.04s
[INFO] Iteration: 26200000
[INFO] JVM Uptime: 8.64 seconds, OldGen Region Count: 640, OldGen Used Memory: 627.78 MB, OldGen Live Memory: 627.78 MB, Total count of old regions to be freed 0, Estimated memory to be freed: 0.00 MB, Estimated OldGen object count: 160712
[INFO] Average Region used: 98.09 %, Live percent of used: 100.00 %, Live percent of region size: 98.09 % 
[INFO] Number of keys in OldGen: 156621, Gap with estimated OldGen object: 4091 (15 MB) 
[INFO] Number of pre-LRU keys in OldGen: 408
[INFO] Iteration: 26300000
[INFO] JVM Uptime: 8.67 seconds, OldGen Region Count: 640, OldGen Used Memory: 627.78 MB, OldGen Live Memory: 627.78 MB, Total count of old regions to be freed 0, Estimated memory to be freed: 0.00 MB, Estimated OldGen object count: 160712
[INFO] Average Region used: 98.09 %, Live percent of used: 100.00 %, Live percent of region size: 98.09 % 
[INFO] Number of keys in OldGen: 151725, Gap with estimated OldGen object: 8987 (35 MB) 
[INFO] Number of pre-LRU keys in OldGen: 53
[INFO] Iteration: 26400000
[INFO] JVM Uptime: 8.69 seconds, OldGen Region Count: 640, OldGen Used Memory: 627.78 MB, OldGen Live Memory: 627.78 MB, Total count of old regions to be freed 0, Estimated memory to be freed: 0.00 MB, Estimated OldGen object count: 160712
[INFO] Average Region used: 98.09 %, Live percent of used: 100.00 %, Live percent of region size: 98.09 % 
[INFO] Number of keys in OldGen: 146657, Gap with estimated OldGen object: 14055 (54 MB) 
[INFO] Number of pre-LRU keys in OldGen: 62
[INFO] Iteration: 26500000
[INFO] JVM Uptime: 8.71 seconds, OldGen Region Count: 640, OldGen Used Memory: 627.78 MB, OldGen Live Memory: 627.78 MB, Total count of old regions to be freed 0, Estimated memory to be freed: 0.00 MB, Estimated OldGen object count: 160712
[INFO] Average Region used: 98.09 %, Live percent of used: 100.00 %, Live percent of region size: 98.09 % 
[INFO] Number of keys in OldGen: 141596, Gap with estimated OldGen object: 19116 (74 MB) 
[INFO] Number of pre-LRU keys in OldGen: 53
[INFO] Iteration: 26600000
[INFO] JVM Uptime: 8.73 seconds, OldGen Region Count: 640, OldGen Used Memory: 627.78 MB, OldGen Live Memory: 627.78 MB, Total count of old regions to be freed 0, Estimated memory to be freed: 0.00 MB, Estimated OldGen object count: 160712
[INFO] Average Region used: 98.09 %, Live percent of used: 100.00 %, Live percent of region size: 98.09 % 
[INFO] Number of keys in OldGen: 136625, Gap with estimated OldGen object: 24087 (94 MB) 
[INFO] Number of pre-LRU keys in OldGen: 61
[8.744s][info][gc,start       ] GC(171) Pause Young (Normal) (G1 Evacuation Pause)
[8.744s][info][gc,task        ] GC(171) Using 23 workers of 23 for evacuation
[8.751s][info][gc,phases      ] GC(171)   Pre Evacuate Collection Set: 0.1ms
[8.751s][info][gc,phases      ] GC(171)   Merge Heap Roots: 0.4ms
[8.751s][info][gc,phases      ] GC(171)   Evacuate Collection Set: 5.8ms
[8.751s][info][gc,phases      ] GC(171)   Post Evacuate Collection Set: 0.4ms
[8.751s][info][gc,phases      ] GC(171)   Other: 0.1ms
[8.751s][info][gc,heap        ] GC(171) Eden regions: 91->0(61)
[8.751s][info][gc,heap        ] GC(171) Survivor regions: 0->12(12)
[8.751s][info][gc,heap        ] GC(171) Old regions: 640->718
[8.751s][info][gc,heap        ] GC(171) Archive regions: 0->0
[8.751s][info][gc,heap        ] GC(171) Humongous regions: 2->2
[8.751s][info][gc,metaspace   ] GC(171) Metaspace: 8187K(8384K)->8187K(8384K) NonClass: 7455K(7552K)->7455K(7552K) Class: 731K(832K)->731K(832K)
[8.751s][info][gc             ] GC(171) Pause Young (Normal) (G1 Evacuation Pause) 720M->719M(1024M) 6.871ms
[8.751s][info][gc,cpu         ] GC(171) User=0.12s Sys=0.00s Real=0.01s
[INFO] Iteration: 26700000
[INFO] JVM Uptime: 8.76 seconds, OldGen Region Count: 718, OldGen Used Memory: 705.51 MB, OldGen Live Memory: 705.51 MB, Total count of old regions to be freed 0, Estimated memory to be freed: 0.00 MB, Estimated OldGen object count: 180611
[INFO] Average Region used: 98.26 %, Live percent of used: 100.00 %, Live percent of region size: 98.26 % 
[INFO] Number of keys in OldGen: 149818, Gap with estimated OldGen object: 30793 (120 MB) 
[INFO] Number of pre-LRU keys in OldGen: 68
[INFO] Iteration: 26800000
[INFO] JVM Uptime: 8.78 seconds, OldGen Region Count: 718, OldGen Used Memory: 705.51 MB, OldGen Live Memory: 705.51 MB, Total count of old regions to be freed 0, Estimated memory to be freed: 0.00 MB, Estimated OldGen object count: 180611
[INFO] Average Region used: 98.26 %, Live percent of used: 100.00 %, Live percent of region size: 98.26 % 
[INFO] Number of keys in OldGen: 144870, Gap with estimated OldGen object: 35741 (139 MB) 
[INFO] Number of pre-LRU keys in OldGen: 55
[8.805s][info][gc,start       ] GC(172) Pause Young (Concurrent Start) (G1 Evacuation Pause)
[8.805s][info][gc,task        ] GC(172) Using 23 workers of 23 for evacuation
[8.812s][info][gc,phases      ] GC(172)   Pre Evacuate Collection Set: 0.1ms
[8.812s][info][gc,phases      ] GC(172)   Merge Heap Roots: 0.4ms
[8.812s][info][gc,phases      ] GC(172)   Evacuate Collection Set: 5.8ms
[8.812s][info][gc,phases      ] GC(172)   Post Evacuate Collection Set: 0.4ms
[8.812s][info][gc,phases      ] GC(172)   Other: 0.1ms
[8.812s][info][gc,heap        ] GC(172) Eden regions: 61->0(41)
[8.812s][info][gc,heap        ] GC(172) Survivor regions: 12->10(10)
[8.812s][info][gc,heap        ] GC(172) Old regions: 718->783
[8.812s][info][gc,heap        ] GC(172) Archive regions: 0->0
[8.812s][info][gc,heap        ] GC(172) Humongous regions: 2->2
[8.812s][info][gc,metaspace   ] GC(172) Metaspace: 8187K(8384K)->8187K(8384K) NonClass: 7455K(7552K)->7455K(7552K) Class: 731K(832K)->731K(832K)
[8.812s][info][gc             ] GC(172) Pause Young (Concurrent Start) (G1 Evacuation Pause) 780M->782M(1024M) 6.889ms
[8.812s][info][gc,cpu         ] GC(172) User=0.10s Sys=0.02s Real=0.01s
[8.812s][info][gc             ] GC(173) Concurrent Mark Cycle
[8.812s][info][gc,marking     ] GC(173) Concurrent Clear Claimed Marks
[8.812s][info][gc,marking     ] GC(173) Concurrent Clear Claimed Marks 0.009ms
[8.812s][info][gc,marking     ] GC(173) Concurrent Scan Root Regions
[8.813s][info][gc,marking     ] GC(173) Concurrent Scan Root Regions 1.029ms
[8.813s][info][gc,marking     ] GC(173) Concurrent Mark
[8.813s][info][gc,marking     ] GC(173) Concurrent Mark From Roots
[8.813s][info][gc,task        ] GC(173) Using 6 workers of 6 for marking
[INFO] Iteration: 26900000
[8.820s][info][gc,marking     ] GC(173) Concurrent Mark From Roots 6.437ms
[8.820s][info][gc,marking     ] GC(173) Concurrent Preclean
[8.820s][info][gc,marking     ] GC(173) Concurrent Preclean 0.086ms
[8.820s][info][gc,start       ] GC(173) Pause Remark
[8.822s][info][gc             ] GC(173) Pause Remark 783M->783M(1024M) 1.774ms
[8.822s][info][gc,cpu         ] GC(173) User=0.00s Sys=0.00s Real=0.00s
[8.822s][info][gc,marking     ] GC(173) Concurrent Mark 8.653ms
[8.822s][info][gc,marking     ] GC(173) Concurrent Rebuild Remembered Sets
[INFO] JVM Uptime: 8.81 seconds, OldGen Region Count: 783, OldGen Used Memory: 770.28 MB, OldGen Live Memory: 770.28 MB, Total count of old regions to be freed 0, Estimated memory to be freed: 0.00 MB, Estimated OldGen object count: 197192
[INFO] Average Region used: 98.38 %, Live percent of used: 100.00 %, Live percent of region size: 98.38 % 
[INFO] Number of keys in OldGen: 154539, Gap with estimated OldGen object: 42653 (166 MB) 
[INFO] Number of pre-LRU keys in OldGen: 370
[8.834s][info][gc,marking     ] GC(173) Concurrent Rebuild Remembered Sets 12.487ms
[8.834s][info][gc,start       ] GC(173) Pause Cleanup
[8.835s][info][gc             ] GC(173) Pause Cleanup 784M->784M(1024M) 0.473ms
[8.835s][info][gc,cpu         ] GC(173) User=0.00s Sys=0.00s Real=0.00s
[8.835s][info][gc,marking     ] GC(173) Concurrent Cleanup for Next Mark
[8.836s][info][gc,marking     ] GC(173) Concurrent Cleanup for Next Mark 0.492ms
[8.836s][info][gc             ] GC(173) Concurrent Mark Cycle 23.568ms
[INFO] Iteration: 27000000
[INFO] JVM Uptime: 8.85 seconds, OldGen Region Count: 782, OldGen Used Memory: 770.28 MB, OldGen Live Memory: 623.37 MB, Total count of old regions to be freed 113, Estimated memory to be freed: 27.27 MB, Estimated OldGen object count: 197191
[INFO] Average Region used: 98.50 %, Live percent of used: 80.93 %, Live percent of region size: 79.72 % 
[INFO] Number of keys in OldGen: 149491, Gap with estimated OldGen object: 47700 (186 MB) 
[INFO] Number of pre-LRU keys in OldGen: 58
[8.871s][info][gc,start       ] GC(174) Pause Young (Prepare Mixed) (G1 Evacuation Pause)
[8.871s][info][gc,task        ] GC(174) Using 23 workers of 23 for evacuation
[8.878s][info][gc,phases      ] GC(174)   Pre Evacuate Collection Set: 0.2ms
[8.878s][info][gc,phases      ] GC(174)   Merge Heap Roots: 0.5ms
[8.878s][info][gc,phases      ] GC(174)   Evacuate Collection Set: 4.3ms
[8.878s][info][gc,phases      ] GC(174)   Post Evacuate Collection Set: 1.0ms
[8.878s][info][gc,phases      ] GC(174)   Other: 0.1ms
[8.878s][info][gc,heap        ] GC(174) Eden regions: 41->0(44)
[8.878s][info][gc,heap        ] GC(174) Survivor regions: 10->7(7)
[8.878s][info][gc,heap        ] GC(174) Old regions: 782->828
[8.878s][info][gc,heap        ] GC(174) Archive regions: 0->0
[8.878s][info][gc,heap        ] GC(174) Humongous regions: 2->2
[8.878s][info][gc,metaspace   ] GC(174) Metaspace: 8187K(8384K)->8187K(8384K) NonClass: 7455K(7552K)->7455K(7552K) Class: 731K(832K)->731K(832K)
[8.878s][info][gc             ] GC(174) Pause Young (Prepare Mixed) (G1 Evacuation Pause) 823M->825M(1024M) 6.107ms
[8.878s][info][gc,cpu         ] GC(174) User=0.10s Sys=0.00s Real=0.01s
[INFO] Iteration: 27100000
[INFO] JVM Uptime: 8.88 seconds, OldGen Region Count: 828, OldGen Used Memory: 816.78 MB, OldGen Live Memory: 669.87 MB, Total count of old regions to be freed 113, Estimated memory to be freed: 27.27 MB, Estimated OldGen object count: 209095
[INFO] Average Region used: 98.64 %, Live percent of used: 82.01 %, Live percent of region size: 80.90 % 
[INFO] Number of keys in OldGen: 154923, Gap with estimated OldGen object: 54172 (211 MB) 
[INFO] Number of pre-LRU keys in OldGen: 329
[INFO] Iteration: 27200000
[INFO] JVM Uptime: 8.91 seconds, OldGen Region Count: 828, OldGen Used Memory: 816.78 MB, OldGen Live Memory: 669.87 MB, Total count of old regions to be freed 113, Estimated memory to be freed: 27.27 MB, Estimated OldGen object count: 209095
[INFO] Average Region used: 98.64 %, Live percent of used: 82.01 %, Live percent of region size: 80.90 % 
[INFO] Number of keys in OldGen: 149870, Gap with estimated OldGen object: 59225 (231 MB) 
[INFO] Number of pre-LRU keys in OldGen: 60
[8.927s][info][gc,start       ] GC(175) Pause Young (Mixed) (G1 Evacuation Pause)
[8.927s][info][gc,task        ] GC(175) Using 23 workers of 23 for evacuation
[8.935s][info][gc,phases      ] GC(175)   Pre Evacuate Collection Set: 0.1ms
[8.935s][info][gc,phases      ] GC(175)   Merge Heap Roots: 0.6ms
[8.935s][info][gc,phases      ] GC(175)   Evacuate Collection Set: 6.6ms
[8.935s][info][gc,phases      ] GC(175)   Post Evacuate Collection Set: 0.8ms
[8.935s][info][gc,phases      ] GC(175)   Other: 0.1ms
[8.935s][info][gc,heap        ] GC(175) Eden regions: 44->0(44)
[8.935s][info][gc,heap        ] GC(175) Survivor regions: 7->7(7)
[8.935s][info][gc,heap        ] GC(175) Old regions: 828->828
[8.935s][info][gc,heap        ] GC(175) Archive regions: 0->0
[8.935s][info][gc,heap        ] GC(175) Humongous regions: 2->2
[8.935s][info][gc,metaspace   ] GC(175) Metaspace: 8187K(8384K)->8187K(8384K) NonClass: 7455K(7552K)->7455K(7552K) Class: 731K(832K)->731K(832K)
[8.935s][info][gc             ] GC(175) Pause Young (Mixed) (G1 Evacuation Pause) 869M->835M(1024M) 8.226ms
[8.935s][info][gc,cpu         ] GC(175) User=0.16s Sys=0.00s Real=0.00s
[INFO] Iteration: 27300000
[INFO] JVM Uptime: 8.94 seconds, OldGen Region Count: 828, OldGen Used Memory: 826.34 MB, OldGen Live Memory: 706.33 MB, Total count of old regions to be freed 93, Estimated memory to be freed: 19.14 MB, Estimated OldGen object count: 211542
[INFO] Average Region used: 99.80 %, Live percent of used: 85.48 %, Live percent of region size: 85.31 % 
[INFO] Number of keys in OldGen: 155010, Gap with estimated OldGen object: 56532 (220 MB) 
[INFO] Number of pre-LRU keys in OldGen: 343
[INFO] Iteration: 27400000
[INFO] JVM Uptime: 8.96 seconds, OldGen Region Count: 828, OldGen Used Memory: 826.34 MB, OldGen Live Memory: 706.33 MB, Total count of old regions to be freed 93, Estimated memory to be freed: 19.14 MB, Estimated OldGen object count: 211542
[INFO] Average Region used: 99.80 %, Live percent of used: 85.48 %, Live percent of region size: 85.31 % 
[INFO] Number of keys in OldGen: 150091, Gap with estimated OldGen object: 61451 (240 MB) 
[INFO] Number of pre-LRU keys in OldGen: 64
[8.986s][info][gc,start       ] GC(176) Pause Young (Mixed) (G1 Evacuation Pause)
[8.986s][info][gc,task        ] GC(176) Using 23 workers of 23 for evacuation
[8.995s][info][gc,phases      ] GC(176)   Pre Evacuate Collection Set: 0.1ms
[8.995s][info][gc,phases      ] GC(176)   Merge Heap Roots: 0.6ms
[8.995s][info][gc,phases      ] GC(176)   Evacuate Collection Set: 7.5ms
[8.995s][info][gc,phases      ] GC(176)   Post Evacuate Collection Set: 0.6ms
[8.995s][info][gc,phases      ] GC(176)   Other: 0.1ms
[8.995s][info][gc,heap        ] GC(176) Eden regions: 44->0(44)
[8.995s][info][gc,heap        ] GC(176) Survivor regions: 7->7(7)
[8.995s][info][gc,heap        ] GC(176) Old regions: 828->834
[8.995s][info][gc,heap        ] GC(176) Archive regions: 0->0
[8.995s][info][gc,heap        ] GC(176) Humongous regions: 2->2
[8.995s][info][gc,metaspace   ] GC(176) Metaspace: 8187K(8384K)->8187K(8384K) NonClass: 7455K(7552K)->7455K(7552K) Class: 731K(832K)->731K(832K)
[8.995s][info][gc             ] GC(176) Pause Young (Mixed) (G1 Evacuation Pause) 879M->841M(1024M) 8.868ms
[8.995s][info][gc,cpu         ] GC(176) User=0.16s Sys=0.01s Real=0.01s
[INFO] Iteration: 27500000
[INFO] JVM Uptime: 9.00 seconds, OldGen Region Count: 834, OldGen Used Memory: 832.66 MB, OldGen Live Memory: 737.89 MB, Total count of old regions to be freed 80, Estimated memory to be freed: 15.96 MB, Estimated OldGen object count: 213160
[INFO] Average Region used: 99.84 %, Live percent of used: 88.62 %, Live percent of region size: 88.48 % 
[INFO] Number of keys in OldGen: 155328, Gap with estimated OldGen object: 57832 (225 MB) 
[INFO] Number of pre-LRU keys in OldGen: 386
[INFO] Iteration: 27600000
[INFO] JVM Uptime: 9.02 seconds, OldGen Region Count: 834, OldGen Used Memory: 832.66 MB, OldGen Live Memory: 737.89 MB, Total count of old regions to be freed 80, Estimated memory to be freed: 15.96 MB, Estimated OldGen object count: 213160
[INFO] Average Region used: 99.84 %, Live percent of used: 88.62 %, Live percent of region size: 88.48 % 
[INFO] Number of keys in OldGen: 150202, Gap with estimated OldGen object: 62958 (245 MB) 
[INFO] Number of pre-LRU keys in OldGen: 55
[INFO] Iteration: 27700000
[INFO] JVM Uptime: 9.05 seconds, OldGen Region Count: 834, OldGen Used Memory: 832.66 MB, OldGen Live Memory: 737.89 MB, Total count of old regions to be freed 80, Estimated memory to be freed: 15.96 MB, Estimated OldGen object count: 213160
[INFO] Average Region used: 99.84 %, Live percent of used: 88.62 %, Live percent of region size: 88.48 % 
[INFO] Number of keys in OldGen: 145329, Gap with estimated OldGen object: 67831 (264 MB) 
[INFO] Number of pre-LRU keys in OldGen: 68
[9.057s][info][gc,start       ] GC(177) Pause Young (Mixed) (G1 Evacuation Pause)
[9.057s][info][gc,task        ] GC(177) Using 23 workers of 23 for evacuation
[9.066s][info][gc,phases      ] GC(177)   Pre Evacuate Collection Set: 0.2ms
[9.066s][info][gc,phases      ] GC(177)   Merge Heap Roots: 0.6ms
[9.066s][info][gc,phases      ] GC(177)   Evacuate Collection Set: 6.9ms
[9.066s][info][gc,phases      ] GC(177)   Post Evacuate Collection Set: 0.6ms
[9.066s][info][gc,phases      ] GC(177)   Other: 0.1ms
[9.066s][info][gc,heap        ] GC(177) Eden regions: 44->0(44)
[9.066s][info][gc,heap        ] GC(177) Survivor regions: 7->7(7)
[9.066s][info][gc,heap        ] GC(177) Old regions: 834->836
[9.066s][info][gc,heap        ] GC(177) Archive regions: 0->0
[9.066s][info][gc,heap        ] GC(177) Humongous regions: 2->2
[9.066s][info][gc,metaspace   ] GC(177) Metaspace: 8187K(8384K)->8187K(8384K) NonClass: 7455K(7552K)->7455K(7552K) Class: 731K(832K)->731K(832K)
[9.066s][info][gc             ] GC(177) Pause Young (Mixed) (G1 Evacuation Pause) 885M->843M(1024M) 8.406ms
[9.066s][info][gc,cpu         ] GC(177) User=0.16s Sys=0.00s Real=0.00s
[INFO] Iteration: 27800000
[INFO] JVM Uptime: 9.08 seconds, OldGen Region Count: 836, OldGen Used Memory: 834.86 MB, OldGen Live Memory: 763.83 MB, Total count of old regions to be freed 68, Estimated memory to be freed: 13.18 MB, Estimated OldGen object count: 213724
[INFO] Average Region used: 99.86 %, Live percent of used: 91.49 %, Live percent of region size: 91.37 % 
[INFO] Number of keys in OldGen: 150473, Gap with estimated OldGen object: 63251 (247 MB) 
[INFO] Number of pre-LRU keys in OldGen: 48
[INFO] Iteration: 27900000
[INFO] JVM Uptime: 9.10 seconds, OldGen Region Count: 836, OldGen Used Memory: 834.86 MB, OldGen Live Memory: 763.83 MB, Total count of old regions to be freed 68, Estimated memory to be freed: 13.18 MB, Estimated OldGen object count: 213724
[INFO] Average Region used: 99.86 %, Live percent of used: 91.49 %, Live percent of region size: 91.37 % 
[INFO] Number of keys in OldGen: 145527, Gap with estimated OldGen object: 68197 (266 MB) 
[INFO] Number of pre-LRU keys in OldGen: 60
[9.113s][info][gc,start       ] GC(178) Pause Young (Mixed) (G1 Evacuation Pause)
[9.113s][info][gc,task        ] GC(178) Using 23 workers of 23 for evacuation
[9.120s][info][gc,phases      ] GC(178)   Pre Evacuate Collection Set: 0.1ms
[9.120s][info][gc,phases      ] GC(178)   Merge Heap Roots: 0.6ms
[9.120s][info][gc,phases      ] GC(178)   Evacuate Collection Set: 6.2ms
[9.120s][info][gc,phases      ] GC(178)   Post Evacuate Collection Set: 0.9ms
[9.120s][info][gc,phases      ] GC(178)   Other: 0.1ms
[9.120s][info][gc,heap        ] GC(178) Eden regions: 44->0(44)
[9.120s][info][gc,heap        ] GC(178) Survivor regions: 7->7(7)
[9.120s][info][gc,heap        ] GC(178) Old regions: 836->851
[9.120s][info][gc,heap        ] GC(178) Archive regions: 0->0
[9.120s][info][gc,heap        ] GC(178) Humongous regions: 2->2
[9.120s][info][gc,metaspace   ] GC(178) Metaspace: 8187K(8384K)->8187K(8384K) NonClass: 7455K(7552K)->7455K(7552K) Class: 731K(832K)->731K(832K)
[9.120s][info][gc             ] GC(178) Pause Young (Mixed) (G1 Evacuation Pause) 887M->858M(1024M) 7.907ms
[9.120s][info][gc,cpu         ] GC(178) User=0.15s Sys=0.00s Real=0.01s
[INFO] Iteration: 28000000
[INFO] JVM Uptime: 9.13 seconds, OldGen Region Count: 851, OldGen Used Memory: 850.00 MB, OldGen Live Memory: 794.58 MB, Total count of old regions to be freed 56, Estimated memory to be freed: 10.53 MB, Estimated OldGen object count: 217599
[INFO] Average Region used: 99.88 %, Live percent of used: 93.48 %, Live percent of region size: 93.37 % 
[INFO] Number of keys in OldGen: 150776, Gap with estimated OldGen object: 66823 (261 MB) 
[INFO] Number of pre-LRU keys in OldGen: 58
[INFO] Iteration: 28100000
[INFO] JVM Uptime: 9.16 seconds, OldGen Region Count: 851, OldGen Used Memory: 850.00 MB, OldGen Live Memory: 794.58 MB, Total count of old regions to be freed 56, Estimated memory to be freed: 10.53 MB, Estimated OldGen object count: 217599
[INFO] Average Region used: 99.88 %, Live percent of used: 93.48 %, Live percent of region size: 93.37 % 
[INFO] Number of keys in OldGen: 145871, Gap with estimated OldGen object: 71728 (280 MB) 
[INFO] Number of pre-LRU keys in OldGen: 76
[9.168s][info][gc,start       ] GC(179) Pause Young (Concurrent Start) (G1 Evacuation Pause)
[9.168s][info][gc,task        ] GC(179) Using 23 workers of 23 for evacuation
[9.173s][info][gc,phases      ] GC(179)   Pre Evacuate Collection Set: 0.1ms
[9.173s][info][gc,phases      ] GC(179)   Merge Heap Roots: 0.4ms
[9.173s][info][gc,phases      ] GC(179)   Evacuate Collection Set: 4.9ms
[9.173s][info][gc,phases      ] GC(179)   Post Evacuate Collection Set: 0.4ms
[9.173s][info][gc,phases      ] GC(179)   Other: 0.1ms
[9.173s][info][gc,heap        ] GC(179) Eden regions: 44->0(44)
[9.173s][info][gc,heap        ] GC(179) Survivor regions: 7->7(7)
[9.173s][info][gc,heap        ] GC(179) Old regions: 851->896
[9.173s][info][gc,heap        ] GC(179) Archive regions: 0->0
[9.173s][info][gc,heap        ] GC(179) Humongous regions: 2->2
[9.173s][info][gc,metaspace   ] GC(179) Metaspace: 8187K(8384K)->8187K(8384K) NonClass: 7455K(7552K)->7455K(7552K) Class: 731K(832K)->731K(832K)
[9.173s][info][gc             ] GC(179) Pause Young (Concurrent Start) (G1 Evacuation Pause) 902M->903M(1024M) 5.970ms
[9.173s][info][gc,cpu         ] GC(179) User=0.11s Sys=0.00s Real=0.00s
[9.174s][info][gc             ] GC(180) Concurrent Mark Cycle
[9.174s][info][gc,marking     ] GC(180) Concurrent Clear Claimed Marks
[9.174s][info][gc,marking     ] GC(180) Concurrent Clear Claimed Marks 0.020ms
[9.174s][info][gc,marking     ] GC(180) Concurrent Scan Root Regions
[9.174s][info][gc,marking     ] GC(180) Concurrent Scan Root Regions 0.620ms
[9.174s][info][gc,marking     ] GC(180) Concurrent Mark
[9.174s][info][gc,marking     ] GC(180) Concurrent Mark From Roots
[9.174s][info][gc,task        ] GC(180) Using 6 workers of 6 for marking
[9.180s][info][gc,marking     ] GC(180) Concurrent Mark From Roots 6.235ms
[9.180s][info][gc,marking     ] GC(180) Concurrent Preclean
[9.181s][info][gc,marking     ] GC(180) Concurrent Preclean 0.097ms
[9.181s][info][gc,start       ] GC(180) Pause Remark
[9.182s][info][gc             ] GC(180) Pause Remark 910M->910M(1024M) 1.820ms
[9.182s][info][gc,cpu         ] GC(180) User=0.00s Sys=0.00s Real=0.00s
[9.183s][info][gc,marking     ] GC(180) Concurrent Mark 8.334ms
[9.183s][info][gc,marking     ] GC(180) Concurrent Rebuild Remembered Sets
[INFO] Iteration: 28200000
[9.195s][info][gc,marking     ] GC(180) Concurrent Rebuild Remembered Sets 12.391ms
[9.195s][info][gc,start       ] GC(180) Pause Cleanup
[9.195s][info][gc             ] GC(180) Pause Cleanup 923M->923M(1024M) 0.351ms
[9.195s][info][gc,cpu         ] GC(180) User=0.00s Sys=0.00s Real=0.00s
[9.196s][info][gc,marking     ] GC(180) Concurrent Cleanup for Next Mark
[9.196s][info][gc,marking     ] GC(180) Concurrent Cleanup for Next Mark 0.455ms
[9.196s][info][gc             ] GC(180) Concurrent Mark Cycle 22.544ms
[INFO] JVM Uptime: 9.19 seconds, OldGen Region Count: 896, OldGen Used Memory: 895.00 MB, OldGen Live Memory: 623.83 MB, Total count of old regions to be freed 473, Estimated memory to be freed: 157.72 MB, Estimated OldGen object count: 229119
[INFO] Average Region used: 99.89 %, Live percent of used: 69.70 %, Live percent of region size: 69.62 % 
[INFO] Number of keys in OldGen: 151048, Gap with estimated OldGen object: 78071 (304 MB) 
[INFO] Number of pre-LRU keys in OldGen: 64
[INFO] Iteration: 28300000
[INFO] JVM Uptime: 9.22 seconds, OldGen Region Count: 896, OldGen Used Memory: 895.00 MB, OldGen Live Memory: 623.83 MB, Total count of old regions to be freed 473, Estimated memory to be freed: 157.72 MB, Estimated OldGen object count: 229119
[INFO] Average Region used: 99.89 %, Live percent of used: 69.70 %, Live percent of region size: 69.62 % 
[INFO] Number of keys in OldGen: 146002, Gap with estimated OldGen object: 83117 (324 MB) 
[INFO] Number of pre-LRU keys in OldGen: 63
[9.234s][info][gc,start       ] GC(181) Pause Young (Prepare Mixed) (G1 Evacuation Pause)
[9.234s][info][gc,task        ] GC(181) Using 23 workers of 23 for evacuation
[9.240s][info][gc,phases      ] GC(181)   Pre Evacuate Collection Set: 0.1ms
[9.240s][info][gc,phases      ] GC(181)   Merge Heap Roots: 0.4ms
[9.240s][info][gc,phases      ] GC(181)   Evacuate Collection Set: 4.5ms
[9.240s][info][gc,phases      ] GC(181)   Post Evacuate Collection Set: 1.3ms
[9.240s][info][gc,phases      ] GC(181)   Other: 0.1ms
[9.240s][info][gc,heap        ] GC(181) Eden regions: 44->0(44)
[9.240s][info][gc,heap        ] GC(181) Survivor regions: 7->7(7)
[9.240s][info][gc,heap        ] GC(181) Old regions: 896->942
[9.240s][info][gc,heap        ] GC(181) Archive regions: 0->0
[9.240s][info][gc,heap        ] GC(181) Humongous regions: 2->2
[9.240s][info][gc,metaspace   ] GC(181) Metaspace: 8187K(8384K)->8187K(8384K) NonClass: 7455K(7552K)->7455K(7552K) Class: 731K(832K)->731K(832K)
[9.240s][info][gc             ] GC(181) Pause Young (Prepare Mixed) (G1 Evacuation Pause) 947M->949M(1024M) 6.512ms
[9.240s][info][gc,cpu         ] GC(181) User=0.09s Sys=0.02s Real=0.01s
[INFO] Iteration: 28400000
[INFO] JVM Uptime: 9.25 seconds, OldGen Region Count: 942, OldGen Used Memory: 940.95 MB, OldGen Live Memory: 669.78 MB, Total count of old regions to be freed 473, Estimated memory to be freed: 157.72 MB, Estimated OldGen object count: 240882
[INFO] Average Region used: 99.89 %, Live percent of used: 71.18 %, Live percent of region size: 71.10 % 
[INFO] Number of keys in OldGen: 151227, Gap with estimated OldGen object: 89655 (350 MB) 
[INFO] Number of pre-LRU keys in OldGen: 97
[9.265s][info][gc,start       ] GC(182) Pause Young (Mixed) (G1 Preventive Collection)
[9.265s][info][gc,task        ] GC(182) Using 23 workers of 23 for evacuation
[9.272s][info][gc             ] GC(182) To-space exhausted
[9.272s][info][gc,phases      ] GC(182)   Pre Evacuate Collection Set: 0.1ms
[9.272s][info][gc,phases      ] GC(182)   Merge Heap Roots: 0.6ms
[9.272s][info][gc,phases      ] GC(182)   Evacuate Collection Set: 5.3ms
[9.272s][info][gc,phases      ] GC(182)   Post Evacuate Collection Set: 1.5ms
[9.272s][info][gc,phases      ] GC(182)   Other: 0.1ms
[9.272s][info][gc,heap        ] GC(182) Eden regions: 21->0(44)
[9.272s][info][gc,heap        ] GC(182) Survivor regions: 7->7(7)
[9.272s][info][gc,heap        ] GC(182) Old regions: 942->1015
[9.272s][info][gc,heap        ] GC(182) Archive regions: 0->0
[9.272s][info][gc,heap        ] GC(182) Humongous regions: 2->2
[9.272s][info][gc,metaspace   ] GC(182) Metaspace: 8187K(8384K)->8187K(8384K) NonClass: 7455K(7552K)->7455K(7552K) Class: 731K(832K)->731K(832K)
[9.272s][info][gc             ] GC(182) Pause Young (Mixed) (G1 Preventive Collection) 970M->1023M(1024M) 7.534ms
[9.272s][info][gc,cpu         ] GC(182) User=0.11s Sys=0.01s Real=0.01s
[9.272s][info][gc,ergo        ] Attempting full compaction
[9.272s][info][gc,task        ] GC(183) Using 23 workers of 23 for full compaction
[9.273s][info][gc,start       ] GC(183) Pause Full (G1 Compaction Pause)
[9.273s][info][gc,phases,start] GC(183) Phase 1: Mark live objects
[9.277s][info][gc,phases      ] GC(183) Phase 1: Mark live objects 4.779ms
[9.277s][info][gc,phases,start] GC(183) Phase 2: Prepare for compaction
[9.279s][info][gc,phases      ] GC(183) Phase 2: Prepare for compaction 1.577ms
[9.279s][info][gc,phases,start] GC(183) Phase 3: Adjust pointers
[9.281s][info][gc,phases      ] GC(183) Phase 3: Adjust pointers 2.401ms
[9.281s][info][gc,phases,start] GC(183) Phase 4: Compact heap
[9.304s][info][gc,phases      ] GC(183) Phase 4: Compact heap 22.367ms
[9.305s][info][gc,heap        ] GC(183) Eden regions: 0->0(91)
[9.305s][info][gc,heap        ] GC(183) Survivor regions: 7->0(7)
[9.305s][info][gc,heap        ] GC(183) Old regions: 1015->640
[9.305s][info][gc,heap        ] GC(183) Archive regions: 0->0
[9.305s][info][gc,heap        ] GC(183) Humongous regions: 2->2
[9.305s][info][gc,metaspace   ] GC(183) Metaspace: 8187K(8384K)->8187K(8384K) NonClass: 7455K(7552K)->7455K(7552K) Class: 731K(832K)->731K(832K)
[9.305s][info][gc             ] GC(183) Pause Full (G1 Compaction Pause) 1023M->629M(1024M) 32.146ms
[9.305s][info][gc,cpu         ] GC(183) User=0.52s Sys=0.01s Real=0.03s
[INFO] Iteration: 28500000
[INFO] JVM Uptime: 9.32 seconds, OldGen Region Count: 640, OldGen Used Memory: 627.53 MB, OldGen Live Memory: 627.53 MB, Total count of old regions to be freed 0, Estimated memory to be freed: 0.00 MB, Estimated OldGen object count: 160647
[INFO] Average Region used: 98.05 %, Live percent of used: 100.00 %, Live percent of region size: 98.05 % 
[INFO] Number of keys in OldGen: 152847, Gap with estimated OldGen object: 7800 (30 MB) 
[INFO] Number of pre-LRU keys in OldGen: 73
[INFO] Iteration: 28600000
[INFO] JVM Uptime: 9.34 seconds, OldGen Region Count: 640, OldGen Used Memory: 627.53 MB, OldGen Live Memory: 627.53 MB, Total count of old regions to be freed 0, Estimated memory to be freed: 0.00 MB, Estimated OldGen object count: 160647
[INFO] Average Region used: 98.05 %, Live percent of used: 100.00 %, Live percent of region size: 98.05 % 
[INFO] Number of keys in OldGen: 147857, Gap with estimated OldGen object: 12790 (49 MB) 
[INFO] Number of pre-LRU keys in OldGen: 61
[INFO] Iteration: 28700000
[INFO] JVM Uptime: 9.36 seconds, OldGen Region Count: 640, OldGen Used Memory: 627.53 MB, OldGen Live Memory: 627.53 MB, Total count of old regions to be freed 0, Estimated memory to be freed: 0.00 MB, Estimated OldGen object count: 160647
[INFO] Average Region used: 98.05 %, Live percent of used: 100.00 %, Live percent of region size: 98.05 % 
[INFO] Number of keys in OldGen: 142717, Gap with estimated OldGen object: 17930 (70 MB) 
[INFO] Number of pre-LRU keys in OldGen: 56
[INFO] Iteration: 28800000
[INFO] JVM Uptime: 9.38 seconds, OldGen Region Count: 640, OldGen Used Memory: 627.53 MB, OldGen Live Memory: 627.53 MB, Total count of old regions to be freed 0, Estimated memory to be freed: 0.00 MB, Estimated OldGen object count: 160647
[INFO] Average Region used: 98.05 %, Live percent of used: 100.00 %, Live percent of region size: 98.05 % 
[INFO] Number of keys in OldGen: 137694, Gap with estimated OldGen object: 22953 (89 MB) 
[INFO] Number of pre-LRU keys in OldGen: 53
[9.395s][info][gc,start       ] GC(184) Pause Young (Normal) (G1 Evacuation Pause)
[9.395s][info][gc,task        ] GC(184) Using 23 workers of 23 for evacuation
[9.401s][info][gc,phases      ] GC(184)   Pre Evacuate Collection Set: 0.1ms
[9.401s][info][gc,phases      ] GC(184)   Merge Heap Roots: 0.4ms
[9.401s][info][gc,phases      ] GC(184)   Evacuate Collection Set: 5.3ms
[9.401s][info][gc,phases      ] GC(184)   Post Evacuate Collection Set: 0.2ms
[9.401s][info][gc,phases      ] GC(184)   Other: 0.1ms
[9.401s][info][gc,heap        ] GC(184) Eden regions: 91->0(61)
[9.401s][info][gc,heap        ] GC(184) Survivor regions: 0->12(12)
[9.401s][info][gc,heap        ] GC(184) Old regions: 640->717
[9.401s][info][gc,heap        ] GC(184) Archive regions: 0->0
[9.401s][info][gc,heap        ] GC(184) Humongous regions: 2->2
[9.401s][info][gc,metaspace   ] GC(184) Metaspace: 8187K(8384K)->8187K(8384K) NonClass: 7455K(7552K)->7455K(7552K) Class: 731K(832K)->731K(832K)
[9.401s][info][gc             ] GC(184) Pause Young (Normal) (G1 Evacuation Pause) 720M->717M(1024M) 6.241ms
[9.401s][info][gc,cpu         ] GC(184) User=0.13s Sys=0.00s Real=0.01s
[INFO] Iteration: 28900000
[INFO] JVM Uptime: 9.41 seconds, OldGen Region Count: 717, OldGen Used Memory: 703.92 MB, OldGen Live Memory: 703.92 MB, Total count of old regions to be freed 0, Estimated memory to be freed: 0.00 MB, Estimated OldGen object count: 180203
[INFO] Average Region used: 98.18 %, Live percent of used: 100.00 %, Live percent of region size: 98.18 % 
[INFO] Number of keys in OldGen: 150946, Gap with estimated OldGen object: 29257 (114 MB) 
[INFO] Number of pre-LRU keys in OldGen: 161
[INFO] Iteration: 29000000
[INFO] JVM Uptime: 9.43 seconds, OldGen Region Count: 717, OldGen Used Memory: 703.92 MB, OldGen Live Memory: 703.92 MB, Total count of old regions to be freed 0, Estimated memory to be freed: 0.00 MB, Estimated OldGen object count: 180203
[INFO] Average Region used: 98.18 %, Live percent of used: 100.00 %, Live percent of region size: 98.18 % 
[INFO] Number of keys in OldGen: 145994, Gap with estimated OldGen object: 34209 (133 MB) 
[INFO] Number of pre-LRU keys in OldGen: 72
[INFO] Iteration: 29100000
[INFO] JVM Uptime: 9.45 seconds, OldGen Region Count: 717, OldGen Used Memory: 703.92 MB, OldGen Live Memory: 703.92 MB, Total count of old regions to be freed 0, Estimated memory to be freed: 0.00 MB, Estimated OldGen object count: 180203
[INFO] Average Region used: 98.18 %, Live percent of used: 100.00 %, Live percent of region size: 98.18 % 
[INFO] Number of keys in OldGen: 141108, Gap with estimated OldGen object: 39095 (152 MB) 
[INFO] Number of pre-LRU keys in OldGen: 55
[9.470s][info][gc,start       ] GC(185) Pause Young (Normal) (G1 Evacuation Pause)
[9.470s][info][gc,task        ] GC(185) Using 23 workers of 23 for evacuation
[9.476s][info][gc,phases      ] GC(185)   Pre Evacuate Collection Set: 0.4ms
[9.476s][info][gc,phases      ] GC(185)   Merge Heap Roots: 0.4ms
[9.476s][info][gc,phases      ] GC(185)   Evacuate Collection Set: 5.4ms
[9.476s][info][gc,phases      ] GC(185)   Post Evacuate Collection Set: 0.4ms
[9.476s][info][gc,phases      ] GC(185)   Other: 0.1ms
[9.476s][info][gc,heap        ] GC(185) Eden regions: 61->0(41)
[9.476s][info][gc,heap        ] GC(185) Survivor regions: 12->10(10)
[9.476s][info][gc,heap        ] GC(185) Old regions: 717->781
[9.476s][info][gc,heap        ] GC(185) Archive regions: 0->0
[9.476s][info][gc,heap        ] GC(185) Humongous regions: 2->2
[9.476s][info][gc,metaspace   ] GC(185) Metaspace: 8187K(8384K)->8187K(8384K) NonClass: 7455K(7552K)->7455K(7552K) Class: 731K(832K)->731K(832K)
[9.476s][info][gc             ] GC(185) Pause Young (Normal) (G1 Evacuation Pause) 778M->780M(1024M) 6.682ms
[9.476s][info][gc,cpu         ] GC(185) User=0.11s Sys=0.01s Real=0.00s
[INFO] Iteration: 29200000
[INFO] JVM Uptime: 9.49 seconds, OldGen Region Count: 781, OldGen Used Memory: 768.03 MB, OldGen Live Memory: 768.03 MB, Total count of old regions to be freed 0, Estimated memory to be freed: 0.00 MB, Estimated OldGen object count: 196615
[INFO] Average Region used: 98.34 %, Live percent of used: 100.00 %, Live percent of region size: 98.34 % 
[INFO] Number of keys in OldGen: 150693, Gap with estimated OldGen object: 45922 (179 MB) 
[INFO] Number of pre-LRU keys in OldGen: 93
[INFO] Iteration: 29300000
[INFO] JVM Uptime: 9.52 seconds, OldGen Region Count: 781, OldGen Used Memory: 768.03 MB, OldGen Live Memory: 768.03 MB, Total count of old regions to be freed 0, Estimated memory to be freed: 0.00 MB, Estimated OldGen object count: 196615
[INFO] Average Region used: 98.34 %, Live percent of used: 100.00 %, Live percent of region size: 98.34 % 
[INFO] Number of keys in OldGen: 145729, Gap with estimated OldGen object: 50886 (198 MB) 
[INFO] Number of pre-LRU keys in OldGen: 59
[9.536s][info][gc,start       ] GC(186) Pause Young (Concurrent Start) (G1 Evacuation Pause)
[9.536s][info][gc,task        ] GC(186) Using 23 workers of 23 for evacuation
[9.542s][info][gc,phases      ] GC(186)   Pre Evacuate Collection Set: 0.2ms
[9.542s][info][gc,phases      ] GC(186)   Merge Heap Roots: 0.4ms
[9.542s][info][gc,phases      ] GC(186)   Evacuate Collection Set: 4.5ms
[9.542s][info][gc,phases      ] GC(186)   Post Evacuate Collection Set: 0.3ms
[9.542s][info][gc,phases      ] GC(186)   Other: 0.2ms
[9.542s][info][gc,heap        ] GC(186) Eden regions: 41->0(44)
[9.542s][info][gc,heap        ] GC(186) Survivor regions: 10->7(7)
[9.542s][info][gc,heap        ] GC(186) Old regions: 781->826
[9.542s][info][gc,heap        ] GC(186) Archive regions: 0->0
[9.542s][info][gc,heap        ] GC(186) Humongous regions: 2->2
[9.542s][info][gc,metaspace   ] GC(186) Metaspace: 8187K(8384K)->8187K(8384K) NonClass: 7455K(7552K)->7455K(7552K) Class: 731K(832K)->731K(832K)
[9.542s][info][gc             ] GC(186) Pause Young (Concurrent Start) (G1 Evacuation Pause) 821M->822M(1024M) 5.545ms
[9.542s][info][gc,cpu         ] GC(186) User=0.10s Sys=0.00s Real=0.01s
[9.542s][info][gc             ] GC(187) Concurrent Mark Cycle
[9.542s][info][gc,marking     ] GC(187) Concurrent Clear Claimed Marks
[9.542s][info][gc,marking     ] GC(187) Concurrent Clear Claimed Marks 0.012ms
[9.542s][info][gc,marking     ] GC(187) Concurrent Scan Root Regions
[9.543s][info][gc,marking     ] GC(187) Concurrent Scan Root Regions 0.851ms
[9.543s][info][gc,marking     ] GC(187) Concurrent Mark
[9.543s][info][gc,marking     ] GC(187) Concurrent Mark From Roots
[9.543s][info][gc,task        ] GC(187) Using 6 workers of 6 for marking
[9.550s][info][gc,marking     ] GC(187) Concurrent Mark From Roots 6.942ms
[9.550s][info][gc,marking     ] GC(187) Concurrent Preclean
[9.550s][info][gc,marking     ] GC(187) Concurrent Preclean 0.151ms
[9.550s][info][gc,start       ] GC(187) Pause Remark
[9.552s][info][gc             ] GC(187) Pause Remark 830M->830M(1024M) 1.355ms
[9.552s][info][gc,cpu         ] GC(187) User=0.00s Sys=0.00s Real=0.00s
[9.552s][info][gc,marking     ] GC(187) Concurrent Mark 9.003ms
[9.552s][info][gc,marking     ] GC(187) Concurrent Rebuild Remembered Sets
[INFO] Iteration: 29400000
[9.565s][info][gc,marking     ] GC(187) Concurrent Rebuild Remembered Sets 13.251ms
[9.565s][info][gc,start       ] GC(187) Pause Cleanup
[9.566s][info][gc             ] GC(187) Pause Cleanup 842M->842M(1024M) 0.755ms
[9.566s][info][gc,cpu         ] GC(187) User=0.00s Sys=0.00s Real=0.00s
[9.566s][info][gc,marking     ] GC(187) Concurrent Cleanup for Next Mark
[9.567s][info][gc,marking     ] GC(187) Concurrent Cleanup for Next Mark 0.551ms
[9.567s][info][gc             ] GC(187) Concurrent Mark Cycle 24.769ms
[INFO] JVM Uptime: 9.56 seconds, OldGen Region Count: 826, OldGen Used Memory: 813.53 MB, OldGen Live Memory: 624.08 MB, Total count of old regions to be freed 135, Estimated memory to be freed: 39.54 MB, Estimated OldGen object count: 208263
[INFO] Average Region used: 98.49 %, Live percent of used: 76.71 %, Live percent of region size: 75.55 % 
[INFO] Number of keys in OldGen: 151055, Gap with estimated OldGen object: 57208 (223 MB) 
[INFO] Number of pre-LRU keys in OldGen: 69
[INFO] Iteration: 29500000
[INFO] JVM Uptime: 9.59 seconds, OldGen Region Count: 826, OldGen Used Memory: 813.53 MB, OldGen Live Memory: 624.08 MB, Total count of old regions to be freed 135, Estimated memory to be freed: 39.54 MB, Estimated OldGen object count: 208263
[INFO] Average Region used: 98.49 %, Live percent of used: 76.71 %, Live percent of region size: 75.55 % 
[INFO] Number of keys in OldGen: 145980, Gap with estimated OldGen object: 62283 (243 MB) 
[INFO] Number of pre-LRU keys in OldGen: 51
[9.602s][info][gc,start       ] GC(188) Pause Young (Prepare Mixed) (G1 Evacuation Pause)
[9.602s][info][gc,task        ] GC(188) Using 23 workers of 23 for evacuation
[9.610s][info][gc,phases      ] GC(188)   Pre Evacuate Collection Set: 0.5ms
[9.610s][info][gc,phases      ] GC(188)   Merge Heap Roots: 0.7ms
[9.610s][info][gc,phases      ] GC(188)   Evacuate Collection Set: 4.7ms
[9.610s][info][gc,phases      ] GC(188)   Post Evacuate Collection Set: 1.8ms
[9.610s][info][gc,phases      ] GC(188)   Other: 0.1ms
[9.610s][info][gc,heap        ] GC(188) Eden regions: 44->0(44)
[9.610s][info][gc,heap        ] GC(188) Survivor regions: 7->7(7)
[9.610s][info][gc,heap        ] GC(188) Old regions: 826->871
[9.610s][info][gc,heap        ] GC(188) Archive regions: 0->0
[9.610s][info][gc,heap        ] GC(188) Humongous regions: 2->2
[9.610s][info][gc,metaspace   ] GC(188) Metaspace: 8187K(8384K)->8187K(8384K) NonClass: 7455K(7552K)->7455K(7552K) Class: 731K(832K)->731K(832K)
[9.610s][info][gc             ] GC(188) Pause Young (Prepare Mixed) (G1 Evacuation Pause) 866M->867M(1024M) 7.834ms
[9.610s][info][gc,cpu         ] GC(188) User=0.11s Sys=0.00s Real=0.01s
[INFO] Iteration: 29600000
[INFO] JVM Uptime: 9.62 seconds, OldGen Region Count: 871, OldGen Used Memory: 858.32 MB, OldGen Live Memory: 668.88 MB, Total count of old regions to be freed 135, Estimated memory to be freed: 39.54 MB, Estimated OldGen object count: 219730
[INFO] Average Region used: 98.54 %, Live percent of used: 77.93 %, Live percent of region size: 76.79 % 
[INFO] Number of keys in OldGen: 151229, Gap with estimated OldGen object: 68501 (267 MB) 
[INFO] Number of pre-LRU keys in OldGen: 82
[INFO] Iteration: 29700000
[INFO] JVM Uptime: 9.65 seconds, OldGen Region Count: 871, OldGen Used Memory: 858.32 MB, OldGen Live Memory: 668.88 MB, Total count of old regions to be freed 135, Estimated memory to be freed: 39.54 MB, Estimated OldGen object count: 219730
[INFO] Average Region used: 98.54 %, Live percent of used: 77.93 %, Live percent of region size: 76.79 % 
[INFO] Number of keys in OldGen: 146278, Gap with estimated OldGen object: 73452 (286 MB) 
[INFO] Number of pre-LRU keys in OldGen: 61
[9.662s][info][gc,start       ] GC(189) Pause Young (Mixed) (G1 Evacuation Pause)
[9.662s][info][gc,task        ] GC(189) Using 23 workers of 23 for evacuation
[9.671s][info][gc             ] GC(189) To-space exhausted
[9.671s][info][gc,phases      ] GC(189)   Pre Evacuate Collection Set: 0.2ms
[9.671s][info][gc,phases      ] GC(189)   Merge Heap Roots: 0.8ms
[9.671s][info][gc,phases      ] GC(189)   Evacuate Collection Set: 6.6ms
[9.671s][info][gc,phases      ] GC(189)   Post Evacuate Collection Set: 1.1ms
[9.671s][info][gc,phases      ] GC(189)   Other: 0.1ms
[9.671s][info][gc,heap        ] GC(189) Eden regions: 44->0(44)
[9.671s][info][gc,heap        ] GC(189) Survivor regions: 7->7(7)
[9.671s][info][gc,heap        ] GC(189) Old regions: 871->938
[9.671s][info][gc,heap        ] GC(189) Archive regions: 0->0
[9.671s][info][gc,heap        ] GC(189) Humongous regions: 2->2
[9.671s][info][gc,metaspace   ] GC(189) Metaspace: 8187K(8384K)->8187K(8384K) NonClass: 7455K(7552K)->7455K(7552K) Class: 731K(832K)->731K(832K)
[9.671s][info][gc             ] GC(189) Pause Young (Mixed) (G1 Evacuation Pause) 911M->943M(1024M) 8.865ms
[9.671s][info][gc,cpu         ] GC(189) User=0.16s Sys=0.00s Real=0.01s
[9.679s][info][gc,start       ] GC(190) Pause Young (Mixed) (G1 Preventive Collection)
[9.679s][info][gc,task        ] GC(190) Using 23 workers of 23 for evacuation
[9.688s][info][gc             ] GC(190) To-space exhausted
[9.688s][info][gc,phases      ] GC(190)   Pre Evacuate Collection Set: 0.3ms
[9.688s][info][gc,phases      ] GC(190)   Merge Heap Roots: 0.8ms
[9.688s][info][gc,phases      ] GC(190)   Evacuate Collection Set: 6.1ms
[9.688s][info][gc,phases      ] GC(190)   Post Evacuate Collection Set: 1.8ms
[9.688s][info][gc,phases      ] GC(190)   Other: 0.1ms
[9.688s][info][gc,heap        ] GC(190) Eden regions: 12->0(44)
[9.688s][info][gc,heap        ] GC(190) Survivor regions: 7->7(7)
[9.688s][info][gc,heap        ] GC(190) Old regions: 938->1015
[9.688s][info][gc,heap        ] GC(190) Archive regions: 0->0
[9.688s][info][gc,heap        ] GC(190) Humongous regions: 2->2
[9.688s][info][gc,metaspace   ] GC(190) Metaspace: 8187K(8384K)->8187K(8384K) NonClass: 7455K(7552K)->7455K(7552K) Class: 731K(832K)->731K(832K)
[9.688s][info][gc             ] GC(190) Pause Young (Mixed) (G1 Preventive Collection) 955M->1020M(1024M) 9.057ms
[9.688s][info][gc,cpu         ] GC(190) User=0.13s Sys=0.02s Real=0.01s
[9.688s][info][gc,ergo        ] Attempting full compaction
[9.688s][info][gc,task        ] GC(191) Using 23 workers of 23 for full compaction
[9.688s][info][gc,start       ] GC(191) Pause Full (G1 Compaction Pause)
[9.688s][info][gc,phases,start] GC(191) Phase 1: Mark live objects
[9.694s][info][gc,phases      ] GC(191) Phase 1: Mark live objects 5.778ms
[9.694s][info][gc,phases,start] GC(191) Phase 2: Prepare for compaction
[9.696s][info][gc,phases      ] GC(191) Phase 2: Prepare for compaction 1.796ms
[9.696s][info][gc,phases,start] GC(191) Phase 3: Adjust pointers
[9.699s][info][gc,phases      ] GC(191) Phase 3: Adjust pointers 2.923ms
[9.699s][info][gc,phases,start] GC(191) Phase 4: Compact heap
[9.718s][info][gc,phases      ] GC(191) Phase 4: Compact heap 19.241ms
[9.720s][info][gc,heap        ] GC(191) Eden regions: 0->0(90)
[9.720s][info][gc,heap        ] GC(191) Survivor regions: 7->0(7)
[9.720s][info][gc,heap        ] GC(191) Old regions: 1015->642
[9.720s][info][gc,heap        ] GC(191) Archive regions: 0->0
[9.720s][info][gc,heap        ] GC(191) Humongous regions: 2->2
[9.720s][info][gc,metaspace   ] GC(191) Metaspace: 8187K(8384K)->8187K(8384K) NonClass: 7455K(7552K)->7455K(7552K) Class: 731K(832K)->731K(832K)
[9.720s][info][gc             ] GC(191) Pause Full (G1 Compaction Pause) 1020M->631M(1024M) 31.264ms
[9.720s][info][gc,cpu         ] GC(191) User=0.48s Sys=0.00s Real=0.03s
[INFO] Iteration: 29800000
[INFO] JVM Uptime: 9.73 seconds, OldGen Region Count: 642, OldGen Used Memory: 629.46 MB, OldGen Live Memory: 629.46 MB, Total count of old regions to be freed 0, Estimated memory to be freed: 0.00 MB, Estimated OldGen object count: 161141
[INFO] Average Region used: 98.05 %, Live percent of used: 100.00 %, Live percent of region size: 98.05 % 
[INFO] Number of keys in OldGen: 155943, Gap with estimated OldGen object: 5198 (20 MB) 
[INFO] Number of pre-LRU keys in OldGen: 363
[INFO] Iteration: 29900000
[INFO] JVM Uptime: 9.75 seconds, OldGen Region Count: 642, OldGen Used Memory: 629.46 MB, OldGen Live Memory: 629.46 MB, Total count of old regions to be freed 0, Estimated memory to be freed: 0.00 MB, Estimated OldGen object count: 161141
[INFO] Average Region used: 98.05 %, Live percent of used: 100.00 %, Live percent of region size: 98.05 % 
[INFO] Number of keys in OldGen: 150949, Gap with estimated OldGen object: 10192 (39 MB) 
[INFO] Number of pre-LRU keys in OldGen: 51
[INFO] Iteration: 30000000
[INFO] JVM Uptime: 9.77 seconds, OldGen Region Count: 642, OldGen Used Memory: 629.46 MB, OldGen Live Memory: 629.46 MB, Total count of old regions to be freed 0, Estimated memory to be freed: 0.00 MB, Estimated OldGen object count: 161141
[INFO] Average Region used: 98.05 %, Live percent of used: 100.00 %, Live percent of region size: 98.05 % 
[INFO] Number of keys in OldGen: 145897, Gap with estimated OldGen object: 15244 (59 MB) 
[INFO] Number of pre-LRU keys in OldGen: 50
[INFO] Iteration: 30100000
[INFO] JVM Uptime: 9.79 seconds, OldGen Region Count: 642, OldGen Used Memory: 629.46 MB, OldGen Live Memory: 629.46 MB, Total count of old regions to be freed 0, Estimated memory to be freed: 0.00 MB, Estimated OldGen object count: 161141
[INFO] Average Region used: 98.05 %, Live percent of used: 100.00 %, Live percent of region size: 98.05 % 
[INFO] Number of keys in OldGen: 140929, Gap with estimated OldGen object: 20212 (78 MB) 
[INFO] Number of pre-LRU keys in OldGen: 45
[9.814s][info][gc,start       ] GC(192) Pause Young (Normal) (G1 Evacuation Pause)
[9.814s][info][gc,task        ] GC(192) Using 23 workers of 23 for evacuation
[9.821s][info][gc,phases      ] GC(192)   Pre Evacuate Collection Set: 0.4ms
[9.821s][info][gc,phases      ] GC(192)   Merge Heap Roots: 0.5ms
[9.821s][info][gc,phases      ] GC(192)   Evacuate Collection Set: 5.5ms
[9.821s][info][gc,phases      ] GC(192)   Post Evacuate Collection Set: 0.7ms
[9.821s][info][gc,phases      ] GC(192)   Other: 0.1ms
[9.821s][info][gc,heap        ] GC(192) Eden regions: 90->0(61)
[9.821s][info][gc,heap        ] GC(192) Survivor regions: 0->12(12)
[9.821s][info][gc,heap        ] GC(192) Old regions: 642->718
[9.821s][info][gc,heap        ] GC(192) Archive regions: 0->0
[9.821s][info][gc,heap        ] GC(192) Humongous regions: 2->2
[9.821s][info][gc,metaspace   ] GC(192) Metaspace: 8187K(8384K)->8187K(8384K) NonClass: 7455K(7552K)->7455K(7552K) Class: 731K(832K)->731K(832K)
[9.821s][info][gc             ] GC(192) Pause Young (Normal) (G1 Evacuation Pause) 721M->719M(1024M) 7.333ms
[9.821s][info][gc,cpu         ] GC(192) User=0.13s Sys=0.00s Real=0.01s
[INFO] Iteration: 30200000
[INFO] JVM Uptime: 9.82 seconds, OldGen Region Count: 718, OldGen Used Memory: 705.46 MB, OldGen Live Memory: 705.46 MB, Total count of old regions to be freed 0, Estimated memory to be freed: 0.00 MB, Estimated OldGen object count: 180597
[INFO] Average Region used: 98.25 %, Live percent of used: 100.00 %, Live percent of region size: 98.25 % 
[INFO] Number of keys in OldGen: 153853, Gap with estimated OldGen object: 26744 (104 MB) 
[INFO] Number of pre-LRU keys in OldGen: 359
[INFO] Iteration: 30300000
[INFO] JVM Uptime: 9.85 seconds, OldGen Region Count: 718, OldGen Used Memory: 705.46 MB, OldGen Live Memory: 705.46 MB, Total count of old regions to be freed 0, Estimated memory to be freed: 0.00 MB, Estimated OldGen object count: 180597
[INFO] Average Region used: 98.25 %, Live percent of used: 100.00 %, Live percent of region size: 98.25 % 
[INFO] Number of keys in OldGen: 148843, Gap with estimated OldGen object: 31754 (124 MB) 
[INFO] Number of pre-LRU keys in OldGen: 64
[INFO] Iteration: 30400000
[INFO] JVM Uptime: 9.87 seconds, OldGen Region Count: 718, OldGen Used Memory: 705.46 MB, OldGen Live Memory: 705.46 MB, Total count of old regions to be freed 0, Estimated memory to be freed: 0.00 MB, Estimated OldGen object count: 180597
[INFO] Average Region used: 98.25 %, Live percent of used: 100.00 %, Live percent of region size: 98.25 % 
[INFO] Number of keys in OldGen: 143748, Gap with estimated OldGen object: 36849 (143 MB) 
[INFO] Number of pre-LRU keys in OldGen: 49
[9.890s][info][gc,start       ] GC(193) Pause Young (Normal) (G1 Evacuation Pause)
[9.890s][info][gc,task        ] GC(193) Using 23 workers of 23 for evacuation
[9.897s][info][gc,phases      ] GC(193)   Pre Evacuate Collection Set: 0.3ms
[9.897s][info][gc,phases      ] GC(193)   Merge Heap Roots: 0.6ms
[9.897s][info][gc,phases      ] GC(193)   Evacuate Collection Set: 5.1ms
[9.897s][info][gc,phases      ] GC(193)   Post Evacuate Collection Set: 1.2ms
[9.897s][info][gc,phases      ] GC(193)   Other: 0.2ms
[9.897s][info][gc,heap        ] GC(193) Eden regions: 61->0(41)
[9.897s][info][gc,heap        ] GC(193) Survivor regions: 12->10(10)
[9.897s][info][gc,heap        ] GC(193) Old regions: 718->783
[9.897s][info][gc,heap        ] GC(193) Archive regions: 0->0
[9.897s][info][gc,heap        ] GC(193) Humongous regions: 2->2
[9.897s][info][gc,metaspace   ] GC(193) Metaspace: 8187K(8384K)->8187K(8384K) NonClass: 7455K(7552K)->7455K(7552K) Class: 731K(832K)->731K(832K)
[9.897s][info][gc             ] GC(193) Pause Young (Normal) (G1 Evacuation Pause) 780M->781M(1024M) 7.309ms
[9.897s][info][gc,cpu         ] GC(193) User=0.12s Sys=0.00s Real=0.01s
[INFO] Iteration: 30500000
[INFO] JVM Uptime: 9.90 seconds, OldGen Region Count: 783, OldGen Used Memory: 769.96 MB, OldGen Live Memory: 769.96 MB, Total count of old regions to be freed 0, Estimated memory to be freed: 0.00 MB, Estimated OldGen object count: 197109
[INFO] Average Region used: 98.33 %, Live percent of used: 100.00 %, Live percent of region size: 98.33 % 
[INFO] Number of keys in OldGen: 153239, Gap with estimated OldGen object: 43870 (171 MB) 
[INFO] Number of pre-LRU keys in OldGen: 290
[INFO] Iteration: 30600000
[INFO] JVM Uptime: 9.93 seconds, OldGen Region Count: 783, OldGen Used Memory: 769.96 MB, OldGen Live Memory: 769.96 MB, Total count of old regions to be freed 0, Estimated memory to be freed: 0.00 MB, Estimated OldGen object count: 197109
[INFO] Average Region used: 98.33 %, Live percent of used: 100.00 %, Live percent of region size: 98.33 % 
[INFO] Number of keys in OldGen: 148275, Gap with estimated OldGen object: 48834 (190 MB) 
[INFO] Number of pre-LRU keys in OldGen: 54
[9.945s][info][gc,start       ] GC(194) Pause Young (Concurrent Start) (G1 Evacuation Pause)
[9.945s][info][gc,task        ] GC(194) Using 23 workers of 23 for evacuation
[9.952s][info][gc,phases      ] GC(194)   Pre Evacuate Collection Set: 0.4ms
[9.952s][info][gc,phases      ] GC(194)   Merge Heap Roots: 0.6ms
[9.952s][info][gc,phases      ] GC(194)   Evacuate Collection Set: 4.4ms
[9.952s][info][gc,phases      ] GC(194)   Post Evacuate Collection Set: 1.1ms
[9.952s][info][gc,phases      ] GC(194)   Other: 0.2ms
[9.952s][info][gc,heap        ] GC(194) Eden regions: 41->0(44)
[9.952s][info][gc,heap        ] GC(194) Survivor regions: 10->7(7)
[9.952s][info][gc,heap        ] GC(194) Old regions: 783->830
[9.952s][info][gc,heap        ] GC(194) Archive regions: 0->0
[9.952s][info][gc,heap        ] GC(194) Humongous regions: 2->2
[9.952s][info][gc,metaspace   ] GC(194) Metaspace: 8187K(8384K)->8187K(8384K) NonClass: 7455K(7552K)->7455K(7552K) Class: 731K(832K)->731K(832K)
[9.952s][info][gc             ] GC(194) Pause Young (Concurrent Start) (G1 Evacuation Pause) 822M->826M(1024M) 6.801ms
[9.952s][info][gc,cpu         ] GC(194) User=0.09s Sys=0.02s Real=0.01s
[9.952s][info][gc             ] GC(195) Concurrent Mark Cycle
[9.952s][info][gc,marking     ] GC(195) Concurrent Clear Claimed Marks
[9.952s][info][gc,marking     ] GC(195) Concurrent Clear Claimed Marks 0.011ms
[9.952s][info][gc,marking     ] GC(195) Concurrent Scan Root Regions
[9.953s][info][gc,marking     ] GC(195) Concurrent Scan Root Regions 0.810ms
[9.953s][info][gc,marking     ] GC(195) Concurrent Mark
[9.953s][info][gc,marking     ] GC(195) Concurrent Mark From Roots
[9.953s][info][gc,task        ] GC(195) Using 6 workers of 6 for marking
[9.959s][info][gc,marking     ] GC(195) Concurrent Mark From Roots 6.447ms
[9.960s][info][gc,marking     ] GC(195) Concurrent Preclean
[9.960s][info][gc,marking     ] GC(195) Concurrent Preclean 0.140ms
[9.960s][info][gc,start       ] GC(195) Pause Remark
[9.962s][info][gc             ] GC(195) Pause Remark 832M->832M(1024M) 2.411ms
[9.962s][info][gc,cpu         ] GC(195) User=0.01s Sys=0.00s Real=0.00s
[9.962s][info][gc,marking     ] GC(195) Concurrent Mark 9.403ms
[9.962s][info][gc,marking     ] GC(195) Concurrent Rebuild Remembered Sets
[INFO] Iteration: 30700000
[9.975s][info][gc,marking     ] GC(195) Concurrent Rebuild Remembered Sets 12.916ms
[9.976s][info][gc,start       ] GC(195) Pause Cleanup
[9.976s][info][gc             ] GC(195) Pause Cleanup 834M->834M(1024M) 0.556ms
[9.976s][info][gc,cpu         ] GC(195) User=0.00s Sys=0.00s Real=0.00s
[9.976s][info][gc,marking     ] GC(195) Concurrent Cleanup for Next Mark
[9.977s][info][gc,marking     ] GC(195) Concurrent Cleanup for Next Mark 0.632ms
[9.977s][info][gc             ] GC(195) Concurrent Mark Cycle 24.902ms
[INFO] JVM Uptime: 9.96 seconds, OldGen Region Count: 830, OldGen Used Memory: 817.46 MB, OldGen Live Memory: 626.10 MB, Total count of old regions to be freed 209, Estimated memory to be freed: 61.07 MB, Estimated OldGen object count: 209269
[INFO] Average Region used: 98.49 %, Live percent of used: 76.59 %, Live percent of region size: 75.43 % 
[INFO] Number of keys in OldGen: 153639, Gap with estimated OldGen object: 55630 (217 MB) 
[INFO] Number of pre-LRU keys in OldGen: 226
[INFO] Iteration: 30800000
[INFO] JVM Uptime: 9.99 seconds, OldGen Region Count: 830, OldGen Used Memory: 817.46 MB, OldGen Live Memory: 626.10 MB, Total count of old regions to be freed 209, Estimated memory to be freed: 61.07 MB, Estimated OldGen object count: 209269
[INFO] Average Region used: 98.49 %, Live percent of used: 76.59 %, Live percent of region size: 75.43 % 
[INFO] Number of keys in OldGen: 148511, Gap with estimated OldGen object: 60758 (237 MB) 
[INFO] Number of pre-LRU keys in OldGen: 44
[10.011s][info][gc,start       ] GC(196) Pause Young (Prepare Mixed) (G1 Evacuation Pause)
[10.011s][info][gc,task        ] GC(196) Using 23 workers of 23 for evacuation
[10.018s][info][gc,phases      ] GC(196)   Pre Evacuate Collection Set: 0.5ms
[10.018s][info][gc,phases      ] GC(196)   Merge Heap Roots: 0.6ms
[10.018s][info][gc,phases      ] GC(196)   Evacuate Collection Set: 4.5ms
[10.018s][info][gc,phases      ] GC(196)   Post Evacuate Collection Set: 1.3ms
[10.018s][info][gc,phases      ] GC(196)   Other: 0.1ms
[10.018s][info][gc,heap        ] GC(196) Eden regions: 44->0(44)
[10.018s][info][gc,heap        ] GC(196) Survivor regions: 7->7(7)
[10.018s][info][gc,heap        ] GC(196) Old regions: 830->875
[10.018s][info][gc,heap        ] GC(196) Archive regions: 0->0
[10.018s][info][gc,heap        ] GC(196) Humongous regions: 2->2
[10.018s][info][gc,metaspace   ] GC(196) Metaspace: 8187K(8384K)->8187K(8384K) NonClass: 7455K(7552K)->7455K(7552K) Class: 731K(832K)->731K(832K)
[10.018s][info][gc             ] GC(196) Pause Young (Prepare Mixed) (G1 Evacuation Pause) 870M->871M(1024M) 7.078ms
[10.018s][info][gc,cpu         ] GC(196) User=0.11s Sys=0.00s Real=0.01s
[INFO] Iteration: 30900000
[INFO] JVM Uptime: 10.02 seconds, OldGen Region Count: 875, OldGen Used Memory: 862.46 MB, OldGen Live Memory: 671.10 MB, Total count of old regions to be freed 209, Estimated memory to be freed: 61.07 MB, Estimated OldGen object count: 220789
[INFO] Average Region used: 98.57 %, Live percent of used: 77.81 %, Live percent of region size: 76.70 % 
[INFO] Number of keys in OldGen: 153796, Gap with estimated OldGen object: 66993 (261 MB) 
[INFO] Number of pre-LRU keys in OldGen: 298
[INFO] Iteration: 31000000
[INFO] JVM Uptime: 10.05 seconds, OldGen Region Count: 875, OldGen Used Memory: 862.46 MB, OldGen Live Memory: 671.10 MB, Total count of old regions to be freed 209, Estimated memory to be freed: 61.07 MB, Estimated OldGen object count: 220789
[INFO] Average Region used: 98.57 %, Live percent of used: 77.81 %, Live percent of region size: 76.70 % 
[INFO] Number of keys in OldGen: 148863, Gap with estimated OldGen object: 71926 (280 MB) 
[INFO] Number of pre-LRU keys in OldGen: 42
[10.069s][info][gc,start       ] GC(197) Pause Young (Mixed) (G1 Evacuation Pause)
[10.069s][info][gc,task        ] GC(197) Using 23 workers of 23 for evacuation
[10.079s][info][gc             ] GC(197) To-space exhausted
[10.079s][info][gc,phases      ] GC(197)   Pre Evacuate Collection Set: 0.2ms
[10.079s][info][gc,phases      ] GC(197)   Merge Heap Roots: 0.7ms
[10.079s][info][gc,phases      ] GC(197)   Evacuate Collection Set: 6.7ms
[10.079s][info][gc,phases      ] GC(197)   Post Evacuate Collection Set: 1.9ms
[10.079s][info][gc,phases      ] GC(197)   Other: 0.1ms
[10.079s][info][gc,heap        ] GC(197) Eden regions: 44->0(44)
[10.079s][info][gc,heap        ] GC(197) Survivor regions: 7->7(7)
[10.079s][info][gc,heap        ] GC(197) Old regions: 875->1011
[10.079s][info][gc,heap        ] GC(197) Archive regions: 0->0
[10.079s][info][gc,heap        ] GC(197) Humongous regions: 2->2
[10.079s][info][gc,metaspace   ] GC(197) Metaspace: 8187K(8384K)->8187K(8384K) NonClass: 7455K(7552K)->7455K(7552K) Class: 731K(832K)->731K(832K)
[10.079s][info][gc             ] GC(197) Pause Young (Mixed) (G1 Evacuation Pause) 915M->1009M(1024M) 9.625ms
[10.079s][info][gc,cpu         ] GC(197) User=0.16s Sys=0.01s Real=0.01s
[10.080s][info][gc,start       ] GC(198) Pause Young (Mixed) (G1 Preventive Collection)
[10.080s][info][gc,task        ] GC(198) Using 23 workers of 23 for evacuation
[10.086s][info][gc             ] GC(198) To-space exhausted
[10.086s][info][gc,phases      ] GC(198)   Pre Evacuate Collection Set: 0.3ms
[10.086s][info][gc,phases      ] GC(198)   Merge Heap Roots: 0.8ms
[10.086s][info][gc,phases      ] GC(198)   Evacuate Collection Set: 3.8ms
[10.086s][info][gc,phases      ] GC(198)   Post Evacuate Collection Set: 1.5ms
[10.086s][info][gc,phases      ] GC(198)   Other: 0.1ms
[10.086s][info][gc,heap        ] GC(198) Eden regions: 1->0(50)
[10.086s][info][gc,heap        ] GC(198) Survivor regions: 7->1(3)
[10.086s][info][gc,heap        ] GC(198) Old regions: 1011->1020
[10.086s][info][gc,heap        ] GC(198) Archive regions: 0->0
[10.086s][info][gc,heap        ] GC(198) Humongous regions: 2->2
[10.086s][info][gc,metaspace   ] GC(198) Metaspace: 8187K(8384K)->8187K(8384K) NonClass: 7455K(7552K)->7455K(7552K) Class: 731K(832K)->731K(832K)
[10.086s][info][gc             ] GC(198) Pause Young (Mixed) (G1 Preventive Collection) 1010M->1012M(1024M) 6.544ms
[10.086s][info][gc,cpu         ] GC(198) User=0.10s Sys=0.00s Real=0.00s
[10.088s][info][gc,start       ] GC(199) Pause Young (Mixed) (G1 Evacuation Pause)
[10.088s][info][gc,task        ] GC(199) Using 23 workers of 23 for evacuation
[10.093s][info][gc             ] GC(199) To-space exhausted
[10.093s][info][gc,phases      ] GC(199)   Pre Evacuate Collection Set: 0.5ms
[10.093s][info][gc,phases      ] GC(199)   Merge Heap Roots: 0.9ms
[10.093s][info][gc,phases      ] GC(199)   Evacuate Collection Set: 2.7ms
[10.093s][info][gc,phases      ] GC(199)   Post Evacuate Collection Set: 1.6ms
[10.093s][info][gc,phases      ] GC(199)   Other: 0.1ms
[10.093s][info][gc,heap        ] GC(199) Eden regions: 1->0(51)
[10.093s][info][gc,heap        ] GC(199) Survivor regions: 1->0(0)
[10.093s][info][gc,heap        ] GC(199) Old regions: 1020->1022
[10.093s][info][gc,heap        ] GC(199) Archive regions: 0->0
[10.093s][info][gc,heap        ] GC(199) Humongous regions: 2->2
[10.093s][info][gc,metaspace   ] GC(199) Metaspace: 8187K(8384K)->8187K(8384K) NonClass: 7455K(7552K)->7455K(7552K) Class: 731K(832K)->731K(832K)
[10.093s][info][gc             ] GC(199) Pause Young (Mixed) (G1 Evacuation Pause) 1013M->1013M(1024M) 5.836ms
[10.093s][info][gc,cpu         ] GC(199) User=0.08s Sys=0.00s Real=0.00s
[10.093s][info][gc,ergo        ] Attempting full compaction
[10.093s][info][gc,task        ] GC(200) Using 23 workers of 23 for full compaction
[10.094s][info][gc,start       ] GC(200) Pause Full (G1 Compaction Pause)
[10.094s][info][gc,phases,start] GC(200) Phase 1: Mark live objects
[10.099s][info][gc,phases      ] GC(200) Phase 1: Mark live objects 5.236ms
[10.099s][info][gc,phases,start] GC(200) Phase 2: Prepare for compaction
[10.101s][info][gc,phases      ] GC(200) Phase 2: Prepare for compaction 1.793ms
[10.101s][info][gc,phases,start] GC(200) Phase 3: Adjust pointers
[10.103s][info][gc,phases      ] GC(200) Phase 3: Adjust pointers 2.570ms
[10.103s][info][gc,phases,start] GC(200) Phase 4: Compact heap
[10.125s][info][gc,phases      ] GC(200) Phase 4: Compact heap 21.239ms
[10.126s][info][gc,heap        ] GC(200) Eden regions: 0->0(91)
[10.126s][info][gc,heap        ] GC(200) Survivor regions: 0->0(0)
[10.126s][info][gc,heap        ] GC(200) Old regions: 1022->640
[10.126s][info][gc,heap        ] GC(200) Archive regions: 0->0
[10.126s][info][gc,heap        ] GC(200) Humongous regions: 2->2
[10.126s][info][gc,metaspace   ] GC(200) Metaspace: 8187K(8384K)->8187K(8384K) NonClass: 7455K(7552K)->7455K(7552K) Class: 731K(832K)->731K(832K)
[10.126s][info][gc             ] GC(200) Pause Full (G1 Compaction Pause) 1013M->630M(1024M) 32.179ms
[10.126s][info][gc,cpu         ] GC(200) User=0.51s Sys=0.00s Real=0.03s
[INFO] Iteration: 31100000
[INFO] JVM Uptime: 10.13 seconds, OldGen Region Count: 640, OldGen Used Memory: 628.25 MB, OldGen Live Memory: 628.25 MB, Total count of old regions to be freed 0, Estimated memory to be freed: 0.00 MB, Estimated OldGen object count: 160831
[INFO] Average Region used: 98.16 %, Live percent of used: 100.00 %, Live percent of region size: 98.16 % 
[INFO] Number of keys in OldGen: 156392, Gap with estimated OldGen object: 4439 (17 MB) 
[INFO] Number of pre-LRU keys in OldGen: 363
[INFO] Iteration: 31200000
[INFO] JVM Uptime: 10.16 seconds, OldGen Region Count: 640, OldGen Used Memory: 628.25 MB, OldGen Live Memory: 628.25 MB, Total count of old regions to be freed 0, Estimated memory to be freed: 0.00 MB, Estimated OldGen object count: 160831
[INFO] Average Region used: 98.16 %, Live percent of used: 100.00 %, Live percent of region size: 98.16 % 
[INFO] Number of keys in OldGen: 151395, Gap with estimated OldGen object: 9436 (36 MB) 
[INFO] Number of pre-LRU keys in OldGen: 68
[INFO] Iteration: 31300000
[INFO] JVM Uptime: 10.18 seconds, OldGen Region Count: 640, OldGen Used Memory: 628.25 MB, OldGen Live Memory: 628.25 MB, Total count of old regions to be freed 0, Estimated memory to be freed: 0.00 MB, Estimated OldGen object count: 160831
[INFO] Average Region used: 98.16 %, Live percent of used: 100.00 %, Live percent of region size: 98.16 % 
[INFO] Number of keys in OldGen: 146444, Gap with estimated OldGen object: 14387 (56 MB) 
[INFO] Number of pre-LRU keys in OldGen: 57
[INFO] Iteration: 31400000
[INFO] JVM Uptime: 10.20 seconds, OldGen Region Count: 640, OldGen Used Memory: 628.25 MB, OldGen Live Memory: 628.25 MB, Total count of old regions to be freed 0, Estimated memory to be freed: 0.00 MB, Estimated OldGen object count: 160831
[INFO] Average Region used: 98.16 %, Live percent of used: 100.00 %, Live percent of region size: 98.16 % 
[INFO] Number of keys in OldGen: 141480, Gap with estimated OldGen object: 19351 (75 MB) 
[INFO] Number of pre-LRU keys in OldGen: 68
[INFO] Iteration: 31500000
[INFO] JVM Uptime: 10.22 seconds, OldGen Region Count: 640, OldGen Used Memory: 628.25 MB, OldGen Live Memory: 628.25 MB, Total count of old regions to be freed 0, Estimated memory to be freed: 0.00 MB, Estimated OldGen object count: 160831
[INFO] Average Region used: 98.16 %, Live percent of used: 100.00 %, Live percent of region size: 98.16 % 
[INFO] Number of keys in OldGen: 136477, Gap with estimated OldGen object: 24354 (95 MB) 
[INFO] Number of pre-LRU keys in OldGen: 77
[10.230s][info][gc,start       ] GC(201) Pause Young (Normal) (G1 Evacuation Pause)
[10.230s][info][gc,task        ] GC(201) Using 23 workers of 23 for evacuation
[10.237s][info][gc,phases      ] GC(201)   Pre Evacuate Collection Set: 0.3ms
[10.237s][info][gc,phases      ] GC(201)   Merge Heap Roots: 0.5ms
[10.237s][info][gc,phases      ] GC(201)   Evacuate Collection Set: 5.4ms
[10.237s][info][gc,phases      ] GC(201)   Post Evacuate Collection Set: 0.6ms
[10.237s][info][gc,phases      ] GC(201)   Other: 0.1ms
[10.237s][info][gc,heap        ] GC(201) Eden regions: 91->0(62)
[10.237s][info][gc,heap        ] GC(201) Survivor regions: 0->12(12)
[10.237s][info][gc,heap        ] GC(201) Old regions: 640->715
[10.237s][info][gc,heap        ] GC(201) Archive regions: 0->0
[10.237s][info][gc,heap        ] GC(201) Humongous regions: 2->2
[10.237s][info][gc,metaspace   ] GC(201) Metaspace: 8187K(8384K)->8187K(8384K) NonClass: 7455K(7552K)->7455K(7552K) Class: 731K(832K)->731K(832K)
[10.237s][info][gc             ] GC(201) Pause Young (Normal) (G1 Evacuation Pause) 721M->716M(1024M) 7.033ms
[10.237s][info][gc,cpu         ] GC(201) User=0.11s Sys=0.00s Real=0.01s
[INFO] Iteration: 31600000
[INFO] JVM Uptime: 10.25 seconds, OldGen Region Count: 715, OldGen Used Memory: 702.74 MB, OldGen Live Memory: 702.74 MB, Total count of old regions to be freed 0, Estimated memory to be freed: 0.00 MB, Estimated OldGen object count: 179901
[INFO] Average Region used: 98.29 %, Live percent of used: 100.00 %, Live percent of region size: 98.29 % 
[INFO] Number of keys in OldGen: 149554, Gap with estimated OldGen object: 30347 (118 MB) 
[INFO] Number of pre-LRU keys in OldGen: 61
[INFO] Iteration: 31700000
[INFO] JVM Uptime: 10.27 seconds, OldGen Region Count: 715, OldGen Used Memory: 702.74 MB, OldGen Live Memory: 702.74 MB, Total count of old regions to be freed 0, Estimated memory to be freed: 0.00 MB, Estimated OldGen object count: 179901
[INFO] Average Region used: 98.29 %, Live percent of used: 100.00 %, Live percent of region size: 98.29 % 
[INFO] Number of keys in OldGen: 144613, Gap with estimated OldGen object: 35288 (137 MB) 
[INFO] Number of pre-LRU keys in OldGen: 60
[10.293s][info][gc,start       ] GC(202) Pause Young (Normal) (G1 Evacuation Pause)
[10.293s][info][gc,task        ] GC(202) Using 23 workers of 23 for evacuation
[10.300s][info][gc,phases      ] GC(202)   Pre Evacuate Collection Set: 0.3ms
[10.300s][info][gc,phases      ] GC(202)   Merge Heap Roots: 0.7ms
[10.300s][info][gc,phases      ] GC(202)   Evacuate Collection Set: 4.9ms
[10.300s][info][gc,phases      ] GC(202)   Post Evacuate Collection Set: 1.1ms
[10.300s][info][gc,phases      ] GC(202)   Other: 0.1ms
[10.300s][info][gc,heap        ] GC(202) Eden regions: 62->0(42)
[10.300s][info][gc,heap        ] GC(202) Survivor regions: 12->10(10)
[10.300s][info][gc,heap        ] GC(202) Old regions: 715->779
[10.300s][info][gc,heap        ] GC(202) Archive regions: 0->0
[10.300s][info][gc,heap        ] GC(202) Humongous regions: 2->2
[10.300s][info][gc,metaspace   ] GC(202) Metaspace: 8187K(8384K)->8187K(8384K) NonClass: 7455K(7552K)->7455K(7552K) Class: 731K(832K)->731K(832K)
[10.300s][info][gc             ] GC(202) Pause Young (Normal) (G1 Evacuation Pause) 778M->779M(1024M) 7.114ms
[10.300s][info][gc,cpu         ] GC(202) User=0.11s Sys=0.00s Real=0.01s
[INFO] Iteration: 31800000
[INFO] JVM Uptime: 10.30 seconds, OldGen Region Count: 779, OldGen Used Memory: 767.25 MB, OldGen Live Memory: 767.25 MB, Total count of old regions to be freed 0, Estimated memory to be freed: 0.00 MB, Estimated OldGen object count: 196415
[INFO] Average Region used: 98.49 %, Live percent of used: 100.00 %, Live percent of region size: 98.49 % 
[INFO] Number of keys in OldGen: 154480, Gap with estimated OldGen object: 41935 (163 MB) 
[INFO] Number of pre-LRU keys in OldGen: 359
[INFO] Iteration: 31900000
[INFO] JVM Uptime: 10.33 seconds, OldGen Region Count: 779, OldGen Used Memory: 767.25 MB, OldGen Live Memory: 767.25 MB, Total count of old regions to be freed 0, Estimated memory to be freed: 0.00 MB, Estimated OldGen object count: 196415
[INFO] Average Region used: 98.49 %, Live percent of used: 100.00 %, Live percent of region size: 98.49 % 
[INFO] Number of keys in OldGen: 149417, Gap with estimated OldGen object: 46998 (183 MB) 
[INFO] Number of pre-LRU keys in OldGen: 43
[10.350s][info][gc,start       ] GC(203) Pause Young (Concurrent Start) (G1 Evacuation Pause)
[10.350s][info][gc,task        ] GC(203) Using 23 workers of 23 for evacuation
[10.356s][info][gc,phases      ] GC(203)   Pre Evacuate Collection Set: 0.3ms
[10.356s][info][gc,phases      ] GC(203)   Merge Heap Roots: 0.6ms
[10.356s][info][gc,phases      ] GC(203)   Evacuate Collection Set: 4.7ms
[10.356s][info][gc,phases      ] GC(203)   Post Evacuate Collection Set: 0.8ms
[10.356s][info][gc,phases      ] GC(203)   Other: 0.2ms
[10.356s][info][gc,heap        ] GC(203) Eden regions: 42->0(44)
[10.356s][info][gc,heap        ] GC(203) Survivor regions: 10->7(7)
[10.356s][info][gc,heap        ] GC(203) Old regions: 779->828
[10.356s][info][gc,heap        ] GC(203) Archive regions: 0->0
[10.356s][info][gc,heap        ] GC(203) Humongous regions: 2->2
[10.356s][info][gc,metaspace   ] GC(203) Metaspace: 8187K(8384K)->8187K(8384K) NonClass: 7455K(7552K)->7455K(7552K) Class: 731K(832K)->731K(832K)
[10.357s][info][gc             ] GC(203) Pause Young (Concurrent Start) (G1 Evacuation Pause) 821M->825M(1024M) 6.695ms
[10.357s][info][gc,cpu         ] GC(203) User=0.11s Sys=0.00s Real=0.00s
[10.357s][info][gc             ] GC(204) Concurrent Mark Cycle
[10.357s][info][gc,marking     ] GC(204) Concurrent Clear Claimed Marks
[10.357s][info][gc,marking     ] GC(204) Concurrent Clear Claimed Marks 0.016ms
[10.357s][info][gc,marking     ] GC(204) Concurrent Scan Root Regions
[10.357s][info][gc,marking     ] GC(204) Concurrent Scan Root Regions 0.809ms
[10.357s][info][gc,marking     ] GC(204) Concurrent Mark
[10.357s][info][gc,marking     ] GC(204) Concurrent Mark From Roots
[10.357s][info][gc,task        ] GC(204) Using 6 workers of 6 for marking
[INFO] Iteration: 32000000
[10.364s][info][gc,marking     ] GC(204) Concurrent Mark From Roots 6.226ms
[10.364s][info][gc,marking     ] GC(204) Concurrent Preclean
[10.364s][info][gc,marking     ] GC(204) Concurrent Preclean 0.130ms
[10.364s][info][gc,start       ] GC(204) Pause Remark
[10.366s][info][gc             ] GC(204) Pause Remark 828M->828M(1024M) 2.204ms
[10.366s][info][gc,cpu         ] GC(204) User=0.01s Sys=0.00s Real=0.00s
[10.367s][info][gc,marking     ] GC(204) Concurrent Mark 9.055ms
[10.367s][info][gc,marking     ] GC(204) Concurrent Rebuild Remembered Sets
[INFO] JVM Uptime: 10.36 seconds, OldGen Region Count: 828, OldGen Used Memory: 816.25 MB, OldGen Live Memory: 816.25 MB, Total count of old regions to be freed 0, Estimated memory to be freed: 0.00 MB, Estimated OldGen object count: 208959
[INFO] Average Region used: 98.58 %, Live percent of used: 100.00 %, Live percent of region size: 98.58 % 
[INFO] Number of keys in OldGen: 154909, Gap with estimated OldGen object: 54050 (211 MB) 
[INFO] Number of pre-LRU keys in OldGen: 333
[10.379s][info][gc,marking     ] GC(204) Concurrent Rebuild Remembered Sets 12.731ms
[10.380s][info][gc,start       ] GC(204) Pause Cleanup
[10.380s][info][gc             ] GC(204) Pause Cleanup 830M->830M(1024M) 0.724ms
[10.380s][info][gc,cpu         ] GC(204) User=0.01s Sys=0.00s Real=0.00s
[10.380s][info][gc,marking     ] GC(204) Concurrent Cleanup for Next Mark
[10.381s][info][gc,marking     ] GC(204) Concurrent Cleanup for Next Mark 0.601ms
[10.381s][info][gc             ] GC(204) Concurrent Mark Cycle 24.572ms
[INFO] Iteration: 32100000
[INFO] JVM Uptime: 10.39 seconds, OldGen Region Count: 828, OldGen Used Memory: 816.25 MB, OldGen Live Memory: 626.66 MB, Total count of old regions to be freed 154, Estimated memory to be freed: 42.36 MB, Estimated OldGen object count: 208959
[INFO] Average Region used: 98.58 %, Live percent of used: 76.77 %, Live percent of region size: 75.68 % 
[INFO] Number of keys in OldGen: 149784, Gap with estimated OldGen object: 59175 (231 MB) 
[INFO] Number of pre-LRU keys in OldGen: 55
[10.414s][info][gc,start       ] GC(205) Pause Young (Prepare Mixed) (G1 Evacuation Pause)
[10.414s][info][gc,task        ] GC(205) Using 23 workers of 23 for evacuation
[10.421s][info][gc,phases      ] GC(205)   Pre Evacuate Collection Set: 0.4ms
[10.421s][info][gc,phases      ] GC(205)   Merge Heap Roots: 0.5ms
[10.421s][info][gc,phases      ] GC(205)   Evacuate Collection Set: 4.8ms
[10.421s][info][gc,phases      ] GC(205)   Post Evacuate Collection Set: 0.9ms
[10.421s][info][gc,phases      ] GC(205)   Other: 0.1ms
[10.421s][info][gc,heap        ] GC(205) Eden regions: 44->0(44)
[10.421s][info][gc,heap        ] GC(205) Survivor regions: 7->7(7)
[10.421s][info][gc,heap        ] GC(205) Old regions: 828->874
[10.421s][info][gc,heap        ] GC(205) Archive regions: 0->0
[10.421s][info][gc,heap        ] GC(205) Humongous regions: 2->2
[10.421s][info][gc,metaspace   ] GC(205) Metaspace: 8187K(8384K)->8187K(8384K) NonClass: 7455K(7552K)->7455K(7552K) Class: 731K(832K)->731K(832K)
[10.421s][info][gc             ] GC(205) Pause Young (Prepare Mixed) (G1 Evacuation Pause) 869M->871M(1024M) 6.745ms
[10.421s][info][gc,cpu         ] GC(205) User=0.11s Sys=0.00s Real=0.01s
[INFO] Iteration: 32200000
[INFO] JVM Uptime: 10.42 seconds, OldGen Region Count: 874, OldGen Used Memory: 862.25 MB, OldGen Live Memory: 672.66 MB, Total count of old regions to be freed 154, Estimated memory to be freed: 42.36 MB, Estimated OldGen object count: 220735
[INFO] Average Region used: 98.66 %, Live percent of used: 78.01 %, Live percent of region size: 76.96 % 
[INFO] Number of keys in OldGen: 155051, Gap with estimated OldGen object: 65684 (256 MB) 
[INFO] Number of pre-LRU keys in OldGen: 348
[INFO] Iteration: 32300000
[INFO] JVM Uptime: 10.45 seconds, OldGen Region Count: 874, OldGen Used Memory: 862.25 MB, OldGen Live Memory: 672.66 MB, Total count of old regions to be freed 154, Estimated memory to be freed: 42.36 MB, Estimated OldGen object count: 220735
[INFO] Average Region used: 98.66 %, Live percent of used: 78.01 %, Live percent of region size: 76.96 % 
[INFO] Number of keys in OldGen: 149987, Gap with estimated OldGen object: 70748 (276 MB) 
[INFO] Number of pre-LRU keys in OldGen: 57
[10.471s][info][gc,start       ] GC(206) Pause Young (Mixed) (G1 Evacuation Pause)
[10.471s][info][gc,task        ] GC(206) Using 23 workers of 23 for evacuation
[10.481s][info][gc             ] GC(206) To-space exhausted
[10.481s][info][gc,phases      ] GC(206)   Pre Evacuate Collection Set: 0.3ms
[10.481s][info][gc,phases      ] GC(206)   Merge Heap Roots: 0.8ms
[10.481s][info][gc,phases      ] GC(206)   Evacuate Collection Set: 7.3ms
[10.481s][info][gc,phases      ] GC(206)   Post Evacuate Collection Set: 1.7ms
[10.481s][info][gc,phases      ] GC(206)   Other: 0.1ms
[10.481s][info][gc,heap        ] GC(206) Eden regions: 44->0(44)
[10.481s][info][gc,heap        ] GC(206) Survivor regions: 7->7(7)
[10.481s][info][gc,heap        ] GC(206) Old regions: 874->1011
[10.481s][info][gc,heap        ] GC(206) Archive regions: 0->0
[10.481s][info][gc,heap        ] GC(206) Humongous regions: 2->2
[10.481s][info][gc,metaspace   ] GC(206) Metaspace: 8187K(8384K)->8187K(8384K) NonClass: 7455K(7552K)->7455K(7552K) Class: 731K(832K)->731K(832K)
[10.481s][info][gc             ] GC(206) Pause Young (Mixed) (G1 Evacuation Pause) 915M->1010M(1024M) 10.180ms
[10.481s][info][gc,cpu         ] GC(206) User=0.16s Sys=0.01s Real=0.01s
[10.483s][info][gc,start       ] GC(207) Pause Young (Mixed) (G1 Preventive Collection)
[10.483s][info][gc,task        ] GC(207) Using 23 workers of 23 for evacuation
[10.490s][info][gc             ] GC(207) To-space exhausted
[10.490s][info][gc,phases      ] GC(207)   Pre Evacuate Collection Set: 0.4ms
[10.490s][info][gc,phases      ] GC(207)   Merge Heap Roots: 0.7ms
[10.490s][info][gc,phases      ] GC(207)   Evacuate Collection Set: 4.2ms
[10.490s][info][gc,phases      ] GC(207)   Post Evacuate Collection Set: 2.0ms
[10.490s][info][gc,phases      ] GC(207)   Other: 0.1ms
[10.490s][info][gc,heap        ] GC(207) Eden regions: 1->0(50)
[10.490s][info][gc,heap        ] GC(207) Survivor regions: 7->1(3)
[10.490s][info][gc,heap        ] GC(207) Old regions: 1011->1020
[10.490s][info][gc,heap        ] GC(207) Archive regions: 0->0
[10.490s][info][gc,heap        ] GC(207) Humongous regions: 2->2
[10.490s][info][gc,metaspace   ] GC(207) Metaspace: 8187K(8384K)->8187K(8384K) NonClass: 7455K(7552K)->7455K(7552K) Class: 731K(832K)->731K(832K)
[10.490s][info][gc             ] GC(207) Pause Young (Mixed) (G1 Preventive Collection) 1011M->1013M(1024M) 7.496ms
[10.490s][info][gc,cpu         ] GC(207) User=0.10s Sys=0.01s Real=0.01s
[INFO] Iteration: 32400000
[INFO] JVM Uptime: 10.49 seconds, OldGen Region Count: 1020, OldGen Used Memory: 1010.99 MB, OldGen Live Memory: 703.85 MB, Total count of old regions to be freed 204, Estimated memory to be freed: 102.19 MB, Estimated OldGen object count: 258814
[INFO] Average Region used: 99.12 %, Live percent of used: 69.62 %, Live percent of region size: 69.01 % 
[INFO] Number of keys in OldGen: 156917, Gap with estimated OldGen object: 101897 (398 MB) 
[INFO] Number of pre-LRU keys in OldGen: 416
[10.508s][info][gc,start       ] GC(208) Pause Young (Mixed) (G1 Evacuation Pause)
[10.508s][info][gc,task        ] GC(208) Using 23 workers of 23 for evacuation
[10.514s][info][gc             ] GC(208) To-space exhausted
[10.514s][info][gc,phases      ] GC(208)   Pre Evacuate Collection Set: 0.6ms
[10.514s][info][gc,phases      ] GC(208)   Merge Heap Roots: 0.9ms
[10.514s][info][gc,phases      ] GC(208)   Evacuate Collection Set: 3.3ms
[10.514s][info][gc,phases      ] GC(208)   Post Evacuate Collection Set: 1.7ms
[10.514s][info][gc,phases      ] GC(208)   Other: 0.1ms
[10.514s][info][gc,heap        ] GC(208) Eden regions: 1->0(51)
[10.514s][info][gc,heap        ] GC(208) Survivor regions: 1->0(0)
[10.514s][info][gc,heap        ] GC(208) Old regions: 1020->1022
[10.514s][info][gc,heap        ] GC(208) Archive regions: 0->0
[10.514s][info][gc,heap        ] GC(208) Humongous regions: 2->2
[10.514s][info][gc,metaspace   ] GC(208) Metaspace: 8187K(8384K)->8187K(8384K) NonClass: 7455K(7552K)->7455K(7552K) Class: 731K(832K)->731K(832K)
[10.514s][info][gc             ] GC(208) Pause Young (Mixed) (G1 Evacuation Pause) 1014M->1014M(1024M) 6.561ms
[10.514s][info][gc,cpu         ] GC(208) User=0.08s Sys=0.00s Real=0.00s
[10.514s][info][gc,ergo        ] Attempting full compaction
[10.514s][info][gc,task        ] GC(209) Using 23 workers of 23 for full compaction
[10.514s][info][gc,start       ] GC(209) Pause Full (G1 Compaction Pause)
[10.514s][info][gc,phases,start] GC(209) Phase 1: Mark live objects
[10.520s][info][gc,phases      ] GC(209) Phase 1: Mark live objects 5.982ms
[10.520s][info][gc,phases,start] GC(209) Phase 2: Prepare for compaction
[10.522s][info][gc,phases      ] GC(209) Phase 2: Prepare for compaction 1.536ms
[10.522s][info][gc,phases,start] GC(209) Phase 3: Adjust pointers
[10.524s][info][gc,phases      ] GC(209) Phase 3: Adjust pointers 2.388ms
[10.524s][info][gc,phases,start] GC(209) Phase 4: Compact heap
[10.546s][info][gc,phases      ] GC(209) Phase 4: Compact heap 21.528ms
[10.547s][info][gc,heap        ] GC(209) Eden regions: 0->0(91)
[10.547s][info][gc,heap        ] GC(209) Survivor regions: 0->0(0)
[10.547s][info][gc,heap        ] GC(209) Old regions: 1022->641
[10.547s][info][gc,heap        ] GC(209) Archive regions: 0->0
[10.547s][info][gc,heap        ] GC(209) Humongous regions: 2->2
[10.547s][info][gc,metaspace   ] GC(209) Metaspace: 8187K(8384K)->8187K(8384K) NonClass: 7455K(7552K)->7455K(7552K) Class: 731K(832K)->731K(832K)
[10.547s][info][gc             ] GC(209) Pause Full (G1 Compaction Pause) 1014M->630M(1024M) 32.874ms
[10.547s][info][gc,cpu         ] GC(209) User=0.50s Sys=0.01s Real=0.04s
[INFO] Iteration: 32500000
[INFO] JVM Uptime: 10.56 seconds, OldGen Region Count: 641, OldGen Used Memory: 628.63 MB, OldGen Live Memory: 628.63 MB, Total count of old regions to be freed 0, Estimated memory to be freed: 0.00 MB, Estimated OldGen object count: 160929
[INFO] Average Region used: 98.07 %, Live percent of used: 100.00 %, Live percent of region size: 98.07 % 
[INFO] Number of keys in OldGen: 152295, Gap with estimated OldGen object: 8634 (33 MB) 
[INFO] Number of pre-LRU keys in OldGen: 61
[INFO] Iteration: 32600000
[INFO] JVM Uptime: 10.58 seconds, OldGen Region Count: 641, OldGen Used Memory: 628.63 MB, OldGen Live Memory: 628.63 MB, Total count of old regions to be freed 0, Estimated memory to be freed: 0.00 MB, Estimated OldGen object count: 160929
[INFO] Average Region used: 98.07 %, Live percent of used: 100.00 %, Live percent of region size: 98.07 % 
[INFO] Number of keys in OldGen: 147370, Gap with estimated OldGen object: 13559 (52 MB) 
[INFO] Number of pre-LRU keys in OldGen: 59
[INFO] Iteration: 32700000
[INFO] JVM Uptime: 10.60 seconds, OldGen Region Count: 641, OldGen Used Memory: 628.63 MB, OldGen Live Memory: 628.63 MB, Total count of old regions to be freed 0, Estimated memory to be freed: 0.00 MB, Estimated OldGen object count: 160929
[INFO] Average Region used: 98.07 %, Live percent of used: 100.00 %, Live percent of region size: 98.07 % 
[INFO] Number of keys in OldGen: 142386, Gap with estimated OldGen object: 18543 (72 MB) 
[INFO] Number of pre-LRU keys in OldGen: 50
[INFO] Iteration: 32800000
[INFO] JVM Uptime: 10.62 seconds, OldGen Region Count: 641, OldGen Used Memory: 628.63 MB, OldGen Live Memory: 628.63 MB, Total count of old regions to be freed 0, Estimated memory to be freed: 0.00 MB, Estimated OldGen object count: 160929
[INFO] Average Region used: 98.07 %, Live percent of used: 100.00 %, Live percent of region size: 98.07 % 
[INFO] Number of keys in OldGen: 137515, Gap with estimated OldGen object: 23414 (91 MB) 
[INFO] Number of pre-LRU keys in OldGen: 75
[10.638s][info][gc,start       ] GC(210) Pause Young (Normal) (G1 Evacuation Pause)
[10.638s][info][gc,task        ] GC(210) Using 23 workers of 23 for evacuation
[10.645s][info][gc,phases      ] GC(210)   Pre Evacuate Collection Set: 0.3ms
[10.645s][info][gc,phases      ] GC(210)   Merge Heap Roots: 0.6ms
[10.645s][info][gc,phases      ] GC(210)   Evacuate Collection Set: 5.4ms
[10.645s][info][gc,phases      ] GC(210)   Post Evacuate Collection Set: 1.0ms
[10.645s][info][gc,phases      ] GC(210)   Other: 0.1ms
[10.645s][info][gc,heap        ] GC(210) Eden regions: 91->0(61)
[10.645s][info][gc,heap        ] GC(210) Survivor regions: 0->12(12)
[10.645s][info][gc,heap        ] GC(210) Old regions: 641->717
[10.645s][info][gc,heap        ] GC(210) Archive regions: 0->0
[10.645s][info][gc,heap        ] GC(210) Humongous regions: 2->2
[10.645s][info][gc,metaspace   ] GC(210) Metaspace: 8187K(8384K)->8187K(8384K) NonClass: 7455K(7552K)->7455K(7552K) Class: 731K(832K)->731K(832K)
[10.645s][info][gc             ] GC(210) Pause Young (Normal) (G1 Evacuation Pause) 721M->717M(1024M) 7.487ms
[10.645s][info][gc,cpu         ] GC(210) User=0.10s Sys=0.02s Real=0.00s
[INFO] Iteration: 32900000
[INFO] JVM Uptime: 10.66 seconds, OldGen Region Count: 717, OldGen Used Memory: 703.72 MB, OldGen Live Memory: 703.72 MB, Total count of old regions to be freed 0, Estimated memory to be freed: 0.00 MB, Estimated OldGen object count: 180152
[INFO] Average Region used: 98.15 %, Live percent of used: 100.00 %, Live percent of region size: 98.15 % 
[INFO] Number of keys in OldGen: 150704, Gap with estimated OldGen object: 29448 (115 MB) 
[INFO] Number of pre-LRU keys in OldGen: 169
[INFO] Iteration: 33000000
[INFO] JVM Uptime: 10.68 seconds, OldGen Region Count: 717, OldGen Used Memory: 703.72 MB, OldGen Live Memory: 703.72 MB, Total count of old regions to be freed 0, Estimated memory to be freed: 0.00 MB, Estimated OldGen object count: 180152
[INFO] Average Region used: 98.15 %, Live percent of used: 100.00 %, Live percent of region size: 98.15 % 
[INFO] Number of keys in OldGen: 145839, Gap with estimated OldGen object: 34313 (134 MB) 
[INFO] Number of pre-LRU keys in OldGen: 51
[INFO] Iteration: 33100000
[INFO] JVM Uptime: 10.70 seconds, OldGen Region Count: 717, OldGen Used Memory: 703.72 MB, OldGen Live Memory: 703.72 MB, Total count of old regions to be freed 0, Estimated memory to be freed: 0.00 MB, Estimated OldGen object count: 180152
[INFO] Average Region used: 98.15 %, Live percent of used: 100.00 %, Live percent of region size: 98.15 % 
[INFO] Number of keys in OldGen: 140769, Gap with estimated OldGen object: 39383 (153 MB) 
[INFO] Number of pre-LRU keys in OldGen: 49
[10.712s][info][gc,start       ] GC(211) Pause Young (Normal) (G1 Evacuation Pause)
[10.712s][info][gc,task        ] GC(211) Using 23 workers of 23 for evacuation
[10.718s][info][gc,phases      ] GC(211)   Pre Evacuate Collection Set: 0.3ms
[10.719s][info][gc,phases      ] GC(211)   Merge Heap Roots: 0.7ms
[10.719s][info][gc,phases      ] GC(211)   Evacuate Collection Set: 4.8ms
[10.719s][info][gc,phases      ] GC(211)   Post Evacuate Collection Set: 0.9ms
[10.719s][info][gc,phases      ] GC(211)   Other: 0.1ms
[10.719s][info][gc,heap        ] GC(211) Eden regions: 61->0(41)
[10.719s][info][gc,heap        ] GC(211) Survivor regions: 12->10(10)
[10.719s][info][gc,heap        ] GC(211) Old regions: 717->780
[10.719s][info][gc,heap        ] GC(211) Archive regions: 0->0
[10.719s][info][gc,heap        ] GC(211) Humongous regions: 2->2
[10.719s][info][gc,metaspace   ] GC(211) Metaspace: 8187K(8384K)->8187K(8384K) NonClass: 7455K(7552K)->7455K(7552K) Class: 731K(832K)->731K(832K)
[10.719s][info][gc             ] GC(211) Pause Young (Normal) (G1 Evacuation Pause) 778M->779M(1024M) 6.837ms
[10.719s][info][gc,cpu         ] GC(211) User=0.11s Sys=0.01s Real=0.01s
[INFO] Iteration: 33200000
[INFO] JVM Uptime: 10.73 seconds, OldGen Region Count: 780, OldGen Used Memory: 767.59 MB, OldGen Live Memory: 767.59 MB, Total count of old regions to be freed 0, Estimated memory to be freed: 0.00 MB, Estimated OldGen object count: 196503
[INFO] Average Region used: 98.41 %, Live percent of used: 100.00 %, Live percent of region size: 98.41 % 
[INFO] Number of keys in OldGen: 150380, Gap with estimated OldGen object: 46123 (180 MB) 
[INFO] Number of pre-LRU keys in OldGen: 80
[INFO] Iteration: 33300000
[INFO] JVM Uptime: 10.75 seconds, OldGen Region Count: 780, OldGen Used Memory: 767.59 MB, OldGen Live Memory: 767.59 MB, Total count of old regions to be freed 0, Estimated memory to be freed: 0.00 MB, Estimated OldGen object count: 196503
[INFO] Average Region used: 98.41 %, Live percent of used: 100.00 %, Live percent of region size: 98.41 % 
[INFO] Number of keys in OldGen: 145353, Gap with estimated OldGen object: 51150 (199 MB) 
[INFO] Number of pre-LRU keys in OldGen: 63
[10.763s][info][gc,start       ] GC(212) Pause Young (Concurrent Start) (G1 Evacuation Pause)
[10.763s][info][gc,task        ] GC(212) Using 23 workers of 23 for evacuation
[10.770s][info][gc,phases      ] GC(212)   Pre Evacuate Collection Set: 0.4ms
[10.770s][info][gc,phases      ] GC(212)   Merge Heap Roots: 0.6ms
[10.770s][info][gc,phases      ] GC(212)   Evacuate Collection Set: 4.7ms
[10.770s][info][gc,phases      ] GC(212)   Post Evacuate Collection Set: 1.0ms
[10.770s][info][gc,phases      ] GC(212)   Other: 0.2ms
[10.770s][info][gc,heap        ] GC(212) Eden regions: 41->0(44)
[10.770s][info][gc,heap        ] GC(212) Survivor regions: 10->7(7)
[10.770s][info][gc,heap        ] GC(212) Old regions: 780->826
[10.770s][info][gc,heap        ] GC(212) Archive regions: 0->0
[10.770s][info][gc,heap        ] GC(212) Humongous regions: 2->2
[10.770s][info][gc,metaspace   ] GC(212) Metaspace: 8187K(8384K)->8187K(8384K) NonClass: 7455K(7552K)->7455K(7552K) Class: 731K(832K)->731K(832K)
[10.770s][info][gc             ] GC(212) Pause Young (Concurrent Start) (G1 Evacuation Pause) 820M->822M(1024M) 6.949ms
[10.770s][info][gc,cpu         ] GC(212) User=0.11s Sys=0.00s Real=0.01s
[10.770s][info][gc             ] GC(213) Concurrent Mark Cycle
[10.770s][info][gc,marking     ] GC(213) Concurrent Clear Claimed Marks
[10.770s][info][gc,marking     ] GC(213) Concurrent Clear Claimed Marks 0.015ms
[10.770s][info][gc,marking     ] GC(213) Concurrent Scan Root Regions
[10.771s][info][gc,marking     ] GC(213) Concurrent Scan Root Regions 0.869ms
[10.771s][info][gc,marking     ] GC(213) Concurrent Mark
[10.771s][info][gc,marking     ] GC(213) Concurrent Mark From Roots
[10.771s][info][gc,task        ] GC(213) Using 6 workers of 6 for marking
[10.778s][info][gc,marking     ] GC(213) Concurrent Mark From Roots 6.553ms
[10.778s][info][gc,marking     ] GC(213) Concurrent Preclean
[10.778s][info][gc,marking     ] GC(213) Concurrent Preclean 0.131ms
[10.778s][info][gc,start       ] GC(213) Pause Remark
[10.781s][info][gc             ] GC(213) Pause Remark 829M->829M(1024M) 2.265ms
[10.781s][info][gc,cpu         ] GC(213) User=0.00s Sys=0.01s Real=0.00s
[10.781s][info][gc,marking     ] GC(213) Concurrent Mark 9.495ms
[10.781s][info][gc,marking     ] GC(213) Concurrent Rebuild Remembered Sets
[INFO] Iteration: 33400000
[10.793s][info][gc,marking     ] GC(213) Concurrent Rebuild Remembered Sets 12.575ms
[10.794s][info][gc,start       ] GC(213) Pause Cleanup
[10.794s][info][gc             ] GC(213) Pause Cleanup 844M->844M(1024M) 0.543ms
[10.794s][info][gc,cpu         ] GC(213) User=0.00s Sys=0.00s Real=0.00s
[10.794s][info][gc,marking     ] GC(213) Concurrent Cleanup for Next Mark
[10.795s][info][gc,marking     ] GC(213) Concurrent Cleanup for Next Mark 0.568ms
[10.795s][info][gc             ] GC(213) Concurrent Mark Cycle 24.468ms
[INFO] JVM Uptime: 10.79 seconds, OldGen Region Count: 826, OldGen Used Memory: 813.63 MB, OldGen Live Memory: 624.60 MB, Total count of old regions to be freed 168, Estimated memory to be freed: 45.57 MB, Estimated OldGen object count: 208289
[INFO] Average Region used: 98.50 %, Live percent of used: 76.77 %, Live percent of region size: 75.62 % 
[INFO] Number of keys in OldGen: 150520, Gap with estimated OldGen object: 57769 (225 MB) 
[INFO] Number of pre-LRU keys in OldGen: 56
[INFO] Iteration: 33500000
[INFO] JVM Uptime: 10.82 seconds, OldGen Region Count: 826, OldGen Used Memory: 813.63 MB, OldGen Live Memory: 624.60 MB, Total count of old regions to be freed 168, Estimated memory to be freed: 45.57 MB, Estimated OldGen object count: 208289
[INFO] Average Region used: 98.50 %, Live percent of used: 76.77 %, Live percent of region size: 75.62 % 
[INFO] Number of keys in OldGen: 145552, Gap with estimated OldGen object: 62737 (245 MB) 
[INFO] Number of pre-LRU keys in OldGen: 57
[10.832s][info][gc,start       ] GC(214) Pause Young (Prepare Mixed) (G1 Evacuation Pause)
[10.832s][info][gc,task        ] GC(214) Using 23 workers of 23 for evacuation
[10.839s][info][gc,phases      ] GC(214)   Pre Evacuate Collection Set: 0.3ms
[10.839s][info][gc,phases      ] GC(214)   Merge Heap Roots: 0.5ms
[10.839s][info][gc,phases      ] GC(214)   Evacuate Collection Set: 4.6ms
[10.839s][info][gc,phases      ] GC(214)   Post Evacuate Collection Set: 1.8ms
[10.839s][info][gc,phases      ] GC(214)   Other: 0.1ms
[10.839s][info][gc,heap        ] GC(214) Eden regions: 44->0(44)
[10.839s][info][gc,heap        ] GC(214) Survivor regions: 7->7(7)
[10.839s][info][gc,heap        ] GC(214) Old regions: 826->871
[10.839s][info][gc,heap        ] GC(214) Archive regions: 0->0
[10.839s][info][gc,heap        ] GC(214) Humongous regions: 2->2
[10.839s][info][gc,metaspace   ] GC(214) Metaspace: 8187K(8384K)->8187K(8384K) NonClass: 7455K(7552K)->7455K(7552K) Class: 731K(832K)->731K(832K)
[10.839s][info][gc             ] GC(214) Pause Young (Prepare Mixed) (G1 Evacuation Pause) 866M->867M(1024M) 7.223ms
[10.839s][info][gc,cpu         ] GC(214) User=0.11s Sys=0.00s Real=0.01s
[INFO] Iteration: 33600000
[INFO] JVM Uptime: 10.85 seconds, OldGen Region Count: 871, OldGen Used Memory: 858.41 MB, OldGen Live Memory: 669.38 MB, Total count of old regions to be freed 168, Estimated memory to be freed: 45.57 MB, Estimated OldGen object count: 219753
[INFO] Average Region used: 98.55 %, Live percent of used: 77.98 %, Live percent of region size: 76.85 % 
[INFO] Number of keys in OldGen: 150836, Gap with estimated OldGen object: 68917 (269 MB) 
[INFO] Number of pre-LRU keys in OldGen: 64
[INFO] Iteration: 33700000
[INFO] JVM Uptime: 10.87 seconds, OldGen Region Count: 871, OldGen Used Memory: 858.41 MB, OldGen Live Memory: 669.38 MB, Total count of old regions to be freed 168, Estimated memory to be freed: 45.57 MB, Estimated OldGen object count: 219753
[INFO] Average Region used: 98.55 %, Live percent of used: 77.98 %, Live percent of region size: 76.85 % 
[INFO] Number of keys in OldGen: 145820, Gap with estimated OldGen object: 73933 (288 MB) 
[INFO] Number of pre-LRU keys in OldGen: 50
[10.886s][info][gc,start       ] GC(215) Pause Young (Mixed) (G1 Evacuation Pause)
[10.886s][info][gc,task        ] GC(215) Using 23 workers of 23 for evacuation
[10.896s][info][gc             ] GC(215) To-space exhausted
[10.896s][info][gc,phases      ] GC(215)   Pre Evacuate Collection Set: 0.3ms
[10.896s][info][gc,phases      ] GC(215)   Merge Heap Roots: 0.8ms
[10.896s][info][gc,phases      ] GC(215)   Evacuate Collection Set: 6.6ms
[10.896s][info][gc,phases      ] GC(215)   Post Evacuate Collection Set: 2.1ms
[10.896s][info][gc,phases      ] GC(215)   Other: 0.1ms
[10.896s][info][gc,heap        ] GC(215) Eden regions: 44->0(44)
[10.896s][info][gc,heap        ] GC(215) Survivor regions: 7->7(7)
[10.896s][info][gc,heap        ] GC(215) Old regions: 871->987
[10.896s][info][gc,heap        ] GC(215) Archive regions: 0->0
[10.896s][info][gc,heap        ] GC(215) Humongous regions: 2->2
[10.896s][info][gc,metaspace   ] GC(215) Metaspace: 8187K(8384K)->8187K(8384K) NonClass: 7455K(7552K)->7455K(7552K) Class: 731K(832K)->731K(832K)
[10.896s][info][gc             ] GC(215) Pause Young (Mixed) (G1 Evacuation Pause) 911M->988M(1024M) 9.904ms
[10.896s][info][gc,cpu         ] GC(215) User=0.17s Sys=0.00s Real=0.01s
[10.897s][info][gc,start       ] GC(216) Pause Young (Mixed) (G1 Preventive Collection)
[10.897s][info][gc,task        ] GC(216) Using 23 workers of 23 for evacuation
[10.904s][info][gc             ] GC(216) To-space exhausted
[10.904s][info][gc,phases      ] GC(216)   Pre Evacuate Collection Set: 0.2ms
[10.904s][info][gc,phases      ] GC(216)   Merge Heap Roots: 0.7ms
[10.904s][info][gc,phases      ] GC(216)   Evacuate Collection Set: 4.5ms
[10.904s][info][gc,phases      ] GC(216)   Post Evacuate Collection Set: 1.7ms
[10.904s][info][gc,phases      ] GC(216)   Other: 0.1ms
[10.904s][info][gc,heap        ] GC(216) Eden regions: 1->0(50)
[10.904s][info][gc,heap        ] GC(216) Survivor regions: 7->1(7)
[10.904s][info][gc,heap        ] GC(216) Old regions: 987->1020
[10.904s][info][gc,heap        ] GC(216) Archive regions: 0->0
[10.904s][info][gc,heap        ] GC(216) Humongous regions: 2->2
[10.904s][info][gc,metaspace   ] GC(216) Metaspace: 8187K(8384K)->8187K(8384K) NonClass: 7455K(7552K)->7455K(7552K) Class: 731K(832K)->731K(832K)
[10.904s][info][gc             ] GC(216) Pause Young (Mixed) (G1 Preventive Collection) 989M->1015M(1024M) 7.258ms
[10.904s][info][gc,cpu         ] GC(216) User=0.10s Sys=0.01s Real=0.00s
[10.905s][info][gc,start       ] GC(217) Pause Young (Mixed) (G1 Evacuation Pause)
[10.905s][info][gc,task        ] GC(217) Using 23 workers of 23 for evacuation
[10.911s][info][gc             ] GC(217) To-space exhausted
[10.911s][info][gc,phases      ] GC(217)   Pre Evacuate Collection Set: 0.3ms
[10.911s][info][gc,phases      ] GC(217)   Merge Heap Roots: 0.7ms
[10.911s][info][gc,phases      ] GC(217)   Evacuate Collection Set: 3.0ms
[10.911s][info][gc,phases      ] GC(217)   Post Evacuate Collection Set: 1.9ms
[10.911s][info][gc,phases      ] GC(217)   Other: 0.1ms
[10.911s][info][gc,heap        ] GC(217) Eden regions: 1->0(51)
[10.911s][info][gc,heap        ] GC(217) Survivor regions: 1->0(0)
[10.911s][info][gc,heap        ] GC(217) Old regions: 1020->1022
[10.911s][info][gc,heap        ] GC(217) Archive regions: 0->0
[10.911s][info][gc,heap        ] GC(217) Humongous regions: 2->2
[10.911s][info][gc,metaspace   ] GC(217) Metaspace: 8187K(8384K)->8187K(8384K) NonClass: 7455K(7552K)->7455K(7552K) Class: 731K(832K)->731K(832K)
[10.911s][info][gc             ] GC(217) Pause Young (Mixed) (G1 Evacuation Pause) 1016M->1016M(1024M) 6.103ms
[10.911s][info][gc,cpu         ] GC(217) User=0.07s Sys=0.01s Real=0.01s
[10.911s][info][gc,ergo        ] Attempting full compaction
[10.911s][info][gc,task        ] GC(218) Using 23 workers of 23 for full compaction
[10.912s][info][gc,start       ] GC(218) Pause Full (G1 Compaction Pause)
[10.912s][info][gc,phases,start] GC(218) Phase 1: Mark live objects
[10.917s][info][gc,phases      ] GC(218) Phase 1: Mark live objects 5.225ms
[10.917s][info][gc,phases,start] GC(218) Phase 2: Prepare for compaction
[10.918s][info][gc,phases      ] GC(218) Phase 2: Prepare for compaction 1.636ms
[10.918s][info][gc,phases,start] GC(218) Phase 3: Adjust pointers
[10.921s][info][gc,phases      ] GC(218) Phase 3: Adjust pointers 2.792ms
[10.921s][info][gc,phases,start] GC(218) Phase 4: Compact heap
[10.941s][info][gc,phases      ] GC(218) Phase 4: Compact heap 19.810ms
[10.942s][info][gc,heap        ] GC(218) Eden regions: 0->0(90)
[10.942s][info][gc,heap        ] GC(218) Survivor regions: 0->0(0)
[10.942s][info][gc,heap        ] GC(218) Old regions: 1022->642
[10.942s][info][gc,heap        ] GC(218) Archive regions: 0->0
[10.942s][info][gc,heap        ] GC(218) Humongous regions: 2->2
[10.942s][info][gc,metaspace   ] GC(218) Metaspace: 8187K(8384K)->8187K(8384K) NonClass: 7455K(7552K)->7455K(7552K) Class: 731K(832K)->731K(832K)
[10.942s][info][gc             ] GC(218) Pause Full (G1 Compaction Pause) 1016M->630M(1024M) 30.444ms
[10.942s][info][gc,cpu         ] GC(218) User=0.49s Sys=0.00s Real=0.03s
[INFO] Iteration: 33800000
[INFO] JVM Uptime: 10.95 seconds, OldGen Region Count: 642, OldGen Used Memory: 628.57 MB, OldGen Live Memory: 628.57 MB, Total count of old regions to be freed 0, Estimated memory to be freed: 0.00 MB, Estimated OldGen object count: 160912
[INFO] Average Region used: 97.91 %, Live percent of used: 100.00 %, Live percent of region size: 97.91 % 
[INFO] Number of keys in OldGen: 153206, Gap with estimated OldGen object: 7706 (30 MB) 
[INFO] Number of pre-LRU keys in OldGen: 123
[INFO] Iteration: 33900000
[INFO] JVM Uptime: 10.98 seconds, OldGen Region Count: 642, OldGen Used Memory: 628.57 MB, OldGen Live Memory: 628.57 MB, Total count of old regions to be freed 0, Estimated memory to be freed: 0.00 MB, Estimated OldGen object count: 160912
[INFO] Average Region used: 97.91 %, Live percent of used: 100.00 %, Live percent of region size: 97.91 % 
[INFO] Number of keys in OldGen: 148184, Gap with estimated OldGen object: 12728 (49 MB) 
[INFO] Number of pre-LRU keys in OldGen: 48
[INFO] Iteration: 34000000
[INFO] JVM Uptime: 11.00 seconds, OldGen Region Count: 642, OldGen Used Memory: 628.57 MB, OldGen Live Memory: 628.57 MB, Total count of old regions to be freed 0, Estimated memory to be freed: 0.00 MB, Estimated OldGen object count: 160912
[INFO] Average Region used: 97.91 %, Live percent of used: 100.00 %, Live percent of region size: 97.91 % 
[INFO] Number of keys in OldGen: 143177, Gap with estimated OldGen object: 17735 (69 MB) 
[INFO] Number of pre-LRU keys in OldGen: 58
[INFO] Iteration: 34100000
[INFO] JVM Uptime: 11.02 seconds, OldGen Region Count: 642, OldGen Used Memory: 628.57 MB, OldGen Live Memory: 628.57 MB, Total count of old regions to be freed 0, Estimated memory to be freed: 0.00 MB, Estimated OldGen object count: 160912
[INFO] Average Region used: 97.91 %, Live percent of used: 100.00 %, Live percent of region size: 97.91 % 
[INFO] Number of keys in OldGen: 138246, Gap with estimated OldGen object: 22666 (88 MB) 
[INFO] Number of pre-LRU keys in OldGen: 64
[11.031s][info][gc,start       ] GC(219) Pause Young (Normal) (G1 Evacuation Pause)
[11.031s][info][gc,task        ] GC(219) Using 23 workers of 23 for evacuation
[11.037s][info][gc,phases      ] GC(219)   Pre Evacuate Collection Set: 0.1ms
[11.037s][info][gc,phases      ] GC(219)   Merge Heap Roots: 0.4ms
[11.037s][info][gc,phases      ] GC(219)   Evacuate Collection Set: 5.2ms
[11.037s][info][gc,phases      ] GC(219)   Post Evacuate Collection Set: 0.3ms
[11.037s][info][gc,phases      ] GC(219)   Other: 0.1ms
[11.037s][info][gc,heap        ] GC(219) Eden regions: 90->0(62)
[11.037s][info][gc,heap        ] GC(219) Survivor regions: 0->12(12)
[11.037s][info][gc,heap        ] GC(219) Old regions: 642->716
[11.037s][info][gc,heap        ] GC(219) Archive regions: 0->0
[11.037s][info][gc,heap        ] GC(219) Humongous regions: 2->2
[11.037s][info][gc,metaspace   ] GC(219) Metaspace: 8187K(8384K)->8187K(8384K) NonClass: 7455K(7552K)->7455K(7552K) Class: 731K(832K)->731K(832K)
[11.037s][info][gc             ] GC(219) Pause Young (Normal) (G1 Evacuation Pause) 720M->716M(1024M) 6.187ms
[11.037s][info][gc,cpu         ] GC(219) User=0.11s Sys=0.01s Real=0.01s
[INFO] Iteration: 34200000
[INFO] JVM Uptime: 11.05 seconds, OldGen Region Count: 716, OldGen Used Memory: 702.33 MB, OldGen Live Memory: 702.33 MB, Total count of old regions to be freed 0, Estimated memory to be freed: 0.00 MB, Estimated OldGen object count: 179797
[INFO] Average Region used: 98.09 %, Live percent of used: 100.00 %, Live percent of region size: 98.09 % 
[INFO] Number of keys in OldGen: 151148, Gap with estimated OldGen object: 28649 (111 MB) 
[INFO] Number of pre-LRU keys in OldGen: 166
[INFO] Iteration: 34300000
[INFO] JVM Uptime: 11.07 seconds, OldGen Region Count: 716, OldGen Used Memory: 702.33 MB, OldGen Live Memory: 702.33 MB, Total count of old regions to be freed 0, Estimated memory to be freed: 0.00 MB, Estimated OldGen object count: 179797
[INFO] Average Region used: 98.09 %, Live percent of used: 100.00 %, Live percent of region size: 98.09 % 
[INFO] Number of keys in OldGen: 146145, Gap with estimated OldGen object: 33652 (131 MB) 
[INFO] Number of pre-LRU keys in OldGen: 63
[INFO] Iteration: 34400000
[INFO] JVM Uptime: 11.09 seconds, OldGen Region Count: 716, OldGen Used Memory: 702.33 MB, OldGen Live Memory: 702.33 MB, Total count of old regions to be freed 0, Estimated memory to be freed: 0.00 MB, Estimated OldGen object count: 179797
[INFO] Average Region used: 98.09 %, Live percent of used: 100.00 %, Live percent of region size: 98.09 % 
[INFO] Number of keys in OldGen: 141280, Gap with estimated OldGen object: 38517 (150 MB) 
[INFO] Number of pre-LRU keys in OldGen: 47
[11.103s][info][gc,start       ] GC(220) Pause Young (Normal) (G1 Evacuation Pause)
[11.103s][info][gc,task        ] GC(220) Using 23 workers of 23 for evacuation
[11.109s][info][gc,phases      ] GC(220)   Pre Evacuate Collection Set: 0.1ms
[11.109s][info][gc,phases      ] GC(220)   Merge Heap Roots: 0.4ms
[11.109s][info][gc,phases      ] GC(220)   Evacuate Collection Set: 4.9ms
[11.109s][info][gc,phases      ] GC(220)   Post Evacuate Collection Set: 0.5ms
[11.109s][info][gc,phases      ] GC(220)   Other: 0.1ms
[11.109s][info][gc,heap        ] GC(220) Eden regions: 62->0(41)
[11.109s][info][gc,heap        ] GC(220) Survivor regions: 12->10(10)
[11.109s][info][gc,heap        ] GC(220) Old regions: 716->780
[11.109s][info][gc,heap        ] GC(220) Archive regions: 0->0
[11.109s][info][gc,heap        ] GC(220) Humongous regions: 2->2
[11.109s][info][gc,metaspace   ] GC(220) Metaspace: 8187K(8384K)->8187K(8384K) NonClass: 7455K(7552K)->7455K(7552K) Class: 731K(832K)->731K(832K)
[11.109s][info][gc             ] GC(220) Pause Young (Normal) (G1 Evacuation Pause) 778M->778M(1024M) 6.028ms
[11.109s][info][gc,cpu         ] GC(220) User=0.11s Sys=0.00s Real=0.01s
[INFO] Iteration: 34500000
[INFO] JVM Uptime: 11.12 seconds, OldGen Region Count: 780, OldGen Used Memory: 766.05 MB, OldGen Live Memory: 766.05 MB, Total count of old regions to be freed 0, Estimated memory to be freed: 0.00 MB, Estimated OldGen object count: 196109
[INFO] Average Region used: 98.21 %, Live percent of used: 100.00 %, Live percent of region size: 98.21 % 
[INFO] Number of keys in OldGen: 151097, Gap with estimated OldGen object: 45012 (175 MB) 
[INFO] Number of pre-LRU keys in OldGen: 116
[INFO] Iteration: 34600000
[INFO] JVM Uptime: 11.14 seconds, OldGen Region Count: 780, OldGen Used Memory: 766.05 MB, OldGen Live Memory: 766.05 MB, Total count of old regions to be freed 0, Estimated memory to be freed: 0.00 MB, Estimated OldGen object count: 196109
[INFO] Average Region used: 98.21 %, Live percent of used: 100.00 %, Live percent of region size: 98.21 % 
[INFO] Number of keys in OldGen: 146152, Gap with estimated OldGen object: 49957 (195 MB) 
[INFO] Number of pre-LRU keys in OldGen: 47
[11.154s][info][gc,start       ] GC(221) Pause Young (Concurrent Start) (G1 Evacuation Pause)
[11.154s][info][gc,task        ] GC(221) Using 23 workers of 23 for evacuation
[11.160s][info][gc,phases      ] GC(221)   Pre Evacuate Collection Set: 0.1ms
[11.160s][info][gc,phases      ] GC(221)   Merge Heap Roots: 0.5ms
[11.160s][info][gc,phases      ] GC(221)   Evacuate Collection Set: 4.6ms
[11.160s][info][gc,phases      ] GC(221)   Post Evacuate Collection Set: 0.4ms
[11.160s][info][gc,phases      ] GC(221)   Other: 0.1ms
[11.160s][info][gc,heap        ] GC(221) Eden regions: 41->0(44)
[11.160s][info][gc,heap        ] GC(221) Survivor regions: 10->7(7)
[11.160s][info][gc,heap        ] GC(221) Old regions: 780->826
[11.160s][info][gc,heap        ] GC(221) Archive regions: 0->0
[11.160s][info][gc,heap        ] GC(221) Humongous regions: 2->2
[11.160s][info][gc,metaspace   ] GC(221) Metaspace: 8187K(8384K)->8187K(8384K) NonClass: 7455K(7552K)->7455K(7552K) Class: 731K(832K)->731K(832K)
[11.160s][info][gc             ] GC(221) Pause Young (Concurrent Start) (G1 Evacuation Pause) 819M->821M(1024M) 5.755ms
[11.160s][info][gc,cpu         ] GC(221) User=0.10s Sys=0.00s Real=0.01s
[11.160s][info][gc             ] GC(222) Concurrent Mark Cycle
[11.160s][info][gc,marking     ] GC(222) Concurrent Clear Claimed Marks
[11.160s][info][gc,marking     ] GC(222) Concurrent Clear Claimed Marks 0.012ms
[11.160s][info][gc,marking     ] GC(222) Concurrent Scan Root Regions
[11.161s][info][gc,marking     ] GC(222) Concurrent Scan Root Regions 0.811ms
[11.161s][info][gc,marking     ] GC(222) Concurrent Mark
[11.161s][info][gc,marking     ] GC(222) Concurrent Mark From Roots
[11.161s][info][gc,task        ] GC(222) Using 6 workers of 6 for marking
[11.167s][info][gc,marking     ] GC(222) Concurrent Mark From Roots 6.462ms
[11.167s][info][gc,marking     ] GC(222) Concurrent Preclean
[11.168s][info][gc,marking     ] GC(222) Concurrent Preclean 0.154ms
[11.168s][info][gc,start       ] GC(222) Pause Remark
[11.170s][info][gc             ] GC(222) Pause Remark 828M->828M(1024M) 2.070ms
[11.170s][info][gc,cpu         ] GC(222) User=0.01s Sys=0.00s Real=0.00s
[11.170s][info][gc,marking     ] GC(222) Concurrent Mark 8.873ms
[11.170s][info][gc,marking     ] GC(222) Concurrent Rebuild Remembered Sets
[INFO] Iteration: 34700000
[11.182s][info][gc,marking     ] GC(222) Concurrent Rebuild Remembered Sets 11.753ms
[11.182s][info][gc,start       ] GC(222) Pause Cleanup
[11.182s][info][gc             ] GC(222) Pause Cleanup 839M->839M(1024M) 0.359ms
[11.182s][info][gc,cpu         ] GC(222) User=0.00s Sys=0.00s Real=0.00s
[11.182s][info][gc,marking     ] GC(222) Concurrent Cleanup for Next Mark
[11.182s][info][gc,marking     ] GC(222) Concurrent Cleanup for Next Mark 0.342ms
[11.182s][info][gc             ] GC(222) Concurrent Mark Cycle 22.359ms
[INFO] JVM Uptime: 11.18 seconds, OldGen Region Count: 826, OldGen Used Memory: 812.07 MB, OldGen Live Memory: 624.62 MB, Total count of old regions to be freed 180, Estimated memory to be freed: 48.69 MB, Estimated OldGen object count: 207888
[INFO] Average Region used: 98.31 %, Live percent of used: 76.92 %, Live percent of region size: 75.62 % 
[INFO] Number of keys in OldGen: 151448, Gap with estimated OldGen object: 56440 (220 MB) 
[INFO] Number of pre-LRU keys in OldGen: 84
[INFO] Iteration: 34800000
[INFO] JVM Uptime: 11.21 seconds, OldGen Region Count: 826, OldGen Used Memory: 812.07 MB, OldGen Live Memory: 624.62 MB, Total count of old regions to be freed 180, Estimated memory to be freed: 48.69 MB, Estimated OldGen object count: 207888
[INFO] Average Region used: 98.31 %, Live percent of used: 76.92 %, Live percent of region size: 75.62 % 
[INFO] Number of keys in OldGen: 146495, Gap with estimated OldGen object: 61393 (239 MB) 
[INFO] Number of pre-LRU keys in OldGen: 58
[11.222s][info][gc,start       ] GC(223) Pause Young (Prepare Mixed) (G1 Evacuation Pause)
[11.222s][info][gc,task        ] GC(223) Using 23 workers of 23 for evacuation
[11.228s][info][gc,phases      ] GC(223)   Pre Evacuate Collection Set: 0.1ms
[11.228s][info][gc,phases      ] GC(223)   Merge Heap Roots: 0.4ms
[11.228s][info][gc,phases      ] GC(223)   Evacuate Collection Set: 4.7ms
[11.228s][info][gc,phases      ] GC(223)   Post Evacuate Collection Set: 0.7ms
[11.228s][info][gc,phases      ] GC(223)   Other: 0.1ms
[11.228s][info][gc,heap        ] GC(223) Eden regions: 44->0(44)
[11.228s][info][gc,heap        ] GC(223) Survivor regions: 7->7(7)
[11.228s][info][gc,heap        ] GC(223) Old regions: 826->871
[11.228s][info][gc,heap        ] GC(223) Archive regions: 0->0
[11.228s][info][gc,heap        ] GC(223) Humongous regions: 2->2
[11.228s][info][gc,metaspace   ] GC(223) Metaspace: 8187K(8384K)->8187K(8384K) NonClass: 7455K(7552K)->7455K(7552K) Class: 731K(832K)->731K(832K)
[11.228s][info][gc             ] GC(223) Pause Young (Prepare Mixed) (G1 Evacuation Pause) 865M->866M(1024M) 5.966ms
[11.228s][info][gc,cpu         ] GC(223) User=0.10s Sys=0.00s Real=0.01s
[INFO] Iteration: 34900000
[INFO] JVM Uptime: 11.24 seconds, OldGen Region Count: 871, OldGen Used Memory: 857.57 MB, OldGen Live Memory: 670.12 MB, Total count of old regions to be freed 180, Estimated memory to be freed: 48.69 MB, Estimated OldGen object count: 219536
[INFO] Average Region used: 98.46 %, Live percent of used: 78.14 %, Live percent of region size: 76.94 % 
[INFO] Number of keys in OldGen: 151602, Gap with estimated OldGen object: 67934 (265 MB) 
[INFO] Number of pre-LRU keys in OldGen: 112
[INFO] Iteration: 35000000
[INFO] JVM Uptime: 11.26 seconds, OldGen Region Count: 871, OldGen Used Memory: 857.57 MB, OldGen Live Memory: 670.12 MB, Total count of old regions to be freed 180, Estimated memory to be freed: 48.69 MB, Estimated OldGen object count: 219536
[INFO] Average Region used: 98.46 %, Live percent of used: 78.14 %, Live percent of region size: 76.94 % 
[INFO] Number of keys in OldGen: 146447, Gap with estimated OldGen object: 73089 (285 MB) 
[INFO] Number of pre-LRU keys in OldGen: 45
[11.277s][info][gc,start       ] GC(224) Pause Young (Mixed) (G1 Evacuation Pause)
[11.277s][info][gc,task        ] GC(224) Using 23 workers of 23 for evacuation
[11.285s][info][gc             ] GC(224) To-space exhausted
[11.285s][info][gc,phases      ] GC(224)   Pre Evacuate Collection Set: 0.1ms
[11.285s][info][gc,phases      ] GC(224)   Merge Heap Roots: 0.6ms
[11.285s][info][gc,phases      ] GC(224)   Evacuate Collection Set: 6.7ms
[11.285s][info][gc,phases      ] GC(224)   Post Evacuate Collection Set: 1.3ms
[11.285s][info][gc,phases      ] GC(224)   Other: 0.1ms
[11.285s][info][gc,heap        ] GC(224) Eden regions: 44->0(44)
[11.285s][info][gc,heap        ] GC(224) Survivor regions: 7->7(7)
[11.285s][info][gc,heap        ] GC(224) Old regions: 871->995
[11.285s][info][gc,heap        ] GC(224) Archive regions: 0->0
[11.285s][info][gc,heap        ] GC(224) Humongous regions: 2->2
[11.286s][info][gc,metaspace   ] GC(224) Metaspace: 8187K(8384K)->8187K(8384K) NonClass: 7455K(7552K)->7455K(7552K) Class: 731K(832K)->731K(832K)
[11.286s][info][gc             ] GC(224) Pause Young (Mixed) (G1 Evacuation Pause) 910M->998M(1024M) 8.684ms
[11.286s][info][gc,cpu         ] GC(224) User=0.16s Sys=0.00s Real=0.00s
[11.287s][info][gc,start       ] GC(225) Pause Young (Mixed) (G1 Preventive Collection)
[11.287s][info][gc,task        ] GC(225) Using 23 workers of 23 for evacuation
[11.293s][info][gc             ] GC(225) To-space exhausted
[11.293s][info][gc,phases      ] GC(225)   Pre Evacuate Collection Set: 0.1ms
[11.293s][info][gc,phases      ] GC(225)   Merge Heap Roots: 0.5ms
[11.293s][info][gc,phases      ] GC(225)   Evacuate Collection Set: 4.1ms
[11.293s][info][gc,phases      ] GC(225)   Post Evacuate Collection Set: 1.4ms
[11.293s][info][gc,phases      ] GC(225)   Other: 0.1ms
[11.293s][info][gc,heap        ] GC(225) Eden regions: 1->0(50)
[11.293s][info][gc,heap        ] GC(225) Survivor regions: 7->1(7)
[11.293s][info][gc,heap        ] GC(225) Old regions: 995->1020
[11.293s][info][gc,heap        ] GC(225) Archive regions: 0->0
[11.293s][info][gc,heap        ] GC(225) Humongous regions: 2->2
[11.293s][info][gc,metaspace   ] GC(225) Metaspace: 8187K(8384K)->8187K(8384K) NonClass: 7455K(7552K)->7455K(7552K) Class: 731K(832K)->731K(832K)
[11.293s][info][gc             ] GC(225) Pause Young (Mixed) (G1 Preventive Collection) 999M->1017M(1024M) 6.133ms
[11.293s][info][gc,cpu         ] GC(225) User=0.10s Sys=0.00s Real=0.00s
[11.294s][info][gc,start       ] GC(226) Pause Young (Mixed) (G1 Evacuation Pause)
[11.294s][info][gc,task        ] GC(226) Using 23 workers of 23 for evacuation
[11.300s][info][gc             ] GC(226) To-space exhausted
[11.300s][info][gc,phases      ] GC(226)   Pre Evacuate Collection Set: 0.4ms
[11.300s][info][gc,phases      ] GC(226)   Merge Heap Roots: 0.7ms
[11.300s][info][gc,phases      ] GC(226)   Evacuate Collection Set: 3.2ms
[11.300s][info][gc,phases      ] GC(226)   Post Evacuate Collection Set: 1.6ms
[11.300s][info][gc,phases      ] GC(226)   Other: 0.1ms
[11.300s][info][gc,heap        ] GC(226) Eden regions: 1->0(51)
[11.300s][info][gc,heap        ] GC(226) Survivor regions: 1->0(0)
[11.300s][info][gc,heap        ] GC(226) Old regions: 1020->1022
[11.300s][info][gc,heap        ] GC(226) Archive regions: 0->0
[11.300s][info][gc,heap        ] GC(226) Humongous regions: 2->2
[11.300s][info][gc,metaspace   ] GC(226) Metaspace: 8187K(8384K)->8187K(8384K) NonClass: 7455K(7552K)->7455K(7552K) Class: 731K(832K)->731K(832K)
[11.300s][info][gc             ] GC(226) Pause Young (Mixed) (G1 Evacuation Pause) 1018M->1018M(1024M) 5.940ms
[11.300s][info][gc,cpu         ] GC(226) User=0.07s Sys=0.00s Real=0.01s
[11.300s][info][gc,ergo        ] Attempting full compaction
[11.300s][info][gc,task        ] GC(227) Using 23 workers of 23 for full compaction
[11.300s][info][gc,start       ] GC(227) Pause Full (G1 Compaction Pause)
[11.300s][info][gc,phases,start] GC(227) Phase 1: Mark live objects
[11.304s][info][gc,phases      ] GC(227) Phase 1: Mark live objects 3.992ms
[11.304s][info][gc,phases,start] GC(227) Phase 2: Prepare for compaction
[11.306s][info][gc,phases      ] GC(227) Phase 2: Prepare for compaction 1.425ms
[11.306s][info][gc,phases,start] GC(227) Phase 3: Adjust pointers
[11.308s][info][gc,phases      ] GC(227) Phase 3: Adjust pointers 2.181ms
[11.308s][info][gc,phases,start] GC(227) Phase 4: Compact heap
[11.328s][info][gc,phases      ] GC(227) Phase 4: Compact heap 20.508ms
[11.330s][info][gc,heap        ] GC(227) Eden regions: 0->0(91)
[11.330s][info][gc,heap        ] GC(227) Survivor regions: 0->0(0)
[11.330s][info][gc,heap        ] GC(227) Old regions: 1022->640
[11.330s][info][gc,heap        ] GC(227) Archive regions: 0->0
[11.330s][info][gc,heap        ] GC(227) Humongous regions: 2->2
[11.330s][info][gc,metaspace   ] GC(227) Metaspace: 8187K(8384K)->8187K(8384K) NonClass: 7455K(7552K)->7455K(7552K) Class: 731K(832K)->731K(832K)
[11.330s][info][gc             ] GC(227) Pause Full (G1 Compaction Pause) 1018M->630M(1024M) 29.586ms
[11.330s][info][gc,cpu         ] GC(227) User=0.49s Sys=0.01s Real=0.03s
[INFO] Iteration: 35100000
[INFO] JVM Uptime: 11.34 seconds, OldGen Region Count: 640, OldGen Used Memory: 628.36 MB, OldGen Live Memory: 628.36 MB, Total count of old regions to be freed 0, Estimated memory to be freed: 0.00 MB, Estimated OldGen object count: 160860
[INFO] Average Region used: 98.18 %, Live percent of used: 100.00 %, Live percent of region size: 98.18 % 
[INFO] Number of keys in OldGen: 153948, Gap with estimated OldGen object: 6912 (27 MB) 
[INFO] Number of pre-LRU keys in OldGen: 196
[INFO] Iteration: 35200000
[INFO] JVM Uptime: 11.36 seconds, OldGen Region Count: 640, OldGen Used Memory: 628.36 MB, OldGen Live Memory: 628.36 MB, Total count of old regions to be freed 0, Estimated memory to be freed: 0.00 MB, Estimated OldGen object count: 160860
[INFO] Average Region used: 98.18 %, Live percent of used: 100.00 %, Live percent of region size: 98.18 % 
[INFO] Number of keys in OldGen: 148922, Gap with estimated OldGen object: 11938 (46 MB) 
[INFO] Number of pre-LRU keys in OldGen: 54
[INFO] Iteration: 35300000
[INFO] JVM Uptime: 11.39 seconds, OldGen Region Count: 640, OldGen Used Memory: 628.36 MB, OldGen Live Memory: 628.36 MB, Total count of old regions to be freed 0, Estimated memory to be freed: 0.00 MB, Estimated OldGen object count: 160860
[INFO] Average Region used: 98.18 %, Live percent of used: 100.00 %, Live percent of region size: 98.18 % 
[INFO] Number of keys in OldGen: 143984, Gap with estimated OldGen object: 16876 (65 MB) 
[INFO] Number of pre-LRU keys in OldGen: 52
[INFO] Iteration: 35400000
[INFO] JVM Uptime: 11.41 seconds, OldGen Region Count: 640, OldGen Used Memory: 628.36 MB, OldGen Live Memory: 628.36 MB, Total count of old regions to be freed 0, Estimated memory to be freed: 0.00 MB, Estimated OldGen object count: 160860
[INFO] Average Region used: 98.18 %, Live percent of used: 100.00 %, Live percent of region size: 98.18 % 
[INFO] Number of keys in OldGen: 138980, Gap with estimated OldGen object: 21880 (85 MB) 
[INFO] Number of pre-LRU keys in OldGen: 47
[11.422s][info][gc,start       ] GC(228) Pause Young (Normal) (G1 Evacuation Pause)
[11.422s][info][gc,task        ] GC(228) Using 23 workers of 23 for evacuation
[11.429s][info][gc,phases      ] GC(228)   Pre Evacuate Collection Set: 0.2ms
[11.430s][info][gc,phases      ] GC(228)   Merge Heap Roots: 0.4ms
[11.430s][info][gc,phases      ] GC(228)   Evacuate Collection Set: 5.4ms
[11.430s][info][gc,phases      ] GC(228)   Post Evacuate Collection Set: 1.1ms
[11.430s][info][gc,phases      ] GC(228)   Other: 0.1ms
[11.430s][info][gc,heap        ] GC(228) Eden regions: 91->0(62)
[11.430s][info][gc,heap        ] GC(228) Survivor regions: 0->12(12)
[11.430s][info][gc,heap        ] GC(228) Old regions: 640->714
[11.430s][info][gc,heap        ] GC(228) Archive regions: 0->0
[11.430s][info][gc,heap        ] GC(228) Humongous regions: 2->2
[11.430s][info][gc,metaspace   ] GC(228) Metaspace: 8187K(8384K)->8187K(8384K) NonClass: 7455K(7552K)->7455K(7552K) Class: 731K(832K)->731K(832K)
[11.430s][info][gc             ] GC(228) Pause Young (Normal) (G1 Evacuation Pause) 721M->715M(1024M) 7.206ms
[11.430s][info][gc,cpu         ] GC(228) User=0.11s Sys=0.00s Real=0.01s
[INFO] Iteration: 35500000
[INFO] JVM Uptime: 11.44 seconds, OldGen Region Count: 714, OldGen Used Memory: 701.94 MB, OldGen Live Memory: 701.94 MB, Total count of old regions to be freed 0, Estimated memory to be freed: 0.00 MB, Estimated OldGen object count: 179696
[INFO] Average Region used: 98.31 %, Live percent of used: 100.00 %, Live percent of region size: 98.31 % 
[INFO] Number of keys in OldGen: 151984, Gap with estimated OldGen object: 27712 (108 MB) 
[INFO] Number of pre-LRU keys in OldGen: 263
[INFO] Iteration: 35600000
[INFO] JVM Uptime: 11.46 seconds, OldGen Region Count: 714, OldGen Used Memory: 701.94 MB, OldGen Live Memory: 701.94 MB, Total count of old regions to be freed 0, Estimated memory to be freed: 0.00 MB, Estimated OldGen object count: 179696
[INFO] Average Region used: 98.31 %, Live percent of used: 100.00 %, Live percent of region size: 98.31 % 
[INFO] Number of keys in OldGen: 147159, Gap with estimated OldGen object: 32537 (127 MB) 
[INFO] Number of pre-LRU keys in OldGen: 54
[INFO] Iteration: 35700000
[INFO] JVM Uptime: 11.49 seconds, OldGen Region Count: 714, OldGen Used Memory: 701.94 MB, OldGen Live Memory: 701.94 MB, Total count of old regions to be freed 0, Estimated memory to be freed: 0.00 MB, Estimated OldGen object count: 179696
[INFO] Average Region used: 98.31 %, Live percent of used: 100.00 %, Live percent of region size: 98.31 % 
[INFO] Number of keys in OldGen: 142102, Gap with estimated OldGen object: 37594 (146 MB) 
[INFO] Number of pre-LRU keys in OldGen: 46
[11.506s][info][gc,start       ] GC(229) Pause Young (Normal) (G1 Evacuation Pause)
[11.507s][info][gc,task        ] GC(229) Using 23 workers of 23 for evacuation
[11.512s][info][gc,phases      ] GC(229)   Pre Evacuate Collection Set: 0.1ms
[11.512s][info][gc,phases      ] GC(229)   Merge Heap Roots: 0.4ms
[11.512s][info][gc,phases      ] GC(229)   Evacuate Collection Set: 4.9ms
[11.512s][info][gc,phases      ] GC(229)   Post Evacuate Collection Set: 0.3ms
[11.512s][info][gc,phases      ] GC(229)   Other: 0.1ms
[11.512s][info][gc,heap        ] GC(229) Eden regions: 62->0(42)
[11.512s][info][gc,heap        ] GC(229) Survivor regions: 12->10(10)
[11.512s][info][gc,heap        ] GC(229) Old regions: 714->779
[11.512s][info][gc,heap        ] GC(229) Archive regions: 0->0
[11.512s][info][gc,heap        ] GC(229) Humongous regions: 2->2
[11.512s][info][gc,metaspace   ] GC(229) Metaspace: 8187K(8384K)->8187K(8384K) NonClass: 7455K(7552K)->7455K(7552K) Class: 731K(832K)->731K(832K)
[11.512s][info][gc             ] GC(229) Pause Young (Normal) (G1 Evacuation Pause) 777M->778M(1024M) 5.784ms
[11.512s][info][gc,cpu         ] GC(229) User=0.10s Sys=0.01s Real=0.01s
[INFO] Iteration: 35800000
[INFO] JVM Uptime: 11.52 seconds, OldGen Region Count: 779, OldGen Used Memory: 766.85 MB, OldGen Live Memory: 766.85 MB, Total count of old regions to be freed 0, Estimated memory to be freed: 0.00 MB, Estimated OldGen object count: 196313
[INFO] Average Region used: 98.44 %, Live percent of used: 100.00 %, Live percent of region size: 98.44 % 
[INFO] Number of keys in OldGen: 151808, Gap with estimated OldGen object: 44505 (173 MB) 
[INFO] Number of pre-LRU keys in OldGen: 197
[INFO] Iteration: 35900000
[INFO] JVM Uptime: 11.55 seconds, OldGen Region Count: 779, OldGen Used Memory: 766.85 MB, OldGen Live Memory: 766.85 MB, Total count of old regions to be freed 0, Estimated memory to be freed: 0.00 MB, Estimated OldGen object count: 196313
[INFO] Average Region used: 98.44 %, Live percent of used: 100.00 %, Live percent of region size: 98.44 % 
[INFO] Number of keys in OldGen: 146873, Gap with estimated OldGen object: 49440 (193 MB) 
[INFO] Number of pre-LRU keys in OldGen: 60
[11.560s][info][gc,start       ] GC(230) Pause Young (Concurrent Start) (G1 Evacuation Pause)
[11.560s][info][gc,task        ] GC(230) Using 23 workers of 23 for evacuation
[11.565s][info][gc,phases      ] GC(230)   Pre Evacuate Collection Set: 0.1ms
[11.565s][info][gc,phases      ] GC(230)   Merge Heap Roots: 0.4ms
[11.565s][info][gc,phases      ] GC(230)   Evacuate Collection Set: 4.5ms
[11.565s][info][gc,phases      ] GC(230)   Post Evacuate Collection Set: 0.4ms
[11.565s][info][gc,phases      ] GC(230)   Other: 0.2ms
[11.565s][info][gc,heap        ] GC(230) Eden regions: 42->0(44)
[11.565s][info][gc,heap        ] GC(230) Survivor regions: 10->7(7)
[11.565s][info][gc,heap        ] GC(230) Old regions: 779->826
[11.565s][info][gc,heap        ] GC(230) Archive regions: 0->0
[11.565s][info][gc,heap        ] GC(230) Humongous regions: 2->2
[11.565s][info][gc,metaspace   ] GC(230) Metaspace: 8187K(8384K)->8187K(8384K) NonClass: 7455K(7552K)->7455K(7552K) Class: 731K(832K)->731K(832K)
[11.565s][info][gc             ] GC(230) Pause Young (Concurrent Start) (G1 Evacuation Pause) 820M->823M(1024M) 5.702ms
[11.565s][info][gc,cpu         ] GC(230) User=0.11s Sys=0.00s Real=0.00s
[11.565s][info][gc             ] GC(231) Concurrent Mark Cycle
[11.565s][info][gc,marking     ] GC(231) Concurrent Clear Claimed Marks
[11.565s][info][gc,marking     ] GC(231) Concurrent Clear Claimed Marks 0.011ms
[11.565s][info][gc,marking     ] GC(231) Concurrent Scan Root Regions
[11.566s][info][gc,marking     ] GC(231) Concurrent Scan Root Regions 0.581ms
[11.566s][info][gc,marking     ] GC(231) Concurrent Mark
[11.566s][info][gc,marking     ] GC(231) Concurrent Mark From Roots
[11.566s][info][gc,task        ] GC(231) Using 6 workers of 6 for marking
[11.573s][info][gc,marking     ] GC(231) Concurrent Mark From Roots 6.748ms
[11.573s][info][gc,marking     ] GC(231) Concurrent Preclean
[11.573s][info][gc,marking     ] GC(231) Concurrent Preclean 0.070ms
[11.573s][info][gc,start       ] GC(231) Pause Remark
[11.575s][info][gc             ] GC(231) Pause Remark 829M->829M(1024M) 2.361ms
[11.575s][info][gc,cpu         ] GC(231) User=0.01s Sys=0.00s Real=0.00s
[11.575s][info][gc,marking     ] GC(231) Concurrent Mark 9.438ms
[11.576s][info][gc,marking     ] GC(231) Concurrent Rebuild Remembered Sets
[INFO] Iteration: 36000000
[11.588s][info][gc,marking     ] GC(231) Concurrent Rebuild Remembered Sets 12.149ms
[11.588s][info][gc,start       ] GC(231) Pause Cleanup
[11.588s][info][gc             ] GC(231) Pause Cleanup 837M->837M(1024M) 0.353ms
[11.588s][info][gc,cpu         ] GC(231) User=0.01s Sys=0.00s Real=0.00s
[11.588s][info][gc,marking     ] GC(231) Concurrent Cleanup for Next Mark
[11.588s][info][gc,marking     ] GC(231) Concurrent Cleanup for Next Mark 0.345ms
[11.589s][info][gc             ] GC(231) Concurrent Mark Cycle 23.071ms
[INFO] JVM Uptime: 11.58 seconds, OldGen Region Count: 826, OldGen Used Memory: 814.36 MB, OldGen Live Memory: 625.17 MB, Total count of old regions to be freed 158, Estimated memory to be freed: 45.76 MB, Estimated OldGen object count: 208476
[INFO] Average Region used: 98.59 %, Live percent of used: 76.77 %, Live percent of region size: 75.69 % 
[INFO] Number of keys in OldGen: 152361, Gap with estimated OldGen object: 56115 (219 MB) 
[INFO] Number of pre-LRU keys in OldGen: 166
[INFO] Iteration: 36100000
[INFO] JVM Uptime: 11.61 seconds, OldGen Region Count: 826, OldGen Used Memory: 814.36 MB, OldGen Live Memory: 625.17 MB, Total count of old regions to be freed 158, Estimated memory to be freed: 45.76 MB, Estimated OldGen object count: 208476
[INFO] Average Region used: 98.59 %, Live percent of used: 76.77 %, Live percent of region size: 75.69 % 
[INFO] Number of keys in OldGen: 147334, Gap with estimated OldGen object: 61142 (238 MB) 
[INFO] Number of pre-LRU keys in OldGen: 57
[11.626s][info][gc,start       ] GC(232) Pause Young (Prepare Mixed) (G1 Evacuation Pause)
[11.626s][info][gc,task        ] GC(232) Using 23 workers of 23 for evacuation
[11.633s][info][gc,phases      ] GC(232)   Pre Evacuate Collection Set: 0.1ms
[11.633s][info][gc,phases      ] GC(232)   Merge Heap Roots: 0.4ms
[11.633s][info][gc,phases      ] GC(232)   Evacuate Collection Set: 4.8ms
[11.633s][info][gc,phases      ] GC(232)   Post Evacuate Collection Set: 1.4ms
[11.633s][info][gc,phases      ] GC(232)   Other: 0.1ms
[11.633s][info][gc,heap        ] GC(232) Eden regions: 44->0(44)
[11.633s][info][gc,heap        ] GC(232) Survivor regions: 7->7(7)
[11.633s][info][gc,heap        ] GC(232) Old regions: 826->871
[11.633s][info][gc,heap        ] GC(232) Archive regions: 0->0
[11.633s][info][gc,heap        ] GC(232) Humongous regions: 2->2
[11.633s][info][gc,metaspace   ] GC(232) Metaspace: 8187K(8384K)->8187K(8384K) NonClass: 7455K(7552K)->7455K(7552K) Class: 731K(832K)->731K(832K)
[11.633s][info][gc             ] GC(232) Pause Young (Prepare Mixed) (G1 Evacuation Pause) 867M->868M(1024M) 6.847ms
[11.633s][info][gc,cpu         ] GC(232) User=0.11s Sys=0.00s Real=0.01s
[INFO] Iteration: 36200000
[INFO] JVM Uptime: 11.64 seconds, OldGen Region Count: 871, OldGen Used Memory: 859.16 MB, OldGen Live Memory: 669.97 MB, Total count of old regions to be freed 158, Estimated memory to be freed: 45.76 MB, Estimated OldGen object count: 219945
[INFO] Average Region used: 98.64 %, Live percent of used: 77.98 %, Live percent of region size: 76.92 % 
[INFO] Number of keys in OldGen: 152651, Gap with estimated OldGen object: 67294 (262 MB) 
[INFO] Number of pre-LRU keys in OldGen: 170
[INFO] Iteration: 36300000
[INFO] JVM Uptime: 11.66 seconds, OldGen Region Count: 871, OldGen Used Memory: 859.16 MB, OldGen Live Memory: 669.97 MB, Total count of old regions to be freed 158, Estimated memory to be freed: 45.76 MB, Estimated OldGen object count: 219945
[INFO] Average Region used: 98.64 %, Live percent of used: 77.98 %, Live percent of region size: 76.92 % 
[INFO] Number of keys in OldGen: 147585, Gap with estimated OldGen object: 72360 (282 MB) 
[INFO] Number of pre-LRU keys in OldGen: 58
[11.681s][info][gc,start       ] GC(233) Pause Young (Mixed) (G1 Evacuation Pause)
[11.681s][info][gc,task        ] GC(233) Using 23 workers of 23 for evacuation
[11.690s][info][gc             ] GC(233) To-space exhausted
[11.690s][info][gc,phases      ] GC(233)   Pre Evacuate Collection Set: 0.1ms
[11.690s][info][gc,phases      ] GC(233)   Merge Heap Roots: 0.6ms
[11.690s][info][gc,phases      ] GC(233)   Evacuate Collection Set: 6.6ms
[11.690s][info][gc,phases      ] GC(233)   Post Evacuate Collection Set: 1.3ms
[11.690s][info][gc,phases      ] GC(233)   Other: 0.1ms
[11.690s][info][gc,heap        ] GC(233) Eden regions: 44->0(44)
[11.690s][info][gc,heap        ] GC(233) Survivor regions: 7->7(7)
[11.690s][info][gc,heap        ] GC(233) Old regions: 871->1003
[11.690s][info][gc,heap        ] GC(233) Archive regions: 0->0
[11.690s][info][gc,heap        ] GC(233) Humongous regions: 2->2
[11.690s][info][gc,metaspace   ] GC(233) Metaspace: 8187K(8384K)->8187K(8384K) NonClass: 7455K(7552K)->7455K(7552K) Class: 731K(832K)->731K(832K)
[11.690s][info][gc             ] GC(233) Pause Young (Mixed) (G1 Evacuation Pause) 912M->1003M(1024M) 8.664ms
[11.690s][info][gc,cpu         ] GC(233) User=0.15s Sys=0.02s Real=0.01s
[11.691s][info][gc,start       ] GC(234) Pause Young (Mixed) (G1 Preventive Collection)
[11.691s][info][gc,task        ] GC(234) Using 23 workers of 23 for evacuation
[11.698s][info][gc             ] GC(234) To-space exhausted
[11.698s][info][gc,phases      ] GC(234)   Pre Evacuate Collection Set: 0.2ms
[11.698s][info][gc,phases      ] GC(234)   Merge Heap Roots: 0.5ms
[11.698s][info][gc,phases      ] GC(234)   Evacuate Collection Set: 4.2ms
[11.698s][info][gc,phases      ] GC(234)   Post Evacuate Collection Set: 1.9ms
[11.698s][info][gc,phases      ] GC(234)   Other: 0.1ms
[11.698s][info][gc,heap        ] GC(234) Eden regions: 1->0(50)
[11.698s][info][gc,heap        ] GC(234) Survivor regions: 7->1(7)
[11.698s][info][gc,heap        ] GC(234) Old regions: 1003->1020
[11.698s][info][gc,heap        ] GC(234) Archive regions: 0->0
[11.698s][info][gc,heap        ] GC(234) Humongous regions: 2->2
[11.698s][info][gc,metaspace   ] GC(234) Metaspace: 8187K(8384K)->8187K(8384K) NonClass: 7455K(7552K)->7455K(7552K) Class: 731K(832K)->731K(832K)
[11.698s][info][gc             ] GC(234) Pause Young (Mixed) (G1 Preventive Collection) 1004M->1014M(1024M) 6.887ms
[11.698s][info][gc,cpu         ] GC(234) User=0.10s Sys=0.01s Real=0.01s
[11.699s][info][gc,start       ] GC(235) Pause Young (Mixed) (G1 Evacuation Pause)
[11.699s][info][gc,task        ] GC(235) Using 23 workers of 23 for evacuation
[11.704s][info][gc             ] GC(235) To-space exhausted
[11.704s][info][gc,phases      ] GC(235)   Pre Evacuate Collection Set: 0.1ms
[11.704s][info][gc,phases      ] GC(235)   Merge Heap Roots: 0.6ms
[11.704s][info][gc,phases      ] GC(235)   Evacuate Collection Set: 2.9ms
[11.704s][info][gc,phases      ] GC(235)   Post Evacuate Collection Set: 1.4ms
[11.704s][info][gc,phases      ] GC(235)   Other: 0.1ms
[11.704s][info][gc,heap        ] GC(235) Eden regions: 1->0(51)
[11.704s][info][gc,heap        ] GC(235) Survivor regions: 1->0(0)
[11.704s][info][gc,heap        ] GC(235) Old regions: 1020->1022
[11.704s][info][gc,heap        ] GC(235) Archive regions: 0->0
[11.704s][info][gc,heap        ] GC(235) Humongous regions: 2->2
[11.705s][info][gc,metaspace   ] GC(235) Metaspace: 8187K(8384K)->8187K(8384K) NonClass: 7455K(7552K)->7455K(7552K) Class: 731K(832K)->731K(832K)
[11.705s][info][gc             ] GC(235) Pause Young (Mixed) (G1 Evacuation Pause) 1015M->1015M(1024M) 5.151ms
[11.705s][info][gc,cpu         ] GC(235) User=0.07s Sys=0.00s Real=0.00s
[11.705s][info][gc,ergo        ] Attempting full compaction
[11.705s][info][gc,task        ] GC(236) Using 23 workers of 23 for full compaction
[11.705s][info][gc,start       ] GC(236) Pause Full (G1 Compaction Pause)
[11.705s][info][gc,phases,start] GC(236) Phase 1: Mark live objects
[11.709s][info][gc,phases      ] GC(236) Phase 1: Mark live objects 4.542ms
[11.709s][info][gc,phases,start] GC(236) Phase 2: Prepare for compaction
[11.711s][info][gc,phases      ] GC(236) Phase 2: Prepare for compaction 1.616ms
[11.711s][info][gc,phases,start] GC(236) Phase 3: Adjust pointers
[11.713s][info][gc,phases      ] GC(236) Phase 3: Adjust pointers 2.282ms
[11.713s][info][gc,phases,start] GC(236) Phase 4: Compact heap
[11.735s][info][gc,phases      ] GC(236) Phase 4: Compact heap 21.266ms
[11.736s][info][gc,heap        ] GC(236) Eden regions: 0->0(91)
[11.736s][info][gc,heap        ] GC(236) Survivor regions: 0->0(0)
[11.736s][info][gc,heap        ] GC(236) Old regions: 1022->641
[11.736s][info][gc,heap        ] GC(236) Archive regions: 0->0
[11.736s][info][gc,heap        ] GC(236) Humongous regions: 2->2
[11.736s][info][gc,metaspace   ] GC(236) Metaspace: 8187K(8384K)->8187K(8384K) NonClass: 7455K(7552K)->7455K(7552K) Class: 731K(832K)->731K(832K)
[11.736s][info][gc             ] GC(236) Pause Full (G1 Compaction Pause) 1015M->630M(1024M) 31.182ms
[11.736s][info][gc,cpu         ] GC(236) User=0.50s Sys=0.01s Real=0.03s
[INFO] Iteration: 36400000
[INFO] JVM Uptime: 11.74 seconds, OldGen Region Count: 641, OldGen Used Memory: 628.40 MB, OldGen Live Memory: 628.40 MB, Total count of old regions to be freed 0, Estimated memory to be freed: 0.00 MB, Estimated OldGen object count: 160871
[INFO] Average Region used: 98.03 %, Live percent of used: 100.00 %, Live percent of region size: 98.03 % 
[INFO] Number of keys in OldGen: 155041, Gap with estimated OldGen object: 5830 (22 MB) 
[INFO] Number of pre-LRU keys in OldGen: 292
[INFO] Iteration: 36500000
[INFO] JVM Uptime: 11.77 seconds, OldGen Region Count: 641, OldGen Used Memory: 628.40 MB, OldGen Live Memory: 628.40 MB, Total count of old regions to be freed 0, Estimated memory to be freed: 0.00 MB, Estimated OldGen object count: 160871
[INFO] Average Region used: 98.03 %, Live percent of used: 100.00 %, Live percent of region size: 98.03 % 
[INFO] Number of keys in OldGen: 149937, Gap with estimated OldGen object: 10934 (42 MB) 
[INFO] Number of pre-LRU keys in OldGen: 52
[INFO] Iteration: 36600000
[INFO] JVM Uptime: 11.79 seconds, OldGen Region Count: 641, OldGen Used Memory: 628.40 MB, OldGen Live Memory: 628.40 MB, Total count of old regions to be freed 0, Estimated memory to be freed: 0.00 MB, Estimated OldGen object count: 160871
[INFO] Average Region used: 98.03 %, Live percent of used: 100.00 %, Live percent of region size: 98.03 % 
[INFO] Number of keys in OldGen: 144734, Gap with estimated OldGen object: 16137 (63 MB) 
[INFO] Number of pre-LRU keys in OldGen: 53
[INFO] Iteration: 36700000
[INFO] JVM Uptime: 11.81 seconds, OldGen Region Count: 641, OldGen Used Memory: 628.40 MB, OldGen Live Memory: 628.40 MB, Total count of old regions to be freed 0, Estimated memory to be freed: 0.00 MB, Estimated OldGen object count: 160871
[INFO] Average Region used: 98.03 %, Live percent of used: 100.00 %, Live percent of region size: 98.03 % 
[INFO] Number of keys in OldGen: 139782, Gap with estimated OldGen object: 21089 (82 MB) 
[INFO] Number of pre-LRU keys in OldGen: 47
[11.828s][info][gc,start       ] GC(237) Pause Young (Normal) (G1 Evacuation Pause)
[11.828s][info][gc,task        ] GC(237) Using 23 workers of 23 for evacuation
[11.836s][info][gc,phases      ] GC(237)   Pre Evacuate Collection Set: 0.4ms
[11.836s][info][gc,phases      ] GC(237)   Merge Heap Roots: 0.6ms
[11.836s][info][gc,phases      ] GC(237)   Evacuate Collection Set: 5.6ms
[11.836s][info][gc,phases      ] GC(237)   Post Evacuate Collection Set: 1.3ms
[11.836s][info][gc,phases      ] GC(237)   Other: 0.1ms
[11.836s][info][gc,heap        ] GC(237) Eden regions: 91->0(61)
[11.836s][info][gc,heap        ] GC(237) Survivor regions: 0->12(12)
[11.836s][info][gc,heap        ] GC(237) Old regions: 641->719
[11.836s][info][gc,heap        ] GC(237) Archive regions: 0->0
[11.836s][info][gc,heap        ] GC(237) Humongous regions: 2->2
[11.836s][info][gc,metaspace   ] GC(237) Metaspace: 8187K(8384K)->8187K(8384K) NonClass: 7455K(7552K)->7455K(7552K) Class: 731K(832K)->731K(832K)
[11.836s][info][gc             ] GC(237) Pause Young (Normal) (G1 Evacuation Pause) 721M->719M(1024M) 7.999ms
[11.836s][info][gc,cpu         ] GC(237) User=0.12s Sys=0.01s Real=0.00s
[INFO] Iteration: 36800000
[INFO] JVM Uptime: 11.84 seconds, OldGen Region Count: 719, OldGen Used Memory: 705.46 MB, OldGen Live Memory: 705.46 MB, Total count of old regions to be freed 0, Estimated memory to be freed: 0.00 MB, Estimated OldGen object count: 180598
[INFO] Average Region used: 98.12 %, Live percent of used: 100.00 %, Live percent of region size: 98.12 % 
[INFO] Number of keys in OldGen: 152889, Gap with estimated OldGen object: 27709 (108 MB) 
[INFO] Number of pre-LRU keys in OldGen: 311
[INFO] Iteration: 36900000
[INFO] JVM Uptime: 11.87 seconds, OldGen Region Count: 719, OldGen Used Memory: 705.46 MB, OldGen Live Memory: 705.46 MB, Total count of old regions to be freed 0, Estimated memory to be freed: 0.00 MB, Estimated OldGen object count: 180598
[INFO] Average Region used: 98.12 %, Live percent of used: 100.00 %, Live percent of region size: 98.12 % 
[INFO] Number of keys in OldGen: 148039, Gap with estimated OldGen object: 32559 (127 MB) 
[INFO] Number of pre-LRU keys in OldGen: 53
[INFO] Iteration: 37000000
[INFO] JVM Uptime: 11.89 seconds, OldGen Region Count: 719, OldGen Used Memory: 705.46 MB, OldGen Live Memory: 705.46 MB, Total count of old regions to be freed 0, Estimated memory to be freed: 0.00 MB, Estimated OldGen object count: 180598
[INFO] Average Region used: 98.12 %, Live percent of used: 100.00 %, Live percent of region size: 98.12 % 
[INFO] Number of keys in OldGen: 143064, Gap with estimated OldGen object: 37534 (146 MB) 
[INFO] Number of pre-LRU keys in OldGen: 52
[11.905s][info][gc,start       ] GC(238) Pause Young (Normal) (G1 Evacuation Pause)
[11.905s][info][gc,task        ] GC(238) Using 23 workers of 23 for evacuation
[11.911s][info][gc,phases      ] GC(238)   Pre Evacuate Collection Set: 0.1ms
[11.911s][info][gc,phases      ] GC(238)   Merge Heap Roots: 0.4ms
[11.911s][info][gc,phases      ] GC(238)   Evacuate Collection Set: 5.0ms
[11.911s][info][gc,phases      ] GC(238)   Post Evacuate Collection Set: 0.4ms
[11.911s][info][gc,phases      ] GC(238)   Other: 0.1ms
[11.911s][info][gc,heap        ] GC(238) Eden regions: 61->0(41)
[11.911s][info][gc,heap        ] GC(238) Survivor regions: 12->10(10)
[11.911s][info][gc,heap        ] GC(238) Old regions: 719->780
[11.911s][info][gc,heap        ] GC(238) Archive regions: 0->0
[11.911s][info][gc,heap        ] GC(238) Humongous regions: 2->2
[11.911s][info][gc,metaspace   ] GC(238) Metaspace: 8187K(8384K)->8187K(8384K) NonClass: 7455K(7552K)->7455K(7552K) Class: 731K(832K)->731K(832K)
[11.911s][info][gc             ] GC(238) Pause Young (Normal) (G1 Evacuation Pause) 780M->778M(1024M) 6.027ms
[11.911s][info][gc,cpu         ] GC(238) User=0.12s Sys=0.00s Real=0.01s
[INFO] Iteration: 37100000
[INFO] JVM Uptime: 11.92 seconds, OldGen Region Count: 780, OldGen Used Memory: 766.89 MB, OldGen Live Memory: 766.89 MB, Total count of old regions to be freed 0, Estimated memory to be freed: 0.00 MB, Estimated OldGen object count: 196323
[INFO] Average Region used: 98.32 %, Live percent of used: 100.00 %, Live percent of region size: 98.32 % 
[INFO] Number of keys in OldGen: 152687, Gap with estimated OldGen object: 43636 (170 MB) 
[INFO] Number of pre-LRU keys in OldGen: 256
[INFO] Iteration: 37200000
[INFO] JVM Uptime: 11.94 seconds, OldGen Region Count: 780, OldGen Used Memory: 766.89 MB, OldGen Live Memory: 766.89 MB, Total count of old regions to be freed 0, Estimated memory to be freed: 0.00 MB, Estimated OldGen object count: 196323
[INFO] Average Region used: 98.32 %, Live percent of used: 100.00 %, Live percent of region size: 98.32 % 
[INFO] Number of keys in OldGen: 147592, Gap with estimated OldGen object: 48731 (190 MB) 
[INFO] Number of pre-LRU keys in OldGen: 51
[11.958s][info][gc,start       ] GC(239) Pause Young (Concurrent Start) (G1 Evacuation Pause)
[11.958s][info][gc,task        ] GC(239) Using 23 workers of 23 for evacuation
[11.963s][info][gc,phases      ] GC(239)   Pre Evacuate Collection Set: 0.1ms
[11.963s][info][gc,phases      ] GC(239)   Merge Heap Roots: 0.4ms
[11.963s][info][gc,phases      ] GC(239)   Evacuate Collection Set: 4.6ms
[11.963s][info][gc,phases      ] GC(239)   Post Evacuate Collection Set: 0.3ms
[11.963s][info][gc,phases      ] GC(239)   Other: 0.1ms
[11.963s][info][gc,heap        ] GC(239) Eden regions: 41->0(44)
[11.963s][info][gc,heap        ] GC(239) Survivor regions: 10->7(7)
[11.963s][info][gc,heap        ] GC(239) Old regions: 780->827
[11.963s][info][gc,heap        ] GC(239) Archive regions: 0->0
[11.963s][info][gc,heap        ] GC(239) Humongous regions: 2->2
[11.963s][info][gc,metaspace   ] GC(239) Metaspace: 8187K(8384K)->8187K(8384K) NonClass: 7455K(7552K)->7455K(7552K) Class: 731K(832K)->731K(832K)
[11.963s][info][gc             ] GC(239) Pause Young (Concurrent Start) (G1 Evacuation Pause) 819M->822M(1024M) 5.578ms
[11.963s][info][gc,cpu         ] GC(239) User=0.11s Sys=0.00s Real=0.00s
[11.963s][info][gc             ] GC(240) Concurrent Mark Cycle
[11.964s][info][gc,marking     ] GC(240) Concurrent Clear Claimed Marks
[11.964s][info][gc,marking     ] GC(240) Concurrent Clear Claimed Marks 0.021ms
[11.964s][info][gc,marking     ] GC(240) Concurrent Scan Root Regions
[11.964s][info][gc,marking     ] GC(240) Concurrent Scan Root Regions 0.596ms
[11.964s][info][gc,marking     ] GC(240) Concurrent Mark
[11.964s][info][gc,marking     ] GC(240) Concurrent Mark From Roots
[11.964s][info][gc,task        ] GC(240) Using 6 workers of 6 for marking
[11.971s][info][gc,marking     ] GC(240) Concurrent Mark From Roots 6.389ms
[11.971s][info][gc,marking     ] GC(240) Concurrent Preclean
[11.971s][info][gc,marking     ] GC(240) Concurrent Preclean 0.087ms
[11.971s][info][gc,start       ] GC(240) Pause Remark
[11.973s][info][gc             ] GC(240) Pause Remark 829M->829M(1024M) 1.722ms
[11.973s][info][gc,cpu         ] GC(240) User=0.01s Sys=0.00s Real=0.00s
[11.973s][info][gc,marking     ] GC(240) Concurrent Mark 8.477ms
[11.973s][info][gc,marking     ] GC(240) Concurrent Rebuild Remembered Sets
[INFO] Iteration: 37300000
[11.985s][info][gc,marking     ] GC(240) Concurrent Rebuild Remembered Sets 12.086ms
[11.985s][info][gc,start       ] GC(240) Pause Cleanup
[11.985s][info][gc             ] GC(240) Pause Cleanup 834M->834M(1024M) 0.420ms
[11.985s][info][gc,cpu         ] GC(240) User=0.00s Sys=0.00s Real=0.00s
[11.985s][info][gc,marking     ] GC(240) Concurrent Cleanup for Next Mark
[11.986s][info][gc,marking     ] GC(240) Concurrent Cleanup for Next Mark 0.360ms
[11.986s][info][gc             ] GC(240) Concurrent Mark Cycle 22.248ms
[INFO] JVM Uptime: 11.98 seconds, OldGen Region Count: 827, OldGen Used Memory: 813.90 MB, OldGen Live Memory: 625.57 MB, Total count of old regions to be freed 187, Estimated memory to be freed: 46.75 MB, Estimated OldGen object count: 208358
[INFO] Average Region used: 98.42 %, Live percent of used: 76.86 %, Live percent of region size: 75.64 % 
[INFO] Number of keys in OldGen: 152815, Gap with estimated OldGen object: 55543 (216 MB) 
[INFO] Number of pre-LRU keys in OldGen: 185
[INFO] Iteration: 37400000
[INFO] JVM Uptime: 12.01 seconds, OldGen Region Count: 827, OldGen Used Memory: 813.90 MB, OldGen Live Memory: 625.57 MB, Total count of old regions to be freed 187, Estimated memory to be freed: 46.75 MB, Estimated OldGen object count: 208358
[INFO] Average Region used: 98.42 %, Live percent of used: 76.86 %, Live percent of region size: 75.64 % 
[INFO] Number of keys in OldGen: 147916, Gap with estimated OldGen object: 60442 (236 MB) 
[INFO] Number of pre-LRU keys in OldGen: 64
[12.024s][info][gc,start       ] GC(241) Pause Young (Prepare Mixed) (G1 Evacuation Pause)
[12.024s][info][gc,task        ] GC(241) Using 23 workers of 23 for evacuation
[12.030s][info][gc,phases      ] GC(241)   Pre Evacuate Collection Set: 0.1ms
[12.030s][info][gc,phases      ] GC(241)   Merge Heap Roots: 0.4ms
[12.030s][info][gc,phases      ] GC(241)   Evacuate Collection Set: 4.7ms
[12.030s][info][gc,phases      ] GC(241)   Post Evacuate Collection Set: 0.5ms
[12.030s][info][gc,phases      ] GC(241)   Other: 0.1ms
[12.030s][info][gc,heap        ] GC(241) Eden regions: 44->0(44)
[12.030s][info][gc,heap        ] GC(241) Survivor regions: 7->7(7)
[12.030s][info][gc,heap        ] GC(241) Old regions: 827->871
[12.030s][info][gc,heap        ] GC(241) Archive regions: 0->0
[12.030s][info][gc,heap        ] GC(241) Humongous regions: 2->2
[12.030s][info][gc,metaspace   ] GC(241) Metaspace: 8187K(8384K)->8187K(8384K) NonClass: 7455K(7552K)->7455K(7552K) Class: 731K(832K)->731K(832K)
[12.030s][info][gc             ] GC(241) Pause Young (Prepare Mixed) (G1 Evacuation Pause) 866M->867M(1024M) 5.879ms
[12.030s][info][gc,cpu         ] GC(241) User=0.11s Sys=0.00s Real=0.01s
[INFO] Iteration: 37500000
[INFO] JVM Uptime: 12.04 seconds, OldGen Region Count: 871, OldGen Used Memory: 858.18 MB, OldGen Live Memory: 669.85 MB, Total count of old regions to be freed 187, Estimated memory to be freed: 46.75 MB, Estimated OldGen object count: 219695
[INFO] Average Region used: 98.53 %, Live percent of used: 78.05 %, Live percent of region size: 76.91 % 
[INFO] Number of keys in OldGen: 153113, Gap with estimated OldGen object: 66582 (260 MB) 
[INFO] Number of pre-LRU keys in OldGen: 246
[INFO] Iteration: 37600000
[INFO] JVM Uptime: 12.06 seconds, OldGen Region Count: 871, OldGen Used Memory: 858.18 MB, OldGen Live Memory: 669.85 MB, Total count of old regions to be freed 187, Estimated memory to be freed: 46.75 MB, Estimated OldGen object count: 219695
[INFO] Average Region used: 98.53 %, Live percent of used: 78.05 %, Live percent of region size: 76.91 % 
[INFO] Number of keys in OldGen: 148132, Gap with estimated OldGen object: 71563 (279 MB) 
[INFO] Number of pre-LRU keys in OldGen: 51
[12.080s][info][gc,start       ] GC(242) Pause Young (Mixed) (G1 Evacuation Pause)
[12.080s][info][gc,task        ] GC(242) Using 23 workers of 23 for evacuation
[12.088s][info][gc             ] GC(242) To-space exhausted
[12.088s][info][gc,phases      ] GC(242)   Pre Evacuate Collection Set: 0.1ms
[12.088s][info][gc,phases      ] GC(242)   Merge Heap Roots: 0.6ms
[12.088s][info][gc,phases      ] GC(242)   Evacuate Collection Set: 7.0ms
[12.088s][info][gc,phases      ] GC(242)   Post Evacuate Collection Set: 1.0ms
[12.089s][info][gc,phases      ] GC(242)   Other: 0.1ms
[12.089s][info][gc,heap        ] GC(242) Eden regions: 44->0(44)
[12.089s][info][gc,heap        ] GC(242) Survivor regions: 7->7(7)
[12.089s][info][gc,heap        ] GC(242) Old regions: 871->1006
[12.089s][info][gc,heap        ] GC(242) Archive regions: 0->0
[12.089s][info][gc,heap        ] GC(242) Humongous regions: 2->2
[12.089s][info][gc,metaspace   ] GC(242) Metaspace: 8187K(8384K)->8187K(8384K) NonClass: 7455K(7552K)->7455K(7552K) Class: 731K(832K)->731K(832K)
[12.089s][info][gc             ] GC(242) Pause Young (Mixed) (G1 Evacuation Pause) 911M->1007M(1024M) 8.826ms
[12.089s][info][gc,cpu         ] GC(242) User=0.16s Sys=0.01s Real=0.01s
[12.090s][info][gc,start       ] GC(243) Pause Young (Mixed) (G1 Preventive Collection)
[12.090s][info][gc,task        ] GC(243) Using 23 workers of 23 for evacuation
[12.095s][info][gc             ] GC(243) To-space exhausted
[12.096s][info][gc,phases      ] GC(243)   Pre Evacuate Collection Set: 0.1ms
[12.096s][info][gc,phases      ] GC(243)   Merge Heap Roots: 0.5ms
[12.096s][info][gc,phases      ] GC(243)   Evacuate Collection Set: 3.9ms
[12.096s][info][gc,phases      ] GC(243)   Post Evacuate Collection Set: 1.2ms
[12.096s][info][gc,phases      ] GC(243)   Other: 0.1ms
[12.096s][info][gc,heap        ] GC(243) Eden regions: 1->0(50)
[12.096s][info][gc,heap        ] GC(243) Survivor regions: 7->1(7)
[12.096s][info][gc,heap        ] GC(243) Old regions: 1006->1020
[12.096s][info][gc,heap        ] GC(243) Archive regions: 0->0
[12.096s][info][gc,heap        ] GC(243) Humongous regions: 2->2
[12.096s][info][gc,metaspace   ] GC(243) Metaspace: 8187K(8384K)->8187K(8384K) NonClass: 7455K(7552K)->7455K(7552K) Class: 731K(832K)->731K(832K)
[12.096s][info][gc             ] GC(243) Pause Young (Mixed) (G1 Preventive Collection) 1008M->1015M(1024M) 5.784ms
[12.096s][info][gc,cpu         ] GC(243) User=0.09s Sys=0.01s Real=0.00s
[12.097s][info][gc,start       ] GC(244) Pause Young (Mixed) (G1 Evacuation Pause)
[12.097s][info][gc,task        ] GC(244) Using 23 workers of 23 for evacuation
[12.101s][info][gc             ] GC(244) To-space exhausted
[12.101s][info][gc,phases      ] GC(244)   Pre Evacuate Collection Set: 0.1ms
[12.101s][info][gc,phases      ] GC(244)   Merge Heap Roots: 0.5ms
[12.101s][info][gc,phases      ] GC(244)   Evacuate Collection Set: 2.7ms
[12.101s][info][gc,phases      ] GC(244)   Post Evacuate Collection Set: 1.2ms
[12.101s][info][gc,phases      ] GC(244)   Other: 0.1ms
[12.101s][info][gc,heap        ] GC(244) Eden regions: 1->0(51)
[12.101s][info][gc,heap        ] GC(244) Survivor regions: 1->0(0)
[12.101s][info][gc,heap        ] GC(244) Old regions: 1020->1022
[12.101s][info][gc,heap        ] GC(244) Archive regions: 0->0
[12.101s][info][gc,heap        ] GC(244) Humongous regions: 2->2
[12.101s][info][gc,metaspace   ] GC(244) Metaspace: 8187K(8384K)->8187K(8384K) NonClass: 7455K(7552K)->7455K(7552K) Class: 731K(832K)->731K(832K)
[12.101s][info][gc             ] GC(244) Pause Young (Mixed) (G1 Evacuation Pause) 1016M->1016M(1024M) 4.630ms
[12.101s][info][gc,cpu         ] GC(244) User=0.07s Sys=0.00s Real=0.00s
[12.101s][info][gc,ergo        ] Attempting full compaction
[12.101s][info][gc,task        ] GC(245) Using 23 workers of 23 for full compaction
[12.102s][info][gc,start       ] GC(245) Pause Full (G1 Compaction Pause)
[12.102s][info][gc,phases,start] GC(245) Phase 1: Mark live objects
[12.106s][info][gc,phases      ] GC(245) Phase 1: Mark live objects 4.342ms
[12.106s][info][gc,phases,start] GC(245) Phase 2: Prepare for compaction
[12.107s][info][gc,phases      ] GC(245) Phase 2: Prepare for compaction 1.439ms
[12.107s][info][gc,phases,start] GC(245) Phase 3: Adjust pointers
[12.110s][info][gc,phases      ] GC(245) Phase 3: Adjust pointers 2.817ms
[12.110s][info][gc,phases,start] GC(245) Phase 4: Compact heap
[12.132s][info][gc,phases      ] GC(245) Phase 4: Compact heap 21.235ms
[12.132s][info][gc,heap        ] GC(245) Eden regions: 0->0(90)
[12.132s][info][gc,heap        ] GC(245) Survivor regions: 0->0(0)
[12.132s][info][gc,heap        ] GC(245) Old regions: 1022->641
[12.132s][info][gc,heap        ] GC(245) Archive regions: 0->0
[12.132s][info][gc,heap        ] GC(245) Humongous regions: 2->2
[12.132s][info][gc,metaspace   ] GC(245) Metaspace: 8187K(8384K)->8187K(8384K) NonClass: 7455K(7552K)->7455K(7552K) Class: 731K(832K)->731K(832K)
[12.132s][info][gc             ] GC(245) Pause Full (G1 Compaction Pause) 1016M->630M(1024M) 30.824ms
[12.133s][info][gc,cpu         ] GC(245) User=0.50s Sys=0.03s Real=0.03s
[INFO] Iteration: 37700000
[INFO] JVM Uptime: 12.14 seconds, OldGen Region Count: 641, OldGen Used Memory: 628.05 MB, OldGen Live Memory: 628.05 MB, Total count of old regions to be freed 0, Estimated memory to be freed: 0.00 MB, Estimated OldGen object count: 160779
[INFO] Average Region used: 97.98 %, Live percent of used: 100.00 %, Live percent of region size: 97.98 % 
[INFO] Number of keys in OldGen: 155685, Gap with estimated OldGen object: 5094 (19 MB) 
[INFO] Number of pre-LRU keys in OldGen: 319
[INFO] Iteration: 37800000
[INFO] JVM Uptime: 12.16 seconds, OldGen Region Count: 641, OldGen Used Memory: 628.05 MB, OldGen Live Memory: 628.05 MB, Total count of old regions to be freed 0, Estimated memory to be freed: 0.00 MB, Estimated OldGen object count: 160779
[INFO] Average Region used: 97.98 %, Live percent of used: 100.00 %, Live percent of region size: 97.98 % 
[INFO] Number of keys in OldGen: 150650, Gap with estimated OldGen object: 10129 (39 MB) 
[INFO] Number of pre-LRU keys in OldGen: 65
[INFO] Iteration: 37900000
[INFO] JVM Uptime: 12.19 seconds, OldGen Region Count: 641, OldGen Used Memory: 628.05 MB, OldGen Live Memory: 628.05 MB, Total count of old regions to be freed 0, Estimated memory to be freed: 0.00 MB, Estimated OldGen object count: 160779
[INFO] Average Region used: 97.98 %, Live percent of used: 100.00 %, Live percent of region size: 97.98 % 
[INFO] Number of keys in OldGen: 145596, Gap with estimated OldGen object: 15183 (59 MB) 
[INFO] Number of pre-LRU keys in OldGen: 46
[INFO] Iteration: 38000000
[INFO] JVM Uptime: 12.21 seconds, OldGen Region Count: 641, OldGen Used Memory: 628.05 MB, OldGen Live Memory: 628.05 MB, Total count of old regions to be freed 0, Estimated memory to be freed: 0.00 MB, Estimated OldGen object count: 160779
[INFO] Average Region used: 97.98 %, Live percent of used: 100.00 %, Live percent of region size: 97.98 % 
[INFO] Number of keys in OldGen: 140653, Gap with estimated OldGen object: 20126 (78 MB) 
[INFO] Number of pre-LRU keys in OldGen: 54
[12.225s][info][gc,start       ] GC(246) Pause Young (Normal) (G1 Evacuation Pause)
[12.225s][info][gc,task        ] GC(246) Using 23 workers of 23 for evacuation
[12.231s][info][gc,phases      ] GC(246)   Pre Evacuate Collection Set: 0.2ms
[12.231s][info][gc,phases      ] GC(246)   Merge Heap Roots: 0.4ms
[12.231s][info][gc,phases      ] GC(246)   Evacuate Collection Set: 5.6ms
[12.231s][info][gc,phases      ] GC(246)   Post Evacuate Collection Set: 0.4ms
[12.231s][info][gc,phases      ] GC(246)   Other: 0.1ms
[12.231s][info][gc,heap        ] GC(246) Eden regions: 90->0(61)
[12.231s][info][gc,heap        ] GC(246) Survivor regions: 0->12(12)
[12.231s][info][gc,heap        ] GC(246) Old regions: 641->717
[12.231s][info][gc,heap        ] GC(246) Archive regions: 0->0
[12.231s][info][gc,heap        ] GC(246) Humongous regions: 2->2
[12.231s][info][gc,metaspace   ] GC(246) Metaspace: 8187K(8384K)->8187K(8384K) NonClass: 7455K(7552K)->7455K(7552K) Class: 731K(832K)->731K(832K)
[12.231s][info][gc             ] GC(246) Pause Young (Normal) (G1 Evacuation Pause) 720M->718M(1024M) 6.630ms
[12.231s][info][gc,cpu         ] GC(246) User=0.12s Sys=0.00s Real=0.01s
[INFO] Iteration: 38100000
[INFO] JVM Uptime: 12.23 seconds, OldGen Region Count: 717, OldGen Used Memory: 704.03 MB, OldGen Live Memory: 704.03 MB, Total count of old regions to be freed 0, Estimated memory to be freed: 0.00 MB, Estimated OldGen object count: 180231
[INFO] Average Region used: 98.19 %, Live percent of used: 100.00 %, Live percent of region size: 98.19 % 
[INFO] Number of keys in OldGen: 153572, Gap with estimated OldGen object: 26659 (104 MB) 
[INFO] Number of pre-LRU keys in OldGen: 359
[INFO] Iteration: 38200000
[INFO] JVM Uptime: 12.26 seconds, OldGen Region Count: 717, OldGen Used Memory: 704.03 MB, OldGen Live Memory: 704.03 MB, Total count of old regions to be freed 0, Estimated memory to be freed: 0.00 MB, Estimated OldGen object count: 180231
[INFO] Average Region used: 98.19 %, Live percent of used: 100.00 %, Live percent of region size: 98.19 % 
[INFO] Number of keys in OldGen: 148593, Gap with estimated OldGen object: 31638 (123 MB) 
[INFO] Number of pre-LRU keys in OldGen: 43
[INFO] Iteration: 38300000
[INFO] JVM Uptime: 12.28 seconds, OldGen Region Count: 717, OldGen Used Memory: 704.03 MB, OldGen Live Memory: 704.03 MB, Total count of old regions to be freed 0, Estimated memory to be freed: 0.00 MB, Estimated OldGen object count: 180231
[INFO] Average Region used: 98.19 %, Live percent of used: 100.00 %, Live percent of region size: 98.19 % 
[INFO] Number of keys in OldGen: 143588, Gap with estimated OldGen object: 36643 (143 MB) 
[INFO] Number of pre-LRU keys in OldGen: 58
[12.298s][info][gc,start       ] GC(247) Pause Young (Normal) (G1 Evacuation Pause)
[12.298s][info][gc,task        ] GC(247) Using 23 workers of 23 for evacuation
[12.304s][info][gc,phases      ] GC(247)   Pre Evacuate Collection Set: 0.1ms
[12.304s][info][gc,phases      ] GC(247)   Merge Heap Roots: 0.4ms
[12.304s][info][gc,phases      ] GC(247)   Evacuate Collection Set: 4.9ms
[12.304s][info][gc,phases      ] GC(247)   Post Evacuate Collection Set: 0.5ms
[12.304s][info][gc,phases      ] GC(247)   Other: 0.1ms
[12.304s][info][gc,heap        ] GC(247) Eden regions: 61->0(41)
[12.304s][info][gc,heap        ] GC(247) Survivor regions: 12->10(10)
[12.304s][info][gc,heap        ] GC(247) Old regions: 717->780
[12.304s][info][gc,heap        ] GC(247) Archive regions: 0->0
[12.304s][info][gc,heap        ] GC(247) Humongous regions: 2->2
[12.304s][info][gc,metaspace   ] GC(247) Metaspace: 8187K(8384K)->8187K(8384K) NonClass: 7455K(7552K)->7455K(7552K) Class: 731K(832K)->731K(832K)
[12.304s][info][gc             ] GC(247) Pause Young (Normal) (G1 Evacuation Pause) 779M->779M(1024M) 6.052ms
[12.304s][info][gc,cpu         ] GC(247) User=0.12s Sys=0.00s Real=0.00s
[INFO] Iteration: 38400000
[INFO] JVM Uptime: 12.31 seconds, OldGen Region Count: 780, OldGen Used Memory: 767.05 MB, OldGen Live Memory: 767.05 MB, Total count of old regions to be freed 0, Estimated memory to be freed: 0.00 MB, Estimated OldGen object count: 196363
[INFO] Average Region used: 98.34 %, Live percent of used: 100.00 %, Live percent of region size: 98.34 % 
[INFO] Number of keys in OldGen: 153174, Gap with estimated OldGen object: 43189 (168 MB) 
[INFO] Number of pre-LRU keys in OldGen: 287
[INFO] Iteration: 38500000
[INFO] JVM Uptime: 12.33 seconds, OldGen Region Count: 780, OldGen Used Memory: 767.05 MB, OldGen Live Memory: 767.05 MB, Total count of old regions to be freed 0, Estimated memory to be freed: 0.00 MB, Estimated OldGen object count: 196363
[INFO] Average Region used: 98.34 %, Live percent of used: 100.00 %, Live percent of region size: 98.34 % 
[INFO] Number of keys in OldGen: 148094, Gap with estimated OldGen object: 48269 (188 MB) 
[INFO] Number of pre-LRU keys in OldGen: 56
[12.352s][info][gc,start       ] GC(248) Pause Young (Concurrent Start) (G1 Evacuation Pause)
[12.352s][info][gc,task        ] GC(248) Using 23 workers of 23 for evacuation
[12.357s][info][gc,phases      ] GC(248)   Pre Evacuate Collection Set: 0.1ms
[12.357s][info][gc,phases      ] GC(248)   Merge Heap Roots: 0.4ms
[12.357s][info][gc,phases      ] GC(248)   Evacuate Collection Set: 4.3ms
[12.357s][info][gc,phases      ] GC(248)   Post Evacuate Collection Set: 0.2ms
[12.357s][info][gc,phases      ] GC(248)   Other: 0.1ms
[12.357s][info][gc,heap        ] GC(248) Eden regions: 41->0(44)
[12.357s][info][gc,heap        ] GC(248) Survivor regions: 10->7(7)
[12.357s][info][gc,heap        ] GC(248) Old regions: 780->828
[12.357s][info][gc,heap        ] GC(248) Archive regions: 0->0
[12.357s][info][gc,heap        ] GC(248) Humongous regions: 2->2
[12.357s][info][gc,metaspace   ] GC(248) Metaspace: 8187K(8384K)->8187K(8384K) NonClass: 7455K(7552K)->7455K(7552K) Class: 731K(832K)->731K(832K)
[12.357s][info][gc             ] GC(248) Pause Young (Concurrent Start) (G1 Evacuation Pause) 820M->823M(1024M) 5.160ms
[12.357s][info][gc,cpu         ] GC(248) User=0.11s Sys=0.00s Real=0.01s
[12.357s][info][gc             ] GC(249) Concurrent Mark Cycle
[12.357s][info][gc,marking     ] GC(249) Concurrent Clear Claimed Marks
[12.357s][info][gc,marking     ] GC(249) Concurrent Clear Claimed Marks 0.011ms
[12.357s][info][gc,marking     ] GC(249) Concurrent Scan Root Regions
[12.358s][info][gc,marking     ] GC(249) Concurrent Scan Root Regions 0.585ms
[12.358s][info][gc,marking     ] GC(249) Concurrent Mark
[12.358s][info][gc,marking     ] GC(249) Concurrent Mark From Roots
[12.358s][info][gc,task        ] GC(249) Using 6 workers of 6 for marking
[12.364s][info][gc,marking     ] GC(249) Concurrent Mark From Roots 6.644ms
[12.364s][info][gc,marking     ] GC(249) Concurrent Preclean
[12.364s][info][gc,marking     ] GC(249) Concurrent Preclean 0.084ms
[12.364s][info][gc,start       ] GC(249) Pause Remark
[12.366s][info][gc             ] GC(249) Pause Remark 830M->830M(1024M) 1.954ms
[12.366s][info][gc,cpu         ] GC(249) User=0.00s Sys=0.00s Real=0.00s
[12.366s][info][gc,marking     ] GC(249) Concurrent Mark 8.825ms
[12.366s][info][gc,marking     ] GC(249) Concurrent Rebuild Remembered Sets
[INFO] Iteration: 38600000
[12.379s][info][gc,marking     ] GC(249) Concurrent Rebuild Remembered Sets 12.699ms
[12.379s][info][gc,start       ] GC(249) Pause Cleanup
[12.380s][info][gc             ] GC(249) Pause Cleanup 832M->832M(1024M) 0.444ms
[12.380s][info][gc,cpu         ] GC(249) User=0.00s Sys=0.00s Real=0.00s
[12.380s][info][gc,marking     ] GC(249) Concurrent Cleanup for Next Mark
[12.380s][info][gc,marking     ] GC(249) Concurrent Cleanup for Next Mark 0.377ms
[12.380s][info][gc             ] GC(249) Concurrent Mark Cycle 23.126ms
[INFO] JVM Uptime: 12.37 seconds, OldGen Region Count: 828, OldGen Used Memory: 814.54 MB, OldGen Live Memory: 626.07 MB, Total count of old regions to be freed 185, Estimated memory to be freed: 47.88 MB, Estimated OldGen object count: 208522
[INFO] Average Region used: 98.37 %, Live percent of used: 76.86 %, Live percent of region size: 75.61 % 
[INFO] Number of keys in OldGen: 153492, Gap with estimated OldGen object: 55030 (214 MB) 
[INFO] Number of pre-LRU keys in OldGen: 242
[INFO] Iteration: 38700000
[INFO] JVM Uptime: 12.40 seconds, OldGen Region Count: 828, OldGen Used Memory: 814.54 MB, OldGen Live Memory: 626.07 MB, Total count of old regions to be freed 185, Estimated memory to be freed: 47.88 MB, Estimated OldGen object count: 208522
[INFO] Average Region used: 98.37 %, Live percent of used: 76.86 %, Live percent of region size: 75.61 % 
[INFO] Number of keys in OldGen: 148674, Gap with estimated OldGen object: 59848 (233 MB) 
[INFO] Number of pre-LRU keys in OldGen: 67
[12.416s][info][gc,start       ] GC(250) Pause Young (Prepare Mixed) (G1 Evacuation Pause)
[12.416s][info][gc,task        ] GC(250) Using 23 workers of 23 for evacuation
[12.422s][info][gc,phases      ] GC(250)   Pre Evacuate Collection Set: 0.1ms
[12.422s][info][gc,phases      ] GC(250)   Merge Heap Roots: 0.4ms
[12.422s][info][gc,phases      ] GC(250)   Evacuate Collection Set: 4.6ms
[12.422s][info][gc,phases      ] GC(250)   Post Evacuate Collection Set: 0.9ms
[12.422s][info][gc,phases      ] GC(250)   Other: 0.1ms
[12.422s][info][gc,heap        ] GC(250) Eden regions: 44->0(44)
[12.422s][info][gc,heap        ] GC(250) Survivor regions: 7->7(7)
[12.422s][info][gc,heap        ] GC(250) Old regions: 828->874
[12.422s][info][gc,heap        ] GC(250) Archive regions: 0->0
[12.422s][info][gc,heap        ] GC(250) Humongous regions: 2->2
[12.422s][info][gc,metaspace   ] GC(250) Metaspace: 8187K(8384K)->8187K(8384K) NonClass: 7455K(7552K)->7455K(7552K) Class: 731K(832K)->731K(832K)
[12.422s][info][gc             ] GC(250) Pause Young (Prepare Mixed) (G1 Evacuation Pause) 867M->869M(1024M) 6.062ms
[12.422s][info][gc,cpu         ] GC(250) User=0.10s Sys=0.00s Real=0.01s
[INFO] Iteration: 38800000
[INFO] JVM Uptime: 12.43 seconds, OldGen Region Count: 874, OldGen Used Memory: 860.44 MB, OldGen Live Memory: 671.97 MB, Total count of old regions to be freed 185, Estimated memory to be freed: 47.88 MB, Estimated OldGen object count: 220271
[INFO] Average Region used: 98.45 %, Live percent of used: 78.10 %, Live percent of region size: 76.88 % 
[INFO] Number of keys in OldGen: 153925, Gap with estimated OldGen object: 66346 (259 MB) 
[INFO] Number of pre-LRU keys in OldGen: 277
[INFO] Iteration: 38900000
[INFO] JVM Uptime: 12.45 seconds, OldGen Region Count: 874, OldGen Used Memory: 860.44 MB, OldGen Live Memory: 671.97 MB, Total count of old regions to be freed 185, Estimated memory to be freed: 47.88 MB, Estimated OldGen object count: 220271
[INFO] Average Region used: 98.45 %, Live percent of used: 78.10 %, Live percent of region size: 76.88 % 
[INFO] Number of keys in OldGen: 148961, Gap with estimated OldGen object: 71310 (278 MB) 
[INFO] Number of pre-LRU keys in OldGen: 47
[12.474s][info][gc,start       ] GC(251) Pause Young (Mixed) (G1 Evacuation Pause)
[12.474s][info][gc,task        ] GC(251) Using 23 workers of 23 for evacuation
[12.484s][info][gc             ] GC(251) To-space exhausted
[12.484s][info][gc,phases      ] GC(251)   Pre Evacuate Collection Set: 0.2ms
[12.484s][info][gc,phases      ] GC(251)   Merge Heap Roots: 0.6ms
[12.484s][info][gc,phases      ] GC(251)   Evacuate Collection Set: 7.5ms
[12.484s][info][gc,phases      ] GC(251)   Post Evacuate Collection Set: 1.7ms
[12.484s][info][gc,phases      ] GC(251)   Other: 0.1ms
[12.484s][info][gc,heap        ] GC(251) Eden regions: 44->0(44)
[12.484s][info][gc,heap        ] GC(251) Survivor regions: 7->7(7)
[12.484s][info][gc,heap        ] GC(251) Old regions: 874->1006
[12.484s][info][gc,heap        ] GC(251) Archive regions: 0->0
[12.484s][info][gc,heap        ] GC(251) Humongous regions: 2->2
[12.484s][info][gc,metaspace   ] GC(251) Metaspace: 8187K(8384K)->8187K(8384K) NonClass: 7455K(7552K)->7455K(7552K) Class: 731K(832K)->731K(832K)
[12.484s][info][gc             ] GC(251) Pause Young (Mixed) (G1 Evacuation Pause) 913M->1006M(1024M) 10.118ms
[12.484s][info][gc,cpu         ] GC(251) User=0.16s Sys=0.02s Real=0.01s
[12.486s][info][gc,start       ] GC(252) Pause Young (Mixed) (G1 Preventive Collection)
[12.486s][info][gc,task        ] GC(252) Using 23 workers of 23 for evacuation
[12.492s][info][gc             ] GC(252) To-space exhausted
[12.492s][info][gc,phases      ] GC(252)   Pre Evacuate Collection Set: 0.4ms
[12.492s][info][gc,phases      ] GC(252)   Merge Heap Roots: 0.7ms
[12.492s][info][gc,phases      ] GC(252)   Evacuate Collection Set: 4.4ms
[12.492s][info][gc,phases      ] GC(252)   Post Evacuate Collection Set: 0.9ms
[12.492s][info][gc,phases      ] GC(252)   Other: 0.1ms
[12.492s][info][gc,heap        ] GC(252) Eden regions: 1->0(50)
[12.492s][info][gc,heap        ] GC(252) Survivor regions: 7->1(7)
[12.492s][info][gc,heap        ] GC(252) Old regions: 1006->1020
[12.492s][info][gc,heap        ] GC(252) Archive regions: 0->0
[12.492s][info][gc,heap        ] GC(252) Humongous regions: 2->2
[12.492s][info][gc,metaspace   ] GC(252) Metaspace: 8187K(8384K)->8187K(8384K) NonClass: 7455K(7552K)->7455K(7552K) Class: 731K(832K)->731K(832K)
[12.492s][info][gc             ] GC(252) Pause Young (Mixed) (G1 Preventive Collection) 1007M->1014M(1024M) 6.523ms
[12.492s][info][gc,cpu         ] GC(252) User=0.11s Sys=0.00s Real=0.01s
[12.493s][info][gc,start       ] GC(253) Pause Young (Mixed) (G1 Evacuation Pause)
[12.493s][info][gc,task        ] GC(253) Using 23 workers of 23 for evacuation
[12.498s][info][gc             ] GC(253) To-space exhausted
[12.498s][info][gc,phases      ] GC(253)   Pre Evacuate Collection Set: 0.2ms
[12.498s][info][gc,phases      ] GC(253)   Merge Heap Roots: 0.6ms
[12.498s][info][gc,phases      ] GC(253)   Evacuate Collection Set: 2.8ms
[12.498s][info][gc,phases      ] GC(253)   Post Evacuate Collection Set: 0.9ms
[12.498s][info][gc,phases      ] GC(253)   Other: 0.1ms
[12.498s][info][gc,heap        ] GC(253) Eden regions: 1->0(51)
[12.498s][info][gc,heap        ] GC(253) Survivor regions: 1->0(0)
[12.498s][info][gc,heap        ] GC(253) Old regions: 1020->1022
[12.498s][info][gc,heap        ] GC(253) Archive regions: 0->0
[12.498s][info][gc,heap        ] GC(253) Humongous regions: 2->2
[12.498s][info][gc,metaspace   ] GC(253) Metaspace: 8187K(8384K)->8187K(8384K) NonClass: 7455K(7552K)->7455K(7552K) Class: 731K(832K)->731K(832K)
[12.498s][info][gc             ] GC(253) Pause Young (Mixed) (G1 Evacuation Pause) 1015M->1015M(1024M) 4.535ms
[12.498s][info][gc,cpu         ] GC(253) User=0.08s Sys=0.00s Real=0.01s
[12.498s][info][gc,ergo        ] Attempting full compaction
[12.498s][info][gc,task        ] GC(254) Using 23 workers of 23 for full compaction
[12.498s][info][gc,start       ] GC(254) Pause Full (G1 Compaction Pause)
[12.498s][info][gc,phases,start] GC(254) Phase 1: Mark live objects
[12.505s][info][gc,phases      ] GC(254) Phase 1: Mark live objects 6.506ms
[12.505s][info][gc,phases,start] GC(254) Phase 2: Prepare for compaction
[12.506s][info][gc,phases      ] GC(254) Phase 2: Prepare for compaction 1.490ms
[12.506s][info][gc,phases,start] GC(254) Phase 3: Adjust pointers
[12.508s][info][gc,phases      ] GC(254) Phase 3: Adjust pointers 2.243ms
[12.508s][info][gc,phases,start] GC(254) Phase 4: Compact heap
[12.530s][info][gc,phases      ] GC(254) Phase 4: Compact heap 21.699ms
[12.531s][info][gc,heap        ] GC(254) Eden regions: 0->0(91)
[12.531s][info][gc,heap        ] GC(254) Survivor regions: 0->0(0)
[12.531s][info][gc,heap        ] GC(254) Old regions: 1022->641
[12.531s][info][gc,heap        ] GC(254) Archive regions: 0->0
[12.531s][info][gc,heap        ] GC(254) Humongous regions: 2->2
[12.531s][info][gc,metaspace   ] GC(254) Metaspace: 8187K(8384K)->8187K(8384K) NonClass: 7455K(7552K)->7455K(7552K) Class: 731K(832K)->731K(832K)
[12.531s][info][gc             ] GC(254) Pause Full (G1 Compaction Pause) 1015M->630M(1024M) 33.004ms
[12.531s][info][gc,cpu         ] GC(254) User=0.50s Sys=0.03s Real=0.03s
[INFO] Iteration: 39000000
[INFO] JVM Uptime: 12.53 seconds, OldGen Region Count: 641, OldGen Used Memory: 628.22 MB, OldGen Live Memory: 628.22 MB, Total count of old regions to be freed 0, Estimated memory to be freed: 0.00 MB, Estimated OldGen object count: 160825
[INFO] Average Region used: 98.01 %, Live percent of used: 100.00 %, Live percent of region size: 98.01 % 
[INFO] Number of keys in OldGen: 156477, Gap with estimated OldGen object: 4348 (16 MB) 
[INFO] Number of pre-LRU keys in OldGen: 369
[INFO] Iteration: 39100000
[INFO] JVM Uptime: 12.56 seconds, OldGen Region Count: 641, OldGen Used Memory: 628.22 MB, OldGen Live Memory: 628.22 MB, Total count of old regions to be freed 0, Estimated memory to be freed: 0.00 MB, Estimated OldGen object count: 160825
[INFO] Average Region used: 98.01 %, Live percent of used: 100.00 %, Live percent of region size: 98.01 % 
[INFO] Number of keys in OldGen: 151419, Gap with estimated OldGen object: 9406 (36 MB) 
[INFO] Number of pre-LRU keys in OldGen: 66
[INFO] Iteration: 39200000
[INFO] JVM Uptime: 12.58 seconds, OldGen Region Count: 641, OldGen Used Memory: 628.22 MB, OldGen Live Memory: 628.22 MB, Total count of old regions to be freed 0, Estimated memory to be freed: 0.00 MB, Estimated OldGen object count: 160825
[INFO] Average Region used: 98.01 %, Live percent of used: 100.00 %, Live percent of region size: 98.01 % 
[INFO] Number of keys in OldGen: 146396, Gap with estimated OldGen object: 14429 (56 MB) 
[INFO] Number of pre-LRU keys in OldGen: 52
[INFO] Iteration: 39300000
[INFO] JVM Uptime: 12.60 seconds, OldGen Region Count: 641, OldGen Used Memory: 628.22 MB, OldGen Live Memory: 628.22 MB, Total count of old regions to be freed 0, Estimated memory to be freed: 0.00 MB, Estimated OldGen object count: 160825
[INFO] Average Region used: 98.01 %, Live percent of used: 100.00 %, Live percent of region size: 98.01 % 
[INFO] Number of keys in OldGen: 141471, Gap with estimated OldGen object: 19354 (75 MB) 
[INFO] Number of pre-LRU keys in OldGen: 55
[INFO] Iteration: 39400000
[INFO] JVM Uptime: 12.62 seconds, OldGen Region Count: 641, OldGen Used Memory: 628.22 MB, OldGen Live Memory: 628.22 MB, Total count of old regions to be freed 0, Estimated memory to be freed: 0.00 MB, Estimated OldGen object count: 160825
[INFO] Average Region used: 98.01 %, Live percent of used: 100.00 %, Live percent of region size: 98.01 % 
[INFO] Number of keys in OldGen: 136506, Gap with estimated OldGen object: 24319 (94 MB) 
[INFO] Number of pre-LRU keys in OldGen: 59
[12.636s][info][gc,start       ] GC(255) Pause Young (Normal) (G1 Evacuation Pause)
[12.636s][info][gc,task        ] GC(255) Using 23 workers of 23 for evacuation
[12.642s][info][gc,phases      ] GC(255)   Pre Evacuate Collection Set: 0.1ms
[12.642s][info][gc,phases      ] GC(255)   Merge Heap Roots: 0.4ms
[12.642s][info][gc,phases      ] GC(255)   Evacuate Collection Set: 5.1ms
[12.642s][info][gc,phases      ] GC(255)   Post Evacuate Collection Set: 0.2ms
[12.642s][info][gc,phases      ] GC(255)   Other: 0.1ms
[12.642s][info][gc,heap        ] GC(255) Eden regions: 91->0(61)
[12.642s][info][gc,heap        ] GC(255) Survivor regions: 0->12(12)
[12.642s][info][gc,heap        ] GC(255) Old regions: 641->717
[12.642s][info][gc,heap        ] GC(255) Archive regions: 0->0
[12.642s][info][gc,heap        ] GC(255) Humongous regions: 2->2
[12.642s][info][gc,metaspace   ] GC(255) Metaspace: 8187K(8384K)->8187K(8384K) NonClass: 7455K(7552K)->7455K(7552K) Class: 731K(832K)->731K(832K)
[12.642s][info][gc             ] GC(255) Pause Young (Normal) (G1 Evacuation Pause) 721M->717M(1024M) 5.924ms
[12.642s][info][gc,cpu         ] GC(255) User=0.11s Sys=0.00s Real=0.01s
[INFO] Iteration: 39500000
[INFO] JVM Uptime: 12.65 seconds, OldGen Region Count: 717, OldGen Used Memory: 703.71 MB, OldGen Live Memory: 703.71 MB, Total count of old regions to be freed 0, Estimated memory to be freed: 0.00 MB, Estimated OldGen object count: 180148
[INFO] Average Region used: 98.15 %, Live percent of used: 100.00 %, Live percent of region size: 98.15 % 
[INFO] Number of keys in OldGen: 149631, Gap with estimated OldGen object: 30517 (119 MB) 
[INFO] Number of pre-LRU keys in OldGen: 73
[INFO] Iteration: 39600000
[INFO] JVM Uptime: 12.68 seconds, OldGen Region Count: 717, OldGen Used Memory: 703.71 MB, OldGen Live Memory: 703.71 MB, Total count of old regions to be freed 0, Estimated memory to be freed: 0.00 MB, Estimated OldGen object count: 180148
[INFO] Average Region used: 98.15 %, Live percent of used: 100.00 %, Live percent of region size: 98.15 % 
[INFO] Number of keys in OldGen: 144706, Gap with estimated OldGen object: 35442 (138 MB) 
[INFO] Number of pre-LRU keys in OldGen: 60
[12.697s][info][gc,start       ] GC(256) Pause Young (Normal) (G1 Evacuation Pause)
[12.697s][info][gc,task        ] GC(256) Using 23 workers of 23 for evacuation
[12.703s][info][gc,phases      ] GC(256)   Pre Evacuate Collection Set: 0.1ms
[12.703s][info][gc,phases      ] GC(256)   Merge Heap Roots: 0.4ms
[12.703s][info][gc,phases      ] GC(256)   Evacuate Collection Set: 4.9ms
[12.703s][info][gc,phases      ] GC(256)   Post Evacuate Collection Set: 0.6ms
[12.703s][info][gc,phases      ] GC(256)   Other: 0.1ms
[12.703s][info][gc,heap        ] GC(256) Eden regions: 61->0(41)
[12.703s][info][gc,heap        ] GC(256) Survivor regions: 12->10(10)
[12.703s][info][gc,heap        ] GC(256) Old regions: 717->781
[12.703s][info][gc,heap        ] GC(256) Archive regions: 0->0
[12.703s][info][gc,heap        ] GC(256) Humongous regions: 2->2
[12.703s][info][gc,metaspace   ] GC(256) Metaspace: 8187K(8384K)->8187K(8384K) NonClass: 7455K(7552K)->7455K(7552K) Class: 731K(832K)->731K(832K)
[12.703s][info][gc             ] GC(256) Pause Young (Normal) (G1 Evacuation Pause) 778M->780M(1024M) 6.225ms
[12.703s][info][gc,cpu         ] GC(256) User=0.11s Sys=0.00s Real=0.00s
[INFO] Iteration: 39700000
[INFO] JVM Uptime: 12.71 seconds, OldGen Region Count: 781, OldGen Used Memory: 768.22 MB, OldGen Live Memory: 768.22 MB, Total count of old regions to be freed 0, Estimated memory to be freed: 0.00 MB, Estimated OldGen object count: 196665
[INFO] Average Region used: 98.36 %, Live percent of used: 100.00 %, Live percent of region size: 98.36 % 
[INFO] Number of keys in OldGen: 154292, Gap with estimated OldGen object: 42373 (165 MB) 
[INFO] Number of pre-LRU keys in OldGen: 354
[INFO] Iteration: 39800000
[INFO] JVM Uptime: 12.73 seconds, OldGen Region Count: 781, OldGen Used Memory: 768.22 MB, OldGen Live Memory: 768.22 MB, Total count of old regions to be freed 0, Estimated memory to be freed: 0.00 MB, Estimated OldGen object count: 196665
[INFO] Average Region used: 98.36 %, Live percent of used: 100.00 %, Live percent of region size: 98.36 % 
[INFO] Number of keys in OldGen: 149253, Gap with estimated OldGen object: 47412 (185 MB) 
[INFO] Number of pre-LRU keys in OldGen: 51
[12.752s][info][gc,start       ] GC(257) Pause Young (Concurrent Start) (G1 Evacuation Pause)
[12.752s][info][gc,task        ] GC(257) Using 23 workers of 23 for evacuation
[12.758s][info][gc,phases      ] GC(257)   Pre Evacuate Collection Set: 0.1ms
[12.758s][info][gc,phases      ] GC(257)   Merge Heap Roots: 0.4ms
[12.758s][info][gc,phases      ] GC(257)   Evacuate Collection Set: 5.4ms
[12.758s][info][gc,phases      ] GC(257)   Post Evacuate Collection Set: 0.5ms
[12.758s][info][gc,phases      ] GC(257)   Other: 0.1ms
[12.758s][info][gc,heap        ] GC(257) Eden regions: 41->0(44)
[12.758s][info][gc,heap        ] GC(257) Survivor regions: 10->7(7)
[12.758s][info][gc,heap        ] GC(257) Old regions: 781->828
[12.758s][info][gc,heap        ] GC(257) Archive regions: 0->0
[12.758s][info][gc,heap        ] GC(257) Humongous regions: 2->2
[12.759s][info][gc,metaspace   ] GC(257) Metaspace: 8187K(8384K)->8187K(8384K) NonClass: 7455K(7552K)->7455K(7552K) Class: 731K(832K)->731K(832K)
[12.759s][info][gc             ] GC(257) Pause Young (Concurrent Start) (G1 Evacuation Pause) 821M->824M(1024M) 6.624ms
[12.759s][info][gc,cpu         ] GC(257) User=0.11s Sys=0.00s Real=0.01s
[12.759s][info][gc             ] GC(258) Concurrent Mark Cycle
[12.759s][info][gc,marking     ] GC(258) Concurrent Clear Claimed Marks
[12.759s][info][gc,marking     ] GC(258) Concurrent Clear Claimed Marks 0.020ms
[12.759s][info][gc,marking     ] GC(258) Concurrent Scan Root Regions
[12.759s][info][gc,marking     ] GC(258) Concurrent Scan Root Regions 0.687ms
[12.759s][info][gc,marking     ] GC(258) Concurrent Mark
[12.759s][info][gc,marking     ] GC(258) Concurrent Mark From Roots
[12.759s][info][gc,task        ] GC(258) Using 6 workers of 6 for marking
[INFO] Iteration: 39900000
[12.766s][info][gc,marking     ] GC(258) Concurrent Mark From Roots 6.988ms
[12.766s][info][gc,marking     ] GC(258) Concurrent Preclean
[12.766s][info][gc,marking     ] GC(258) Concurrent Preclean 0.081ms
[12.767s][info][gc,start       ] GC(258) Pause Remark
[12.769s][info][gc             ] GC(258) Pause Remark 828M->828M(1024M) 2.060ms
[12.769s][info][gc,cpu         ] GC(258) User=0.01s Sys=0.00s Real=0.00s
[12.769s][info][gc,marking     ] GC(258) Concurrent Mark 9.588ms
[12.769s][info][gc,marking     ] GC(258) Concurrent Rebuild Remembered Sets
[12.781s][info][gc,marking     ] GC(258) Concurrent Rebuild Remembered Sets 12.334ms
[12.781s][info][gc,start       ] GC(258) Pause Cleanup
[12.782s][info][gc             ] GC(258) Pause Cleanup 828M->828M(1024M) 0.458ms
[12.782s][info][gc,cpu         ] GC(258) User=0.00s Sys=0.00s Real=0.00s
[12.782s][info][gc,marking     ] GC(258) Concurrent Cleanup for Next Mark
[12.783s][info][gc,marking     ] GC(258) Concurrent Cleanup for Next Mark 0.468ms
[12.783s][info][gc             ] GC(258) Concurrent Mark Cycle 23.961ms
[INFO] JVM Uptime: 12.76 seconds, OldGen Region Count: 828, OldGen Used Memory: 815.22 MB, OldGen Live Memory: 815.22 MB, Total count of old regions to be freed 0, Estimated memory to be freed: 0.00 MB, Estimated OldGen object count: 208696
[INFO] Average Region used: 98.46 %, Live percent of used: 100.00 %, Live percent of region size: 98.46 % 
[INFO] Number of keys in OldGen: 154584, Gap with estimated OldGen object: 54112 (211 MB) 
[INFO] Number of pre-LRU keys in OldGen: 335
[INFO] Iteration: 40000000
[INFO] JVM Uptime: 12.80 seconds, OldGen Region Count: 828, OldGen Used Memory: 815.22 MB, OldGen Live Memory: 625.57 MB, Total count of old regions to be freed 166, Estimated memory to be freed: 45.92 MB, Estimated OldGen object count: 208696
[INFO] Average Region used: 98.46 %, Live percent of used: 76.74 %, Live percent of region size: 75.55 % 
[INFO] Number of keys in OldGen: 149597, Gap with estimated OldGen object: 59099 (230 MB) 
[INFO] Number of pre-LRU keys in OldGen: 49
[12.816s][info][gc,start       ] GC(259) Pause Young (Prepare Mixed) (G1 Evacuation Pause)
[12.816s][info][gc,task        ] GC(259) Using 23 workers of 23 for evacuation
[12.822s][info][gc,phases      ] GC(259)   Pre Evacuate Collection Set: 0.2ms
[12.822s][info][gc,phases      ] GC(259)   Merge Heap Roots: 0.4ms
[12.822s][info][gc,phases      ] GC(259)   Evacuate Collection Set: 4.4ms
[12.822s][info][gc,phases      ] GC(259)   Post Evacuate Collection Set: 0.5ms
[12.822s][info][gc,phases      ] GC(259)   Other: 0.1ms
[12.822s][info][gc,heap        ] GC(259) Eden regions: 44->0(44)
[12.822s][info][gc,heap        ] GC(259) Survivor regions: 7->7(7)
[12.822s][info][gc,heap        ] GC(259) Old regions: 828->874
[12.822s][info][gc,heap        ] GC(259) Archive regions: 0->0
[12.822s][info][gc,heap        ] GC(259) Humongous regions: 2->2
[12.822s][info][gc,metaspace   ] GC(259) Metaspace: 8187K(8384K)->8187K(8384K) NonClass: 7455K(7552K)->7455K(7552K) Class: 731K(832K)->731K(832K)
[12.822s][info][gc             ] GC(259) Pause Young (Prepare Mixed) (G1 Evacuation Pause) 868M->870M(1024M) 5.583ms
[12.822s][info][gc,cpu         ] GC(259) User=0.10s Sys=0.00s Real=0.01s
[INFO] Iteration: 40100000
[INFO] JVM Uptime: 12.82 seconds, OldGen Region Count: 874, OldGen Used Memory: 861.22 MB, OldGen Live Memory: 671.57 MB, Total count of old regions to be freed 166, Estimated memory to be freed: 45.92 MB, Estimated OldGen object count: 220473
[INFO] Average Region used: 98.54 %, Live percent of used: 77.98 %, Live percent of region size: 76.84 % 
[INFO] Number of keys in OldGen: 154852, Gap with estimated OldGen object: 65621 (256 MB) 
[INFO] Number of pre-LRU keys in OldGen: 344
[INFO] Iteration: 40200000
[INFO] JVM Uptime: 12.85 seconds, OldGen Region Count: 874, OldGen Used Memory: 861.22 MB, OldGen Live Memory: 671.57 MB, Total count of old regions to be freed 166, Estimated memory to be freed: 45.92 MB, Estimated OldGen object count: 220473
[INFO] Average Region used: 98.54 %, Live percent of used: 77.98 %, Live percent of region size: 76.84 % 
[INFO] Number of keys in OldGen: 149949, Gap with estimated OldGen object: 70524 (275 MB) 
[INFO] Number of pre-LRU keys in OldGen: 54
[12.873s][info][gc,start       ] GC(260) Pause Young (Mixed) (G1 Evacuation Pause)
[12.873s][info][gc,task        ] GC(260) Using 23 workers of 23 for evacuation
[12.882s][info][gc             ] GC(260) To-space exhausted
[12.882s][info][gc,phases      ] GC(260)   Pre Evacuate Collection Set: 0.1ms
[12.882s][info][gc,phases      ] GC(260)   Merge Heap Roots: 0.6ms
[12.882s][info][gc,phases      ] GC(260)   Evacuate Collection Set: 6.7ms
[12.882s][info][gc,phases      ] GC(260)   Post Evacuate Collection Set: 1.3ms
[12.882s][info][gc,phases      ] GC(260)   Other: 0.1ms
[12.882s][info][gc,heap        ] GC(260) Eden regions: 44->0(44)
[12.882s][info][gc,heap        ] GC(260) Survivor regions: 7->7(7)
[12.882s][info][gc,heap        ] GC(260) Old regions: 874->1010
[12.882s][info][gc,heap        ] GC(260) Archive regions: 0->0
[12.882s][info][gc,heap        ] GC(260) Humongous regions: 2->2
[12.882s][info][gc,metaspace   ] GC(260) Metaspace: 8187K(8384K)->8187K(8384K) NonClass: 7455K(7552K)->7455K(7552K) Class: 731K(832K)->731K(832K)
[12.882s][info][gc             ] GC(260) Pause Young (Mixed) (G1 Evacuation Pause) 914M->1008M(1024M) 8.782ms
[12.882s][info][gc,cpu         ] GC(260) User=0.17s Sys=0.00s Real=0.01s
[12.883s][info][gc,start       ] GC(261) Pause Young (Mixed) (G1 Preventive Collection)
[12.883s][info][gc,task        ] GC(261) Using 23 workers of 23 for evacuation
[12.889s][info][gc             ] GC(261) To-space exhausted
[12.889s][info][gc,phases      ] GC(261)   Pre Evacuate Collection Set: 0.1ms
[12.889s][info][gc,phases      ] GC(261)   Merge Heap Roots: 0.6ms
[12.889s][info][gc,phases      ] GC(261)   Evacuate Collection Set: 3.9ms
[12.889s][info][gc,phases      ] GC(261)   Post Evacuate Collection Set: 1.4ms
[12.889s][info][gc,phases      ] GC(261)   Other: 0.1ms
[12.889s][info][gc,heap        ] GC(261) Eden regions: 1->0(50)
[12.889s][info][gc,heap        ] GC(261) Survivor regions: 7->1(4)
[12.889s][info][gc,heap        ] GC(261) Old regions: 1010->1020
[12.889s][info][gc,heap        ] GC(261) Archive regions: 0->0
[12.889s][info][gc,heap        ] GC(261) Humongous regions: 2->2
[12.889s][info][gc,metaspace   ] GC(261) Metaspace: 8187K(8384K)->8187K(8384K) NonClass: 7455K(7552K)->7455K(7552K) Class: 731K(832K)->731K(832K)
[12.889s][info][gc             ] GC(261) Pause Young (Mixed) (G1 Preventive Collection) 1009M->1012M(1024M) 6.063ms
[12.889s][info][gc,cpu         ] GC(261) User=0.08s Sys=0.01s Real=0.01s
[INFO] Iteration: 40300000
[INFO] JVM Uptime: 12.89 seconds, OldGen Region Count: 1020, OldGen Used Memory: 1009.72 MB, OldGen Live Memory: 703.11 MB, Total count of old regions to be freed 216, Estimated memory to be freed: 108.63 MB, Estimated OldGen object count: 258487
[INFO] Average Region used: 98.99 %, Live percent of used: 69.63 %, Live percent of region size: 68.93 % 
[INFO] Number of keys in OldGen: 156892, Gap with estimated OldGen object: 101595 (396 MB) 
[INFO] Number of pre-LRU keys in OldGen: 416
[12.904s][info][gc,start       ] GC(262) Pause Young (Mixed) (G1 Evacuation Pause)
[12.904s][info][gc,task        ] GC(262) Using 23 workers of 23 for evacuation
[12.909s][info][gc             ] GC(262) To-space exhausted
[12.909s][info][gc,phases      ] GC(262)   Pre Evacuate Collection Set: 0.1ms
[12.909s][info][gc,phases      ] GC(262)   Merge Heap Roots: 0.6ms
[12.909s][info][gc,phases      ] GC(262)   Evacuate Collection Set: 2.9ms
[12.909s][info][gc,phases      ] GC(262)   Post Evacuate Collection Set: 0.9ms
[12.909s][info][gc,phases      ] GC(262)   Other: 0.1ms
[12.909s][info][gc,heap        ] GC(262) Eden regions: 1->0(51)
[12.909s][info][gc,heap        ] GC(262) Survivor regions: 1->0(0)
[12.909s][info][gc,heap        ] GC(262) Old regions: 1020->1022
[12.909s][info][gc,heap        ] GC(262) Archive regions: 0->0
[12.909s][info][gc,heap        ] GC(262) Humongous regions: 2->2
[12.909s][info][gc,metaspace   ] GC(262) Metaspace: 8187K(8384K)->8187K(8384K) NonClass: 7455K(7552K)->7455K(7552K) Class: 731K(832K)->731K(832K)
[12.909s][info][gc             ] GC(262) Pause Young (Mixed) (G1 Evacuation Pause) 1013M->1013M(1024M) 4.622ms
[12.909s][info][gc,cpu         ] GC(262) User=0.07s Sys=0.00s Real=0.01s
[12.909s][info][gc,ergo        ] Attempting full compaction
[12.909s][info][gc,task        ] GC(263) Using 23 workers of 23 for full compaction
[12.909s][info][gc,start       ] GC(263) Pause Full (G1 Compaction Pause)
[12.909s][info][gc,phases,start] GC(263) Phase 1: Mark live objects
[12.913s][info][gc,phases      ] GC(263) Phase 1: Mark live objects 4.201ms
[12.913s][info][gc,phases,start] GC(263) Phase 2: Prepare for compaction
[12.915s][info][gc,phases      ] GC(263) Phase 2: Prepare for compaction 1.479ms
[12.915s][info][gc,phases,start] GC(263) Phase 3: Adjust pointers
[12.917s][info][gc,phases      ] GC(263) Phase 3: Adjust pointers 2.284ms
[12.917s][info][gc,phases,start] GC(263) Phase 4: Compact heap
[12.938s][info][gc,phases      ] GC(263) Phase 4: Compact heap 21.074ms
[12.939s][info][gc,heap        ] GC(263) Eden regions: 0->0(91)
[12.939s][info][gc,heap        ] GC(263) Survivor regions: 0->0(0)
[12.939s][info][gc,heap        ] GC(263) Old regions: 1022->639
[12.939s][info][gc,heap        ] GC(263) Archive regions: 0->0
[12.939s][info][gc,heap        ] GC(263) Humongous regions: 2->2
[12.939s][info][gc,metaspace   ] GC(263) Metaspace: 8187K(8384K)->8187K(8384K) NonClass: 7455K(7552K)->7455K(7552K) Class: 731K(832K)->731K(832K)
[12.939s][info][gc             ] GC(263) Pause Full (G1 Compaction Pause) 1013M->630M(1024M) 29.966ms
[12.939s][info][gc,cpu         ] GC(263) User=0.50s Sys=0.01s Real=0.03s
[INFO] Iteration: 40400000
[INFO] JVM Uptime: 12.95 seconds, OldGen Region Count: 639, OldGen Used Memory: 628.03 MB, OldGen Live Memory: 628.03 MB, Total count of old regions to be freed 0, Estimated memory to be freed: 0.00 MB, Estimated OldGen object count: 160775
[INFO] Average Region used: 98.28 %, Live percent of used: 100.00 %, Live percent of region size: 98.28 % 
[INFO] Number of keys in OldGen: 152390, Gap with estimated OldGen object: 8385 (32 MB) 
[INFO] Number of pre-LRU keys in OldGen: 54
[INFO] Iteration: 40500000
[INFO] JVM Uptime: 12.98 seconds, OldGen Region Count: 639, OldGen Used Memory: 628.03 MB, OldGen Live Memory: 628.03 MB, Total count of old regions to be freed 0, Estimated memory to be freed: 0.00 MB, Estimated OldGen object count: 160775
[INFO] Average Region used: 98.28 %, Live percent of used: 100.00 %, Live percent of region size: 98.28 % 
[INFO] Number of keys in OldGen: 147429, Gap with estimated OldGen object: 13346 (52 MB) 
[INFO] Number of pre-LRU keys in OldGen: 73
[INFO] Iteration: 40600000
[INFO] JVM Uptime: 13.00 seconds, OldGen Region Count: 639, OldGen Used Memory: 628.03 MB, OldGen Live Memory: 628.03 MB, Total count of old regions to be freed 0, Estimated memory to be freed: 0.00 MB, Estimated OldGen object count: 160775
[INFO] Average Region used: 98.28 %, Live percent of used: 100.00 %, Live percent of region size: 98.28 % 
[INFO] Number of keys in OldGen: 142428, Gap with estimated OldGen object: 18347 (71 MB) 
[INFO] Number of pre-LRU keys in OldGen: 57
[INFO] Iteration: 40700000
[INFO] JVM Uptime: 13.02 seconds, OldGen Region Count: 639, OldGen Used Memory: 628.03 MB, OldGen Live Memory: 628.03 MB, Total count of old regions to be freed 0, Estimated memory to be freed: 0.00 MB, Estimated OldGen object count: 160775
[INFO] Average Region used: 98.28 %, Live percent of used: 100.00 %, Live percent of region size: 98.28 % 
[INFO] Number of keys in OldGen: 137376, Gap with estimated OldGen object: 23399 (91 MB) 
[INFO] Number of pre-LRU keys in OldGen: 40
[13.030s][info][gc,start       ] GC(264) Pause Young (Normal) (G1 Evacuation Pause)
[13.030s][info][gc,task        ] GC(264) Using 23 workers of 23 for evacuation
[13.036s][info][gc,phases      ] GC(264)   Pre Evacuate Collection Set: 0.2ms
[13.036s][info][gc,phases      ] GC(264)   Merge Heap Roots: 0.4ms
[13.036s][info][gc,phases      ] GC(264)   Evacuate Collection Set: 5.2ms
[13.036s][info][gc,phases      ] GC(264)   Post Evacuate Collection Set: 0.2ms
[13.036s][info][gc,phases      ] GC(264)   Other: 0.1ms
[13.036s][info][gc,heap        ] GC(264) Eden regions: 91->0(61)
[13.036s][info][gc,heap        ] GC(264) Survivor regions: 0->12(12)
[13.036s][info][gc,heap        ] GC(264) Old regions: 639->717
[13.036s][info][gc,heap        ] GC(264) Archive regions: 0->0
[13.036s][info][gc,heap        ] GC(264) Humongous regions: 2->2
[13.036s][info][gc,metaspace   ] GC(264) Metaspace: 8187K(8384K)->8187K(8384K) NonClass: 7455K(7552K)->7455K(7552K) Class: 731K(832K)->731K(832K)
[13.036s][info][gc             ] GC(264) Pause Young (Normal) (G1 Evacuation Pause) 721M->719M(1024M) 6.233ms
[13.036s][info][gc,cpu         ] GC(264) User=0.12s Sys=0.00s Real=0.00s
[INFO] Iteration: 40800000
[INFO] JVM Uptime: 13.05 seconds, OldGen Region Count: 717, OldGen Used Memory: 705.78 MB, OldGen Live Memory: 705.78 MB, Total count of old regions to be freed 0, Estimated memory to be freed: 0.00 MB, Estimated OldGen object count: 180679
[INFO] Average Region used: 98.43 %, Live percent of used: 100.00 %, Live percent of region size: 98.43 % 
[INFO] Number of keys in OldGen: 150412, Gap with estimated OldGen object: 30267 (118 MB) 
[INFO] Number of pre-LRU keys in OldGen: 135
[INFO] Iteration: 40900000
[INFO] JVM Uptime: 13.07 seconds, OldGen Region Count: 717, OldGen Used Memory: 705.78 MB, OldGen Live Memory: 705.78 MB, Total count of old regions to be freed 0, Estimated memory to be freed: 0.00 MB, Estimated OldGen object count: 180679
[INFO] Average Region used: 98.43 %, Live percent of used: 100.00 %, Live percent of region size: 98.43 % 
[INFO] Number of keys in OldGen: 145454, Gap with estimated OldGen object: 35225 (137 MB) 
[INFO] Number of pre-LRU keys in OldGen: 54
[INFO] Iteration: 41000000
[INFO] JVM Uptime: 13.09 seconds, OldGen Region Count: 717, OldGen Used Memory: 705.78 MB, OldGen Live Memory: 705.78 MB, Total count of old regions to be freed 0, Estimated memory to be freed: 0.00 MB, Estimated OldGen object count: 180679
[INFO] Average Region used: 98.43 %, Live percent of used: 100.00 %, Live percent of region size: 98.43 % 
[INFO] Number of keys in OldGen: 140542, Gap with estimated OldGen object: 40137 (156 MB) 
[INFO] Number of pre-LRU keys in OldGen: 60
[13.103s][info][gc,start       ] GC(265) Pause Young (Normal) (G1 Evacuation Pause)
[13.103s][info][gc,task        ] GC(265) Using 23 workers of 23 for evacuation
[13.109s][info][gc,phases      ] GC(265)   Pre Evacuate Collection Set: 0.3ms
[13.109s][info][gc,phases      ] GC(265)   Merge Heap Roots: 0.4ms
[13.109s][info][gc,phases      ] GC(265)   Evacuate Collection Set: 5.0ms
[13.109s][info][gc,phases      ] GC(265)   Post Evacuate Collection Set: 0.6ms
[13.109s][info][gc,phases      ] GC(265)   Other: 0.1ms
[13.109s][info][gc,heap        ] GC(265) Eden regions: 61->0(41)
[13.109s][info][gc,heap        ] GC(265) Survivor regions: 12->10(10)
[13.109s][info][gc,heap        ] GC(265) Old regions: 717->780
[13.109s][info][gc,heap        ] GC(265) Archive regions: 0->0
[13.109s][info][gc,heap        ] GC(265) Humongous regions: 2->2
[13.109s][info][gc,metaspace   ] GC(265) Metaspace: 8187K(8384K)->8187K(8384K) NonClass: 7455K(7552K)->7455K(7552K) Class: 731K(832K)->731K(832K)
[13.109s][info][gc             ] GC(265) Pause Young (Normal) (G1 Evacuation Pause) 780M->780M(1024M) 6.387ms
[13.109s][info][gc,cpu         ] GC(265) User=0.11s Sys=0.00s Real=0.01s
[INFO] Iteration: 41100000
[INFO] JVM Uptime: 13.12 seconds, OldGen Region Count: 780, OldGen Used Memory: 768.51 MB, OldGen Live Memory: 768.51 MB, Total count of old regions to be freed 0, Estimated memory to be freed: 0.00 MB, Estimated OldGen object count: 196738
[INFO] Average Region used: 98.53 %, Live percent of used: 100.00 %, Live percent of region size: 98.53 % 
[INFO] Number of keys in OldGen: 149978, Gap with estimated OldGen object: 46760 (182 MB) 
[INFO] Number of pre-LRU keys in OldGen: 72
[13.145s][info][gc,start       ] GC(266) Pause Young (Concurrent Start) (G1 Evacuation Pause)
[13.145s][info][gc,task        ] GC(266) Using 23 workers of 23 for evacuation
[13.151s][info][gc,phases      ] GC(266)   Pre Evacuate Collection Set: 0.1ms
[13.151s][info][gc,phases      ] GC(266)   Merge Heap Roots: 0.4ms
[13.151s][info][gc,phases      ] GC(266)   Evacuate Collection Set: 4.7ms
[13.151s][info][gc,phases      ] GC(266)   Post Evacuate Collection Set: 0.7ms
[13.151s][info][gc,phases      ] GC(266)   Other: 0.1ms
[13.151s][info][gc,heap        ] GC(266) Eden regions: 41->0(44)
[13.151s][info][gc,heap        ] GC(266) Survivor regions: 10->7(7)
[13.151s][info][gc,heap        ] GC(266) Old regions: 780->827
[13.151s][info][gc,heap        ] GC(266) Archive regions: 0->0
[13.151s][info][gc,heap        ] GC(266) Humongous regions: 2->2
[13.151s][info][gc,metaspace   ] GC(266) Metaspace: 8187K(8384K)->8187K(8384K) NonClass: 7455K(7552K)->7455K(7552K) Class: 731K(832K)->731K(832K)
[13.151s][info][gc             ] GC(266) Pause Young (Concurrent Start) (G1 Evacuation Pause) 821M->824M(1024M) 6.086ms
[13.151s][info][gc,cpu         ] GC(266) User=0.10s Sys=0.01s Real=0.01s
[13.151s][info][gc             ] GC(267) Concurrent Mark Cycle
[13.151s][info][gc,marking     ] GC(267) Concurrent Clear Claimed Marks
[13.151s][info][gc,marking     ] GC(267) Concurrent Clear Claimed Marks 0.010ms
[13.151s][info][gc,marking     ] GC(267) Concurrent Scan Root Regions
[13.152s][info][gc,marking     ] GC(267) Concurrent Scan Root Regions 0.669ms
[13.152s][info][gc,marking     ] GC(267) Concurrent Mark
[13.152s][info][gc,marking     ] GC(267) Concurrent Mark From Roots
[13.152s][info][gc,task        ] GC(267) Using 6 workers of 6 for marking
[INFO] Iteration: 41200000
[13.158s][info][gc,marking     ] GC(267) Concurrent Mark From Roots 6.561ms
[13.158s][info][gc,marking     ] GC(267) Concurrent Preclean
[13.158s][info][gc,marking     ] GC(267) Concurrent Preclean 0.061ms
[13.158s][info][gc,start       ] GC(267) Pause Remark
[13.160s][info][gc             ] GC(267) Pause Remark 825M->825M(1024M) 1.906ms
[13.160s][info][gc,cpu         ] GC(267) User=0.00s Sys=0.00s Real=0.00s
[13.161s][info][gc,marking     ] GC(267) Concurrent Mark 8.956ms
[13.161s][info][gc,marking     ] GC(267) Concurrent Rebuild Remembered Sets
[INFO] JVM Uptime: 13.15 seconds, OldGen Region Count: 827, OldGen Used Memory: 815.53 MB, OldGen Live Memory: 815.53 MB, Total count of old regions to be freed 0, Estimated memory to be freed: 0.00 MB, Estimated OldGen object count: 208774
[INFO] Average Region used: 98.61 %, Live percent of used: 100.00 %, Live percent of region size: 98.61 % 
[INFO] Number of keys in OldGen: 155369, Gap with estimated OldGen object: 53405 (208 MB) 
[INFO] Number of pre-LRU keys in OldGen: 359
[13.174s][info][gc,marking     ] GC(267) Concurrent Rebuild Remembered Sets 13.585ms
[13.174s][info][gc,start       ] GC(267) Pause Cleanup
[13.175s][info][gc             ] GC(267) Pause Cleanup 831M->831M(1024M) 0.451ms
[13.175s][info][gc,cpu         ] GC(267) User=0.00s Sys=0.00s Real=0.00s
[13.175s][info][gc,marking     ] GC(267) Concurrent Cleanup for Next Mark
[13.175s][info][gc,marking     ] GC(267) Concurrent Cleanup for Next Mark 0.556ms
[13.176s][info][gc             ] GC(267) Concurrent Mark Cycle 24.641ms
[INFO] Iteration: 41300000
[INFO] JVM Uptime: 13.18 seconds, OldGen Region Count: 827, OldGen Used Memory: 815.53 MB, OldGen Live Memory: 625.58 MB, Total count of old regions to be freed 204, Estimated memory to be freed: 50.24 MB, Estimated OldGen object count: 208774
[INFO] Average Region used: 98.61 %, Live percent of used: 76.71 %, Live percent of region size: 75.64 % 
[INFO] Number of keys in OldGen: 150592, Gap with estimated OldGen object: 58182 (227 MB) 
[INFO] Number of pre-LRU keys in OldGen: 53
[INFO] Iteration: 41400000
[INFO] JVM Uptime: 13.21 seconds, OldGen Region Count: 827, OldGen Used Memory: 815.53 MB, OldGen Live Memory: 625.58 MB, Total count of old regions to be freed 204, Estimated memory to be freed: 50.24 MB, Estimated OldGen object count: 208774
[INFO] Average Region used: 98.61 %, Live percent of used: 76.71 %, Live percent of region size: 75.64 % 
[INFO] Number of keys in OldGen: 145550, Gap with estimated OldGen object: 63224 (246 MB) 
[INFO] Number of pre-LRU keys in OldGen: 59
[13.218s][info][gc,start       ] GC(268) Pause Young (Prepare Mixed) (G1 Evacuation Pause)
[13.218s][info][gc,task        ] GC(268) Using 23 workers of 23 for evacuation
[13.224s][info][gc,phases      ] GC(268)   Pre Evacuate Collection Set: 0.1ms
[13.224s][info][gc,phases      ] GC(268)   Merge Heap Roots: 0.5ms
[13.224s][info][gc,phases      ] GC(268)   Evacuate Collection Set: 4.6ms
[13.224s][info][gc,phases      ] GC(268)   Post Evacuate Collection Set: 0.8ms
[13.224s][info][gc,phases      ] GC(268)   Other: 0.1ms
[13.224s][info][gc,heap        ] GC(268) Eden regions: 44->0(44)
[13.224s][info][gc,heap        ] GC(268) Survivor regions: 7->7(7)
[13.224s][info][gc,heap        ] GC(268) Old regions: 827->871
[13.224s][info][gc,heap        ] GC(268) Archive regions: 0->0
[13.224s][info][gc,heap        ] GC(268) Humongous regions: 2->2
[13.224s][info][gc,metaspace   ] GC(268) Metaspace: 8187K(8384K)->8187K(8384K) NonClass: 7455K(7552K)->7455K(7552K) Class: 731K(832K)->731K(832K)
[13.224s][info][gc             ] GC(268) Pause Young (Prepare Mixed) (G1 Evacuation Pause) 868M->869M(1024M) 6.123ms
[13.224s][info][gc,cpu         ] GC(268) User=0.10s Sys=0.00s Real=0.00s
[INFO] Iteration: 41500000
[INFO] JVM Uptime: 13.24 seconds, OldGen Region Count: 871, OldGen Used Memory: 860.03 MB, OldGen Live Memory: 670.08 MB, Total count of old regions to be freed 204, Estimated memory to be freed: 50.24 MB, Estimated OldGen object count: 220167
[INFO] Average Region used: 98.74 %, Live percent of used: 77.91 %, Live percent of region size: 76.93 % 
[INFO] Number of keys in OldGen: 150601, Gap with estimated OldGen object: 69566 (271 MB) 
[INFO] Number of pre-LRU keys in OldGen: 58
[INFO] Iteration: 41600000
[INFO] JVM Uptime: 13.26 seconds, OldGen Region Count: 871, OldGen Used Memory: 860.03 MB, OldGen Live Memory: 670.08 MB, Total count of old regions to be freed 204, Estimated memory to be freed: 50.24 MB, Estimated OldGen object count: 220167
[INFO] Average Region used: 98.74 %, Live percent of used: 77.91 %, Live percent of region size: 76.93 % 
[INFO] Number of keys in OldGen: 145504, Gap with estimated OldGen object: 74663 (291 MB) 
[INFO] Number of pre-LRU keys in OldGen: 45
[13.271s][info][gc,start       ] GC(269) Pause Young (Mixed) (G1 Evacuation Pause)
[13.271s][info][gc,task        ] GC(269) Using 23 workers of 23 for evacuation
[13.280s][info][gc             ] GC(269) To-space exhausted
[13.280s][info][gc,phases      ] GC(269)   Pre Evacuate Collection Set: 0.1ms
[13.280s][info][gc,phases      ] GC(269)   Merge Heap Roots: 0.6ms
[13.280s][info][gc,phases      ] GC(269)   Evacuate Collection Set: 6.8ms
[13.280s][info][gc,phases      ] GC(269)   Post Evacuate Collection Set: 1.3ms
[13.280s][info][gc,phases      ] GC(269)   Other: 0.1ms
[13.280s][info][gc,heap        ] GC(269) Eden regions: 44->0(44)
[13.280s][info][gc,heap        ] GC(269) Survivor regions: 7->7(7)
[13.280s][info][gc,heap        ] GC(269) Old regions: 871->1010
[13.280s][info][gc,heap        ] GC(269) Archive regions: 0->0
[13.280s][info][gc,heap        ] GC(269) Humongous regions: 2->2
[13.280s][info][gc,metaspace   ] GC(269) Metaspace: 8187K(8384K)->8187K(8384K) NonClass: 7455K(7552K)->7455K(7552K) Class: 731K(832K)->731K(832K)
[13.280s][info][gc             ] GC(269) Pause Young (Mixed) (G1 Evacuation Pause) 913M->1008M(1024M) 8.929ms
[13.280s][info][gc,cpu         ] GC(269) User=0.17s Sys=0.00s Real=0.01s
[13.281s][info][gc,start       ] GC(270) Pause Young (Mixed) (G1 Preventive Collection)
[13.281s][info][gc,task        ] GC(270) Using 23 workers of 23 for evacuation
[13.287s][info][gc             ] GC(270) To-space exhausted
[13.287s][info][gc,phases      ] GC(270)   Pre Evacuate Collection Set: 0.1ms
[13.287s][info][gc,phases      ] GC(270)   Merge Heap Roots: 0.6ms
[13.287s][info][gc,phases      ] GC(270)   Evacuate Collection Set: 3.9ms
[13.287s][info][gc,phases      ] GC(270)   Post Evacuate Collection Set: 1.3ms
[13.287s][info][gc,phases      ] GC(270)   Other: 0.1ms
[13.287s][info][gc,heap        ] GC(270) Eden regions: 1->0(50)
[13.287s][info][gc,heap        ] GC(270) Survivor regions: 7->1(4)
[13.287s][info][gc,heap        ] GC(270) Old regions: 1010->1020
[13.287s][info][gc,heap        ] GC(270) Archive regions: 0->0
[13.287s][info][gc,heap        ] GC(270) Humongous regions: 2->2
[13.287s][info][gc,metaspace   ] GC(270) Metaspace: 8187K(8384K)->8187K(8384K) NonClass: 7455K(7552K)->7455K(7552K) Class: 731K(832K)->731K(832K)
[13.287s][info][gc             ] GC(270) Pause Young (Mixed) (G1 Preventive Collection) 1009M->1012M(1024M) 5.933ms
[13.287s][info][gc,cpu         ] GC(270) User=0.10s Sys=0.00s Real=0.01s
[13.288s][info][gc,start       ] GC(271) Pause Young (Mixed) (G1 Evacuation Pause)
[13.288s][info][gc,task        ] GC(271) Using 23 workers of 23 for evacuation
[13.293s][info][gc             ] GC(271) To-space exhausted
[13.293s][info][gc,phases      ] GC(271)   Pre Evacuate Collection Set: 0.1ms
[13.293s][info][gc,phases      ] GC(271)   Merge Heap Roots: 0.6ms
[13.293s][info][gc,phases      ] GC(271)   Evacuate Collection Set: 3.1ms
[13.293s][info][gc,phases      ] GC(271)   Post Evacuate Collection Set: 1.0ms
[13.293s][info][gc,phases      ] GC(271)   Other: 0.1ms
[13.293s][info][gc,heap        ] GC(271) Eden regions: 1->0(51)
[13.293s][info][gc,heap        ] GC(271) Survivor regions: 1->0(0)
[13.293s][info][gc,heap        ] GC(271) Old regions: 1020->1022
[13.293s][info][gc,heap        ] GC(271) Archive regions: 0->0
[13.293s][info][gc,heap        ] GC(271) Humongous regions: 2->2
[13.293s][info][gc,metaspace   ] GC(271) Metaspace: 8187K(8384K)->8187K(8384K) NonClass: 7455K(7552K)->7455K(7552K) Class: 731K(832K)->731K(832K)
[13.293s][info][gc             ] GC(271) Pause Young (Mixed) (G1 Evacuation Pause) 1013M->1013M(1024M) 4.868ms
[13.293s][info][gc,cpu         ] GC(271) User=0.08s Sys=0.00s Real=0.00s
[13.293s][info][gc,ergo        ] Attempting full compaction
[13.293s][info][gc,task        ] GC(272) Using 23 workers of 23 for full compaction
[13.293s][info][gc,start       ] GC(272) Pause Full (G1 Compaction Pause)
[13.293s][info][gc,phases,start] GC(272) Phase 1: Mark live objects
[13.297s][info][gc,phases      ] GC(272) Phase 1: Mark live objects 3.883ms
[13.297s][info][gc,phases,start] GC(272) Phase 2: Prepare for compaction
[13.299s][info][gc,phases      ] GC(272) Phase 2: Prepare for compaction 1.409ms
[13.299s][info][gc,phases,start] GC(272) Phase 3: Adjust pointers
[13.301s][info][gc,phases      ] GC(272) Phase 3: Adjust pointers 2.230ms
[13.301s][info][gc,phases,start] GC(272) Phase 4: Compact heap
[13.322s][info][gc,phases      ] GC(272) Phase 4: Compact heap 21.010ms
[13.323s][info][gc,heap        ] GC(272) Eden regions: 0->0(90)
[13.323s][info][gc,heap        ] GC(272) Survivor regions: 0->0(0)
[13.323s][info][gc,heap        ] GC(272) Old regions: 1022->642
[13.323s][info][gc,heap        ] GC(272) Archive regions: 0->0
[13.323s][info][gc,heap        ] GC(272) Humongous regions: 2->2
[13.323s][info][gc,metaspace   ] GC(272) Metaspace: 8187K(8384K)->8187K(8384K) NonClass: 7455K(7552K)->7455K(7552K) Class: 731K(832K)->731K(832K)
[13.323s][info][gc             ] GC(272) Pause Full (G1 Compaction Pause) 1013M->630M(1024M) 29.506ms
[13.323s][info][gc,cpu         ] GC(272) User=0.49s Sys=0.01s Real=0.03s
[INFO] Iteration: 41700000
[INFO] JVM Uptime: 13.34 seconds, OldGen Region Count: 642, OldGen Used Memory: 628.11 MB, OldGen Live Memory: 628.11 MB, Total count of old regions to be freed 0, Estimated memory to be freed: 0.00 MB, Estimated OldGen object count: 160796
[INFO] Average Region used: 97.84 %, Live percent of used: 100.00 %, Live percent of region size: 97.84 % 
[INFO] Number of keys in OldGen: 152990, Gap with estimated OldGen object: 7806 (30 MB) 
[INFO] Number of pre-LRU keys in OldGen: 87
[INFO] Iteration: 41800000
[INFO] JVM Uptime: 13.36 seconds, OldGen Region Count: 642, OldGen Used Memory: 628.11 MB, OldGen Live Memory: 628.11 MB, Total count of old regions to be freed 0, Estimated memory to be freed: 0.00 MB, Estimated OldGen object count: 160796
[INFO] Average Region used: 97.84 %, Live percent of used: 100.00 %, Live percent of region size: 97.84 % 
[INFO] Number of keys in OldGen: 148010, Gap with estimated OldGen object: 12786 (49 MB) 
[INFO] Number of pre-LRU keys in OldGen: 67
[INFO] Iteration: 41900000
[INFO] JVM Uptime: 13.38 seconds, OldGen Region Count: 642, OldGen Used Memory: 628.11 MB, OldGen Live Memory: 628.11 MB, Total count of old regions to be freed 0, Estimated memory to be freed: 0.00 MB, Estimated OldGen object count: 160796
[INFO] Average Region used: 97.84 %, Live percent of used: 100.00 %, Live percent of region size: 97.84 % 
[INFO] Number of keys in OldGen: 142981, Gap with estimated OldGen object: 17815 (69 MB) 
[INFO] Number of pre-LRU keys in OldGen: 60
[INFO] Iteration: 42000000
[INFO] JVM Uptime: 13.40 seconds, OldGen Region Count: 642, OldGen Used Memory: 628.11 MB, OldGen Live Memory: 628.11 MB, Total count of old regions to be freed 0, Estimated memory to be freed: 0.00 MB, Estimated OldGen object count: 160796
[INFO] Average Region used: 97.84 %, Live percent of used: 100.00 %, Live percent of region size: 97.84 % 
[INFO] Number of keys in OldGen: 137888, Gap with estimated OldGen object: 22908 (89 MB) 
[INFO] Number of pre-LRU keys in OldGen: 53
[13.410s][info][gc,start       ] GC(273) Pause Young (Normal) (G1 Evacuation Pause)
[13.410s][info][gc,task        ] GC(273) Using 23 workers of 23 for evacuation
[13.416s][info][gc,phases      ] GC(273)   Pre Evacuate Collection Set: 0.2ms
[13.416s][info][gc,phases      ] GC(273)   Merge Heap Roots: 0.4ms
[13.416s][info][gc,phases      ] GC(273)   Evacuate Collection Set: 5.7ms
[13.416s][info][gc,phases      ] GC(273)   Post Evacuate Collection Set: 0.6ms
[13.416s][info][gc,phases      ] GC(273)   Other: 0.1ms
[13.416s][info][gc,heap        ] GC(273) Eden regions: 90->0(62)
[13.416s][info][gc,heap        ] GC(273) Survivor regions: 0->12(12)
[13.416s][info][gc,heap        ] GC(273) Old regions: 642->715
[13.416s][info][gc,heap        ] GC(273) Archive regions: 0->0
[13.416s][info][gc,heap        ] GC(273) Humongous regions: 2->2
[13.416s][info][gc,metaspace   ] GC(273) Metaspace: 8187K(8384K)->8187K(8384K) NonClass: 7455K(7552K)->7455K(7552K) Class: 731K(832K)->731K(832K)
[13.416s][info][gc             ] GC(273) Pause Young (Normal) (G1 Evacuation Pause) 720M->714M(1024M) 6.978ms
[13.417s][info][gc,cpu         ] GC(273) User=0.12s Sys=0.00s Real=0.00s
[INFO] Iteration: 42100000
[INFO] JVM Uptime: 13.43 seconds, OldGen Region Count: 715, OldGen Used Memory: 700.64 MB, OldGen Live Memory: 700.64 MB, Total count of old regions to be freed 0, Estimated memory to be freed: 0.00 MB, Estimated OldGen object count: 179364
[INFO] Average Region used: 97.99 %, Live percent of used: 100.00 %, Live percent of region size: 97.99 % 
[INFO] Number of keys in OldGen: 150841, Gap with estimated OldGen object: 28523 (111 MB) 
[INFO] Number of pre-LRU keys in OldGen: 153
[INFO] Iteration: 42200000
[INFO] JVM Uptime: 13.46 seconds, OldGen Region Count: 715, OldGen Used Memory: 700.64 MB, OldGen Live Memory: 700.64 MB, Total count of old regions to be freed 0, Estimated memory to be freed: 0.00 MB, Estimated OldGen object count: 179364
[INFO] Average Region used: 97.99 %, Live percent of used: 100.00 %, Live percent of region size: 97.99 % 
[INFO] Number of keys in OldGen: 145752, Gap with estimated OldGen object: 33612 (131 MB) 
[INFO] Number of pre-LRU keys in OldGen: 67
[INFO] Iteration: 42300000
[INFO] JVM Uptime: 13.48 seconds, OldGen Region Count: 715, OldGen Used Memory: 700.64 MB, OldGen Live Memory: 700.64 MB, Total count of old regions to be freed 0, Estimated memory to be freed: 0.00 MB, Estimated OldGen object count: 179364
[INFO] Average Region used: 97.99 %, Live percent of used: 100.00 %, Live percent of region size: 97.99 % 
[INFO] Number of keys in OldGen: 140725, Gap with estimated OldGen object: 38639 (150 MB) 
[INFO] Number of pre-LRU keys in OldGen: 54
[13.494s][info][gc,start       ] GC(274) Pause Young (Normal) (G1 Evacuation Pause)
[13.494s][info][gc,task        ] GC(274) Using 23 workers of 23 for evacuation
[13.499s][info][gc,phases      ] GC(274)   Pre Evacuate Collection Set: 0.2ms
[13.499s][info][gc,phases      ] GC(274)   Merge Heap Roots: 0.4ms
[13.499s][info][gc,phases      ] GC(274)   Evacuate Collection Set: 4.8ms
[13.499s][info][gc,phases      ] GC(274)   Post Evacuate Collection Set: 0.3ms
[13.499s][info][gc,phases      ] GC(274)   Other: 0.1ms
[13.499s][info][gc,heap        ] GC(274) Eden regions: 62->0(41)
[13.499s][info][gc,heap        ] GC(274) Survivor regions: 12->10(10)
[13.499s][info][gc,heap        ] GC(274) Old regions: 715->780
[13.499s][info][gc,heap        ] GC(274) Archive regions: 0->0
[13.499s][info][gc,heap        ] GC(274) Humongous regions: 2->2
[13.499s][info][gc,metaspace   ] GC(274) Metaspace: 8187K(8384K)->8187K(8384K) NonClass: 7455K(7552K)->7455K(7552K) Class: 731K(832K)->731K(832K)
[13.499s][info][gc             ] GC(274) Pause Young (Normal) (G1 Evacuation Pause) 776M->778M(1024M) 5.773ms
[13.500s][info][gc,cpu         ] GC(274) User=0.12s Sys=0.00s Real=0.01s
[INFO] Iteration: 42400000
[INFO] JVM Uptime: 13.51 seconds, OldGen Region Count: 780, OldGen Used Memory: 766.06 MB, OldGen Live Memory: 766.06 MB, Total count of old regions to be freed 0, Estimated memory to be freed: 0.00 MB, Estimated OldGen object count: 196112
[INFO] Average Region used: 98.21 %, Live percent of used: 100.00 %, Live percent of region size: 98.21 % 
[INFO] Number of keys in OldGen: 150500, Gap with estimated OldGen object: 45612 (178 MB) 
[INFO] Number of pre-LRU keys in OldGen: 90
[INFO] Iteration: 42500000
[INFO] JVM Uptime: 13.53 seconds, OldGen Region Count: 780, OldGen Used Memory: 766.06 MB, OldGen Live Memory: 766.06 MB, Total count of old regions to be freed 0, Estimated memory to be freed: 0.00 MB, Estimated OldGen object count: 196112
[INFO] Average Region used: 98.21 %, Live percent of used: 100.00 %, Live percent of region size: 98.21 % 
[INFO] Number of keys in OldGen: 145591, Gap with estimated OldGen object: 50521 (197 MB) 
[INFO] Number of pre-LRU keys in OldGen: 62
[13.543s][info][gc,start       ] GC(275) Pause Young (Concurrent Start) (G1 Evacuation Pause)
[13.543s][info][gc,task        ] GC(275) Using 23 workers of 23 for evacuation
[13.549s][info][gc,phases      ] GC(275)   Pre Evacuate Collection Set: 0.2ms
[13.549s][info][gc,phases      ] GC(275)   Merge Heap Roots: 0.5ms
[13.549s][info][gc,phases      ] GC(275)   Evacuate Collection Set: 4.6ms
[13.549s][info][gc,phases      ] GC(275)   Post Evacuate Collection Set: 0.7ms
[13.549s][info][gc,phases      ] GC(275)   Other: 0.1ms
[13.549s][info][gc,heap        ] GC(275) Eden regions: 41->0(44)
[13.549s][info][gc,heap        ] GC(275) Survivor regions: 10->7(7)
[13.549s][info][gc,heap        ] GC(275) Old regions: 780->825
[13.549s][info][gc,heap        ] GC(275) Archive regions: 0->0
[13.549s][info][gc,heap        ] GC(275) Humongous regions: 2->2
[13.549s][info][gc,metaspace   ] GC(275) Metaspace: 8187K(8384K)->8187K(8384K) NonClass: 7455K(7552K)->7455K(7552K) Class: 731K(832K)->731K(832K)
[13.549s][info][gc             ] GC(275) Pause Young (Concurrent Start) (G1 Evacuation Pause) 819M->820M(1024M) 6.108ms
[13.549s][info][gc,cpu         ] GC(275) User=0.10s Sys=0.00s Real=0.01s
[13.549s][info][gc             ] GC(276) Concurrent Mark Cycle
[13.549s][info][gc,marking     ] GC(276) Concurrent Clear Claimed Marks
[13.550s][info][gc,marking     ] GC(276) Concurrent Clear Claimed Marks 0.010ms
[13.550s][info][gc,marking     ] GC(276) Concurrent Scan Root Regions
[13.550s][info][gc,marking     ] GC(276) Concurrent Scan Root Regions 0.674ms
[13.550s][info][gc,marking     ] GC(276) Concurrent Mark
[13.550s][info][gc,marking     ] GC(276) Concurrent Mark From Roots
[13.550s][info][gc,task        ] GC(276) Using 6 workers of 6 for marking
[13.557s][info][gc,marking     ] GC(276) Concurrent Mark From Roots 6.679ms
[13.557s][info][gc,marking     ] GC(276) Concurrent Preclean
[13.557s][info][gc,marking     ] GC(276) Concurrent Preclean 0.131ms
[13.557s][info][gc,start       ] GC(276) Pause Remark
[13.559s][info][gc             ] GC(276) Pause Remark 827M->827M(1024M) 2.074ms
[13.559s][info][gc,cpu         ] GC(276) User=0.01s Sys=0.00s Real=0.00s
[13.559s][info][gc,marking     ] GC(276) Concurrent Mark 9.255ms
[13.559s][info][gc,marking     ] GC(276) Concurrent Rebuild Remembered Sets
[INFO] Iteration: 42600000
[13.571s][info][gc,marking     ] GC(276) Concurrent Rebuild Remembered Sets 11.979ms
[13.572s][info][gc,start       ] GC(276) Pause Cleanup
[13.573s][info][gc             ] GC(276) Pause Cleanup 840M->840M(1024M) 0.687ms
[13.573s][info][gc,cpu         ] GC(276) User=0.00s Sys=0.00s Real=0.00s
[13.573s][info][gc,marking     ] GC(276) Concurrent Cleanup for Next Mark
[13.573s][info][gc,marking     ] GC(276) Concurrent Cleanup for Next Mark 0.519ms
[13.573s][info][gc             ] GC(276) Concurrent Mark Cycle 23.937ms
[INFO] JVM Uptime: 13.57 seconds, OldGen Region Count: 825, OldGen Used Memory: 811.11 MB, OldGen Live Memory: 623.64 MB, Total count of old regions to be freed 155, Estimated memory to be freed: 44.17 MB, Estimated OldGen object count: 207644
[INFO] Average Region used: 98.32 %, Live percent of used: 76.89 %, Live percent of region size: 75.59 % 
[INFO] Number of keys in OldGen: 150822, Gap with estimated OldGen object: 56822 (221 MB) 
[INFO] Number of pre-LRU keys in OldGen: 61
[INFO] Iteration: 42700000
[INFO] JVM Uptime: 13.60 seconds, OldGen Region Count: 825, OldGen Used Memory: 811.11 MB, OldGen Live Memory: 623.64 MB, Total count of old regions to be freed 155, Estimated memory to be freed: 44.17 MB, Estimated OldGen object count: 207644
[INFO] Average Region used: 98.32 %, Live percent of used: 76.89 %, Live percent of region size: 75.59 % 
[INFO] Number of keys in OldGen: 145783, Gap with estimated OldGen object: 61861 (241 MB) 
[INFO] Number of pre-LRU keys in OldGen: 48
[13.612s][info][gc,start       ] GC(277) Pause Young (Prepare Mixed) (G1 Evacuation Pause)
[13.612s][info][gc,task        ] GC(277) Using 23 workers of 23 for evacuation
[13.619s][info][gc,phases      ] GC(277)   Pre Evacuate Collection Set: 0.4ms
[13.619s][info][gc,phases      ] GC(277)   Merge Heap Roots: 0.5ms
[13.619s][info][gc,phases      ] GC(277)   Evacuate Collection Set: 4.6ms
[13.619s][info][gc,phases      ] GC(277)   Post Evacuate Collection Set: 1.3ms
[13.619s][info][gc,phases      ] GC(277)   Other: 0.1ms
[13.619s][info][gc,heap        ] GC(277) Eden regions: 44->0(44)
[13.619s][info][gc,heap        ] GC(277) Survivor regions: 7->7(7)
[13.619s][info][gc,heap        ] GC(277) Old regions: 825->870
[13.619s][info][gc,heap        ] GC(277) Archive regions: 0->0
[13.619s][info][gc,heap        ] GC(277) Humongous regions: 2->2
[13.619s][info][gc,metaspace   ] GC(277) Metaspace: 8187K(8384K)->8187K(8384K) NonClass: 7455K(7552K)->7455K(7552K) Class: 731K(832K)->731K(832K)
[13.619s][info][gc             ] GC(277) Pause Young (Prepare Mixed) (G1 Evacuation Pause) 864M->865M(1024M) 6.981ms
[13.619s][info][gc,cpu         ] GC(277) User=0.08s Sys=0.02s Real=0.01s
[INFO] Iteration: 42800000
[INFO] JVM Uptime: 13.63 seconds, OldGen Region Count: 870, OldGen Used Memory: 856.11 MB, OldGen Live Memory: 668.64 MB, Total count of old regions to be freed 155, Estimated memory to be freed: 44.17 MB, Estimated OldGen object count: 219164
[INFO] Average Region used: 98.40 %, Live percent of used: 78.10 %, Live percent of region size: 76.86 % 
[INFO] Number of keys in OldGen: 151135, Gap with estimated OldGen object: 68029 (265 MB) 
[INFO] Number of pre-LRU keys in OldGen: 66
[INFO] Iteration: 42900000
[INFO] JVM Uptime: 13.65 seconds, OldGen Region Count: 870, OldGen Used Memory: 856.11 MB, OldGen Live Memory: 668.64 MB, Total count of old regions to be freed 155, Estimated memory to be freed: 44.17 MB, Estimated OldGen object count: 219164
[INFO] Average Region used: 98.40 %, Live percent of used: 78.10 %, Live percent of region size: 76.86 % 
[INFO] Number of keys in OldGen: 146157, Gap with estimated OldGen object: 73007 (285 MB) 
[INFO] Number of pre-LRU keys in OldGen: 58
[13.666s][info][gc,start       ] GC(278) Pause Young (Mixed) (G1 Evacuation Pause)
[13.666s][info][gc,task        ] GC(278) Using 23 workers of 23 for evacuation
[13.676s][info][gc             ] GC(278) To-space exhausted
[13.676s][info][gc,phases      ] GC(278)   Pre Evacuate Collection Set: 0.3ms
[13.676s][info][gc,phases      ] GC(278)   Merge Heap Roots: 0.7ms
[13.676s][info][gc,phases      ] GC(278)   Evacuate Collection Set: 6.5ms
[13.676s][info][gc,phases      ] GC(278)   Post Evacuate Collection Set: 1.7ms
[13.676s][info][gc,phases      ] GC(278)   Other: 0.1ms
[13.676s][info][gc,heap        ] GC(278) Eden regions: 44->0(44)
[13.676s][info][gc,heap        ] GC(278) Survivor regions: 7->7(7)
[13.676s][info][gc,heap        ] GC(278) Old regions: 870->934
[13.676s][info][gc,heap        ] GC(278) Archive regions: 0->0
[13.676s][info][gc,heap        ] GC(278) Humongous regions: 2->2
[13.676s][info][gc,metaspace   ] GC(278) Metaspace: 8187K(8384K)->8187K(8384K) NonClass: 7455K(7552K)->7455K(7552K) Class: 731K(832K)->731K(832K)
[13.676s][info][gc             ] GC(278) Pause Young (Mixed) (G1 Evacuation Pause) 909M->939M(1024M) 9.261ms
[13.676s][info][gc,cpu         ] GC(278) User=0.14s Sys=0.01s Real=0.01s
[13.686s][info][gc,start       ] GC(279) Pause Young (Mixed) (G1 Preventive Collection)
[13.686s][info][gc,task        ] GC(279) Using 23 workers of 23 for evacuation
[13.694s][info][gc             ] GC(279) To-space exhausted
[13.694s][info][gc,phases      ] GC(279)   Pre Evacuate Collection Set: 0.3ms
[13.694s][info][gc,phases      ] GC(279)   Merge Heap Roots: 0.7ms
[13.694s][info][gc,phases      ] GC(279)   Evacuate Collection Set: 5.9ms
[13.694s][info][gc,phases      ] GC(279)   Post Evacuate Collection Set: 1.4ms
[13.694s][info][gc,phases      ] GC(279)   Other: 0.1ms
[13.694s][info][gc,heap        ] GC(279) Eden regions: 15->0(44)
[13.694s][info][gc,heap        ] GC(279) Survivor regions: 7->7(7)
[13.694s][info][gc,heap        ] GC(279) Old regions: 934->1015
[13.694s][info][gc,heap        ] GC(279) Archive regions: 0->0
[13.694s][info][gc,heap        ] GC(279) Humongous regions: 2->2
[13.694s][info][gc,metaspace   ] GC(279) Metaspace: 8187K(8384K)->8187K(8384K) NonClass: 7455K(7552K)->7455K(7552K) Class: 731K(832K)->731K(832K)
[13.694s][info][gc             ] GC(279) Pause Young (Mixed) (G1 Preventive Collection) 954M->1020M(1024M) 8.404ms
[13.694s][info][gc,cpu         ] GC(279) User=0.13s Sys=0.02s Real=0.01s
[13.694s][info][gc,ergo        ] Attempting full compaction
[13.694s][info][gc,task        ] GC(280) Using 23 workers of 23 for full compaction
[13.694s][info][gc,start       ] GC(280) Pause Full (G1 Compaction Pause)
[13.694s][info][gc,phases,start] GC(280) Phase 1: Mark live objects
[13.699s][info][gc,phases      ] GC(280) Phase 1: Mark live objects 5.225ms
[13.699s][info][gc,phases,start] GC(280) Phase 2: Prepare for compaction
[13.701s][info][gc,phases      ] GC(280) Phase 2: Prepare for compaction 1.351ms
[13.701s][info][gc,phases,start] GC(280) Phase 3: Adjust pointers
[13.703s][info][gc,phases      ] GC(280) Phase 3: Adjust pointers 2.193ms
[13.703s][info][gc,phases,start] GC(280) Phase 4: Compact heap
[13.722s][info][gc,phases      ] GC(280) Phase 4: Compact heap 19.322ms
[13.724s][info][gc,heap        ] GC(280) Eden regions: 0->0(89)
[13.724s][info][gc,heap        ] GC(280) Survivor regions: 7->0(7)
[13.724s][info][gc,heap        ] GC(280) Old regions: 1015->645
[13.724s][info][gc,heap        ] GC(280) Archive regions: 0->0
[13.724s][info][gc,heap        ] GC(280) Humongous regions: 2->2
[13.724s][info][gc,metaspace   ] GC(280) Metaspace: 8187K(8384K)->8187K(8384K) NonClass: 7455K(7552K)->7455K(7552K) Class: 731K(832K)->731K(832K)
[13.724s][info][gc             ] GC(280) Pause Full (G1 Compaction Pause) 1020M->632M(1024M) 29.545ms
[13.724s][info][gc,cpu         ] GC(280) User=0.45s Sys=0.01s Real=0.03s
[INFO] Iteration: 43000000
[INFO] JVM Uptime: 13.73 seconds, OldGen Region Count: 645, OldGen Used Memory: 630.00 MB, OldGen Live Memory: 630.00 MB, Total count of old regions to be freed 0, Estimated memory to be freed: 0.00 MB, Estimated OldGen object count: 161280
[INFO] Average Region used: 97.67 %, Live percent of used: 100.00 %, Live percent of region size: 97.67 % 
[INFO] Number of keys in OldGen: 156650, Gap with estimated OldGen object: 4630 (18 MB) 
[INFO] Number of pre-LRU keys in OldGen: 407
[INFO] Iteration: 43100000
[INFO] JVM Uptime: 13.75 seconds, OldGen Region Count: 645, OldGen Used Memory: 630.00 MB, OldGen Live Memory: 630.00 MB, Total count of old regions to be freed 0, Estimated memory to be freed: 0.00 MB, Estimated OldGen object count: 161280
[INFO] Average Region used: 97.67 %, Live percent of used: 100.00 %, Live percent of region size: 97.67 % 
[INFO] Number of keys in OldGen: 151765, Gap with estimated OldGen object: 9515 (37 MB) 
[INFO] Number of pre-LRU keys in OldGen: 70
[INFO] Iteration: 43200000
[INFO] JVM Uptime: 13.78 seconds, OldGen Region Count: 645, OldGen Used Memory: 630.00 MB, OldGen Live Memory: 630.00 MB, Total count of old regions to be freed 0, Estimated memory to be freed: 0.00 MB, Estimated OldGen object count: 161280
[INFO] Average Region used: 97.67 %, Live percent of used: 100.00 %, Live percent of region size: 97.67 % 
[INFO] Number of keys in OldGen: 146743, Gap with estimated OldGen object: 14537 (56 MB) 
[INFO] Number of pre-LRU keys in OldGen: 61
[INFO] Iteration: 43300000
[INFO] JVM Uptime: 13.80 seconds, OldGen Region Count: 645, OldGen Used Memory: 630.00 MB, OldGen Live Memory: 630.00 MB, Total count of old regions to be freed 0, Estimated memory to be freed: 0.00 MB, Estimated OldGen object count: 161280
[INFO] Average Region used: 97.67 %, Live percent of used: 100.00 %, Live percent of region size: 97.67 % 
[INFO] Number of keys in OldGen: 141796, Gap with estimated OldGen object: 19484 (76 MB) 
[INFO] Number of pre-LRU keys in OldGen: 50
[INFO] Iteration: 43400000
[INFO] JVM Uptime: 13.82 seconds, OldGen Region Count: 645, OldGen Used Memory: 630.00 MB, OldGen Live Memory: 630.00 MB, Total count of old regions to be freed 0, Estimated memory to be freed: 0.00 MB, Estimated OldGen object count: 161280
[INFO] Average Region used: 97.67 %, Live percent of used: 100.00 %, Live percent of region size: 97.67 % 
[INFO] Number of keys in OldGen: 136908, Gap with estimated OldGen object: 24372 (95 MB) 
[INFO] Number of pre-LRU keys in OldGen: 53
[13.828s][info][gc,start       ] GC(281) Pause Young (Normal) (G1 Evacuation Pause)
[13.828s][info][gc,task        ] GC(281) Using 23 workers of 23 for evacuation
[13.837s][info][gc,phases      ] GC(281)   Pre Evacuate Collection Set: 0.3ms
[13.837s][info][gc,phases      ] GC(281)   Merge Heap Roots: 0.5ms
[13.837s][info][gc,phases      ] GC(281)   Evacuate Collection Set: 6.2ms
[13.837s][info][gc,phases      ] GC(281)   Post Evacuate Collection Set: 1.2ms
[13.837s][info][gc,phases      ] GC(281)   Other: 0.1ms
[13.837s][info][gc,heap        ] GC(281) Eden regions: 89->0(59)
[13.837s][info][gc,heap        ] GC(281) Survivor regions: 0->12(12)
[13.837s][info][gc,heap        ] GC(281) Old regions: 645->723
[13.837s][info][gc,heap        ] GC(281) Archive regions: 0->0
[13.837s][info][gc,heap        ] GC(281) Humongous regions: 2->2
[13.837s][info][gc,metaspace   ] GC(281) Metaspace: 8187K(8384K)->8187K(8384K) NonClass: 7455K(7552K)->7455K(7552K) Class: 731K(832K)->731K(832K)
[13.837s][info][gc             ] GC(281) Pause Young (Normal) (G1 Evacuation Pause) 721M->721M(1024M) 8.620ms
[13.837s][info][gc,cpu         ] GC(281) User=0.10s Sys=0.02s Real=0.01s
[INFO] Iteration: 43500000
[INFO] JVM Uptime: 13.85 seconds, OldGen Region Count: 723, OldGen Used Memory: 707.50 MB, OldGen Live Memory: 707.50 MB, Total count of old regions to be freed 0, Estimated memory to be freed: 0.00 MB, Estimated OldGen object count: 181120
[INFO] Average Region used: 97.86 %, Live percent of used: 100.00 %, Live percent of region size: 97.86 % 
[INFO] Number of keys in OldGen: 149605, Gap with estimated OldGen object: 31515 (123 MB) 
[INFO] Number of pre-LRU keys in OldGen: 63
[INFO] Iteration: 43600000
[INFO] JVM Uptime: 13.87 seconds, OldGen Region Count: 723, OldGen Used Memory: 707.50 MB, OldGen Live Memory: 707.50 MB, Total count of old regions to be freed 0, Estimated memory to be freed: 0.00 MB, Estimated OldGen object count: 181120
[INFO] Average Region used: 97.86 %, Live percent of used: 100.00 %, Live percent of region size: 97.86 % 
[INFO] Number of keys in OldGen: 144618, Gap with estimated OldGen object: 36502 (142 MB) 
[INFO] Number of pre-LRU keys in OldGen: 51
[13.889s][info][gc,start       ] GC(282) Pause Young (Normal) (G1 Evacuation Pause)
[13.889s][info][gc,task        ] GC(282) Using 23 workers of 23 for evacuation
[13.896s][info][gc,phases      ] GC(282)   Pre Evacuate Collection Set: 0.1ms
[13.896s][info][gc,phases      ] GC(282)   Merge Heap Roots: 0.4ms
[13.896s][info][gc,phases      ] GC(282)   Evacuate Collection Set: 5.2ms
[13.896s][info][gc,phases      ] GC(282)   Post Evacuate Collection Set: 0.3ms
[13.896s][info][gc,phases      ] GC(282)   Other: 0.1ms
[13.896s][info][gc,heap        ] GC(282) Eden regions: 59->0(42)
[13.896s][info][gc,heap        ] GC(282) Survivor regions: 12->9(9)
[13.896s][info][gc,heap        ] GC(282) Old regions: 723->786
[13.896s][info][gc,heap        ] GC(282) Archive regions: 0->0
[13.896s][info][gc,heap        ] GC(282) Humongous regions: 2->2
[13.896s][info][gc,metaspace   ] GC(282) Metaspace: 8187K(8384K)->8187K(8384K) NonClass: 7455K(7552K)->7455K(7552K) Class: 731K(832K)->731K(832K)
[13.896s][info][gc             ] GC(282) Pause Young (Normal) (G1 Evacuation Pause) 780M->782M(1024M) 6.205ms
[13.896s][info][gc,cpu         ] GC(282) User=0.12s Sys=0.01s Real=0.00s
[INFO] Iteration: 43700000
[INFO] JVM Uptime: 13.90 seconds, OldGen Region Count: 786, OldGen Used Memory: 771.00 MB, OldGen Live Memory: 771.00 MB, Total count of old regions to be freed 0, Estimated memory to be freed: 0.00 MB, Estimated OldGen object count: 197376
[INFO] Average Region used: 98.09 %, Live percent of used: 100.00 %, Live percent of region size: 98.09 % 
[INFO] Number of keys in OldGen: 153993, Gap with estimated OldGen object: 43383 (169 MB) 
[INFO] Number of pre-LRU keys in OldGen: 334
[INFO] Iteration: 43800000
[INFO] JVM Uptime: 13.92 seconds, OldGen Region Count: 786, OldGen Used Memory: 771.00 MB, OldGen Live Memory: 771.00 MB, Total count of old regions to be freed 0, Estimated memory to be freed: 0.00 MB, Estimated OldGen object count: 197376
[INFO] Average Region used: 98.09 %, Live percent of used: 100.00 %, Live percent of region size: 98.09 % 
[INFO] Number of keys in OldGen: 148904, Gap with estimated OldGen object: 48472 (189 MB) 
[INFO] Number of pre-LRU keys in OldGen: 48
[13.943s][info][gc,start       ] GC(283) Pause Young (Concurrent Start) (G1 Evacuation Pause)
[13.943s][info][gc,task        ] GC(283) Using 23 workers of 23 for evacuation
[13.949s][info][gc,phases      ] GC(283)   Pre Evacuate Collection Set: 0.1ms
[13.949s][info][gc,phases      ] GC(283)   Merge Heap Roots: 0.4ms
[13.949s][info][gc,phases      ] GC(283)   Evacuate Collection Set: 4.6ms
[13.949s][info][gc,phases      ] GC(283)   Post Evacuate Collection Set: 0.7ms
[13.949s][info][gc,phases      ] GC(283)   Other: 0.1ms
[13.949s][info][gc,heap        ] GC(283) Eden regions: 42->0(44)
[13.949s][info][gc,heap        ] GC(283) Survivor regions: 9->7(7)
[13.949s][info][gc,heap        ] GC(283) Old regions: 786->833
[13.949s][info][gc,heap        ] GC(283) Archive regions: 0->0
[13.949s][info][gc,heap        ] GC(283) Humongous regions: 2->2
[13.949s][info][gc,metaspace   ] GC(283) Metaspace: 8187K(8384K)->8187K(8384K) NonClass: 7455K(7552K)->7455K(7552K) Class: 731K(832K)->731K(832K)
[13.949s][info][gc             ] GC(283) Pause Young (Concurrent Start) (G1 Evacuation Pause) 824M->827M(1024M) 6.013ms
[13.949s][info][gc,cpu         ] GC(283) User=0.10s Sys=0.00s Real=0.01s
[13.949s][info][gc             ] GC(284) Concurrent Mark Cycle
[13.949s][info][gc,marking     ] GC(284) Concurrent Clear Claimed Marks
[13.949s][info][gc,marking     ] GC(284) Concurrent Clear Claimed Marks 0.028ms
[13.949s][info][gc,marking     ] GC(284) Concurrent Scan Root Regions
[13.950s][info][gc,marking     ] GC(284) Concurrent Scan Root Regions 0.624ms
[13.950s][info][gc,marking     ] GC(284) Concurrent Mark
[13.950s][info][gc,marking     ] GC(284) Concurrent Mark From Roots
[13.950s][info][gc,task        ] GC(284) Using 6 workers of 6 for marking
[INFO] Iteration: 43900000
[13.957s][info][gc,marking     ] GC(284) Concurrent Mark From Roots 6.578ms
[13.957s][info][gc,marking     ] GC(284) Concurrent Preclean
[13.957s][info][gc,marking     ] GC(284) Concurrent Preclean 0.140ms
[13.957s][info][gc,start       ] GC(284) Pause Remark
[13.959s][info][gc             ] GC(284) Pause Remark 833M->833M(1024M) 2.050ms
[13.959s][info][gc,cpu         ] GC(284) User=0.01s Sys=0.00s Real=0.00s
[13.959s][info][gc,marking     ] GC(284) Concurrent Mark 9.169ms
[13.959s][info][gc,marking     ] GC(284) Concurrent Rebuild Remembered Sets
[13.971s][info][gc,marking     ] GC(284) Concurrent Rebuild Remembered Sets 11.899ms
[13.971s][info][gc,start       ] GC(284) Pause Cleanup
[13.972s][info][gc             ] GC(284) Pause Cleanup 833M->833M(1024M) 0.724ms
[13.972s][info][gc,cpu         ] GC(284) User=0.00s Sys=0.00s Real=0.00s
[13.972s][info][gc,marking     ] GC(284) Concurrent Cleanup for Next Mark
[13.973s][info][gc,marking     ] GC(284) Concurrent Cleanup for Next Mark 0.457ms
[13.973s][info][gc             ] GC(284) Concurrent Mark Cycle 23.476ms
[INFO] JVM Uptime: 13.96 seconds, OldGen Region Count: 833, OldGen Used Memory: 818.00 MB, OldGen Live Memory: 818.00 MB, Total count of old regions to be freed 0, Estimated memory to be freed: 0.00 MB, Estimated OldGen object count: 209408
[INFO] Average Region used: 98.20 %, Live percent of used: 100.00 %, Live percent of region size: 98.20 % 
[INFO] Number of keys in OldGen: 154139, Gap with estimated OldGen object: 55269 (215 MB) 
[INFO] Number of pre-LRU keys in OldGen: 309
[INFO] Iteration: 44000000
[INFO] JVM Uptime: 13.99 seconds, OldGen Region Count: 833, OldGen Used Memory: 818.00 MB, OldGen Live Memory: 625.61 MB, Total count of old regions to be freed 215, Estimated memory to be freed: 64.94 MB, Estimated OldGen object count: 209408
[INFO] Average Region used: 98.20 %, Live percent of used: 76.48 %, Live percent of region size: 75.10 % 
[INFO] Number of keys in OldGen: 148965, Gap with estimated OldGen object: 60443 (236 MB) 
[INFO] Number of pre-LRU keys in OldGen: 49
[14.008s][info][gc,start       ] GC(285) Pause Young (Prepare Mixed) (G1 Evacuation Pause)
[14.008s][info][gc,task        ] GC(285) Using 23 workers of 23 for evacuation
[14.014s][info][gc,phases      ] GC(285)   Pre Evacuate Collection Set: 0.1ms
[14.014s][info][gc,phases      ] GC(285)   Merge Heap Roots: 0.5ms
[14.014s][info][gc,phases      ] GC(285)   Evacuate Collection Set: 4.6ms
[14.014s][info][gc,phases      ] GC(285)   Post Evacuate Collection Set: 0.7ms
[14.014s][info][gc,phases      ] GC(285)   Other: 0.1ms
[14.014s][info][gc,heap        ] GC(285) Eden regions: 44->0(44)
[14.014s][info][gc,heap        ] GC(285) Survivor regions: 7->7(7)
[14.014s][info][gc,heap        ] GC(285) Old regions: 833->879
[14.014s][info][gc,heap        ] GC(285) Archive regions: 0->0
[14.014s][info][gc,heap        ] GC(285) Humongous regions: 2->2
[14.014s][info][gc,metaspace   ] GC(285) Metaspace: 8187K(8384K)->8187K(8384K) NonClass: 7455K(7552K)->7455K(7552K) Class: 731K(832K)->731K(832K)
[14.014s][info][gc             ] GC(285) Pause Young (Prepare Mixed) (G1 Evacuation Pause) 871M->872M(1024M) 6.060ms
[14.014s][info][gc,cpu         ] GC(285) User=0.10s Sys=0.00s Real=0.00s
[INFO] Iteration: 44100000
[INFO] JVM Uptime: 14.02 seconds, OldGen Region Count: 879, OldGen Used Memory: 863.40 MB, OldGen Live Memory: 671.01 MB, Total count of old regions to be freed 215, Estimated memory to be freed: 64.94 MB, Estimated OldGen object count: 221030
[INFO] Average Region used: 98.23 %, Live percent of used: 77.72 %, Live percent of region size: 76.34 % 
[INFO] Number of keys in OldGen: 154150, Gap with estimated OldGen object: 66880 (261 MB) 
[INFO] Number of pre-LRU keys in OldGen: 313
[INFO] Iteration: 44200000
[INFO] JVM Uptime: 14.04 seconds, OldGen Region Count: 879, OldGen Used Memory: 863.40 MB, OldGen Live Memory: 671.01 MB, Total count of old regions to be freed 215, Estimated memory to be freed: 64.94 MB, Estimated OldGen object count: 221030
[INFO] Average Region used: 98.23 %, Live percent of used: 77.72 %, Live percent of region size: 76.34 % 
[INFO] Number of keys in OldGen: 149283, Gap with estimated OldGen object: 71747 (280 MB) 
[INFO] Number of pre-LRU keys in OldGen: 63
[14.064s][info][gc,start       ] GC(286) Pause Young (Mixed) (G1 Evacuation Pause)
[14.064s][info][gc,task        ] GC(286) Using 23 workers of 23 for evacuation
[14.074s][info][gc             ] GC(286) To-space exhausted
[14.074s][info][gc,phases      ] GC(286)   Pre Evacuate Collection Set: 0.1ms
[14.074s][info][gc,phases      ] GC(286)   Merge Heap Roots: 0.6ms
[14.074s][info][gc,phases      ] GC(286)   Evacuate Collection Set: 7.9ms
[14.074s][info][gc,phases      ] GC(286)   Post Evacuate Collection Set: 1.3ms
[14.074s][info][gc,phases      ] GC(286)   Other: 0.1ms
[14.074s][info][gc,heap        ] GC(286) Eden regions: 44->0(44)
[14.074s][info][gc,heap        ] GC(286) Survivor regions: 7->7(7)
[14.074s][info][gc,heap        ] GC(286) Old regions: 879->1008
[14.074s][info][gc,heap        ] GC(286) Archive regions: 0->0
[14.074s][info][gc,heap        ] GC(286) Humongous regions: 2->2
[14.074s][info][gc,metaspace   ] GC(286) Metaspace: 8187K(8384K)->8187K(8384K) NonClass: 7455K(7552K)->7455K(7552K) Class: 731K(832K)->731K(832K)
[14.074s][info][gc             ] GC(286) Pause Young (Mixed) (G1 Evacuation Pause) 916M->1006M(1024M) 9.985ms
[14.074s][info][gc,cpu         ] GC(286) User=0.16s Sys=0.00s Real=0.01s
[14.076s][info][gc,start       ] GC(287) Pause Young (Mixed) (G1 Preventive Collection)
[14.076s][info][gc,task        ] GC(287) Using 23 workers of 23 for evacuation
[14.082s][info][gc             ] GC(287) To-space exhausted
[14.082s][info][gc,phases      ] GC(287)   Pre Evacuate Collection Set: 0.3ms
[14.082s][info][gc,phases      ] GC(287)   Merge Heap Roots: 0.6ms
[14.082s][info][gc,phases      ] GC(287)   Evacuate Collection Set: 3.9ms
[14.082s][info][gc,phases      ] GC(287)   Post Evacuate Collection Set: 1.6ms
[14.082s][info][gc,phases      ] GC(287)   Other: 0.1ms
[14.082s][info][gc,heap        ] GC(287) Eden regions: 1->0(50)
[14.082s][info][gc,heap        ] GC(287) Survivor regions: 7->1(6)
[14.082s][info][gc,heap        ] GC(287) Old regions: 1008->1020
[14.082s][info][gc,heap        ] GC(287) Archive regions: 0->0
[14.082s][info][gc,heap        ] GC(287) Humongous regions: 2->2
[14.082s][info][gc,metaspace   ] GC(287) Metaspace: 8187K(8384K)->8187K(8384K) NonClass: 7455K(7552K)->7455K(7552K) Class: 731K(832K)->731K(832K)
[14.082s][info][gc             ] GC(287) Pause Young (Mixed) (G1 Preventive Collection) 1007M->1012M(1024M) 6.476ms
[14.082s][info][gc,cpu         ] GC(287) User=0.10s Sys=0.00s Real=0.01s
[14.083s][info][gc,start       ] GC(288) Pause Young (Mixed) (G1 Evacuation Pause)
[14.084s][info][gc,task        ] GC(288) Using 23 workers of 23 for evacuation
[14.089s][info][gc             ] GC(288) To-space exhausted
[14.089s][info][gc,phases      ] GC(288)   Pre Evacuate Collection Set: 0.2ms
[14.089s][info][gc,phases      ] GC(288)   Merge Heap Roots: 0.6ms
[14.089s][info][gc,phases      ] GC(288)   Evacuate Collection Set: 3.0ms
[14.089s][info][gc,phases      ] GC(288)   Post Evacuate Collection Set: 1.3ms
[14.089s][info][gc,phases      ] GC(288)   Other: 0.1ms
[14.089s][info][gc,heap        ] GC(288) Eden regions: 1->0(51)
[14.089s][info][gc,heap        ] GC(288) Survivor regions: 1->0(0)
[14.089s][info][gc,heap        ] GC(288) Old regions: 1020->1022
[14.089s][info][gc,heap        ] GC(288) Archive regions: 0->0
[14.089s][info][gc,heap        ] GC(288) Humongous regions: 2->2
[14.089s][info][gc,metaspace   ] GC(288) Metaspace: 8187K(8384K)->8187K(8384K) NonClass: 7455K(7552K)->7455K(7552K) Class: 731K(832K)->731K(832K)
[14.089s][info][gc             ] GC(288) Pause Young (Mixed) (G1 Evacuation Pause) 1013M->1013M(1024M) 5.148ms
[14.089s][info][gc,cpu         ] GC(288) User=0.08s Sys=0.00s Real=0.01s
[14.089s][info][gc,ergo        ] Attempting full compaction
[14.089s][info][gc,task        ] GC(289) Using 23 workers of 23 for full compaction
[14.089s][info][gc,start       ] GC(289) Pause Full (G1 Compaction Pause)
[14.089s][info][gc,phases,start] GC(289) Phase 1: Mark live objects
[14.095s][info][gc,phases      ] GC(289) Phase 1: Mark live objects 6.054ms
[14.095s][info][gc,phases,start] GC(289) Phase 2: Prepare for compaction
[14.096s][info][gc,phases      ] GC(289) Phase 2: Prepare for compaction 1.507ms
[14.096s][info][gc,phases,start] GC(289) Phase 3: Adjust pointers
[14.099s][info][gc,phases      ] GC(289) Phase 3: Adjust pointers 2.348ms
[14.099s][info][gc,phases,start] GC(289) Phase 4: Compact heap
[14.121s][info][gc,phases      ] GC(289) Phase 4: Compact heap 21.825ms
[14.122s][info][gc,heap        ] GC(289) Eden regions: 0->0(91)
[14.122s][info][gc,heap        ] GC(289) Survivor regions: 0->0(0)
[14.122s][info][gc,heap        ] GC(289) Old regions: 1022->641
[14.122s][info][gc,heap        ] GC(289) Archive regions: 0->0
[14.122s][info][gc,heap        ] GC(289) Humongous regions: 2->2
[14.122s][info][gc,metaspace   ] GC(289) Metaspace: 8187K(8384K)->8187K(8384K) NonClass: 7455K(7552K)->7455K(7552K) Class: 731K(832K)->731K(832K)
[14.122s][info][gc             ] GC(289) Pause Full (G1 Compaction Pause) 1013M->630M(1024M) 33.247ms
[14.122s][info][gc,cpu         ] GC(289) User=0.50s Sys=0.00s Real=0.03s
[INFO] Iteration: 44300000
[INFO] JVM Uptime: 14.12 seconds, OldGen Region Count: 641, OldGen Used Memory: 628.52 MB, OldGen Live Memory: 628.52 MB, Total count of old regions to be freed 0, Estimated memory to be freed: 0.00 MB, Estimated OldGen object count: 160900
[INFO] Average Region used: 98.05 %, Live percent of used: 100.00 %, Live percent of region size: 98.05 % 
[INFO] Number of keys in OldGen: 156766, Gap with estimated OldGen object: 4134 (16 MB) 
[INFO] Number of pre-LRU keys in OldGen: 423
[INFO] Iteration: 44400000
[INFO] JVM Uptime: 14.15 seconds, OldGen Region Count: 641, OldGen Used Memory: 628.52 MB, OldGen Live Memory: 628.52 MB, Total count of old regions to be freed 0, Estimated memory to be freed: 0.00 MB, Estimated OldGen object count: 160900
[INFO] Average Region used: 98.05 %, Live percent of used: 100.00 %, Live percent of region size: 98.05 % 
[INFO] Number of keys in OldGen: 151877, Gap with estimated OldGen object: 9023 (35 MB) 
[INFO] Number of pre-LRU keys in OldGen: 64
[INFO] Iteration: 44500000
[INFO] JVM Uptime: 14.18 seconds, OldGen Region Count: 641, OldGen Used Memory: 628.52 MB, OldGen Live Memory: 628.52 MB, Total count of old regions to be freed 0, Estimated memory to be freed: 0.00 MB, Estimated OldGen object count: 160900
[INFO] Average Region used: 98.05 %, Live percent of used: 100.00 %, Live percent of region size: 98.05 % 
[INFO] Number of keys in OldGen: 146827, Gap with estimated OldGen object: 14073 (54 MB) 
[INFO] Number of pre-LRU keys in OldGen: 67
[INFO] Iteration: 44600000
[INFO] JVM Uptime: 14.20 seconds, OldGen Region Count: 641, OldGen Used Memory: 628.52 MB, OldGen Live Memory: 628.52 MB, Total count of old regions to be freed 0, Estimated memory to be freed: 0.00 MB, Estimated OldGen object count: 160900
[INFO] Average Region used: 98.05 %, Live percent of used: 100.00 %, Live percent of region size: 98.05 % 
[INFO] Number of keys in OldGen: 141665, Gap with estimated OldGen object: 19235 (75 MB) 
[INFO] Number of pre-LRU keys in OldGen: 43
[INFO] Iteration: 44700000
[INFO] JVM Uptime: 14.22 seconds, OldGen Region Count: 641, OldGen Used Memory: 628.52 MB, OldGen Live Memory: 628.52 MB, Total count of old regions to be freed 0, Estimated memory to be freed: 0.00 MB, Estimated OldGen object count: 160900
[INFO] Average Region used: 98.05 %, Live percent of used: 100.00 %, Live percent of region size: 98.05 % 
[INFO] Number of keys in OldGen: 136614, Gap with estimated OldGen object: 24286 (94 MB) 
[INFO] Number of pre-LRU keys in OldGen: 53
[14.228s][info][gc,start       ] GC(290) Pause Young (Normal) (G1 Evacuation Pause)
[14.228s][info][gc,task        ] GC(290) Using 23 workers of 23 for evacuation
[14.234s][info][gc,phases      ] GC(290)   Pre Evacuate Collection Set: 0.1ms
[14.234s][info][gc,phases      ] GC(290)   Merge Heap Roots: 0.4ms
[14.234s][info][gc,phases      ] GC(290)   Evacuate Collection Set: 5.3ms
[14.234s][info][gc,phases      ] GC(290)   Post Evacuate Collection Set: 0.2ms
[14.234s][info][gc,phases      ] GC(290)   Other: 0.1ms
[14.234s][info][gc,heap        ] GC(290) Eden regions: 91->0(62)
[14.234s][info][gc,heap        ] GC(290) Survivor regions: 0->12(12)
[14.234s][info][gc,heap        ] GC(290) Old regions: 641->715
[14.234s][info][gc,heap        ] GC(290) Archive regions: 0->0
[14.234s][info][gc,heap        ] GC(290) Humongous regions: 2->2
[14.234s][info][gc,metaspace   ] GC(290) Metaspace: 8187K(8384K)->8187K(8384K) NonClass: 7455K(7552K)->7455K(7552K) Class: 731K(832K)->731K(832K)
[14.234s][info][gc             ] GC(290) Pause Young (Normal) (G1 Evacuation Pause) 721M->716M(1024M) 6.099ms
[14.234s][info][gc,cpu         ] GC(290) User=0.12s Sys=0.00s Real=0.00s
[INFO] Iteration: 44800000
[INFO] JVM Uptime: 14.25 seconds, OldGen Region Count: 715, OldGen Used Memory: 702.24 MB, OldGen Live Memory: 702.24 MB, Total count of old regions to be freed 0, Estimated memory to be freed: 0.00 MB, Estimated OldGen object count: 179774
[INFO] Average Region used: 98.22 %, Live percent of used: 100.00 %, Live percent of region size: 98.22 % 
[INFO] Number of keys in OldGen: 149755, Gap with estimated OldGen object: 30019 (117 MB) 
[INFO] Number of pre-LRU keys in OldGen: 67
[INFO] Iteration: 44900000
[INFO] JVM Uptime: 14.27 seconds, OldGen Region Count: 715, OldGen Used Memory: 702.24 MB, OldGen Live Memory: 702.24 MB, Total count of old regions to be freed 0, Estimated memory to be freed: 0.00 MB, Estimated OldGen object count: 179774
[INFO] Average Region used: 98.22 %, Live percent of used: 100.00 %, Live percent of region size: 98.22 % 
[INFO] Number of keys in OldGen: 144764, Gap with estimated OldGen object: 35010 (136 MB) 
[INFO] Number of pre-LRU keys in OldGen: 61
[14.290s][info][gc,start       ] GC(291) Pause Young (Normal) (G1 Evacuation Pause)
[14.290s][info][gc,task        ] GC(291) Using 23 workers of 23 for evacuation
[14.297s][info][gc,phases      ] GC(291)   Pre Evacuate Collection Set: 0.2ms
[14.297s][info][gc,phases      ] GC(291)   Merge Heap Roots: 0.4ms
[14.297s][info][gc,phases      ] GC(291)   Evacuate Collection Set: 4.9ms
[14.297s][info][gc,phases      ] GC(291)   Post Evacuate Collection Set: 0.7ms
[14.297s][info][gc,phases      ] GC(291)   Other: 0.1ms
[14.297s][info][gc,heap        ] GC(291) Eden regions: 62->0(42)
[14.297s][info][gc,heap        ] GC(291) Survivor regions: 12->10(10)
[14.297s][info][gc,heap        ] GC(291) Old regions: 715->779
[14.297s][info][gc,heap        ] GC(291) Archive regions: 0->0
[14.297s][info][gc,heap        ] GC(291) Humongous regions: 2->2
[14.297s][info][gc,metaspace   ] GC(291) Metaspace: 8187K(8384K)->8187K(8384K) NonClass: 7455K(7552K)->7455K(7552K) Class: 731K(832K)->731K(832K)
[14.297s][info][gc             ] GC(291) Pause Young (Normal) (G1 Evacuation Pause) 778M->778M(1024M) 6.331ms
[14.297s][info][gc,cpu         ] GC(291) User=0.11s Sys=0.00s Real=0.01s
[INFO] Iteration: 45000000
[INFO] JVM Uptime: 14.30 seconds, OldGen Region Count: 779, OldGen Used Memory: 766.00 MB, OldGen Live Memory: 766.00 MB, Total count of old regions to be freed 0, Estimated memory to be freed: 0.00 MB, Estimated OldGen object count: 196096
[INFO] Average Region used: 98.33 %, Live percent of used: 100.00 %, Live percent of region size: 98.33 % 
[INFO] Number of keys in OldGen: 154596, Gap with estimated OldGen object: 41500 (162 MB) 
[INFO] Number of pre-LRU keys in OldGen: 394
[INFO] Iteration: 45100000
[INFO] JVM Uptime: 14.33 seconds, OldGen Region Count: 779, OldGen Used Memory: 766.00 MB, OldGen Live Memory: 766.00 MB, Total count of old regions to be freed 0, Estimated memory to be freed: 0.00 MB, Estimated OldGen object count: 196096
[INFO] Average Region used: 98.33 %, Live percent of used: 100.00 %, Live percent of region size: 98.33 % 
[INFO] Number of keys in OldGen: 149565, Gap with estimated OldGen object: 46531 (181 MB) 
[INFO] Number of pre-LRU keys in OldGen: 63
[14.346s][info][gc,start       ] GC(292) Pause Young (Concurrent Start) (G1 Evacuation Pause)
[14.346s][info][gc,task        ] GC(292) Using 23 workers of 23 for evacuation
[14.352s][info][gc,phases      ] GC(292)   Pre Evacuate Collection Set: 0.1ms
[14.352s][info][gc,phases      ] GC(292)   Merge Heap Roots: 0.4ms
[14.352s][info][gc,phases      ] GC(292)   Evacuate Collection Set: 4.5ms
[14.352s][info][gc,phases      ] GC(292)   Post Evacuate Collection Set: 0.3ms
[14.352s][info][gc,phases      ] GC(292)   Other: 0.1ms
[14.352s][info][gc,heap        ] GC(292) Eden regions: 42->0(44)
[14.352s][info][gc,heap        ] GC(292) Survivor regions: 10->7(7)
[14.352s][info][gc,heap        ] GC(292) Old regions: 779->827
[14.352s][info][gc,heap        ] GC(292) Archive regions: 0->0
[14.352s][info][gc,heap        ] GC(292) Humongous regions: 2->2
[14.352s][info][gc,metaspace   ] GC(292) Metaspace: 8187K(8384K)->8187K(8384K) NonClass: 7455K(7552K)->7455K(7552K) Class: 731K(832K)->731K(832K)
[14.352s][info][gc             ] GC(292) Pause Young (Concurrent Start) (G1 Evacuation Pause) 820M->823M(1024M) 5.423ms
[14.352s][info][gc,cpu         ] GC(292) User=0.10s Sys=0.00s Real=0.01s
[14.352s][info][gc             ] GC(293) Concurrent Mark Cycle
[14.352s][info][gc,marking     ] GC(293) Concurrent Clear Claimed Marks
[14.352s][info][gc,marking     ] GC(293) Concurrent Clear Claimed Marks 0.010ms
[14.352s][info][gc,marking     ] GC(293) Concurrent Scan Root Regions
[14.353s][info][gc,marking     ] GC(293) Concurrent Scan Root Regions 0.699ms
[14.353s][info][gc,marking     ] GC(293) Concurrent Mark
[14.353s][info][gc,marking     ] GC(293) Concurrent Mark From Roots
[14.353s][info][gc,task        ] GC(293) Using 6 workers of 6 for marking
[INFO] Iteration: 45200000
[14.359s][info][gc,marking     ] GC(293) Concurrent Mark From Roots 6.319ms
[14.359s][info][gc,marking     ] GC(293) Concurrent Preclean
[14.359s][info][gc,marking     ] GC(293) Concurrent Preclean 0.124ms
[14.359s][info][gc,start       ] GC(293) Pause Remark
[14.361s][info][gc             ] GC(293) Pause Remark 824M->824M(1024M) 2.022ms
[14.362s][info][gc,cpu         ] GC(293) User=0.01s Sys=0.00s Real=0.00s
[14.362s][info][gc,marking     ] GC(293) Concurrent Mark 8.949ms
[14.362s][info][gc,marking     ] GC(293) Concurrent Rebuild Remembered Sets
[INFO] JVM Uptime: 14.35 seconds, OldGen Region Count: 827, OldGen Used Memory: 814.02 MB, OldGen Live Memory: 814.02 MB, Total count of old regions to be freed 0, Estimated memory to be freed: 0.00 MB, Estimated OldGen object count: 208388
[INFO] Average Region used: 98.43 %, Live percent of used: 100.00 %, Live percent of region size: 98.43 % 
[INFO] Number of keys in OldGen: 155189, Gap with estimated OldGen object: 53199 (207 MB) 
[INFO] Number of pre-LRU keys in OldGen: 355
[14.374s][info][gc,marking     ] GC(293) Concurrent Rebuild Remembered Sets 11.930ms
[14.374s][info][gc,start       ] GC(293) Pause Cleanup
[14.374s][info][gc             ] GC(293) Pause Cleanup 827M->827M(1024M) 0.343ms
[14.374s][info][gc,cpu         ] GC(293) User=0.00s Sys=0.00s Real=0.00s
[14.374s][info][gc,marking     ] GC(293) Concurrent Cleanup for Next Mark
[14.375s][info][gc,marking     ] GC(293) Concurrent Cleanup for Next Mark 0.472ms
[14.375s][info][gc             ] GC(293) Concurrent Mark Cycle 22.760ms
[INFO] Iteration: 45300000
[INFO] JVM Uptime: 14.39 seconds, OldGen Region Count: 827, OldGen Used Memory: 814.02 MB, OldGen Live Memory: 625.66 MB, Total count of old regions to be freed 148, Estimated memory to be freed: 41.40 MB, Estimated OldGen object count: 208388
[INFO] Average Region used: 98.43 %, Live percent of used: 76.86 %, Live percent of region size: 75.65 % 
[INFO] Number of keys in OldGen: 150191, Gap with estimated OldGen object: 58197 (227 MB) 
[INFO] Number of pre-LRU keys in OldGen: 59
[14.410s][info][gc,start       ] GC(294) Pause Young (Prepare Mixed) (G1 Evacuation Pause)
[14.410s][info][gc,task        ] GC(294) Using 23 workers of 23 for evacuation
[14.416s][info][gc,phases      ] GC(294)   Pre Evacuate Collection Set: 0.3ms
[14.416s][info][gc,phases      ] GC(294)   Merge Heap Roots: 0.6ms
[14.416s][info][gc,phases      ] GC(294)   Evacuate Collection Set: 4.5ms
[14.416s][info][gc,phases      ] GC(294)   Post Evacuate Collection Set: 0.8ms
[14.416s][info][gc,phases      ] GC(294)   Other: 0.1ms
[14.416s][info][gc,heap        ] GC(294) Eden regions: 44->0(44)
[14.416s][info][gc,heap        ] GC(294) Survivor regions: 7->7(7)
[14.416s][info][gc,heap        ] GC(294) Old regions: 827->872
[14.416s][info][gc,heap        ] GC(294) Archive regions: 0->0
[14.416s][info][gc,heap        ] GC(294) Humongous regions: 2->2
[14.416s][info][gc,metaspace   ] GC(294) Metaspace: 8187K(8384K)->8187K(8384K) NonClass: 7455K(7552K)->7455K(7552K) Class: 731K(832K)->731K(832K)
[14.416s][info][gc             ] GC(294) Pause Young (Prepare Mixed) (G1 Evacuation Pause) 867M->867M(1024M) 6.259ms
[14.416s][info][gc,cpu         ] GC(294) User=0.10s Sys=0.00s Real=0.00s
[INFO] Iteration: 45400000
[INFO] JVM Uptime: 14.42 seconds, OldGen Region Count: 872, OldGen Used Memory: 858.92 MB, OldGen Live Memory: 670.56 MB, Total count of old regions to be freed 148, Estimated memory to be freed: 41.40 MB, Estimated OldGen object count: 219882
[INFO] Average Region used: 98.50 %, Live percent of used: 78.07 %, Live percent of region size: 76.90 % 
[INFO] Number of keys in OldGen: 155476, Gap with estimated OldGen object: 64406 (251 MB) 
[INFO] Number of pre-LRU keys in OldGen: 351
[INFO] Iteration: 45500000
[INFO] JVM Uptime: 14.44 seconds, OldGen Region Count: 872, OldGen Used Memory: 858.92 MB, OldGen Live Memory: 670.56 MB, Total count of old regions to be freed 148, Estimated memory to be freed: 41.40 MB, Estimated OldGen object count: 219882
[INFO] Average Region used: 98.50 %, Live percent of used: 78.07 %, Live percent of region size: 76.90 % 
[INFO] Number of keys in OldGen: 150334, Gap with estimated OldGen object: 69548 (271 MB) 
[INFO] Number of pre-LRU keys in OldGen: 63
[14.467s][info][gc,start       ] GC(295) Pause Young (Mixed) (G1 Evacuation Pause)
[14.467s][info][gc,task        ] GC(295) Using 23 workers of 23 for evacuation
[14.475s][info][gc             ] GC(295) To-space exhausted
[14.475s][info][gc,phases      ] GC(295)   Pre Evacuate Collection Set: 0.1ms
[14.475s][info][gc,phases      ] GC(295)   Merge Heap Roots: 0.6ms
[14.475s][info][gc,phases      ] GC(295)   Evacuate Collection Set: 6.6ms
[14.475s][info][gc,phases      ] GC(295)   Post Evacuate Collection Set: 1.0ms
[14.475s][info][gc,phases      ] GC(295)   Other: 0.1ms
[14.475s][info][gc,heap        ] GC(295) Eden regions: 44->0(44)
[14.475s][info][gc,heap        ] GC(295) Survivor regions: 7->7(7)
[14.475s][info][gc,heap        ] GC(295) Old regions: 872->1010
[14.475s][info][gc,heap        ] GC(295) Archive regions: 0->0
[14.475s][info][gc,heap        ] GC(295) Humongous regions: 2->2
[14.475s][info][gc,metaspace   ] GC(295) Metaspace: 8187K(8384K)->8187K(8384K) NonClass: 7455K(7552K)->7455K(7552K) Class: 731K(832K)->731K(832K)
[14.475s][info][gc             ] GC(295) Pause Young (Mixed) (G1 Evacuation Pause) 911M->1009M(1024M) 8.494ms
[14.475s][info][gc,cpu         ] GC(295) User=0.16s Sys=0.00s Real=0.01s
[INFO] Iteration: 45600000
[INFO] JVM Uptime: 14.48 seconds, OldGen Region Count: 1010, OldGen Used Memory: 1000.23 MB, OldGen Live Memory: 704.93 MB, Total count of old regions to be freed 199, Estimated memory to be freed: 104.27 MB, Estimated OldGen object count: 256058
[INFO] Average Region used: 99.03 %, Live percent of used: 70.48 %, Live percent of region size: 69.80 % 
[INFO] Number of keys in OldGen: 155532, Gap with estimated OldGen object: 100526 (392 MB) 
[INFO] Number of pre-LRU keys in OldGen: 404
[14.496s][info][gc,start       ] GC(296) Pause Young (Mixed) (G1 Preventive Collection)
[14.496s][info][gc,task        ] GC(296) Using 23 workers of 23 for evacuation
[14.502s][info][gc             ] GC(296) To-space exhausted
[14.502s][info][gc,phases      ] GC(296)   Pre Evacuate Collection Set: 0.1ms
[14.502s][info][gc,phases      ] GC(296)   Merge Heap Roots: 0.8ms
[14.502s][info][gc,phases      ] GC(296)   Evacuate Collection Set: 4.0ms
[14.502s][info][gc,phases      ] GC(296)   Post Evacuate Collection Set: 1.4ms
[14.502s][info][gc,phases      ] GC(296)   Other: 0.1ms
[14.502s][info][gc,heap        ] GC(296) Eden regions: 1->0(51)
[14.502s][info][gc,heap        ] GC(296) Survivor regions: 7->0(4)
[14.502s][info][gc,heap        ] GC(296) Old regions: 1010->1022
[14.502s][info][gc,heap        ] GC(296) Archive regions: 0->0
[14.502s][info][gc,heap        ] GC(296) Humongous regions: 2->2
[14.502s][info][gc,metaspace   ] GC(296) Metaspace: 8187K(8384K)->8187K(8384K) NonClass: 7455K(7552K)->7455K(7552K) Class: 731K(832K)->731K(832K)
[14.502s][info][gc             ] GC(296) Pause Young (Mixed) (G1 Preventive Collection) 1010M->1014M(1024M) 6.394ms
[14.503s][info][gc,cpu         ] GC(296) User=0.10s Sys=0.00s Real=0.01s
[14.503s][info][gc,ergo        ] Attempting full compaction
[14.503s][info][gc,task        ] GC(297) Using 23 workers of 23 for full compaction
[14.503s][info][gc,start       ] GC(297) Pause Full (G1 Compaction Pause)
[14.503s][info][gc,phases,start] GC(297) Phase 1: Mark live objects
[14.511s][info][gc,phases      ] GC(297) Phase 1: Mark live objects 8.241ms
[14.511s][info][gc,phases,start] GC(297) Phase 2: Prepare for compaction
[14.513s][info][gc,phases      ] GC(297) Phase 2: Prepare for compaction 1.666ms
[14.513s][info][gc,phases,start] GC(297) Phase 3: Adjust pointers
[14.515s][info][gc,phases      ] GC(297) Phase 3: Adjust pointers 2.333ms
[14.515s][info][gc,phases,start] GC(297) Phase 4: Compact heap
[14.538s][info][gc,phases      ] GC(297) Phase 4: Compact heap 22.779ms
[14.539s][info][gc,heap        ] GC(297) Eden regions: 0->0(92)
[14.539s][info][gc,heap        ] GC(297) Survivor regions: 0->0(4)
[14.539s][info][gc,heap        ] GC(297) Old regions: 1022->638
[14.539s][info][gc,heap        ] GC(297) Archive regions: 0->0
[14.539s][info][gc,heap        ] GC(297) Humongous regions: 2->2
[14.539s][info][gc,metaspace   ] GC(297) Metaspace: 8187K(8384K)->8187K(8384K) NonClass: 7455K(7552K)->7455K(7552K) Class: 731K(832K)->731K(832K)
[14.539s][info][gc             ] GC(297) Pause Full (G1 Compaction Pause) 1014M->630M(1024M) 35.948ms
[14.539s][info][gc,cpu         ] GC(297) User=0.53s Sys=0.01s Real=0.04s
[INFO] Iteration: 45700000
[INFO] JVM Uptime: 14.55 seconds, OldGen Region Count: 638, OldGen Used Memory: 628.32 MB, OldGen Live Memory: 628.32 MB, Total count of old regions to be freed 0, Estimated memory to be freed: 0.00 MB, Estimated OldGen object count: 160848
[INFO] Average Region used: 98.48 %, Live percent of used: 100.00 %, Live percent of region size: 98.48 % 
[INFO] Number of keys in OldGen: 152550, Gap with estimated OldGen object: 8298 (32 MB) 
[INFO] Number of pre-LRU keys in OldGen: 65
[INFO] Iteration: 45800000
[INFO] JVM Uptime: 14.58 seconds, OldGen Region Count: 638, OldGen Used Memory: 628.32 MB, OldGen Live Memory: 628.32 MB, Total count of old regions to be freed 0, Estimated memory to be freed: 0.00 MB, Estimated OldGen object count: 160848
[INFO] Average Region used: 98.48 %, Live percent of used: 100.00 %, Live percent of region size: 98.48 % 
[INFO] Number of keys in OldGen: 147462, Gap with estimated OldGen object: 13386 (52 MB) 
[INFO] Number of pre-LRU keys in OldGen: 48
[INFO] Iteration: 45900000
[INFO] JVM Uptime: 14.60 seconds, OldGen Region Count: 638, OldGen Used Memory: 628.32 MB, OldGen Live Memory: 628.32 MB, Total count of old regions to be freed 0, Estimated memory to be freed: 0.00 MB, Estimated OldGen object count: 160848
[INFO] Average Region used: 98.48 %, Live percent of used: 100.00 %, Live percent of region size: 98.48 % 
[INFO] Number of keys in OldGen: 142596, Gap with estimated OldGen object: 18252 (71 MB) 
[INFO] Number of pre-LRU keys in OldGen: 67
[INFO] Iteration: 46000000
[INFO] JVM Uptime: 14.62 seconds, OldGen Region Count: 638, OldGen Used Memory: 628.32 MB, OldGen Live Memory: 628.32 MB, Total count of old regions to be freed 0, Estimated memory to be freed: 0.00 MB, Estimated OldGen object count: 160848
[INFO] Average Region used: 98.48 %, Live percent of used: 100.00 %, Live percent of region size: 98.48 % 
[INFO] Number of keys in OldGen: 137538, Gap with estimated OldGen object: 23310 (91 MB) 
[INFO] Number of pre-LRU keys in OldGen: 56
[14.631s][info][gc,start       ] GC(298) Pause Young (Normal) (G1 Evacuation Pause)
[14.631s][info][gc,task        ] GC(298) Using 23 workers of 23 for evacuation
[14.638s][info][gc,phases      ] GC(298)   Pre Evacuate Collection Set: 0.2ms
[14.638s][info][gc,phases      ] GC(298)   Merge Heap Roots: 0.5ms
[14.638s][info][gc,phases      ] GC(298)   Evacuate Collection Set: 5.5ms
[14.638s][info][gc,phases      ] GC(298)   Post Evacuate Collection Set: 1.2ms
[14.638s][info][gc,phases      ] GC(298)   Other: 0.1ms
[14.638s][info][gc,heap        ] GC(298) Eden regions: 92->0(62)
[14.638s][info][gc,heap        ] GC(298) Survivor regions: 0->12(12)
[14.638s][info][gc,heap        ] GC(298) Old regions: 638->715
[14.638s][info][gc,heap        ] GC(298) Archive regions: 0->0
[14.638s][info][gc,heap        ] GC(298) Humongous regions: 2->2
[14.638s][info][gc,metaspace   ] GC(298) Metaspace: 8187K(8384K)->8187K(8384K) NonClass: 7455K(7552K)->7455K(7552K) Class: 731K(832K)->731K(832K)
[14.638s][info][gc             ] GC(298) Pause Young (Normal) (G1 Evacuation Pause) 722M->718M(1024M) 7.592ms
[14.638s][info][gc,cpu         ] GC(298) User=0.12s Sys=0.00s Real=0.01s
[INFO] Iteration: 46100000
[INFO] JVM Uptime: 14.65 seconds, OldGen Region Count: 715, OldGen Used Memory: 704.51 MB, OldGen Live Memory: 704.51 MB, Total count of old regions to be freed 0, Estimated memory to be freed: 0.00 MB, Estimated OldGen object count: 180355
[INFO] Average Region used: 98.53 %, Live percent of used: 100.00 %, Live percent of region size: 98.53 % 
[INFO] Number of keys in OldGen: 151002, Gap with estimated OldGen object: 29353 (114 MB) 
[INFO] Number of pre-LRU keys in OldGen: 124
[INFO] Iteration: 46200000
[INFO] JVM Uptime: 14.67 seconds, OldGen Region Count: 715, OldGen Used Memory: 704.51 MB, OldGen Live Memory: 704.51 MB, Total count of old regions to be freed 0, Estimated memory to be freed: 0.00 MB, Estimated OldGen object count: 180355
[INFO] Average Region used: 98.53 %, Live percent of used: 100.00 %, Live percent of region size: 98.53 % 
[INFO] Number of keys in OldGen: 146074, Gap with estimated OldGen object: 34281 (133 MB) 
[INFO] Number of pre-LRU keys in OldGen: 67
[INFO] Iteration: 46300000
[INFO] JVM Uptime: 14.69 seconds, OldGen Region Count: 715, OldGen Used Memory: 704.51 MB, OldGen Live Memory: 704.51 MB, Total count of old regions to be freed 0, Estimated memory to be freed: 0.00 MB, Estimated OldGen object count: 180355
[INFO] Average Region used: 98.53 %, Live percent of used: 100.00 %, Live percent of region size: 98.53 % 
[INFO] Number of keys in OldGen: 141054, Gap with estimated OldGen object: 39301 (153 MB) 
[INFO] Number of pre-LRU keys in OldGen: 48
[14.704s][info][gc,start       ] GC(299) Pause Young (Normal) (G1 Evacuation Pause)
[14.704s][info][gc,task        ] GC(299) Using 23 workers of 23 for evacuation
[14.712s][info][gc,phases      ] GC(299)   Pre Evacuate Collection Set: 0.3ms
[14.712s][info][gc,phases      ] GC(299)   Merge Heap Roots: 0.8ms
[14.712s][info][gc,phases      ] GC(299)   Evacuate Collection Set: 5.3ms
[14.712s][info][gc,phases      ] GC(299)   Post Evacuate Collection Set: 1.2ms
[14.712s][info][gc,phases      ] GC(299)   Other: 0.1ms
[14.712s][info][gc,heap        ] GC(299) Eden regions: 62->0(42)
[14.712s][info][gc,heap        ] GC(299) Survivor regions: 12->10(10)
[14.712s][info][gc,heap        ] GC(299) Old regions: 715->779
[14.712s][info][gc,heap        ] GC(299) Archive regions: 0->0
[14.712s][info][gc,heap        ] GC(299) Humongous regions: 2->2
[14.712s][info][gc,metaspace   ] GC(299) Metaspace: 8187K(8384K)->8187K(8384K) NonClass: 7455K(7552K)->7455K(7552K) Class: 731K(832K)->731K(832K)
[14.712s][info][gc             ] GC(299) Pause Young (Normal) (G1 Evacuation Pause) 780M->780M(1024M) 7.754ms
[14.712s][info][gc,cpu         ] GC(299) User=0.12s Sys=0.01s Real=0.01s
[INFO] Iteration: 46400000
[INFO] JVM Uptime: 14.72 seconds, OldGen Region Count: 779, OldGen Used Memory: 768.82 MB, OldGen Live Memory: 768.82 MB, Total count of old regions to be freed 0, Estimated memory to be freed: 0.00 MB, Estimated OldGen object count: 196816
[INFO] Average Region used: 98.69 %, Live percent of used: 100.00 %, Live percent of region size: 98.69 % 
[INFO] Number of keys in OldGen: 150904, Gap with estimated OldGen object: 45912 (179 MB) 
[INFO] Number of pre-LRU keys in OldGen: 121
[INFO] Iteration: 46500000
[INFO] JVM Uptime: 14.75 seconds, OldGen Region Count: 779, OldGen Used Memory: 768.82 MB, OldGen Live Memory: 768.82 MB, Total count of old regions to be freed 0, Estimated memory to be freed: 0.00 MB, Estimated OldGen object count: 196816
[INFO] Average Region used: 98.69 %, Live percent of used: 100.00 %, Live percent of region size: 98.69 % 
[INFO] Number of keys in OldGen: 145898, Gap with estimated OldGen object: 50918 (198 MB) 
[INFO] Number of pre-LRU keys in OldGen: 59
[14.758s][info][gc,start       ] GC(300) Pause Young (Concurrent Start) (G1 Evacuation Pause)
[14.758s][info][gc,task        ] GC(300) Using 23 workers of 23 for evacuation
[14.764s][info][gc,phases      ] GC(300)   Pre Evacuate Collection Set: 0.3ms
[14.764s][info][gc,phases      ] GC(300)   Merge Heap Roots: 0.5ms
[14.764s][info][gc,phases      ] GC(300)   Evacuate Collection Set: 4.5ms
[14.764s][info][gc,phases      ] GC(300)   Post Evacuate Collection Set: 0.2ms
[14.764s][info][gc,phases      ] GC(300)   Other: 0.2ms
[14.764s][info][gc,heap        ] GC(300) Eden regions: 42->0(44)
[14.764s][info][gc,heap        ] GC(300) Survivor regions: 10->7(7)
[14.764s][info][gc,heap        ] GC(300) Old regions: 779->825
[14.764s][info][gc,heap        ] GC(300) Archive regions: 0->0
[14.764s][info][gc,heap        ] GC(300) Humongous regions: 2->2
[14.764s][info][gc,metaspace   ] GC(300) Metaspace: 8187K(8384K)->8187K(8384K) NonClass: 7455K(7552K)->7455K(7552K) Class: 731K(832K)->731K(832K)
[14.764s][info][gc             ] GC(300) Pause Young (Concurrent Start) (G1 Evacuation Pause) 822M->824M(1024M) 5.776ms
[14.764s][info][gc,cpu         ] GC(300) User=0.11s Sys=0.00s Real=0.00s
[14.764s][info][gc             ] GC(301) Concurrent Mark Cycle
[14.764s][info][gc,marking     ] GC(301) Concurrent Clear Claimed Marks
[14.764s][info][gc,marking     ] GC(301) Concurrent Clear Claimed Marks 0.010ms
[14.764s][info][gc,marking     ] GC(301) Concurrent Scan Root Regions
[14.765s][info][gc,marking     ] GC(301) Concurrent Scan Root Regions 0.843ms
[14.765s][info][gc,marking     ] GC(301) Concurrent Mark
[14.765s][info][gc,marking     ] GC(301) Concurrent Mark From Roots
[14.765s][info][gc,task        ] GC(301) Using 6 workers of 6 for marking
[14.772s][info][gc,marking     ] GC(301) Concurrent Mark From Roots 6.912ms
[14.772s][info][gc,marking     ] GC(301) Concurrent Preclean
[14.772s][info][gc,marking     ] GC(301) Concurrent Preclean 0.107ms
[14.772s][info][gc,start       ] GC(301) Pause Remark
[14.774s][info][gc             ] GC(301) Pause Remark 831M->831M(1024M) 1.825ms
[14.774s][info][gc,cpu         ] GC(301) User=0.00s Sys=0.00s Real=0.00s
[14.774s][info][gc,marking     ] GC(301) Concurrent Mark 9.309ms
[14.774s][info][gc,marking     ] GC(301) Concurrent Rebuild Remembered Sets
[INFO] Iteration: 46600000
[14.787s][info][gc,marking     ] GC(301) Concurrent Rebuild Remembered Sets 12.407ms
[14.787s][info][gc,start       ] GC(301) Pause Cleanup
[14.787s][info][gc             ] GC(301) Pause Cleanup 842M->842M(1024M) 0.404ms
[14.787s][info][gc,cpu         ] GC(301) User=0.00s Sys=0.00s Real=0.00s
[14.787s][info][gc,marking     ] GC(301) Concurrent Cleanup for Next Mark
[14.788s][info][gc,marking     ] GC(301) Concurrent Cleanup for Next Mark 0.541ms
[14.788s][info][gc             ] GC(301) Concurrent Mark Cycle 24.106ms
[INFO] JVM Uptime: 14.78 seconds, OldGen Region Count: 825, OldGen Used Memory: 815.32 MB, OldGen Live Memory: 624.14 MB, Total count of old regions to be freed 161, Estimated memory to be freed: 45.45 MB, Estimated OldGen object count: 208720
[INFO] Average Region used: 98.83 %, Live percent of used: 76.55 %, Live percent of region size: 75.65 % 
[INFO] Number of keys in OldGen: 151313, Gap with estimated OldGen object: 57407 (224 MB) 
[INFO] Number of pre-LRU keys in OldGen: 100
[INFO] Iteration: 46700000
[INFO] JVM Uptime: 14.81 seconds, OldGen Region Count: 825, OldGen Used Memory: 815.32 MB, OldGen Live Memory: 624.14 MB, Total count of old regions to be freed 161, Estimated memory to be freed: 45.45 MB, Estimated OldGen object count: 208720
[INFO] Average Region used: 98.83 %, Live percent of used: 76.55 %, Live percent of region size: 75.65 % 
[INFO] Number of keys in OldGen: 146291, Gap with estimated OldGen object: 62429 (243 MB) 
[INFO] Number of pre-LRU keys in OldGen: 51
[14.825s][info][gc,start       ] GC(302) Pause Young (Prepare Mixed) (G1 Evacuation Pause)
[14.825s][info][gc,task        ] GC(302) Using 23 workers of 23 for evacuation
[14.832s][info][gc,phases      ] GC(302)   Pre Evacuate Collection Set: 0.3ms
[14.832s][info][gc,phases      ] GC(302)   Merge Heap Roots: 0.5ms
[14.832s][info][gc,phases      ] GC(302)   Evacuate Collection Set: 4.7ms
[14.832s][info][gc,phases      ] GC(302)   Post Evacuate Collection Set: 1.1ms
[14.832s][info][gc,phases      ] GC(302)   Other: 0.1ms
[14.832s][info][gc,heap        ] GC(302) Eden regions: 44->0(44)
[14.832s][info][gc,heap        ] GC(302) Survivor regions: 7->7(7)
[14.832s][info][gc,heap        ] GC(302) Old regions: 825->871
[14.832s][info][gc,heap        ] GC(302) Archive regions: 0->0
[14.832s][info][gc,heap        ] GC(302) Humongous regions: 2->2
[14.832s][info][gc,metaspace   ] GC(302) Metaspace: 8187K(8384K)->8187K(8384K) NonClass: 7455K(7552K)->7455K(7552K) Class: 731K(832K)->731K(832K)
[14.832s][info][gc             ] GC(302) Pause Young (Prepare Mixed) (G1 Evacuation Pause) 868M->870M(1024M) 6.767ms
[14.832s][info][gc,cpu         ] GC(302) User=0.10s Sys=0.00s Real=0.01s
[INFO] Iteration: 46800000
[INFO] JVM Uptime: 14.84 seconds, OldGen Region Count: 871, OldGen Used Memory: 861.12 MB, OldGen Live Memory: 669.94 MB, Total count of old regions to be freed 161, Estimated memory to be freed: 45.45 MB, Estimated OldGen object count: 220446
[INFO] Average Region used: 98.87 %, Live percent of used: 77.80 %, Live percent of region size: 76.92 % 
[INFO] Number of keys in OldGen: 151450, Gap with estimated OldGen object: 68996 (269 MB) 
[INFO] Number of pre-LRU keys in OldGen: 93
[INFO] Iteration: 46900000
[INFO] JVM Uptime: 14.87 seconds, OldGen Region Count: 871, OldGen Used Memory: 861.12 MB, OldGen Live Memory: 669.94 MB, Total count of old regions to be freed 161, Estimated memory to be freed: 45.45 MB, Estimated OldGen object count: 220446
[INFO] Average Region used: 98.87 %, Live percent of used: 77.80 %, Live percent of region size: 76.92 % 
[INFO] Number of keys in OldGen: 146589, Gap with estimated OldGen object: 73857 (288 MB) 
[INFO] Number of pre-LRU keys in OldGen: 56
[14.884s][info][gc,start       ] GC(303) Pause Young (Mixed) (G1 Evacuation Pause)
[14.884s][info][gc,task        ] GC(303) Using 23 workers of 23 for evacuation
[14.892s][info][gc             ] GC(303) To-space exhausted
[14.892s][info][gc,phases      ] GC(303)   Pre Evacuate Collection Set: 0.2ms
[14.892s][info][gc,phases      ] GC(303)   Merge Heap Roots: 0.6ms
[14.892s][info][gc,phases      ] GC(303)   Evacuate Collection Set: 6.6ms
[14.892s][info][gc,phases      ] GC(303)   Post Evacuate Collection Set: 1.0ms
[14.892s][info][gc,phases      ] GC(303)   Other: 0.1ms
[14.892s][info][gc,heap        ] GC(303) Eden regions: 44->0(44)
[14.892s][info][gc,heap        ] GC(303) Survivor regions: 7->7(7)
[14.892s][info][gc,heap        ] GC(303) Old regions: 871->1012
[14.892s][info][gc,heap        ] GC(303) Archive regions: 0->0
[14.892s][info][gc,heap        ] GC(303) Humongous regions: 2->2
[14.892s][info][gc,metaspace   ] GC(303) Metaspace: 8187K(8384K)->8187K(8384K) NonClass: 7455K(7552K)->7455K(7552K) Class: 731K(832K)->731K(832K)
[14.892s][info][gc             ] GC(303) Pause Young (Mixed) (G1 Evacuation Pause) 914M->1012M(1024M) 8.540ms
[14.892s][info][gc,cpu         ] GC(303) User=0.16s Sys=0.00s Real=0.01s
[14.893s][info][gc,start       ] GC(304) Pause Young (Mixed) (G1 Preventive Collection)
[14.893s][info][gc,task        ] GC(304) Using 23 workers of 23 for evacuation
[14.899s][info][gc             ] GC(304) To-space exhausted
[14.899s][info][gc,phases      ] GC(304)   Pre Evacuate Collection Set: 0.2ms
[14.899s][info][gc,phases      ] GC(304)   Merge Heap Roots: 0.5ms
[14.899s][info][gc,phases      ] GC(304)   Evacuate Collection Set: 3.8ms
[14.899s][info][gc,phases      ] GC(304)   Post Evacuate Collection Set: 0.7ms
[14.899s][info][gc,phases      ] GC(304)   Other: 0.1ms
[14.899s][info][gc,heap        ] GC(304) Eden regions: 1->0(51)
[14.899s][info][gc,heap        ] GC(304) Survivor regions: 7->0(2)
[14.899s][info][gc,heap        ] GC(304) Old regions: 1012->1022
[14.899s][info][gc,heap        ] GC(304) Archive regions: 0->0
[14.899s][info][gc,heap        ] GC(304) Humongous regions: 2->2
[14.899s][info][gc,metaspace   ] GC(304) Metaspace: 8187K(8384K)->8187K(8384K) NonClass: 7455K(7552K)->7455K(7552K) Class: 731K(832K)->731K(832K)
[14.899s][info][gc             ] GC(304) Pause Young (Mixed) (G1 Preventive Collection) 1013M->1015M(1024M) 5.327ms
[14.899s][info][gc,cpu         ] GC(304) User=0.10s Sys=0.00s Real=0.01s
[14.899s][info][gc,ergo        ] Attempting full compaction
[14.899s][info][gc,task        ] GC(305) Using 23 workers of 23 for full compaction
[14.899s][info][gc,start       ] GC(305) Pause Full (G1 Compaction Pause)
[14.899s][info][gc,phases,start] GC(305) Phase 1: Mark live objects
[14.906s][info][gc,phases      ] GC(305) Phase 1: Mark live objects 6.802ms
[14.906s][info][gc,phases,start] GC(305) Phase 2: Prepare for compaction
[14.907s][info][gc,phases      ] GC(305) Phase 2: Prepare for compaction 1.395ms
[14.907s][info][gc,phases,start] GC(305) Phase 3: Adjust pointers
[14.909s][info][gc,phases      ] GC(305) Phase 3: Adjust pointers 2.207ms
[14.909s][info][gc,phases,start] GC(305) Phase 4: Compact heap
[14.931s][info][gc,phases      ] GC(305) Phase 4: Compact heap 21.130ms
[14.932s][info][gc,heap        ] GC(305) Eden regions: 0->0(91)
[14.932s][info][gc,heap        ] GC(305) Survivor regions: 0->0(2)
[14.932s][info][gc,heap        ] GC(305) Old regions: 1022->640
[14.932s][info][gc,heap        ] GC(305) Archive regions: 0->0
[14.932s][info][gc,heap        ] GC(305) Humongous regions: 2->2
[14.932s][info][gc,metaspace   ] GC(305) Metaspace: 8187K(8384K)->8187K(8384K) NonClass: 7455K(7552K)->7455K(7552K) Class: 731K(832K)->731K(832K)
[14.932s][info][gc             ] GC(305) Pause Full (G1 Compaction Pause) 1015M->630M(1024M) 32.659ms
[14.932s][info][gc,cpu         ] GC(305) User=0.48s Sys=0.02s Real=0.03s
[INFO] Iteration: 47000000
[INFO] JVM Uptime: 14.94 seconds, OldGen Region Count: 640, OldGen Used Memory: 628.61 MB, OldGen Live Memory: 628.61 MB, Total count of old regions to be freed 0, Estimated memory to be freed: 0.00 MB, Estimated OldGen object count: 160925
[INFO] Average Region used: 98.22 %, Live percent of used: 100.00 %, Live percent of region size: 98.22 % 
[INFO] Number of keys in OldGen: 153915, Gap with estimated OldGen object: 7010 (27 MB) 
[INFO] Number of pre-LRU keys in OldGen: 180
[INFO] Iteration: 47100000
[INFO] JVM Uptime: 14.97 seconds, OldGen Region Count: 640, OldGen Used Memory: 628.61 MB, OldGen Live Memory: 628.61 MB, Total count of old regions to be freed 0, Estimated memory to be freed: 0.00 MB, Estimated OldGen object count: 160925
[INFO] Average Region used: 98.22 %, Live percent of used: 100.00 %, Live percent of region size: 98.22 % 
[INFO] Number of keys in OldGen: 148917, Gap with estimated OldGen object: 12008 (46 MB) 
[INFO] Number of pre-LRU keys in OldGen: 62
[INFO] Iteration: 47200000
[INFO] JVM Uptime: 14.99 seconds, OldGen Region Count: 640, OldGen Used Memory: 628.61 MB, OldGen Live Memory: 628.61 MB, Total count of old regions to be freed 0, Estimated memory to be freed: 0.00 MB, Estimated OldGen object count: 160925
[INFO] Average Region used: 98.22 %, Live percent of used: 100.00 %, Live percent of region size: 98.22 % 
[INFO] Number of keys in OldGen: 143858, Gap with estimated OldGen object: 17067 (66 MB) 
[INFO] Number of pre-LRU keys in OldGen: 73
[INFO] Iteration: 47300000
[INFO] JVM Uptime: 15.01 seconds, OldGen Region Count: 640, OldGen Used Memory: 628.61 MB, OldGen Live Memory: 628.61 MB, Total count of old regions to be freed 0, Estimated memory to be freed: 0.00 MB, Estimated OldGen object count: 160925
[INFO] Average Region used: 98.22 %, Live percent of used: 100.00 %, Live percent of region size: 98.22 % 
[INFO] Number of keys in OldGen: 138880, Gap with estimated OldGen object: 22045 (86 MB) 
[INFO] Number of pre-LRU keys in OldGen: 58
[15.024s][info][gc,start       ] GC(306) Pause Young (Normal) (G1 Evacuation Pause)
[15.024s][info][gc,task        ] GC(306) Using 23 workers of 23 for evacuation
[15.031s][info][gc,phases      ] GC(306)   Pre Evacuate Collection Set: 0.3ms
[15.031s][info][gc,phases      ] GC(306)   Merge Heap Roots: 0.5ms
[15.031s][info][gc,phases      ] GC(306)   Evacuate Collection Set: 5.5ms
[15.031s][info][gc,phases      ] GC(306)   Post Evacuate Collection Set: 0.6ms
[15.031s][info][gc,phases      ] GC(306)   Other: 0.1ms
[15.031s][info][gc,heap        ] GC(306) Eden regions: 91->0(62)
[15.031s][info][gc,heap        ] GC(306) Survivor regions: 0->12(12)
[15.031s][info][gc,heap        ] GC(306) Old regions: 640->715
[15.031s][info][gc,heap        ] GC(306) Archive regions: 0->0
[15.031s][info][gc,heap        ] GC(306) Humongous regions: 2->2
[15.031s][info][gc,metaspace   ] GC(306) Metaspace: 8187K(8384K)->8187K(8384K) NonClass: 7455K(7552K)->7455K(7552K) Class: 731K(832K)->731K(832K)
[15.031s][info][gc             ] GC(306) Pause Young (Normal) (G1 Evacuation Pause) 721M->717M(1024M) 7.123ms
[15.031s][info][gc,cpu         ] GC(306) User=0.11s Sys=0.00s Real=0.01s
[INFO] Iteration: 47400000
[INFO] JVM Uptime: 15.04 seconds, OldGen Region Count: 715, OldGen Used Memory: 703.54 MB, OldGen Live Memory: 703.54 MB, Total count of old regions to be freed 0, Estimated memory to be freed: 0.00 MB, Estimated OldGen object count: 180106
[INFO] Average Region used: 98.40 %, Live percent of used: 100.00 %, Live percent of region size: 98.40 % 
[INFO] Number of keys in OldGen: 151968, Gap with estimated OldGen object: 28138 (109 MB) 
[INFO] Number of pre-LRU keys in OldGen: 232
[INFO] Iteration: 47500000
[INFO] JVM Uptime: 15.06 seconds, OldGen Region Count: 715, OldGen Used Memory: 703.54 MB, OldGen Live Memory: 703.54 MB, Total count of old regions to be freed 0, Estimated memory to be freed: 0.00 MB, Estimated OldGen object count: 180106
[INFO] Average Region used: 98.40 %, Live percent of used: 100.00 %, Live percent of region size: 98.40 % 
[INFO] Number of keys in OldGen: 146960, Gap with estimated OldGen object: 33146 (129 MB) 
[INFO] Number of pre-LRU keys in OldGen: 50
[INFO] Iteration: 47600000
[INFO] JVM Uptime: 15.08 seconds, OldGen Region Count: 715, OldGen Used Memory: 703.54 MB, OldGen Live Memory: 703.54 MB, Total count of old regions to be freed 0, Estimated memory to be freed: 0.00 MB, Estimated OldGen object count: 180106
[INFO] Average Region used: 98.40 %, Live percent of used: 100.00 %, Live percent of region size: 98.40 % 
[INFO] Number of keys in OldGen: 141950, Gap with estimated OldGen object: 38156 (149 MB) 
[INFO] Number of pre-LRU keys in OldGen: 65
[15.097s][info][gc,start       ] GC(307) Pause Young (Normal) (G1 Evacuation Pause)
[15.097s][info][gc,task        ] GC(307) Using 23 workers of 23 for evacuation
[15.104s][info][gc,phases      ] GC(307)   Pre Evacuate Collection Set: 0.3ms
[15.104s][info][gc,phases      ] GC(307)   Merge Heap Roots: 0.6ms
[15.104s][info][gc,phases      ] GC(307)   Evacuate Collection Set: 5.3ms
[15.104s][info][gc,phases      ] GC(307)   Post Evacuate Collection Set: 0.8ms
[15.104s][info][gc,phases      ] GC(307)   Other: 0.1ms
[15.104s][info][gc,heap        ] GC(307) Eden regions: 62->0(41)
[15.104s][info][gc,heap        ] GC(307) Survivor regions: 12->10(10)
[15.104s][info][gc,heap        ] GC(307) Old regions: 715->781
[15.104s][info][gc,heap        ] GC(307) Archive regions: 0->0
[15.104s][info][gc,heap        ] GC(307) Humongous regions: 2->2
[15.104s][info][gc,metaspace   ] GC(307) Metaspace: 8187K(8384K)->8187K(8384K) NonClass: 7455K(7552K)->7455K(7552K) Class: 731K(832K)->731K(832K)
[15.104s][info][gc             ] GC(307) Pause Young (Normal) (G1 Evacuation Pause) 779M->781M(1024M) 7.210ms
[15.104s][info][gc,cpu         ] GC(307) User=0.12s Sys=0.00s Real=0.00s
[INFO] Iteration: 47700000
[INFO] JVM Uptime: 15.11 seconds, OldGen Region Count: 781, OldGen Used Memory: 769.61 MB, OldGen Live Memory: 769.61 MB, Total count of old regions to be freed 0, Estimated memory to be freed: 0.00 MB, Estimated OldGen object count: 197021
[INFO] Average Region used: 98.54 %, Live percent of used: 100.00 %, Live percent of region size: 98.54 % 
[INFO] Number of keys in OldGen: 151743, Gap with estimated OldGen object: 45278 (176 MB) 
[INFO] Number of pre-LRU keys in OldGen: 168
[INFO] Iteration: 47800000
[INFO] JVM Uptime: 15.14 seconds, OldGen Region Count: 781, OldGen Used Memory: 769.61 MB, OldGen Live Memory: 769.61 MB, Total count of old regions to be freed 0, Estimated memory to be freed: 0.00 MB, Estimated OldGen object count: 197021
[INFO] Average Region used: 98.54 %, Live percent of used: 100.00 %, Live percent of region size: 98.54 % 
[INFO] Number of keys in OldGen: 146787, Gap with estimated OldGen object: 50234 (196 MB) 
[INFO] Number of pre-LRU keys in OldGen: 54
[15.148s][info][gc,start       ] GC(308) Pause Young (Concurrent Start) (G1 Evacuation Pause)
[15.148s][info][gc,task        ] GC(308) Using 23 workers of 23 for evacuation
[15.154s][info][gc,phases      ] GC(308)   Pre Evacuate Collection Set: 0.3ms
[15.154s][info][gc,phases      ] GC(308)   Merge Heap Roots: 0.7ms
[15.154s][info][gc,phases      ] GC(308)   Evacuate Collection Set: 4.1ms
[15.154s][info][gc,phases      ] GC(308)   Post Evacuate Collection Set: 0.8ms
[15.154s][info][gc,phases      ] GC(308)   Other: 0.2ms
[15.154s][info][gc,heap        ] GC(308) Eden regions: 41->0(44)
[15.154s][info][gc,heap        ] GC(308) Survivor regions: 10->7(7)
[15.154s][info][gc,heap        ] GC(308) Old regions: 781->828
[15.154s][info][gc,heap        ] GC(308) Archive regions: 0->0
[15.154s][info][gc,heap        ] GC(308) Humongous regions: 2->2
[15.154s][info][gc,metaspace   ] GC(308) Metaspace: 8187K(8384K)->8187K(8384K) NonClass: 7455K(7552K)->7455K(7552K) Class: 731K(832K)->731K(832K)
[15.154s][info][gc             ] GC(308) Pause Young (Concurrent Start) (G1 Evacuation Pause) 822M->825M(1024M) 6.187ms
[15.155s][info][gc,cpu         ] GC(308) User=0.09s Sys=0.01s Real=0.00s
[15.155s][info][gc             ] GC(309) Concurrent Mark Cycle
[15.155s][info][gc,marking     ] GC(309) Concurrent Clear Claimed Marks
[15.155s][info][gc,marking     ] GC(309) Concurrent Clear Claimed Marks 0.009ms
[15.155s][info][gc,marking     ] GC(309) Concurrent Scan Root Regions
[15.155s][info][gc,marking     ] GC(309) Concurrent Scan Root Regions 0.638ms
[15.155s][info][gc,marking     ] GC(309) Concurrent Mark
[15.155s][info][gc,marking     ] GC(309) Concurrent Mark From Roots
[15.155s][info][gc,task        ] GC(309) Using 6 workers of 6 for marking
[15.162s][info][gc,marking     ] GC(309) Concurrent Mark From Roots 6.748ms
[15.162s][info][gc,marking     ] GC(309) Concurrent Preclean
[15.162s][info][gc,marking     ] GC(309) Concurrent Preclean 0.090ms
[15.162s][info][gc,start       ] GC(309) Pause Remark
[15.165s][info][gc             ] GC(309) Pause Remark 833M->833M(1024M) 2.171ms
[15.165s][info][gc,cpu         ] GC(309) User=0.01s Sys=0.00s Real=0.00s
[15.165s][info][gc,marking     ] GC(309) Concurrent Mark 9.228ms
[15.165s][info][gc,marking     ] GC(309) Concurrent Rebuild Remembered Sets
[INFO] Iteration: 47900000
[15.176s][info][gc,marking     ] GC(309) Concurrent Rebuild Remembered Sets 11.637ms
[15.176s][info][gc,start       ] GC(309) Pause Cleanup
[15.177s][info][gc             ] GC(309) Pause Cleanup 841M->841M(1024M) 0.377ms
[15.177s][info][gc,cpu         ] GC(309) User=0.00s Sys=0.00s Real=0.01s
[15.177s][info][gc,marking     ] GC(309) Concurrent Cleanup for Next Mark
[15.177s][info][gc,marking     ] GC(309) Concurrent Cleanup for Next Mark 0.441ms
[15.177s][info][gc             ] GC(309) Concurrent Mark Cycle 22.673ms
[INFO] JVM Uptime: 15.17 seconds, OldGen Region Count: 828, OldGen Used Memory: 816.61 MB, OldGen Live Memory: 625.57 MB, Total count of old regions to be freed 167, Estimated memory to be freed: 47.57 MB, Estimated OldGen object count: 209053
[INFO] Average Region used: 98.62 %, Live percent of used: 76.60 %, Live percent of region size: 75.55 % 
[INFO] Number of keys in OldGen: 152025, Gap with estimated OldGen object: 57028 (222 MB) 
[INFO] Number of pre-LRU keys in OldGen: 157
[INFO] Iteration: 48000000
[INFO] JVM Uptime: 15.20 seconds, OldGen Region Count: 828, OldGen Used Memory: 816.61 MB, OldGen Live Memory: 625.57 MB, Total count of old regions to be freed 167, Estimated memory to be freed: 47.57 MB, Estimated OldGen object count: 209053
[INFO] Average Region used: 98.62 %, Live percent of used: 76.60 %, Live percent of region size: 75.55 % 
[INFO] Number of keys in OldGen: 147111, Gap with estimated OldGen object: 61942 (241 MB) 
[INFO] Number of pre-LRU keys in OldGen: 61
[15.210s][info][gc,start       ] GC(310) Pause Young (Prepare Mixed) (G1 Evacuation Pause)
[15.210s][info][gc,task        ] GC(310) Using 23 workers of 23 for evacuation
[15.217s][info][gc,phases      ] GC(310)   Pre Evacuate Collection Set: 0.2ms
[15.217s][info][gc,phases      ] GC(310)   Merge Heap Roots: 0.6ms
[15.217s][info][gc,phases      ] GC(310)   Evacuate Collection Set: 4.6ms
[15.217s][info][gc,phases      ] GC(310)   Post Evacuate Collection Set: 1.5ms
[15.217s][info][gc,phases      ] GC(310)   Other: 0.1ms
[15.217s][info][gc,heap        ] GC(310) Eden regions: 44->0(44)
[15.217s][info][gc,heap        ] GC(310) Survivor regions: 7->7(7)
[15.217s][info][gc,heap        ] GC(310) Old regions: 828->874
[15.217s][info][gc,heap        ] GC(310) Archive regions: 0->0
[15.217s][info][gc,heap        ] GC(310) Humongous regions: 2->2
[15.217s][info][gc,metaspace   ] GC(310) Metaspace: 8187K(8384K)->8187K(8384K) NonClass: 7455K(7552K)->7455K(7552K) Class: 731K(832K)->731K(832K)
[15.217s][info][gc             ] GC(310) Pause Young (Prepare Mixed) (G1 Evacuation Pause) 869M->871M(1024M) 6.976ms
[15.217s][info][gc,cpu         ] GC(310) User=0.11s Sys=0.00s Real=0.01s
[INFO] Iteration: 48100000
[INFO] JVM Uptime: 15.23 seconds, OldGen Region Count: 874, OldGen Used Memory: 862.40 MB, OldGen Live Memory: 671.36 MB, Total count of old regions to be freed 167, Estimated memory to be freed: 47.57 MB, Estimated OldGen object count: 220775
[INFO] Average Region used: 98.67 %, Live percent of used: 77.85 %, Live percent of region size: 76.81 % 
[INFO] Number of keys in OldGen: 152382, Gap with estimated OldGen object: 68393 (267 MB) 
[INFO] Number of pre-LRU keys in OldGen: 176
[INFO] Iteration: 48200000
[INFO] JVM Uptime: 15.25 seconds, OldGen Region Count: 874, OldGen Used Memory: 862.40 MB, OldGen Live Memory: 671.36 MB, Total count of old regions to be freed 167, Estimated memory to be freed: 47.57 MB, Estimated OldGen object count: 220775
[INFO] Average Region used: 98.67 %, Live percent of used: 77.85 %, Live percent of region size: 76.81 % 
[INFO] Number of keys in OldGen: 147398, Gap with estimated OldGen object: 73377 (286 MB) 
[INFO] Number of pre-LRU keys in OldGen: 48
[15.261s][info][gc,start       ] GC(311) Pause Young (Mixed) (G1 Evacuation Pause)
[15.261s][info][gc,task        ] GC(311) Using 23 workers of 23 for evacuation
[15.271s][info][gc             ] GC(311) To-space exhausted
[15.271s][info][gc,phases      ] GC(311)   Pre Evacuate Collection Set: 0.2ms
[15.271s][info][gc,phases      ] GC(311)   Merge Heap Roots: 0.7ms
[15.271s][info][gc,phases      ] GC(311)   Evacuate Collection Set: 7.3ms
[15.271s][info][gc,phases      ] GC(311)   Post Evacuate Collection Set: 1.8ms
[15.271s][info][gc,phases      ] GC(311)   Other: 0.1ms
[15.271s][info][gc,heap        ] GC(311) Eden regions: 44->0(44)
[15.271s][info][gc,heap        ] GC(311) Survivor regions: 7->7(7)
[15.271s][info][gc,heap        ] GC(311) Old regions: 874->1009
[15.271s][info][gc,heap        ] GC(311) Archive regions: 0->0
[15.271s][info][gc,heap        ] GC(311) Humongous regions: 2->2
[15.271s][info][gc,metaspace   ] GC(311) Metaspace: 8187K(8384K)->8187K(8384K) NonClass: 7455K(7552K)->7455K(7552K) Class: 731K(832K)->731K(832K)
[15.271s][info][gc             ] GC(311) Pause Young (Mixed) (G1 Evacuation Pause) 915M->1009M(1024M) 10.272ms
[15.271s][info][gc,cpu         ] GC(311) User=0.16s Sys=0.00s Real=0.01s
[15.272s][info][gc,start       ] GC(312) Pause Young (Mixed) (G1 Preventive Collection)
[15.272s][info][gc,task        ] GC(312) Using 23 workers of 23 for evacuation
[15.279s][info][gc             ] GC(312) To-space exhausted
[15.279s][info][gc,phases      ] GC(312)   Pre Evacuate Collection Set: 0.4ms
[15.279s][info][gc,phases      ] GC(312)   Merge Heap Roots: 0.7ms
[15.279s][info][gc,phases      ] GC(312)   Evacuate Collection Set: 3.9ms
[15.279s][info][gc,phases      ] GC(312)   Post Evacuate Collection Set: 2.0ms
[15.279s][info][gc,phases      ] GC(312)   Other: 0.1ms
[15.279s][info][gc,heap        ] GC(312) Eden regions: 1->0(51)
[15.279s][info][gc,heap        ] GC(312) Survivor regions: 7->0(5)
[15.279s][info][gc,heap        ] GC(312) Old regions: 1009->1022
[15.279s][info][gc,heap        ] GC(312) Archive regions: 0->0
[15.279s][info][gc,heap        ] GC(312) Humongous regions: 2->2
[15.279s][info][gc,metaspace   ] GC(312) Metaspace: 8187K(8384K)->8187K(8384K) NonClass: 7455K(7552K)->7455K(7552K) Class: 731K(832K)->731K(832K)
[15.279s][info][gc             ] GC(312) Pause Young (Mixed) (G1 Preventive Collection) 1010M->1015M(1024M) 7.052ms
[15.279s][info][gc,cpu         ] GC(312) User=0.10s Sys=0.01s Real=0.01s
[15.279s][info][gc,ergo        ] Attempting full compaction
[15.279s][info][gc,task        ] GC(313) Using 23 workers of 23 for full compaction
[15.280s][info][gc,start       ] GC(313) Pause Full (G1 Compaction Pause)
[15.280s][info][gc,phases,start] GC(313) Phase 1: Mark live objects
[15.284s][info][gc,phases      ] GC(313) Phase 1: Mark live objects 4.636ms
[15.284s][info][gc,phases,start] GC(313) Phase 2: Prepare for compaction
[15.286s][info][gc,phases      ] GC(313) Phase 2: Prepare for compaction 1.493ms
[15.286s][info][gc,phases,start] GC(313) Phase 3: Adjust pointers
[15.288s][info][gc,phases      ] GC(313) Phase 3: Adjust pointers 2.392ms
[15.288s][info][gc,phases,start] GC(313) Phase 4: Compact heap
[15.309s][info][gc,phases      ] GC(313) Phase 4: Compact heap 20.674ms
[15.310s][info][gc,heap        ] GC(313) Eden regions: 0->0(91)
[15.310s][info][gc,heap        ] GC(313) Survivor regions: 0->0(5)
[15.310s][info][gc,heap        ] GC(313) Old regions: 1022->640
[15.310s][info][gc,heap        ] GC(313) Archive regions: 0->0
[15.310s][info][gc,heap        ] GC(313) Humongous regions: 2->2
[15.310s][info][gc,metaspace   ] GC(313) Metaspace: 8187K(8384K)->8187K(8384K) NonClass: 7455K(7552K)->7455K(7552K) Class: 731K(832K)->731K(832K)
[15.310s][info][gc             ] GC(313) Pause Full (G1 Compaction Pause) 1015M->630M(1024M) 30.174ms
[15.310s][info][gc,cpu         ] GC(313) User=0.49s Sys=0.01s Real=0.03s
[INFO] Iteration: 48300000
[INFO] JVM Uptime: 15.32 seconds, OldGen Region Count: 640, OldGen Used Memory: 628.48 MB, OldGen Live Memory: 628.48 MB, Total count of old regions to be freed 0, Estimated memory to be freed: 0.00 MB, Estimated OldGen object count: 160890
[INFO] Average Region used: 98.20 %, Live percent of used: 100.00 %, Live percent of region size: 98.20 % 
[INFO] Number of keys in OldGen: 154633, Gap with estimated OldGen object: 6257 (24 MB) 
[INFO] Number of pre-LRU keys in OldGen: 254
[INFO] Iteration: 48400000
[INFO] JVM Uptime: 15.34 seconds, OldGen Region Count: 640, OldGen Used Memory: 628.48 MB, OldGen Live Memory: 628.48 MB, Total count of old regions to be freed 0, Estimated memory to be freed: 0.00 MB, Estimated OldGen object count: 160890
[INFO] Average Region used: 98.20 %, Live percent of used: 100.00 %, Live percent of region size: 98.20 % 
[INFO] Number of keys in OldGen: 149592, Gap with estimated OldGen object: 11298 (44 MB) 
[INFO] Number of pre-LRU keys in OldGen: 53
[INFO] Iteration: 48500000
[INFO] JVM Uptime: 15.36 seconds, OldGen Region Count: 640, OldGen Used Memory: 628.48 MB, OldGen Live Memory: 628.48 MB, Total count of old regions to be freed 0, Estimated memory to be freed: 0.00 MB, Estimated OldGen object count: 160890
[INFO] Average Region used: 98.20 %, Live percent of used: 100.00 %, Live percent of region size: 98.20 % 
[INFO] Number of keys in OldGen: 144635, Gap with estimated OldGen object: 16255 (63 MB) 
[INFO] Number of pre-LRU keys in OldGen: 61
[INFO] Iteration: 48600000
[INFO] JVM Uptime: 15.38 seconds, OldGen Region Count: 640, OldGen Used Memory: 628.48 MB, OldGen Live Memory: 628.48 MB, Total count of old regions to be freed 0, Estimated memory to be freed: 0.00 MB, Estimated OldGen object count: 160890
[INFO] Average Region used: 98.20 %, Live percent of used: 100.00 %, Live percent of region size: 98.20 % 
[INFO] Number of keys in OldGen: 139669, Gap with estimated OldGen object: 21221 (82 MB) 
[INFO] Number of pre-LRU keys in OldGen: 50
[15.390s][info][gc,start       ] GC(314) Pause Young (Normal) (G1 Evacuation Pause)
[15.390s][info][gc,task        ] GC(314) Using 23 workers of 23 for evacuation
[15.397s][info][gc,phases      ] GC(314)   Pre Evacuate Collection Set: 0.1ms
[15.397s][info][gc,phases      ] GC(314)   Merge Heap Roots: 0.4ms
[15.397s][info][gc,phases      ] GC(314)   Evacuate Collection Set: 5.4ms
[15.397s][info][gc,phases      ] GC(314)   Post Evacuate Collection Set: 0.5ms
[15.397s][info][gc,phases      ] GC(314)   Other: 0.1ms
[15.397s][info][gc,heap        ] GC(314) Eden regions: 91->0(62)
[15.397s][info][gc,heap        ] GC(314) Survivor regions: 0->12(12)
[15.397s][info][gc,heap        ] GC(314) Old regions: 640->716
[15.397s][info][gc,heap        ] GC(314) Archive regions: 0->0
[15.397s][info][gc,heap        ] GC(314) Humongous regions: 2->2
[15.397s][info][gc,metaspace   ] GC(314) Metaspace: 8187K(8384K)->8187K(8384K) NonClass: 7455K(7552K)->7455K(7552K) Class: 731K(832K)->731K(832K)
[15.397s][info][gc             ] GC(314) Pause Young (Normal) (G1 Evacuation Pause) 721M->717M(1024M) 6.493ms
[15.397s][info][gc,cpu         ] GC(314) User=0.11s Sys=0.01s Real=0.01s
[INFO] Iteration: 48700000
[INFO] JVM Uptime: 15.40 seconds, OldGen Region Count: 716, OldGen Used Memory: 703.68 MB, OldGen Live Memory: 703.68 MB, Total count of old regions to be freed 0, Estimated memory to be freed: 0.00 MB, Estimated OldGen object count: 180141
[INFO] Average Region used: 98.28 %, Live percent of used: 100.00 %, Live percent of region size: 98.28 % 
[INFO] Number of keys in OldGen: 152820, Gap with estimated OldGen object: 27321 (106 MB) 
[INFO] Number of pre-LRU keys in OldGen: 304
[INFO] Iteration: 48800000
[INFO] JVM Uptime: 15.42 seconds, OldGen Region Count: 716, OldGen Used Memory: 703.68 MB, OldGen Live Memory: 703.68 MB, Total count of old regions to be freed 0, Estimated memory to be freed: 0.00 MB, Estimated OldGen object count: 180141
[INFO] Average Region used: 98.28 %, Live percent of used: 100.00 %, Live percent of region size: 98.28 % 
[INFO] Number of keys in OldGen: 147864, Gap with estimated OldGen object: 32277 (126 MB) 
[INFO] Number of pre-LRU keys in OldGen: 49
[INFO] Iteration: 48900000
[INFO] JVM Uptime: 15.44 seconds, OldGen Region Count: 716, OldGen Used Memory: 703.68 MB, OldGen Live Memory: 703.68 MB, Total count of old regions to be freed 0, Estimated memory to be freed: 0.00 MB, Estimated OldGen object count: 180141
[INFO] Average Region used: 98.28 %, Live percent of used: 100.00 %, Live percent of region size: 98.28 % 
[INFO] Number of keys in OldGen: 142970, Gap with estimated OldGen object: 37171 (145 MB) 
[INFO] Number of pre-LRU keys in OldGen: 63
[15.464s][info][gc,start       ] GC(315) Pause Young (Normal) (G1 Evacuation Pause)
[15.464s][info][gc,task        ] GC(315) Using 23 workers of 23 for evacuation
[15.470s][info][gc,phases      ] GC(315)   Pre Evacuate Collection Set: 0.1ms
[15.470s][info][gc,phases      ] GC(315)   Merge Heap Roots: 0.4ms
[15.470s][info][gc,phases      ] GC(315)   Evacuate Collection Set: 5.2ms
[15.470s][info][gc,phases      ] GC(315)   Post Evacuate Collection Set: 0.3ms
[15.470s][info][gc,phases      ] GC(315)   Other: 0.1ms
[15.470s][info][gc,heap        ] GC(315) Eden regions: 62->0(41)
[15.470s][info][gc,heap        ] GC(315) Survivor regions: 12->10(10)
[15.470s][info][gc,heap        ] GC(315) Old regions: 716->780
[15.470s][info][gc,heap        ] GC(315) Archive regions: 0->0
[15.470s][info][gc,heap        ] GC(315) Humongous regions: 2->2
[15.470s][info][gc,metaspace   ] GC(315) Metaspace: 8187K(8384K)->8187K(8384K) NonClass: 7455K(7552K)->7455K(7552K) Class: 731K(832K)->731K(832K)
[15.471s][info][gc             ] GC(315) Pause Young (Normal) (G1 Evacuation Pause) 779M->779M(1024M) 6.198ms
[15.471s][info][gc,cpu         ] GC(315) User=0.11s Sys=0.00s Real=0.01s
[INFO] Iteration: 49000000
[INFO] JVM Uptime: 15.48 seconds, OldGen Region Count: 780, OldGen Used Memory: 767.98 MB, OldGen Live Memory: 767.98 MB, Total count of old regions to be freed 0, Estimated memory to be freed: 0.00 MB, Estimated OldGen object count: 196602
[INFO] Average Region used: 98.46 %, Live percent of used: 100.00 %, Live percent of region size: 98.46 % 
[INFO] Number of keys in OldGen: 152819, Gap with estimated OldGen object: 43783 (171 MB) 
[INFO] Number of pre-LRU keys in OldGen: 254
[INFO] Iteration: 49100000
[INFO] JVM Uptime: 15.50 seconds, OldGen Region Count: 780, OldGen Used Memory: 767.98 MB, OldGen Live Memory: 767.98 MB, Total count of old regions to be freed 0, Estimated memory to be freed: 0.00 MB, Estimated OldGen object count: 196602
[INFO] Average Region used: 98.46 %, Live percent of used: 100.00 %, Live percent of region size: 98.46 % 
[INFO] Number of keys in OldGen: 147793, Gap with estimated OldGen object: 48809 (190 MB) 
[INFO] Number of pre-LRU keys in OldGen: 53
[15.517s][info][gc,start       ] GC(316) Pause Young (Concurrent Start) (G1 Evacuation Pause)
[15.517s][info][gc,task        ] GC(316) Using 23 workers of 23 for evacuation
[15.523s][info][gc,phases      ] GC(316)   Pre Evacuate Collection Set: 0.3ms
[15.523s][info][gc,phases      ] GC(316)   Merge Heap Roots: 0.4ms
[15.523s][info][gc,phases      ] GC(316)   Evacuate Collection Set: 4.7ms
[15.523s][info][gc,phases      ] GC(316)   Post Evacuate Collection Set: 0.4ms
[15.523s][info][gc,phases      ] GC(316)   Other: 0.1ms
[15.523s][info][gc,heap        ] GC(316) Eden regions: 41->0(44)
[15.523s][info][gc,heap        ] GC(316) Survivor regions: 10->7(7)
[15.523s][info][gc,heap        ] GC(316) Old regions: 780->827
[15.523s][info][gc,heap        ] GC(316) Archive regions: 0->0
[15.523s][info][gc,heap        ] GC(316) Humongous regions: 2->2
[15.523s][info][gc,metaspace   ] GC(316) Metaspace: 8187K(8384K)->8187K(8384K) NonClass: 7455K(7552K)->7455K(7552K) Class: 731K(832K)->731K(832K)
[15.523s][info][gc             ] GC(316) Pause Young (Concurrent Start) (G1 Evacuation Pause) 820M->823M(1024M) 5.930ms
[15.523s][info][gc,cpu         ] GC(316) User=0.10s Sys=0.00s Real=0.00s
[15.523s][info][gc             ] GC(317) Concurrent Mark Cycle
[15.523s][info][gc,marking     ] GC(317) Concurrent Clear Claimed Marks
[15.523s][info][gc,marking     ] GC(317) Concurrent Clear Claimed Marks 0.021ms
[15.523s][info][gc,marking     ] GC(317) Concurrent Scan Root Regions
[15.524s][info][gc,marking     ] GC(317) Concurrent Scan Root Regions 0.843ms
[15.524s][info][gc,marking     ] GC(317) Concurrent Mark
[15.524s][info][gc,marking     ] GC(317) Concurrent Mark From Roots
[15.524s][info][gc,task        ] GC(317) Using 6 workers of 6 for marking
[15.530s][info][gc,marking     ] GC(317) Concurrent Mark From Roots 6.610ms
[15.530s][info][gc,marking     ] GC(317) Concurrent Preclean
[15.530s][info][gc,marking     ] GC(317) Concurrent Preclean 0.082ms
[15.530s][info][gc,start       ] GC(317) Pause Remark
[15.532s][info][gc             ] GC(317) Pause Remark 831M->831M(1024M) 1.713ms
[15.532s][info][gc,cpu         ] GC(317) User=0.00s Sys=0.01s Real=0.00s
[15.532s][info][gc,marking     ] GC(317) Concurrent Mark 8.652ms
[15.532s][info][gc,marking     ] GC(317) Concurrent Rebuild Remembered Sets
[INFO] Iteration: 49200000
[15.544s][info][gc,marking     ] GC(317) Concurrent Rebuild Remembered Sets 11.572ms
[15.544s][info][gc,start       ] GC(317) Pause Cleanup
[15.545s][info][gc             ] GC(317) Pause Cleanup 834M->834M(1024M) 0.481ms
[15.545s][info][gc,cpu         ] GC(317) User=0.00s Sys=0.00s Real=0.00s
[15.545s][info][gc,marking     ] GC(317) Concurrent Cleanup for Next Mark
[15.545s][info][gc,marking     ] GC(317) Concurrent Cleanup for Next Mark 0.479ms
[15.545s][info][gc             ] GC(317) Concurrent Mark Cycle 22.526ms
[INFO] JVM Uptime: 15.53 seconds, OldGen Region Count: 827, OldGen Used Memory: 814.98 MB, OldGen Live Memory: 625.57 MB, Total count of old regions to be freed 159, Estimated memory to be freed: 45.50 MB, Estimated OldGen object count: 208634
[INFO] Average Region used: 98.55 %, Live percent of used: 76.76 %, Live percent of region size: 75.64 % 
[INFO] Number of keys in OldGen: 153052, Gap with estimated OldGen object: 55582 (217 MB) 
[INFO] Number of pre-LRU keys in OldGen: 227
[INFO] Iteration: 49300000
[INFO] JVM Uptime: 15.56 seconds, OldGen Region Count: 827, OldGen Used Memory: 814.98 MB, OldGen Live Memory: 625.57 MB, Total count of old regions to be freed 159, Estimated memory to be freed: 45.50 MB, Estimated OldGen object count: 208634
[INFO] Average Region used: 98.55 %, Live percent of used: 76.76 %, Live percent of region size: 75.64 % 
[INFO] Number of keys in OldGen: 148143, Gap with estimated OldGen object: 60491 (236 MB) 
[INFO] Number of pre-LRU keys in OldGen: 37
[15.578s][info][gc,start       ] GC(318) Pause Young (Prepare Mixed) (G1 Evacuation Pause)
[15.578s][info][gc,task        ] GC(318) Using 23 workers of 23 for evacuation
[15.584s][info][gc,phases      ] GC(318)   Pre Evacuate Collection Set: 0.2ms
[15.584s][info][gc,phases      ] GC(318)   Merge Heap Roots: 0.4ms
[15.584s][info][gc,phases      ] GC(318)   Evacuate Collection Set: 4.5ms
[15.584s][info][gc,phases      ] GC(318)   Post Evacuate Collection Set: 0.9ms
[15.584s][info][gc,phases      ] GC(318)   Other: 0.1ms
[15.584s][info][gc,heap        ] GC(318) Eden regions: 44->0(44)
[15.584s][info][gc,heap        ] GC(318) Survivor regions: 7->7(7)
[15.584s][info][gc,heap        ] GC(318) Old regions: 827->872
[15.584s][info][gc,heap        ] GC(318) Archive regions: 0->0
[15.584s][info][gc,heap        ] GC(318) Humongous regions: 2->2
[15.584s][info][gc,metaspace   ] GC(318) Metaspace: 8187K(8384K)->8187K(8384K) NonClass: 7455K(7552K)->7455K(7552K) Class: 731K(832K)->731K(832K)
[15.584s][info][gc             ] GC(318) Pause Young (Prepare Mixed) (G1 Evacuation Pause) 867M->869M(1024M) 6.053ms
[15.584s][info][gc,cpu         ] GC(318) User=0.10s Sys=0.00s Real=0.00s
[INFO] Iteration: 49400000
[INFO] JVM Uptime: 15.59 seconds, OldGen Region Count: 872, OldGen Used Memory: 860.27 MB, OldGen Live Memory: 670.86 MB, Total count of old regions to be freed 159, Estimated memory to be freed: 45.50 MB, Estimated OldGen object count: 220228
[INFO] Average Region used: 98.65 %, Live percent of used: 77.98 %, Live percent of region size: 76.93 % 
[INFO] Number of keys in OldGen: 153399, Gap with estimated OldGen object: 66829 (261 MB) 
[INFO] Number of pre-LRU keys in OldGen: 245
[INFO] Iteration: 49500000
[INFO] JVM Uptime: 15.61 seconds, OldGen Region Count: 872, OldGen Used Memory: 860.27 MB, OldGen Live Memory: 670.86 MB, Total count of old regions to be freed 159, Estimated memory to be freed: 45.50 MB, Estimated OldGen object count: 220228
[INFO] Average Region used: 98.65 %, Live percent of used: 77.98 %, Live percent of region size: 76.93 % 
[INFO] Number of keys in OldGen: 148310, Gap with estimated OldGen object: 71918 (280 MB) 
[INFO] Number of pre-LRU keys in OldGen: 58
[15.628s][info][gc,start       ] GC(319) Pause Young (Mixed) (G1 Evacuation Pause)
[15.628s][info][gc,task        ] GC(319) Using 23 workers of 23 for evacuation
[15.637s][info][gc             ] GC(319) To-space exhausted
[15.637s][info][gc,phases      ] GC(319)   Pre Evacuate Collection Set: 0.1ms
[15.637s][info][gc,phases      ] GC(319)   Merge Heap Roots: 0.9ms
[15.637s][info][gc,phases      ] GC(319)   Evacuate Collection Set: 6.6ms
[15.637s][info][gc,phases      ] GC(319)   Post Evacuate Collection Set: 1.1ms
[15.637s][info][gc,phases      ] GC(319)   Other: 0.1ms
[15.637s][info][gc,heap        ] GC(319) Eden regions: 44->0(44)
[15.637s][info][gc,heap        ] GC(319) Survivor regions: 7->7(7)
[15.637s][info][gc,heap        ] GC(319) Old regions: 872->1007
[15.637s][info][gc,heap        ] GC(319) Archive regions: 0->0
[15.637s][info][gc,heap        ] GC(319) Humongous regions: 2->2
[15.637s][info][gc,metaspace   ] GC(319) Metaspace: 8187K(8384K)->8187K(8384K) NonClass: 7455K(7552K)->7455K(7552K) Class: 731K(832K)->731K(832K)
[15.637s][info][gc             ] GC(319) Pause Young (Mixed) (G1 Evacuation Pause) 913M->1007M(1024M) 8.851ms
[15.637s][info][gc,cpu         ] GC(319) User=0.16s Sys=0.00s Real=0.01s
[15.638s][info][gc,start       ] GC(320) Pause Young (Mixed) (G1 Preventive Collection)
[15.638s][info][gc,task        ] GC(320) Using 23 workers of 23 for evacuation
[15.643s][info][gc             ] GC(320) To-space exhausted
[15.643s][info][gc,phases      ] GC(320)   Pre Evacuate Collection Set: 0.1ms
[15.643s][info][gc,phases      ] GC(320)   Merge Heap Roots: 0.5ms
[15.643s][info][gc,phases      ] GC(320)   Evacuate Collection Set: 3.7ms
[15.643s][info][gc,phases      ] GC(320)   Post Evacuate Collection Set: 0.7ms
[15.643s][info][gc,phases      ] GC(320)   Other: 0.1ms
[15.643s][info][gc,heap        ] GC(320) Eden regions: 1->0(50)
[15.643s][info][gc,heap        ] GC(320) Survivor regions: 7->1(7)
[15.643s][info][gc,heap        ] GC(320) Old regions: 1007->1020
[15.643s][info][gc,heap        ] GC(320) Archive regions: 0->0
[15.643s][info][gc,heap        ] GC(320) Humongous regions: 2->2
[15.643s][info][gc,metaspace   ] GC(320) Metaspace: 8187K(8384K)->8187K(8384K) NonClass: 7455K(7552K)->7455K(7552K) Class: 731K(832K)->731K(832K)
[15.643s][info][gc             ] GC(320) Pause Young (Mixed) (G1 Preventive Collection) 1008M->1014M(1024M) 5.138ms
[15.643s][info][gc,cpu         ] GC(320) User=0.10s Sys=0.00s Real=0.00s
[15.644s][info][gc,start       ] GC(321) Pause Young (Mixed) (G1 Evacuation Pause)
[15.644s][info][gc,task        ] GC(321) Using 23 workers of 23 for evacuation
[15.649s][info][gc             ] GC(321) To-space exhausted
[15.649s][info][gc,phases      ] GC(321)   Pre Evacuate Collection Set: 0.1ms
[15.649s][info][gc,phases      ] GC(321)   Merge Heap Roots: 0.6ms
[15.649s][info][gc,phases      ] GC(321)   Evacuate Collection Set: 2.8ms
[15.649s][info][gc,phases      ] GC(321)   Post Evacuate Collection Set: 1.4ms
[15.649s][info][gc,phases      ] GC(321)   Other: 0.1ms
[15.649s][info][gc,heap        ] GC(321) Eden regions: 1->0(51)
[15.649s][info][gc,heap        ] GC(321) Survivor regions: 1->0(0)
[15.649s][info][gc,heap        ] GC(321) Old regions: 1020->1022
[15.649s][info][gc,heap        ] GC(321) Archive regions: 0->0
[15.649s][info][gc,heap        ] GC(321) Humongous regions: 2->2
[15.649s][info][gc,metaspace   ] GC(321) Metaspace: 8187K(8384K)->8187K(8384K) NonClass: 7455K(7552K)->7455K(7552K) Class: 731K(832K)->731K(832K)
[15.649s][info][gc             ] GC(321) Pause Young (Mixed) (G1 Evacuation Pause) 1015M->1015M(1024M) 4.953ms
[15.649s][info][gc,cpu         ] GC(321) User=0.07s Sys=0.00s Real=0.01s
[15.649s][info][gc,ergo        ] Attempting full compaction
[15.649s][info][gc,task        ] GC(322) Using 23 workers of 23 for full compaction
[15.649s][info][gc,start       ] GC(322) Pause Full (G1 Compaction Pause)
[15.649s][info][gc,phases,start] GC(322) Phase 1: Mark live objects
[15.654s][info][gc,phases      ] GC(322) Phase 1: Mark live objects 4.421ms
[15.654s][info][gc,phases,start] GC(322) Phase 2: Prepare for compaction
[15.655s][info][gc,phases      ] GC(322) Phase 2: Prepare for compaction 1.444ms
[15.655s][info][gc,phases,start] GC(322) Phase 3: Adjust pointers
[15.657s][info][gc,phases      ] GC(322) Phase 3: Adjust pointers 2.232ms
[15.657s][info][gc,phases,start] GC(322) Phase 4: Compact heap
[15.678s][info][gc,phases      ] GC(322) Phase 4: Compact heap 20.715ms
[15.679s][info][gc,heap        ] GC(322) Eden regions: 0->0(91)
[15.679s][info][gc,heap        ] GC(322) Survivor regions: 0->0(0)
[15.679s][info][gc,heap        ] GC(322) Old regions: 1022->641
[15.679s][info][gc,heap        ] GC(322) Archive regions: 0->0
[15.679s][info][gc,heap        ] GC(322) Humongous regions: 2->2
[15.679s][info][gc,metaspace   ] GC(322) Metaspace: 8187K(8384K)->8187K(8384K) NonClass: 7455K(7552K)->7455K(7552K) Class: 731K(832K)->731K(832K)
[15.679s][info][gc             ] GC(322) Pause Full (G1 Compaction Pause) 1015M->630M(1024M) 29.706ms
[15.679s][info][gc,cpu         ] GC(322) User=0.49s Sys=0.00s Real=0.03s
[INFO] Iteration: 49600000
[INFO] JVM Uptime: 15.68 seconds, OldGen Region Count: 641, OldGen Used Memory: 628.23 MB, OldGen Live Memory: 628.23 MB, Total count of old regions to be freed 0, Estimated memory to be freed: 0.00 MB, Estimated OldGen object count: 160828
[INFO] Average Region used: 98.01 %, Live percent of used: 100.00 %, Live percent of region size: 98.01 % 
[INFO] Number of keys in OldGen: 155640, Gap with estimated OldGen object: 5188 (20 MB) 
[INFO] Number of pre-LRU keys in OldGen: 341
[INFO] Iteration: 49700000
[INFO] JVM Uptime: 15.71 seconds, OldGen Region Count: 641, OldGen Used Memory: 628.23 MB, OldGen Live Memory: 628.23 MB, Total count of old regions to be freed 0, Estimated memory to be freed: 0.00 MB, Estimated OldGen object count: 160828
[INFO] Average Region used: 98.01 %, Live percent of used: 100.00 %, Live percent of region size: 98.01 % 
[INFO] Number of keys in OldGen: 150617, Gap with estimated OldGen object: 10211 (39 MB) 
[INFO] Number of pre-LRU keys in OldGen: 53
[INFO] Iteration: 49800000
[INFO] JVM Uptime: 15.73 seconds, OldGen Region Count: 641, OldGen Used Memory: 628.23 MB, OldGen Live Memory: 628.23 MB, Total count of old regions to be freed 0, Estimated memory to be freed: 0.00 MB, Estimated OldGen object count: 160828
[INFO] Average Region used: 98.01 %, Live percent of used: 100.00 %, Live percent of region size: 98.01 % 
[INFO] Number of keys in OldGen: 145624, Gap with estimated OldGen object: 15204 (59 MB) 
[INFO] Number of pre-LRU keys in OldGen: 50
[INFO] Iteration: 49900000
[INFO] JVM Uptime: 15.74 seconds, OldGen Region Count: 641, OldGen Used Memory: 628.23 MB, OldGen Live Memory: 628.23 MB, Total count of old regions to be freed 0, Estimated memory to be freed: 0.00 MB, Estimated OldGen object count: 160828
[INFO] Average Region used: 98.01 %, Live percent of used: 100.00 %, Live percent of region size: 98.01 % 
[INFO] Number of keys in OldGen: 140799, Gap with estimated OldGen object: 20029 (78 MB) 
[INFO] Number of pre-LRU keys in OldGen: 56
[15.761s][info][gc,start       ] GC(323) Pause Young (Normal) (G1 Evacuation Pause)
[15.761s][info][gc,task        ] GC(323) Using 23 workers of 23 for evacuation
[15.768s][info][gc,phases      ] GC(323)   Pre Evacuate Collection Set: 0.3ms
[15.768s][info][gc,phases      ] GC(323)   Merge Heap Roots: 0.5ms
[15.768s][info][gc,phases      ] GC(323)   Evacuate Collection Set: 5.6ms
[15.768s][info][gc,phases      ] GC(323)   Post Evacuate Collection Set: 1.0ms
[15.768s][info][gc,phases      ] GC(323)   Other: 0.1ms
[15.768s][info][gc,heap        ] GC(323) Eden regions: 91->0(62)
[15.768s][info][gc,heap        ] GC(323) Survivor regions: 0->12(12)
[15.768s][info][gc,heap        ] GC(323) Old regions: 641->715
[15.768s][info][gc,heap        ] GC(323) Archive regions: 0->0
[15.768s][info][gc,heap        ] GC(323) Humongous regions: 2->2
[15.768s][info][gc,metaspace   ] GC(323) Metaspace: 8187K(8384K)->8187K(8384K) NonClass: 7455K(7552K)->7455K(7552K) Class: 731K(832K)->731K(832K)
[15.768s][info][gc             ] GC(323) Pause Young (Normal) (G1 Evacuation Pause) 721M->716M(1024M) 7.472ms
[15.768s][info][gc,cpu         ] GC(323) User=0.11s Sys=0.00s Real=0.01s
[15.772s][info][gc,heap,exit   ] Heap
[15.772s][info][gc,heap,exit   ]  garbage-first heap   total 1048576K, used 735311K [0x00000000c0000000, 0x0000000100000000)
[15.772s][info][gc,heap,exit   ]   region size 1024K, 15 young (15360K), 12 survivors (12288K)
[15.772s][info][gc,heap,exit   ]  Metaspace       used 8198K, committed 8384K, reserved 1114112K
[15.772s][info][gc,heap,exit   ]   class space    used 733K, committed 832K, reserved 1048576K

[2024-09-05T13:01:39.067917826Z] Waiting for completion for process 46148
[2024-09-05T13:01:39.067989609Z] Waiting for completion finished for process 46148
----------System.err:(1/15)----------
STATUS:Passed.
----------rerun:(44/2938)*----------
cd /home/yachen/code/java/TencentKona-17/JTwork/scratch && \\
DBUS_SESSION_BUS_ADDRESS=unix:path=/run/user/1000/bus \\
DESKTOP_SESSION=ubuntu \\
DISPLAY=:1 \\
GDMSESSION=ubuntu \\
GNOME_DESKTOP_SESSION_ID=this-is-deprecated \\
GNOME_SHELL_SESSION_MODE=ubuntu \\
HOME=/home/yachen \\
LANG=zh_CN.UTF-8 \\
PATH=/bin:/usr/bin:/usr/sbin \\
XDG_CONFIG_DIRS=/etc/xdg/xdg-ubuntu:/etc/xdg \\
XDG_CURRENT_DESKTOP=Unity \\
XDG_DATA_DIRS=/usr/share/ubuntu:/usr/share/gnome:/usr/local/share/:/usr/share/:/var/lib/snapd/desktop \\
XDG_MENU_PREFIX=gnome- \\
XDG_RUNTIME_DIR=/run/user/1000 \\
XDG_SESSION_CLASS=user \\
XDG_SESSION_DESKTOP=ubuntu \\
XDG_SESSION_TYPE=x11 \\
XMODIFIERS=@im=fcitx \\
CLASSPATH=/home/yachen/code/java/TencentKona-17/JTwork/classes/gc/g1/TestLRUCache.d:/home/yachen/code/java/TencentKona-17/test/hotspot/jtreg/gc/g1:/home/yachen/code/java/TencentKona-17/JTwork/classes/test/lib:/home/yachen/code/java/TencentKona-17/test/lib:/home/yachen/code/java/TencentKona-17/JTwork/classes:/home/yachen/code/java/TencentKona-17/test/hotspot/jtreg:/home/yachen/software/jtreg/lib/javatest.jar:/home/yachen/software/jtreg/lib/jtreg.jar \\
    /home/yachen/code/java/TencentKona-17/build/linux-x86_64-server-release/jdk/bin/java \\
        -Dtest.vm.opts= \\
        -Dtest.tool.vm.opts= \\
        -Dtest.compiler.opts= \\
        -Dtest.java.opts= \\
        -Dtest.jdk=/home/yachen/code/java/TencentKona-17/build/linux-x86_64-server-release/jdk \\
        -Dcompile.jdk=/home/yachen/code/java/TencentKona-17/build/linux-x86_64-server-release/jdk \\
        -Dtest.timeout.factor=1.0 \\
        -Dtest.root=/home/yachen/code/java/TencentKona-17/test/hotspot/jtreg \\
        -Dtest.name=gc/g1/TestLRUCache.java \\
        -Dtest.file=/home/yachen/code/java/TencentKona-17/test/hotspot/jtreg/gc/g1/TestLRUCache.java \\
        -Dtest.src=/home/yachen/code/java/TencentKona-17/test/hotspot/jtreg/gc/g1 \\
        -Dtest.src.path=/home/yachen/code/java/TencentKona-17/test/hotspot/jtreg/gc/g1:/home/yachen/code/java/TencentKona-17/test/lib:/home/yachen/code/java/TencentKona-17/test/hotspot/jtreg \\
        -Dtest.classes=/home/yachen/code/java/TencentKona-17/JTwork/classes/gc/g1/TestLRUCache.d \\
        -Dtest.class.path=/home/yachen/code/java/TencentKona-17/JTwork/classes/gc/g1/TestLRUCache.d:/home/yachen/code/java/TencentKona-17/JTwork/classes/test/lib:/home/yachen/code/java/TencentKona-17/JTwork/classes \\
        -Dtest.modules='java.base/jdk.internal.misc java.management/sun.management' \\
        --add-modules java.base,java.management \\
        --add-exports java.base/jdk.internal.misc=ALL-UNNAMED \\
        --add-exports java.management/sun.management=ALL-UNNAMED \\
        -Xbootclasspath/a:. \\
        -XX:+UseG1GC \\
        -XX:+UnlockDiagnosticVMOptions \\
        -XX:+WhiteBoxAPI \\
        com.sun.javatest.regtest.agent.MainWrapper /home/yachen/code/java/TencentKona-17/JTwork/gc/g1/TestLRUCache.d/main.1.jta
result: Passed. Execution successful


test result: Passed. Execution successful
